2025-10-08 05:55:30,822 - root - INFO - ********** Run 1 starts. **********
2025-10-08 05:55:30,822 - root - INFO - configuration is Namespace(dataset_name='Flights', batch_size=200, model_name='GraphMixer', gpu=0, num_neighbors=20, sample_neighbor_strategy='recent', time_scaling_factor=1e-06, num_walk_heads=8, num_heads=2, num_layers=2, walk_length=1, time_gap=2000, time_feat_dim=100, position_feat_dim=172, time_window_mode='fixed_proportion', time_encoder_type='mercer', expert_dim=128, num_mixtures=16, sort_neighbors_by_time=False, patch_size=1, channel_embedding_dim=50, max_input_sequence_length=32, learning_rate=0.0001, dropout=0.2, gamma=0.5, num_epochs=2, optimizer='Adam', weight_decay=0.0, patience=20, val_ratio=0.15, test_ratio=0.15, num_runs=2, test_interval_epochs=100, negative_sample_strategy='random', max_interaction_times=10, load_best_configs=True, data_ratio=0.05, seed=0, save_model_name_suffix='', ablation_dir='', mamba_d_state=256, mamba_d_conv=4, mamba_expand=2, mamba_headdim=64, resume_from_checkpoint=None, save_checkpoints=True, checkpoint_interval=5, start_from_seed=0, max_checkpoints_to_keep=3, checkpoint_strategy='minimal', validate_checkpoints=True, device='cuda:0', save_model_name='GraphMixer_mercer_seed0')
2025-10-08 05:55:30,826 - root - INFO - Metrics will be saved to: ./saved_metrics/GraphMixer/Flights/GraphMixer_mercer_seed0
2025-10-08 05:55:30,827 - root - INFO - time encoder type: mercer
2025-10-08 05:55:30,827 - root - INFO - Time encoder will be injected into GraphMixer model
2025-10-08 05:55:31,648 - root - INFO - model -> Sequential(
  (0): GraphMixer(
    (time_encoder): TimeEncoderWrapper(
      (encoder): MercerTimeEncoder()
    )
    (projection_layer): Linear(in_features=272, out_features=172, bias=True)
    (mlp_mixers): ModuleList(
      (0-1): 2 x MLPMixer(
        (token_norm): LayerNorm((20,), eps=1e-05, elementwise_affine=True)
        (token_feedforward): FeedForwardNet(
          (ffn): Sequential(
            (0): Linear(in_features=20, out_features=10, bias=True)
            (1): GELU(approximate='none')
            (2): Dropout(p=0.2, inplace=False)
            (3): Linear(in_features=10, out_features=20, bias=True)
            (4): Dropout(p=0.2, inplace=False)
          )
        )
        (channel_norm): LayerNorm((172,), eps=1e-05, elementwise_affine=True)
        (channel_feedforward): FeedForwardNet(
          (ffn): Sequential(
            (0): Linear(in_features=172, out_features=688, bias=True)
            (1): GELU(approximate='none')
            (2): Dropout(p=0.2, inplace=False)
            (3): Linear(in_features=688, out_features=172, bias=True)
            (4): Dropout(p=0.2, inplace=False)
          )
        )
      )
    )
    (output_layer): Linear(in_features=344, out_features=172, bias=True)
  )
  (1): MergeLayer(
    (fc1): Linear(in_features=344, out_features=172, bias=True)
    (fc2): Linear(in_features=172, out_features=1, bias=True)
    (act): ReLU()
  )
)
2025-10-08 05:55:31,649 - root - INFO - model name: GraphMixer, #parameters: 2577204 B, 2516.80078125 KB, 2.457813262939453 MB.
2025-10-08 05:55:49,841 - root - INFO - Epoch: 1, learning rate: 0.0001, train loss: 0.5529
2025-10-08 05:55:49,841 - root - INFO - train average_precision, 0.7283
2025-10-08 05:55:49,842 - root - INFO - train roc_auc, 0.7285
2025-10-08 05:55:49,842 - root - INFO - validate loss: 0.4813
2025-10-08 05:55:49,842 - root - INFO - validate average_precision, 0.8652
2025-10-08 05:55:49,842 - root - INFO - validate roc_auc, 0.8721
2025-10-08 05:55:49,842 - root - INFO - new node validate loss: 0.8274
2025-10-08 05:55:49,842 - root - INFO - new node validate average_precision, 0.6995
2025-10-08 05:55:49,842 - root - INFO - new node validate roc_auc, 0.7212
2025-10-08 05:55:49,851 - root - INFO - save model ./saved_models/GraphMixer/Flights/GraphMixer_mercer_seed0/GraphMixer_mercer_seed0.pkl
2025-10-08 05:56:05,536 - root - INFO - Epoch: 2, learning rate: 0.0001, train loss: 0.5367
2025-10-08 05:56:05,536 - root - INFO - train average_precision, 0.7337
2025-10-08 05:56:05,537 - root - INFO - train roc_auc, 0.7353
2025-10-08 05:56:05,537 - root - INFO - validate loss: 0.4688
2025-10-08 05:56:05,537 - root - INFO - validate average_precision, 0.8645
2025-10-08 05:56:05,537 - root - INFO - validate roc_auc, 0.8725
2025-10-08 05:56:05,537 - root - INFO - new node validate loss: 0.7911
2025-10-08 05:56:05,537 - root - INFO - new node validate average_precision, 0.7105
2025-10-08 05:56:05,537 - root - INFO - new node validate roc_auc, 0.7250
2025-10-08 05:56:05,543 - root - INFO - load model ./saved_models/GraphMixer/Flights/GraphMixer_mercer_seed0/GraphMixer_mercer_seed0.pkl
2025-10-08 05:56:05,564 - root - INFO - get final performance on dataset Flights...
2025-10-08 05:56:11,736 - root - INFO - validate loss: 0.4813
2025-10-08 05:56:11,736 - root - INFO - validate average_precision, 0.8652
2025-10-08 05:56:11,736 - root - INFO - validate roc_auc, 0.8721
2025-10-08 05:56:11,736 - root - INFO - new node validate loss: 0.8274
2025-10-08 05:56:11,736 - root - INFO - new node validate average_precision, 0.6995
2025-10-08 05:56:11,736 - root - INFO - new node validate roc_auc, 0.7212
2025-10-08 05:56:11,736 - root - INFO - test loss: 0.5264
2025-10-08 05:56:11,736 - root - INFO - test average_precision, 0.8298
2025-10-08 05:56:11,736 - root - INFO - test roc_auc, 0.8403
2025-10-08 05:56:11,736 - root - INFO - new node test loss: 0.9897
2025-10-08 05:56:11,736 - root - INFO - new node test average_precision, 0.6162
2025-10-08 05:56:11,737 - root - INFO - new node test roc_auc, 0.6120
2025-10-08 05:56:11,746 - root - INFO - ✅ Metrics saved to: ./saved_metrics/GraphMixer/Flights/GraphMixer_mercer_seed0
2025-10-08 05:56:11,746 - root - INFO - Run 1 cost 40.92 seconds.
