2025-10-08 06:30:35,364 - root - INFO - ********** Run 2 starts. **********
2025-10-08 06:30:35,364 - root - INFO - configuration is Namespace(dataset_name='UNvote', batch_size=200, model_name='DyGFormer', gpu=0, num_neighbors=20, sample_neighbor_strategy='uniform', time_scaling_factor=1e-06, num_walk_heads=8, num_heads=2, num_layers=2, walk_length=1, time_gap=2000, time_feat_dim=100, position_feat_dim=172, time_window_mode='fixed_proportion', time_encoder_type='mercer', expert_dim=128, num_mixtures=16, sort_neighbors_by_time=False, patch_size=4, channel_embedding_dim=50, max_input_sequence_length=128, learning_rate=0.0001, dropout=0.2, gamma=0.5, num_epochs=2, optimizer='Adam', weight_decay=0.0, patience=20, val_ratio=0.15, test_ratio=0.15, num_runs=2, test_interval_epochs=100, negative_sample_strategy='random', max_interaction_times=10, load_best_configs=True, data_ratio=0.05, seed=1, save_model_name_suffix='', ablation_dir='', mamba_d_state=256, mamba_d_conv=4, mamba_expand=2, mamba_headdim=64, resume_from_checkpoint=None, save_checkpoints=True, checkpoint_interval=20, start_from_seed=0, max_checkpoints_to_keep=3, checkpoint_strategy='minimal', validate_checkpoints=True, device='cuda:0', save_model_name='DyGFormer_mercer_seed1')
2025-10-08 06:30:35,367 - root - INFO - Metrics will be saved to: ./saved_metrics/DyGFormer/UNvote/DyGFormer_mercer_seed1
2025-10-08 06:30:35,367 - root - INFO - time encoder type: mercer
2025-10-08 06:30:35,367 - root - INFO - Time encoder will be injected into DyGFormer model
2025-10-08 06:30:35,731 - root - INFO - model -> Sequential(
  (0): DyGFormer(
    (time_encoder): TimeEncoderWrapper(
      (encoder): MercerTimeEncoder()
    )
    (neighbor_co_occurrence_encoder): NeighborCooccurrenceEncoder(
      (neighbor_co_occurrence_encode_layer): Sequential(
        (0): Linear(in_features=1, out_features=50, bias=True)
        (1): ReLU()
        (2): Linear(in_features=50, out_features=50, bias=True)
      )
    )
    (projection_layer): ModuleDict(
      (node): Linear(in_features=688, out_features=50, bias=True)
      (edge): Linear(in_features=688, out_features=50, bias=True)
      (time): Linear(in_features=400, out_features=50, bias=True)
      (neighbor_co_occurrence): Linear(in_features=200, out_features=50, bias=True)
    )
    (transformers): ModuleList(
      (0-1): 2 x TransformerEncoder(
        (multi_head_attention): MultiheadAttention(
          (out_proj): NonDynamicallyQuantizableLinear(in_features=200, out_features=200, bias=True)
        )
        (dropout): Dropout(p=0.2, inplace=False)
        (linear_layers): ModuleList(
          (0): Linear(in_features=200, out_features=800, bias=True)
          (1): Linear(in_features=800, out_features=200, bias=True)
        )
        (norm_layers): ModuleList(
          (0-1): 2 x LayerNorm((200,), eps=1e-05, elementwise_affine=True)
        )
      )
    )
    (output_layer): Linear(in_features=200, out_features=172, bias=True)
  )
  (1): MergeLayer(
    (fc1): Linear(in_features=344, out_features=172, bias=True)
    (fc2): Linear(in_features=172, out_features=1, bias=True)
    (act): ReLU()
  )
)
2025-10-08 06:30:35,731 - root - INFO - model name: DyGFormer, #parameters: 4650940 B, 4541.93359375 KB, 4.435482025146484 MB.
2025-10-08 06:31:12,290 - root - INFO - Epoch: 1, learning rate: 0.0001, train loss: 0.6743
2025-10-08 06:31:12,291 - root - INFO - train average_precision, 0.5447
2025-10-08 06:31:12,291 - root - INFO - train roc_auc, 0.5670
2025-10-08 06:31:12,291 - root - INFO - validate loss: 0.6935
2025-10-08 06:31:12,291 - root - INFO - validate average_precision, 0.5211
2025-10-08 06:31:12,291 - root - INFO - validate roc_auc, 0.5200
2025-10-08 06:31:12,291 - root - INFO - new node validate loss: 0.6956
2025-10-08 06:31:12,291 - root - INFO - new node validate average_precision, 0.4826
2025-10-08 06:31:12,291 - root - INFO - new node validate roc_auc, 0.4742
2025-10-08 06:31:12,302 - root - INFO - save model ./saved_models/DyGFormer/UNvote/DyGFormer_mercer_seed1/DyGFormer_mercer_seed1.pkl
2025-10-08 06:31:48,811 - root - INFO - Epoch: 2, learning rate: 0.0001, train loss: 0.6713
2025-10-08 06:31:48,812 - root - INFO - train average_precision, 0.5539
2025-10-08 06:31:48,812 - root - INFO - train roc_auc, 0.5758
2025-10-08 06:31:48,812 - root - INFO - validate loss: 0.6931
2025-10-08 06:31:48,812 - root - INFO - validate average_precision, 0.5242
2025-10-08 06:31:48,813 - root - INFO - validate roc_auc, 0.5201
2025-10-08 06:31:48,813 - root - INFO - new node validate loss: 0.6972
2025-10-08 06:31:48,813 - root - INFO - new node validate average_precision, 0.5079
2025-10-08 06:31:48,813 - root - INFO - new node validate roc_auc, 0.4391
2025-10-08 06:31:48,820 - root - INFO - save model ./saved_models/DyGFormer/UNvote/DyGFormer_mercer_seed1/DyGFormer_mercer_seed1.pkl
2025-10-08 06:31:48,866 - root - INFO - load model ./saved_models/DyGFormer/UNvote/DyGFormer_mercer_seed1/DyGFormer_mercer_seed1.pkl
2025-10-08 06:31:48,879 - root - INFO - get final performance on dataset UNvote...
2025-10-08 06:32:00,897 - root - INFO - validate loss: 0.6931
2025-10-08 06:32:00,897 - root - INFO - validate average_precision, 0.5242
2025-10-08 06:32:00,898 - root - INFO - validate roc_auc, 0.5201
2025-10-08 06:32:00,898 - root - INFO - new node validate loss: 0.6972
2025-10-08 06:32:00,898 - root - INFO - new node validate average_precision, 0.5079
2025-10-08 06:32:00,898 - root - INFO - new node validate roc_auc, 0.4391
2025-10-08 06:32:00,898 - root - INFO - test loss: 0.6940
2025-10-08 06:32:00,898 - root - INFO - test average_precision, 0.5009
2025-10-08 06:32:00,898 - root - INFO - test roc_auc, 0.5082
2025-10-08 06:32:00,898 - root - INFO - new node test loss: 0.6935
2025-10-08 06:32:00,898 - root - INFO - new node test average_precision, 0.5522
2025-10-08 06:32:00,898 - root - INFO - new node test roc_auc, 0.5549
2025-10-08 06:32:00,907 - root - INFO - ✅ Metrics saved to: ./saved_metrics/DyGFormer/UNvote/DyGFormer_mercer_seed1
2025-10-08 06:32:00,907 - root - INFO - Run 2 cost 85.54 seconds.
2025-10-08 06:32:00,911 - root - INFO - metrics over 2 runs:
2025-10-08 06:32:00,912 - root - INFO - validate average_precision, [np.float64(0.5277567170090718), np.float64(0.5241837795292124)]
2025-10-08 06:32:00,912 - root - INFO - average validate average_precision, 0.5260 ± 0.0025
2025-10-08 06:32:00,912 - root - INFO - validate roc_auc, [np.float64(0.5280164564109957), np.float64(0.5200737925317185)]
2025-10-08 06:32:00,912 - root - INFO - average validate roc_auc, 0.5240 ± 0.0056
2025-10-08 06:32:00,912 - root - INFO - new node validate average_precision, [np.float64(0.5277135273013208), np.float64(0.5079195439336384)]
2025-10-08 06:32:00,912 - root - INFO - average new node validate average_precision, 0.5178 ± 0.0140
2025-10-08 06:32:00,912 - root - INFO - new node validate roc_auc, [np.float64(0.5001469021928298), np.float64(0.43911934824225546)]
2025-10-08 06:32:00,912 - root - INFO - average new node validate roc_auc, 0.4696 ± 0.0432
2025-10-08 06:32:00,912 - root - INFO - test average_precision, [np.float64(0.5044295342774263), np.float64(0.5008926369030402)]
2025-10-08 06:32:00,912 - root - INFO - average test average_precision, 0.5027 ± 0.0025
2025-10-08 06:32:00,913 - root - INFO - test roc_auc, [np.float64(0.5103091787439614), np.float64(0.5082465826185547)]
2025-10-08 06:32:00,913 - root - INFO - average test roc_auc, 0.5093 ± 0.0015
2025-10-08 06:32:00,913 - root - INFO - new node test average_precision, [np.float64(0.5748463736582515), np.float64(0.5521840587965076)]
2025-10-08 06:32:00,913 - root - INFO - average new node test average_precision, 0.5635 ± 0.0160
2025-10-08 06:32:00,913 - root - INFO - new node test roc_auc, [np.float64(0.5716327789256198), np.float64(0.5549055655991735)]
2025-10-08 06:32:00,913 - root - INFO - average new node test roc_auc, 0.5633 ± 0.0118
