2025-10-08 09:27:44,652 - root - INFO - ********** Run 2 starts. **********
2025-10-08 09:27:44,652 - root - INFO - configuration is Namespace(dataset_name='UNvote', batch_size=200, model_name='DyGMamba', gpu=0, num_neighbors=20, sample_neighbor_strategy='uniform', time_scaling_factor=1e-06, num_walk_heads=8, num_heads=2, num_layers=2, walk_length=1, time_gap=2000, time_feat_dim=100, position_feat_dim=172, time_window_mode='fixed_proportion', time_encoder_type='bochner', expert_dim=128, num_mixtures=16, sort_neighbors_by_time=False, patch_size=4, channel_embedding_dim=50, max_input_sequence_length=128, learning_rate=0.0001, dropout=0.2, gamma=0.5, num_epochs=2, optimizer='Adam', weight_decay=0.0, patience=20, val_ratio=0.15, test_ratio=0.15, num_runs=2, test_interval_epochs=100, negative_sample_strategy='random', max_interaction_times=10, load_best_configs=True, data_ratio=0.05, seed=1, save_model_name_suffix='', ablation_dir='', mamba_d_state=256, mamba_d_conv=4, mamba_expand=2, mamba_headdim=64, resume_from_checkpoint=None, save_checkpoints=True, checkpoint_interval=20, start_from_seed=0, max_checkpoints_to_keep=3, checkpoint_strategy='minimal', validate_checkpoints=True, device='cuda:0', save_model_name='DyGMamba_bochner_seed1')
2025-10-08 09:27:44,653 - root - INFO - Metrics will be saved to: ./saved_metrics/DyGMamba/UNvote/DyGMamba_bochner_seed1
2025-10-08 09:27:44,654 - root - INFO - time encoder type: bochner
2025-10-08 09:27:44,654 - root - INFO - Time encoder will be injected into DyGMamba model
2025-10-08 09:27:44,980 - root - INFO - model -> Sequential(
  (0): DyGMamba(
    (time_encoder): TimeEncoderWrapper(
      (encoder): BochnerTimeEncoder()
    )
    (neighbor_co_occurrence_encoder): NIFEncoder(
      (nif_encode_layer): Sequential(
        (0): Linear(in_features=1, out_features=50, bias=True)
        (1): ReLU()
        (2): Linear(in_features=50, out_features=50, bias=True)
      )
    )
    (projection_layer): ModuleDict(
      (node): Linear(in_features=688, out_features=50, bias=True)
      (edge): Linear(in_features=688, out_features=50, bias=True)
      (time): Linear(in_features=400, out_features=50, bias=True)
      (neighbor_co_occurrence): Linear(in_features=200, out_features=50, bias=True)
    )
    (output_layer): Linear(in_features=100, out_features=172, bias=True)
    (output_layer_t_diff): Linear(in_features=25, out_features=172, bias=True)
    (mamba): ModuleList(
      (0-1): 2 x Mamba(
        (in_proj): Linear(in_features=100, out_features=200, bias=False)
        (conv1d): Conv1d(100, 100, kernel_size=(4,), stride=(1,), padding=(3,), groups=100)
        (act): SiLU()
        (x_proj): Linear(in_features=100, out_features=39, bias=False)
        (dt_proj): Linear(in_features=7, out_features=100, bias=True)
        (out_proj): Linear(in_features=100, out_features=100, bias=False)
      )
    )
    (mamba_t_diff): ModuleList(
      (0-1): 2 x Mamba(
        (in_proj): Linear(in_features=25, out_features=50, bias=False)
        (conv1d): Conv1d(25, 25, kernel_size=(4,), stride=(1,), padding=(3,), groups=25)
        (act): SiLU()
        (x_proj): Linear(in_features=25, out_features=34, bias=False)
        (dt_proj): Linear(in_features=2, out_features=25, bias=True)
        (out_proj): Linear(in_features=25, out_features=25, bias=False)
      )
    )
    (projection_layer_t_diff): Linear(in_features=100, out_features=25, bias=True)
    (projection_layer_t_diff_up): Linear(in_features=25, out_features=100, bias=True)
    (weightagg): Linear(in_features=100, out_features=1, bias=True)
    (reduce_layer): Linear(in_features=200, out_features=100, bias=True)
    (channel_norm): LayerNorm((100,), eps=1e-05, elementwise_affine=True)
    (channel_feedforward): FeedForwardNet(
      (ffn): Sequential(
        (0): Linear(in_features=100, out_features=400, bias=True)
        (1): GELU(approximate='none')
        (2): Dropout(p=0.2, inplace=False)
        (3): Linear(in_features=400, out_features=100, bias=True)
        (4): Dropout(p=0.2, inplace=False)
      )
    )
    (neighbor_selection_layer): Linear(in_features=100, out_features=100, bias=True)
  )
  (1): MergeLayerTD(
    (fc1): Linear(in_features=516, out_features=172, bias=True)
    (fc2): Linear(in_features=172, out_features=1, bias=True)
    (act): ReLU()
  )
)
2025-10-08 09:27:44,981 - root - INFO - model name: DyGMamba, #parameters: 1637268 B, 1598.89453125 KB, 1.5614204406738281 MB.
2025-10-08 09:28:28,052 - root - INFO - Epoch: 1, learning rate: 0.0001, train loss: 0.6627
2025-10-08 09:28:28,053 - root - INFO - train average_precision, 0.5400
2025-10-08 09:28:28,053 - root - INFO - train roc_auc, 0.5600
2025-10-08 09:28:28,053 - root - INFO - validate loss: 0.6939
2025-10-08 09:28:28,053 - root - INFO - validate average_precision, 0.4995
2025-10-08 09:28:28,053 - root - INFO - validate roc_auc, 0.4922
2025-10-08 09:28:28,053 - root - INFO - new node validate loss: 0.6999
2025-10-08 09:28:28,053 - root - INFO - new node validate average_precision, 0.4067
2025-10-08 09:28:28,053 - root - INFO - new node validate roc_auc, 0.3386
2025-10-08 09:28:28,063 - root - INFO - save model ./saved_models/DyGMamba/UNvote/DyGMamba_bochner_seed1/DyGMamba_bochner_seed1.pkl
2025-10-08 09:29:11,349 - root - INFO - Epoch: 2, learning rate: 0.0001, train loss: 0.6859
2025-10-08 09:29:11,350 - root - INFO - train average_precision, 0.5411
2025-10-08 09:29:11,350 - root - INFO - train roc_auc, 0.5584
2025-10-08 09:29:11,350 - root - INFO - validate loss: 0.6935
2025-10-08 09:29:11,350 - root - INFO - validate average_precision, 0.5106
2025-10-08 09:29:11,350 - root - INFO - validate roc_auc, 0.5031
2025-10-08 09:29:11,350 - root - INFO - new node validate loss: 0.6962
2025-10-08 09:29:11,350 - root - INFO - new node validate average_precision, 0.4917
2025-10-08 09:29:11,350 - root - INFO - new node validate roc_auc, 0.4201
2025-10-08 09:29:11,357 - root - INFO - save model ./saved_models/DyGMamba/UNvote/DyGMamba_bochner_seed1/DyGMamba_bochner_seed1.pkl
2025-10-08 09:29:11,381 - root - INFO - load model ./saved_models/DyGMamba/UNvote/DyGMamba_bochner_seed1/DyGMamba_bochner_seed1.pkl
2025-10-08 09:29:11,399 - root - INFO - get final performance on dataset UNvote...
2025-10-08 09:29:25,670 - root - INFO - validate loss: 0.6935
2025-10-08 09:29:25,671 - root - INFO - validate average_precision, 0.5106
2025-10-08 09:29:25,671 - root - INFO - validate roc_auc, 0.5031
2025-10-08 09:29:25,671 - root - INFO - new node validate loss: 0.6962
2025-10-08 09:29:25,671 - root - INFO - new node validate average_precision, 0.4917
2025-10-08 09:29:25,671 - root - INFO - new node validate roc_auc, 0.4201
2025-10-08 09:29:25,671 - root - INFO - test loss: 0.6931
2025-10-08 09:29:25,671 - root - INFO - test average_precision, 0.5113
2025-10-08 09:29:25,671 - root - INFO - test roc_auc, 0.5124
2025-10-08 09:29:25,671 - root - INFO - new node test loss: 0.6938
2025-10-08 09:29:25,671 - root - INFO - new node test average_precision, 0.4556
2025-10-08 09:29:25,671 - root - INFO - new node test roc_auc, 0.3793
2025-10-08 09:29:25,680 - root - INFO - ✅ Metrics saved to: ./saved_metrics/DyGMamba/UNvote/DyGMamba_bochner_seed1
2025-10-08 09:29:25,680 - root - INFO - Run 2 cost 101.03 seconds.
2025-10-08 09:29:25,684 - root - INFO - metrics over 2 runs:
2025-10-08 09:29:25,685 - root - INFO - validate average_precision, [np.float64(0.5024434035799943), np.float64(0.5105849692128164)]
2025-10-08 09:29:25,685 - root - INFO - average validate average_precision, 0.5065 ± 0.0058
2025-10-08 09:29:25,685 - root - INFO - validate roc_auc, [np.float64(0.5032843653883122), np.float64(0.5031219158496731)]
2025-10-08 09:29:25,685 - root - INFO - average validate roc_auc, 0.5032 ± 0.0001
2025-10-08 09:29:25,685 - root - INFO - new node validate average_precision, [np.float64(0.42964584776107706), np.float64(0.4916830846550152)]
2025-10-08 09:29:25,685 - root - INFO - average new node validate average_precision, 0.4607 ± 0.0439
2025-10-08 09:29:25,685 - root - INFO - new node validate roc_auc, [np.float64(0.39590146623738254), np.float64(0.4200605247128437)]
2025-10-08 09:29:25,685 - root - INFO - average new node validate roc_auc, 0.4080 ± 0.0171
2025-10-08 09:29:25,685 - root - INFO - test average_precision, [np.float64(0.5092831916314717), np.float64(0.5112917341398044)]
2025-10-08 09:29:25,685 - root - INFO - average test average_precision, 0.5103 ± 0.0014
2025-10-08 09:29:25,686 - root - INFO - test roc_auc, [np.float64(0.5113601264418811), np.float64(0.5124306011535048)]
2025-10-08 09:29:25,686 - root - INFO - average test roc_auc, 0.5119 ± 0.0008
2025-10-08 09:29:25,686 - root - INFO - new node test average_precision, [np.float64(0.4566777890929288), np.float64(0.4556043929067107)]
2025-10-08 09:29:25,686 - root - INFO - average new node test average_precision, 0.4561 ± 0.0008
2025-10-08 09:29:25,686 - root - INFO - new node test roc_auc, [np.float64(0.3814141709710744), np.float64(0.3792637680785124)]
2025-10-08 09:29:25,686 - root - INFO - average new node test roc_auc, 0.3803 ± 0.0015
