2025-10-01 05:31:20,252 - root - INFO - ********** Run 4 starts. **********
2025-10-01 05:31:20,252 - root - INFO - configuration is Namespace(dataset_name='enron', batch_size=200, model_name='TGAT', gpu=0, num_neighbors=20, sample_neighbor_strategy='recent', time_scaling_factor=1e-06, num_walk_heads=8, num_heads=2, num_layers=2, walk_length=1, time_gap=2000, time_feat_dim=128, position_feat_dim=172, time_window_mode='fixed_proportion', time_encoder_type='original', expert_dim=64, num_mixtures=4, patch_size=1, channel_embedding_dim=50, max_input_sequence_length=32, learning_rate=0.0001, dropout=0.2, gamma=0.5, num_epochs=100, optimizer='Adam', weight_decay=0.0, patience=20, val_ratio=0.15, test_ratio=0.15, num_runs=5, test_interval_epochs=1, negative_sample_strategy='random', max_interaction_times=10, load_best_configs=True, device='cuda:0', seed=3, save_model_name='TGAT_seed3')
2025-10-01 05:31:20,253 - root - INFO - time encoder type: original
2025-10-01 05:31:20,302 - root - INFO - model -> Sequential(
  (0): TGAT(
    (time_encoder): TimeEncoderWrapper(
      (encoder): TimeEncoder(
        (w): Linear(in_features=1, out_features=128, bias=True)
      )
    )
    (temporal_conv_layers): ModuleList(
      (0-1): 2 x MultiHeadAttention(
        (query_projection): Linear(in_features=300, out_features=300, bias=False)
        (key_projection): Linear(in_features=472, out_features=300, bias=False)
        (value_projection): Linear(in_features=472, out_features=300, bias=False)
        (layer_norm): LayerNorm((300,), eps=1e-05, elementwise_affine=True)
        (residual_fc): Linear(in_features=300, out_features=300, bias=True)
        (dropout): Dropout(p=0.2, inplace=False)
      )
    )
    (merge_layers): ModuleList(
      (0-1): 2 x MergeLayer(
        (fc1): Linear(in_features=472, out_features=172, bias=True)
        (fc2): Linear(in_features=172, out_features=172, bias=True)
        (act): ReLU()
      )
    )
  )
  (1): MergeLayer(
    (fc1): Linear(in_features=344, out_features=172, bias=True)
    (fc2): Linear(in_features=172, out_features=1, bias=True)
    (act): ReLU()
  )
)
2025-10-01 05:31:20,302 - root - INFO - model name: TGAT, #parameters: 4840772 B, 4727.31640625 KB, 4.616519927978516 MB.
2025-10-01 05:32:27,003 - root - INFO - Epoch: 1, learning rate: 0.0001, train loss: 0.6088
2025-10-01 05:32:27,004 - root - INFO - train average_precision, 0.6362
2025-10-01 05:32:27,004 - root - INFO - train roc_auc, 0.6805
2025-10-01 05:32:27,004 - root - INFO - validate loss: 0.6561
2025-10-01 05:32:27,004 - root - INFO - validate average_precision, 0.6317
2025-10-01 05:32:27,004 - root - INFO - validate roc_auc, 0.6424
2025-10-01 05:32:27,004 - root - INFO - new node validate loss: 0.6637
2025-10-01 05:32:27,004 - root - INFO - new node validate average_precision, 0.6160
2025-10-01 05:32:27,004 - root - INFO - new node validate roc_auc, 0.6252
2025-10-01 05:32:39,876 - root - INFO - test loss: 0.6603
2025-10-01 05:32:39,876 - root - INFO - test average_precision, 0.6395
2025-10-01 05:32:39,876 - root - INFO - best test average_precision: 0.6395
2025-10-01 05:32:39,877 - root - INFO - test roc_auc, 0.6442
2025-10-01 05:32:39,877 - root - INFO - new node test loss: 0.6671
2025-10-01 05:32:39,877 - root - INFO - new node test average_precision, 0.6301
2025-10-01 05:32:39,877 - root - INFO - new node test roc_auc, 0.6310
2025-10-01 05:32:39,877 - root - INFO - save model ./saved_models/TGAT/enron/TGAT_seed3/TGAT_seed3.pkl
2025-10-01 05:33:46,576 - root - INFO - Epoch: 2, learning rate: 0.0001, train loss: 0.5729
2025-10-01 05:33:46,577 - root - INFO - train average_precision, 0.7189
2025-10-01 05:33:46,577 - root - INFO - train roc_auc, 0.7466
2025-10-01 05:33:46,577 - root - INFO - validate loss: 0.6552
2025-10-01 05:33:46,577 - root - INFO - validate average_precision, 0.6488
2025-10-01 05:33:46,577 - root - INFO - validate roc_auc, 0.6514
2025-10-01 05:33:46,577 - root - INFO - new node validate loss: 0.6643
2025-10-01 05:33:46,577 - root - INFO - new node validate average_precision, 0.6243
2025-10-01 05:33:46,577 - root - INFO - new node validate roc_auc, 0.6327
2025-10-01 05:33:59,493 - root - INFO - test loss: 0.6609
2025-10-01 05:33:59,493 - root - INFO - test average_precision, 0.6439
2025-10-01 05:33:59,493 - root - INFO - best test average_precision: 0.6439
2025-10-01 05:33:59,493 - root - INFO - test roc_auc, 0.6380
2025-10-01 05:33:59,493 - root - INFO - new node test loss: 0.6757
2025-10-01 05:33:59,493 - root - INFO - new node test average_precision, 0.6024
2025-10-01 05:33:59,493 - root - INFO - new node test roc_auc, 0.6091
2025-10-01 05:33:59,493 - root - INFO - save model ./saved_models/TGAT/enron/TGAT_seed3/TGAT_seed3.pkl
2025-10-01 05:35:05,974 - root - INFO - Epoch: 3, learning rate: 0.0001, train loss: 0.5696
2025-10-01 05:35:05,975 - root - INFO - train average_precision, 0.7280
2025-10-01 05:35:05,975 - root - INFO - train roc_auc, 0.7494
2025-10-01 05:35:05,975 - root - INFO - validate loss: 0.6520
2025-10-01 05:35:05,975 - root - INFO - validate average_precision, 0.6532
2025-10-01 05:35:05,975 - root - INFO - validate roc_auc, 0.6492
2025-10-01 05:35:05,975 - root - INFO - new node validate loss: 0.6615
2025-10-01 05:35:05,975 - root - INFO - new node validate average_precision, 0.6311
2025-10-01 05:35:05,975 - root - INFO - new node validate roc_auc, 0.6353
2025-10-01 05:35:18,907 - root - INFO - test loss: 0.6562
2025-10-01 05:35:18,907 - root - INFO - test average_precision, 0.6516
2025-10-01 05:35:18,907 - root - INFO - best test average_precision: 0.6516
2025-10-01 05:35:18,907 - root - INFO - test roc_auc, 0.6537
2025-10-01 05:35:18,907 - root - INFO - new node test loss: 0.6713
2025-10-01 05:35:18,908 - root - INFO - new node test average_precision, 0.6253
2025-10-01 05:35:18,908 - root - INFO - new node test roc_auc, 0.6254
2025-10-01 05:36:26,082 - root - INFO - Epoch: 4, learning rate: 0.0001, train loss: 0.5655
2025-10-01 05:36:26,083 - root - INFO - train average_precision, 0.7311
2025-10-01 05:36:26,083 - root - INFO - train roc_auc, 0.7541
2025-10-01 05:36:26,083 - root - INFO - validate loss: 0.6484
2025-10-01 05:36:26,083 - root - INFO - validate average_precision, 0.6487
2025-10-01 05:36:26,083 - root - INFO - validate roc_auc, 0.6605
2025-10-01 05:36:26,083 - root - INFO - new node validate loss: 0.6664
2025-10-01 05:36:26,083 - root - INFO - new node validate average_precision, 0.6198
2025-10-01 05:36:26,083 - root - INFO - new node validate roc_auc, 0.6329
2025-10-01 05:36:39,011 - root - INFO - test loss: 0.6546
2025-10-01 05:36:39,011 - root - INFO - test average_precision, 0.6526
2025-10-01 05:36:39,011 - root - INFO - best test average_precision: 0.6526
2025-10-01 05:36:39,012 - root - INFO - test roc_auc, 0.6536
2025-10-01 05:36:39,012 - root - INFO - new node test loss: 0.6733
2025-10-01 05:36:39,012 - root - INFO - new node test average_precision, 0.6178
2025-10-01 05:36:39,012 - root - INFO - new node test roc_auc, 0.6130
2025-10-01 05:37:45,969 - root - INFO - Epoch: 5, learning rate: 0.0001, train loss: 0.5655
2025-10-01 05:37:45,969 - root - INFO - train average_precision, 0.7317
2025-10-01 05:37:45,969 - root - INFO - train roc_auc, 0.7516
2025-10-01 05:37:45,970 - root - INFO - validate loss: 0.6538
2025-10-01 05:37:45,970 - root - INFO - validate average_precision, 0.6386
2025-10-01 05:37:45,970 - root - INFO - validate roc_auc, 0.6507
2025-10-01 05:37:45,970 - root - INFO - new node validate loss: 0.6689
2025-10-01 05:37:45,970 - root - INFO - new node validate average_precision, 0.6023
2025-10-01 05:37:45,970 - root - INFO - new node validate roc_auc, 0.6215
2025-10-01 05:37:58,855 - root - INFO - test loss: 0.6575
2025-10-01 05:37:58,855 - root - INFO - test average_precision, 0.6449
2025-10-01 05:37:58,855 - root - INFO - best test average_precision: 0.6526
2025-10-01 05:37:58,855 - root - INFO - test roc_auc, 0.6423
2025-10-01 05:37:58,855 - root - INFO - new node test loss: 0.6641
2025-10-01 05:37:58,855 - root - INFO - new node test average_precision, 0.6371
2025-10-01 05:37:58,855 - root - INFO - new node test roc_auc, 0.6288
2025-10-01 05:39:05,321 - root - INFO - Epoch: 6, learning rate: 0.0001, train loss: 0.5627
2025-10-01 05:39:05,322 - root - INFO - train average_precision, 0.7342
2025-10-01 05:39:05,322 - root - INFO - train roc_auc, 0.7554
2025-10-01 05:39:05,322 - root - INFO - validate loss: 0.6466
2025-10-01 05:39:05,322 - root - INFO - validate average_precision, 0.6564
2025-10-01 05:39:05,322 - root - INFO - validate roc_auc, 0.6647
2025-10-01 05:39:05,322 - root - INFO - new node validate loss: 0.6571
2025-10-01 05:39:05,322 - root - INFO - new node validate average_precision, 0.6444
2025-10-01 05:39:05,322 - root - INFO - new node validate roc_auc, 0.6581
2025-10-01 05:39:18,247 - root - INFO - test loss: 0.6561
2025-10-01 05:39:18,247 - root - INFO - test average_precision, 0.6465
2025-10-01 05:39:18,247 - root - INFO - best test average_precision: 0.6526
2025-10-01 05:39:18,247 - root - INFO - test roc_auc, 0.6468
2025-10-01 05:39:18,247 - root - INFO - new node test loss: 0.6671
2025-10-01 05:39:18,247 - root - INFO - new node test average_precision, 0.6154
2025-10-01 05:39:18,247 - root - INFO - new node test roc_auc, 0.6280
2025-10-01 05:39:18,247 - root - INFO - save model ./saved_models/TGAT/enron/TGAT_seed3/TGAT_seed3.pkl
2025-10-01 05:40:25,078 - root - INFO - Epoch: 7, learning rate: 0.0001, train loss: 0.5618
2025-10-01 05:40:25,079 - root - INFO - train average_precision, 0.7381
2025-10-01 05:40:25,079 - root - INFO - train roc_auc, 0.7581
2025-10-01 05:40:25,079 - root - INFO - validate loss: 0.6588
2025-10-01 05:40:25,079 - root - INFO - validate average_precision, 0.6372
2025-10-01 05:40:25,079 - root - INFO - validate roc_auc, 0.6459
2025-10-01 05:40:25,079 - root - INFO - new node validate loss: 0.6724
2025-10-01 05:40:25,079 - root - INFO - new node validate average_precision, 0.6182
2025-10-01 05:40:25,079 - root - INFO - new node validate roc_auc, 0.6272
2025-10-01 05:40:38,025 - root - INFO - test loss: 0.6472
2025-10-01 05:40:38,025 - root - INFO - test average_precision, 0.6630
2025-10-01 05:40:38,025 - root - INFO - best test average_precision: 0.6630
2025-10-01 05:40:38,026 - root - INFO - test roc_auc, 0.6620
2025-10-01 05:40:38,026 - root - INFO - new node test loss: 0.6720
2025-10-01 05:40:38,026 - root - INFO - new node test average_precision, 0.6360
2025-10-01 05:40:38,026 - root - INFO - new node test roc_auc, 0.6239
2025-10-01 05:41:44,595 - root - INFO - Epoch: 8, learning rate: 0.0001, train loss: 0.5612
2025-10-01 05:41:44,595 - root - INFO - train average_precision, 0.7384
2025-10-01 05:41:44,596 - root - INFO - train roc_auc, 0.7590
2025-10-01 05:41:44,596 - root - INFO - validate loss: 0.6480
2025-10-01 05:41:44,596 - root - INFO - validate average_precision, 0.6581
2025-10-01 05:41:44,596 - root - INFO - validate roc_auc, 0.6601
2025-10-01 05:41:44,596 - root - INFO - new node validate loss: 0.6574
2025-10-01 05:41:44,596 - root - INFO - new node validate average_precision, 0.6360
2025-10-01 05:41:44,596 - root - INFO - new node validate roc_auc, 0.6491
2025-10-01 05:41:57,511 - root - INFO - test loss: 0.6491
2025-10-01 05:41:57,511 - root - INFO - test average_precision, 0.6569
2025-10-01 05:41:57,511 - root - INFO - best test average_precision: 0.6630
2025-10-01 05:41:57,511 - root - INFO - test roc_auc, 0.6487
2025-10-01 05:41:57,511 - root - INFO - new node test loss: 0.6614
2025-10-01 05:41:57,511 - root - INFO - new node test average_precision, 0.6274
2025-10-01 05:41:57,511 - root - INFO - new node test roc_auc, 0.6232
2025-10-01 05:43:04,423 - root - INFO - Epoch: 9, learning rate: 0.0001, train loss: 0.5609
2025-10-01 05:43:04,423 - root - INFO - train average_precision, 0.7402
2025-10-01 05:43:04,424 - root - INFO - train roc_auc, 0.7594
2025-10-01 05:43:04,424 - root - INFO - validate loss: 0.6529
2025-10-01 05:43:04,424 - root - INFO - validate average_precision, 0.6632
2025-10-01 05:43:04,424 - root - INFO - validate roc_auc, 0.6590
2025-10-01 05:43:04,424 - root - INFO - new node validate loss: 0.6563
2025-10-01 05:43:04,424 - root - INFO - new node validate average_precision, 0.6491
2025-10-01 05:43:04,424 - root - INFO - new node validate roc_auc, 0.6502
2025-10-01 05:43:17,339 - root - INFO - test loss: 0.6648
2025-10-01 05:43:17,339 - root - INFO - test average_precision, 0.6532
2025-10-01 05:43:17,339 - root - INFO - best test average_precision: 0.6630
2025-10-01 05:43:17,339 - root - INFO - test roc_auc, 0.6378
2025-10-01 05:43:17,339 - root - INFO - new node test loss: 0.6786
2025-10-01 05:43:17,339 - root - INFO - new node test average_precision, 0.6173
2025-10-01 05:43:17,340 - root - INFO - new node test roc_auc, 0.6065
2025-10-01 05:44:24,821 - root - INFO - Epoch: 10, learning rate: 0.0001, train loss: 0.5621
2025-10-01 05:44:24,821 - root - INFO - train average_precision, 0.7393
2025-10-01 05:44:24,821 - root - INFO - train roc_auc, 0.7575
2025-10-01 05:44:24,821 - root - INFO - validate loss: 0.6431
2025-10-01 05:44:24,821 - root - INFO - validate average_precision, 0.6748
2025-10-01 05:44:24,821 - root - INFO - validate roc_auc, 0.6790
2025-10-01 05:44:24,821 - root - INFO - new node validate loss: 0.6551
2025-10-01 05:44:24,821 - root - INFO - new node validate average_precision, 0.6369
2025-10-01 05:44:24,821 - root - INFO - new node validate roc_auc, 0.6498
2025-10-01 05:44:37,777 - root - INFO - test loss: 0.6573
2025-10-01 05:44:37,777 - root - INFO - test average_precision, 0.6548
2025-10-01 05:44:37,777 - root - INFO - best test average_precision: 0.6630
2025-10-01 05:44:37,777 - root - INFO - test roc_auc, 0.6452
2025-10-01 05:44:37,777 - root - INFO - new node test loss: 0.6796
2025-10-01 05:44:37,777 - root - INFO - new node test average_precision, 0.6181
2025-10-01 05:44:37,777 - root - INFO - new node test roc_auc, 0.6052
2025-10-01 05:44:37,777 - root - INFO - save model ./saved_models/TGAT/enron/TGAT_seed3/TGAT_seed3.pkl
2025-10-01 05:45:44,308 - root - INFO - Epoch: 11, learning rate: 0.0001, train loss: 0.5596
2025-10-01 05:45:44,308 - root - INFO - train average_precision, 0.7438
2025-10-01 05:45:44,308 - root - INFO - train roc_auc, 0.7627
2025-10-01 05:45:44,309 - root - INFO - validate loss: 0.6476
2025-10-01 05:45:44,309 - root - INFO - validate average_precision, 0.6513
2025-10-01 05:45:44,309 - root - INFO - validate roc_auc, 0.6662
2025-10-01 05:45:44,309 - root - INFO - new node validate loss: 0.6654
2025-10-01 05:45:44,309 - root - INFO - new node validate average_precision, 0.6221
2025-10-01 05:45:44,309 - root - INFO - new node validate roc_auc, 0.6512
2025-10-01 05:45:57,217 - root - INFO - test loss: 0.6426
2025-10-01 05:45:57,217 - root - INFO - test average_precision, 0.6662
2025-10-01 05:45:57,217 - root - INFO - best test average_precision: 0.6662
2025-10-01 05:45:57,217 - root - INFO - test roc_auc, 0.6727
2025-10-01 05:45:57,217 - root - INFO - new node test loss: 0.6792
2025-10-01 05:45:57,217 - root - INFO - new node test average_precision, 0.6105
2025-10-01 05:45:57,217 - root - INFO - new node test roc_auc, 0.6167
2025-10-01 05:47:04,026 - root - INFO - Epoch: 12, learning rate: 0.0001, train loss: 0.5578
2025-10-01 05:47:04,026 - root - INFO - train average_precision, 0.7429
2025-10-01 05:47:04,026 - root - INFO - train roc_auc, 0.7603
2025-10-01 05:47:04,026 - root - INFO - validate loss: 0.6441
2025-10-01 05:47:04,026 - root - INFO - validate average_precision, 0.6601
2025-10-01 05:47:04,026 - root - INFO - validate roc_auc, 0.6600
2025-10-01 05:47:04,026 - root - INFO - new node validate loss: 0.6718
2025-10-01 05:47:04,026 - root - INFO - new node validate average_precision, 0.6301
2025-10-01 05:47:04,026 - root - INFO - new node validate roc_auc, 0.6347
2025-10-01 05:47:16,959 - root - INFO - test loss: 0.6464
2025-10-01 05:47:16,960 - root - INFO - test average_precision, 0.6660
2025-10-01 05:47:16,960 - root - INFO - best test average_precision: 0.6662
2025-10-01 05:47:16,960 - root - INFO - test roc_auc, 0.6677
2025-10-01 05:47:16,960 - root - INFO - new node test loss: 0.6642
2025-10-01 05:47:16,960 - root - INFO - new node test average_precision, 0.6381
2025-10-01 05:47:16,960 - root - INFO - new node test roc_auc, 0.6328
2025-10-01 05:48:23,832 - root - INFO - Epoch: 13, learning rate: 0.0001, train loss: 0.5594
2025-10-01 05:48:23,832 - root - INFO - train average_precision, 0.7416
2025-10-01 05:48:23,832 - root - INFO - train roc_auc, 0.7595
2025-10-01 05:48:23,832 - root - INFO - validate loss: 0.6483
2025-10-01 05:48:23,832 - root - INFO - validate average_precision, 0.6595
2025-10-01 05:48:23,832 - root - INFO - validate roc_auc, 0.6655
2025-10-01 05:48:23,833 - root - INFO - new node validate loss: 0.6621
2025-10-01 05:48:23,833 - root - INFO - new node validate average_precision, 0.6391
2025-10-01 05:48:23,833 - root - INFO - new node validate roc_auc, 0.6517
2025-10-01 05:48:36,743 - root - INFO - test loss: 0.6533
2025-10-01 05:48:36,743 - root - INFO - test average_precision, 0.6451
2025-10-01 05:48:36,744 - root - INFO - best test average_precision: 0.6662
2025-10-01 05:48:36,744 - root - INFO - test roc_auc, 0.6512
2025-10-01 05:48:36,744 - root - INFO - new node test loss: 0.6727
2025-10-01 05:48:36,744 - root - INFO - new node test average_precision, 0.6181
2025-10-01 05:48:36,744 - root - INFO - new node test roc_auc, 0.6214
2025-10-01 05:49:43,208 - root - INFO - Epoch: 14, learning rate: 0.0001, train loss: 0.5585
2025-10-01 05:49:43,209 - root - INFO - train average_precision, 0.7443
2025-10-01 05:49:43,209 - root - INFO - train roc_auc, 0.7613
2025-10-01 05:49:43,209 - root - INFO - validate loss: 0.6465
2025-10-01 05:49:43,209 - root - INFO - validate average_precision, 0.6625
2025-10-01 05:49:43,209 - root - INFO - validate roc_auc, 0.6670
2025-10-01 05:49:43,209 - root - INFO - new node validate loss: 0.6607
2025-10-01 05:49:43,209 - root - INFO - new node validate average_precision, 0.6362
2025-10-01 05:49:43,209 - root - INFO - new node validate roc_auc, 0.6537
2025-10-01 05:49:56,121 - root - INFO - test loss: 0.6502
2025-10-01 05:49:56,122 - root - INFO - test average_precision, 0.6597
2025-10-01 05:49:56,122 - root - INFO - best test average_precision: 0.6662
2025-10-01 05:49:56,122 - root - INFO - test roc_auc, 0.6604
2025-10-01 05:49:56,122 - root - INFO - new node test loss: 0.6830
2025-10-01 05:49:56,122 - root - INFO - new node test average_precision, 0.6014
2025-10-01 05:49:56,122 - root - INFO - new node test roc_auc, 0.6015
2025-10-01 05:51:02,678 - root - INFO - Epoch: 15, learning rate: 0.0001, train loss: 0.5547
2025-10-01 05:51:02,678 - root - INFO - train average_precision, 0.7485
2025-10-01 05:51:02,678 - root - INFO - train roc_auc, 0.7646
2025-10-01 05:51:02,678 - root - INFO - validate loss: 0.6459
2025-10-01 05:51:02,679 - root - INFO - validate average_precision, 0.6573
2025-10-01 05:51:02,679 - root - INFO - validate roc_auc, 0.6633
2025-10-01 05:51:02,679 - root - INFO - new node validate loss: 0.6626
2025-10-01 05:51:02,679 - root - INFO - new node validate average_precision, 0.6248
2025-10-01 05:51:02,679 - root - INFO - new node validate roc_auc, 0.6417
2025-10-01 05:51:15,599 - root - INFO - test loss: 0.6409
2025-10-01 05:51:15,599 - root - INFO - test average_precision, 0.6706
2025-10-01 05:51:15,599 - root - INFO - best test average_precision: 0.6706
2025-10-01 05:51:15,599 - root - INFO - test roc_auc, 0.6676
2025-10-01 05:51:15,599 - root - INFO - new node test loss: 0.6736
2025-10-01 05:51:15,599 - root - INFO - new node test average_precision, 0.6223
2025-10-01 05:51:15,599 - root - INFO - new node test roc_auc, 0.6191
2025-10-01 05:52:22,303 - root - INFO - Epoch: 16, learning rate: 0.0001, train loss: 0.5483
2025-10-01 05:52:22,304 - root - INFO - train average_precision, 0.7616
2025-10-01 05:52:22,304 - root - INFO - train roc_auc, 0.7740
2025-10-01 05:52:22,304 - root - INFO - validate loss: 0.6507
2025-10-01 05:52:22,304 - root - INFO - validate average_precision, 0.6547
2025-10-01 05:52:22,304 - root - INFO - validate roc_auc, 0.6643
2025-10-01 05:52:22,304 - root - INFO - new node validate loss: 0.6717
2025-10-01 05:52:22,304 - root - INFO - new node validate average_precision, 0.6329
2025-10-01 05:52:22,304 - root - INFO - new node validate roc_auc, 0.6417
2025-10-01 05:52:35,242 - root - INFO - test loss: 0.6574
2025-10-01 05:52:35,242 - root - INFO - test average_precision, 0.6598
2025-10-01 05:52:35,242 - root - INFO - best test average_precision: 0.6706
2025-10-01 05:52:35,242 - root - INFO - test roc_auc, 0.6538
2025-10-01 05:52:35,243 - root - INFO - new node test loss: 0.6899
2025-10-01 05:52:35,243 - root - INFO - new node test average_precision, 0.6173
2025-10-01 05:52:35,243 - root - INFO - new node test roc_auc, 0.6034
2025-10-01 05:53:41,546 - root - INFO - Epoch: 17, learning rate: 0.0001, train loss: 0.5524
2025-10-01 05:53:41,546 - root - INFO - train average_precision, 0.7581
2025-10-01 05:53:41,546 - root - INFO - train roc_auc, 0.7698
2025-10-01 05:53:41,546 - root - INFO - validate loss: 0.6369
2025-10-01 05:53:41,546 - root - INFO - validate average_precision, 0.6814
2025-10-01 05:53:41,546 - root - INFO - validate roc_auc, 0.6837
2025-10-01 05:53:41,546 - root - INFO - new node validate loss: 0.6495
2025-10-01 05:53:41,546 - root - INFO - new node validate average_precision, 0.6528
2025-10-01 05:53:41,546 - root - INFO - new node validate roc_auc, 0.6682
2025-10-01 05:53:54,468 - root - INFO - test loss: 0.6446
2025-10-01 05:53:54,468 - root - INFO - test average_precision, 0.6706
2025-10-01 05:53:54,468 - root - INFO - best test average_precision: 0.6706
2025-10-01 05:53:54,469 - root - INFO - test roc_auc, 0.6702
2025-10-01 05:53:54,469 - root - INFO - new node test loss: 0.6731
2025-10-01 05:53:54,469 - root - INFO - new node test average_precision, 0.6288
2025-10-01 05:53:54,469 - root - INFO - new node test roc_auc, 0.6204
2025-10-01 05:53:54,469 - root - INFO - save model ./saved_models/TGAT/enron/TGAT_seed3/TGAT_seed3.pkl
2025-10-01 05:55:00,936 - root - INFO - Epoch: 18, learning rate: 0.0001, train loss: 0.5505
2025-10-01 05:55:00,936 - root - INFO - train average_precision, 0.7598
2025-10-01 05:55:00,936 - root - INFO - train roc_auc, 0.7707
2025-10-01 05:55:00,936 - root - INFO - validate loss: 0.6353
2025-10-01 05:55:00,936 - root - INFO - validate average_precision, 0.6898
2025-10-01 05:55:00,937 - root - INFO - validate roc_auc, 0.6863
2025-10-01 05:55:00,937 - root - INFO - new node validate loss: 0.6558
2025-10-01 05:55:00,937 - root - INFO - new node validate average_precision, 0.6511
2025-10-01 05:55:00,937 - root - INFO - new node validate roc_auc, 0.6515
2025-10-01 05:55:13,869 - root - INFO - test loss: 0.6440
2025-10-01 05:55:13,870 - root - INFO - test average_precision, 0.6717
2025-10-01 05:55:13,870 - root - INFO - best test average_precision: 0.6717
2025-10-01 05:55:13,870 - root - INFO - test roc_auc, 0.6639
2025-10-01 05:55:13,870 - root - INFO - new node test loss: 0.6772
2025-10-01 05:55:13,870 - root - INFO - new node test average_precision, 0.6205
2025-10-01 05:55:13,870 - root - INFO - new node test roc_auc, 0.6209
2025-10-01 05:55:13,871 - root - INFO - save model ./saved_models/TGAT/enron/TGAT_seed3/TGAT_seed3.pkl
2025-10-01 05:56:20,355 - root - INFO - Epoch: 19, learning rate: 0.0001, train loss: 0.5445
2025-10-01 05:56:20,355 - root - INFO - train average_precision, 0.7658
2025-10-01 05:56:20,355 - root - INFO - train roc_auc, 0.7763
2025-10-01 05:56:20,355 - root - INFO - validate loss: 0.6330
2025-10-01 05:56:20,355 - root - INFO - validate average_precision, 0.6923
2025-10-01 05:56:20,355 - root - INFO - validate roc_auc, 0.6958
2025-10-01 05:56:20,355 - root - INFO - new node validate loss: 0.6439
2025-10-01 05:56:20,355 - root - INFO - new node validate average_precision, 0.6721
2025-10-01 05:56:20,355 - root - INFO - new node validate roc_auc, 0.6910
2025-10-01 05:56:33,290 - root - INFO - test loss: 0.6381
2025-10-01 05:56:33,290 - root - INFO - test average_precision, 0.6842
2025-10-01 05:56:33,290 - root - INFO - best test average_precision: 0.6842
2025-10-01 05:56:33,290 - root - INFO - test roc_auc, 0.6732
2025-10-01 05:56:33,290 - root - INFO - new node test loss: 0.6547
2025-10-01 05:56:33,290 - root - INFO - new node test average_precision, 0.6557
2025-10-01 05:56:33,290 - root - INFO - new node test roc_auc, 0.6553
2025-10-01 05:56:33,290 - root - INFO - save model ./saved_models/TGAT/enron/TGAT_seed3/TGAT_seed3.pkl
2025-10-01 05:57:39,895 - root - INFO - Epoch: 20, learning rate: 0.0001, train loss: 0.5400
2025-10-01 05:57:39,895 - root - INFO - train average_precision, 0.7744
2025-10-01 05:57:39,895 - root - INFO - train roc_auc, 0.7826
2025-10-01 05:57:39,895 - root - INFO - validate loss: 0.6297
2025-10-01 05:57:39,895 - root - INFO - validate average_precision, 0.6950
2025-10-01 05:57:39,895 - root - INFO - validate roc_auc, 0.6965
2025-10-01 05:57:39,895 - root - INFO - new node validate loss: 0.6438
2025-10-01 05:57:39,895 - root - INFO - new node validate average_precision, 0.6632
2025-10-01 05:57:39,895 - root - INFO - new node validate roc_auc, 0.6785
2025-10-01 05:57:52,827 - root - INFO - test loss: 0.6397
2025-10-01 05:57:52,827 - root - INFO - test average_precision, 0.6923
2025-10-01 05:57:52,827 - root - INFO - best test average_precision: 0.6923
2025-10-01 05:57:52,827 - root - INFO - test roc_auc, 0.6819
2025-10-01 05:57:52,827 - root - INFO - new node test loss: 0.6618
2025-10-01 05:57:52,827 - root - INFO - new node test average_precision, 0.6603
2025-10-01 05:57:52,827 - root - INFO - new node test roc_auc, 0.6498
2025-10-01 05:57:52,827 - root - INFO - save model ./saved_models/TGAT/enron/TGAT_seed3/TGAT_seed3.pkl
2025-10-01 05:58:59,642 - root - INFO - Epoch: 21, learning rate: 0.0001, train loss: 0.5331
2025-10-01 05:58:59,643 - root - INFO - train average_precision, 0.7834
2025-10-01 05:58:59,643 - root - INFO - train roc_auc, 0.7909
2025-10-01 05:58:59,643 - root - INFO - validate loss: 0.6432
2025-10-01 05:58:59,643 - root - INFO - validate average_precision, 0.6739
2025-10-01 05:58:59,643 - root - INFO - validate roc_auc, 0.6708
2025-10-01 05:58:59,643 - root - INFO - new node validate loss: 0.6504
2025-10-01 05:58:59,643 - root - INFO - new node validate average_precision, 0.6566
2025-10-01 05:58:59,643 - root - INFO - new node validate roc_auc, 0.6624
2025-10-01 05:59:12,599 - root - INFO - test loss: 0.6390
2025-10-01 05:59:12,599 - root - INFO - test average_precision, 0.6879
2025-10-01 05:59:12,599 - root - INFO - best test average_precision: 0.6923
2025-10-01 05:59:12,599 - root - INFO - test roc_auc, 0.6796
2025-10-01 05:59:12,599 - root - INFO - new node test loss: 0.6620
2025-10-01 05:59:12,600 - root - INFO - new node test average_precision, 0.6577
2025-10-01 05:59:12,600 - root - INFO - new node test roc_auc, 0.6477
2025-10-01 06:00:19,245 - root - INFO - Epoch: 22, learning rate: 0.0001, train loss: 0.5372
2025-10-01 06:00:19,246 - root - INFO - train average_precision, 0.7797
2025-10-01 06:00:19,246 - root - INFO - train roc_auc, 0.7879
2025-10-01 06:00:19,246 - root - INFO - validate loss: 0.6315
2025-10-01 06:00:19,246 - root - INFO - validate average_precision, 0.6946
2025-10-01 06:00:19,246 - root - INFO - validate roc_auc, 0.6907
2025-10-01 06:00:19,246 - root - INFO - new node validate loss: 0.6569
2025-10-01 06:00:19,246 - root - INFO - new node validate average_precision, 0.6580
2025-10-01 06:00:19,246 - root - INFO - new node validate roc_auc, 0.6625
2025-10-01 06:00:32,151 - root - INFO - test loss: 0.6302
2025-10-01 06:00:32,151 - root - INFO - test average_precision, 0.7002
2025-10-01 06:00:32,151 - root - INFO - best test average_precision: 0.7002
2025-10-01 06:00:32,151 - root - INFO - test roc_auc, 0.6946
2025-10-01 06:00:32,151 - root - INFO - new node test loss: 0.6753
2025-10-01 06:00:32,151 - root - INFO - new node test average_precision, 0.6331
2025-10-01 06:00:32,151 - root - INFO - new node test roc_auc, 0.6338
2025-10-01 06:01:38,618 - root - INFO - Epoch: 23, learning rate: 0.0001, train loss: 0.5307
2025-10-01 06:01:38,618 - root - INFO - train average_precision, 0.7863
2025-10-01 06:01:38,618 - root - INFO - train roc_auc, 0.7938
2025-10-01 06:01:38,618 - root - INFO - validate loss: 0.6356
2025-10-01 06:01:38,618 - root - INFO - validate average_precision, 0.6955
2025-10-01 06:01:38,618 - root - INFO - validate roc_auc, 0.6960
2025-10-01 06:01:38,619 - root - INFO - new node validate loss: 0.6424
2025-10-01 06:01:38,619 - root - INFO - new node validate average_precision, 0.6733
2025-10-01 06:01:38,619 - root - INFO - new node validate roc_auc, 0.6898
2025-10-01 06:01:51,509 - root - INFO - test loss: 0.6401
2025-10-01 06:01:51,509 - root - INFO - test average_precision, 0.6888
2025-10-01 06:01:51,509 - root - INFO - best test average_precision: 0.7002
2025-10-01 06:01:51,509 - root - INFO - test roc_auc, 0.6794
2025-10-01 06:01:51,509 - root - INFO - new node test loss: 0.6665
2025-10-01 06:01:51,509 - root - INFO - new node test average_precision, 0.6563
2025-10-01 06:01:51,509 - root - INFO - new node test roc_auc, 0.6561
2025-10-01 06:02:57,832 - root - INFO - Epoch: 24, learning rate: 0.0001, train loss: 0.5317
2025-10-01 06:02:57,832 - root - INFO - train average_precision, 0.7841
2025-10-01 06:02:57,832 - root - INFO - train roc_auc, 0.7919
2025-10-01 06:02:57,832 - root - INFO - validate loss: 0.6274
2025-10-01 06:02:57,832 - root - INFO - validate average_precision, 0.7038
2025-10-01 06:02:57,832 - root - INFO - validate roc_auc, 0.6992
2025-10-01 06:02:57,832 - root - INFO - new node validate loss: 0.6474
2025-10-01 06:02:57,832 - root - INFO - new node validate average_precision, 0.6738
2025-10-01 06:02:57,832 - root - INFO - new node validate roc_auc, 0.6788
2025-10-01 06:03:10,745 - root - INFO - test loss: 0.6478
2025-10-01 06:03:10,745 - root - INFO - test average_precision, 0.6991
2025-10-01 06:03:10,745 - root - INFO - best test average_precision: 0.7002
2025-10-01 06:03:10,745 - root - INFO - test roc_auc, 0.6885
2025-10-01 06:03:10,745 - root - INFO - new node test loss: 0.6699
2025-10-01 06:03:10,745 - root - INFO - new node test average_precision, 0.6688
2025-10-01 06:03:10,745 - root - INFO - new node test roc_auc, 0.6589
2025-10-01 06:03:10,745 - root - INFO - save model ./saved_models/TGAT/enron/TGAT_seed3/TGAT_seed3.pkl
2025-10-01 06:04:17,355 - root - INFO - Epoch: 25, learning rate: 0.0001, train loss: 0.5299
2025-10-01 06:04:17,356 - root - INFO - train average_precision, 0.7879
2025-10-01 06:04:17,356 - root - INFO - train roc_auc, 0.7940
2025-10-01 06:04:17,356 - root - INFO - validate loss: 0.6372
2025-10-01 06:04:17,356 - root - INFO - validate average_precision, 0.6977
2025-10-01 06:04:17,356 - root - INFO - validate roc_auc, 0.7031
2025-10-01 06:04:17,356 - root - INFO - new node validate loss: 0.6605
2025-10-01 06:04:17,356 - root - INFO - new node validate average_precision, 0.6541
2025-10-01 06:04:17,356 - root - INFO - new node validate roc_auc, 0.6776
2025-10-01 06:04:30,251 - root - INFO - test loss: 0.6393
2025-10-01 06:04:30,252 - root - INFO - test average_precision, 0.6927
2025-10-01 06:04:30,252 - root - INFO - best test average_precision: 0.7002
2025-10-01 06:04:30,252 - root - INFO - test roc_auc, 0.6790
2025-10-01 06:04:30,252 - root - INFO - new node test loss: 0.6778
2025-10-01 06:04:30,252 - root - INFO - new node test average_precision, 0.6459
2025-10-01 06:04:30,252 - root - INFO - new node test roc_auc, 0.6339
2025-10-01 06:05:36,622 - root - INFO - Epoch: 26, learning rate: 0.0001, train loss: 0.5287
2025-10-01 06:05:36,623 - root - INFO - train average_precision, 0.7891
2025-10-01 06:05:36,623 - root - INFO - train roc_auc, 0.7951
2025-10-01 06:05:36,623 - root - INFO - validate loss: 0.6244
2025-10-01 06:05:36,623 - root - INFO - validate average_precision, 0.6980
2025-10-01 06:05:36,623 - root - INFO - validate roc_auc, 0.7024
2025-10-01 06:05:36,623 - root - INFO - new node validate loss: 0.6325
2025-10-01 06:05:36,623 - root - INFO - new node validate average_precision, 0.6761
2025-10-01 06:05:36,623 - root - INFO - new node validate roc_auc, 0.6989
2025-10-01 06:05:49,530 - root - INFO - test loss: 0.6089
2025-10-01 06:05:49,530 - root - INFO - test average_precision, 0.7290
2025-10-01 06:05:49,530 - root - INFO - best test average_precision: 0.7290
2025-10-01 06:05:49,530 - root - INFO - test roc_auc, 0.7254
2025-10-01 06:05:49,530 - root - INFO - new node test loss: 0.6311
2025-10-01 06:05:49,530 - root - INFO - new node test average_precision, 0.7089
2025-10-01 06:05:49,530 - root - INFO - new node test roc_auc, 0.7040
2025-10-01 06:06:56,707 - root - INFO - Epoch: 27, learning rate: 0.0001, train loss: 0.5258
2025-10-01 06:06:56,708 - root - INFO - train average_precision, 0.7939
2025-10-01 06:06:56,708 - root - INFO - train roc_auc, 0.7988
2025-10-01 06:06:56,708 - root - INFO - validate loss: 0.6202
2025-10-01 06:06:56,708 - root - INFO - validate average_precision, 0.7057
2025-10-01 06:06:56,708 - root - INFO - validate roc_auc, 0.7058
2025-10-01 06:06:56,708 - root - INFO - new node validate loss: 0.6466
2025-10-01 06:06:56,708 - root - INFO - new node validate average_precision, 0.6673
2025-10-01 06:06:56,708 - root - INFO - new node validate roc_auc, 0.6853
2025-10-01 06:07:09,638 - root - INFO - test loss: 0.6227
2025-10-01 06:07:09,639 - root - INFO - test average_precision, 0.7166
2025-10-01 06:07:09,639 - root - INFO - best test average_precision: 0.7290
2025-10-01 06:07:09,639 - root - INFO - test roc_auc, 0.7162
2025-10-01 06:07:09,639 - root - INFO - new node test loss: 0.6465
2025-10-01 06:07:09,639 - root - INFO - new node test average_precision, 0.6741
2025-10-01 06:07:09,639 - root - INFO - new node test roc_auc, 0.6826
2025-10-01 06:07:09,639 - root - INFO - save model ./saved_models/TGAT/enron/TGAT_seed3/TGAT_seed3.pkl
2025-10-01 06:08:16,601 - root - INFO - Epoch: 28, learning rate: 0.0001, train loss: 0.5265
2025-10-01 06:08:16,602 - root - INFO - train average_precision, 0.7884
2025-10-01 06:08:16,602 - root - INFO - train roc_auc, 0.7960
2025-10-01 06:08:16,602 - root - INFO - validate loss: 0.6217
2025-10-01 06:08:16,602 - root - INFO - validate average_precision, 0.7083
2025-10-01 06:08:16,602 - root - INFO - validate roc_auc, 0.7055
2025-10-01 06:08:16,602 - root - INFO - new node validate loss: 0.6419
2025-10-01 06:08:16,602 - root - INFO - new node validate average_precision, 0.6884
2025-10-01 06:08:16,602 - root - INFO - new node validate roc_auc, 0.7019
2025-10-01 06:08:29,496 - root - INFO - test loss: 0.6189
2025-10-01 06:08:29,496 - root - INFO - test average_precision, 0.7100
2025-10-01 06:08:29,496 - root - INFO - best test average_precision: 0.7290
2025-10-01 06:08:29,496 - root - INFO - test roc_auc, 0.7070
2025-10-01 06:08:29,496 - root - INFO - new node test loss: 0.6487
2025-10-01 06:08:29,496 - root - INFO - new node test average_precision, 0.6786
2025-10-01 06:08:29,496 - root - INFO - new node test roc_auc, 0.6836
2025-10-01 06:09:35,955 - root - INFO - Epoch: 29, learning rate: 0.0001, train loss: 0.5265
2025-10-01 06:09:35,955 - root - INFO - train average_precision, 0.7896
2025-10-01 06:09:35,955 - root - INFO - train roc_auc, 0.7974
2025-10-01 06:09:35,955 - root - INFO - validate loss: 0.6113
2025-10-01 06:09:35,955 - root - INFO - validate average_precision, 0.7149
2025-10-01 06:09:35,955 - root - INFO - validate roc_auc, 0.7180
2025-10-01 06:09:35,956 - root - INFO - new node validate loss: 0.6360
2025-10-01 06:09:35,956 - root - INFO - new node validate average_precision, 0.6757
2025-10-01 06:09:35,956 - root - INFO - new node validate roc_auc, 0.6958
2025-10-01 06:09:48,858 - root - INFO - test loss: 0.6267
2025-10-01 06:09:48,858 - root - INFO - test average_precision, 0.7196
2025-10-01 06:09:48,858 - root - INFO - best test average_precision: 0.7290
2025-10-01 06:09:48,859 - root - INFO - test roc_auc, 0.7195
2025-10-01 06:09:48,859 - root - INFO - new node test loss: 0.6711
2025-10-01 06:09:48,859 - root - INFO - new node test average_precision, 0.6645
2025-10-01 06:09:48,859 - root - INFO - new node test roc_auc, 0.6675
2025-10-01 06:09:48,859 - root - INFO - save model ./saved_models/TGAT/enron/TGAT_seed3/TGAT_seed3.pkl
2025-10-01 06:10:55,463 - root - INFO - Epoch: 30, learning rate: 0.0001, train loss: 0.5292
2025-10-01 06:10:55,464 - root - INFO - train average_precision, 0.7860
2025-10-01 06:10:55,464 - root - INFO - train roc_auc, 0.7942
2025-10-01 06:10:55,464 - root - INFO - validate loss: 0.6157
2025-10-01 06:10:55,464 - root - INFO - validate average_precision, 0.7153
2025-10-01 06:10:55,464 - root - INFO - validate roc_auc, 0.7124
2025-10-01 06:10:55,464 - root - INFO - new node validate loss: 0.6196
2025-10-01 06:10:55,464 - root - INFO - new node validate average_precision, 0.7028
2025-10-01 06:10:55,464 - root - INFO - new node validate roc_auc, 0.7151
2025-10-01 06:11:08,343 - root - INFO - test loss: 0.6177
2025-10-01 06:11:08,343 - root - INFO - test average_precision, 0.7065
2025-10-01 06:11:08,343 - root - INFO - best test average_precision: 0.7290
2025-10-01 06:11:08,343 - root - INFO - test roc_auc, 0.7078
2025-10-01 06:11:08,343 - root - INFO - new node test loss: 0.6487
2025-10-01 06:11:08,343 - root - INFO - new node test average_precision, 0.6634
2025-10-01 06:11:08,343 - root - INFO - new node test roc_auc, 0.6687
2025-10-01 06:12:14,690 - root - INFO - Epoch: 31, learning rate: 0.0001, train loss: 0.5251
2025-10-01 06:12:14,690 - root - INFO - train average_precision, 0.7919
2025-10-01 06:12:14,691 - root - INFO - train roc_auc, 0.7972
2025-10-01 06:12:14,691 - root - INFO - validate loss: 0.6356
2025-10-01 06:12:14,691 - root - INFO - validate average_precision, 0.6951
2025-10-01 06:12:14,691 - root - INFO - validate roc_auc, 0.6943
2025-10-01 06:12:14,691 - root - INFO - new node validate loss: 0.6531
2025-10-01 06:12:14,691 - root - INFO - new node validate average_precision, 0.6595
2025-10-01 06:12:14,691 - root - INFO - new node validate roc_auc, 0.6688
2025-10-01 06:12:27,587 - root - INFO - test loss: 0.6351
2025-10-01 06:12:27,587 - root - INFO - test average_precision, 0.7097
2025-10-01 06:12:27,587 - root - INFO - best test average_precision: 0.7290
2025-10-01 06:12:27,588 - root - INFO - test roc_auc, 0.7027
2025-10-01 06:12:27,588 - root - INFO - new node test loss: 0.6591
2025-10-01 06:12:27,588 - root - INFO - new node test average_precision, 0.6708
2025-10-01 06:12:27,588 - root - INFO - new node test roc_auc, 0.6621
2025-10-01 06:13:34,075 - root - INFO - Epoch: 32, learning rate: 0.0001, train loss: 0.5267
2025-10-01 06:13:34,075 - root - INFO - train average_precision, 0.7921
2025-10-01 06:13:34,075 - root - INFO - train roc_auc, 0.7966
2025-10-01 06:13:34,075 - root - INFO - validate loss: 0.6217
2025-10-01 06:13:34,075 - root - INFO - validate average_precision, 0.7096
2025-10-01 06:13:34,075 - root - INFO - validate roc_auc, 0.7075
2025-10-01 06:13:34,075 - root - INFO - new node validate loss: 0.6501
2025-10-01 06:13:34,075 - root - INFO - new node validate average_precision, 0.6731
2025-10-01 06:13:34,076 - root - INFO - new node validate roc_auc, 0.6845
2025-10-01 06:13:46,987 - root - INFO - test loss: 0.6325
2025-10-01 06:13:46,988 - root - INFO - test average_precision, 0.6999
2025-10-01 06:13:46,988 - root - INFO - best test average_precision: 0.7290
2025-10-01 06:13:46,988 - root - INFO - test roc_auc, 0.6871
2025-10-01 06:13:46,988 - root - INFO - new node test loss: 0.6607
2025-10-01 06:13:46,988 - root - INFO - new node test average_precision, 0.6516
2025-10-01 06:13:46,988 - root - INFO - new node test roc_auc, 0.6484
2025-10-01 06:14:53,426 - root - INFO - Epoch: 33, learning rate: 0.0001, train loss: 0.5230
2025-10-01 06:14:53,426 - root - INFO - train average_precision, 0.7947
2025-10-01 06:14:53,426 - root - INFO - train roc_auc, 0.8003
2025-10-01 06:14:53,426 - root - INFO - validate loss: 0.6386
2025-10-01 06:14:53,426 - root - INFO - validate average_precision, 0.6922
2025-10-01 06:14:53,426 - root - INFO - validate roc_auc, 0.6860
2025-10-01 06:14:53,426 - root - INFO - new node validate loss: 0.6605
2025-10-01 06:14:53,426 - root - INFO - new node validate average_precision, 0.6549
2025-10-01 06:14:53,426 - root - INFO - new node validate roc_auc, 0.6654
2025-10-01 06:15:06,322 - root - INFO - test loss: 0.6379
2025-10-01 06:15:06,322 - root - INFO - test average_precision, 0.6901
2025-10-01 06:15:06,322 - root - INFO - best test average_precision: 0.7290
2025-10-01 06:15:06,322 - root - INFO - test roc_auc, 0.6805
2025-10-01 06:15:06,322 - root - INFO - new node test loss: 0.6555
2025-10-01 06:15:06,322 - root - INFO - new node test average_precision, 0.6596
2025-10-01 06:15:06,323 - root - INFO - new node test roc_auc, 0.6650
2025-10-01 06:16:12,824 - root - INFO - Epoch: 34, learning rate: 0.0001, train loss: 0.5250
2025-10-01 06:16:12,825 - root - INFO - train average_precision, 0.7926
2025-10-01 06:16:12,825 - root - INFO - train roc_auc, 0.7999
2025-10-01 06:16:12,825 - root - INFO - validate loss: 0.6235
2025-10-01 06:16:12,825 - root - INFO - validate average_precision, 0.7020
2025-10-01 06:16:12,825 - root - INFO - validate roc_auc, 0.7034
2025-10-01 06:16:12,825 - root - INFO - new node validate loss: 0.6447
2025-10-01 06:16:12,825 - root - INFO - new node validate average_precision, 0.6747
2025-10-01 06:16:12,825 - root - INFO - new node validate roc_auc, 0.6868
2025-10-01 06:16:25,764 - root - INFO - test loss: 0.6158
2025-10-01 06:16:25,764 - root - INFO - test average_precision, 0.7097
2025-10-01 06:16:25,765 - root - INFO - best test average_precision: 0.7290
2025-10-01 06:16:25,765 - root - INFO - test roc_auc, 0.6971
2025-10-01 06:16:25,765 - root - INFO - new node test loss: 0.6408
2025-10-01 06:16:25,765 - root - INFO - new node test average_precision, 0.6860
2025-10-01 06:16:25,765 - root - INFO - new node test roc_auc, 0.6804
2025-10-01 06:17:32,217 - root - INFO - Epoch: 35, learning rate: 0.0001, train loss: 0.5255
2025-10-01 06:17:32,217 - root - INFO - train average_precision, 0.7921
2025-10-01 06:17:32,218 - root - INFO - train roc_auc, 0.7979
2025-10-01 06:17:32,218 - root - INFO - validate loss: 0.6224
2025-10-01 06:17:32,218 - root - INFO - validate average_precision, 0.7104
2025-10-01 06:17:32,218 - root - INFO - validate roc_auc, 0.7097
2025-10-01 06:17:32,218 - root - INFO - new node validate loss: 0.6435
2025-10-01 06:17:32,218 - root - INFO - new node validate average_precision, 0.6851
2025-10-01 06:17:32,218 - root - INFO - new node validate roc_auc, 0.6992
2025-10-01 06:17:45,126 - root - INFO - test loss: 0.6141
2025-10-01 06:17:45,126 - root - INFO - test average_precision, 0.7206
2025-10-01 06:17:45,126 - root - INFO - best test average_precision: 0.7290
2025-10-01 06:17:45,126 - root - INFO - test roc_auc, 0.7174
2025-10-01 06:17:45,126 - root - INFO - new node test loss: 0.6444
2025-10-01 06:17:45,126 - root - INFO - new node test average_precision, 0.6722
2025-10-01 06:17:45,126 - root - INFO - new node test roc_auc, 0.6803
2025-10-01 06:18:51,812 - root - INFO - Epoch: 36, learning rate: 0.0001, train loss: 0.5215
2025-10-01 06:18:51,813 - root - INFO - train average_precision, 0.7947
2025-10-01 06:18:51,813 - root - INFO - train roc_auc, 0.8012
2025-10-01 06:18:51,813 - root - INFO - validate loss: 0.6093
2025-10-01 06:18:51,813 - root - INFO - validate average_precision, 0.7209
2025-10-01 06:18:51,813 - root - INFO - validate roc_auc, 0.7192
2025-10-01 06:18:51,813 - root - INFO - new node validate loss: 0.6255
2025-10-01 06:18:51,813 - root - INFO - new node validate average_precision, 0.6927
2025-10-01 06:18:51,813 - root - INFO - new node validate roc_auc, 0.7106
2025-10-01 06:19:04,688 - root - INFO - test loss: 0.6233
2025-10-01 06:19:04,688 - root - INFO - test average_precision, 0.7098
2025-10-01 06:19:04,689 - root - INFO - best test average_precision: 0.7290
2025-10-01 06:19:04,689 - root - INFO - test roc_auc, 0.7059
2025-10-01 06:19:04,689 - root - INFO - new node test loss: 0.6598
2025-10-01 06:19:04,689 - root - INFO - new node test average_precision, 0.6658
2025-10-01 06:19:04,689 - root - INFO - new node test roc_auc, 0.6559
2025-10-01 06:19:04,689 - root - INFO - save model ./saved_models/TGAT/enron/TGAT_seed3/TGAT_seed3.pkl
2025-10-01 06:20:11,202 - root - INFO - Epoch: 37, learning rate: 0.0001, train loss: 0.5207
2025-10-01 06:20:11,202 - root - INFO - train average_precision, 0.7963
2025-10-01 06:20:11,202 - root - INFO - train roc_auc, 0.8021
2025-10-01 06:20:11,202 - root - INFO - validate loss: 0.6415
2025-10-01 06:20:11,202 - root - INFO - validate average_precision, 0.6923
2025-10-01 06:20:11,202 - root - INFO - validate roc_auc, 0.6883
2025-10-01 06:20:11,202 - root - INFO - new node validate loss: 0.6628
2025-10-01 06:20:11,202 - root - INFO - new node validate average_precision, 0.6621
2025-10-01 06:20:11,202 - root - INFO - new node validate roc_auc, 0.6683
2025-10-01 06:20:24,141 - root - INFO - test loss: 0.6390
2025-10-01 06:20:24,142 - root - INFO - test average_precision, 0.6932
2025-10-01 06:20:24,142 - root - INFO - best test average_precision: 0.7290
2025-10-01 06:20:24,142 - root - INFO - test roc_auc, 0.6774
2025-10-01 06:20:24,142 - root - INFO - new node test loss: 0.6846
2025-10-01 06:20:24,142 - root - INFO - new node test average_precision, 0.6441
2025-10-01 06:20:24,142 - root - INFO - new node test roc_auc, 0.6336
2025-10-01 06:21:30,532 - root - INFO - Epoch: 38, learning rate: 0.0001, train loss: 0.5240
2025-10-01 06:21:30,532 - root - INFO - train average_precision, 0.7928
2025-10-01 06:21:30,533 - root - INFO - train roc_auc, 0.7994
2025-10-01 06:21:30,533 - root - INFO - validate loss: 0.6242
2025-10-01 06:21:30,533 - root - INFO - validate average_precision, 0.7071
2025-10-01 06:21:30,533 - root - INFO - validate roc_auc, 0.7044
2025-10-01 06:21:30,533 - root - INFO - new node validate loss: 0.6438
2025-10-01 06:21:30,533 - root - INFO - new node validate average_precision, 0.6849
2025-10-01 06:21:30,533 - root - INFO - new node validate roc_auc, 0.6964
2025-10-01 06:21:43,453 - root - INFO - test loss: 0.6248
2025-10-01 06:21:43,453 - root - INFO - test average_precision, 0.7100
2025-10-01 06:21:43,453 - root - INFO - best test average_precision: 0.7290
2025-10-01 06:21:43,453 - root - INFO - test roc_auc, 0.7046
2025-10-01 06:21:43,453 - root - INFO - new node test loss: 0.6464
2025-10-01 06:21:43,453 - root - INFO - new node test average_precision, 0.6766
2025-10-01 06:21:43,453 - root - INFO - new node test roc_auc, 0.6787
2025-10-01 06:22:49,770 - root - INFO - Epoch: 39, learning rate: 0.0001, train loss: 0.5203
2025-10-01 06:22:49,771 - root - INFO - train average_precision, 0.7940
2025-10-01 06:22:49,771 - root - INFO - train roc_auc, 0.8015
2025-10-01 06:22:49,771 - root - INFO - validate loss: 0.6314
2025-10-01 06:22:49,771 - root - INFO - validate average_precision, 0.7000
2025-10-01 06:22:49,771 - root - INFO - validate roc_auc, 0.6991
2025-10-01 06:22:49,771 - root - INFO - new node validate loss: 0.6482
2025-10-01 06:22:49,771 - root - INFO - new node validate average_precision, 0.6730
2025-10-01 06:22:49,771 - root - INFO - new node validate roc_auc, 0.6904
2025-10-01 06:23:02,683 - root - INFO - test loss: 0.6239
2025-10-01 06:23:02,683 - root - INFO - test average_precision, 0.7156
2025-10-01 06:23:02,683 - root - INFO - best test average_precision: 0.7290
2025-10-01 06:23:02,683 - root - INFO - test roc_auc, 0.7069
2025-10-01 06:23:02,684 - root - INFO - new node test loss: 0.6486
2025-10-01 06:23:02,684 - root - INFO - new node test average_precision, 0.6780
2025-10-01 06:23:02,684 - root - INFO - new node test roc_auc, 0.6722
2025-10-01 06:24:09,436 - root - INFO - Epoch: 40, learning rate: 0.0001, train loss: 0.5235
2025-10-01 06:24:09,436 - root - INFO - train average_precision, 0.7930
2025-10-01 06:24:09,436 - root - INFO - train roc_auc, 0.7988
2025-10-01 06:24:09,436 - root - INFO - validate loss: 0.6168
2025-10-01 06:24:09,437 - root - INFO - validate average_precision, 0.7143
2025-10-01 06:24:09,437 - root - INFO - validate roc_auc, 0.7144
2025-10-01 06:24:09,437 - root - INFO - new node validate loss: 0.6374
2025-10-01 06:24:09,437 - root - INFO - new node validate average_precision, 0.6870
2025-10-01 06:24:09,437 - root - INFO - new node validate roc_auc, 0.7006
2025-10-01 06:24:22,322 - root - INFO - test loss: 0.6186
2025-10-01 06:24:22,322 - root - INFO - test average_precision, 0.7185
2025-10-01 06:24:22,322 - root - INFO - best test average_precision: 0.7290
2025-10-01 06:24:22,322 - root - INFO - test roc_auc, 0.7138
2025-10-01 06:24:22,322 - root - INFO - new node test loss: 0.6658
2025-10-01 06:24:22,322 - root - INFO - new node test average_precision, 0.6533
2025-10-01 06:24:22,322 - root - INFO - new node test roc_auc, 0.6472
2025-10-01 06:25:28,602 - root - INFO - Epoch: 41, learning rate: 0.0001, train loss: 0.5201
2025-10-01 06:25:28,602 - root - INFO - train average_precision, 0.7980
2025-10-01 06:25:28,602 - root - INFO - train roc_auc, 0.8030
2025-10-01 06:25:28,602 - root - INFO - validate loss: 0.6243
2025-10-01 06:25:28,602 - root - INFO - validate average_precision, 0.7072
2025-10-01 06:25:28,603 - root - INFO - validate roc_auc, 0.7035
2025-10-01 06:25:28,603 - root - INFO - new node validate loss: 0.6335
2025-10-01 06:25:28,603 - root - INFO - new node validate average_precision, 0.6906
2025-10-01 06:25:28,603 - root - INFO - new node validate roc_auc, 0.7059
2025-10-01 06:25:41,485 - root - INFO - test loss: 0.6232
2025-10-01 06:25:41,485 - root - INFO - test average_precision, 0.7183
2025-10-01 06:25:41,486 - root - INFO - best test average_precision: 0.7290
2025-10-01 06:25:41,486 - root - INFO - test roc_auc, 0.7046
2025-10-01 06:25:41,486 - root - INFO - new node test loss: 0.6620
2025-10-01 06:25:41,486 - root - INFO - new node test average_precision, 0.6784
2025-10-01 06:25:41,486 - root - INFO - new node test roc_auc, 0.6662
2025-10-01 06:26:48,212 - root - INFO - Epoch: 42, learning rate: 0.0001, train loss: 0.5204
2025-10-01 06:26:48,212 - root - INFO - train average_precision, 0.7988
2025-10-01 06:26:48,212 - root - INFO - train roc_auc, 0.8046
2025-10-01 06:26:48,212 - root - INFO - validate loss: 0.6197
2025-10-01 06:26:48,212 - root - INFO - validate average_precision, 0.7094
2025-10-01 06:26:48,212 - root - INFO - validate roc_auc, 0.7141
2025-10-01 06:26:48,212 - root - INFO - new node validate loss: 0.6379
2025-10-01 06:26:48,212 - root - INFO - new node validate average_precision, 0.6797
2025-10-01 06:26:48,212 - root - INFO - new node validate roc_auc, 0.7041
2025-10-01 06:27:01,140 - root - INFO - test loss: 0.6196
2025-10-01 06:27:01,141 - root - INFO - test average_precision, 0.7119
2025-10-01 06:27:01,141 - root - INFO - best test average_precision: 0.7290
2025-10-01 06:27:01,141 - root - INFO - test roc_auc, 0.7020
2025-10-01 06:27:01,141 - root - INFO - new node test loss: 0.6377
2025-10-01 06:27:01,141 - root - INFO - new node test average_precision, 0.6916
2025-10-01 06:27:01,141 - root - INFO - new node test roc_auc, 0.6898
2025-10-01 06:28:07,612 - root - INFO - Epoch: 43, learning rate: 0.0001, train loss: 0.5200
2025-10-01 06:28:07,612 - root - INFO - train average_precision, 0.7983
2025-10-01 06:28:07,612 - root - INFO - train roc_auc, 0.8022
2025-10-01 06:28:07,612 - root - INFO - validate loss: 0.6047
2025-10-01 06:28:07,612 - root - INFO - validate average_precision, 0.7286
2025-10-01 06:28:07,612 - root - INFO - validate roc_auc, 0.7305
2025-10-01 06:28:07,613 - root - INFO - new node validate loss: 0.6313
2025-10-01 06:28:07,613 - root - INFO - new node validate average_precision, 0.6949
2025-10-01 06:28:07,613 - root - INFO - new node validate roc_auc, 0.7108
2025-10-01 06:28:20,485 - root - INFO - test loss: 0.6211
2025-10-01 06:28:20,485 - root - INFO - test average_precision, 0.7159
2025-10-01 06:28:20,486 - root - INFO - best test average_precision: 0.7290
2025-10-01 06:28:20,486 - root - INFO - test roc_auc, 0.7051
2025-10-01 06:28:20,486 - root - INFO - new node test loss: 0.6581
2025-10-01 06:28:20,486 - root - INFO - new node test average_precision, 0.6698
2025-10-01 06:28:20,486 - root - INFO - new node test roc_auc, 0.6644
2025-10-01 06:28:20,486 - root - INFO - save model ./saved_models/TGAT/enron/TGAT_seed3/TGAT_seed3.pkl
2025-10-01 06:29:27,723 - root - INFO - Epoch: 44, learning rate: 0.0001, train loss: 0.5181
2025-10-01 06:29:27,723 - root - INFO - train average_precision, 0.7991
2025-10-01 06:29:27,723 - root - INFO - train roc_auc, 0.8045
2025-10-01 06:29:27,724 - root - INFO - validate loss: 0.6114
2025-10-01 06:29:27,724 - root - INFO - validate average_precision, 0.7266
2025-10-01 06:29:27,724 - root - INFO - validate roc_auc, 0.7196
2025-10-01 06:29:27,724 - root - INFO - new node validate loss: 0.6296
2025-10-01 06:29:27,724 - root - INFO - new node validate average_precision, 0.6984
2025-10-01 06:29:27,724 - root - INFO - new node validate roc_auc, 0.7093
2025-10-01 06:29:40,649 - root - INFO - test loss: 0.6264
2025-10-01 06:29:40,649 - root - INFO - test average_precision, 0.7073
2025-10-01 06:29:40,649 - root - INFO - best test average_precision: 0.7290
2025-10-01 06:29:40,649 - root - INFO - test roc_auc, 0.6949
2025-10-01 06:29:40,649 - root - INFO - new node test loss: 0.6648
2025-10-01 06:29:40,649 - root - INFO - new node test average_precision, 0.6557
2025-10-01 06:29:40,649 - root - INFO - new node test roc_auc, 0.6500
2025-10-01 06:30:47,563 - root - INFO - Epoch: 45, learning rate: 0.0001, train loss: 0.5214
2025-10-01 06:30:47,564 - root - INFO - train average_precision, 0.7975
2025-10-01 06:30:47,564 - root - INFO - train roc_auc, 0.8019
2025-10-01 06:30:47,564 - root - INFO - validate loss: 0.6217
2025-10-01 06:30:47,564 - root - INFO - validate average_precision, 0.7145
2025-10-01 06:30:47,564 - root - INFO - validate roc_auc, 0.7145
2025-10-01 06:30:47,564 - root - INFO - new node validate loss: 0.6473
2025-10-01 06:30:47,564 - root - INFO - new node validate average_precision, 0.6755
2025-10-01 06:30:47,564 - root - INFO - new node validate roc_auc, 0.6924
2025-10-01 06:31:00,474 - root - INFO - test loss: 0.6175
2025-10-01 06:31:00,474 - root - INFO - test average_precision, 0.7229
2025-10-01 06:31:00,474 - root - INFO - best test average_precision: 0.7290
2025-10-01 06:31:00,474 - root - INFO - test roc_auc, 0.7181
2025-10-01 06:31:00,474 - root - INFO - new node test loss: 0.6505
2025-10-01 06:31:00,474 - root - INFO - new node test average_precision, 0.6820
2025-10-01 06:31:00,474 - root - INFO - new node test roc_auc, 0.6828
2025-10-01 06:32:06,773 - root - INFO - Epoch: 46, learning rate: 0.0001, train loss: 0.5190
2025-10-01 06:32:06,774 - root - INFO - train average_precision, 0.7994
2025-10-01 06:32:06,774 - root - INFO - train roc_auc, 0.8036
2025-10-01 06:32:06,774 - root - INFO - validate loss: 0.6142
2025-10-01 06:32:06,774 - root - INFO - validate average_precision, 0.7200
2025-10-01 06:32:06,774 - root - INFO - validate roc_auc, 0.7188
2025-10-01 06:32:06,774 - root - INFO - new node validate loss: 0.6365
2025-10-01 06:32:06,774 - root - INFO - new node validate average_precision, 0.6827
2025-10-01 06:32:06,774 - root - INFO - new node validate roc_auc, 0.7009
2025-10-01 06:32:19,682 - root - INFO - test loss: 0.6058
2025-10-01 06:32:19,682 - root - INFO - test average_precision, 0.7380
2025-10-01 06:32:19,683 - root - INFO - best test average_precision: 0.7380
2025-10-01 06:32:19,683 - root - INFO - test roc_auc, 0.7294
2025-10-01 06:32:19,683 - root - INFO - new node test loss: 0.6395
2025-10-01 06:32:19,683 - root - INFO - new node test average_precision, 0.6854
2025-10-01 06:32:19,683 - root - INFO - new node test roc_auc, 0.6844
2025-10-01 06:33:27,053 - root - INFO - Epoch: 47, learning rate: 0.0001, train loss: 0.5178
2025-10-01 06:33:27,053 - root - INFO - train average_precision, 0.7991
2025-10-01 06:33:27,053 - root - INFO - train roc_auc, 0.8038
2025-10-01 06:33:27,053 - root - INFO - validate loss: 0.6168
2025-10-01 06:33:27,053 - root - INFO - validate average_precision, 0.7157
2025-10-01 06:33:27,053 - root - INFO - validate roc_auc, 0.7124
2025-10-01 06:33:27,053 - root - INFO - new node validate loss: 0.6366
2025-10-01 06:33:27,053 - root - INFO - new node validate average_precision, 0.6898
2025-10-01 06:33:27,053 - root - INFO - new node validate roc_auc, 0.7067
2025-10-01 06:33:39,952 - root - INFO - test loss: 0.6194
2025-10-01 06:33:39,953 - root - INFO - test average_precision, 0.7198
2025-10-01 06:33:39,953 - root - INFO - best test average_precision: 0.7380
2025-10-01 06:33:39,953 - root - INFO - test roc_auc, 0.7117
2025-10-01 06:33:39,953 - root - INFO - new node test loss: 0.6469
2025-10-01 06:33:39,953 - root - INFO - new node test average_precision, 0.6834
2025-10-01 06:33:39,953 - root - INFO - new node test roc_auc, 0.6733
2025-10-01 06:34:47,134 - root - INFO - Epoch: 48, learning rate: 0.0001, train loss: 0.5159
2025-10-01 06:34:47,134 - root - INFO - train average_precision, 0.8022
2025-10-01 06:34:47,134 - root - INFO - train roc_auc, 0.8082
2025-10-01 06:34:47,134 - root - INFO - validate loss: 0.6041
2025-10-01 06:34:47,134 - root - INFO - validate average_precision, 0.7267
2025-10-01 06:34:47,134 - root - INFO - validate roc_auc, 0.7320
2025-10-01 06:34:47,134 - root - INFO - new node validate loss: 0.6254
2025-10-01 06:34:47,134 - root - INFO - new node validate average_precision, 0.6922
2025-10-01 06:34:47,134 - root - INFO - new node validate roc_auc, 0.7160
2025-10-01 06:35:00,063 - root - INFO - test loss: 0.6063
2025-10-01 06:35:00,063 - root - INFO - test average_precision, 0.7330
2025-10-01 06:35:00,063 - root - INFO - best test average_precision: 0.7380
2025-10-01 06:35:00,063 - root - INFO - test roc_auc, 0.7313
2025-10-01 06:35:00,063 - root - INFO - new node test loss: 0.6446
2025-10-01 06:35:00,063 - root - INFO - new node test average_precision, 0.6814
2025-10-01 06:35:00,063 - root - INFO - new node test roc_auc, 0.6774
2025-10-01 06:36:06,646 - root - INFO - Epoch: 49, learning rate: 0.0001, train loss: 0.5168
2025-10-01 06:36:06,647 - root - INFO - train average_precision, 0.8004
2025-10-01 06:36:06,647 - root - INFO - train roc_auc, 0.8051
2025-10-01 06:36:06,647 - root - INFO - validate loss: 0.6118
2025-10-01 06:36:06,647 - root - INFO - validate average_precision, 0.7196
2025-10-01 06:36:06,647 - root - INFO - validate roc_auc, 0.7156
2025-10-01 06:36:06,647 - root - INFO - new node validate loss: 0.6330
2025-10-01 06:36:06,647 - root - INFO - new node validate average_precision, 0.6915
2025-10-01 06:36:06,648 - root - INFO - new node validate roc_auc, 0.7054
2025-10-01 06:36:19,534 - root - INFO - test loss: 0.6239
2025-10-01 06:36:19,534 - root - INFO - test average_precision, 0.7160
2025-10-01 06:36:19,534 - root - INFO - best test average_precision: 0.7380
2025-10-01 06:36:19,534 - root - INFO - test roc_auc, 0.7060
2025-10-01 06:36:19,534 - root - INFO - new node test loss: 0.6642
2025-10-01 06:36:19,535 - root - INFO - new node test average_precision, 0.6654
2025-10-01 06:36:19,535 - root - INFO - new node test roc_auc, 0.6566
2025-10-01 06:37:26,138 - root - INFO - Epoch: 50, learning rate: 0.0001, train loss: 0.5166
2025-10-01 06:37:26,138 - root - INFO - train average_precision, 0.8022
2025-10-01 06:37:26,138 - root - INFO - train roc_auc, 0.8057
2025-10-01 06:37:26,138 - root - INFO - validate loss: 0.6070
2025-10-01 06:37:26,138 - root - INFO - validate average_precision, 0.7272
2025-10-01 06:37:26,138 - root - INFO - validate roc_auc, 0.7319
2025-10-01 06:37:26,138 - root - INFO - new node validate loss: 0.6356
2025-10-01 06:37:26,139 - root - INFO - new node validate average_precision, 0.6877
2025-10-01 06:37:26,139 - root - INFO - new node validate roc_auc, 0.7041
2025-10-01 06:37:39,026 - root - INFO - test loss: 0.6191
2025-10-01 06:37:39,026 - root - INFO - test average_precision, 0.7176
2025-10-01 06:37:39,026 - root - INFO - best test average_precision: 0.7380
2025-10-01 06:37:39,026 - root - INFO - test roc_auc, 0.7083
2025-10-01 06:37:39,026 - root - INFO - new node test loss: 0.6543
2025-10-01 06:37:39,026 - root - INFO - new node test average_precision, 0.6743
2025-10-01 06:37:39,026 - root - INFO - new node test roc_auc, 0.6702
2025-10-01 06:38:45,448 - root - INFO - Epoch: 51, learning rate: 0.0001, train loss: 0.5137
2025-10-01 06:38:45,449 - root - INFO - train average_precision, 0.8040
2025-10-01 06:38:45,449 - root - INFO - train roc_auc, 0.8078
2025-10-01 06:38:45,449 - root - INFO - validate loss: 0.6165
2025-10-01 06:38:45,449 - root - INFO - validate average_precision, 0.7131
2025-10-01 06:38:45,449 - root - INFO - validate roc_auc, 0.7127
2025-10-01 06:38:45,449 - root - INFO - new node validate loss: 0.6367
2025-10-01 06:38:45,449 - root - INFO - new node validate average_precision, 0.6772
2025-10-01 06:38:45,449 - root - INFO - new node validate roc_auc, 0.7022
2025-10-01 06:38:58,416 - root - INFO - test loss: 0.6249
2025-10-01 06:38:58,416 - root - INFO - test average_precision, 0.7120
2025-10-01 06:38:58,416 - root - INFO - best test average_precision: 0.7380
2025-10-01 06:38:58,416 - root - INFO - test roc_auc, 0.7051
2025-10-01 06:38:58,416 - root - INFO - new node test loss: 0.6644
2025-10-01 06:38:58,416 - root - INFO - new node test average_precision, 0.6647
2025-10-01 06:38:58,416 - root - INFO - new node test roc_auc, 0.6597
2025-10-01 06:40:04,795 - root - INFO - Epoch: 52, learning rate: 0.0001, train loss: 0.5166
2025-10-01 06:40:04,795 - root - INFO - train average_precision, 0.8014
2025-10-01 06:40:04,795 - root - INFO - train roc_auc, 0.8056
2025-10-01 06:40:04,795 - root - INFO - validate loss: 0.6147
2025-10-01 06:40:04,795 - root - INFO - validate average_precision, 0.7195
2025-10-01 06:40:04,796 - root - INFO - validate roc_auc, 0.7153
2025-10-01 06:40:04,796 - root - INFO - new node validate loss: 0.6369
2025-10-01 06:40:04,796 - root - INFO - new node validate average_precision, 0.6917
2025-10-01 06:40:04,796 - root - INFO - new node validate roc_auc, 0.7017
2025-10-01 06:40:17,702 - root - INFO - test loss: 0.5951
2025-10-01 06:40:17,702 - root - INFO - test average_precision, 0.7467
2025-10-01 06:40:17,702 - root - INFO - best test average_precision: 0.7467
2025-10-01 06:40:17,702 - root - INFO - test roc_auc, 0.7429
2025-10-01 06:40:17,703 - root - INFO - new node test loss: 0.6501
2025-10-01 06:40:17,703 - root - INFO - new node test average_precision, 0.6922
2025-10-01 06:40:17,703 - root - INFO - new node test roc_auc, 0.6845
2025-10-01 06:41:24,040 - root - INFO - Epoch: 53, learning rate: 0.0001, train loss: 0.5118
2025-10-01 06:41:24,040 - root - INFO - train average_precision, 0.8062
2025-10-01 06:41:24,040 - root - INFO - train roc_auc, 0.8100
2025-10-01 06:41:24,041 - root - INFO - validate loss: 0.6144
2025-10-01 06:41:24,041 - root - INFO - validate average_precision, 0.7141
2025-10-01 06:41:24,041 - root - INFO - validate roc_auc, 0.7094
2025-10-01 06:41:24,041 - root - INFO - new node validate loss: 0.6376
2025-10-01 06:41:24,041 - root - INFO - new node validate average_precision, 0.6815
2025-10-01 06:41:24,041 - root - INFO - new node validate roc_auc, 0.6947
2025-10-01 06:41:36,896 - root - INFO - test loss: 0.6185
2025-10-01 06:41:36,896 - root - INFO - test average_precision, 0.7236
2025-10-01 06:41:36,896 - root - INFO - best test average_precision: 0.7467
2025-10-01 06:41:36,896 - root - INFO - test roc_auc, 0.7181
2025-10-01 06:41:36,896 - root - INFO - new node test loss: 0.6595
2025-10-01 06:41:36,897 - root - INFO - new node test average_precision, 0.6797
2025-10-01 06:41:36,897 - root - INFO - new node test roc_auc, 0.6727
2025-10-01 06:42:43,322 - root - INFO - Epoch: 54, learning rate: 0.0001, train loss: 0.5119
2025-10-01 06:42:43,322 - root - INFO - train average_precision, 0.8067
2025-10-01 06:42:43,322 - root - INFO - train roc_auc, 0.8105
2025-10-01 06:42:43,322 - root - INFO - validate loss: 0.6103
2025-10-01 06:42:43,322 - root - INFO - validate average_precision, 0.7218
2025-10-01 06:42:43,322 - root - INFO - validate roc_auc, 0.7156
2025-10-01 06:42:43,323 - root - INFO - new node validate loss: 0.6371
2025-10-01 06:42:43,323 - root - INFO - new node validate average_precision, 0.6911
2025-10-01 06:42:43,323 - root - INFO - new node validate roc_auc, 0.7004
2025-10-01 06:42:56,201 - root - INFO - test loss: 0.6228
2025-10-01 06:42:56,201 - root - INFO - test average_precision, 0.7172
2025-10-01 06:42:56,201 - root - INFO - best test average_precision: 0.7467
2025-10-01 06:42:56,202 - root - INFO - test roc_auc, 0.7000
2025-10-01 06:42:56,202 - root - INFO - new node test loss: 0.6588
2025-10-01 06:42:56,202 - root - INFO - new node test average_precision, 0.6724
2025-10-01 06:42:56,202 - root - INFO - new node test roc_auc, 0.6634
2025-10-01 06:44:02,956 - root - INFO - Epoch: 55, learning rate: 0.0001, train loss: 0.5105
2025-10-01 06:44:02,957 - root - INFO - train average_precision, 0.8061
2025-10-01 06:44:02,957 - root - INFO - train roc_auc, 0.8106
2025-10-01 06:44:02,957 - root - INFO - validate loss: 0.6149
2025-10-01 06:44:02,957 - root - INFO - validate average_precision, 0.7169
2025-10-01 06:44:02,957 - root - INFO - validate roc_auc, 0.7154
2025-10-01 06:44:02,957 - root - INFO - new node validate loss: 0.6596
2025-10-01 06:44:02,957 - root - INFO - new node validate average_precision, 0.6734
2025-10-01 06:44:02,957 - root - INFO - new node validate roc_auc, 0.6888
2025-10-01 06:44:15,855 - root - INFO - test loss: 0.6099
2025-10-01 06:44:15,855 - root - INFO - test average_precision, 0.7290
2025-10-01 06:44:15,855 - root - INFO - best test average_precision: 0.7467
2025-10-01 06:44:15,855 - root - INFO - test roc_auc, 0.7236
2025-10-01 06:44:15,855 - root - INFO - new node test loss: 0.6612
2025-10-01 06:44:15,855 - root - INFO - new node test average_precision, 0.6627
2025-10-01 06:44:15,855 - root - INFO - new node test roc_auc, 0.6589
2025-10-01 06:45:22,201 - root - INFO - Epoch: 56, learning rate: 0.0001, train loss: 0.5084
2025-10-01 06:45:22,201 - root - INFO - train average_precision, 0.8097
2025-10-01 06:45:22,201 - root - INFO - train roc_auc, 0.8135
2025-10-01 06:45:22,201 - root - INFO - validate loss: 0.6193
2025-10-01 06:45:22,201 - root - INFO - validate average_precision, 0.7127
2025-10-01 06:45:22,202 - root - INFO - validate roc_auc, 0.7051
2025-10-01 06:45:22,202 - root - INFO - new node validate loss: 0.6383
2025-10-01 06:45:22,202 - root - INFO - new node validate average_precision, 0.6887
2025-10-01 06:45:22,202 - root - INFO - new node validate roc_auc, 0.7016
2025-10-01 06:45:35,107 - root - INFO - test loss: 0.6245
2025-10-01 06:45:35,107 - root - INFO - test average_precision, 0.7123
2025-10-01 06:45:35,107 - root - INFO - best test average_precision: 0.7467
2025-10-01 06:45:35,107 - root - INFO - test roc_auc, 0.7005
2025-10-01 06:45:35,107 - root - INFO - new node test loss: 0.6468
2025-10-01 06:45:35,107 - root - INFO - new node test average_precision, 0.6876
2025-10-01 06:45:35,107 - root - INFO - new node test roc_auc, 0.6853
2025-10-01 06:46:41,571 - root - INFO - Epoch: 57, learning rate: 0.0001, train loss: 0.5122
2025-10-01 06:46:41,571 - root - INFO - train average_precision, 0.8065
2025-10-01 06:46:41,571 - root - INFO - train roc_auc, 0.8097
2025-10-01 06:46:41,571 - root - INFO - validate loss: 0.6241
2025-10-01 06:46:41,571 - root - INFO - validate average_precision, 0.7078
2025-10-01 06:46:41,571 - root - INFO - validate roc_auc, 0.7021
2025-10-01 06:46:41,571 - root - INFO - new node validate loss: 0.6513
2025-10-01 06:46:41,572 - root - INFO - new node validate average_precision, 0.6673
2025-10-01 06:46:41,572 - root - INFO - new node validate roc_auc, 0.6761
2025-10-01 06:46:54,496 - root - INFO - test loss: 0.6111
2025-10-01 06:46:54,496 - root - INFO - test average_precision, 0.7233
2025-10-01 06:46:54,496 - root - INFO - best test average_precision: 0.7467
2025-10-01 06:46:54,496 - root - INFO - test roc_auc, 0.7182
2025-10-01 06:46:54,496 - root - INFO - new node test loss: 0.6602
2025-10-01 06:46:54,496 - root - INFO - new node test average_precision, 0.6659
2025-10-01 06:46:54,496 - root - INFO - new node test roc_auc, 0.6619
2025-10-01 06:48:01,453 - root - INFO - Epoch: 58, learning rate: 0.0001, train loss: 0.5133
2025-10-01 06:48:01,454 - root - INFO - train average_precision, 0.8037
2025-10-01 06:48:01,454 - root - INFO - train roc_auc, 0.8065
2025-10-01 06:48:01,454 - root - INFO - validate loss: 0.6158
2025-10-01 06:48:01,454 - root - INFO - validate average_precision, 0.7219
2025-10-01 06:48:01,454 - root - INFO - validate roc_auc, 0.7171
2025-10-01 06:48:01,454 - root - INFO - new node validate loss: 0.6370
2025-10-01 06:48:01,454 - root - INFO - new node validate average_precision, 0.6889
2025-10-01 06:48:01,454 - root - INFO - new node validate roc_auc, 0.6974
2025-10-01 06:48:14,375 - root - INFO - test loss: 0.6144
2025-10-01 06:48:14,375 - root - INFO - test average_precision, 0.7234
2025-10-01 06:48:14,375 - root - INFO - best test average_precision: 0.7467
2025-10-01 06:48:14,375 - root - INFO - test roc_auc, 0.7069
2025-10-01 06:48:14,375 - root - INFO - new node test loss: 0.6637
2025-10-01 06:48:14,375 - root - INFO - new node test average_precision, 0.6622
2025-10-01 06:48:14,376 - root - INFO - new node test roc_auc, 0.6492
2025-10-01 06:49:21,598 - root - INFO - Epoch: 59, learning rate: 0.0001, train loss: 0.5102
2025-10-01 06:49:21,598 - root - INFO - train average_precision, 0.8081
2025-10-01 06:49:21,598 - root - INFO - train roc_auc, 0.8113
2025-10-01 06:49:21,599 - root - INFO - validate loss: 0.6245
2025-10-01 06:49:21,599 - root - INFO - validate average_precision, 0.7153
2025-10-01 06:49:21,599 - root - INFO - validate roc_auc, 0.7048
2025-10-01 06:49:21,599 - root - INFO - new node validate loss: 0.6634
2025-10-01 06:49:21,599 - root - INFO - new node validate average_precision, 0.6765
2025-10-01 06:49:21,599 - root - INFO - new node validate roc_auc, 0.6810
2025-10-01 06:49:34,535 - root - INFO - test loss: 0.6263
2025-10-01 06:49:34,536 - root - INFO - test average_precision, 0.7201
2025-10-01 06:49:34,536 - root - INFO - best test average_precision: 0.7467
2025-10-01 06:49:34,536 - root - INFO - test roc_auc, 0.7012
2025-10-01 06:49:34,536 - root - INFO - new node test loss: 0.6601
2025-10-01 06:49:34,536 - root - INFO - new node test average_precision, 0.6643
2025-10-01 06:49:34,536 - root - INFO - new node test roc_auc, 0.6549
2025-10-01 06:50:41,642 - root - INFO - Epoch: 60, learning rate: 0.0001, train loss: 0.5125
2025-10-01 06:50:41,642 - root - INFO - train average_precision, 0.8057
2025-10-01 06:50:41,642 - root - INFO - train roc_auc, 0.8083
2025-10-01 06:50:41,642 - root - INFO - validate loss: 0.6103
2025-10-01 06:50:41,642 - root - INFO - validate average_precision, 0.7243
2025-10-01 06:50:41,642 - root - INFO - validate roc_auc, 0.7224
2025-10-01 06:50:41,642 - root - INFO - new node validate loss: 0.6400
2025-10-01 06:50:41,642 - root - INFO - new node validate average_precision, 0.6970
2025-10-01 06:50:41,642 - root - INFO - new node validate roc_auc, 0.7098
2025-10-01 06:50:54,520 - root - INFO - test loss: 0.6151
2025-10-01 06:50:54,520 - root - INFO - test average_precision, 0.7277
2025-10-01 06:50:54,520 - root - INFO - best test average_precision: 0.7467
2025-10-01 06:50:54,520 - root - INFO - test roc_auc, 0.7138
2025-10-01 06:50:54,520 - root - INFO - new node test loss: 0.6561
2025-10-01 06:50:54,520 - root - INFO - new node test average_precision, 0.6859
2025-10-01 06:50:54,521 - root - INFO - new node test roc_auc, 0.6772
2025-10-01 06:52:01,045 - root - INFO - Epoch: 61, learning rate: 0.0001, train loss: 0.5104
2025-10-01 06:52:01,046 - root - INFO - train average_precision, 0.8064
2025-10-01 06:52:01,046 - root - INFO - train roc_auc, 0.8100
2025-10-01 06:52:01,046 - root - INFO - validate loss: 0.6125
2025-10-01 06:52:01,046 - root - INFO - validate average_precision, 0.7218
2025-10-01 06:52:01,046 - root - INFO - validate roc_auc, 0.7199
2025-10-01 06:52:01,046 - root - INFO - new node validate loss: 0.6408
2025-10-01 06:52:01,046 - root - INFO - new node validate average_precision, 0.6777
2025-10-01 06:52:01,046 - root - INFO - new node validate roc_auc, 0.6971
2025-10-01 06:52:13,954 - root - INFO - test loss: 0.6203
2025-10-01 06:52:13,955 - root - INFO - test average_precision, 0.7160
2025-10-01 06:52:13,955 - root - INFO - best test average_precision: 0.7467
2025-10-01 06:52:13,956 - root - INFO - test roc_auc, 0.7046
2025-10-01 06:52:13,956 - root - INFO - new node test loss: 0.6542
2025-10-01 06:52:13,956 - root - INFO - new node test average_precision, 0.6764
2025-10-01 06:52:13,956 - root - INFO - new node test roc_auc, 0.6603
2025-10-01 06:53:20,737 - root - INFO - Epoch: 62, learning rate: 0.0001, train loss: 0.5095
2025-10-01 06:53:20,737 - root - INFO - train average_precision, 0.8069
2025-10-01 06:53:20,737 - root - INFO - train roc_auc, 0.8115
2025-10-01 06:53:20,737 - root - INFO - validate loss: 0.6043
2025-10-01 06:53:20,737 - root - INFO - validate average_precision, 0.7316
2025-10-01 06:53:20,737 - root - INFO - validate roc_auc, 0.7291
2025-10-01 06:53:20,737 - root - INFO - new node validate loss: 0.6192
2025-10-01 06:53:20,737 - root - INFO - new node validate average_precision, 0.7000
2025-10-01 06:53:20,737 - root - INFO - new node validate roc_auc, 0.7182
2025-10-01 06:53:33,671 - root - INFO - test loss: 0.6120
2025-10-01 06:53:33,671 - root - INFO - test average_precision, 0.7282
2025-10-01 06:53:33,671 - root - INFO - best test average_precision: 0.7467
2025-10-01 06:53:33,671 - root - INFO - test roc_auc, 0.7132
2025-10-01 06:53:33,671 - root - INFO - new node test loss: 0.6533
2025-10-01 06:53:33,672 - root - INFO - new node test average_precision, 0.6802
2025-10-01 06:53:33,672 - root - INFO - new node test roc_auc, 0.6674
2025-10-01 06:54:40,613 - root - INFO - Epoch: 63, learning rate: 0.0001, train loss: 0.5119
2025-10-01 06:54:40,613 - root - INFO - train average_precision, 0.8071
2025-10-01 06:54:40,614 - root - INFO - train roc_auc, 0.8090
2025-10-01 06:54:40,614 - root - INFO - validate loss: 0.6154
2025-10-01 06:54:40,614 - root - INFO - validate average_precision, 0.7144
2025-10-01 06:54:40,614 - root - INFO - validate roc_auc, 0.7103
2025-10-01 06:54:40,614 - root - INFO - new node validate loss: 0.6358
2025-10-01 06:54:40,614 - root - INFO - new node validate average_precision, 0.6809
2025-10-01 06:54:40,614 - root - INFO - new node validate roc_auc, 0.6989
2025-10-01 06:54:53,502 - root - INFO - test loss: 0.6132
2025-10-01 06:54:53,503 - root - INFO - test average_precision, 0.7167
2025-10-01 06:54:53,503 - root - INFO - best test average_precision: 0.7467
2025-10-01 06:54:53,503 - root - INFO - test roc_auc, 0.7135
2025-10-01 06:54:53,503 - root - INFO - new node test loss: 0.6543
2025-10-01 06:54:53,503 - root - INFO - new node test average_precision, 0.6709
2025-10-01 06:54:53,503 - root - INFO - new node test roc_auc, 0.6740
2025-10-01 06:54:53,503 - root - INFO - load model ./saved_models/TGAT/enron/TGAT_seed3/TGAT_seed3.pkl
2025-10-01 06:54:53,524 - root - INFO - get final performance on dataset enron...
2025-10-01 06:55:19,835 - root - INFO - validate loss: 0.6047
2025-10-01 06:55:19,835 - root - INFO - validate average_precision, 0.7286
2025-10-01 06:55:19,835 - root - INFO - validate roc_auc, 0.7305
2025-10-01 06:55:19,835 - root - INFO - new node validate loss: 0.6313
2025-10-01 06:55:19,836 - root - INFO - new node validate average_precision, 0.6949
2025-10-01 06:55:19,836 - root - INFO - new node validate roc_auc, 0.7108
2025-10-01 06:55:19,836 - root - INFO - test loss: 0.6211
2025-10-01 06:55:19,836 - root - INFO - test average_precision, 0.7159
2025-10-01 06:55:19,836 - root - INFO - test roc_auc, 0.7051
2025-10-01 06:55:19,836 - root - INFO - new node test loss: 0.6581
2025-10-01 06:55:19,836 - root - INFO - new node test average_precision, 0.6698
2025-10-01 06:55:19,836 - root - INFO - new node test roc_auc, 0.6644
2025-10-01 06:55:19,836 - root - INFO - Run 4 cost 5039.58 seconds.
