2025-10-02 18:38:30,235 - root - INFO - ********** Run 3 starts. **********
2025-10-02 18:38:30,235 - root - INFO - configuration is Namespace(dataset_name='enron', batch_size=200, model_name='JODIE', gpu=0, num_neighbors=10, sample_neighbor_strategy='uniform', time_scaling_factor=1e-06, num_walk_heads=8, num_heads=2, num_layers=1, walk_length=1, time_gap=2000, time_feat_dim=128, position_feat_dim=172, time_window_mode='fixed_proportion', time_encoder_type='mercer', expert_dim=64, num_mixtures=4, patch_size=1, channel_embedding_dim=50, max_input_sequence_length=32, learning_rate=0.0001, dropout=0.1, gamma=0.5, num_epochs=100, optimizer='Adam', weight_decay=0.0, patience=20, val_ratio=0.15, test_ratio=0.15, num_runs=5, test_interval_epochs=1, negative_sample_strategy='random', max_interaction_times=10, load_best_configs=True, device='cuda:0', seed=2, save_model_name='JODIE_mercer_seed2')
2025-10-02 18:38:30,236 - root - INFO - time encoder type: mercer
2025-10-02 18:38:30,343 - root - INFO - model -> Sequential(
  (0): MemoryModel(
    (time_encoder): TimeEncoder(
      (w): Linear(in_features=1, out_features=128, bias=True)
    )
    (message_aggregator): MessageAggregator()
    (memory_bank): MemoryBank(num_nodes=185, memory_dim=172)
    (memory_updater): RNNMemoryUpdater(
      (memory_bank): MemoryBank(num_nodes=185, memory_dim=172)
      (memory_updater): RNNCell(644, 172)
    )
    (embedding_module): TimeProjectionEmbedding(
      (dropout): Dropout(p=0.1, inplace=False)
      (linear_layer): Linear(in_features=1, out_features=172, bias=True)
    )
  )
  (1): MergeLayer(
    (fc1): Linear(in_features=344, out_features=172, bias=True)
    (fc2): Linear(in_features=172, out_features=1, bias=True)
    (act): ReLU()
  )
)
2025-10-02 18:38:30,344 - root - INFO - model name: JODIE, #parameters: 803236 B, 784.41015625 KB, 0.7660255432128906 MB.
2025-10-02 18:38:35,512 - root - INFO - Epoch: 1, learning rate: 0.0001, train loss: 0.5433
2025-10-02 18:38:35,512 - root - INFO - train average_precision, 0.7290
2025-10-02 18:38:35,512 - root - INFO - train roc_auc, 0.7936
2025-10-02 18:38:35,512 - root - INFO - validate loss: 0.5753
2025-10-02 18:38:35,513 - root - INFO - validate average_precision, 0.6797
2025-10-02 18:38:35,513 - root - INFO - validate roc_auc, 0.7490
2025-10-02 18:38:35,513 - root - INFO - new node validate loss: 0.6428
2025-10-02 18:38:35,513 - root - INFO - new node validate average_precision, 0.6882
2025-10-02 18:38:35,513 - root - INFO - new node validate roc_auc, 0.7231
2025-10-02 18:38:36,348 - root - INFO - test loss: 0.5422
2025-10-02 18:38:36,348 - root - INFO - test average_precision, 0.7188
2025-10-02 18:38:36,348 - root - INFO - best test average_precision: 0.7188
2025-10-02 18:38:36,348 - root - INFO - test roc_auc, 0.7864
2025-10-02 18:38:36,348 - root - INFO - new node test loss: 0.6368
2025-10-02 18:38:36,348 - root - INFO - new node test average_precision, 0.7377
2025-10-02 18:38:36,348 - root - INFO - new node test roc_auc, 0.7590
2025-10-02 18:38:36,348 - root - INFO - save model ./saved_models/JODIE/enron/JODIE_mercer_seed2/JODIE_mercer_seed2.pkl
2025-10-02 18:38:41,806 - root - INFO - Epoch: 2, learning rate: 0.0001, train loss: 0.4704
2025-10-02 18:38:41,807 - root - INFO - train average_precision, 0.7964
2025-10-02 18:38:41,807 - root - INFO - train roc_auc, 0.8473
2025-10-02 18:38:41,807 - root - INFO - validate loss: 0.6009
2025-10-02 18:38:41,807 - root - INFO - validate average_precision, 0.6850
2025-10-02 18:38:41,807 - root - INFO - validate roc_auc, 0.7488
2025-10-02 18:38:41,807 - root - INFO - new node validate loss: 0.6619
2025-10-02 18:38:41,807 - root - INFO - new node validate average_precision, 0.6882
2025-10-02 18:38:41,807 - root - INFO - new node validate roc_auc, 0.7183
2025-10-02 18:38:42,642 - root - INFO - test loss: 0.5707
2025-10-02 18:38:42,642 - root - INFO - test average_precision, 0.7223
2025-10-02 18:38:42,642 - root - INFO - best test average_precision: 0.7223
2025-10-02 18:38:42,642 - root - INFO - test roc_auc, 0.7836
2025-10-02 18:38:42,642 - root - INFO - new node test loss: 0.6494
2025-10-02 18:38:42,642 - root - INFO - new node test average_precision, 0.7267
2025-10-02 18:38:42,643 - root - INFO - new node test roc_auc, 0.7492
2025-10-02 18:38:47,907 - root - INFO - Epoch: 3, learning rate: 0.0001, train loss: 0.4320
2025-10-02 18:38:47,907 - root - INFO - train average_precision, 0.8494
2025-10-02 18:38:47,907 - root - INFO - train roc_auc, 0.8804
2025-10-02 18:38:47,907 - root - INFO - validate loss: 0.6223
2025-10-02 18:38:47,907 - root - INFO - validate average_precision, 0.7133
2025-10-02 18:38:47,908 - root - INFO - validate roc_auc, 0.7691
2025-10-02 18:38:47,908 - root - INFO - new node validate loss: 0.6876
2025-10-02 18:38:47,908 - root - INFO - new node validate average_precision, 0.7122
2025-10-02 18:38:47,908 - root - INFO - new node validate roc_auc, 0.7345
2025-10-02 18:38:48,739 - root - INFO - test loss: 0.5941
2025-10-02 18:38:48,739 - root - INFO - test average_precision, 0.7356
2025-10-02 18:38:48,739 - root - INFO - best test average_precision: 0.7356
2025-10-02 18:38:48,739 - root - INFO - test roc_auc, 0.7953
2025-10-02 18:38:48,739 - root - INFO - new node test loss: 0.6727
2025-10-02 18:38:48,739 - root - INFO - new node test average_precision, 0.7326
2025-10-02 18:38:48,739 - root - INFO - new node test roc_auc, 0.7487
2025-10-02 18:38:48,739 - root - INFO - save model ./saved_models/JODIE/enron/JODIE_mercer_seed2/JODIE_mercer_seed2.pkl
2025-10-02 18:38:54,035 - root - INFO - Epoch: 4, learning rate: 0.0001, train loss: 0.4103
2025-10-02 18:38:54,035 - root - INFO - train average_precision, 0.8607
2025-10-02 18:38:54,035 - root - INFO - train roc_auc, 0.8900
2025-10-02 18:38:54,035 - root - INFO - validate loss: 0.7991
2025-10-02 18:38:54,035 - root - INFO - validate average_precision, 0.7318
2025-10-02 18:38:54,035 - root - INFO - validate roc_auc, 0.7783
2025-10-02 18:38:54,035 - root - INFO - new node validate loss: 0.7593
2025-10-02 18:38:54,035 - root - INFO - new node validate average_precision, 0.7438
2025-10-02 18:38:54,035 - root - INFO - new node validate roc_auc, 0.7557
2025-10-02 18:38:54,868 - root - INFO - test loss: 0.8005
2025-10-02 18:38:54,868 - root - INFO - test average_precision, 0.7492
2025-10-02 18:38:54,868 - root - INFO - best test average_precision: 0.7492
2025-10-02 18:38:54,868 - root - INFO - test roc_auc, 0.8024
2025-10-02 18:38:54,868 - root - INFO - new node test loss: 0.8655
2025-10-02 18:38:54,868 - root - INFO - new node test average_precision, 0.7474
2025-10-02 18:38:54,868 - root - INFO - new node test roc_auc, 0.7604
2025-10-02 18:38:54,868 - root - INFO - save model ./saved_models/JODIE/enron/JODIE_mercer_seed2/JODIE_mercer_seed2.pkl
2025-10-02 18:39:00,084 - root - INFO - Epoch: 5, learning rate: 0.0001, train loss: 0.4329
2025-10-02 18:39:00,084 - root - INFO - train average_precision, 0.8447
2025-10-02 18:39:00,084 - root - INFO - train roc_auc, 0.8775
2025-10-02 18:39:00,084 - root - INFO - validate loss: 0.5767
2025-10-02 18:39:00,084 - root - INFO - validate average_precision, 0.6899
2025-10-02 18:39:00,084 - root - INFO - validate roc_auc, 0.7538
2025-10-02 18:39:00,084 - root - INFO - new node validate loss: 0.6615
2025-10-02 18:39:00,084 - root - INFO - new node validate average_precision, 0.6923
2025-10-02 18:39:00,084 - root - INFO - new node validate roc_auc, 0.7209
2025-10-02 18:39:00,914 - root - INFO - test loss: 0.5370
2025-10-02 18:39:00,914 - root - INFO - test average_precision, 0.7314
2025-10-02 18:39:00,914 - root - INFO - best test average_precision: 0.7492
2025-10-02 18:39:00,914 - root - INFO - test roc_auc, 0.7948
2025-10-02 18:39:00,914 - root - INFO - new node test loss: 0.6203
2025-10-02 18:39:00,914 - root - INFO - new node test average_precision, 0.7464
2025-10-02 18:39:00,915 - root - INFO - new node test roc_auc, 0.7628
2025-10-02 18:39:06,072 - root - INFO - Epoch: 6, learning rate: 0.0001, train loss: 0.4514
2025-10-02 18:39:06,073 - root - INFO - train average_precision, 0.8290
2025-10-02 18:39:06,073 - root - INFO - train roc_auc, 0.8666
2025-10-02 18:39:06,073 - root - INFO - validate loss: 0.5586
2025-10-02 18:39:06,073 - root - INFO - validate average_precision, 0.7368
2025-10-02 18:39:06,073 - root - INFO - validate roc_auc, 0.7872
2025-10-02 18:39:06,073 - root - INFO - new node validate loss: 0.6593
2025-10-02 18:39:06,073 - root - INFO - new node validate average_precision, 0.7159
2025-10-02 18:39:06,073 - root - INFO - new node validate roc_auc, 0.7463
2025-10-02 18:39:06,909 - root - INFO - test loss: 0.5656
2025-10-02 18:39:06,909 - root - INFO - test average_precision, 0.7424
2025-10-02 18:39:06,909 - root - INFO - best test average_precision: 0.7492
2025-10-02 18:39:06,909 - root - INFO - test roc_auc, 0.7999
2025-10-02 18:39:06,909 - root - INFO - new node test loss: 0.6420
2025-10-02 18:39:06,909 - root - INFO - new node test average_precision, 0.7499
2025-10-02 18:39:06,909 - root - INFO - new node test roc_auc, 0.7634
2025-10-02 18:39:06,909 - root - INFO - save model ./saved_models/JODIE/enron/JODIE_mercer_seed2/JODIE_mercer_seed2.pkl
2025-10-02 18:39:12,254 - root - INFO - Epoch: 7, learning rate: 0.0001, train loss: 0.4446
2025-10-02 18:39:12,254 - root - INFO - train average_precision, 0.8361
2025-10-02 18:39:12,254 - root - INFO - train roc_auc, 0.8723
2025-10-02 18:39:12,254 - root - INFO - validate loss: 0.6832
2025-10-02 18:39:12,254 - root - INFO - validate average_precision, 0.7485
2025-10-02 18:39:12,254 - root - INFO - validate roc_auc, 0.7987
2025-10-02 18:39:12,254 - root - INFO - new node validate loss: 0.7244
2025-10-02 18:39:12,254 - root - INFO - new node validate average_precision, 0.7506
2025-10-02 18:39:12,254 - root - INFO - new node validate roc_auc, 0.7560
2025-10-02 18:39:13,085 - root - INFO - test loss: 0.7287
2025-10-02 18:39:13,086 - root - INFO - test average_precision, 0.7579
2025-10-02 18:39:13,086 - root - INFO - best test average_precision: 0.7579
2025-10-02 18:39:13,086 - root - INFO - test roc_auc, 0.8098
2025-10-02 18:39:13,086 - root - INFO - new node test loss: 0.8013
2025-10-02 18:39:13,086 - root - INFO - new node test average_precision, 0.7609
2025-10-02 18:39:13,086 - root - INFO - new node test roc_auc, 0.7757
2025-10-02 18:39:13,086 - root - INFO - save model ./saved_models/JODIE/enron/JODIE_mercer_seed2/JODIE_mercer_seed2.pkl
2025-10-02 18:39:18,300 - root - INFO - Epoch: 8, learning rate: 0.0001, train loss: 0.4690
2025-10-02 18:39:18,301 - root - INFO - train average_precision, 0.8026
2025-10-02 18:39:18,301 - root - INFO - train roc_auc, 0.8492
2025-10-02 18:39:18,301 - root - INFO - validate loss: 0.5316
2025-10-02 18:39:18,301 - root - INFO - validate average_precision, 0.7487
2025-10-02 18:39:18,301 - root - INFO - validate roc_auc, 0.7972
2025-10-02 18:39:18,301 - root - INFO - new node validate loss: 0.6326
2025-10-02 18:39:18,301 - root - INFO - new node validate average_precision, 0.7676
2025-10-02 18:39:18,301 - root - INFO - new node validate roc_auc, 0.7787
2025-10-02 18:39:19,136 - root - INFO - test loss: 0.5087
2025-10-02 18:39:19,136 - root - INFO - test average_precision, 0.7673
2025-10-02 18:39:19,136 - root - INFO - best test average_precision: 0.7673
2025-10-02 18:39:19,136 - root - INFO - test roc_auc, 0.8166
2025-10-02 18:39:19,136 - root - INFO - new node test loss: 0.6504
2025-10-02 18:39:19,136 - root - INFO - new node test average_precision, 0.7579
2025-10-02 18:39:19,136 - root - INFO - new node test roc_auc, 0.7638
2025-10-02 18:39:24,298 - root - INFO - Epoch: 9, learning rate: 0.0001, train loss: 0.3986
2025-10-02 18:39:24,298 - root - INFO - train average_precision, 0.8711
2025-10-02 18:39:24,298 - root - INFO - train roc_auc, 0.8982
2025-10-02 18:39:24,298 - root - INFO - validate loss: 0.4709
2025-10-02 18:39:24,298 - root - INFO - validate average_precision, 0.8348
2025-10-02 18:39:24,298 - root - INFO - validate roc_auc, 0.8592
2025-10-02 18:39:24,299 - root - INFO - new node validate loss: 0.7104
2025-10-02 18:39:24,299 - root - INFO - new node validate average_precision, 0.7095
2025-10-02 18:39:24,299 - root - INFO - new node validate roc_auc, 0.7293
2025-10-02 18:39:25,132 - root - INFO - test loss: 0.4868
2025-10-02 18:39:25,132 - root - INFO - test average_precision, 0.8379
2025-10-02 18:39:25,132 - root - INFO - best test average_precision: 0.8379
2025-10-02 18:39:25,132 - root - INFO - test roc_auc, 0.8664
2025-10-02 18:39:25,132 - root - INFO - new node test loss: 0.5710
2025-10-02 18:39:25,132 - root - INFO - new node test average_precision, 0.7623
2025-10-02 18:39:25,133 - root - INFO - new node test roc_auc, 0.7796
2025-10-02 18:39:25,133 - root - INFO - save model ./saved_models/JODIE/enron/JODIE_mercer_seed2/JODIE_mercer_seed2.pkl
2025-10-02 18:39:30,385 - root - INFO - Epoch: 10, learning rate: 0.0001, train loss: 0.4302
2025-10-02 18:39:30,385 - root - INFO - train average_precision, 0.8518
2025-10-02 18:39:30,385 - root - INFO - train roc_auc, 0.8799
2025-10-02 18:39:30,385 - root - INFO - validate loss: 0.5683
2025-10-02 18:39:30,385 - root - INFO - validate average_precision, 0.6769
2025-10-02 18:39:30,385 - root - INFO - validate roc_auc, 0.7449
2025-10-02 18:39:30,385 - root - INFO - new node validate loss: 0.6907
2025-10-02 18:39:30,385 - root - INFO - new node validate average_precision, 0.6734
2025-10-02 18:39:30,385 - root - INFO - new node validate roc_auc, 0.7021
2025-10-02 18:39:31,217 - root - INFO - test loss: 0.5318
2025-10-02 18:39:31,217 - root - INFO - test average_precision, 0.7190
2025-10-02 18:39:31,217 - root - INFO - best test average_precision: 0.8379
2025-10-02 18:39:31,217 - root - INFO - test roc_auc, 0.7865
2025-10-02 18:39:31,217 - root - INFO - new node test loss: 0.6121
2025-10-02 18:39:31,217 - root - INFO - new node test average_precision, 0.7153
2025-10-02 18:39:31,217 - root - INFO - new node test roc_auc, 0.7522
2025-10-02 18:39:36,391 - root - INFO - Epoch: 11, learning rate: 0.0001, train loss: 0.3974
2025-10-02 18:39:36,391 - root - INFO - train average_precision, 0.8771
2025-10-02 18:39:36,391 - root - INFO - train roc_auc, 0.9007
2025-10-02 18:39:36,391 - root - INFO - validate loss: 0.7102
2025-10-02 18:39:36,391 - root - INFO - validate average_precision, 0.7276
2025-10-02 18:39:36,391 - root - INFO - validate roc_auc, 0.7831
2025-10-02 18:39:36,391 - root - INFO - new node validate loss: 0.6126
2025-10-02 18:39:36,391 - root - INFO - new node validate average_precision, 0.7635
2025-10-02 18:39:36,391 - root - INFO - new node validate roc_auc, 0.7764
2025-10-02 18:39:37,225 - root - INFO - test loss: 0.7479
2025-10-02 18:39:37,225 - root - INFO - test average_precision, 0.7373
2025-10-02 18:39:37,225 - root - INFO - best test average_precision: 0.8379
2025-10-02 18:39:37,225 - root - INFO - test roc_auc, 0.7979
2025-10-02 18:39:37,225 - root - INFO - new node test loss: 0.8344
2025-10-02 18:39:37,225 - root - INFO - new node test average_precision, 0.7398
2025-10-02 18:39:37,225 - root - INFO - new node test roc_auc, 0.7615
2025-10-02 18:39:42,472 - root - INFO - Epoch: 12, learning rate: 0.0001, train loss: 0.3860
2025-10-02 18:39:42,472 - root - INFO - train average_precision, 0.8880
2025-10-02 18:39:42,472 - root - INFO - train roc_auc, 0.9077
2025-10-02 18:39:42,472 - root - INFO - validate loss: 0.5711
2025-10-02 18:39:42,472 - root - INFO - validate average_precision, 0.7664
2025-10-02 18:39:42,472 - root - INFO - validate roc_auc, 0.8124
2025-10-02 18:39:42,472 - root - INFO - new node validate loss: 0.6677
2025-10-02 18:39:42,472 - root - INFO - new node validate average_precision, 0.6925
2025-10-02 18:39:42,472 - root - INFO - new node validate roc_auc, 0.7249
2025-10-02 18:39:43,307 - root - INFO - test loss: 0.6541
2025-10-02 18:39:43,307 - root - INFO - test average_precision, 0.7457
2025-10-02 18:39:43,308 - root - INFO - best test average_precision: 0.8379
2025-10-02 18:39:43,308 - root - INFO - test roc_auc, 0.8052
2025-10-02 18:39:43,308 - root - INFO - new node test loss: 0.7457
2025-10-02 18:39:43,308 - root - INFO - new node test average_precision, 0.7357
2025-10-02 18:39:43,308 - root - INFO - new node test roc_auc, 0.7561
2025-10-02 18:39:48,518 - root - INFO - Epoch: 13, learning rate: 0.0001, train loss: 0.3846
2025-10-02 18:39:48,518 - root - INFO - train average_precision, 0.8882
2025-10-02 18:39:48,518 - root - INFO - train roc_auc, 0.9061
2025-10-02 18:39:48,518 - root - INFO - validate loss: 0.6046
2025-10-02 18:39:48,518 - root - INFO - validate average_precision, 0.7645
2025-10-02 18:39:48,518 - root - INFO - validate roc_auc, 0.8089
2025-10-02 18:39:48,518 - root - INFO - new node validate loss: 0.7763
2025-10-02 18:39:48,518 - root - INFO - new node validate average_precision, 0.6944
2025-10-02 18:39:48,519 - root - INFO - new node validate roc_auc, 0.7121
2025-10-02 18:39:49,349 - root - INFO - test loss: 0.5541
2025-10-02 18:39:49,349 - root - INFO - test average_precision, 0.7796
2025-10-02 18:39:49,349 - root - INFO - best test average_precision: 0.8379
2025-10-02 18:39:49,349 - root - INFO - test roc_auc, 0.8295
2025-10-02 18:39:49,349 - root - INFO - new node test loss: 0.6590
2025-10-02 18:39:49,349 - root - INFO - new node test average_precision, 0.7588
2025-10-02 18:39:49,349 - root - INFO - new node test roc_auc, 0.7830
2025-10-02 18:39:54,519 - root - INFO - Epoch: 14, learning rate: 0.0001, train loss: 0.3861
2025-10-02 18:39:54,519 - root - INFO - train average_precision, 0.8844
2025-10-02 18:39:54,519 - root - INFO - train roc_auc, 0.9052
2025-10-02 18:39:54,519 - root - INFO - validate loss: 0.8014
2025-10-02 18:39:54,519 - root - INFO - validate average_precision, 0.7758
2025-10-02 18:39:54,519 - root - INFO - validate roc_auc, 0.8094
2025-10-02 18:39:54,519 - root - INFO - new node validate loss: 0.7272
2025-10-02 18:39:54,520 - root - INFO - new node validate average_precision, 0.7692
2025-10-02 18:39:54,520 - root - INFO - new node validate roc_auc, 0.7775
2025-10-02 18:39:55,352 - root - INFO - test loss: 0.8002
2025-10-02 18:39:55,352 - root - INFO - test average_precision, 0.7966
2025-10-02 18:39:55,352 - root - INFO - best test average_precision: 0.8379
2025-10-02 18:39:55,352 - root - INFO - test roc_auc, 0.8364
2025-10-02 18:39:55,352 - root - INFO - new node test loss: 0.8367
2025-10-02 18:39:55,352 - root - INFO - new node test average_precision, 0.7586
2025-10-02 18:39:55,353 - root - INFO - new node test roc_auc, 0.7726
2025-10-02 18:40:00,537 - root - INFO - Epoch: 15, learning rate: 0.0001, train loss: 0.3826
2025-10-02 18:40:00,538 - root - INFO - train average_precision, 0.8845
2025-10-02 18:40:00,538 - root - INFO - train roc_auc, 0.9059
2025-10-02 18:40:00,538 - root - INFO - validate loss: 0.6807
2025-10-02 18:40:00,538 - root - INFO - validate average_precision, 0.7192
2025-10-02 18:40:00,538 - root - INFO - validate roc_auc, 0.7703
2025-10-02 18:40:00,538 - root - INFO - new node validate loss: 0.7382
2025-10-02 18:40:00,538 - root - INFO - new node validate average_precision, 0.6981
2025-10-02 18:40:00,538 - root - INFO - new node validate roc_auc, 0.7229
2025-10-02 18:40:01,369 - root - INFO - test loss: 0.6850
2025-10-02 18:40:01,369 - root - INFO - test average_precision, 0.7301
2025-10-02 18:40:01,370 - root - INFO - best test average_precision: 0.8379
2025-10-02 18:40:01,370 - root - INFO - test roc_auc, 0.7924
2025-10-02 18:40:01,370 - root - INFO - new node test loss: 0.7743
2025-10-02 18:40:01,370 - root - INFO - new node test average_precision, 0.7313
2025-10-02 18:40:01,370 - root - INFO - new node test roc_auc, 0.7517
2025-10-02 18:40:06,556 - root - INFO - Epoch: 16, learning rate: 0.0001, train loss: 0.3822
2025-10-02 18:40:06,557 - root - INFO - train average_precision, 0.8839
2025-10-02 18:40:06,557 - root - INFO - train roc_auc, 0.9059
2025-10-02 18:40:06,557 - root - INFO - validate loss: 0.5082
2025-10-02 18:40:06,557 - root - INFO - validate average_precision, 0.8328
2025-10-02 18:40:06,557 - root - INFO - validate roc_auc, 0.8522
2025-10-02 18:40:06,557 - root - INFO - new node validate loss: 0.7470
2025-10-02 18:40:06,557 - root - INFO - new node validate average_precision, 0.7011
2025-10-02 18:40:06,557 - root - INFO - new node validate roc_auc, 0.7255
2025-10-02 18:40:07,389 - root - INFO - test loss: 0.5357
2025-10-02 18:40:07,390 - root - INFO - test average_precision, 0.8379
2025-10-02 18:40:07,390 - root - INFO - best test average_precision: 0.8379
2025-10-02 18:40:07,390 - root - INFO - test roc_auc, 0.8573
2025-10-02 18:40:07,390 - root - INFO - new node test loss: 0.5728
2025-10-02 18:40:07,390 - root - INFO - new node test average_precision, 0.7815
2025-10-02 18:40:07,390 - root - INFO - new node test roc_auc, 0.7974
2025-10-02 18:40:12,586 - root - INFO - Epoch: 17, learning rate: 0.0001, train loss: 0.3766
2025-10-02 18:40:12,586 - root - INFO - train average_precision, 0.8948
2025-10-02 18:40:12,586 - root - INFO - train roc_auc, 0.9099
2025-10-02 18:40:12,586 - root - INFO - validate loss: 0.5022
2025-10-02 18:40:12,586 - root - INFO - validate average_precision, 0.8282
2025-10-02 18:40:12,586 - root - INFO - validate roc_auc, 0.8494
2025-10-02 18:40:12,586 - root - INFO - new node validate loss: 0.6943
2025-10-02 18:40:12,586 - root - INFO - new node validate average_precision, 0.7384
2025-10-02 18:40:12,586 - root - INFO - new node validate roc_auc, 0.7497
2025-10-02 18:40:13,420 - root - INFO - test loss: 0.7166
2025-10-02 18:40:13,421 - root - INFO - test average_precision, 0.7646
2025-10-02 18:40:13,421 - root - INFO - best test average_precision: 0.8379
2025-10-02 18:40:13,421 - root - INFO - test roc_auc, 0.8129
2025-10-02 18:40:13,421 - root - INFO - new node test loss: 0.6383
2025-10-02 18:40:13,421 - root - INFO - new node test average_precision, 0.7786
2025-10-02 18:40:13,421 - root - INFO - new node test roc_auc, 0.7890
2025-10-02 18:40:18,684 - root - INFO - Epoch: 18, learning rate: 0.0001, train loss: 0.3427
2025-10-02 18:40:18,684 - root - INFO - train average_precision, 0.9085
2025-10-02 18:40:18,684 - root - INFO - train roc_auc, 0.9236
2025-10-02 18:40:18,684 - root - INFO - validate loss: 0.5865
2025-10-02 18:40:18,684 - root - INFO - validate average_precision, 0.7458
2025-10-02 18:40:18,684 - root - INFO - validate roc_auc, 0.7955
2025-10-02 18:40:18,684 - root - INFO - new node validate loss: 0.7544
2025-10-02 18:40:18,684 - root - INFO - new node validate average_precision, 0.6953
2025-10-02 18:40:18,684 - root - INFO - new node validate roc_auc, 0.7116
2025-10-02 18:40:19,652 - root - INFO - test loss: 0.5658
2025-10-02 18:40:19,652 - root - INFO - test average_precision, 0.7604
2025-10-02 18:40:19,652 - root - INFO - best test average_precision: 0.8379
2025-10-02 18:40:19,652 - root - INFO - test roc_auc, 0.8124
2025-10-02 18:40:19,652 - root - INFO - new node test loss: 0.7093
2025-10-02 18:40:19,652 - root - INFO - new node test average_precision, 0.7266
2025-10-02 18:40:19,652 - root - INFO - new node test roc_auc, 0.7437
2025-10-02 18:40:24,834 - root - INFO - Epoch: 19, learning rate: 0.0001, train loss: 0.3646
2025-10-02 18:40:24,834 - root - INFO - train average_precision, 0.8988
2025-10-02 18:40:24,834 - root - INFO - train roc_auc, 0.9143
2025-10-02 18:40:24,834 - root - INFO - validate loss: 0.5485
2025-10-02 18:40:24,835 - root - INFO - validate average_precision, 0.7935
2025-10-02 18:40:24,835 - root - INFO - validate roc_auc, 0.8364
2025-10-02 18:40:24,835 - root - INFO - new node validate loss: 0.6859
2025-10-02 18:40:24,835 - root - INFO - new node validate average_precision, 0.7236
2025-10-02 18:40:24,835 - root - INFO - new node validate roc_auc, 0.7411
2025-10-02 18:40:25,672 - root - INFO - test loss: 0.5722
2025-10-02 18:40:25,672 - root - INFO - test average_precision, 0.7809
2025-10-02 18:40:25,672 - root - INFO - best test average_precision: 0.8379
2025-10-02 18:40:25,673 - root - INFO - test roc_auc, 0.8363
2025-10-02 18:40:25,673 - root - INFO - new node test loss: 0.7742
2025-10-02 18:40:25,673 - root - INFO - new node test average_precision, 0.7501
2025-10-02 18:40:25,673 - root - INFO - new node test roc_auc, 0.7702
2025-10-02 18:40:30,776 - root - INFO - Epoch: 20, learning rate: 0.0001, train loss: 0.3576
2025-10-02 18:40:30,776 - root - INFO - train average_precision, 0.9008
2025-10-02 18:40:30,777 - root - INFO - train roc_auc, 0.9185
2025-10-02 18:40:30,777 - root - INFO - validate loss: 0.5122
2025-10-02 18:40:30,777 - root - INFO - validate average_precision, 0.7908
2025-10-02 18:40:30,777 - root - INFO - validate roc_auc, 0.8299
2025-10-02 18:40:30,777 - root - INFO - new node validate loss: 0.7077
2025-10-02 18:40:30,777 - root - INFO - new node validate average_precision, 0.7044
2025-10-02 18:40:30,777 - root - INFO - new node validate roc_auc, 0.7174
2025-10-02 18:40:31,613 - root - INFO - test loss: 0.5331
2025-10-02 18:40:31,613 - root - INFO - test average_precision, 0.8039
2025-10-02 18:40:31,614 - root - INFO - best test average_precision: 0.8379
2025-10-02 18:40:31,614 - root - INFO - test roc_auc, 0.8401
2025-10-02 18:40:31,614 - root - INFO - new node test loss: 0.5583
2025-10-02 18:40:31,614 - root - INFO - new node test average_precision, 0.7995
2025-10-02 18:40:31,614 - root - INFO - new node test roc_auc, 0.8031
2025-10-02 18:40:36,746 - root - INFO - Epoch: 21, learning rate: 0.0001, train loss: 0.3576
2025-10-02 18:40:36,747 - root - INFO - train average_precision, 0.9020
2025-10-02 18:40:36,747 - root - INFO - train roc_auc, 0.9169
2025-10-02 18:40:36,747 - root - INFO - validate loss: 0.6822
2025-10-02 18:40:36,747 - root - INFO - validate average_precision, 0.7357
2025-10-02 18:40:36,747 - root - INFO - validate roc_auc, 0.7896
2025-10-02 18:40:36,747 - root - INFO - new node validate loss: 0.7242
2025-10-02 18:40:36,747 - root - INFO - new node validate average_precision, 0.7279
2025-10-02 18:40:36,747 - root - INFO - new node validate roc_auc, 0.7459
2025-10-02 18:40:37,576 - root - INFO - test loss: 0.6374
2025-10-02 18:40:37,576 - root - INFO - test average_precision, 0.7515
2025-10-02 18:40:37,576 - root - INFO - best test average_precision: 0.8379
2025-10-02 18:40:37,576 - root - INFO - test roc_auc, 0.8071
2025-10-02 18:40:37,576 - root - INFO - new node test loss: 0.7175
2025-10-02 18:40:37,576 - root - INFO - new node test average_precision, 0.7431
2025-10-02 18:40:37,576 - root - INFO - new node test roc_auc, 0.7598
2025-10-02 18:40:42,778 - root - INFO - Epoch: 22, learning rate: 0.0001, train loss: 0.3431
2025-10-02 18:40:42,778 - root - INFO - train average_precision, 0.9127
2025-10-02 18:40:42,778 - root - INFO - train roc_auc, 0.9241
2025-10-02 18:40:42,778 - root - INFO - validate loss: 0.7230
2025-10-02 18:40:42,778 - root - INFO - validate average_precision, 0.7793
2025-10-02 18:40:42,778 - root - INFO - validate roc_auc, 0.8132
2025-10-02 18:40:42,779 - root - INFO - new node validate loss: 0.7245
2025-10-02 18:40:42,779 - root - INFO - new node validate average_precision, 0.7352
2025-10-02 18:40:42,779 - root - INFO - new node validate roc_auc, 0.7523
2025-10-02 18:40:43,611 - root - INFO - test loss: 0.7557
2025-10-02 18:40:43,611 - root - INFO - test average_precision, 0.7669
2025-10-02 18:40:43,611 - root - INFO - best test average_precision: 0.8379
2025-10-02 18:40:43,612 - root - INFO - test roc_auc, 0.8150
2025-10-02 18:40:43,612 - root - INFO - new node test loss: 0.8106
2025-10-02 18:40:43,612 - root - INFO - new node test average_precision, 0.7551
2025-10-02 18:40:43,612 - root - INFO - new node test roc_auc, 0.7611
2025-10-02 18:40:48,752 - root - INFO - Epoch: 23, learning rate: 0.0001, train loss: 0.3304
2025-10-02 18:40:48,752 - root - INFO - train average_precision, 0.9176
2025-10-02 18:40:48,752 - root - INFO - train roc_auc, 0.9294
2025-10-02 18:40:48,752 - root - INFO - validate loss: 0.6860
2025-10-02 18:40:48,752 - root - INFO - validate average_precision, 0.7801
2025-10-02 18:40:48,752 - root - INFO - validate roc_auc, 0.8121
2025-10-02 18:40:48,752 - root - INFO - new node validate loss: 0.6790
2025-10-02 18:40:48,752 - root - INFO - new node validate average_precision, 0.7479
2025-10-02 18:40:48,753 - root - INFO - new node validate roc_auc, 0.7606
2025-10-02 18:40:49,585 - root - INFO - test loss: 0.8048
2025-10-02 18:40:49,585 - root - INFO - test average_precision, 0.7673
2025-10-02 18:40:49,585 - root - INFO - best test average_precision: 0.8379
2025-10-02 18:40:49,585 - root - INFO - test roc_auc, 0.8169
2025-10-02 18:40:49,585 - root - INFO - new node test loss: 0.8723
2025-10-02 18:40:49,585 - root - INFO - new node test average_precision, 0.7707
2025-10-02 18:40:49,585 - root - INFO - new node test roc_auc, 0.7783
2025-10-02 18:40:54,907 - root - INFO - Epoch: 24, learning rate: 0.0001, train loss: 0.3309
2025-10-02 18:40:54,907 - root - INFO - train average_precision, 0.9191
2025-10-02 18:40:54,907 - root - INFO - train roc_auc, 0.9297
2025-10-02 18:40:54,907 - root - INFO - validate loss: 0.4984
2025-10-02 18:40:54,907 - root - INFO - validate average_precision, 0.8464
2025-10-02 18:40:54,908 - root - INFO - validate roc_auc, 0.8724
2025-10-02 18:40:54,908 - root - INFO - new node validate loss: 0.6310
2025-10-02 18:40:54,908 - root - INFO - new node validate average_precision, 0.7914
2025-10-02 18:40:54,908 - root - INFO - new node validate roc_auc, 0.7989
2025-10-02 18:40:55,741 - root - INFO - test loss: 0.6812
2025-10-02 18:40:55,741 - root - INFO - test average_precision, 0.8007
2025-10-02 18:40:55,741 - root - INFO - best test average_precision: 0.8379
2025-10-02 18:40:55,741 - root - INFO - test roc_auc, 0.8443
2025-10-02 18:40:55,741 - root - INFO - new node test loss: 0.6347
2025-10-02 18:40:55,741 - root - INFO - new node test average_precision, 0.8173
2025-10-02 18:40:55,741 - root - INFO - new node test roc_auc, 0.8288
2025-10-02 18:40:55,741 - root - INFO - save model ./saved_models/JODIE/enron/JODIE_mercer_seed2/JODIE_mercer_seed2.pkl
2025-10-02 18:41:01,033 - root - INFO - Epoch: 25, learning rate: 0.0001, train loss: 0.3502
2025-10-02 18:41:01,033 - root - INFO - train average_precision, 0.9101
2025-10-02 18:41:01,033 - root - INFO - train roc_auc, 0.9208
2025-10-02 18:41:01,033 - root - INFO - validate loss: 0.4387
2025-10-02 18:41:01,033 - root - INFO - validate average_precision, 0.8623
2025-10-02 18:41:01,033 - root - INFO - validate roc_auc, 0.8796
2025-10-02 18:41:01,033 - root - INFO - new node validate loss: 0.6311
2025-10-02 18:41:01,033 - root - INFO - new node validate average_precision, 0.7492
2025-10-02 18:41:01,033 - root - INFO - new node validate roc_auc, 0.7678
2025-10-02 18:41:01,870 - root - INFO - test loss: 0.4811
2025-10-02 18:41:01,870 - root - INFO - test average_precision, 0.8483
2025-10-02 18:41:01,870 - root - INFO - best test average_precision: 0.8483
2025-10-02 18:41:01,870 - root - INFO - test roc_auc, 0.8727
2025-10-02 18:41:01,870 - root - INFO - new node test loss: 0.6294
2025-10-02 18:41:01,870 - root - INFO - new node test average_precision, 0.7928
2025-10-02 18:41:01,870 - root - INFO - new node test roc_auc, 0.7962
2025-10-02 18:41:01,870 - root - INFO - save model ./saved_models/JODIE/enron/JODIE_mercer_seed2/JODIE_mercer_seed2.pkl
2025-10-02 18:41:07,156 - root - INFO - Epoch: 26, learning rate: 0.0001, train loss: 0.3350
2025-10-02 18:41:07,156 - root - INFO - train average_precision, 0.9136
2025-10-02 18:41:07,156 - root - INFO - train roc_auc, 0.9275
2025-10-02 18:41:07,156 - root - INFO - validate loss: 0.5187
2025-10-02 18:41:07,156 - root - INFO - validate average_precision, 0.8212
2025-10-02 18:41:07,156 - root - INFO - validate roc_auc, 0.8441
2025-10-02 18:41:07,156 - root - INFO - new node validate loss: 0.7279
2025-10-02 18:41:07,156 - root - INFO - new node validate average_precision, 0.7360
2025-10-02 18:41:07,156 - root - INFO - new node validate roc_auc, 0.7497
2025-10-02 18:41:07,987 - root - INFO - test loss: 0.4589
2025-10-02 18:41:07,987 - root - INFO - test average_precision, 0.8526
2025-10-02 18:41:07,987 - root - INFO - best test average_precision: 0.8526
2025-10-02 18:41:07,987 - root - INFO - test roc_auc, 0.8759
2025-10-02 18:41:07,987 - root - INFO - new node test loss: 0.6193
2025-10-02 18:41:07,987 - root - INFO - new node test average_precision, 0.7767
2025-10-02 18:41:07,987 - root - INFO - new node test roc_auc, 0.7865
2025-10-02 18:41:13,092 - root - INFO - Epoch: 27, learning rate: 0.0001, train loss: 0.3451
2025-10-02 18:41:13,092 - root - INFO - train average_precision, 0.9084
2025-10-02 18:41:13,093 - root - INFO - train roc_auc, 0.9236
2025-10-02 18:41:13,093 - root - INFO - validate loss: 0.5247
2025-10-02 18:41:13,093 - root - INFO - validate average_precision, 0.8193
2025-10-02 18:41:13,093 - root - INFO - validate roc_auc, 0.8433
2025-10-02 18:41:13,093 - root - INFO - new node validate loss: 0.7448
2025-10-02 18:41:13,093 - root - INFO - new node validate average_precision, 0.7275
2025-10-02 18:41:13,093 - root - INFO - new node validate roc_auc, 0.7423
2025-10-02 18:41:13,923 - root - INFO - test loss: 0.6364
2025-10-02 18:41:13,923 - root - INFO - test average_precision, 0.8041
2025-10-02 18:41:13,923 - root - INFO - best test average_precision: 0.8526
2025-10-02 18:41:13,923 - root - INFO - test roc_auc, 0.8379
2025-10-02 18:41:13,923 - root - INFO - new node test loss: 0.6146
2025-10-02 18:41:13,923 - root - INFO - new node test average_precision, 0.7842
2025-10-02 18:41:13,923 - root - INFO - new node test roc_auc, 0.7995
2025-10-02 18:41:19,080 - root - INFO - Epoch: 28, learning rate: 0.0001, train loss: 0.3342
2025-10-02 18:41:19,080 - root - INFO - train average_precision, 0.9187
2025-10-02 18:41:19,080 - root - INFO - train roc_auc, 0.9285
2025-10-02 18:41:19,080 - root - INFO - validate loss: 0.5679
2025-10-02 18:41:19,081 - root - INFO - validate average_precision, 0.8033
2025-10-02 18:41:19,081 - root - INFO - validate roc_auc, 0.8293
2025-10-02 18:41:19,081 - root - INFO - new node validate loss: 0.7219
2025-10-02 18:41:19,081 - root - INFO - new node validate average_precision, 0.7333
2025-10-02 18:41:19,081 - root - INFO - new node validate roc_auc, 0.7401
2025-10-02 18:41:19,916 - root - INFO - test loss: 0.7372
2025-10-02 18:41:19,916 - root - INFO - test average_precision, 0.7978
2025-10-02 18:41:19,917 - root - INFO - best test average_precision: 0.8526
2025-10-02 18:41:19,917 - root - INFO - test roc_auc, 0.8339
2025-10-02 18:41:19,917 - root - INFO - new node test loss: 0.6232
2025-10-02 18:41:19,917 - root - INFO - new node test average_precision, 0.7883
2025-10-02 18:41:19,917 - root - INFO - new node test roc_auc, 0.8073
2025-10-02 18:41:25,263 - root - INFO - Epoch: 29, learning rate: 0.0001, train loss: 0.3258
2025-10-02 18:41:25,263 - root - INFO - train average_precision, 0.9199
2025-10-02 18:41:25,263 - root - INFO - train roc_auc, 0.9299
2025-10-02 18:41:25,264 - root - INFO - validate loss: 0.4827
2025-10-02 18:41:25,264 - root - INFO - validate average_precision, 0.8476
2025-10-02 18:41:25,264 - root - INFO - validate roc_auc, 0.8711
2025-10-02 18:41:25,264 - root - INFO - new node validate loss: 0.7596
2025-10-02 18:41:25,264 - root - INFO - new node validate average_precision, 0.7619
2025-10-02 18:41:25,264 - root - INFO - new node validate roc_auc, 0.7744
2025-10-02 18:41:26,095 - root - INFO - test loss: 0.5129
2025-10-02 18:41:26,095 - root - INFO - test average_precision, 0.8562
2025-10-02 18:41:26,095 - root - INFO - best test average_precision: 0.8562
2025-10-02 18:41:26,095 - root - INFO - test roc_auc, 0.8843
2025-10-02 18:41:26,095 - root - INFO - new node test loss: 0.5698
2025-10-02 18:41:26,095 - root - INFO - new node test average_precision, 0.8215
2025-10-02 18:41:26,095 - root - INFO - new node test roc_auc, 0.8298
2025-10-02 18:41:31,260 - root - INFO - Epoch: 30, learning rate: 0.0001, train loss: 0.3238
2025-10-02 18:41:31,260 - root - INFO - train average_precision, 0.9237
2025-10-02 18:41:31,260 - root - INFO - train roc_auc, 0.9321
2025-10-02 18:41:31,260 - root - INFO - validate loss: 0.7704
2025-10-02 18:41:31,260 - root - INFO - validate average_precision, 0.7801
2025-10-02 18:41:31,260 - root - INFO - validate roc_auc, 0.8135
2025-10-02 18:41:31,260 - root - INFO - new node validate loss: 0.6526
2025-10-02 18:41:31,261 - root - INFO - new node validate average_precision, 0.7769
2025-10-02 18:41:31,261 - root - INFO - new node validate roc_auc, 0.7849
2025-10-02 18:41:32,098 - root - INFO - test loss: 0.8142
2025-10-02 18:41:32,098 - root - INFO - test average_precision, 0.7812
2025-10-02 18:41:32,098 - root - INFO - best test average_precision: 0.8562
2025-10-02 18:41:32,098 - root - INFO - test roc_auc, 0.8267
2025-10-02 18:41:32,098 - root - INFO - new node test loss: 0.8482
2025-10-02 18:41:32,098 - root - INFO - new node test average_precision, 0.7752
2025-10-02 18:41:32,098 - root - INFO - new node test roc_auc, 0.7857
2025-10-02 18:41:37,270 - root - INFO - Epoch: 31, learning rate: 0.0001, train loss: 0.3529
2025-10-02 18:41:37,270 - root - INFO - train average_precision, 0.9048
2025-10-02 18:41:37,270 - root - INFO - train roc_auc, 0.9202
2025-10-02 18:41:37,270 - root - INFO - validate loss: 0.5907
2025-10-02 18:41:37,270 - root - INFO - validate average_precision, 0.7769
2025-10-02 18:41:37,270 - root - INFO - validate roc_auc, 0.8122
2025-10-02 18:41:37,270 - root - INFO - new node validate loss: 0.7041
2025-10-02 18:41:37,270 - root - INFO - new node validate average_precision, 0.7193
2025-10-02 18:41:37,270 - root - INFO - new node validate roc_auc, 0.7307
2025-10-02 18:41:38,098 - root - INFO - test loss: 0.5892
2025-10-02 18:41:38,099 - root - INFO - test average_precision, 0.7685
2025-10-02 18:41:38,099 - root - INFO - best test average_precision: 0.8562
2025-10-02 18:41:38,099 - root - INFO - test roc_auc, 0.8151
2025-10-02 18:41:38,099 - root - INFO - new node test loss: 0.6807
2025-10-02 18:41:38,099 - root - INFO - new node test average_precision, 0.7578
2025-10-02 18:41:38,099 - root - INFO - new node test roc_auc, 0.7664
2025-10-02 18:41:43,241 - root - INFO - Epoch: 32, learning rate: 0.0001, train loss: 0.3624
2025-10-02 18:41:43,241 - root - INFO - train average_precision, 0.8995
2025-10-02 18:41:43,241 - root - INFO - train roc_auc, 0.9149
2025-10-02 18:41:43,241 - root - INFO - validate loss: 0.5661
2025-10-02 18:41:43,241 - root - INFO - validate average_precision, 0.8248
2025-10-02 18:41:43,241 - root - INFO - validate roc_auc, 0.8462
2025-10-02 18:41:43,241 - root - INFO - new node validate loss: 0.6993
2025-10-02 18:41:43,241 - root - INFO - new node validate average_precision, 0.7560
2025-10-02 18:41:43,241 - root - INFO - new node validate roc_auc, 0.7662
2025-10-02 18:41:44,074 - root - INFO - test loss: 0.6530
2025-10-02 18:41:44,074 - root - INFO - test average_precision, 0.7882
2025-10-02 18:41:44,074 - root - INFO - best test average_precision: 0.8562
2025-10-02 18:41:44,074 - root - INFO - test roc_auc, 0.8330
2025-10-02 18:41:44,074 - root - INFO - new node test loss: 0.6965
2025-10-02 18:41:44,074 - root - INFO - new node test average_precision, 0.7719
2025-10-02 18:41:44,074 - root - INFO - new node test roc_auc, 0.7809
2025-10-02 18:41:49,238 - root - INFO - Epoch: 33, learning rate: 0.0001, train loss: 0.3702
2025-10-02 18:41:49,238 - root - INFO - train average_precision, 0.8984
2025-10-02 18:41:49,238 - root - INFO - train roc_auc, 0.9122
2025-10-02 18:41:49,238 - root - INFO - validate loss: 0.5499
2025-10-02 18:41:49,239 - root - INFO - validate average_precision, 0.7767
2025-10-02 18:41:49,239 - root - INFO - validate roc_auc, 0.8078
2025-10-02 18:41:49,239 - root - INFO - new node validate loss: 0.6610
2025-10-02 18:41:49,239 - root - INFO - new node validate average_precision, 0.7635
2025-10-02 18:41:49,239 - root - INFO - new node validate roc_auc, 0.7587
2025-10-02 18:41:50,068 - root - INFO - test loss: 0.5865
2025-10-02 18:41:50,068 - root - INFO - test average_precision, 0.7432
2025-10-02 18:41:50,068 - root - INFO - best test average_precision: 0.8562
2025-10-02 18:41:50,068 - root - INFO - test roc_auc, 0.8035
2025-10-02 18:41:50,068 - root - INFO - new node test loss: 0.7073
2025-10-02 18:41:50,068 - root - INFO - new node test average_precision, 0.7364
2025-10-02 18:41:50,068 - root - INFO - new node test roc_auc, 0.7613
2025-10-02 18:41:55,229 - root - INFO - Epoch: 34, learning rate: 0.0001, train loss: 0.3785
2025-10-02 18:41:55,229 - root - INFO - train average_precision, 0.8928
2025-10-02 18:41:55,229 - root - INFO - train roc_auc, 0.9082
2025-10-02 18:41:55,229 - root - INFO - validate loss: 0.4540
2025-10-02 18:41:55,229 - root - INFO - validate average_precision, 0.8610
2025-10-02 18:41:55,229 - root - INFO - validate roc_auc, 0.8717
2025-10-02 18:41:55,229 - root - INFO - new node validate loss: 0.6548
2025-10-02 18:41:55,229 - root - INFO - new node validate average_precision, 0.7690
2025-10-02 18:41:55,229 - root - INFO - new node validate roc_auc, 0.7733
2025-10-02 18:41:56,060 - root - INFO - test loss: 0.4429
2025-10-02 18:41:56,060 - root - INFO - test average_precision, 0.8597
2025-10-02 18:41:56,060 - root - INFO - best test average_precision: 0.8597
2025-10-02 18:41:56,060 - root - INFO - test roc_auc, 0.8817
2025-10-02 18:41:56,060 - root - INFO - new node test loss: 0.5575
2025-10-02 18:41:56,060 - root - INFO - new node test average_precision, 0.8153
2025-10-02 18:41:56,060 - root - INFO - new node test roc_auc, 0.8223
2025-10-02 18:42:01,314 - root - INFO - Epoch: 35, learning rate: 0.0001, train loss: 0.3677
2025-10-02 18:42:01,314 - root - INFO - train average_precision, 0.9015
2025-10-02 18:42:01,314 - root - INFO - train roc_auc, 0.9126
2025-10-02 18:42:01,314 - root - INFO - validate loss: 0.5072
2025-10-02 18:42:01,314 - root - INFO - validate average_precision, 0.8411
2025-10-02 18:42:01,314 - root - INFO - validate roc_auc, 0.8636
2025-10-02 18:42:01,314 - root - INFO - new node validate loss: 0.7052
2025-10-02 18:42:01,314 - root - INFO - new node validate average_precision, 0.7398
2025-10-02 18:42:01,314 - root - INFO - new node validate roc_auc, 0.7456
2025-10-02 18:42:02,143 - root - INFO - test loss: 0.5110
2025-10-02 18:42:02,143 - root - INFO - test average_precision, 0.8482
2025-10-02 18:42:02,143 - root - INFO - best test average_precision: 0.8597
2025-10-02 18:42:02,143 - root - INFO - test roc_auc, 0.8755
2025-10-02 18:42:02,143 - root - INFO - new node test loss: 0.6742
2025-10-02 18:42:02,143 - root - INFO - new node test average_precision, 0.7973
2025-10-02 18:42:02,143 - root - INFO - new node test roc_auc, 0.8073
2025-10-02 18:42:07,304 - root - INFO - Epoch: 36, learning rate: 0.0001, train loss: 0.3541
2025-10-02 18:42:07,304 - root - INFO - train average_precision, 0.9034
2025-10-02 18:42:07,305 - root - INFO - train roc_auc, 0.9203
2025-10-02 18:42:07,305 - root - INFO - validate loss: 0.4825
2025-10-02 18:42:07,305 - root - INFO - validate average_precision, 0.8240
2025-10-02 18:42:07,305 - root - INFO - validate roc_auc, 0.8470
2025-10-02 18:42:07,305 - root - INFO - new node validate loss: 0.7140
2025-10-02 18:42:07,305 - root - INFO - new node validate average_precision, 0.7652
2025-10-02 18:42:07,305 - root - INFO - new node validate roc_auc, 0.7724
2025-10-02 18:42:08,132 - root - INFO - test loss: 0.5132
2025-10-02 18:42:08,132 - root - INFO - test average_precision, 0.8050
2025-10-02 18:42:08,132 - root - INFO - best test average_precision: 0.8597
2025-10-02 18:42:08,132 - root - INFO - test roc_auc, 0.8439
2025-10-02 18:42:08,133 - root - INFO - new node test loss: 0.6153
2025-10-02 18:42:08,133 - root - INFO - new node test average_precision, 0.7958
2025-10-02 18:42:08,133 - root - INFO - new node test roc_auc, 0.7924
2025-10-02 18:42:13,290 - root - INFO - Epoch: 37, learning rate: 0.0001, train loss: 0.3565
2025-10-02 18:42:13,290 - root - INFO - train average_precision, 0.9029
2025-10-02 18:42:13,290 - root - INFO - train roc_auc, 0.9182
2025-10-02 18:42:13,290 - root - INFO - validate loss: 0.5520
2025-10-02 18:42:13,290 - root - INFO - validate average_precision, 0.8047
2025-10-02 18:42:13,290 - root - INFO - validate roc_auc, 0.8379
2025-10-02 18:42:13,290 - root - INFO - new node validate loss: 0.7024
2025-10-02 18:42:13,290 - root - INFO - new node validate average_precision, 0.7428
2025-10-02 18:42:13,291 - root - INFO - new node validate roc_auc, 0.7533
2025-10-02 18:42:14,122 - root - INFO - test loss: 0.5293
2025-10-02 18:42:14,122 - root - INFO - test average_precision, 0.8248
2025-10-02 18:42:14,122 - root - INFO - best test average_precision: 0.8597
2025-10-02 18:42:14,122 - root - INFO - test roc_auc, 0.8555
2025-10-02 18:42:14,122 - root - INFO - new node test loss: 0.5861
2025-10-02 18:42:14,122 - root - INFO - new node test average_precision, 0.7924
2025-10-02 18:42:14,122 - root - INFO - new node test roc_auc, 0.7969
2025-10-02 18:42:19,252 - root - INFO - Epoch: 38, learning rate: 0.0001, train loss: 0.3585
2025-10-02 18:42:19,252 - root - INFO - train average_precision, 0.9032
2025-10-02 18:42:19,252 - root - INFO - train roc_auc, 0.9174
2025-10-02 18:42:19,252 - root - INFO - validate loss: 0.4676
2025-10-02 18:42:19,252 - root - INFO - validate average_precision, 0.8428
2025-10-02 18:42:19,252 - root - INFO - validate roc_auc, 0.8683
2025-10-02 18:42:19,252 - root - INFO - new node validate loss: 0.6115
2025-10-02 18:42:19,252 - root - INFO - new node validate average_precision, 0.7822
2025-10-02 18:42:19,252 - root - INFO - new node validate roc_auc, 0.7949
2025-10-02 18:42:20,081 - root - INFO - test loss: 0.5320
2025-10-02 18:42:20,081 - root - INFO - test average_precision, 0.8209
2025-10-02 18:42:20,082 - root - INFO - best test average_precision: 0.8597
2025-10-02 18:42:20,082 - root - INFO - test roc_auc, 0.8522
2025-10-02 18:42:20,082 - root - INFO - new node test loss: 0.6169
2025-10-02 18:42:20,082 - root - INFO - new node test average_precision, 0.8026
2025-10-02 18:42:20,082 - root - INFO - new node test roc_auc, 0.8011
2025-10-02 18:42:25,180 - root - INFO - Epoch: 39, learning rate: 0.0001, train loss: 0.3449
2025-10-02 18:42:25,181 - root - INFO - train average_precision, 0.9085
2025-10-02 18:42:25,181 - root - INFO - train roc_auc, 0.9236
2025-10-02 18:42:25,181 - root - INFO - validate loss: 0.5332
2025-10-02 18:42:25,181 - root - INFO - validate average_precision, 0.8100
2025-10-02 18:42:25,181 - root - INFO - validate roc_auc, 0.8368
2025-10-02 18:42:25,181 - root - INFO - new node validate loss: 0.6819
2025-10-02 18:42:25,181 - root - INFO - new node validate average_precision, 0.7488
2025-10-02 18:42:25,181 - root - INFO - new node validate roc_auc, 0.7556
2025-10-02 18:42:26,015 - root - INFO - test loss: 0.5913
2025-10-02 18:42:26,015 - root - INFO - test average_precision, 0.7982
2025-10-02 18:42:26,015 - root - INFO - best test average_precision: 0.8597
2025-10-02 18:42:26,015 - root - INFO - test roc_auc, 0.8289
2025-10-02 18:42:26,015 - root - INFO - new node test loss: 0.6456
2025-10-02 18:42:26,015 - root - INFO - new node test average_precision, 0.7744
2025-10-02 18:42:26,015 - root - INFO - new node test roc_auc, 0.7708
2025-10-02 18:42:31,133 - root - INFO - Epoch: 40, learning rate: 0.0001, train loss: 0.3817
2025-10-02 18:42:31,133 - root - INFO - train average_precision, 0.8877
2025-10-02 18:42:31,133 - root - INFO - train roc_auc, 0.9048
2025-10-02 18:42:31,133 - root - INFO - validate loss: 0.5850
2025-10-02 18:42:31,133 - root - INFO - validate average_precision, 0.7768
2025-10-02 18:42:31,133 - root - INFO - validate roc_auc, 0.8060
2025-10-02 18:42:31,133 - root - INFO - new node validate loss: 0.6430
2025-10-02 18:42:31,133 - root - INFO - new node validate average_precision, 0.7254
2025-10-02 18:42:31,133 - root - INFO - new node validate roc_auc, 0.7494
2025-10-02 18:42:31,963 - root - INFO - test loss: 0.5763
2025-10-02 18:42:31,963 - root - INFO - test average_precision, 0.7843
2025-10-02 18:42:31,963 - root - INFO - best test average_precision: 0.8597
2025-10-02 18:42:31,963 - root - INFO - test roc_auc, 0.8264
2025-10-02 18:42:31,963 - root - INFO - new node test loss: 0.6603
2025-10-02 18:42:31,963 - root - INFO - new node test average_precision, 0.7515
2025-10-02 18:42:31,963 - root - INFO - new node test roc_auc, 0.7707
2025-10-02 18:42:37,101 - root - INFO - Epoch: 41, learning rate: 0.0001, train loss: 0.3549
2025-10-02 18:42:37,101 - root - INFO - train average_precision, 0.9000
2025-10-02 18:42:37,101 - root - INFO - train roc_auc, 0.9188
2025-10-02 18:42:37,101 - root - INFO - validate loss: 0.6072
2025-10-02 18:42:37,101 - root - INFO - validate average_precision, 0.8197
2025-10-02 18:42:37,101 - root - INFO - validate roc_auc, 0.8470
2025-10-02 18:42:37,101 - root - INFO - new node validate loss: 0.7287
2025-10-02 18:42:37,101 - root - INFO - new node validate average_precision, 0.7850
2025-10-02 18:42:37,101 - root - INFO - new node validate roc_auc, 0.7808
2025-10-02 18:42:38,071 - root - INFO - test loss: 0.5523
2025-10-02 18:42:38,071 - root - INFO - test average_precision, 0.8331
2025-10-02 18:42:38,072 - root - INFO - best test average_precision: 0.8597
2025-10-02 18:42:38,072 - root - INFO - test roc_auc, 0.8656
2025-10-02 18:42:38,072 - root - INFO - new node test loss: 0.6760
2025-10-02 18:42:38,072 - root - INFO - new node test average_precision, 0.7839
2025-10-02 18:42:38,072 - root - INFO - new node test roc_auc, 0.7952
2025-10-02 18:42:43,235 - root - INFO - Epoch: 42, learning rate: 0.0001, train loss: 0.3595
2025-10-02 18:42:43,236 - root - INFO - train average_precision, 0.8976
2025-10-02 18:42:43,236 - root - INFO - train roc_auc, 0.9154
2025-10-02 18:42:43,236 - root - INFO - validate loss: 0.5767
2025-10-02 18:42:43,236 - root - INFO - validate average_precision, 0.7631
2025-10-02 18:42:43,236 - root - INFO - validate roc_auc, 0.8066
2025-10-02 18:42:43,236 - root - INFO - new node validate loss: 0.7066
2025-10-02 18:42:43,236 - root - INFO - new node validate average_precision, 0.7452
2025-10-02 18:42:43,236 - root - INFO - new node validate roc_auc, 0.7459
2025-10-02 18:42:44,072 - root - INFO - test loss: 0.5658
2025-10-02 18:42:44,072 - root - INFO - test average_precision, 0.7638
2025-10-02 18:42:44,072 - root - INFO - best test average_precision: 0.8597
2025-10-02 18:42:44,072 - root - INFO - test roc_auc, 0.8163
2025-10-02 18:42:44,072 - root - INFO - new node test loss: 0.6843
2025-10-02 18:42:44,072 - root - INFO - new node test average_precision, 0.7381
2025-10-02 18:42:44,072 - root - INFO - new node test roc_auc, 0.7566
2025-10-02 18:42:49,215 - root - INFO - Epoch: 43, learning rate: 0.0001, train loss: 0.3675
2025-10-02 18:42:49,215 - root - INFO - train average_precision, 0.8974
2025-10-02 18:42:49,215 - root - INFO - train roc_auc, 0.9129
2025-10-02 18:42:49,215 - root - INFO - validate loss: 0.4997
2025-10-02 18:42:49,215 - root - INFO - validate average_precision, 0.8195
2025-10-02 18:42:49,215 - root - INFO - validate roc_auc, 0.8460
2025-10-02 18:42:49,215 - root - INFO - new node validate loss: 0.6745
2025-10-02 18:42:49,216 - root - INFO - new node validate average_precision, 0.7646
2025-10-02 18:42:49,216 - root - INFO - new node validate roc_auc, 0.7685
2025-10-02 18:42:50,043 - root - INFO - test loss: 0.4407
2025-10-02 18:42:50,044 - root - INFO - test average_precision, 0.8615
2025-10-02 18:42:50,044 - root - INFO - best test average_precision: 0.8615
2025-10-02 18:42:50,044 - root - INFO - test roc_auc, 0.8824
2025-10-02 18:42:50,044 - root - INFO - new node test loss: 0.5868
2025-10-02 18:42:50,044 - root - INFO - new node test average_precision, 0.8176
2025-10-02 18:42:50,044 - root - INFO - new node test roc_auc, 0.8136
2025-10-02 18:42:55,260 - root - INFO - Epoch: 44, learning rate: 0.0001, train loss: 0.3840
2025-10-02 18:42:55,260 - root - INFO - train average_precision, 0.8901
2025-10-02 18:42:55,260 - root - INFO - train roc_auc, 0.9063
2025-10-02 18:42:55,260 - root - INFO - validate loss: 0.5121
2025-10-02 18:42:55,260 - root - INFO - validate average_precision, 0.8530
2025-10-02 18:42:55,260 - root - INFO - validate roc_auc, 0.8630
2025-10-02 18:42:55,260 - root - INFO - new node validate loss: 0.6584
2025-10-02 18:42:55,260 - root - INFO - new node validate average_precision, 0.7349
2025-10-02 18:42:55,260 - root - INFO - new node validate roc_auc, 0.7493
2025-10-02 18:42:56,093 - root - INFO - test loss: 0.4490
2025-10-02 18:42:56,093 - root - INFO - test average_precision, 0.8522
2025-10-02 18:42:56,093 - root - INFO - best test average_precision: 0.8615
2025-10-02 18:42:56,093 - root - INFO - test roc_auc, 0.8779
2025-10-02 18:42:56,093 - root - INFO - new node test loss: 0.5403
2025-10-02 18:42:56,093 - root - INFO - new node test average_precision, 0.8292
2025-10-02 18:42:56,093 - root - INFO - new node test roc_auc, 0.8343
2025-10-02 18:43:01,285 - root - INFO - Epoch: 45, learning rate: 0.0001, train loss: 0.3627
2025-10-02 18:43:01,285 - root - INFO - train average_precision, 0.9032
2025-10-02 18:43:01,285 - root - INFO - train roc_auc, 0.9165
2025-10-02 18:43:01,285 - root - INFO - validate loss: 0.4395
2025-10-02 18:43:01,285 - root - INFO - validate average_precision, 0.8607
2025-10-02 18:43:01,285 - root - INFO - validate roc_auc, 0.8819
2025-10-02 18:43:01,285 - root - INFO - new node validate loss: 0.6912
2025-10-02 18:43:01,285 - root - INFO - new node validate average_precision, 0.7464
2025-10-02 18:43:01,285 - root - INFO - new node validate roc_auc, 0.7610
2025-10-02 18:43:02,116 - root - INFO - test loss: 0.4194
2025-10-02 18:43:02,116 - root - INFO - test average_precision, 0.8724
2025-10-02 18:43:02,116 - root - INFO - best test average_precision: 0.8724
2025-10-02 18:43:02,116 - root - INFO - test roc_auc, 0.8946
2025-10-02 18:43:02,116 - root - INFO - new node test loss: 0.5664
2025-10-02 18:43:02,116 - root - INFO - new node test average_precision, 0.8106
2025-10-02 18:43:02,116 - root - INFO - new node test roc_auc, 0.8180
2025-10-02 18:43:02,116 - root - INFO - load model ./saved_models/JODIE/enron/JODIE_mercer_seed2/JODIE_mercer_seed2.pkl
2025-10-02 18:43:02,222 - root - INFO - get final performance on dataset enron...
2025-10-02 18:43:03,058 - root - INFO - test loss: 0.4811
2025-10-02 18:43:03,059 - root - INFO - test average_precision, 0.8483
2025-10-02 18:43:03,059 - root - INFO - test roc_auc, 0.8727
2025-10-02 18:43:03,059 - root - INFO - new node test loss: 0.6294
2025-10-02 18:43:03,059 - root - INFO - new node test average_precision, 0.7928
2025-10-02 18:43:03,059 - root - INFO - new node test roc_auc, 0.7962
2025-10-02 18:43:03,059 - root - INFO - Run 3 cost 272.82 seconds.
