2025-09-30 00:14:09,282 - root - INFO - ********** Run 3 starts. **********
2025-09-30 00:14:09,282 - root - INFO - configuration is Namespace(dataset_name='reddit', batch_size=200, model_name='JODIE', gpu=0, num_neighbors=10, sample_neighbor_strategy='uniform', time_scaling_factor=1e-06, num_walk_heads=8, num_heads=2, num_layers=1, walk_length=1, time_gap=2000, time_feat_dim=128, position_feat_dim=172, time_window_mode='fixed_proportion', time_encoder_type='lete', expert_dim=64, num_mixtures=4, patch_size=1, channel_embedding_dim=50, max_input_sequence_length=32, learning_rate=0.0001, dropout=0.1, gamma=0.5, num_epochs=100, optimizer='Adam', weight_decay=0.0, patience=20, val_ratio=0.15, test_ratio=0.15, num_runs=5, test_interval_epochs=1, negative_sample_strategy='random', max_interaction_times=10, load_best_configs=True, device='cuda:0', seed=2, save_model_name='JODIE_seed2')
2025-09-30 00:14:09,284 - root - INFO - time encoder type: lete
2025-09-30 00:14:09,907 - root - INFO - model -> Sequential(
  (0): MemoryModel(
    (time_encoder): TimeEncoder(
      (w): Linear(in_features=1, out_features=128, bias=True)
    )
    (message_aggregator): MessageAggregator()
    (memory_bank): MemoryBank(num_nodes=10985, memory_dim=172)
    (memory_updater): RNNMemoryUpdater(
      (memory_bank): MemoryBank(num_nodes=10985, memory_dim=172)
      (memory_updater): RNNCell(644, 172)
    )
    (embedding_module): TimeProjectionEmbedding(
      (dropout): Dropout(p=0.1, inplace=False)
      (linear_layer): Linear(in_features=1, out_features=172, bias=True)
    )
  )
  (1): MergeLayer(
    (fc1): Linear(in_features=344, out_features=172, bias=True)
    (fc2): Linear(in_features=172, out_features=1, bias=True)
    (act): ReLU()
  )
)
2025-09-30 00:14:09,908 - root - INFO - model name: JODIE, #parameters: 803236 B, 784.41015625 KB, 0.7660255432128906 MB.
2025-09-30 00:16:04,593 - root - INFO - Epoch: 1, learning rate: 0.0001, train loss: 0.2940
2025-09-30 00:16:04,593 - root - INFO - train average_precision, 0.9430
2025-09-30 00:16:04,594 - root - INFO - train roc_auc, 0.9451
2025-09-30 00:16:04,594 - root - INFO - validate loss: 0.2798
2025-09-30 00:16:04,594 - root - INFO - validate average_precision, 0.9593
2025-09-30 00:16:04,594 - root - INFO - validate roc_auc, 0.9589
2025-09-30 00:16:04,594 - root - INFO - new node validate loss: 0.4434
2025-09-30 00:16:04,594 - root - INFO - new node validate average_precision, 0.8956
2025-09-30 00:16:04,594 - root - INFO - new node validate roc_auc, 0.8860
2025-09-30 00:16:24,927 - root - INFO - test loss: 0.3173
2025-09-30 00:16:24,928 - root - INFO - test average_precision, 0.9562
2025-09-30 00:16:24,928 - root - INFO - best test average_precision: 0.9562
2025-09-30 00:16:24,928 - root - INFO - test roc_auc, 0.9563
2025-09-30 00:16:24,928 - root - INFO - new node test loss: 0.3908
2025-09-30 00:16:24,928 - root - INFO - new node test average_precision, 0.9270
2025-09-30 00:16:24,928 - root - INFO - new node test roc_auc, 0.9237
2025-09-30 00:16:24,929 - root - INFO - save model ./saved_models/JODIE/reddit/JODIE_seed2/JODIE_seed2.pkl
2025-09-30 00:18:20,250 - root - INFO - Epoch: 2, learning rate: 0.0001, train loss: 0.2345
2025-09-30 00:18:20,251 - root - INFO - train average_precision, 0.9657
2025-09-30 00:18:20,252 - root - INFO - train roc_auc, 0.9656
2025-09-30 00:18:20,252 - root - INFO - validate loss: 0.2231
2025-09-30 00:18:20,252 - root - INFO - validate average_precision, 0.9707
2025-09-30 00:18:20,252 - root - INFO - validate roc_auc, 0.9703
2025-09-30 00:18:20,252 - root - INFO - new node validate loss: 0.3969
2025-09-30 00:18:20,252 - root - INFO - new node validate average_precision, 0.9138
2025-09-30 00:18:20,252 - root - INFO - new node validate roc_auc, 0.9110
2025-09-30 00:18:40,502 - root - INFO - test loss: 0.2273
2025-09-30 00:18:40,502 - root - INFO - test average_precision, 0.9708
2025-09-30 00:18:40,502 - root - INFO - best test average_precision: 0.9708
2025-09-30 00:18:40,502 - root - INFO - test roc_auc, 0.9700
2025-09-30 00:18:40,502 - root - INFO - new node test loss: 0.3269
2025-09-30 00:18:40,502 - root - INFO - new node test average_precision, 0.9430
2025-09-30 00:18:40,502 - root - INFO - new node test roc_auc, 0.9413
2025-09-30 00:18:40,503 - root - INFO - save model ./saved_models/JODIE/reddit/JODIE_seed2/JODIE_seed2.pkl
2025-09-30 00:20:36,135 - root - INFO - Epoch: 3, learning rate: 0.0001, train loss: 0.2189
2025-09-30 00:20:36,136 - root - INFO - train average_precision, 0.9702
2025-09-30 00:20:36,136 - root - INFO - train roc_auc, 0.9698
2025-09-30 00:20:36,136 - root - INFO - validate loss: 0.2185
2025-09-30 00:20:36,137 - root - INFO - validate average_precision, 0.9723
2025-09-30 00:20:36,137 - root - INFO - validate roc_auc, 0.9717
2025-09-30 00:20:36,137 - root - INFO - new node validate loss: 0.3885
2025-09-30 00:20:36,137 - root - INFO - new node validate average_precision, 0.9161
2025-09-30 00:20:36,137 - root - INFO - new node validate roc_auc, 0.9124
2025-09-30 00:20:56,023 - root - INFO - test loss: 0.2317
2025-09-30 00:20:56,023 - root - INFO - test average_precision, 0.9698
2025-09-30 00:20:56,023 - root - INFO - best test average_precision: 0.9708
2025-09-30 00:20:56,023 - root - INFO - test roc_auc, 0.9691
2025-09-30 00:20:56,023 - root - INFO - new node test loss: 0.3209
2025-09-30 00:20:56,023 - root - INFO - new node test average_precision, 0.9401
2025-09-30 00:20:56,023 - root - INFO - new node test roc_auc, 0.9396
2025-09-30 00:20:56,023 - root - INFO - save model ./saved_models/JODIE/reddit/JODIE_seed2/JODIE_seed2.pkl
2025-09-30 00:22:50,836 - root - INFO - Epoch: 4, learning rate: 0.0001, train loss: 0.2104
2025-09-30 00:22:50,837 - root - INFO - train average_precision, 0.9724
2025-09-30 00:22:50,837 - root - INFO - train roc_auc, 0.9720
2025-09-30 00:22:50,837 - root - INFO - validate loss: 0.2022
2025-09-30 00:22:50,838 - root - INFO - validate average_precision, 0.9755
2025-09-30 00:22:50,838 - root - INFO - validate roc_auc, 0.9752
2025-09-30 00:22:50,838 - root - INFO - new node validate loss: 0.3572
2025-09-30 00:22:50,838 - root - INFO - new node validate average_precision, 0.9295
2025-09-30 00:22:50,838 - root - INFO - new node validate roc_auc, 0.9250
2025-09-30 00:23:11,053 - root - INFO - test loss: 0.1985
2025-09-30 00:23:11,053 - root - INFO - test average_precision, 0.9765
2025-09-30 00:23:11,053 - root - INFO - best test average_precision: 0.9765
2025-09-30 00:23:11,053 - root - INFO - test roc_auc, 0.9763
2025-09-30 00:23:11,053 - root - INFO - new node test loss: 0.2870
2025-09-30 00:23:11,053 - root - INFO - new node test average_precision, 0.9526
2025-09-30 00:23:11,054 - root - INFO - new node test roc_auc, 0.9526
2025-09-30 00:23:11,054 - root - INFO - save model ./saved_models/JODIE/reddit/JODIE_seed2/JODIE_seed2.pkl
2025-09-30 00:25:06,061 - root - INFO - Epoch: 5, learning rate: 0.0001, train loss: 0.2063
2025-09-30 00:25:06,062 - root - INFO - train average_precision, 0.9734
2025-09-30 00:25:06,063 - root - INFO - train roc_auc, 0.9731
2025-09-30 00:25:06,063 - root - INFO - validate loss: 0.2066
2025-09-30 00:25:06,063 - root - INFO - validate average_precision, 0.9754
2025-09-30 00:25:06,063 - root - INFO - validate roc_auc, 0.9751
2025-09-30 00:25:06,063 - root - INFO - new node validate loss: 0.3547
2025-09-30 00:25:06,063 - root - INFO - new node validate average_precision, 0.9281
2025-09-30 00:25:06,063 - root - INFO - new node validate roc_auc, 0.9239
2025-09-30 00:25:26,175 - root - INFO - test loss: 0.2105
2025-09-30 00:25:26,175 - root - INFO - test average_precision, 0.9753
2025-09-30 00:25:26,176 - root - INFO - best test average_precision: 0.9765
2025-09-30 00:25:26,176 - root - INFO - test roc_auc, 0.9752
2025-09-30 00:25:26,176 - root - INFO - new node test loss: 0.2965
2025-09-30 00:25:26,176 - root - INFO - new node test average_precision, 0.9489
2025-09-30 00:25:26,176 - root - INFO - new node test roc_auc, 0.9490
2025-09-30 00:27:20,067 - root - INFO - Epoch: 6, learning rate: 0.0001, train loss: 0.2026
2025-09-30 00:27:20,068 - root - INFO - train average_precision, 0.9744
2025-09-30 00:27:20,068 - root - INFO - train roc_auc, 0.9740
2025-09-30 00:27:20,068 - root - INFO - validate loss: 0.2025
2025-09-30 00:27:20,069 - root - INFO - validate average_precision, 0.9764
2025-09-30 00:27:20,069 - root - INFO - validate roc_auc, 0.9759
2025-09-30 00:27:20,069 - root - INFO - new node validate loss: 0.3473
2025-09-30 00:27:20,069 - root - INFO - new node validate average_precision, 0.9319
2025-09-30 00:27:20,069 - root - INFO - new node validate roc_auc, 0.9281
2025-09-30 00:27:40,341 - root - INFO - test loss: 0.2050
2025-09-30 00:27:40,341 - root - INFO - test average_precision, 0.9765
2025-09-30 00:27:40,341 - root - INFO - best test average_precision: 0.9765
2025-09-30 00:27:40,341 - root - INFO - test roc_auc, 0.9761
2025-09-30 00:27:40,341 - root - INFO - new node test loss: 0.2808
2025-09-30 00:27:40,341 - root - INFO - new node test average_precision, 0.9541
2025-09-30 00:27:40,341 - root - INFO - new node test roc_auc, 0.9543
2025-09-30 00:27:40,342 - root - INFO - save model ./saved_models/JODIE/reddit/JODIE_seed2/JODIE_seed2.pkl
2025-09-30 00:29:35,406 - root - INFO - Epoch: 7, learning rate: 0.0001, train loss: 0.1998
2025-09-30 00:29:35,407 - root - INFO - train average_precision, 0.9749
2025-09-30 00:29:35,408 - root - INFO - train roc_auc, 0.9746
2025-09-30 00:29:35,408 - root - INFO - validate loss: 0.1945
2025-09-30 00:29:35,408 - root - INFO - validate average_precision, 0.9776
2025-09-30 00:29:35,408 - root - INFO - validate roc_auc, 0.9770
2025-09-30 00:29:35,408 - root - INFO - new node validate loss: 0.3531
2025-09-30 00:29:35,408 - root - INFO - new node validate average_precision, 0.9320
2025-09-30 00:29:35,408 - root - INFO - new node validate roc_auc, 0.9275
2025-09-30 00:29:55,349 - root - INFO - test loss: 0.1899
2025-09-30 00:29:55,349 - root - INFO - test average_precision, 0.9788
2025-09-30 00:29:55,349 - root - INFO - best test average_precision: 0.9788
2025-09-30 00:29:55,349 - root - INFO - test roc_auc, 0.9783
2025-09-30 00:29:55,349 - root - INFO - new node test loss: 0.2776
2025-09-30 00:29:55,349 - root - INFO - new node test average_precision, 0.9568
2025-09-30 00:29:55,349 - root - INFO - new node test roc_auc, 0.9560
2025-09-30 00:29:55,350 - root - INFO - save model ./saved_models/JODIE/reddit/JODIE_seed2/JODIE_seed2.pkl
2025-09-30 00:31:50,082 - root - INFO - Epoch: 8, learning rate: 0.0001, train loss: 0.1961
2025-09-30 00:31:50,083 - root - INFO - train average_precision, 0.9758
2025-09-30 00:31:50,083 - root - INFO - train roc_auc, 0.9755
2025-09-30 00:31:50,083 - root - INFO - validate loss: 0.1966
2025-09-30 00:31:50,083 - root - INFO - validate average_precision, 0.9771
2025-09-30 00:31:50,083 - root - INFO - validate roc_auc, 0.9766
2025-09-30 00:31:50,083 - root - INFO - new node validate loss: 0.3552
2025-09-30 00:31:50,083 - root - INFO - new node validate average_precision, 0.9296
2025-09-30 00:31:50,083 - root - INFO - new node validate roc_auc, 0.9248
2025-09-30 00:32:10,363 - root - INFO - test loss: 0.2050
2025-09-30 00:32:10,364 - root - INFO - test average_precision, 0.9757
2025-09-30 00:32:10,364 - root - INFO - best test average_precision: 0.9788
2025-09-30 00:32:10,364 - root - INFO - test roc_auc, 0.9750
2025-09-30 00:32:10,364 - root - INFO - new node test loss: 0.2899
2025-09-30 00:32:10,364 - root - INFO - new node test average_precision, 0.9495
2025-09-30 00:32:10,364 - root - INFO - new node test roc_auc, 0.9500
2025-09-30 00:34:03,875 - root - INFO - Epoch: 9, learning rate: 0.0001, train loss: 0.1936
2025-09-30 00:34:03,876 - root - INFO - train average_precision, 0.9764
2025-09-30 00:34:03,877 - root - INFO - train roc_auc, 0.9760
2025-09-30 00:34:03,877 - root - INFO - validate loss: 0.2030
2025-09-30 00:34:03,877 - root - INFO - validate average_precision, 0.9770
2025-09-30 00:34:03,877 - root - INFO - validate roc_auc, 0.9762
2025-09-30 00:34:03,877 - root - INFO - new node validate loss: 0.3599
2025-09-30 00:34:03,877 - root - INFO - new node validate average_precision, 0.9294
2025-09-30 00:34:03,877 - root - INFO - new node validate roc_auc, 0.9229
2025-09-30 00:34:24,012 - root - INFO - test loss: 0.2251
2025-09-30 00:34:24,013 - root - INFO - test average_precision, 0.9736
2025-09-30 00:34:24,013 - root - INFO - best test average_precision: 0.9788
2025-09-30 00:34:24,013 - root - INFO - test roc_auc, 0.9727
2025-09-30 00:34:24,013 - root - INFO - new node test loss: 0.2959
2025-09-30 00:34:24,013 - root - INFO - new node test average_precision, 0.9529
2025-09-30 00:34:24,013 - root - INFO - new node test roc_auc, 0.9509
2025-09-30 00:36:17,555 - root - INFO - Epoch: 10, learning rate: 0.0001, train loss: 0.1902
2025-09-30 00:36:17,556 - root - INFO - train average_precision, 0.9773
2025-09-30 00:36:17,556 - root - INFO - train roc_auc, 0.9769
2025-09-30 00:36:17,556 - root - INFO - validate loss: 0.1951
2025-09-30 00:36:17,556 - root - INFO - validate average_precision, 0.9779
2025-09-30 00:36:17,556 - root - INFO - validate roc_auc, 0.9774
2025-09-30 00:36:17,557 - root - INFO - new node validate loss: 0.3347
2025-09-30 00:36:17,557 - root - INFO - new node validate average_precision, 0.9370
2025-09-30 00:36:17,557 - root - INFO - new node validate roc_auc, 0.9325
2025-09-30 00:36:37,609 - root - INFO - test loss: 0.2008
2025-09-30 00:36:37,609 - root - INFO - test average_precision, 0.9767
2025-09-30 00:36:37,610 - root - INFO - best test average_precision: 0.9788
2025-09-30 00:36:37,610 - root - INFO - test roc_auc, 0.9766
2025-09-30 00:36:37,610 - root - INFO - new node test loss: 0.2623
2025-09-30 00:36:37,610 - root - INFO - new node test average_precision, 0.9594
2025-09-30 00:36:37,610 - root - INFO - new node test roc_auc, 0.9592
2025-09-30 00:36:37,610 - root - INFO - save model ./saved_models/JODIE/reddit/JODIE_seed2/JODIE_seed2.pkl
2025-09-30 00:38:32,765 - root - INFO - Epoch: 11, learning rate: 0.0001, train loss: 0.1890
2025-09-30 00:38:32,766 - root - INFO - train average_precision, 0.9775
2025-09-30 00:38:32,766 - root - INFO - train roc_auc, 0.9771
2025-09-30 00:38:32,766 - root - INFO - validate loss: 0.1914
2025-09-30 00:38:32,767 - root - INFO - validate average_precision, 0.9786
2025-09-30 00:38:32,767 - root - INFO - validate roc_auc, 0.9779
2025-09-30 00:38:32,767 - root - INFO - new node validate loss: 0.3440
2025-09-30 00:38:32,767 - root - INFO - new node validate average_precision, 0.9344
2025-09-30 00:38:32,767 - root - INFO - new node validate roc_auc, 0.9289
2025-09-30 00:38:52,855 - root - INFO - test loss: 0.1946
2025-09-30 00:38:52,855 - root - INFO - test average_precision, 0.9779
2025-09-30 00:38:52,855 - root - INFO - best test average_precision: 0.9788
2025-09-30 00:38:52,855 - root - INFO - test roc_auc, 0.9775
2025-09-30 00:38:52,855 - root - INFO - new node test loss: 0.2744
2025-09-30 00:38:52,855 - root - INFO - new node test average_precision, 0.9548
2025-09-30 00:38:52,855 - root - INFO - new node test roc_auc, 0.9549
2025-09-30 00:38:52,856 - root - INFO - save model ./saved_models/JODIE/reddit/JODIE_seed2/JODIE_seed2.pkl
2025-09-30 00:40:47,837 - root - INFO - Epoch: 12, learning rate: 0.0001, train loss: 0.1871
2025-09-30 00:40:47,838 - root - INFO - train average_precision, 0.9779
2025-09-30 00:40:47,838 - root - INFO - train roc_auc, 0.9776
2025-09-30 00:40:47,838 - root - INFO - validate loss: 0.1924
2025-09-30 00:40:47,839 - root - INFO - validate average_precision, 0.9781
2025-09-30 00:40:47,839 - root - INFO - validate roc_auc, 0.9777
2025-09-30 00:40:47,839 - root - INFO - new node validate loss: 0.3403
2025-09-30 00:40:47,839 - root - INFO - new node validate average_precision, 0.9344
2025-09-30 00:40:47,839 - root - INFO - new node validate roc_auc, 0.9300
2025-09-30 00:41:07,909 - root - INFO - test loss: 0.2005
2025-09-30 00:41:07,909 - root - INFO - test average_precision, 0.9770
2025-09-30 00:41:07,909 - root - INFO - best test average_precision: 0.9788
2025-09-30 00:41:07,909 - root - INFO - test roc_auc, 0.9766
2025-09-30 00:41:07,909 - root - INFO - new node test loss: 0.2684
2025-09-30 00:41:07,909 - root - INFO - new node test average_precision, 0.9561
2025-09-30 00:41:07,909 - root - INFO - new node test roc_auc, 0.9569
2025-09-30 00:43:01,447 - root - INFO - Epoch: 13, learning rate: 0.0001, train loss: 0.1851
2025-09-30 00:43:01,448 - root - INFO - train average_precision, 0.9784
2025-09-30 00:43:01,448 - root - INFO - train roc_auc, 0.9781
2025-09-30 00:43:01,448 - root - INFO - validate loss: 0.1899
2025-09-30 00:43:01,448 - root - INFO - validate average_precision, 0.9790
2025-09-30 00:43:01,449 - root - INFO - validate roc_auc, 0.9784
2025-09-30 00:43:01,449 - root - INFO - new node validate loss: 0.3420
2025-09-30 00:43:01,449 - root - INFO - new node validate average_precision, 0.9334
2025-09-30 00:43:01,449 - root - INFO - new node validate roc_auc, 0.9291
2025-09-30 00:43:21,446 - root - INFO - test loss: 0.1924
2025-09-30 00:43:21,446 - root - INFO - test average_precision, 0.9788
2025-09-30 00:43:21,446 - root - INFO - best test average_precision: 0.9788
2025-09-30 00:43:21,447 - root - INFO - test roc_auc, 0.9784
2025-09-30 00:43:21,447 - root - INFO - new node test loss: 0.2616
2025-09-30 00:43:21,447 - root - INFO - new node test average_precision, 0.9578
2025-09-30 00:43:21,447 - root - INFO - new node test roc_auc, 0.9587
2025-09-30 00:43:21,447 - root - INFO - save model ./saved_models/JODIE/reddit/JODIE_seed2/JODIE_seed2.pkl
2025-09-30 00:45:16,125 - root - INFO - Epoch: 14, learning rate: 0.0001, train loss: 0.1847
2025-09-30 00:45:16,126 - root - INFO - train average_precision, 0.9785
2025-09-30 00:45:16,126 - root - INFO - train roc_auc, 0.9781
2025-09-30 00:45:16,126 - root - INFO - validate loss: 0.1844
2025-09-30 00:45:16,126 - root - INFO - validate average_precision, 0.9797
2025-09-30 00:45:16,126 - root - INFO - validate roc_auc, 0.9792
2025-09-30 00:45:16,127 - root - INFO - new node validate loss: 0.3362
2025-09-30 00:45:16,127 - root - INFO - new node validate average_precision, 0.9385
2025-09-30 00:45:16,127 - root - INFO - new node validate roc_auc, 0.9336
2025-09-30 00:45:36,517 - root - INFO - test loss: 0.1792
2025-09-30 00:45:36,518 - root - INFO - test average_precision, 0.9805
2025-09-30 00:45:36,518 - root - INFO - best test average_precision: 0.9805
2025-09-30 00:45:36,518 - root - INFO - test roc_auc, 0.9804
2025-09-30 00:45:36,518 - root - INFO - new node test loss: 0.2501
2025-09-30 00:45:36,518 - root - INFO - new node test average_precision, 0.9645
2025-09-30 00:45:36,518 - root - INFO - new node test roc_auc, 0.9637
2025-09-30 00:45:36,518 - root - INFO - save model ./saved_models/JODIE/reddit/JODIE_seed2/JODIE_seed2.pkl
2025-09-30 00:47:31,216 - root - INFO - Epoch: 15, learning rate: 0.0001, train loss: 0.1829
2025-09-30 00:47:31,217 - root - INFO - train average_precision, 0.9789
2025-09-30 00:47:31,217 - root - INFO - train roc_auc, 0.9786
2025-09-30 00:47:31,217 - root - INFO - validate loss: 0.1842
2025-09-30 00:47:31,217 - root - INFO - validate average_precision, 0.9800
2025-09-30 00:47:31,217 - root - INFO - validate roc_auc, 0.9795
2025-09-30 00:47:31,217 - root - INFO - new node validate loss: 0.3304
2025-09-30 00:47:31,217 - root - INFO - new node validate average_precision, 0.9397
2025-09-30 00:47:31,217 - root - INFO - new node validate roc_auc, 0.9349
2025-09-30 00:47:51,364 - root - INFO - test loss: 0.1855
2025-09-30 00:47:51,364 - root - INFO - test average_precision, 0.9802
2025-09-30 00:47:51,364 - root - INFO - best test average_precision: 0.9805
2025-09-30 00:47:51,364 - root - INFO - test roc_auc, 0.9797
2025-09-30 00:47:51,364 - root - INFO - new node test loss: 0.2602
2025-09-30 00:47:51,364 - root - INFO - new node test average_precision, 0.9600
2025-09-30 00:47:51,364 - root - INFO - new node test roc_auc, 0.9600
2025-09-30 00:47:51,364 - root - INFO - save model ./saved_models/JODIE/reddit/JODIE_seed2/JODIE_seed2.pkl
2025-09-30 00:49:45,967 - root - INFO - Epoch: 16, learning rate: 0.0001, train loss: 0.1812
2025-09-30 00:49:45,968 - root - INFO - train average_precision, 0.9792
2025-09-30 00:49:45,968 - root - INFO - train roc_auc, 0.9789
2025-09-30 00:49:45,968 - root - INFO - validate loss: 0.1821
2025-09-30 00:49:45,968 - root - INFO - validate average_precision, 0.9801
2025-09-30 00:49:45,968 - root - INFO - validate roc_auc, 0.9797
2025-09-30 00:49:45,968 - root - INFO - new node validate loss: 0.3399
2025-09-30 00:49:45,968 - root - INFO - new node validate average_precision, 0.9376
2025-09-30 00:49:45,968 - root - INFO - new node validate roc_auc, 0.9325
2025-09-30 00:50:06,236 - root - INFO - test loss: 0.1821
2025-09-30 00:50:06,236 - root - INFO - test average_precision, 0.9804
2025-09-30 00:50:06,237 - root - INFO - best test average_precision: 0.9805
2025-09-30 00:50:06,237 - root - INFO - test roc_auc, 0.9799
2025-09-30 00:50:06,237 - root - INFO - new node test loss: 0.2569
2025-09-30 00:50:06,237 - root - INFO - new node test average_precision, 0.9616
2025-09-30 00:50:06,237 - root - INFO - new node test roc_auc, 0.9612
2025-09-30 00:50:06,237 - root - INFO - save model ./saved_models/JODIE/reddit/JODIE_seed2/JODIE_seed2.pkl
2025-09-30 00:52:00,915 - root - INFO - Epoch: 17, learning rate: 0.0001, train loss: 0.1790
2025-09-30 00:52:00,915 - root - INFO - train average_precision, 0.9797
2025-09-30 00:52:00,916 - root - INFO - train roc_auc, 0.9794
2025-09-30 00:52:00,916 - root - INFO - validate loss: 0.1849
2025-09-30 00:52:00,916 - root - INFO - validate average_precision, 0.9799
2025-09-30 00:52:00,916 - root - INFO - validate roc_auc, 0.9793
2025-09-30 00:52:00,916 - root - INFO - new node validate loss: 0.3403
2025-09-30 00:52:00,916 - root - INFO - new node validate average_precision, 0.9385
2025-09-30 00:52:00,916 - root - INFO - new node validate roc_auc, 0.9326
2025-09-30 00:52:21,200 - root - INFO - test loss: 0.1915
2025-09-30 00:52:21,200 - root - INFO - test average_precision, 0.9789
2025-09-30 00:52:21,200 - root - INFO - best test average_precision: 0.9805
2025-09-30 00:52:21,200 - root - INFO - test roc_auc, 0.9784
2025-09-30 00:52:21,200 - root - INFO - new node test loss: 0.2664
2025-09-30 00:52:21,200 - root - INFO - new node test average_precision, 0.9595
2025-09-30 00:52:21,200 - root - INFO - new node test roc_auc, 0.9582
2025-09-30 00:54:14,654 - root - INFO - Epoch: 18, learning rate: 0.0001, train loss: 0.1786
2025-09-30 00:54:14,656 - root - INFO - train average_precision, 0.9798
2025-09-30 00:54:14,656 - root - INFO - train roc_auc, 0.9794
2025-09-30 00:54:14,656 - root - INFO - validate loss: 0.1813
2025-09-30 00:54:14,656 - root - INFO - validate average_precision, 0.9807
2025-09-30 00:54:14,656 - root - INFO - validate roc_auc, 0.9800
2025-09-30 00:54:14,656 - root - INFO - new node validate loss: 0.3696
2025-09-30 00:54:14,656 - root - INFO - new node validate average_precision, 0.9296
2025-09-30 00:54:14,656 - root - INFO - new node validate roc_auc, 0.9222
2025-09-30 00:54:34,837 - root - INFO - test loss: 0.1837
2025-09-30 00:54:34,837 - root - INFO - test average_precision, 0.9802
2025-09-30 00:54:34,837 - root - INFO - best test average_precision: 0.9805
2025-09-30 00:54:34,837 - root - INFO - test roc_auc, 0.9797
2025-09-30 00:54:34,837 - root - INFO - new node test loss: 0.2806
2025-09-30 00:54:34,837 - root - INFO - new node test average_precision, 0.9563
2025-09-30 00:54:34,837 - root - INFO - new node test roc_auc, 0.9544
2025-09-30 00:54:34,837 - root - INFO - save model ./saved_models/JODIE/reddit/JODIE_seed2/JODIE_seed2.pkl
2025-09-30 00:56:30,040 - root - INFO - Epoch: 19, learning rate: 0.0001, train loss: 0.1771
2025-09-30 00:56:30,040 - root - INFO - train average_precision, 0.9800
2025-09-30 00:56:30,041 - root - INFO - train roc_auc, 0.9797
2025-09-30 00:56:30,041 - root - INFO - validate loss: 0.1804
2025-09-30 00:56:30,041 - root - INFO - validate average_precision, 0.9808
2025-09-30 00:56:30,041 - root - INFO - validate roc_auc, 0.9802
2025-09-30 00:56:30,041 - root - INFO - new node validate loss: 0.3457
2025-09-30 00:56:30,041 - root - INFO - new node validate average_precision, 0.9368
2025-09-30 00:56:30,041 - root - INFO - new node validate roc_auc, 0.9308
2025-09-30 00:56:50,445 - root - INFO - test loss: 0.1816
2025-09-30 00:56:50,445 - root - INFO - test average_precision, 0.9807
2025-09-30 00:56:50,445 - root - INFO - best test average_precision: 0.9807
2025-09-30 00:56:50,445 - root - INFO - test roc_auc, 0.9801
2025-09-30 00:56:50,445 - root - INFO - new node test loss: 0.2649
2025-09-30 00:56:50,445 - root - INFO - new node test average_precision, 0.9605
2025-09-30 00:56:50,445 - root - INFO - new node test roc_auc, 0.9596
2025-09-30 00:56:50,446 - root - INFO - save model ./saved_models/JODIE/reddit/JODIE_seed2/JODIE_seed2.pkl
2025-09-30 00:58:45,335 - root - INFO - Epoch: 20, learning rate: 0.0001, train loss: 0.1749
2025-09-30 00:58:45,336 - root - INFO - train average_precision, 0.9805
2025-09-30 00:58:45,336 - root - INFO - train roc_auc, 0.9802
2025-09-30 00:58:45,336 - root - INFO - validate loss: 0.1768
2025-09-30 00:58:45,336 - root - INFO - validate average_precision, 0.9814
2025-09-30 00:58:45,337 - root - INFO - validate roc_auc, 0.9809
2025-09-30 00:58:45,337 - root - INFO - new node validate loss: 0.3371
2025-09-30 00:58:45,337 - root - INFO - new node validate average_precision, 0.9389
2025-09-30 00:58:45,337 - root - INFO - new node validate roc_auc, 0.9336
2025-09-30 00:59:05,931 - root - INFO - test loss: 0.1748
2025-09-30 00:59:05,931 - root - INFO - test average_precision, 0.9819
2025-09-30 00:59:05,931 - root - INFO - best test average_precision: 0.9819
2025-09-30 00:59:05,931 - root - INFO - test roc_auc, 0.9815
2025-09-30 00:59:05,931 - root - INFO - new node test loss: 0.2519
2025-09-30 00:59:05,931 - root - INFO - new node test average_precision, 0.9630
2025-09-30 00:59:05,931 - root - INFO - new node test roc_auc, 0.9627
2025-09-30 00:59:05,932 - root - INFO - save model ./saved_models/JODIE/reddit/JODIE_seed2/JODIE_seed2.pkl
2025-09-30 01:01:00,690 - root - INFO - Epoch: 21, learning rate: 0.0001, train loss: 0.1746
2025-09-30 01:01:00,690 - root - INFO - train average_precision, 0.9805
2025-09-30 01:01:00,691 - root - INFO - train roc_auc, 0.9803
2025-09-30 01:01:00,691 - root - INFO - validate loss: 0.1801
2025-09-30 01:01:00,691 - root - INFO - validate average_precision, 0.9808
2025-09-30 01:01:00,691 - root - INFO - validate roc_auc, 0.9803
2025-09-30 01:01:00,691 - root - INFO - new node validate loss: 0.3348
2025-09-30 01:01:00,691 - root - INFO - new node validate average_precision, 0.9401
2025-09-30 01:01:00,691 - root - INFO - new node validate roc_auc, 0.9349
2025-09-30 01:01:21,122 - root - INFO - test loss: 0.1833
2025-09-30 01:01:21,123 - root - INFO - test average_precision, 0.9800
2025-09-30 01:01:21,123 - root - INFO - best test average_precision: 0.9819
2025-09-30 01:01:21,123 - root - INFO - test roc_auc, 0.9798
2025-09-30 01:01:21,123 - root - INFO - new node test loss: 0.2457
2025-09-30 01:01:21,123 - root - INFO - new node test average_precision, 0.9642
2025-09-30 01:01:21,123 - root - INFO - new node test roc_auc, 0.9643
2025-09-30 01:03:14,637 - root - INFO - Epoch: 22, learning rate: 0.0001, train loss: 0.1729
2025-09-30 01:03:14,637 - root - INFO - train average_precision, 0.9808
2025-09-30 01:03:14,638 - root - INFO - train roc_auc, 0.9806
2025-09-30 01:03:14,638 - root - INFO - validate loss: 0.1763
2025-09-30 01:03:14,638 - root - INFO - validate average_precision, 0.9817
2025-09-30 01:03:14,638 - root - INFO - validate roc_auc, 0.9811
2025-09-30 01:03:14,638 - root - INFO - new node validate loss: 0.3310
2025-09-30 01:03:14,638 - root - INFO - new node validate average_precision, 0.9409
2025-09-30 01:03:14,638 - root - INFO - new node validate roc_auc, 0.9356
2025-09-30 01:03:35,053 - root - INFO - test loss: 0.1731
2025-09-30 01:03:35,053 - root - INFO - test average_precision, 0.9826
2025-09-30 01:03:35,054 - root - INFO - best test average_precision: 0.9826
2025-09-30 01:03:35,054 - root - INFO - test roc_auc, 0.9821
2025-09-30 01:03:35,054 - root - INFO - new node test loss: 0.2480
2025-09-30 01:03:35,054 - root - INFO - new node test average_precision, 0.9637
2025-09-30 01:03:35,054 - root - INFO - new node test roc_auc, 0.9634
2025-09-30 01:03:35,054 - root - INFO - save model ./saved_models/JODIE/reddit/JODIE_seed2/JODIE_seed2.pkl
2025-09-30 01:05:29,784 - root - INFO - Epoch: 23, learning rate: 0.0001, train loss: 0.1718
2025-09-30 01:05:29,785 - root - INFO - train average_precision, 0.9812
2025-09-30 01:05:29,785 - root - INFO - train roc_auc, 0.9809
2025-09-30 01:05:29,785 - root - INFO - validate loss: 0.1782
2025-09-30 01:05:29,785 - root - INFO - validate average_precision, 0.9810
2025-09-30 01:05:29,785 - root - INFO - validate roc_auc, 0.9805
2025-09-30 01:05:29,786 - root - INFO - new node validate loss: 0.3379
2025-09-30 01:05:29,786 - root - INFO - new node validate average_precision, 0.9384
2025-09-30 01:05:29,786 - root - INFO - new node validate roc_auc, 0.9329
2025-09-30 01:05:49,968 - root - INFO - test loss: 0.1856
2025-09-30 01:05:49,968 - root - INFO - test average_precision, 0.9786
2025-09-30 01:05:49,969 - root - INFO - best test average_precision: 0.9826
2025-09-30 01:05:49,969 - root - INFO - test roc_auc, 0.9790
2025-09-30 01:05:49,969 - root - INFO - new node test loss: 0.2564
2025-09-30 01:05:49,969 - root - INFO - new node test average_precision, 0.9619
2025-09-30 01:05:49,969 - root - INFO - new node test roc_auc, 0.9612
2025-09-30 01:07:43,409 - root - INFO - Epoch: 24, learning rate: 0.0001, train loss: 0.1715
2025-09-30 01:07:43,410 - root - INFO - train average_precision, 0.9811
2025-09-30 01:07:43,411 - root - INFO - train roc_auc, 0.9810
2025-09-30 01:07:43,411 - root - INFO - validate loss: 0.1771
2025-09-30 01:07:43,411 - root - INFO - validate average_precision, 0.9815
2025-09-30 01:07:43,411 - root - INFO - validate roc_auc, 0.9809
2025-09-30 01:07:43,411 - root - INFO - new node validate loss: 0.3337
2025-09-30 01:07:43,411 - root - INFO - new node validate average_precision, 0.9406
2025-09-30 01:07:43,411 - root - INFO - new node validate roc_auc, 0.9360
2025-09-30 01:08:03,701 - root - INFO - test loss: 0.1752
2025-09-30 01:08:03,701 - root - INFO - test average_precision, 0.9818
2025-09-30 01:08:03,701 - root - INFO - best test average_precision: 0.9826
2025-09-30 01:08:03,701 - root - INFO - test roc_auc, 0.9815
2025-09-30 01:08:03,701 - root - INFO - new node test loss: 0.2458
2025-09-30 01:08:03,701 - root - INFO - new node test average_precision, 0.9650
2025-09-30 01:08:03,701 - root - INFO - new node test roc_auc, 0.9651
2025-09-30 01:09:56,995 - root - INFO - Epoch: 25, learning rate: 0.0001, train loss: 0.1706
2025-09-30 01:09:56,996 - root - INFO - train average_precision, 0.9815
2025-09-30 01:09:56,997 - root - INFO - train roc_auc, 0.9811
2025-09-30 01:09:56,997 - root - INFO - validate loss: 0.1776
2025-09-30 01:09:56,997 - root - INFO - validate average_precision, 0.9812
2025-09-30 01:09:56,997 - root - INFO - validate roc_auc, 0.9807
2025-09-30 01:09:56,997 - root - INFO - new node validate loss: 0.3309
2025-09-30 01:09:56,997 - root - INFO - new node validate average_precision, 0.9420
2025-09-30 01:09:56,997 - root - INFO - new node validate roc_auc, 0.9366
2025-09-30 01:10:17,121 - root - INFO - test loss: 0.1798
2025-09-30 01:10:17,121 - root - INFO - test average_precision, 0.9807
2025-09-30 01:10:17,121 - root - INFO - best test average_precision: 0.9826
2025-09-30 01:10:17,122 - root - INFO - test roc_auc, 0.9804
2025-09-30 01:10:17,122 - root - INFO - new node test loss: 0.2571
2025-09-30 01:10:17,122 - root - INFO - new node test average_precision, 0.9620
2025-09-30 01:10:17,122 - root - INFO - new node test roc_auc, 0.9615
2025-09-30 01:12:10,757 - root - INFO - Epoch: 26, learning rate: 0.0001, train loss: 0.1691
2025-09-30 01:12:10,758 - root - INFO - train average_precision, 0.9816
2025-09-30 01:12:10,758 - root - INFO - train roc_auc, 0.9814
2025-09-30 01:12:10,758 - root - INFO - validate loss: 0.1746
2025-09-30 01:12:10,758 - root - INFO - validate average_precision, 0.9821
2025-09-30 01:12:10,758 - root - INFO - validate roc_auc, 0.9815
2025-09-30 01:12:10,759 - root - INFO - new node validate loss: 0.3328
2025-09-30 01:12:10,759 - root - INFO - new node validate average_precision, 0.9403
2025-09-30 01:12:10,759 - root - INFO - new node validate roc_auc, 0.9347
2025-09-30 01:12:31,130 - root - INFO - test loss: 0.1740
2025-09-30 01:12:31,130 - root - INFO - test average_precision, 0.9823
2025-09-30 01:12:31,130 - root - INFO - best test average_precision: 0.9826
2025-09-30 01:12:31,130 - root - INFO - test roc_auc, 0.9818
2025-09-30 01:12:31,130 - root - INFO - new node test loss: 0.2481
2025-09-30 01:12:31,130 - root - INFO - new node test average_precision, 0.9635
2025-09-30 01:12:31,131 - root - INFO - new node test roc_auc, 0.9632
2025-09-30 01:12:31,131 - root - INFO - save model ./saved_models/JODIE/reddit/JODIE_seed2/JODIE_seed2.pkl
2025-09-30 01:14:25,758 - root - INFO - Epoch: 27, learning rate: 0.0001, train loss: 0.1688
2025-09-30 01:14:25,759 - root - INFO - train average_precision, 0.9817
2025-09-30 01:14:25,759 - root - INFO - train roc_auc, 0.9815
2025-09-30 01:14:25,759 - root - INFO - validate loss: 0.1761
2025-09-30 01:14:25,759 - root - INFO - validate average_precision, 0.9818
2025-09-30 01:14:25,760 - root - INFO - validate roc_auc, 0.9812
2025-09-30 01:14:25,760 - root - INFO - new node validate loss: 0.3399
2025-09-30 01:14:25,760 - root - INFO - new node validate average_precision, 0.9364
2025-09-30 01:14:25,760 - root - INFO - new node validate roc_auc, 0.9314
2025-09-30 01:14:46,151 - root - INFO - test loss: 0.1795
2025-09-30 01:14:46,151 - root - INFO - test average_precision, 0.9806
2025-09-30 01:14:46,151 - root - INFO - best test average_precision: 0.9826
2025-09-30 01:14:46,151 - root - INFO - test roc_auc, 0.9807
2025-09-30 01:14:46,151 - root - INFO - new node test loss: 0.2577
2025-09-30 01:14:46,151 - root - INFO - new node test average_precision, 0.9589
2025-09-30 01:14:46,151 - root - INFO - new node test roc_auc, 0.9600
2025-09-30 01:16:39,722 - root - INFO - Epoch: 28, learning rate: 0.0001, train loss: 0.1688
2025-09-30 01:16:39,723 - root - INFO - train average_precision, 0.9817
2025-09-30 01:16:39,724 - root - INFO - train roc_auc, 0.9815
2025-09-30 01:16:39,724 - root - INFO - validate loss: 0.1725
2025-09-30 01:16:39,724 - root - INFO - validate average_precision, 0.9825
2025-09-30 01:16:39,724 - root - INFO - validate roc_auc, 0.9819
2025-09-30 01:16:39,724 - root - INFO - new node validate loss: 0.3398
2025-09-30 01:16:39,724 - root - INFO - new node validate average_precision, 0.9380
2025-09-30 01:16:39,724 - root - INFO - new node validate roc_auc, 0.9329
2025-09-30 01:17:00,226 - root - INFO - test loss: 0.1708
2025-09-30 01:17:00,226 - root - INFO - test average_precision, 0.9819
2025-09-30 01:17:00,226 - root - INFO - best test average_precision: 0.9826
2025-09-30 01:17:00,226 - root - INFO - test roc_auc, 0.9822
2025-09-30 01:17:00,226 - root - INFO - new node test loss: 0.2523
2025-09-30 01:17:00,226 - root - INFO - new node test average_precision, 0.9622
2025-09-30 01:17:00,226 - root - INFO - new node test roc_auc, 0.9627
2025-09-30 01:17:00,226 - root - INFO - save model ./saved_models/JODIE/reddit/JODIE_seed2/JODIE_seed2.pkl
2025-09-30 01:18:54,875 - root - INFO - Epoch: 29, learning rate: 0.0001, train loss: 0.1671
2025-09-30 01:18:54,876 - root - INFO - train average_precision, 0.9821
2025-09-30 01:18:54,877 - root - INFO - train roc_auc, 0.9819
2025-09-30 01:18:54,877 - root - INFO - validate loss: 0.1741
2025-09-30 01:18:54,877 - root - INFO - validate average_precision, 0.9822
2025-09-30 01:18:54,877 - root - INFO - validate roc_auc, 0.9815
2025-09-30 01:18:54,877 - root - INFO - new node validate loss: 0.3332
2025-09-30 01:18:54,877 - root - INFO - new node validate average_precision, 0.9408
2025-09-30 01:18:54,877 - root - INFO - new node validate roc_auc, 0.9358
2025-09-30 01:19:15,087 - root - INFO - test loss: 0.1746
2025-09-30 01:19:15,087 - root - INFO - test average_precision, 0.9815
2025-09-30 01:19:15,088 - root - INFO - best test average_precision: 0.9826
2025-09-30 01:19:15,088 - root - INFO - test roc_auc, 0.9815
2025-09-30 01:19:15,088 - root - INFO - new node test loss: 0.2523
2025-09-30 01:19:15,088 - root - INFO - new node test average_precision, 0.9627
2025-09-30 01:19:15,088 - root - INFO - new node test roc_auc, 0.9624
2025-09-30 01:21:08,554 - root - INFO - Epoch: 30, learning rate: 0.0001, train loss: 0.1657
2025-09-30 01:21:08,555 - root - INFO - train average_precision, 0.9824
2025-09-30 01:21:08,555 - root - INFO - train roc_auc, 0.9822
2025-09-30 01:21:08,555 - root - INFO - validate loss: 0.1730
2025-09-30 01:21:08,555 - root - INFO - validate average_precision, 0.9823
2025-09-30 01:21:08,555 - root - INFO - validate roc_auc, 0.9818
2025-09-30 01:21:08,555 - root - INFO - new node validate loss: 0.3380
2025-09-30 01:21:08,556 - root - INFO - new node validate average_precision, 0.9387
2025-09-30 01:21:08,556 - root - INFO - new node validate roc_auc, 0.9334
2025-09-30 01:21:28,994 - root - INFO - test loss: 0.1731
2025-09-30 01:21:28,994 - root - INFO - test average_precision, 0.9813
2025-09-30 01:21:28,994 - root - INFO - best test average_precision: 0.9826
2025-09-30 01:21:28,994 - root - INFO - test roc_auc, 0.9819
2025-09-30 01:21:28,994 - root - INFO - new node test loss: 0.2506
2025-09-30 01:21:28,995 - root - INFO - new node test average_precision, 0.9636
2025-09-30 01:21:28,995 - root - INFO - new node test roc_auc, 0.9632
2025-09-30 01:23:22,574 - root - INFO - Epoch: 31, learning rate: 0.0001, train loss: 0.1662
2025-09-30 01:23:22,575 - root - INFO - train average_precision, 0.9822
2025-09-30 01:23:22,576 - root - INFO - train roc_auc, 0.9820
2025-09-30 01:23:22,576 - root - INFO - validate loss: 0.1739
2025-09-30 01:23:22,576 - root - INFO - validate average_precision, 0.9823
2025-09-30 01:23:22,576 - root - INFO - validate roc_auc, 0.9817
2025-09-30 01:23:22,576 - root - INFO - new node validate loss: 0.3136
2025-09-30 01:23:22,576 - root - INFO - new node validate average_precision, 0.9467
2025-09-30 01:23:22,576 - root - INFO - new node validate roc_auc, 0.9417
2025-09-30 01:23:42,898 - root - INFO - test loss: 0.1830
2025-09-30 01:23:42,899 - root - INFO - test average_precision, 0.9807
2025-09-30 01:23:42,899 - root - INFO - best test average_precision: 0.9826
2025-09-30 01:23:42,899 - root - INFO - test roc_auc, 0.9805
2025-09-30 01:23:42,899 - root - INFO - new node test loss: 0.2419
2025-09-30 01:23:42,899 - root - INFO - new node test average_precision, 0.9652
2025-09-30 01:23:42,899 - root - INFO - new node test roc_auc, 0.9649
2025-09-30 01:25:36,343 - root - INFO - Epoch: 32, learning rate: 0.0001, train loss: 0.1660
2025-09-30 01:25:36,344 - root - INFO - train average_precision, 0.9823
2025-09-30 01:25:36,344 - root - INFO - train roc_auc, 0.9821
2025-09-30 01:25:36,344 - root - INFO - validate loss: 0.1733
2025-09-30 01:25:36,344 - root - INFO - validate average_precision, 0.9824
2025-09-30 01:25:36,344 - root - INFO - validate roc_auc, 0.9818
2025-09-30 01:25:36,344 - root - INFO - new node validate loss: 0.3311
2025-09-30 01:25:36,344 - root - INFO - new node validate average_precision, 0.9422
2025-09-30 01:25:36,344 - root - INFO - new node validate roc_auc, 0.9378
2025-09-30 01:25:56,771 - root - INFO - test loss: 0.1756
2025-09-30 01:25:56,771 - root - INFO - test average_precision, 0.9814
2025-09-30 01:25:56,771 - root - INFO - best test average_precision: 0.9826
2025-09-30 01:25:56,772 - root - INFO - test roc_auc, 0.9814
2025-09-30 01:25:56,772 - root - INFO - new node test loss: 0.2596
2025-09-30 01:25:56,772 - root - INFO - new node test average_precision, 0.9623
2025-09-30 01:25:56,772 - root - INFO - new node test roc_auc, 0.9617
2025-09-30 01:27:50,048 - root - INFO - Epoch: 33, learning rate: 0.0001, train loss: 0.1654
2025-09-30 01:27:50,049 - root - INFO - train average_precision, 0.9825
2025-09-30 01:27:50,049 - root - INFO - train roc_auc, 0.9822
2025-09-30 01:27:50,050 - root - INFO - validate loss: 0.1752
2025-09-30 01:27:50,050 - root - INFO - validate average_precision, 0.9819
2025-09-30 01:27:50,050 - root - INFO - validate roc_auc, 0.9813
2025-09-30 01:27:50,050 - root - INFO - new node validate loss: 0.3180
2025-09-30 01:27:50,050 - root - INFO - new node validate average_precision, 0.9450
2025-09-30 01:27:50,050 - root - INFO - new node validate roc_auc, 0.9396
2025-09-30 01:28:10,258 - root - INFO - test loss: 0.1792
2025-09-30 01:28:10,258 - root - INFO - test average_precision, 0.9800
2025-09-30 01:28:10,258 - root - INFO - best test average_precision: 0.9826
2025-09-30 01:28:10,258 - root - INFO - test roc_auc, 0.9806
2025-09-30 01:28:10,258 - root - INFO - new node test loss: 0.2419
2025-09-30 01:28:10,258 - root - INFO - new node test average_precision, 0.9659
2025-09-30 01:28:10,258 - root - INFO - new node test roc_auc, 0.9652
2025-09-30 01:30:03,843 - root - INFO - Epoch: 34, learning rate: 0.0001, train loss: 0.1646
2025-09-30 01:30:03,844 - root - INFO - train average_precision, 0.9826
2025-09-30 01:30:03,845 - root - INFO - train roc_auc, 0.9824
2025-09-30 01:30:03,845 - root - INFO - validate loss: 0.1728
2025-09-30 01:30:03,845 - root - INFO - validate average_precision, 0.9824
2025-09-30 01:30:03,845 - root - INFO - validate roc_auc, 0.9818
2025-09-30 01:30:03,845 - root - INFO - new node validate loss: 0.3340
2025-09-30 01:30:03,845 - root - INFO - new node validate average_precision, 0.9400
2025-09-30 01:30:03,845 - root - INFO - new node validate roc_auc, 0.9352
2025-09-30 01:30:24,196 - root - INFO - test loss: 0.1754
2025-09-30 01:30:24,196 - root - INFO - test average_precision, 0.9804
2025-09-30 01:30:24,196 - root - INFO - best test average_precision: 0.9826
2025-09-30 01:30:24,196 - root - INFO - test roc_auc, 0.9814
2025-09-30 01:30:24,196 - root - INFO - new node test loss: 0.2522
2025-09-30 01:30:24,196 - root - INFO - new node test average_precision, 0.9622
2025-09-30 01:30:24,196 - root - INFO - new node test roc_auc, 0.9623
2025-09-30 01:32:17,531 - root - INFO - Epoch: 35, learning rate: 0.0001, train loss: 0.1640
2025-09-30 01:32:17,532 - root - INFO - train average_precision, 0.9826
2025-09-30 01:32:17,532 - root - INFO - train roc_auc, 0.9825
2025-09-30 01:32:17,532 - root - INFO - validate loss: 0.1770
2025-09-30 01:32:17,532 - root - INFO - validate average_precision, 0.9819
2025-09-30 01:32:17,532 - root - INFO - validate roc_auc, 0.9813
2025-09-30 01:32:17,532 - root - INFO - new node validate loss: 0.3164
2025-09-30 01:32:17,532 - root - INFO - new node validate average_precision, 0.9449
2025-09-30 01:32:17,532 - root - INFO - new node validate roc_auc, 0.9398
2025-09-30 01:32:37,746 - root - INFO - test loss: 0.1820
2025-09-30 01:32:37,746 - root - INFO - test average_precision, 0.9806
2025-09-30 01:32:37,747 - root - INFO - best test average_precision: 0.9826
2025-09-30 01:32:37,747 - root - INFO - test roc_auc, 0.9807
2025-09-30 01:32:37,747 - root - INFO - new node test loss: 0.2467
2025-09-30 01:32:37,747 - root - INFO - new node test average_precision, 0.9636
2025-09-30 01:32:37,747 - root - INFO - new node test roc_auc, 0.9636
2025-09-30 01:34:31,121 - root - INFO - Epoch: 36, learning rate: 0.0001, train loss: 0.1642
2025-09-30 01:34:31,122 - root - INFO - train average_precision, 0.9826
2025-09-30 01:34:31,122 - root - INFO - train roc_auc, 0.9825
2025-09-30 01:34:31,123 - root - INFO - validate loss: 0.1738
2025-09-30 01:34:31,123 - root - INFO - validate average_precision, 0.9823
2025-09-30 01:34:31,123 - root - INFO - validate roc_auc, 0.9817
2025-09-30 01:34:31,123 - root - INFO - new node validate loss: 0.3294
2025-09-30 01:34:31,123 - root - INFO - new node validate average_precision, 0.9426
2025-09-30 01:34:31,123 - root - INFO - new node validate roc_auc, 0.9374
2025-09-30 01:34:51,459 - root - INFO - test loss: 0.1796
2025-09-30 01:34:51,459 - root - INFO - test average_precision, 0.9803
2025-09-30 01:34:51,459 - root - INFO - best test average_precision: 0.9826
2025-09-30 01:34:51,459 - root - INFO - test roc_auc, 0.9809
2025-09-30 01:34:51,460 - root - INFO - new node test loss: 0.2590
2025-09-30 01:34:51,460 - root - INFO - new node test average_precision, 0.9600
2025-09-30 01:34:51,460 - root - INFO - new node test roc_auc, 0.9614
2025-09-30 01:36:44,588 - root - INFO - Epoch: 37, learning rate: 0.0001, train loss: 0.1632
2025-09-30 01:36:44,589 - root - INFO - train average_precision, 0.9828
2025-09-30 01:36:44,589 - root - INFO - train roc_auc, 0.9827
2025-09-30 01:36:44,589 - root - INFO - validate loss: 0.1721
2025-09-30 01:36:44,589 - root - INFO - validate average_precision, 0.9827
2025-09-30 01:36:44,589 - root - INFO - validate roc_auc, 0.9820
2025-09-30 01:36:44,589 - root - INFO - new node validate loss: 0.3207
2025-09-30 01:36:44,589 - root - INFO - new node validate average_precision, 0.9448
2025-09-30 01:36:44,589 - root - INFO - new node validate roc_auc, 0.9403
2025-09-30 01:37:04,785 - root - INFO - test loss: 0.1736
2025-09-30 01:37:04,785 - root - INFO - test average_precision, 0.9814
2025-09-30 01:37:04,785 - root - INFO - best test average_precision: 0.9826
2025-09-30 01:37:04,785 - root - INFO - test roc_auc, 0.9817
2025-09-30 01:37:04,785 - root - INFO - new node test loss: 0.2467
2025-09-30 01:37:04,785 - root - INFO - new node test average_precision, 0.9633
2025-09-30 01:37:04,785 - root - INFO - new node test roc_auc, 0.9638
2025-09-30 01:37:04,785 - root - INFO - save model ./saved_models/JODIE/reddit/JODIE_seed2/JODIE_seed2.pkl
2025-09-30 01:38:59,323 - root - INFO - Epoch: 38, learning rate: 0.0001, train loss: 0.1628
2025-09-30 01:38:59,324 - root - INFO - train average_precision, 0.9829
2025-09-30 01:38:59,324 - root - INFO - train roc_auc, 0.9828
2025-09-30 01:38:59,324 - root - INFO - validate loss: 0.1704
2025-09-30 01:38:59,324 - root - INFO - validate average_precision, 0.9829
2025-09-30 01:38:59,324 - root - INFO - validate roc_auc, 0.9824
2025-09-30 01:38:59,324 - root - INFO - new node validate loss: 0.3154
2025-09-30 01:38:59,325 - root - INFO - new node validate average_precision, 0.9461
2025-09-30 01:38:59,325 - root - INFO - new node validate roc_auc, 0.9413
2025-09-30 01:39:19,742 - root - INFO - test loss: 0.1707
2025-09-30 01:39:19,742 - root - INFO - test average_precision, 0.9816
2025-09-30 01:39:19,742 - root - INFO - best test average_precision: 0.9826
2025-09-30 01:39:19,742 - root - INFO - test roc_auc, 0.9824
2025-09-30 01:39:19,742 - root - INFO - new node test loss: 0.2330
2025-09-30 01:39:19,742 - root - INFO - new node test average_precision, 0.9673
2025-09-30 01:39:19,742 - root - INFO - new node test roc_auc, 0.9673
2025-09-30 01:39:19,743 - root - INFO - save model ./saved_models/JODIE/reddit/JODIE_seed2/JODIE_seed2.pkl
2025-09-30 01:41:14,757 - root - INFO - Epoch: 39, learning rate: 0.0001, train loss: 0.1619
2025-09-30 01:41:14,758 - root - INFO - train average_precision, 0.9830
2025-09-30 01:41:14,758 - root - INFO - train roc_auc, 0.9829
2025-09-30 01:41:14,759 - root - INFO - validate loss: 0.1713
2025-09-30 01:41:14,759 - root - INFO - validate average_precision, 0.9828
2025-09-30 01:41:14,759 - root - INFO - validate roc_auc, 0.9822
2025-09-30 01:41:14,759 - root - INFO - new node validate loss: 0.3315
2025-09-30 01:41:14,759 - root - INFO - new node validate average_precision, 0.9407
2025-09-30 01:41:14,759 - root - INFO - new node validate roc_auc, 0.9364
2025-09-30 01:41:35,006 - root - INFO - test loss: 0.1733
2025-09-30 01:41:35,006 - root - INFO - test average_precision, 0.9813
2025-09-30 01:41:35,006 - root - INFO - best test average_precision: 0.9826
2025-09-30 01:41:35,006 - root - INFO - test roc_auc, 0.9817
2025-09-30 01:41:35,006 - root - INFO - new node test loss: 0.2581
2025-09-30 01:41:35,006 - root - INFO - new node test average_precision, 0.9593
2025-09-30 01:41:35,007 - root - INFO - new node test roc_auc, 0.9604
2025-09-30 01:43:28,129 - root - INFO - Epoch: 40, learning rate: 0.0001, train loss: 0.1618
2025-09-30 01:43:28,130 - root - INFO - train average_precision, 0.9830
2025-09-30 01:43:28,130 - root - INFO - train roc_auc, 0.9829
2025-09-30 01:43:28,130 - root - INFO - validate loss: 0.1733
2025-09-30 01:43:28,131 - root - INFO - validate average_precision, 0.9823
2025-09-30 01:43:28,131 - root - INFO - validate roc_auc, 0.9818
2025-09-30 01:43:28,131 - root - INFO - new node validate loss: 0.3239
2025-09-30 01:43:28,131 - root - INFO - new node validate average_precision, 0.9434
2025-09-30 01:43:28,131 - root - INFO - new node validate roc_auc, 0.9391
2025-09-30 01:43:48,365 - root - INFO - test loss: 0.1816
2025-09-30 01:43:48,365 - root - INFO - test average_precision, 0.9794
2025-09-30 01:43:48,365 - root - INFO - best test average_precision: 0.9826
2025-09-30 01:43:48,365 - root - INFO - test roc_auc, 0.9804
2025-09-30 01:43:48,365 - root - INFO - new node test loss: 0.2501
2025-09-30 01:43:48,365 - root - INFO - new node test average_precision, 0.9629
2025-09-30 01:43:48,365 - root - INFO - new node test roc_auc, 0.9631
2025-09-30 01:45:41,770 - root - INFO - Epoch: 41, learning rate: 0.0001, train loss: 0.1618
2025-09-30 01:45:41,771 - root - INFO - train average_precision, 0.9829
2025-09-30 01:45:41,771 - root - INFO - train roc_auc, 0.9829
2025-09-30 01:45:41,771 - root - INFO - validate loss: 0.1726
2025-09-30 01:45:41,772 - root - INFO - validate average_precision, 0.9827
2025-09-30 01:45:41,772 - root - INFO - validate roc_auc, 0.9820
2025-09-30 01:45:41,772 - root - INFO - new node validate loss: 0.3280
2025-09-30 01:45:41,772 - root - INFO - new node validate average_precision, 0.9439
2025-09-30 01:45:41,772 - root - INFO - new node validate roc_auc, 0.9394
2025-09-30 01:46:02,013 - root - INFO - test loss: 0.1757
2025-09-30 01:46:02,013 - root - INFO - test average_precision, 0.9813
2025-09-30 01:46:02,013 - root - INFO - best test average_precision: 0.9826
2025-09-30 01:46:02,013 - root - INFO - test roc_auc, 0.9814
2025-09-30 01:46:02,013 - root - INFO - new node test loss: 0.2477
2025-09-30 01:46:02,013 - root - INFO - new node test average_precision, 0.9652
2025-09-30 01:46:02,014 - root - INFO - new node test roc_auc, 0.9647
2025-09-30 01:47:55,061 - root - INFO - Epoch: 42, learning rate: 0.0001, train loss: 0.1619
2025-09-30 01:47:55,061 - root - INFO - train average_precision, 0.9831
2025-09-30 01:47:55,062 - root - INFO - train roc_auc, 0.9829
2025-09-30 01:47:55,062 - root - INFO - validate loss: 0.1736
2025-09-30 01:47:55,062 - root - INFO - validate average_precision, 0.9827
2025-09-30 01:47:55,062 - root - INFO - validate roc_auc, 0.9820
2025-09-30 01:47:55,062 - root - INFO - new node validate loss: 0.3102
2025-09-30 01:47:55,062 - root - INFO - new node validate average_precision, 0.9468
2025-09-30 01:47:55,062 - root - INFO - new node validate roc_auc, 0.9424
2025-09-30 01:48:15,108 - root - INFO - test loss: 0.1783
2025-09-30 01:48:15,108 - root - INFO - test average_precision, 0.9806
2025-09-30 01:48:15,108 - root - INFO - best test average_precision: 0.9826
2025-09-30 01:48:15,108 - root - INFO - test roc_auc, 0.9814
2025-09-30 01:48:15,108 - root - INFO - new node test loss: 0.2477
2025-09-30 01:48:15,108 - root - INFO - new node test average_precision, 0.9630
2025-09-30 01:48:15,109 - root - INFO - new node test roc_auc, 0.9631
2025-09-30 01:50:08,458 - root - INFO - Epoch: 43, learning rate: 0.0001, train loss: 0.1613
2025-09-30 01:50:08,459 - root - INFO - train average_precision, 0.9831
2025-09-30 01:50:08,459 - root - INFO - train roc_auc, 0.9830
2025-09-30 01:50:08,459 - root - INFO - validate loss: 0.1736
2025-09-30 01:50:08,459 - root - INFO - validate average_precision, 0.9825
2025-09-30 01:50:08,459 - root - INFO - validate roc_auc, 0.9818
2025-09-30 01:50:08,459 - root - INFO - new node validate loss: 0.3248
2025-09-30 01:50:08,460 - root - INFO - new node validate average_precision, 0.9411
2025-09-30 01:50:08,460 - root - INFO - new node validate roc_auc, 0.9368
2025-09-30 01:50:28,819 - root - INFO - test loss: 0.1781
2025-09-30 01:50:28,819 - root - INFO - test average_precision, 0.9802
2025-09-30 01:50:28,819 - root - INFO - best test average_precision: 0.9826
2025-09-30 01:50:28,819 - root - INFO - test roc_auc, 0.9811
2025-09-30 01:50:28,819 - root - INFO - new node test loss: 0.2572
2025-09-30 01:50:28,820 - root - INFO - new node test average_precision, 0.9614
2025-09-30 01:50:28,820 - root - INFO - new node test roc_auc, 0.9606
2025-09-30 01:52:21,878 - root - INFO - Epoch: 44, learning rate: 0.0001, train loss: 0.1612
2025-09-30 01:52:21,879 - root - INFO - train average_precision, 0.9832
2025-09-30 01:52:21,879 - root - INFO - train roc_auc, 0.9830
2025-09-30 01:52:21,880 - root - INFO - validate loss: 0.1743
2025-09-30 01:52:21,880 - root - INFO - validate average_precision, 0.9822
2025-09-30 01:52:21,880 - root - INFO - validate roc_auc, 0.9815
2025-09-30 01:52:21,880 - root - INFO - new node validate loss: 0.3349
2025-09-30 01:52:21,880 - root - INFO - new node validate average_precision, 0.9396
2025-09-30 01:52:21,880 - root - INFO - new node validate roc_auc, 0.9350
2025-09-30 01:52:42,051 - root - INFO - test loss: 0.1834
2025-09-30 01:52:42,051 - root - INFO - test average_precision, 0.9797
2025-09-30 01:52:42,051 - root - INFO - best test average_precision: 0.9826
2025-09-30 01:52:42,051 - root - INFO - test roc_auc, 0.9798
2025-09-30 01:52:42,051 - root - INFO - new node test loss: 0.2652
2025-09-30 01:52:42,051 - root - INFO - new node test average_precision, 0.9586
2025-09-30 01:52:42,051 - root - INFO - new node test roc_auc, 0.9582
2025-09-30 01:54:35,472 - root - INFO - Epoch: 45, learning rate: 0.0001, train loss: 0.1614
2025-09-30 01:54:35,473 - root - INFO - train average_precision, 0.9830
2025-09-30 01:54:35,473 - root - INFO - train roc_auc, 0.9830
2025-09-30 01:54:35,473 - root - INFO - validate loss: 0.1739
2025-09-30 01:54:35,473 - root - INFO - validate average_precision, 0.9822
2025-09-30 01:54:35,473 - root - INFO - validate roc_auc, 0.9816
2025-09-30 01:54:35,473 - root - INFO - new node validate loss: 0.3398
2025-09-30 01:54:35,473 - root - INFO - new node validate average_precision, 0.9363
2025-09-30 01:54:35,474 - root - INFO - new node validate roc_auc, 0.9326
2025-09-30 01:54:55,491 - root - INFO - test loss: 0.1792
2025-09-30 01:54:55,492 - root - INFO - test average_precision, 0.9798
2025-09-30 01:54:55,492 - root - INFO - best test average_precision: 0.9826
2025-09-30 01:54:55,492 - root - INFO - test roc_auc, 0.9806
2025-09-30 01:54:55,492 - root - INFO - new node test loss: 0.2764
2025-09-30 01:54:55,492 - root - INFO - new node test average_precision, 0.9522
2025-09-30 01:54:55,492 - root - INFO - new node test roc_auc, 0.9545
2025-09-30 01:56:48,658 - root - INFO - Epoch: 46, learning rate: 0.0001, train loss: 0.1587
2025-09-30 01:56:48,659 - root - INFO - train average_precision, 0.9835
2025-09-30 01:56:48,659 - root - INFO - train roc_auc, 0.9835
2025-09-30 01:56:48,659 - root - INFO - validate loss: 0.1719
2025-09-30 01:56:48,659 - root - INFO - validate average_precision, 0.9825
2025-09-30 01:56:48,659 - root - INFO - validate roc_auc, 0.9820
2025-09-30 01:56:48,660 - root - INFO - new node validate loss: 0.3290
2025-09-30 01:56:48,660 - root - INFO - new node validate average_precision, 0.9409
2025-09-30 01:56:48,660 - root - INFO - new node validate roc_auc, 0.9368
2025-09-30 01:57:09,124 - root - INFO - test loss: 0.1775
2025-09-30 01:57:09,125 - root - INFO - test average_precision, 0.9796
2025-09-30 01:57:09,125 - root - INFO - best test average_precision: 0.9826
2025-09-30 01:57:09,125 - root - INFO - test roc_auc, 0.9809
2025-09-30 01:57:09,125 - root - INFO - new node test loss: 0.2536
2025-09-30 01:57:09,125 - root - INFO - new node test average_precision, 0.9602
2025-09-30 01:57:09,125 - root - INFO - new node test roc_auc, 0.9616
2025-09-30 01:59:02,305 - root - INFO - Epoch: 47, learning rate: 0.0001, train loss: 0.1594
2025-09-30 01:59:02,306 - root - INFO - train average_precision, 0.9833
2025-09-30 01:59:02,306 - root - INFO - train roc_auc, 0.9834
2025-09-30 01:59:02,306 - root - INFO - validate loss: 0.1717
2025-09-30 01:59:02,307 - root - INFO - validate average_precision, 0.9828
2025-09-30 01:59:02,307 - root - INFO - validate roc_auc, 0.9822
2025-09-30 01:59:02,307 - root - INFO - new node validate loss: 0.3310
2025-09-30 01:59:02,307 - root - INFO - new node validate average_precision, 0.9432
2025-09-30 01:59:02,307 - root - INFO - new node validate roc_auc, 0.9391
2025-09-30 01:59:22,476 - root - INFO - test loss: 0.1728
2025-09-30 01:59:22,476 - root - INFO - test average_precision, 0.9814
2025-09-30 01:59:22,477 - root - INFO - best test average_precision: 0.9826
2025-09-30 01:59:22,477 - root - INFO - test roc_auc, 0.9820
2025-09-30 01:59:22,477 - root - INFO - new node test loss: 0.2541
2025-09-30 01:59:22,477 - root - INFO - new node test average_precision, 0.9636
2025-09-30 01:59:22,477 - root - INFO - new node test roc_auc, 0.9632
2025-09-30 02:01:15,799 - root - INFO - Epoch: 48, learning rate: 0.0001, train loss: 0.1595
2025-09-30 02:01:15,799 - root - INFO - train average_precision, 0.9834
2025-09-30 02:01:15,800 - root - INFO - train roc_auc, 0.9834
2025-09-30 02:01:15,800 - root - INFO - validate loss: 0.1724
2025-09-30 02:01:15,800 - root - INFO - validate average_precision, 0.9826
2025-09-30 02:01:15,800 - root - INFO - validate roc_auc, 0.9819
2025-09-30 02:01:15,800 - root - INFO - new node validate loss: 0.3334
2025-09-30 02:01:15,800 - root - INFO - new node validate average_precision, 0.9377
2025-09-30 02:01:15,800 - root - INFO - new node validate roc_auc, 0.9342
2025-09-30 02:01:35,983 - root - INFO - test loss: 0.1763
2025-09-30 02:01:35,983 - root - INFO - test average_precision, 0.9800
2025-09-30 02:01:35,983 - root - INFO - best test average_precision: 0.9826
2025-09-30 02:01:35,983 - root - INFO - test roc_auc, 0.9812
2025-09-30 02:01:35,983 - root - INFO - new node test loss: 0.2647
2025-09-30 02:01:35,983 - root - INFO - new node test average_precision, 0.9569
2025-09-30 02:01:35,983 - root - INFO - new node test roc_auc, 0.9579
2025-09-30 02:03:29,246 - root - INFO - Epoch: 49, learning rate: 0.0001, train loss: 0.1599
2025-09-30 02:03:29,247 - root - INFO - train average_precision, 0.9833
2025-09-30 02:03:29,247 - root - INFO - train roc_auc, 0.9833
2025-09-30 02:03:29,248 - root - INFO - validate loss: 0.1767
2025-09-30 02:03:29,248 - root - INFO - validate average_precision, 0.9820
2025-09-30 02:03:29,248 - root - INFO - validate roc_auc, 0.9814
2025-09-30 02:03:29,248 - root - INFO - new node validate loss: 0.3323
2025-09-30 02:03:29,248 - root - INFO - new node validate average_precision, 0.9415
2025-09-30 02:03:29,248 - root - INFO - new node validate roc_auc, 0.9373
2025-09-30 02:03:49,260 - root - INFO - test loss: 0.1879
2025-09-30 02:03:49,260 - root - INFO - test average_precision, 0.9776
2025-09-30 02:03:49,260 - root - INFO - best test average_precision: 0.9826
2025-09-30 02:03:49,260 - root - INFO - test roc_auc, 0.9795
2025-09-30 02:03:49,260 - root - INFO - new node test loss: 0.2615
2025-09-30 02:03:49,261 - root - INFO - new node test average_precision, 0.9614
2025-09-30 02:03:49,261 - root - INFO - new node test roc_auc, 0.9609
2025-09-30 02:05:42,721 - root - INFO - Epoch: 50, learning rate: 0.0001, train loss: 0.1587
2025-09-30 02:05:42,722 - root - INFO - train average_precision, 0.9836
2025-09-30 02:05:42,722 - root - INFO - train roc_auc, 0.9836
2025-09-30 02:05:42,722 - root - INFO - validate loss: 0.1729
2025-09-30 02:05:42,722 - root - INFO - validate average_precision, 0.9827
2025-09-30 02:05:42,722 - root - INFO - validate roc_auc, 0.9820
2025-09-30 02:05:42,722 - root - INFO - new node validate loss: 0.3403
2025-09-30 02:05:42,722 - root - INFO - new node validate average_precision, 0.9401
2025-09-30 02:05:42,722 - root - INFO - new node validate roc_auc, 0.9353
2025-09-30 02:06:03,211 - root - INFO - test loss: 0.1782
2025-09-30 02:06:03,212 - root - INFO - test average_precision, 0.9790
2025-09-30 02:06:03,212 - root - INFO - best test average_precision: 0.9826
2025-09-30 02:06:03,212 - root - INFO - test roc_auc, 0.9811
2025-09-30 02:06:03,212 - root - INFO - new node test loss: 0.2572
2025-09-30 02:06:03,212 - root - INFO - new node test average_precision, 0.9617
2025-09-30 02:06:03,212 - root - INFO - new node test roc_auc, 0.9624
2025-09-30 02:07:56,579 - root - INFO - Epoch: 51, learning rate: 0.0001, train loss: 0.1579
2025-09-30 02:07:56,580 - root - INFO - train average_precision, 0.9838
2025-09-30 02:07:56,580 - root - INFO - train roc_auc, 0.9837
2025-09-30 02:07:56,580 - root - INFO - validate loss: 0.1744
2025-09-30 02:07:56,581 - root - INFO - validate average_precision, 0.9825
2025-09-30 02:07:56,581 - root - INFO - validate roc_auc, 0.9817
2025-09-30 02:07:56,581 - root - INFO - new node validate loss: 0.3428
2025-09-30 02:07:56,581 - root - INFO - new node validate average_precision, 0.9406
2025-09-30 02:07:56,581 - root - INFO - new node validate roc_auc, 0.9353
2025-09-30 02:08:16,798 - root - INFO - test loss: 0.1842
2025-09-30 02:08:16,798 - root - INFO - test average_precision, 0.9792
2025-09-30 02:08:16,798 - root - INFO - best test average_precision: 0.9826
2025-09-30 02:08:16,799 - root - INFO - test roc_auc, 0.9797
2025-09-30 02:08:16,799 - root - INFO - new node test loss: 0.2626
2025-09-30 02:08:16,799 - root - INFO - new node test average_precision, 0.9612
2025-09-30 02:08:16,799 - root - INFO - new node test roc_auc, 0.9609
2025-09-30 02:10:09,962 - root - INFO - Epoch: 52, learning rate: 0.0001, train loss: 0.1583
2025-09-30 02:10:09,963 - root - INFO - train average_precision, 0.9835
2025-09-30 02:10:09,963 - root - INFO - train roc_auc, 0.9836
2025-09-30 02:10:09,963 - root - INFO - validate loss: 0.1763
2025-09-30 02:10:09,963 - root - INFO - validate average_precision, 0.9819
2025-09-30 02:10:09,963 - root - INFO - validate roc_auc, 0.9812
2025-09-30 02:10:09,963 - root - INFO - new node validate loss: 0.3524
2025-09-30 02:10:09,963 - root - INFO - new node validate average_precision, 0.9353
2025-09-30 02:10:09,963 - root - INFO - new node validate roc_auc, 0.9309
2025-09-30 02:10:30,217 - root - INFO - test loss: 0.1885
2025-09-30 02:10:30,217 - root - INFO - test average_precision, 0.9768
2025-09-30 02:10:30,217 - root - INFO - best test average_precision: 0.9826
2025-09-30 02:10:30,217 - root - INFO - test roc_auc, 0.9789
2025-09-30 02:10:30,217 - root - INFO - new node test loss: 0.2794
2025-09-30 02:10:30,217 - root - INFO - new node test average_precision, 0.9550
2025-09-30 02:10:30,217 - root - INFO - new node test roc_auc, 0.9556
2025-09-30 02:12:24,026 - root - INFO - Epoch: 53, learning rate: 0.0001, train loss: 0.1580
2025-09-30 02:12:24,027 - root - INFO - train average_precision, 0.9837
2025-09-30 02:12:24,027 - root - INFO - train roc_auc, 0.9837
2025-09-30 02:12:24,027 - root - INFO - validate loss: 0.1769
2025-09-30 02:12:24,027 - root - INFO - validate average_precision, 0.9818
2025-09-30 02:12:24,028 - root - INFO - validate roc_auc, 0.9810
2025-09-30 02:12:24,028 - root - INFO - new node validate loss: 0.3432
2025-09-30 02:12:24,028 - root - INFO - new node validate average_precision, 0.9365
2025-09-30 02:12:24,028 - root - INFO - new node validate roc_auc, 0.9327
2025-09-30 02:12:44,393 - root - INFO - test loss: 0.1888
2025-09-30 02:12:44,393 - root - INFO - test average_precision, 0.9764
2025-09-30 02:12:44,394 - root - INFO - best test average_precision: 0.9826
2025-09-30 02:12:44,394 - root - INFO - test roc_auc, 0.9787
2025-09-30 02:12:44,394 - root - INFO - new node test loss: 0.2793
2025-09-30 02:12:44,394 - root - INFO - new node test average_precision, 0.9529
2025-09-30 02:12:44,394 - root - INFO - new node test roc_auc, 0.9547
2025-09-30 02:14:37,497 - root - INFO - Epoch: 54, learning rate: 0.0001, train loss: 0.1574
2025-09-30 02:14:37,498 - root - INFO - train average_precision, 0.9838
2025-09-30 02:14:37,498 - root - INFO - train roc_auc, 0.9839
2025-09-30 02:14:37,498 - root - INFO - validate loss: 0.1745
2025-09-30 02:14:37,498 - root - INFO - validate average_precision, 0.9824
2025-09-30 02:14:37,499 - root - INFO - validate roc_auc, 0.9816
2025-09-30 02:14:37,499 - root - INFO - new node validate loss: 0.3323
2025-09-30 02:14:37,499 - root - INFO - new node validate average_precision, 0.9413
2025-09-30 02:14:37,499 - root - INFO - new node validate roc_auc, 0.9370
2025-09-30 02:14:57,642 - root - INFO - test loss: 0.1840
2025-09-30 02:14:57,642 - root - INFO - test average_precision, 0.9770
2025-09-30 02:14:57,642 - root - INFO - best test average_precision: 0.9826
2025-09-30 02:14:57,642 - root - INFO - test roc_auc, 0.9799
2025-09-30 02:14:57,642 - root - INFO - new node test loss: 0.2680
2025-09-30 02:14:57,642 - root - INFO - new node test average_precision, 0.9569
2025-09-30 02:14:57,643 - root - INFO - new node test roc_auc, 0.9586
2025-09-30 02:16:51,022 - root - INFO - Epoch: 55, learning rate: 0.0001, train loss: 0.1561
2025-09-30 02:16:51,023 - root - INFO - train average_precision, 0.9840
2025-09-30 02:16:51,023 - root - INFO - train roc_auc, 0.9841
2025-09-30 02:16:51,023 - root - INFO - validate loss: 0.1748
2025-09-30 02:16:51,023 - root - INFO - validate average_precision, 0.9820
2025-09-30 02:16:51,023 - root - INFO - validate roc_auc, 0.9815
2025-09-30 02:16:51,023 - root - INFO - new node validate loss: 0.3358
2025-09-30 02:16:51,023 - root - INFO - new node validate average_precision, 0.9380
2025-09-30 02:16:51,023 - root - INFO - new node validate roc_auc, 0.9348
2025-09-30 02:17:11,390 - root - INFO - test loss: 0.1846
2025-09-30 02:17:11,390 - root - INFO - test average_precision, 0.9768
2025-09-30 02:17:11,390 - root - INFO - best test average_precision: 0.9826
2025-09-30 02:17:11,390 - root - INFO - test roc_auc, 0.9794
2025-09-30 02:17:11,390 - root - INFO - new node test loss: 0.2660
2025-09-30 02:17:11,391 - root - INFO - new node test average_precision, 0.9543
2025-09-30 02:17:11,391 - root - INFO - new node test roc_auc, 0.9580
2025-09-30 02:19:04,775 - root - INFO - Epoch: 56, learning rate: 0.0001, train loss: 0.1572
2025-09-30 02:19:04,776 - root - INFO - train average_precision, 0.9838
2025-09-30 02:19:04,776 - root - INFO - train roc_auc, 0.9839
2025-09-30 02:19:04,776 - root - INFO - validate loss: 0.1764
2025-09-30 02:19:04,776 - root - INFO - validate average_precision, 0.9822
2025-09-30 02:19:04,776 - root - INFO - validate roc_auc, 0.9816
2025-09-30 02:19:04,776 - root - INFO - new node validate loss: 0.3337
2025-09-30 02:19:04,777 - root - INFO - new node validate average_precision, 0.9373
2025-09-30 02:19:04,777 - root - INFO - new node validate roc_auc, 0.9346
2025-09-30 02:19:25,068 - root - INFO - test loss: 0.1882
2025-09-30 02:19:25,068 - root - INFO - test average_precision, 0.9772
2025-09-30 02:19:25,068 - root - INFO - best test average_precision: 0.9826
2025-09-30 02:19:25,068 - root - INFO - test roc_auc, 0.9796
2025-09-30 02:19:25,068 - root - INFO - new node test loss: 0.2706
2025-09-30 02:19:25,068 - root - INFO - new node test average_precision, 0.9532
2025-09-30 02:19:25,068 - root - INFO - new node test roc_auc, 0.9570
2025-09-30 02:21:18,161 - root - INFO - Epoch: 57, learning rate: 0.0001, train loss: 0.1572
2025-09-30 02:21:18,162 - root - INFO - train average_precision, 0.9839
2025-09-30 02:21:18,163 - root - INFO - train roc_auc, 0.9839
2025-09-30 02:21:18,163 - root - INFO - validate loss: 0.1751
2025-09-30 02:21:18,163 - root - INFO - validate average_precision, 0.9823
2025-09-30 02:21:18,163 - root - INFO - validate roc_auc, 0.9816
2025-09-30 02:21:18,163 - root - INFO - new node validate loss: 0.3351
2025-09-30 02:21:18,163 - root - INFO - new node validate average_precision, 0.9370
2025-09-30 02:21:18,163 - root - INFO - new node validate roc_auc, 0.9339
2025-09-30 02:21:38,279 - root - INFO - test loss: 0.1911
2025-09-30 02:21:38,279 - root - INFO - test average_precision, 0.9762
2025-09-30 02:21:38,280 - root - INFO - best test average_precision: 0.9826
2025-09-30 02:21:38,280 - root - INFO - test roc_auc, 0.9802
2025-09-30 02:21:38,280 - root - INFO - new node test loss: 0.2798
2025-09-30 02:21:38,280 - root - INFO - new node test average_precision, 0.9491
2025-09-30 02:21:38,280 - root - INFO - new node test roc_auc, 0.9537
2025-09-30 02:23:31,678 - root - INFO - Epoch: 58, learning rate: 0.0001, train loss: 0.1559
2025-09-30 02:23:31,679 - root - INFO - train average_precision, 0.9841
2025-09-30 02:23:31,679 - root - INFO - train roc_auc, 0.9841
2025-09-30 02:23:31,679 - root - INFO - validate loss: 0.1721
2025-09-30 02:23:31,680 - root - INFO - validate average_precision, 0.9828
2025-09-30 02:23:31,680 - root - INFO - validate roc_auc, 0.9821
2025-09-30 02:23:31,680 - root - INFO - new node validate loss: 0.3337
2025-09-30 02:23:31,680 - root - INFO - new node validate average_precision, 0.9387
2025-09-30 02:23:31,680 - root - INFO - new node validate roc_auc, 0.9353
2025-09-30 02:23:52,047 - root - INFO - test loss: 0.1792
2025-09-30 02:23:52,048 - root - INFO - test average_precision, 0.9786
2025-09-30 02:23:52,048 - root - INFO - best test average_precision: 0.9826
2025-09-30 02:23:52,048 - root - INFO - test roc_auc, 0.9812
2025-09-30 02:23:52,048 - root - INFO - new node test loss: 0.2712
2025-09-30 02:23:52,048 - root - INFO - new node test average_precision, 0.9531
2025-09-30 02:23:52,048 - root - INFO - new node test roc_auc, 0.9563
2025-09-30 02:23:52,048 - root - INFO - load model ./saved_models/JODIE/reddit/JODIE_seed2/JODIE_seed2.pkl
2025-09-30 02:23:53,497 - root - INFO - get final performance on dataset reddit...
2025-09-30 02:24:14,543 - root - INFO - test loss: 0.1707
2025-09-30 02:24:14,543 - root - INFO - test average_precision, 0.9816
2025-09-30 02:24:14,543 - root - INFO - test roc_auc, 0.9824
2025-09-30 02:24:14,543 - root - INFO - new node test loss: 0.2330
2025-09-30 02:24:14,543 - root - INFO - new node test average_precision, 0.9673
2025-09-30 02:24:14,543 - root - INFO - new node test roc_auc, 0.9673
2025-09-30 02:24:14,543 - root - INFO - Run 3 cost 7805.26 seconds.
