2025-10-08 11:54:01,910 - root - INFO - ********** Run 2 starts. **********
2025-10-08 11:54:01,910 - root - INFO - configuration is Namespace(dataset_name='UNvote', batch_size=200, model_name='JODIE', gpu=0, num_neighbors=10, sample_neighbor_strategy='uniform', time_scaling_factor=1e-06, num_walk_heads=8, num_heads=2, num_layers=1, walk_length=1, time_gap=2000, time_feat_dim=100, position_feat_dim=172, time_window_mode='fixed_proportion', time_encoder_type='lete', expert_dim=128, num_mixtures=16, sort_neighbors_by_time=False, patch_size=1, channel_embedding_dim=50, max_input_sequence_length=32, learning_rate=0.0001, dropout=0.1, gamma=0.5, num_epochs=2, optimizer='Adam', weight_decay=0.0, patience=20, val_ratio=0.15, test_ratio=0.15, num_runs=2, test_interval_epochs=100, negative_sample_strategy='random', max_interaction_times=10, load_best_configs=True, data_ratio=0.05, seed=1, save_model_name_suffix='', ablation_dir='', mamba_d_state=256, mamba_d_conv=4, mamba_expand=2, mamba_headdim=64, resume_from_checkpoint=None, save_checkpoints=True, checkpoint_interval=20, start_from_seed=0, max_checkpoints_to_keep=3, checkpoint_strategy='minimal', validate_checkpoints=True, device='cuda:0', save_model_name='JODIE_lete_seed1')
2025-10-08 11:54:01,911 - root - INFO - Metrics will be saved to: ./saved_metrics/JODIE/UNvote/JODIE_lete_seed1
2025-10-08 11:54:01,912 - root - INFO - time encoder type: lete
2025-10-08 11:54:01,912 - root - INFO - Time encoder will be injected into JODIE model
2025-10-08 11:54:02,256 - root - INFO - model -> Sequential(
  (0): MemoryModel(
    (time_encoder): TimeEncoder(
      (w): Linear(in_features=1, out_features=100, bias=True)
    )
    (message_aggregator): MessageAggregator()
    (memory_bank): MemoryBank(num_nodes=202, memory_dim=172)
    (memory_updater): RNNMemoryUpdater(
      (memory_bank): MemoryBank(num_nodes=202, memory_dim=172)
      (memory_updater): RNNCell(616, 172)
    )
    (embedding_module): TimeProjectionEmbedding(
      (dropout): Dropout(p=0.1, inplace=False)
      (linear_layer): Linear(in_features=1, out_features=172, bias=True)
    )
  )
  (1): MergeLayer(
    (fc1): Linear(in_features=344, out_features=172, bias=True)
    (fc2): Linear(in_features=172, out_features=1, bias=True)
    (act): ReLU()
  )
)
2025-10-08 11:54:02,256 - root - INFO - model name: JODIE, #parameters: 783748 B, 765.37890625 KB, 0.7474403381347656 MB.
2025-10-08 11:54:04,702 - root - INFO - Epoch: 1, learning rate: 0.0001, train loss: 0.6648
2025-10-08 11:54:04,703 - root - INFO - train average_precision, 0.5575
2025-10-08 11:54:04,703 - root - INFO - train roc_auc, 0.5860
2025-10-08 11:54:04,703 - root - INFO - validate loss: 0.6739
2025-10-08 11:54:04,703 - root - INFO - validate average_precision, 0.5232
2025-10-08 11:54:04,703 - root - INFO - validate roc_auc, 0.5419
2025-10-08 11:54:04,703 - root - INFO - new node validate loss: 0.7054
2025-10-08 11:54:04,703 - root - INFO - new node validate average_precision, 0.5307
2025-10-08 11:54:04,703 - root - INFO - new node validate roc_auc, 0.5347
2025-10-08 11:54:04,713 - root - INFO - save model ./saved_models/JODIE/UNvote/JODIE_lete_seed1/JODIE_lete_seed1.pkl
2025-10-08 11:54:07,242 - root - INFO - Epoch: 2, learning rate: 0.0001, train loss: 0.6455
2025-10-08 11:54:07,257 - root - INFO - train average_precision, 0.5737
2025-10-08 11:54:07,257 - root - INFO - train roc_auc, 0.6054
2025-10-08 11:54:07,257 - root - INFO - validate loss: 0.6730
2025-10-08 11:54:07,257 - root - INFO - validate average_precision, 0.5247
2025-10-08 11:54:07,257 - root - INFO - validate roc_auc, 0.5453
2025-10-08 11:54:07,257 - root - INFO - new node validate loss: 0.7175
2025-10-08 11:54:07,258 - root - INFO - new node validate average_precision, 0.5460
2025-10-08 11:54:07,258 - root - INFO - new node validate roc_auc, 0.5547
2025-10-08 11:54:07,263 - root - INFO - save model ./saved_models/JODIE/UNvote/JODIE_lete_seed1/JODIE_lete_seed1.pkl
2025-10-08 11:54:07,313 - root - INFO - load model ./saved_models/JODIE/UNvote/JODIE_lete_seed1/JODIE_lete_seed1.pkl
2025-10-08 11:54:07,353 - root - INFO - get final performance on dataset UNvote...
2025-10-08 11:54:07,592 - root - INFO - test loss: 0.6741
2025-10-08 11:54:07,592 - root - INFO - test average_precision, 0.5210
2025-10-08 11:54:07,592 - root - INFO - test roc_auc, 0.5400
2025-10-08 11:54:07,592 - root - INFO - new node test loss: 0.7108
2025-10-08 11:54:07,592 - root - INFO - new node test average_precision, 0.5249
2025-10-08 11:54:07,592 - root - INFO - new node test roc_auc, 0.5251
2025-10-08 11:54:07,601 - root - INFO - ✅ Metrics saved to: ./saved_metrics/JODIE/UNvote/JODIE_lete_seed1
2025-10-08 11:54:07,601 - root - INFO - Run 2 cost 5.69 seconds.
2025-10-08 11:54:07,604 - root - INFO - metrics over 2 runs:
2025-10-08 11:54:07,604 - root - INFO - test average_precision, [np.float64(0.5396338090692386), np.float64(0.5210474507231124)]
2025-10-08 11:54:07,604 - root - INFO - average test average_precision, 0.5303 ± 0.0131
2025-10-08 11:54:07,604 - root - INFO - test roc_auc, [np.float64(0.5664832569259588), np.float64(0.5399673457063985)]
2025-10-08 11:54:07,604 - root - INFO - average test roc_auc, 0.5532 ± 0.0187
2025-10-08 11:54:07,605 - root - INFO - new node test average_precision, [np.float64(0.5092505829065859), np.float64(0.5249361535267741)]
2025-10-08 11:54:07,605 - root - INFO - average new node test average_precision, 0.5171 ± 0.0111
2025-10-08 11:54:07,605 - root - INFO - new node test roc_auc, [np.float64(0.5194652866735537), np.float64(0.5251174560950415)]
2025-10-08 11:54:07,605 - root - INFO - average new node test roc_auc, 0.5223 ± 0.0040
