2025-10-08 09:58:33,916 - root - INFO - ********** Run 1 starts. **********
2025-10-08 09:58:33,917 - root - INFO - configuration is Namespace(dataset_name='Flights', batch_size=200, model_name='TGAT', gpu=0, num_neighbors=20, sample_neighbor_strategy='recent', time_scaling_factor=1e-06, num_walk_heads=8, num_heads=2, num_layers=2, walk_length=1, time_gap=2000, time_feat_dim=100, position_feat_dim=172, time_window_mode='fixed_proportion', time_encoder_type='time2vec', expert_dim=128, num_mixtures=16, sort_neighbors_by_time=False, patch_size=1, channel_embedding_dim=50, max_input_sequence_length=32, learning_rate=0.0001, dropout=0.1, gamma=0.5, num_epochs=2, optimizer='Adam', weight_decay=0.0, patience=20, val_ratio=0.15, test_ratio=0.15, num_runs=2, test_interval_epochs=100, negative_sample_strategy='random', max_interaction_times=10, load_best_configs=True, data_ratio=0.05, seed=0, save_model_name_suffix='', ablation_dir='', mamba_d_state=256, mamba_d_conv=4, mamba_expand=2, mamba_headdim=64, resume_from_checkpoint=None, save_checkpoints=True, checkpoint_interval=5, start_from_seed=0, max_checkpoints_to_keep=3, checkpoint_strategy='minimal', validate_checkpoints=True, device='cuda:0', save_model_name='TGAT_time2vec_seed0')
2025-10-08 09:58:33,920 - root - INFO - Metrics will be saved to: ./saved_metrics/TGAT/Flights/TGAT_time2vec_seed0
2025-10-08 09:58:33,921 - root - INFO - time encoder type: time2vec
2025-10-08 09:58:33,921 - root - INFO - Time encoder will be injected into TGAT model
2025-10-08 09:58:34,719 - root - INFO - model -> Sequential(
  (0): TGAT(
    (time_encoder): TimeEncoderWrapper(
      (encoder): Time2VecEncoder(
        (time2vec_layer): SineActivation()
      )
    )
    (temporal_conv_layers): ModuleList(
      (0-1): 2 x MultiHeadAttention(
        (query_projection): Linear(in_features=272, out_features=272, bias=False)
        (key_projection): Linear(in_features=444, out_features=272, bias=False)
        (value_projection): Linear(in_features=444, out_features=272, bias=False)
        (layer_norm): LayerNorm((272,), eps=1e-05, elementwise_affine=True)
        (residual_fc): Linear(in_features=272, out_features=272, bias=True)
        (dropout): Dropout(p=0.1, inplace=False)
      )
    )
    (merge_layers): ModuleList(
      (0-1): 2 x MergeLayer(
        (fc1): Linear(in_features=444, out_features=172, bias=True)
        (fc2): Linear(in_features=172, out_features=172, bias=True)
        (act): ReLU()
      )
    )
  )
  (1): MergeLayer(
    (fc1): Linear(in_features=344, out_features=172, bias=True)
    (fc2): Linear(in_features=172, out_features=1, bias=True)
    (act): ReLU()
  )
)
2025-10-08 09:58:34,719 - root - INFO - model name: TGAT, #parameters: 4211780 B, 4113.06640625 KB, 4.016666412353516 MB.
2025-10-08 09:59:24,820 - root - INFO - Epoch: 1, learning rate: 0.0001, train loss: 0.5991
2025-10-08 09:59:24,820 - root - INFO - train average_precision, 0.6861
2025-10-08 09:59:24,820 - root - INFO - train roc_auc, 0.6948
2025-10-08 09:59:24,820 - root - INFO - validate loss: 0.5222
2025-10-08 09:59:24,821 - root - INFO - validate average_precision, 0.8164
2025-10-08 09:59:24,821 - root - INFO - validate roc_auc, 0.8255
2025-10-08 09:59:24,821 - root - INFO - new node validate loss: 0.6903
2025-10-08 09:59:24,821 - root - INFO - new node validate average_precision, 0.6817
2025-10-08 09:59:24,821 - root - INFO - new node validate roc_auc, 0.7056
2025-10-08 09:59:24,831 - root - INFO - save model ./saved_models/TGAT/Flights/TGAT_time2vec_seed0/TGAT_time2vec_seed0.pkl
2025-10-08 10:00:13,731 - root - INFO - Epoch: 2, learning rate: 0.0001, train loss: 0.5856
2025-10-08 10:00:13,731 - root - INFO - train average_precision, 0.6998
2025-10-08 10:00:13,731 - root - INFO - train roc_auc, 0.7057
2025-10-08 10:00:13,731 - root - INFO - validate loss: 0.4995
2025-10-08 10:00:13,732 - root - INFO - validate average_precision, 0.8368
2025-10-08 10:00:13,732 - root - INFO - validate roc_auc, 0.8387
2025-10-08 10:00:13,732 - root - INFO - new node validate loss: 0.6939
2025-10-08 10:00:13,732 - root - INFO - new node validate average_precision, 0.6895
2025-10-08 10:00:13,732 - root - INFO - new node validate roc_auc, 0.7157
2025-10-08 10:00:13,739 - root - INFO - save model ./saved_models/TGAT/Flights/TGAT_time2vec_seed0/TGAT_time2vec_seed0.pkl
2025-10-08 10:00:13,783 - root - INFO - load model ./saved_models/TGAT/Flights/TGAT_time2vec_seed0/TGAT_time2vec_seed0.pkl
2025-10-08 10:00:13,801 - root - INFO - get final performance on dataset Flights...
2025-10-08 10:00:33,685 - root - INFO - validate loss: 0.4995
2025-10-08 10:00:33,686 - root - INFO - validate average_precision, 0.8368
2025-10-08 10:00:33,686 - root - INFO - validate roc_auc, 0.8387
2025-10-08 10:00:33,686 - root - INFO - new node validate loss: 0.6939
2025-10-08 10:00:33,686 - root - INFO - new node validate average_precision, 0.6895
2025-10-08 10:00:33,686 - root - INFO - new node validate roc_auc, 0.7157
2025-10-08 10:00:33,686 - root - INFO - test loss: 0.5311
2025-10-08 10:00:33,686 - root - INFO - test average_precision, 0.8011
2025-10-08 10:00:33,686 - root - INFO - test roc_auc, 0.7923
2025-10-08 10:00:33,686 - root - INFO - new node test loss: 0.8040
2025-10-08 10:00:33,686 - root - INFO - new node test average_precision, 0.5902
2025-10-08 10:00:33,686 - root - INFO - new node test roc_auc, 0.5962
2025-10-08 10:00:33,697 - root - INFO - ✅ Metrics saved to: ./saved_metrics/TGAT/Flights/TGAT_time2vec_seed0
2025-10-08 10:00:33,697 - root - INFO - Run 1 cost 119.78 seconds.
