2025-10-02 12:28:51,608 - root - INFO - ********** Run 4 starts. **********
2025-10-02 12:28:51,608 - root - INFO - configuration is Namespace(dataset_name='mooc', batch_size=200, model_name='JODIE', gpu=0, num_neighbors=10, sample_neighbor_strategy='uniform', time_scaling_factor=1e-06, num_walk_heads=8, num_heads=2, num_layers=1, walk_length=1, time_gap=2000, time_feat_dim=128, position_feat_dim=172, time_window_mode='fixed_proportion', time_encoder_type='bochner', expert_dim=64, num_mixtures=4, patch_size=1, channel_embedding_dim=50, max_input_sequence_length=32, learning_rate=0.0001, dropout=0.2, gamma=0.5, num_epochs=100, optimizer='Adam', weight_decay=0.0, patience=20, val_ratio=0.15, test_ratio=0.15, num_runs=5, test_interval_epochs=1, negative_sample_strategy='random', max_interaction_times=10, load_best_configs=True, device='cuda:0', seed=3, save_model_name='JODIE_bochner_seed3')
2025-10-02 12:28:51,609 - root - INFO - time encoder type: bochner
2025-10-02 12:28:52,000 - root - INFO - model -> Sequential(
  (0): MemoryModel(
    (time_encoder): TimeEncoder(
      (w): Linear(in_features=1, out_features=128, bias=True)
    )
    (message_aggregator): MessageAggregator()
    (memory_bank): MemoryBank(num_nodes=7145, memory_dim=172)
    (memory_updater): RNNMemoryUpdater(
      (memory_bank): MemoryBank(num_nodes=7145, memory_dim=172)
      (memory_updater): RNNCell(644, 172)
    )
    (embedding_module): TimeProjectionEmbedding(
      (dropout): Dropout(p=0.2, inplace=False)
      (linear_layer): Linear(in_features=1, out_features=172, bias=True)
    )
  )
  (1): MergeLayer(
    (fc1): Linear(in_features=344, out_features=172, bias=True)
    (fc2): Linear(in_features=172, out_features=1, bias=True)
    (act): ReLU()
  )
)
2025-10-02 12:28:52,001 - root - INFO - model name: JODIE, #parameters: 803236 B, 784.41015625 KB, 0.7660255432128906 MB.
2025-10-02 12:29:52,354 - root - INFO - Epoch: 1, learning rate: 0.0001, train loss: 0.4596
2025-10-02 12:29:52,355 - root - INFO - train average_precision, 0.7763
2025-10-02 12:29:52,355 - root - INFO - train roc_auc, 0.8329
2025-10-02 12:29:52,355 - root - INFO - validate loss: 0.5284
2025-10-02 12:29:52,355 - root - INFO - validate average_precision, 0.7381
2025-10-02 12:29:52,355 - root - INFO - validate roc_auc, 0.7923
2025-10-02 12:29:52,355 - root - INFO - new node validate loss: 0.6579
2025-10-02 12:29:52,355 - root - INFO - new node validate average_precision, 0.6271
2025-10-02 12:29:52,355 - root - INFO - new node validate roc_auc, 0.6737
2025-10-02 12:30:03,151 - root - INFO - test loss: 0.5549
2025-10-02 12:30:03,151 - root - INFO - test average_precision, 0.7235
2025-10-02 12:30:03,151 - root - INFO - best test average_precision: 0.7235
2025-10-02 12:30:03,151 - root - INFO - test roc_auc, 0.7723
2025-10-02 12:30:03,151 - root - INFO - new node test loss: 0.5747
2025-10-02 12:30:03,151 - root - INFO - new node test average_precision, 0.6955
2025-10-02 12:30:03,151 - root - INFO - new node test roc_auc, 0.7511
2025-10-02 12:30:03,152 - root - INFO - save model ./saved_models/JODIE/mooc/JODIE_bochner_seed3/JODIE_bochner_seed3.pkl
2025-10-02 12:31:05,850 - root - INFO - Epoch: 2, learning rate: 0.0001, train loss: 0.4135
2025-10-02 12:31:05,851 - root - INFO - train average_precision, 0.8237
2025-10-02 12:31:05,851 - root - INFO - train roc_auc, 0.8692
2025-10-02 12:31:05,851 - root - INFO - validate loss: 0.5153
2025-10-02 12:31:05,851 - root - INFO - validate average_precision, 0.7600
2025-10-02 12:31:05,851 - root - INFO - validate roc_auc, 0.8108
2025-10-02 12:31:05,851 - root - INFO - new node validate loss: 0.6510
2025-10-02 12:31:05,852 - root - INFO - new node validate average_precision, 0.6447
2025-10-02 12:31:05,852 - root - INFO - new node validate roc_auc, 0.6849
2025-10-02 12:31:16,453 - root - INFO - test loss: 0.6153
2025-10-02 12:31:16,453 - root - INFO - test average_precision, 0.6913
2025-10-02 12:31:16,454 - root - INFO - best test average_precision: 0.7235
2025-10-02 12:31:16,454 - root - INFO - test roc_auc, 0.7427
2025-10-02 12:31:16,454 - root - INFO - new node test loss: 0.5750
2025-10-02 12:31:16,454 - root - INFO - new node test average_precision, 0.7028
2025-10-02 12:31:16,454 - root - INFO - new node test roc_auc, 0.7548
2025-10-02 12:31:16,454 - root - INFO - save model ./saved_models/JODIE/mooc/JODIE_bochner_seed3/JODIE_bochner_seed3.pkl
2025-10-02 12:32:18,979 - root - INFO - Epoch: 3, learning rate: 0.0001, train loss: 0.3956
2025-10-02 12:32:18,980 - root - INFO - train average_precision, 0.8397
2025-10-02 12:32:18,980 - root - INFO - train roc_auc, 0.8819
2025-10-02 12:32:18,980 - root - INFO - validate loss: 0.5112
2025-10-02 12:32:18,980 - root - INFO - validate average_precision, 0.7639
2025-10-02 12:32:18,980 - root - INFO - validate roc_auc, 0.8123
2025-10-02 12:32:18,980 - root - INFO - new node validate loss: 0.6217
2025-10-02 12:32:18,980 - root - INFO - new node validate average_precision, 0.6805
2025-10-02 12:32:18,980 - root - INFO - new node validate roc_auc, 0.7255
2025-10-02 12:32:29,597 - root - INFO - test loss: 0.5415
2025-10-02 12:32:29,598 - root - INFO - test average_precision, 0.7352
2025-10-02 12:32:29,598 - root - INFO - best test average_precision: 0.7352
2025-10-02 12:32:29,598 - root - INFO - test roc_auc, 0.7821
2025-10-02 12:32:29,598 - root - INFO - new node test loss: 0.5525
2025-10-02 12:32:29,598 - root - INFO - new node test average_precision, 0.7362
2025-10-02 12:32:29,598 - root - INFO - new node test roc_auc, 0.7849
2025-10-02 12:32:29,598 - root - INFO - save model ./saved_models/JODIE/mooc/JODIE_bochner_seed3/JODIE_bochner_seed3.pkl
2025-10-02 12:33:32,275 - root - INFO - Epoch: 4, learning rate: 0.0001, train loss: 0.3851
2025-10-02 12:33:32,276 - root - INFO - train average_precision, 0.8440
2025-10-02 12:33:32,276 - root - INFO - train roc_auc, 0.8861
2025-10-02 12:33:32,276 - root - INFO - validate loss: 0.4933
2025-10-02 12:33:32,276 - root - INFO - validate average_precision, 0.7811
2025-10-02 12:33:32,276 - root - INFO - validate roc_auc, 0.8297
2025-10-02 12:33:32,276 - root - INFO - new node validate loss: 0.6219
2025-10-02 12:33:32,276 - root - INFO - new node validate average_precision, 0.6868
2025-10-02 12:33:32,276 - root - INFO - new node validate roc_auc, 0.7265
2025-10-02 12:33:42,917 - root - INFO - test loss: 0.6165
2025-10-02 12:33:42,917 - root - INFO - test average_precision, 0.6963
2025-10-02 12:33:42,917 - root - INFO - best test average_precision: 0.7352
2025-10-02 12:33:42,917 - root - INFO - test roc_auc, 0.7491
2025-10-02 12:33:42,917 - root - INFO - new node test loss: 0.5481
2025-10-02 12:33:42,917 - root - INFO - new node test average_precision, 0.7356
2025-10-02 12:33:42,917 - root - INFO - new node test roc_auc, 0.7819
2025-10-02 12:33:42,918 - root - INFO - save model ./saved_models/JODIE/mooc/JODIE_bochner_seed3/JODIE_bochner_seed3.pkl
2025-10-02 12:34:45,394 - root - INFO - Epoch: 5, learning rate: 0.0001, train loss: 0.3766
2025-10-02 12:34:45,394 - root - INFO - train average_precision, 0.8504
2025-10-02 12:34:45,395 - root - INFO - train roc_auc, 0.8906
2025-10-02 12:34:45,395 - root - INFO - validate loss: 0.4838
2025-10-02 12:34:45,395 - root - INFO - validate average_precision, 0.7985
2025-10-02 12:34:45,395 - root - INFO - validate roc_auc, 0.8404
2025-10-02 12:34:45,395 - root - INFO - new node validate loss: 0.6140
2025-10-02 12:34:45,395 - root - INFO - new node validate average_precision, 0.6971
2025-10-02 12:34:45,395 - root - INFO - new node validate roc_auc, 0.7390
2025-10-02 12:34:55,968 - root - INFO - test loss: 0.5142
2025-10-02 12:34:55,968 - root - INFO - test average_precision, 0.7613
2025-10-02 12:34:55,968 - root - INFO - best test average_precision: 0.7613
2025-10-02 12:34:55,968 - root - INFO - test roc_auc, 0.8113
2025-10-02 12:34:55,968 - root - INFO - new node test loss: 0.5286
2025-10-02 12:34:55,968 - root - INFO - new node test average_precision, 0.7575
2025-10-02 12:34:55,968 - root - INFO - new node test roc_auc, 0.8029
2025-10-02 12:34:55,969 - root - INFO - save model ./saved_models/JODIE/mooc/JODIE_bochner_seed3/JODIE_bochner_seed3.pkl
2025-10-02 12:35:58,354 - root - INFO - Epoch: 6, learning rate: 0.0001, train loss: 0.3710
2025-10-02 12:35:58,354 - root - INFO - train average_precision, 0.8545
2025-10-02 12:35:58,354 - root - INFO - train roc_auc, 0.8936
2025-10-02 12:35:58,354 - root - INFO - validate loss: 0.4860
2025-10-02 12:35:58,354 - root - INFO - validate average_precision, 0.7858
2025-10-02 12:35:58,355 - root - INFO - validate roc_auc, 0.8336
2025-10-02 12:35:58,355 - root - INFO - new node validate loss: 0.5710
2025-10-02 12:35:58,355 - root - INFO - new node validate average_precision, 0.7310
2025-10-02 12:35:58,355 - root - INFO - new node validate roc_auc, 0.7727
2025-10-02 12:36:08,970 - root - INFO - test loss: 0.5697
2025-10-02 12:36:08,970 - root - INFO - test average_precision, 0.7126
2025-10-02 12:36:08,970 - root - INFO - best test average_precision: 0.7613
2025-10-02 12:36:08,970 - root - INFO - test roc_auc, 0.7714
2025-10-02 12:36:08,970 - root - INFO - new node test loss: 0.5304
2025-10-02 12:36:08,970 - root - INFO - new node test average_precision, 0.7403
2025-10-02 12:36:08,970 - root - INFO - new node test roc_auc, 0.7956
2025-10-02 12:37:09,197 - root - INFO - Epoch: 7, learning rate: 0.0001, train loss: 0.3658
2025-10-02 12:37:09,197 - root - INFO - train average_precision, 0.8580
2025-10-02 12:37:09,197 - root - INFO - train roc_auc, 0.8962
2025-10-02 12:37:09,197 - root - INFO - validate loss: 0.4945
2025-10-02 12:37:09,198 - root - INFO - validate average_precision, 0.7898
2025-10-02 12:37:09,198 - root - INFO - validate roc_auc, 0.8290
2025-10-02 12:37:09,198 - root - INFO - new node validate loss: 0.5769
2025-10-02 12:37:09,198 - root - INFO - new node validate average_precision, 0.7325
2025-10-02 12:37:09,198 - root - INFO - new node validate roc_auc, 0.7706
2025-10-02 12:37:19,804 - root - INFO - test loss: 0.5311
2025-10-02 12:37:19,804 - root - INFO - test average_precision, 0.7565
2025-10-02 12:37:19,804 - root - INFO - best test average_precision: 0.7613
2025-10-02 12:37:19,804 - root - INFO - test roc_auc, 0.7943
2025-10-02 12:37:19,804 - root - INFO - new node test loss: 0.5417
2025-10-02 12:37:19,804 - root - INFO - new node test average_precision, 0.7619
2025-10-02 12:37:19,804 - root - INFO - new node test roc_auc, 0.7953
2025-10-02 12:38:19,804 - root - INFO - Epoch: 8, learning rate: 0.0001, train loss: 0.3612
2025-10-02 12:38:19,804 - root - INFO - train average_precision, 0.8620
2025-10-02 12:38:19,804 - root - INFO - train roc_auc, 0.8992
2025-10-02 12:38:19,804 - root - INFO - validate loss: 0.4778
2025-10-02 12:38:19,804 - root - INFO - validate average_precision, 0.8030
2025-10-02 12:38:19,804 - root - INFO - validate roc_auc, 0.8450
2025-10-02 12:38:19,805 - root - INFO - new node validate loss: 0.5897
2025-10-02 12:38:19,805 - root - INFO - new node validate average_precision, 0.7262
2025-10-02 12:38:19,805 - root - INFO - new node validate roc_auc, 0.7653
2025-10-02 12:38:30,398 - root - INFO - test loss: 0.5712
2025-10-02 12:38:30,398 - root - INFO - test average_precision, 0.7191
2025-10-02 12:38:30,398 - root - INFO - best test average_precision: 0.7613
2025-10-02 12:38:30,399 - root - INFO - test roc_auc, 0.7736
2025-10-02 12:38:30,399 - root - INFO - new node test loss: 0.5208
2025-10-02 12:38:30,399 - root - INFO - new node test average_precision, 0.7558
2025-10-02 12:38:30,399 - root - INFO - new node test roc_auc, 0.8066
2025-10-02 12:38:30,399 - root - INFO - save model ./saved_models/JODIE/mooc/JODIE_bochner_seed3/JODIE_bochner_seed3.pkl
2025-10-02 12:39:32,845 - root - INFO - Epoch: 9, learning rate: 0.0001, train loss: 0.3589
2025-10-02 12:39:32,846 - root - INFO - train average_precision, 0.8627
2025-10-02 12:39:32,846 - root - INFO - train roc_auc, 0.9004
2025-10-02 12:39:32,846 - root - INFO - validate loss: 0.5164
2025-10-02 12:39:32,846 - root - INFO - validate average_precision, 0.7690
2025-10-02 12:39:32,846 - root - INFO - validate roc_auc, 0.8121
2025-10-02 12:39:32,846 - root - INFO - new node validate loss: 0.5812
2025-10-02 12:39:32,846 - root - INFO - new node validate average_precision, 0.7324
2025-10-02 12:39:32,846 - root - INFO - new node validate roc_auc, 0.7721
2025-10-02 12:39:43,505 - root - INFO - test loss: 0.6763
2025-10-02 12:39:43,505 - root - INFO - test average_precision, 0.6758
2025-10-02 12:39:43,505 - root - INFO - best test average_precision: 0.7613
2025-10-02 12:39:43,505 - root - INFO - test roc_auc, 0.7227
2025-10-02 12:39:43,505 - root - INFO - new node test loss: 0.5694
2025-10-02 12:39:43,505 - root - INFO - new node test average_precision, 0.7320
2025-10-02 12:39:43,506 - root - INFO - new node test roc_auc, 0.7768
2025-10-02 12:40:43,591 - root - INFO - Epoch: 10, learning rate: 0.0001, train loss: 0.3548
2025-10-02 12:40:43,591 - root - INFO - train average_precision, 0.8656
2025-10-02 12:40:43,591 - root - INFO - train roc_auc, 0.9027
2025-10-02 12:40:43,591 - root - INFO - validate loss: 0.6405
2025-10-02 12:40:43,592 - root - INFO - validate average_precision, 0.6849
2025-10-02 12:40:43,592 - root - INFO - validate roc_auc, 0.7405
2025-10-02 12:40:43,592 - root - INFO - new node validate loss: 0.5979
2025-10-02 12:40:43,592 - root - INFO - new node validate average_precision, 0.7184
2025-10-02 12:40:43,592 - root - INFO - new node validate roc_auc, 0.7603
2025-10-02 12:40:54,264 - root - INFO - test loss: 0.8006
2025-10-02 12:40:54,264 - root - INFO - test average_precision, 0.6258
2025-10-02 12:40:54,264 - root - INFO - best test average_precision: 0.7613
2025-10-02 12:40:54,265 - root - INFO - test roc_auc, 0.6745
2025-10-02 12:40:54,265 - root - INFO - new node test loss: 0.6696
2025-10-02 12:40:54,265 - root - INFO - new node test average_precision, 0.6751
2025-10-02 12:40:54,265 - root - INFO - new node test roc_auc, 0.7296
2025-10-02 12:41:54,242 - root - INFO - Epoch: 11, learning rate: 0.0001, train loss: 0.3550
2025-10-02 12:41:54,242 - root - INFO - train average_precision, 0.8667
2025-10-02 12:41:54,242 - root - INFO - train roc_auc, 0.9030
2025-10-02 12:41:54,242 - root - INFO - validate loss: 0.5343
2025-10-02 12:41:54,242 - root - INFO - validate average_precision, 0.7506
2025-10-02 12:41:54,242 - root - INFO - validate roc_auc, 0.8014
2025-10-02 12:41:54,243 - root - INFO - new node validate loss: 0.5850
2025-10-02 12:41:54,243 - root - INFO - new node validate average_precision, 0.7370
2025-10-02 12:41:54,243 - root - INFO - new node validate roc_auc, 0.7689
2025-10-02 12:42:04,747 - root - INFO - test loss: 0.7113
2025-10-02 12:42:04,747 - root - INFO - test average_precision, 0.6466
2025-10-02 12:42:04,747 - root - INFO - best test average_precision: 0.7613
2025-10-02 12:42:04,748 - root - INFO - test roc_auc, 0.7007
2025-10-02 12:42:04,748 - root - INFO - new node test loss: 0.5899
2025-10-02 12:42:04,748 - root - INFO - new node test average_precision, 0.7161
2025-10-02 12:42:04,748 - root - INFO - new node test roc_auc, 0.7661
2025-10-02 12:43:05,155 - root - INFO - Epoch: 12, learning rate: 0.0001, train loss: 0.3484
2025-10-02 12:43:05,156 - root - INFO - train average_precision, 0.8710
2025-10-02 12:43:05,156 - root - INFO - train roc_auc, 0.9063
2025-10-02 12:43:05,156 - root - INFO - validate loss: 0.4715
2025-10-02 12:43:05,156 - root - INFO - validate average_precision, 0.8149
2025-10-02 12:43:05,156 - root - INFO - validate roc_auc, 0.8497
2025-10-02 12:43:05,156 - root - INFO - new node validate loss: 0.5649
2025-10-02 12:43:05,156 - root - INFO - new node validate average_precision, 0.7458
2025-10-02 12:43:05,156 - root - INFO - new node validate roc_auc, 0.7830
2025-10-02 12:43:15,743 - root - INFO - test loss: 0.5187
2025-10-02 12:43:15,743 - root - INFO - test average_precision, 0.7793
2025-10-02 12:43:15,744 - root - INFO - best test average_precision: 0.7793
2025-10-02 12:43:15,744 - root - INFO - test roc_auc, 0.8198
2025-10-02 12:43:15,744 - root - INFO - new node test loss: 0.5102
2025-10-02 12:43:15,744 - root - INFO - new node test average_precision, 0.7733
2025-10-02 12:43:15,744 - root - INFO - new node test roc_auc, 0.8165
2025-10-02 12:43:15,744 - root - INFO - save model ./saved_models/JODIE/mooc/JODIE_bochner_seed3/JODIE_bochner_seed3.pkl
2025-10-02 12:44:18,153 - root - INFO - Epoch: 13, learning rate: 0.0001, train loss: 0.3473
2025-10-02 12:44:18,154 - root - INFO - train average_precision, 0.8721
2025-10-02 12:44:18,154 - root - INFO - train roc_auc, 0.9074
2025-10-02 12:44:18,154 - root - INFO - validate loss: 0.4700
2025-10-02 12:44:18,154 - root - INFO - validate average_precision, 0.8196
2025-10-02 12:44:18,154 - root - INFO - validate roc_auc, 0.8526
2025-10-02 12:44:18,154 - root - INFO - new node validate loss: 0.5685
2025-10-02 12:44:18,154 - root - INFO - new node validate average_precision, 0.7462
2025-10-02 12:44:18,154 - root - INFO - new node validate roc_auc, 0.7814
2025-10-02 12:44:28,963 - root - INFO - test loss: 0.5152
2025-10-02 12:44:28,963 - root - INFO - test average_precision, 0.7900
2025-10-02 12:44:28,964 - root - INFO - best test average_precision: 0.7900
2025-10-02 12:44:28,964 - root - INFO - test roc_auc, 0.8256
2025-10-02 12:44:28,964 - root - INFO - new node test loss: 0.5038
2025-10-02 12:44:28,964 - root - INFO - new node test average_precision, 0.7815
2025-10-02 12:44:28,964 - root - INFO - new node test roc_auc, 0.8223
2025-10-02 12:44:28,964 - root - INFO - save model ./saved_models/JODIE/mooc/JODIE_bochner_seed3/JODIE_bochner_seed3.pkl
2025-10-02 12:45:31,239 - root - INFO - Epoch: 14, learning rate: 0.0001, train loss: 0.3457
2025-10-02 12:45:31,239 - root - INFO - train average_precision, 0.8738
2025-10-02 12:45:31,240 - root - INFO - train roc_auc, 0.9080
2025-10-02 12:45:31,240 - root - INFO - validate loss: 0.5110
2025-10-02 12:45:31,240 - root - INFO - validate average_precision, 0.7779
2025-10-02 12:45:31,240 - root - INFO - validate roc_auc, 0.8190
2025-10-02 12:45:31,240 - root - INFO - new node validate loss: 0.5777
2025-10-02 12:45:31,240 - root - INFO - new node validate average_precision, 0.7405
2025-10-02 12:45:31,240 - root - INFO - new node validate roc_auc, 0.7748
2025-10-02 12:45:41,930 - root - INFO - test loss: 0.6232
2025-10-02 12:45:41,931 - root - INFO - test average_precision, 0.7098
2025-10-02 12:45:41,931 - root - INFO - best test average_precision: 0.7900
2025-10-02 12:45:41,931 - root - INFO - test roc_auc, 0.7569
2025-10-02 12:45:41,931 - root - INFO - new node test loss: 0.5533
2025-10-02 12:45:41,931 - root - INFO - new node test average_precision, 0.7488
2025-10-02 12:45:41,931 - root - INFO - new node test roc_auc, 0.7930
2025-10-02 12:46:41,992 - root - INFO - Epoch: 15, learning rate: 0.0001, train loss: 0.3450
2025-10-02 12:46:41,992 - root - INFO - train average_precision, 0.8750
2025-10-02 12:46:41,993 - root - INFO - train roc_auc, 0.9088
2025-10-02 12:46:41,993 - root - INFO - validate loss: 0.5102
2025-10-02 12:46:41,993 - root - INFO - validate average_precision, 0.7823
2025-10-02 12:46:41,993 - root - INFO - validate roc_auc, 0.8237
2025-10-02 12:46:41,993 - root - INFO - new node validate loss: 0.5729
2025-10-02 12:46:41,993 - root - INFO - new node validate average_precision, 0.7448
2025-10-02 12:46:41,993 - root - INFO - new node validate roc_auc, 0.7815
2025-10-02 12:46:52,569 - root - INFO - test loss: 0.6662
2025-10-02 12:46:52,569 - root - INFO - test average_precision, 0.6950
2025-10-02 12:46:52,569 - root - INFO - best test average_precision: 0.7900
2025-10-02 12:46:52,570 - root - INFO - test roc_auc, 0.7452
2025-10-02 12:46:52,570 - root - INFO - new node test loss: 0.5546
2025-10-02 12:46:52,570 - root - INFO - new node test average_precision, 0.7474
2025-10-02 12:46:52,570 - root - INFO - new node test roc_auc, 0.7955
2025-10-02 12:47:52,794 - root - INFO - Epoch: 16, learning rate: 0.0001, train loss: 0.3427
2025-10-02 12:47:52,794 - root - INFO - train average_precision, 0.8759
2025-10-02 12:47:52,794 - root - INFO - train roc_auc, 0.9099
2025-10-02 12:47:52,794 - root - INFO - validate loss: 0.4654
2025-10-02 12:47:52,794 - root - INFO - validate average_precision, 0.8243
2025-10-02 12:47:52,795 - root - INFO - validate roc_auc, 0.8570
2025-10-02 12:47:52,795 - root - INFO - new node validate loss: 0.5671
2025-10-02 12:47:52,795 - root - INFO - new node validate average_precision, 0.7527
2025-10-02 12:47:52,795 - root - INFO - new node validate roc_auc, 0.7856
2025-10-02 12:48:03,442 - root - INFO - test loss: 0.5163
2025-10-02 12:48:03,442 - root - INFO - test average_precision, 0.7827
2025-10-02 12:48:03,442 - root - INFO - best test average_precision: 0.7900
2025-10-02 12:48:03,442 - root - INFO - test roc_auc, 0.8229
2025-10-02 12:48:03,442 - root - INFO - new node test loss: 0.5074
2025-10-02 12:48:03,442 - root - INFO - new node test average_precision, 0.7810
2025-10-02 12:48:03,442 - root - INFO - new node test roc_auc, 0.8217
2025-10-02 12:48:03,442 - root - INFO - save model ./saved_models/JODIE/mooc/JODIE_bochner_seed3/JODIE_bochner_seed3.pkl
2025-10-02 12:49:05,835 - root - INFO - Epoch: 17, learning rate: 0.0001, train loss: 0.3422
2025-10-02 12:49:05,836 - root - INFO - train average_precision, 0.8765
2025-10-02 12:49:05,836 - root - INFO - train roc_auc, 0.9100
2025-10-02 12:49:05,836 - root - INFO - validate loss: 0.4677
2025-10-02 12:49:05,836 - root - INFO - validate average_precision, 0.8308
2025-10-02 12:49:05,836 - root - INFO - validate roc_auc, 0.8597
2025-10-02 12:49:05,836 - root - INFO - new node validate loss: 0.5514
2025-10-02 12:49:05,836 - root - INFO - new node validate average_precision, 0.7691
2025-10-02 12:49:05,836 - root - INFO - new node validate roc_auc, 0.8027
2025-10-02 12:49:16,433 - root - INFO - test loss: 0.5039
2025-10-02 12:49:16,434 - root - INFO - test average_precision, 0.7953
2025-10-02 12:49:16,434 - root - INFO - best test average_precision: 0.7953
2025-10-02 12:49:16,434 - root - INFO - test roc_auc, 0.8300
2025-10-02 12:49:16,434 - root - INFO - new node test loss: 0.5006
2025-10-02 12:49:16,434 - root - INFO - new node test average_precision, 0.7944
2025-10-02 12:49:16,434 - root - INFO - new node test roc_auc, 0.8336
2025-10-02 12:49:16,434 - root - INFO - save model ./saved_models/JODIE/mooc/JODIE_bochner_seed3/JODIE_bochner_seed3.pkl
2025-10-02 12:50:18,797 - root - INFO - Epoch: 18, learning rate: 0.0001, train loss: 0.3405
2025-10-02 12:50:18,798 - root - INFO - train average_precision, 0.8785
2025-10-02 12:50:18,798 - root - INFO - train roc_auc, 0.9113
2025-10-02 12:50:18,798 - root - INFO - validate loss: 0.4835
2025-10-02 12:50:18,798 - root - INFO - validate average_precision, 0.8124
2025-10-02 12:50:18,798 - root - INFO - validate roc_auc, 0.8422
2025-10-02 12:50:18,798 - root - INFO - new node validate loss: 0.5611
2025-10-02 12:50:18,798 - root - INFO - new node validate average_precision, 0.7605
2025-10-02 12:50:18,798 - root - INFO - new node validate roc_auc, 0.7916
2025-10-02 12:50:29,318 - root - INFO - test loss: 0.5468
2025-10-02 12:50:29,318 - root - INFO - test average_precision, 0.7613
2025-10-02 12:50:29,318 - root - INFO - best test average_precision: 0.7953
2025-10-02 12:50:29,318 - root - INFO - test roc_auc, 0.7999
2025-10-02 12:50:29,318 - root - INFO - new node test loss: 0.5180
2025-10-02 12:50:29,318 - root - INFO - new node test average_precision, 0.7786
2025-10-02 12:50:29,318 - root - INFO - new node test roc_auc, 0.8193
2025-10-02 12:51:29,663 - root - INFO - Epoch: 19, learning rate: 0.0001, train loss: 0.3385
2025-10-02 12:51:29,664 - root - INFO - train average_precision, 0.8799
2025-10-02 12:51:29,664 - root - INFO - train roc_auc, 0.9123
2025-10-02 12:51:29,664 - root - INFO - validate loss: 0.4724
2025-10-02 12:51:29,664 - root - INFO - validate average_precision, 0.8183
2025-10-02 12:51:29,664 - root - INFO - validate roc_auc, 0.8510
2025-10-02 12:51:29,664 - root - INFO - new node validate loss: 0.5667
2025-10-02 12:51:29,664 - root - INFO - new node validate average_precision, 0.7496
2025-10-02 12:51:29,665 - root - INFO - new node validate roc_auc, 0.7849
2025-10-02 12:51:40,201 - root - INFO - test loss: 0.5326
2025-10-02 12:51:40,201 - root - INFO - test average_precision, 0.7700
2025-10-02 12:51:40,201 - root - INFO - best test average_precision: 0.7953
2025-10-02 12:51:40,201 - root - INFO - test roc_auc, 0.8129
2025-10-02 12:51:40,201 - root - INFO - new node test loss: 0.5145
2025-10-02 12:51:40,201 - root - INFO - new node test average_precision, 0.7708
2025-10-02 12:51:40,201 - root - INFO - new node test roc_auc, 0.8183
2025-10-02 12:52:40,295 - root - INFO - Epoch: 20, learning rate: 0.0001, train loss: 0.3383
2025-10-02 12:52:40,296 - root - INFO - train average_precision, 0.8800
2025-10-02 12:52:40,296 - root - INFO - train roc_auc, 0.9123
2025-10-02 12:52:40,296 - root - INFO - validate loss: 0.4801
2025-10-02 12:52:40,296 - root - INFO - validate average_precision, 0.8098
2025-10-02 12:52:40,296 - root - INFO - validate roc_auc, 0.8451
2025-10-02 12:52:40,296 - root - INFO - new node validate loss: 0.5907
2025-10-02 12:52:40,297 - root - INFO - new node validate average_precision, 0.7370
2025-10-02 12:52:40,297 - root - INFO - new node validate roc_auc, 0.7689
2025-10-02 12:52:50,859 - root - INFO - test loss: 0.5401
2025-10-02 12:52:50,859 - root - INFO - test average_precision, 0.7656
2025-10-02 12:52:50,859 - root - INFO - best test average_precision: 0.7953
2025-10-02 12:52:50,859 - root - INFO - test roc_auc, 0.8140
2025-10-02 12:52:50,859 - root - INFO - new node test loss: 0.5323
2025-10-02 12:52:50,859 - root - INFO - new node test average_precision, 0.7589
2025-10-02 12:52:50,859 - root - INFO - new node test roc_auc, 0.8051
2025-10-02 12:53:50,870 - root - INFO - Epoch: 21, learning rate: 0.0001, train loss: 0.3361
2025-10-02 12:53:50,870 - root - INFO - train average_precision, 0.8819
2025-10-02 12:53:50,870 - root - INFO - train roc_auc, 0.9133
2025-10-02 12:53:50,871 - root - INFO - validate loss: 0.4623
2025-10-02 12:53:50,871 - root - INFO - validate average_precision, 0.8351
2025-10-02 12:53:50,871 - root - INFO - validate roc_auc, 0.8649
2025-10-02 12:53:50,871 - root - INFO - new node validate loss: 0.5516
2025-10-02 12:53:50,871 - root - INFO - new node validate average_precision, 0.7713
2025-10-02 12:53:50,871 - root - INFO - new node validate roc_auc, 0.8028
2025-10-02 12:54:01,556 - root - INFO - test loss: 0.4955
2025-10-02 12:54:01,556 - root - INFO - test average_precision, 0.7967
2025-10-02 12:54:01,556 - root - INFO - best test average_precision: 0.7967
2025-10-02 12:54:01,557 - root - INFO - test roc_auc, 0.8384
2025-10-02 12:54:01,557 - root - INFO - new node test loss: 0.5023
2025-10-02 12:54:01,557 - root - INFO - new node test average_precision, 0.7922
2025-10-02 12:54:01,557 - root - INFO - new node test roc_auc, 0.8330
2025-10-02 12:54:01,557 - root - INFO - save model ./saved_models/JODIE/mooc/JODIE_bochner_seed3/JODIE_bochner_seed3.pkl
2025-10-02 12:55:03,782 - root - INFO - Epoch: 22, learning rate: 0.0001, train loss: 0.3370
2025-10-02 12:55:03,783 - root - INFO - train average_precision, 0.8816
2025-10-02 12:55:03,783 - root - INFO - train roc_auc, 0.9136
2025-10-02 12:55:03,783 - root - INFO - validate loss: 0.4648
2025-10-02 12:55:03,783 - root - INFO - validate average_precision, 0.8321
2025-10-02 12:55:03,783 - root - INFO - validate roc_auc, 0.8620
2025-10-02 12:55:03,783 - root - INFO - new node validate loss: 0.5459
2025-10-02 12:55:03,783 - root - INFO - new node validate average_precision, 0.7694
2025-10-02 12:55:03,784 - root - INFO - new node validate roc_auc, 0.8042
2025-10-02 12:55:14,470 - root - INFO - test loss: 0.5076
2025-10-02 12:55:14,470 - root - INFO - test average_precision, 0.7897
2025-10-02 12:55:14,470 - root - INFO - best test average_precision: 0.7967
2025-10-02 12:55:14,470 - root - INFO - test roc_auc, 0.8327
2025-10-02 12:55:14,470 - root - INFO - new node test loss: 0.5019
2025-10-02 12:55:14,470 - root - INFO - new node test average_precision, 0.7875
2025-10-02 12:55:14,470 - root - INFO - new node test roc_auc, 0.8325
2025-10-02 12:56:14,567 - root - INFO - Epoch: 23, learning rate: 0.0001, train loss: 0.3355
2025-10-02 12:56:14,568 - root - INFO - train average_precision, 0.8827
2025-10-02 12:56:14,568 - root - INFO - train roc_auc, 0.9144
2025-10-02 12:56:14,568 - root - INFO - validate loss: 0.4894
2025-10-02 12:56:14,568 - root - INFO - validate average_precision, 0.7997
2025-10-02 12:56:14,568 - root - INFO - validate roc_auc, 0.8371
2025-10-02 12:56:14,568 - root - INFO - new node validate loss: 0.5852
2025-10-02 12:56:14,568 - root - INFO - new node validate average_precision, 0.7329
2025-10-02 12:56:14,568 - root - INFO - new node validate roc_auc, 0.7714
2025-10-02 12:56:25,145 - root - INFO - test loss: 0.5472
2025-10-02 12:56:25,145 - root - INFO - test average_precision, 0.7564
2025-10-02 12:56:25,145 - root - INFO - best test average_precision: 0.7967
2025-10-02 12:56:25,145 - root - INFO - test roc_auc, 0.8039
2025-10-02 12:56:25,145 - root - INFO - new node test loss: 0.5236
2025-10-02 12:56:25,145 - root - INFO - new node test average_precision, 0.7639
2025-10-02 12:56:25,145 - root - INFO - new node test roc_auc, 0.8126
2025-10-02 12:57:25,393 - root - INFO - Epoch: 24, learning rate: 0.0001, train loss: 0.3354
2025-10-02 12:57:25,393 - root - INFO - train average_precision, 0.8834
2025-10-02 12:57:25,394 - root - INFO - train roc_auc, 0.9145
2025-10-02 12:57:25,394 - root - INFO - validate loss: 0.4900
2025-10-02 12:57:25,394 - root - INFO - validate average_precision, 0.8061
2025-10-02 12:57:25,394 - root - INFO - validate roc_auc, 0.8401
2025-10-02 12:57:25,394 - root - INFO - new node validate loss: 0.5732
2025-10-02 12:57:25,394 - root - INFO - new node validate average_precision, 0.7388
2025-10-02 12:57:25,394 - root - INFO - new node validate roc_auc, 0.7816
2025-10-02 12:57:35,974 - root - INFO - test loss: 0.5432
2025-10-02 12:57:35,974 - root - INFO - test average_precision, 0.7677
2025-10-02 12:57:35,974 - root - INFO - best test average_precision: 0.7967
2025-10-02 12:57:35,974 - root - INFO - test roc_auc, 0.8162
2025-10-02 12:57:35,974 - root - INFO - new node test loss: 0.5319
2025-10-02 12:57:35,974 - root - INFO - new node test average_precision, 0.7568
2025-10-02 12:57:35,974 - root - INFO - new node test roc_auc, 0.8108
2025-10-02 12:58:35,986 - root - INFO - Epoch: 25, learning rate: 0.0001, train loss: 0.3335
2025-10-02 12:58:35,987 - root - INFO - train average_precision, 0.8846
2025-10-02 12:58:35,987 - root - INFO - train roc_auc, 0.9152
2025-10-02 12:58:35,987 - root - INFO - validate loss: 0.5054
2025-10-02 12:58:35,987 - root - INFO - validate average_precision, 0.7835
2025-10-02 12:58:35,987 - root - INFO - validate roc_auc, 0.8233
2025-10-02 12:58:35,987 - root - INFO - new node validate loss: 0.5709
2025-10-02 12:58:35,987 - root - INFO - new node validate average_precision, 0.7462
2025-10-02 12:58:35,988 - root - INFO - new node validate roc_auc, 0.7842
2025-10-02 12:58:46,542 - root - INFO - test loss: 0.5836
2025-10-02 12:58:46,542 - root - INFO - test average_precision, 0.7312
2025-10-02 12:58:46,542 - root - INFO - best test average_precision: 0.7967
2025-10-02 12:58:46,542 - root - INFO - test roc_auc, 0.7809
2025-10-02 12:58:46,542 - root - INFO - new node test loss: 0.5323
2025-10-02 12:58:46,542 - root - INFO - new node test average_precision, 0.7570
2025-10-02 12:58:46,542 - root - INFO - new node test roc_auc, 0.8070
2025-10-02 12:59:46,672 - root - INFO - Epoch: 26, learning rate: 0.0001, train loss: 0.3323
2025-10-02 12:59:46,673 - root - INFO - train average_precision, 0.8855
2025-10-02 12:59:46,673 - root - INFO - train roc_auc, 0.9161
2025-10-02 12:59:46,673 - root - INFO - validate loss: 0.4777
2025-10-02 12:59:46,673 - root - INFO - validate average_precision, 0.8199
2025-10-02 12:59:46,673 - root - INFO - validate roc_auc, 0.8504
2025-10-02 12:59:46,673 - root - INFO - new node validate loss: 0.5646
2025-10-02 12:59:46,673 - root - INFO - new node validate average_precision, 0.7528
2025-10-02 12:59:46,673 - root - INFO - new node validate roc_auc, 0.7891
2025-10-02 12:59:57,213 - root - INFO - test loss: 0.5387
2025-10-02 12:59:57,213 - root - INFO - test average_precision, 0.7662
2025-10-02 12:59:57,214 - root - INFO - best test average_precision: 0.7967
2025-10-02 12:59:57,214 - root - INFO - test roc_auc, 0.8017
2025-10-02 12:59:57,214 - root - INFO - new node test loss: 0.5209
2025-10-02 12:59:57,214 - root - INFO - new node test average_precision, 0.7816
2025-10-02 12:59:57,214 - root - INFO - new node test roc_auc, 0.8181
2025-10-02 13:00:57,412 - root - INFO - Epoch: 27, learning rate: 0.0001, train loss: 0.3316
2025-10-02 13:00:57,412 - root - INFO - train average_precision, 0.8853
2025-10-02 13:00:57,413 - root - INFO - train roc_auc, 0.9163
2025-10-02 13:00:57,413 - root - INFO - validate loss: 0.5067
2025-10-02 13:00:57,413 - root - INFO - validate average_precision, 0.7934
2025-10-02 13:00:57,413 - root - INFO - validate roc_auc, 0.8269
2025-10-02 13:00:57,413 - root - INFO - new node validate loss: 0.5644
2025-10-02 13:00:57,413 - root - INFO - new node validate average_precision, 0.7560
2025-10-02 13:00:57,413 - root - INFO - new node validate roc_auc, 0.7901
2025-10-02 13:01:08,076 - root - INFO - test loss: 0.5717
2025-10-02 13:01:08,076 - root - INFO - test average_precision, 0.7347
2025-10-02 13:01:08,076 - root - INFO - best test average_precision: 0.7967
2025-10-02 13:01:08,076 - root - INFO - test roc_auc, 0.7755
2025-10-02 13:01:08,076 - root - INFO - new node test loss: 0.5468
2025-10-02 13:01:08,076 - root - INFO - new node test average_precision, 0.7626
2025-10-02 13:01:08,076 - root - INFO - new node test roc_auc, 0.8000
2025-10-02 13:02:08,183 - root - INFO - Epoch: 28, learning rate: 0.0001, train loss: 0.3316
2025-10-02 13:02:08,183 - root - INFO - train average_precision, 0.8851
2025-10-02 13:02:08,184 - root - INFO - train roc_auc, 0.9162
2025-10-02 13:02:08,184 - root - INFO - validate loss: 0.5209
2025-10-02 13:02:08,184 - root - INFO - validate average_precision, 0.7825
2025-10-02 13:02:08,184 - root - INFO - validate roc_auc, 0.8149
2025-10-02 13:02:08,184 - root - INFO - new node validate loss: 0.5745
2025-10-02 13:02:08,184 - root - INFO - new node validate average_precision, 0.7549
2025-10-02 13:02:08,184 - root - INFO - new node validate roc_auc, 0.7856
2025-10-02 13:02:18,673 - root - INFO - test loss: 0.5838
2025-10-02 13:02:18,673 - root - INFO - test average_precision, 0.7178
2025-10-02 13:02:18,673 - root - INFO - best test average_precision: 0.7967
2025-10-02 13:02:18,673 - root - INFO - test roc_auc, 0.7539
2025-10-02 13:02:18,673 - root - INFO - new node test loss: 0.5631
2025-10-02 13:02:18,673 - root - INFO - new node test average_precision, 0.7495
2025-10-02 13:02:18,673 - root - INFO - new node test roc_auc, 0.7841
2025-10-02 13:03:18,833 - root - INFO - Epoch: 29, learning rate: 0.0001, train loss: 0.3277
2025-10-02 13:03:18,834 - root - INFO - train average_precision, 0.8890
2025-10-02 13:03:18,834 - root - INFO - train roc_auc, 0.9186
2025-10-02 13:03:18,834 - root - INFO - validate loss: 0.5089
2025-10-02 13:03:18,834 - root - INFO - validate average_precision, 0.7955
2025-10-02 13:03:18,834 - root - INFO - validate roc_auc, 0.8266
2025-10-02 13:03:18,834 - root - INFO - new node validate loss: 0.5713
2025-10-02 13:03:18,834 - root - INFO - new node validate average_precision, 0.7501
2025-10-02 13:03:18,835 - root - INFO - new node validate roc_auc, 0.7844
2025-10-02 13:03:29,439 - root - INFO - test loss: 0.5758
2025-10-02 13:03:29,440 - root - INFO - test average_precision, 0.7323
2025-10-02 13:03:29,440 - root - INFO - best test average_precision: 0.7967
2025-10-02 13:03:29,440 - root - INFO - test roc_auc, 0.7727
2025-10-02 13:03:29,440 - root - INFO - new node test loss: 0.5575
2025-10-02 13:03:29,440 - root - INFO - new node test average_precision, 0.7500
2025-10-02 13:03:29,440 - root - INFO - new node test roc_auc, 0.7905
2025-10-02 13:04:29,531 - root - INFO - Epoch: 30, learning rate: 0.0001, train loss: 0.3268
2025-10-02 13:04:29,531 - root - INFO - train average_precision, 0.8894
2025-10-02 13:04:29,531 - root - INFO - train roc_auc, 0.9192
2025-10-02 13:04:29,532 - root - INFO - validate loss: 0.4928
2025-10-02 13:04:29,532 - root - INFO - validate average_precision, 0.8079
2025-10-02 13:04:29,532 - root - INFO - validate roc_auc, 0.8389
2025-10-02 13:04:29,532 - root - INFO - new node validate loss: 0.5705
2025-10-02 13:04:29,532 - root - INFO - new node validate average_precision, 0.7544
2025-10-02 13:04:29,532 - root - INFO - new node validate roc_auc, 0.7892
2025-10-02 13:04:40,079 - root - INFO - test loss: 0.5387
2025-10-02 13:04:40,079 - root - INFO - test average_precision, 0.7536
2025-10-02 13:04:40,080 - root - INFO - best test average_precision: 0.7967
2025-10-02 13:04:40,080 - root - INFO - test roc_auc, 0.7952
2025-10-02 13:04:40,080 - root - INFO - new node test loss: 0.5328
2025-10-02 13:04:40,080 - root - INFO - new node test average_precision, 0.7715
2025-10-02 13:04:40,080 - root - INFO - new node test roc_auc, 0.8124
2025-10-02 13:05:40,263 - root - INFO - Epoch: 31, learning rate: 0.0001, train loss: 0.3286
2025-10-02 13:05:40,263 - root - INFO - train average_precision, 0.8875
2025-10-02 13:05:40,263 - root - INFO - train roc_auc, 0.9176
2025-10-02 13:05:40,263 - root - INFO - validate loss: 0.4677
2025-10-02 13:05:40,263 - root - INFO - validate average_precision, 0.8323
2025-10-02 13:05:40,264 - root - INFO - validate roc_auc, 0.8612
2025-10-02 13:05:40,264 - root - INFO - new node validate loss: 0.5573
2025-10-02 13:05:40,264 - root - INFO - new node validate average_precision, 0.7694
2025-10-02 13:05:40,264 - root - INFO - new node validate roc_auc, 0.8014
2025-10-02 13:05:50,779 - root - INFO - test loss: 0.5026
2025-10-02 13:05:50,779 - root - INFO - test average_precision, 0.7933
2025-10-02 13:05:50,779 - root - INFO - best test average_precision: 0.7967
2025-10-02 13:05:50,779 - root - INFO - test roc_auc, 0.8298
2025-10-02 13:05:50,779 - root - INFO - new node test loss: 0.5068
2025-10-02 13:05:50,779 - root - INFO - new node test average_precision, 0.7953
2025-10-02 13:05:50,779 - root - INFO - new node test roc_auc, 0.8309
2025-10-02 13:06:50,789 - root - INFO - Epoch: 32, learning rate: 0.0001, train loss: 0.3260
2025-10-02 13:06:50,789 - root - INFO - train average_precision, 0.8899
2025-10-02 13:06:50,789 - root - INFO - train roc_auc, 0.9195
2025-10-02 13:06:50,789 - root - INFO - validate loss: 0.4967
2025-10-02 13:06:50,789 - root - INFO - validate average_precision, 0.8105
2025-10-02 13:06:50,790 - root - INFO - validate roc_auc, 0.8391
2025-10-02 13:06:50,790 - root - INFO - new node validate loss: 0.5702
2025-10-02 13:06:50,790 - root - INFO - new node validate average_precision, 0.7592
2025-10-02 13:06:50,790 - root - INFO - new node validate roc_auc, 0.7914
2025-10-02 13:07:01,432 - root - INFO - test loss: 0.5515
2025-10-02 13:07:01,432 - root - INFO - test average_precision, 0.7473
2025-10-02 13:07:01,432 - root - INFO - best test average_precision: 0.7967
2025-10-02 13:07:01,432 - root - INFO - test roc_auc, 0.7848
2025-10-02 13:07:01,432 - root - INFO - new node test loss: 0.5379
2025-10-02 13:07:01,432 - root - INFO - new node test average_precision, 0.7704
2025-10-02 13:07:01,432 - root - INFO - new node test roc_auc, 0.8089
2025-10-02 13:08:01,482 - root - INFO - Epoch: 33, learning rate: 0.0001, train loss: 0.3255
2025-10-02 13:08:01,483 - root - INFO - train average_precision, 0.8905
2025-10-02 13:08:01,483 - root - INFO - train roc_auc, 0.9200
2025-10-02 13:08:01,483 - root - INFO - validate loss: 0.5079
2025-10-02 13:08:01,483 - root - INFO - validate average_precision, 0.7900
2025-10-02 13:08:01,483 - root - INFO - validate roc_auc, 0.8261
2025-10-02 13:08:01,483 - root - INFO - new node validate loss: 0.5617
2025-10-02 13:08:01,483 - root - INFO - new node validate average_precision, 0.7641
2025-10-02 13:08:01,483 - root - INFO - new node validate roc_auc, 0.7953
2025-10-02 13:08:12,037 - root - INFO - test loss: 0.5667
2025-10-02 13:08:12,037 - root - INFO - test average_precision, 0.7258
2025-10-02 13:08:12,037 - root - INFO - best test average_precision: 0.7967
2025-10-02 13:08:12,038 - root - INFO - test roc_auc, 0.7705
2025-10-02 13:08:12,038 - root - INFO - new node test loss: 0.5535
2025-10-02 13:08:12,038 - root - INFO - new node test average_precision, 0.7520
2025-10-02 13:08:12,038 - root - INFO - new node test roc_auc, 0.7905
2025-10-02 13:09:12,182 - root - INFO - Epoch: 34, learning rate: 0.0001, train loss: 0.3244
2025-10-02 13:09:12,182 - root - INFO - train average_precision, 0.8918
2025-10-02 13:09:12,183 - root - INFO - train roc_auc, 0.9207
2025-10-02 13:09:12,183 - root - INFO - validate loss: 0.4660
2025-10-02 13:09:12,183 - root - INFO - validate average_precision, 0.8406
2025-10-02 13:09:12,183 - root - INFO - validate roc_auc, 0.8666
2025-10-02 13:09:12,183 - root - INFO - new node validate loss: 0.5660
2025-10-02 13:09:12,183 - root - INFO - new node validate average_precision, 0.7845
2025-10-02 13:09:12,183 - root - INFO - new node validate roc_auc, 0.8066
2025-10-02 13:09:22,748 - root - INFO - test loss: 0.5127
2025-10-02 13:09:22,748 - root - INFO - test average_precision, 0.7914
2025-10-02 13:09:22,748 - root - INFO - best test average_precision: 0.7967
2025-10-02 13:09:22,748 - root - INFO - test roc_auc, 0.8262
2025-10-02 13:09:22,748 - root - INFO - new node test loss: 0.5182
2025-10-02 13:09:22,748 - root - INFO - new node test average_precision, 0.8028
2025-10-02 13:09:22,748 - root - INFO - new node test roc_auc, 0.8333
2025-10-02 13:09:22,749 - root - INFO - save model ./saved_models/JODIE/mooc/JODIE_bochner_seed3/JODIE_bochner_seed3.pkl
2025-10-02 13:10:24,961 - root - INFO - Epoch: 35, learning rate: 0.0001, train loss: 0.3239
2025-10-02 13:10:24,961 - root - INFO - train average_precision, 0.8918
2025-10-02 13:10:24,962 - root - INFO - train roc_auc, 0.9210
2025-10-02 13:10:24,962 - root - INFO - validate loss: 0.5205
2025-10-02 13:10:24,962 - root - INFO - validate average_precision, 0.7823
2025-10-02 13:10:24,962 - root - INFO - validate roc_auc, 0.8188
2025-10-02 13:10:24,962 - root - INFO - new node validate loss: 0.5758
2025-10-02 13:10:24,962 - root - INFO - new node validate average_precision, 0.7548
2025-10-02 13:10:24,962 - root - INFO - new node validate roc_auc, 0.7871
2025-10-02 13:10:35,474 - root - INFO - test loss: 0.5915
2025-10-02 13:10:35,474 - root - INFO - test average_precision, 0.7209
2025-10-02 13:10:35,474 - root - INFO - best test average_precision: 0.7967
2025-10-02 13:10:35,474 - root - INFO - test roc_auc, 0.7639
2025-10-02 13:10:35,475 - root - INFO - new node test loss: 0.5713
2025-10-02 13:10:35,475 - root - INFO - new node test average_precision, 0.7466
2025-10-02 13:10:35,475 - root - INFO - new node test roc_auc, 0.7849
2025-10-02 13:11:35,527 - root - INFO - Epoch: 36, learning rate: 0.0001, train loss: 0.3233
2025-10-02 13:11:35,528 - root - INFO - train average_precision, 0.8922
2025-10-02 13:11:35,528 - root - INFO - train roc_auc, 0.9209
2025-10-02 13:11:35,528 - root - INFO - validate loss: 0.4672
2025-10-02 13:11:35,528 - root - INFO - validate average_precision, 0.8408
2025-10-02 13:11:35,528 - root - INFO - validate roc_auc, 0.8680
2025-10-02 13:11:35,528 - root - INFO - new node validate loss: 0.5927
2025-10-02 13:11:35,528 - root - INFO - new node validate average_precision, 0.7634
2025-10-02 13:11:35,528 - root - INFO - new node validate roc_auc, 0.7908
2025-10-02 13:11:46,017 - root - INFO - test loss: 0.5064
2025-10-02 13:11:46,017 - root - INFO - test average_precision, 0.7971
2025-10-02 13:11:46,017 - root - INFO - best test average_precision: 0.7971
2025-10-02 13:11:46,017 - root - INFO - test roc_auc, 0.8310
2025-10-02 13:11:46,017 - root - INFO - new node test loss: 0.5156
2025-10-02 13:11:46,017 - root - INFO - new node test average_precision, 0.8019
2025-10-02 13:11:46,018 - root - INFO - new node test roc_auc, 0.8352
2025-10-02 13:11:46,018 - root - INFO - save model ./saved_models/JODIE/mooc/JODIE_bochner_seed3/JODIE_bochner_seed3.pkl
2025-10-02 13:12:48,283 - root - INFO - Epoch: 37, learning rate: 0.0001, train loss: 0.3240
2025-10-02 13:12:48,283 - root - INFO - train average_precision, 0.8917
2025-10-02 13:12:48,283 - root - INFO - train roc_auc, 0.9209
2025-10-02 13:12:48,284 - root - INFO - validate loss: 0.5061
2025-10-02 13:12:48,284 - root - INFO - validate average_precision, 0.7967
2025-10-02 13:12:48,284 - root - INFO - validate roc_auc, 0.8304
2025-10-02 13:12:48,284 - root - INFO - new node validate loss: 0.5905
2025-10-02 13:12:48,284 - root - INFO - new node validate average_precision, 0.7654
2025-10-02 13:12:48,284 - root - INFO - new node validate roc_auc, 0.7929
2025-10-02 13:12:58,968 - root - INFO - test loss: 0.5635
2025-10-02 13:12:58,968 - root - INFO - test average_precision, 0.7368
2025-10-02 13:12:58,968 - root - INFO - best test average_precision: 0.7971
2025-10-02 13:12:58,968 - root - INFO - test roc_auc, 0.7784
2025-10-02 13:12:58,968 - root - INFO - new node test loss: 0.5623
2025-10-02 13:12:58,968 - root - INFO - new node test average_precision, 0.7543
2025-10-02 13:12:58,968 - root - INFO - new node test roc_auc, 0.7928
2025-10-02 13:13:59,158 - root - INFO - Epoch: 38, learning rate: 0.0001, train loss: 0.3200
2025-10-02 13:13:59,158 - root - INFO - train average_precision, 0.8947
2025-10-02 13:13:59,158 - root - INFO - train roc_auc, 0.9228
2025-10-02 13:13:59,159 - root - INFO - validate loss: 0.4957
2025-10-02 13:13:59,159 - root - INFO - validate average_precision, 0.8062
2025-10-02 13:13:59,159 - root - INFO - validate roc_auc, 0.8393
2025-10-02 13:13:59,159 - root - INFO - new node validate loss: 0.5758
2025-10-02 13:13:59,159 - root - INFO - new node validate average_precision, 0.7719
2025-10-02 13:13:59,159 - root - INFO - new node validate roc_auc, 0.7982
2025-10-02 13:14:09,777 - root - INFO - test loss: 0.5449
2025-10-02 13:14:09,777 - root - INFO - test average_precision, 0.7522
2025-10-02 13:14:09,777 - root - INFO - best test average_precision: 0.7971
2025-10-02 13:14:09,778 - root - INFO - test roc_auc, 0.7950
2025-10-02 13:14:09,778 - root - INFO - new node test loss: 0.5287
2025-10-02 13:14:09,778 - root - INFO - new node test average_precision, 0.7761
2025-10-02 13:14:09,778 - root - INFO - new node test roc_auc, 0.8158
2025-10-02 13:15:09,889 - root - INFO - Epoch: 39, learning rate: 0.0001, train loss: 0.3218
2025-10-02 13:15:09,889 - root - INFO - train average_precision, 0.8938
2025-10-02 13:15:09,890 - root - INFO - train roc_auc, 0.9220
2025-10-02 13:15:09,890 - root - INFO - validate loss: 0.4715
2025-10-02 13:15:09,890 - root - INFO - validate average_precision, 0.8359
2025-10-02 13:15:09,890 - root - INFO - validate roc_auc, 0.8631
2025-10-02 13:15:09,890 - root - INFO - new node validate loss: 0.5704
2025-10-02 13:15:09,890 - root - INFO - new node validate average_precision, 0.7723
2025-10-02 13:15:09,890 - root - INFO - new node validate roc_auc, 0.7996
2025-10-02 13:15:20,410 - root - INFO - test loss: 0.5114
2025-10-02 13:15:20,410 - root - INFO - test average_precision, 0.7880
2025-10-02 13:15:20,411 - root - INFO - best test average_precision: 0.7971
2025-10-02 13:15:20,411 - root - INFO - test roc_auc, 0.8221
2025-10-02 13:15:20,411 - root - INFO - new node test loss: 0.5189
2025-10-02 13:15:20,411 - root - INFO - new node test average_precision, 0.7978
2025-10-02 13:15:20,411 - root - INFO - new node test roc_auc, 0.8309
2025-10-02 13:16:20,517 - root - INFO - Epoch: 40, learning rate: 0.0001, train loss: 0.3232
2025-10-02 13:16:20,517 - root - INFO - train average_precision, 0.8929
2025-10-02 13:16:20,517 - root - INFO - train roc_auc, 0.9213
2025-10-02 13:16:20,517 - root - INFO - validate loss: 0.5337
2025-10-02 13:16:20,517 - root - INFO - validate average_precision, 0.7744
2025-10-02 13:16:20,517 - root - INFO - validate roc_auc, 0.8101
2025-10-02 13:16:20,517 - root - INFO - new node validate loss: 0.5840
2025-10-02 13:16:20,518 - root - INFO - new node validate average_precision, 0.7501
2025-10-02 13:16:20,518 - root - INFO - new node validate roc_auc, 0.7823
2025-10-02 13:16:31,113 - root - INFO - test loss: 0.5656
2025-10-02 13:16:31,114 - root - INFO - test average_precision, 0.7309
2025-10-02 13:16:31,114 - root - INFO - best test average_precision: 0.7971
2025-10-02 13:16:31,114 - root - INFO - test roc_auc, 0.7740
2025-10-02 13:16:31,114 - root - INFO - new node test loss: 0.5666
2025-10-02 13:16:31,114 - root - INFO - new node test average_precision, 0.7443
2025-10-02 13:16:31,114 - root - INFO - new node test roc_auc, 0.7845
2025-10-02 13:17:31,307 - root - INFO - Epoch: 41, learning rate: 0.0001, train loss: 0.3234
2025-10-02 13:17:31,307 - root - INFO - train average_precision, 0.8919
2025-10-02 13:17:31,307 - root - INFO - train roc_auc, 0.9208
2025-10-02 13:17:31,307 - root - INFO - validate loss: 0.5005
2025-10-02 13:17:31,308 - root - INFO - validate average_precision, 0.8055
2025-10-02 13:17:31,308 - root - INFO - validate roc_auc, 0.8360
2025-10-02 13:17:31,308 - root - INFO - new node validate loss: 0.5770
2025-10-02 13:17:31,308 - root - INFO - new node validate average_precision, 0.7624
2025-10-02 13:17:31,308 - root - INFO - new node validate roc_auc, 0.7925
2025-10-02 13:17:41,940 - root - INFO - test loss: 0.5438
2025-10-02 13:17:41,941 - root - INFO - test average_precision, 0.7580
2025-10-02 13:17:41,941 - root - INFO - best test average_precision: 0.7971
2025-10-02 13:17:41,941 - root - INFO - test roc_auc, 0.7936
2025-10-02 13:17:41,941 - root - INFO - new node test loss: 0.5465
2025-10-02 13:17:41,941 - root - INFO - new node test average_precision, 0.7668
2025-10-02 13:17:41,941 - root - INFO - new node test roc_auc, 0.8031
2025-10-02 13:18:41,934 - root - INFO - Epoch: 42, learning rate: 0.0001, train loss: 0.3181
2025-10-02 13:18:41,935 - root - INFO - train average_precision, 0.8958
2025-10-02 13:18:41,935 - root - INFO - train roc_auc, 0.9237
2025-10-02 13:18:41,935 - root - INFO - validate loss: 0.4569
2025-10-02 13:18:41,935 - root - INFO - validate average_precision, 0.8356
2025-10-02 13:18:41,935 - root - INFO - validate roc_auc, 0.8677
2025-10-02 13:18:41,935 - root - INFO - new node validate loss: 0.5668
2025-10-02 13:18:41,935 - root - INFO - new node validate average_precision, 0.7804
2025-10-02 13:18:41,935 - root - INFO - new node validate roc_auc, 0.8074
2025-10-02 13:18:52,591 - root - INFO - test loss: 0.4843
2025-10-02 13:18:52,592 - root - INFO - test average_precision, 0.8023
2025-10-02 13:18:52,592 - root - INFO - best test average_precision: 0.8023
2025-10-02 13:18:52,592 - root - INFO - test roc_auc, 0.8431
2025-10-02 13:18:52,592 - root - INFO - new node test loss: 0.5016
2025-10-02 13:18:52,592 - root - INFO - new node test average_precision, 0.8047
2025-10-02 13:18:52,592 - root - INFO - new node test roc_auc, 0.8400
2025-10-02 13:19:52,638 - root - INFO - Epoch: 43, learning rate: 0.0001, train loss: 0.3158
2025-10-02 13:19:52,638 - root - INFO - train average_precision, 0.8981
2025-10-02 13:19:52,638 - root - INFO - train roc_auc, 0.9252
2025-10-02 13:19:52,638 - root - INFO - validate loss: 0.5149
2025-10-02 13:19:52,638 - root - INFO - validate average_precision, 0.7968
2025-10-02 13:19:52,638 - root - INFO - validate roc_auc, 0.8303
2025-10-02 13:19:52,638 - root - INFO - new node validate loss: 0.5931
2025-10-02 13:19:52,638 - root - INFO - new node validate average_precision, 0.7704
2025-10-02 13:19:52,639 - root - INFO - new node validate roc_auc, 0.7957
2025-10-02 13:20:03,090 - root - INFO - test loss: 0.5845
2025-10-02 13:20:03,090 - root - INFO - test average_precision, 0.7255
2025-10-02 13:20:03,090 - root - INFO - best test average_precision: 0.8023
2025-10-02 13:20:03,090 - root - INFO - test roc_auc, 0.7691
2025-10-02 13:20:03,091 - root - INFO - new node test loss: 0.5587
2025-10-02 13:20:03,091 - root - INFO - new node test average_precision, 0.7538
2025-10-02 13:20:03,091 - root - INFO - new node test roc_auc, 0.7967
2025-10-02 13:21:03,177 - root - INFO - Epoch: 44, learning rate: 0.0001, train loss: 0.3202
2025-10-02 13:21:03,177 - root - INFO - train average_precision, 0.8942
2025-10-02 13:21:03,177 - root - INFO - train roc_auc, 0.9228
2025-10-02 13:21:03,178 - root - INFO - validate loss: 0.5202
2025-10-02 13:21:03,178 - root - INFO - validate average_precision, 0.7851
2025-10-02 13:21:03,178 - root - INFO - validate roc_auc, 0.8220
2025-10-02 13:21:03,178 - root - INFO - new node validate loss: 0.5816
2025-10-02 13:21:03,178 - root - INFO - new node validate average_precision, 0.7604
2025-10-02 13:21:03,178 - root - INFO - new node validate roc_auc, 0.7893
2025-10-02 13:21:13,692 - root - INFO - test loss: 0.5870
2025-10-02 13:21:13,692 - root - INFO - test average_precision, 0.7197
2025-10-02 13:21:13,693 - root - INFO - best test average_precision: 0.8023
2025-10-02 13:21:13,693 - root - INFO - test roc_auc, 0.7655
2025-10-02 13:21:13,693 - root - INFO - new node test loss: 0.5685
2025-10-02 13:21:13,693 - root - INFO - new node test average_precision, 0.7393
2025-10-02 13:21:13,693 - root - INFO - new node test roc_auc, 0.7857
2025-10-02 13:22:13,836 - root - INFO - Epoch: 45, learning rate: 0.0001, train loss: 0.3190
2025-10-02 13:22:13,837 - root - INFO - train average_precision, 0.8961
2025-10-02 13:22:13,837 - root - INFO - train roc_auc, 0.9235
2025-10-02 13:22:13,837 - root - INFO - validate loss: 0.5045
2025-10-02 13:22:13,837 - root - INFO - validate average_precision, 0.8027
2025-10-02 13:22:13,837 - root - INFO - validate roc_auc, 0.8351
2025-10-02 13:22:13,837 - root - INFO - new node validate loss: 0.6162
2025-10-02 13:22:13,837 - root - INFO - new node validate average_precision, 0.7594
2025-10-02 13:22:13,837 - root - INFO - new node validate roc_auc, 0.7831
2025-10-02 13:22:24,355 - root - INFO - test loss: 0.5570
2025-10-02 13:22:24,356 - root - INFO - test average_precision, 0.7482
2025-10-02 13:22:24,356 - root - INFO - best test average_precision: 0.8023
2025-10-02 13:22:24,356 - root - INFO - test roc_auc, 0.7858
2025-10-02 13:22:24,356 - root - INFO - new node test loss: 0.5658
2025-10-02 13:22:24,356 - root - INFO - new node test average_precision, 0.7516
2025-10-02 13:22:24,356 - root - INFO - new node test roc_auc, 0.7901
2025-10-02 13:23:24,525 - root - INFO - Epoch: 46, learning rate: 0.0001, train loss: 0.3168
2025-10-02 13:23:24,525 - root - INFO - train average_precision, 0.8974
2025-10-02 13:23:24,526 - root - INFO - train roc_auc, 0.9246
2025-10-02 13:23:24,526 - root - INFO - validate loss: 0.4698
2025-10-02 13:23:24,526 - root - INFO - validate average_precision, 0.8386
2025-10-02 13:23:24,526 - root - INFO - validate roc_auc, 0.8660
2025-10-02 13:23:24,526 - root - INFO - new node validate loss: 0.5941
2025-10-02 13:23:24,526 - root - INFO - new node validate average_precision, 0.7722
2025-10-02 13:23:24,526 - root - INFO - new node validate roc_auc, 0.7954
2025-10-02 13:23:35,062 - root - INFO - test loss: 0.4933
2025-10-02 13:23:35,062 - root - INFO - test average_precision, 0.8145
2025-10-02 13:23:35,062 - root - INFO - best test average_precision: 0.8145
2025-10-02 13:23:35,062 - root - INFO - test roc_auc, 0.8454
2025-10-02 13:23:35,062 - root - INFO - new node test loss: 0.5279
2025-10-02 13:23:35,062 - root - INFO - new node test average_precision, 0.7954
2025-10-02 13:23:35,062 - root - INFO - new node test roc_auc, 0.8277
2025-10-02 13:24:35,117 - root - INFO - Epoch: 47, learning rate: 0.0001, train loss: 0.3183
2025-10-02 13:24:35,118 - root - INFO - train average_precision, 0.8955
2025-10-02 13:24:35,118 - root - INFO - train roc_auc, 0.9236
2025-10-02 13:24:35,118 - root - INFO - validate loss: 0.5069
2025-10-02 13:24:35,118 - root - INFO - validate average_precision, 0.7975
2025-10-02 13:24:35,118 - root - INFO - validate roc_auc, 0.8304
2025-10-02 13:24:35,118 - root - INFO - new node validate loss: 0.5824
2025-10-02 13:24:35,118 - root - INFO - new node validate average_precision, 0.7573
2025-10-02 13:24:35,118 - root - INFO - new node validate roc_auc, 0.7857
2025-10-02 13:24:45,772 - root - INFO - test loss: 0.5689
2025-10-02 13:24:45,772 - root - INFO - test average_precision, 0.7288
2025-10-02 13:24:45,772 - root - INFO - best test average_precision: 0.8145
2025-10-02 13:24:45,772 - root - INFO - test roc_auc, 0.7708
2025-10-02 13:24:45,773 - root - INFO - new node test loss: 0.5496
2025-10-02 13:24:45,773 - root - INFO - new node test average_precision, 0.7535
2025-10-02 13:24:45,773 - root - INFO - new node test roc_auc, 0.7959
2025-10-02 13:25:45,788 - root - INFO - Epoch: 48, learning rate: 0.0001, train loss: 0.3150
2025-10-02 13:25:45,789 - root - INFO - train average_precision, 0.8980
2025-10-02 13:25:45,789 - root - INFO - train roc_auc, 0.9254
2025-10-02 13:25:45,789 - root - INFO - validate loss: 0.4948
2025-10-02 13:25:45,789 - root - INFO - validate average_precision, 0.8115
2025-10-02 13:25:45,789 - root - INFO - validate roc_auc, 0.8441
2025-10-02 13:25:45,789 - root - INFO - new node validate loss: 0.5923
2025-10-02 13:25:45,789 - root - INFO - new node validate average_precision, 0.7682
2025-10-02 13:25:45,789 - root - INFO - new node validate roc_auc, 0.7943
2025-10-02 13:25:56,326 - root - INFO - test loss: 0.5379
2025-10-02 13:25:56,326 - root - INFO - test average_precision, 0.7556
2025-10-02 13:25:56,326 - root - INFO - best test average_precision: 0.8145
2025-10-02 13:25:56,326 - root - INFO - test roc_auc, 0.7986
2025-10-02 13:25:56,326 - root - INFO - new node test loss: 0.5423
2025-10-02 13:25:56,326 - root - INFO - new node test average_precision, 0.7702
2025-10-02 13:25:56,326 - root - INFO - new node test roc_auc, 0.8090
2025-10-02 13:26:56,405 - root - INFO - Epoch: 49, learning rate: 0.0001, train loss: 0.3129
2025-10-02 13:26:56,406 - root - INFO - train average_precision, 0.8995
2025-10-02 13:26:56,406 - root - INFO - train roc_auc, 0.9265
2025-10-02 13:26:56,406 - root - INFO - validate loss: 0.4710
2025-10-02 13:26:56,406 - root - INFO - validate average_precision, 0.8369
2025-10-02 13:26:56,406 - root - INFO - validate roc_auc, 0.8644
2025-10-02 13:26:56,406 - root - INFO - new node validate loss: 0.6044
2025-10-02 13:26:56,406 - root - INFO - new node validate average_precision, 0.7686
2025-10-02 13:26:56,406 - root - INFO - new node validate roc_auc, 0.7911
2025-10-02 13:27:06,919 - root - INFO - test loss: 0.5008
2025-10-02 13:27:06,920 - root - INFO - test average_precision, 0.8099
2025-10-02 13:27:06,920 - root - INFO - best test average_precision: 0.8145
2025-10-02 13:27:06,920 - root - INFO - test roc_auc, 0.8361
2025-10-02 13:27:06,920 - root - INFO - new node test loss: 0.5288
2025-10-02 13:27:06,920 - root - INFO - new node test average_precision, 0.7935
2025-10-02 13:27:06,920 - root - INFO - new node test roc_auc, 0.8258
2025-10-02 13:28:06,975 - root - INFO - Epoch: 50, learning rate: 0.0001, train loss: 0.3137
2025-10-02 13:28:06,975 - root - INFO - train average_precision, 0.9004
2025-10-02 13:28:06,975 - root - INFO - train roc_auc, 0.9264
2025-10-02 13:28:06,975 - root - INFO - validate loss: 0.4881
2025-10-02 13:28:06,975 - root - INFO - validate average_precision, 0.8298
2025-10-02 13:28:06,975 - root - INFO - validate roc_auc, 0.8563
2025-10-02 13:28:06,976 - root - INFO - new node validate loss: 0.5799
2025-10-02 13:28:06,976 - root - INFO - new node validate average_precision, 0.7699
2025-10-02 13:28:06,976 - root - INFO - new node validate roc_auc, 0.7949
2025-10-02 13:28:17,472 - root - INFO - test loss: 0.5289
2025-10-02 13:28:17,473 - root - INFO - test average_precision, 0.7798
2025-10-02 13:28:17,473 - root - INFO - best test average_precision: 0.8145
2025-10-02 13:28:17,473 - root - INFO - test roc_auc, 0.8105
2025-10-02 13:28:17,473 - root - INFO - new node test loss: 0.5388
2025-10-02 13:28:17,473 - root - INFO - new node test average_precision, 0.7915
2025-10-02 13:28:17,473 - root - INFO - new node test roc_auc, 0.8219
2025-10-02 13:29:17,639 - root - INFO - Epoch: 51, learning rate: 0.0001, train loss: 0.3132
2025-10-02 13:29:17,640 - root - INFO - train average_precision, 0.8992
2025-10-02 13:29:17,640 - root - INFO - train roc_auc, 0.9262
2025-10-02 13:29:17,640 - root - INFO - validate loss: 0.4818
2025-10-02 13:29:17,640 - root - INFO - validate average_precision, 0.8294
2025-10-02 13:29:17,640 - root - INFO - validate roc_auc, 0.8584
2025-10-02 13:29:17,640 - root - INFO - new node validate loss: 0.5748
2025-10-02 13:29:17,640 - root - INFO - new node validate average_precision, 0.7694
2025-10-02 13:29:17,641 - root - INFO - new node validate roc_auc, 0.7958
2025-10-02 13:29:28,139 - root - INFO - test loss: 0.5070
2025-10-02 13:29:28,139 - root - INFO - test average_precision, 0.8011
2025-10-02 13:29:28,139 - root - INFO - best test average_precision: 0.8145
2025-10-02 13:29:28,139 - root - INFO - test roc_auc, 0.8332
2025-10-02 13:29:28,139 - root - INFO - new node test loss: 0.5377
2025-10-02 13:29:28,139 - root - INFO - new node test average_precision, 0.7740
2025-10-02 13:29:28,139 - root - INFO - new node test roc_auc, 0.8143
2025-10-02 13:30:28,093 - root - INFO - Epoch: 52, learning rate: 0.0001, train loss: 0.3148
2025-10-02 13:30:28,093 - root - INFO - train average_precision, 0.8984
2025-10-02 13:30:28,094 - root - INFO - train roc_auc, 0.9255
2025-10-02 13:30:28,094 - root - INFO - validate loss: 0.4756
2025-10-02 13:30:28,094 - root - INFO - validate average_precision, 0.8421
2025-10-02 13:30:28,094 - root - INFO - validate roc_auc, 0.8669
2025-10-02 13:30:28,094 - root - INFO - new node validate loss: 0.6271
2025-10-02 13:30:28,094 - root - INFO - new node validate average_precision, 0.7606
2025-10-02 13:30:28,094 - root - INFO - new node validate roc_auc, 0.7844
2025-10-02 13:30:38,687 - root - INFO - test loss: 0.5156
2025-10-02 13:30:38,687 - root - INFO - test average_precision, 0.7971
2025-10-02 13:30:38,687 - root - INFO - best test average_precision: 0.8145
2025-10-02 13:30:38,687 - root - INFO - test roc_auc, 0.8283
2025-10-02 13:30:38,687 - root - INFO - new node test loss: 0.5441
2025-10-02 13:30:38,687 - root - INFO - new node test average_precision, 0.7921
2025-10-02 13:30:38,687 - root - INFO - new node test roc_auc, 0.8240
2025-10-02 13:31:38,659 - root - INFO - Epoch: 53, learning rate: 0.0001, train loss: 0.3169
2025-10-02 13:31:38,659 - root - INFO - train average_precision, 0.8972
2025-10-02 13:31:38,659 - root - INFO - train roc_auc, 0.9243
2025-10-02 13:31:38,659 - root - INFO - validate loss: 0.4766
2025-10-02 13:31:38,659 - root - INFO - validate average_precision, 0.8264
2025-10-02 13:31:38,660 - root - INFO - validate roc_auc, 0.8573
2025-10-02 13:31:38,660 - root - INFO - new node validate loss: 0.5979
2025-10-02 13:31:38,660 - root - INFO - new node validate average_precision, 0.7689
2025-10-02 13:31:38,660 - root - INFO - new node validate roc_auc, 0.7920
2025-10-02 13:31:49,174 - root - INFO - test loss: 0.5294
2025-10-02 13:31:49,174 - root - INFO - test average_precision, 0.7675
2025-10-02 13:31:49,174 - root - INFO - best test average_precision: 0.8145
2025-10-02 13:31:49,174 - root - INFO - test roc_auc, 0.8100
2025-10-02 13:31:49,174 - root - INFO - new node test loss: 0.5511
2025-10-02 13:31:49,175 - root - INFO - new node test average_precision, 0.7645
2025-10-02 13:31:49,175 - root - INFO - new node test roc_auc, 0.8061
2025-10-02 13:32:49,397 - root - INFO - Epoch: 54, learning rate: 0.0001, train loss: 0.3146
2025-10-02 13:32:49,398 - root - INFO - train average_precision, 0.8988
2025-10-02 13:32:49,398 - root - INFO - train roc_auc, 0.9258
2025-10-02 13:32:49,398 - root - INFO - validate loss: 0.4689
2025-10-02 13:32:49,398 - root - INFO - validate average_precision, 0.8376
2025-10-02 13:32:49,398 - root - INFO - validate roc_auc, 0.8656
2025-10-02 13:32:49,398 - root - INFO - new node validate loss: 0.5837
2025-10-02 13:32:49,398 - root - INFO - new node validate average_precision, 0.7661
2025-10-02 13:32:49,399 - root - INFO - new node validate roc_auc, 0.7944
2025-10-02 13:33:00,008 - root - INFO - test loss: 0.5004
2025-10-02 13:33:00,009 - root - INFO - test average_precision, 0.8128
2025-10-02 13:33:00,009 - root - INFO - best test average_precision: 0.8145
2025-10-02 13:33:00,009 - root - INFO - test roc_auc, 0.8375
2025-10-02 13:33:00,009 - root - INFO - new node test loss: 0.5221
2025-10-02 13:33:00,009 - root - INFO - new node test average_precision, 0.7986
2025-10-02 13:33:00,009 - root - INFO - new node test roc_auc, 0.8305
2025-10-02 13:34:00,119 - root - INFO - Epoch: 55, learning rate: 0.0001, train loss: 0.3174
2025-10-02 13:34:00,120 - root - INFO - train average_precision, 0.8962
2025-10-02 13:34:00,120 - root - INFO - train roc_auc, 0.9240
2025-10-02 13:34:00,120 - root - INFO - validate loss: 0.4953
2025-10-02 13:34:00,120 - root - INFO - validate average_precision, 0.8174
2025-10-02 13:34:00,120 - root - INFO - validate roc_auc, 0.8472
2025-10-02 13:34:00,120 - root - INFO - new node validate loss: 0.5868
2025-10-02 13:34:00,120 - root - INFO - new node validate average_precision, 0.7687
2025-10-02 13:34:00,120 - root - INFO - new node validate roc_auc, 0.7945
2025-10-02 13:34:10,678 - root - INFO - test loss: 0.5218
2025-10-02 13:34:10,678 - root - INFO - test average_precision, 0.7874
2025-10-02 13:34:10,679 - root - INFO - best test average_precision: 0.8145
2025-10-02 13:34:10,679 - root - INFO - test roc_auc, 0.8197
2025-10-02 13:34:10,679 - root - INFO - new node test loss: 0.5496
2025-10-02 13:34:10,679 - root - INFO - new node test average_precision, 0.7723
2025-10-02 13:34:10,679 - root - INFO - new node test roc_auc, 0.8100
2025-10-02 13:35:10,872 - root - INFO - Epoch: 56, learning rate: 0.0001, train loss: 0.3113
2025-10-02 13:35:10,872 - root - INFO - train average_precision, 0.9012
2025-10-02 13:35:10,873 - root - INFO - train roc_auc, 0.9273
2025-10-02 13:35:10,873 - root - INFO - validate loss: 0.4772
2025-10-02 13:35:10,873 - root - INFO - validate average_precision, 0.8403
2025-10-02 13:35:10,873 - root - INFO - validate roc_auc, 0.8652
2025-10-02 13:35:10,873 - root - INFO - new node validate loss: 0.6238
2025-10-02 13:35:10,873 - root - INFO - new node validate average_precision, 0.7623
2025-10-02 13:35:10,873 - root - INFO - new node validate roc_auc, 0.7818
2025-10-02 13:35:21,368 - root - INFO - test loss: 0.5036
2025-10-02 13:35:21,369 - root - INFO - test average_precision, 0.8167
2025-10-02 13:35:21,369 - root - INFO - best test average_precision: 0.8167
2025-10-02 13:35:21,369 - root - INFO - test roc_auc, 0.8414
2025-10-02 13:35:21,369 - root - INFO - new node test loss: 0.5378
2025-10-02 13:35:21,369 - root - INFO - new node test average_precision, 0.7979
2025-10-02 13:35:21,369 - root - INFO - new node test roc_auc, 0.8248
2025-10-02 13:35:21,369 - root - INFO - load model ./saved_models/JODIE/mooc/JODIE_bochner_seed3/JODIE_bochner_seed3.pkl
2025-10-02 13:35:24,076 - root - INFO - get final performance on dataset mooc...
2025-10-02 13:35:35,298 - root - INFO - test loss: 0.5064
2025-10-02 13:35:35,298 - root - INFO - test average_precision, 0.7971
2025-10-02 13:35:35,298 - root - INFO - test roc_auc, 0.8310
2025-10-02 13:35:35,298 - root - INFO - new node test loss: 0.5156
2025-10-02 13:35:35,298 - root - INFO - new node test average_precision, 0.8019
2025-10-02 13:35:35,299 - root - INFO - new node test roc_auc, 0.8352
2025-10-02 13:35:35,299 - root - INFO - Run 4 cost 4003.69 seconds.
