2025-10-02 05:42:15,177 - root - INFO - ********** Run 5 starts. **********
2025-10-02 05:42:15,177 - root - INFO - configuration is Namespace(dataset_name='wikipedia', batch_size=200, model_name='JODIE', gpu=0, num_neighbors=10, sample_neighbor_strategy='uniform', time_scaling_factor=1e-06, num_walk_heads=8, num_heads=2, num_layers=1, walk_length=1, time_gap=2000, time_feat_dim=128, position_feat_dim=172, time_window_mode='fixed_proportion', time_encoder_type='time2vec', expert_dim=64, num_mixtures=4, patch_size=1, channel_embedding_dim=50, max_input_sequence_length=32, learning_rate=0.0001, dropout=0.1, gamma=0.5, num_epochs=100, optimizer='Adam', weight_decay=0.0, patience=20, val_ratio=0.15, test_ratio=0.15, num_runs=5, test_interval_epochs=1, negative_sample_strategy='random', max_interaction_times=10, load_best_configs=True, device='cuda:0', seed=4, save_model_name='JODIE_time2vec_seed4')
2025-10-02 05:42:15,178 - root - INFO - time encoder type: time2vec
2025-10-02 05:42:15,340 - root - INFO - model -> Sequential(
  (0): MemoryModel(
    (time_encoder): TimeEncoder(
      (w): Linear(in_features=1, out_features=128, bias=True)
    )
    (message_aggregator): MessageAggregator()
    (memory_bank): MemoryBank(num_nodes=9228, memory_dim=172)
    (memory_updater): RNNMemoryUpdater(
      (memory_bank): MemoryBank(num_nodes=9228, memory_dim=172)
      (memory_updater): RNNCell(644, 172)
    )
    (embedding_module): TimeProjectionEmbedding(
      (dropout): Dropout(p=0.1, inplace=False)
      (linear_layer): Linear(in_features=1, out_features=172, bias=True)
    )
  )
  (1): MergeLayer(
    (fc1): Linear(in_features=344, out_features=172, bias=True)
    (fc2): Linear(in_features=172, out_features=1, bias=True)
    (act): ReLU()
  )
)
2025-10-02 05:42:15,340 - root - INFO - model name: JODIE, #parameters: 803236 B, 784.41015625 KB, 0.7660255432128906 MB.
2025-10-02 05:42:33,879 - root - INFO - Epoch: 1, learning rate: 0.0001, train loss: 0.5257
2025-10-02 05:42:33,880 - root - INFO - train average_precision, 0.7917
2025-10-02 05:42:33,880 - root - INFO - train roc_auc, 0.8192
2025-10-02 05:42:33,880 - root - INFO - validate loss: 0.4377
2025-10-02 05:42:33,880 - root - INFO - validate average_precision, 0.8766
2025-10-02 05:42:33,880 - root - INFO - validate roc_auc, 0.8817
2025-10-02 05:42:33,880 - root - INFO - new node validate loss: 0.5023
2025-10-02 05:42:33,880 - root - INFO - new node validate average_precision, 0.8393
2025-10-02 05:42:33,880 - root - INFO - new node validate roc_auc, 0.8405
2025-10-02 05:42:38,660 - root - INFO - test loss: 0.4538
2025-10-02 05:42:38,660 - root - INFO - test average_precision, 0.8583
2025-10-02 05:42:38,661 - root - INFO - best test average_precision: 0.8583
2025-10-02 05:42:38,661 - root - INFO - test roc_auc, 0.8699
2025-10-02 05:42:38,661 - root - INFO - new node test loss: 0.5249
2025-10-02 05:42:38,661 - root - INFO - new node test average_precision, 0.8143
2025-10-02 05:42:38,661 - root - INFO - new node test roc_auc, 0.8199
2025-10-02 05:42:38,661 - root - INFO - save model ./saved_models/JODIE/wikipedia/JODIE_time2vec_seed4/JODIE_time2vec_seed4.pkl
2025-10-02 05:42:58,364 - root - INFO - Epoch: 2, learning rate: 0.0001, train loss: 0.4091
2025-10-02 05:42:58,364 - root - INFO - train average_precision, 0.8880
2025-10-02 05:42:58,364 - root - INFO - train roc_auc, 0.8964
2025-10-02 05:42:58,364 - root - INFO - validate loss: 0.3909
2025-10-02 05:42:58,365 - root - INFO - validate average_precision, 0.9000
2025-10-02 05:42:58,365 - root - INFO - validate roc_auc, 0.9084
2025-10-02 05:42:58,365 - root - INFO - new node validate loss: 0.4370
2025-10-02 05:42:58,365 - root - INFO - new node validate average_precision, 0.8791
2025-10-02 05:42:58,365 - root - INFO - new node validate roc_auc, 0.8763
2025-10-02 05:43:03,144 - root - INFO - test loss: 0.4247
2025-10-02 05:43:03,144 - root - INFO - test average_precision, 0.8809
2025-10-02 05:43:03,145 - root - INFO - best test average_precision: 0.8809
2025-10-02 05:43:03,145 - root - INFO - test roc_auc, 0.8937
2025-10-02 05:43:03,145 - root - INFO - new node test loss: 0.4516
2025-10-02 05:43:03,145 - root - INFO - new node test average_precision, 0.8715
2025-10-02 05:43:03,145 - root - INFO - new node test roc_auc, 0.8750
2025-10-02 05:43:03,145 - root - INFO - save model ./saved_models/JODIE/wikipedia/JODIE_time2vec_seed4/JODIE_time2vec_seed4.pkl
2025-10-02 05:43:22,728 - root - INFO - Epoch: 3, learning rate: 0.0001, train loss: 0.3754
2025-10-02 05:43:22,729 - root - INFO - train average_precision, 0.9074
2025-10-02 05:43:22,729 - root - INFO - train roc_auc, 0.9130
2025-10-02 05:43:22,729 - root - INFO - validate loss: 0.3598
2025-10-02 05:43:22,729 - root - INFO - validate average_precision, 0.9147
2025-10-02 05:43:22,729 - root - INFO - validate roc_auc, 0.9213
2025-10-02 05:43:22,729 - root - INFO - new node validate loss: 0.4226
2025-10-02 05:43:22,729 - root - INFO - new node validate average_precision, 0.8884
2025-10-02 05:43:22,729 - root - INFO - new node validate roc_auc, 0.8834
2025-10-02 05:43:27,485 - root - INFO - test loss: 0.3821
2025-10-02 05:43:27,485 - root - INFO - test average_precision, 0.9001
2025-10-02 05:43:27,485 - root - INFO - best test average_precision: 0.9001
2025-10-02 05:43:27,486 - root - INFO - test roc_auc, 0.9117
2025-10-02 05:43:27,486 - root - INFO - new node test loss: 0.4370
2025-10-02 05:43:27,486 - root - INFO - new node test average_precision, 0.8846
2025-10-02 05:43:27,486 - root - INFO - new node test roc_auc, 0.8849
2025-10-02 05:43:27,486 - root - INFO - save model ./saved_models/JODIE/wikipedia/JODIE_time2vec_seed4/JODIE_time2vec_seed4.pkl
2025-10-02 05:43:47,064 - root - INFO - Epoch: 4, learning rate: 0.0001, train loss: 0.3637
2025-10-02 05:43:47,064 - root - INFO - train average_precision, 0.9145
2025-10-02 05:43:47,064 - root - INFO - train roc_auc, 0.9186
2025-10-02 05:43:47,065 - root - INFO - validate loss: 0.3543
2025-10-02 05:43:47,065 - root - INFO - validate average_precision, 0.9220
2025-10-02 05:43:47,065 - root - INFO - validate roc_auc, 0.9256
2025-10-02 05:43:47,065 - root - INFO - new node validate loss: 0.4293
2025-10-02 05:43:47,065 - root - INFO - new node validate average_precision, 0.8888
2025-10-02 05:43:47,065 - root - INFO - new node validate roc_auc, 0.8812
2025-10-02 05:43:51,828 - root - INFO - test loss: 0.3724
2025-10-02 05:43:51,828 - root - INFO - test average_precision, 0.9101
2025-10-02 05:43:51,828 - root - INFO - best test average_precision: 0.9101
2025-10-02 05:43:51,828 - root - INFO - test roc_auc, 0.9182
2025-10-02 05:43:51,828 - root - INFO - new node test loss: 0.4388
2025-10-02 05:43:51,828 - root - INFO - new node test average_precision, 0.8841
2025-10-02 05:43:51,828 - root - INFO - new node test roc_auc, 0.8843
2025-10-02 05:43:51,828 - root - INFO - save model ./saved_models/JODIE/wikipedia/JODIE_time2vec_seed4/JODIE_time2vec_seed4.pkl
2025-10-02 05:44:11,410 - root - INFO - Epoch: 5, learning rate: 0.0001, train loss: 0.3522
2025-10-02 05:44:11,411 - root - INFO - train average_precision, 0.9214
2025-10-02 05:44:11,411 - root - INFO - train roc_auc, 0.9241
2025-10-02 05:44:11,411 - root - INFO - validate loss: 0.3485
2025-10-02 05:44:11,411 - root - INFO - validate average_precision, 0.9230
2025-10-02 05:44:11,411 - root - INFO - validate roc_auc, 0.9270
2025-10-02 05:44:11,411 - root - INFO - new node validate loss: 0.4074
2025-10-02 05:44:11,411 - root - INFO - new node validate average_precision, 0.8979
2025-10-02 05:44:11,411 - root - INFO - new node validate roc_auc, 0.8921
2025-10-02 05:44:16,125 - root - INFO - test loss: 0.3825
2025-10-02 05:44:16,125 - root - INFO - test average_precision, 0.9082
2025-10-02 05:44:16,125 - root - INFO - best test average_precision: 0.9101
2025-10-02 05:44:16,125 - root - INFO - test roc_auc, 0.9144
2025-10-02 05:44:16,125 - root - INFO - new node test loss: 0.4397
2025-10-02 05:44:16,125 - root - INFO - new node test average_precision, 0.8881
2025-10-02 05:44:16,125 - root - INFO - new node test roc_auc, 0.8858
2025-10-02 05:44:16,125 - root - INFO - save model ./saved_models/JODIE/wikipedia/JODIE_time2vec_seed4/JODIE_time2vec_seed4.pkl
2025-10-02 05:44:35,645 - root - INFO - Epoch: 6, learning rate: 0.0001, train loss: 0.3438
2025-10-02 05:44:35,645 - root - INFO - train average_precision, 0.9260
2025-10-02 05:44:35,645 - root - INFO - train roc_auc, 0.9272
2025-10-02 05:44:35,645 - root - INFO - validate loss: 0.3390
2025-10-02 05:44:35,645 - root - INFO - validate average_precision, 0.9303
2025-10-02 05:44:35,645 - root - INFO - validate roc_auc, 0.9307
2025-10-02 05:44:35,646 - root - INFO - new node validate loss: 0.4051
2025-10-02 05:44:35,646 - root - INFO - new node validate average_precision, 0.9002
2025-10-02 05:44:35,646 - root - INFO - new node validate roc_auc, 0.8924
2025-10-02 05:44:40,381 - root - INFO - test loss: 0.3669
2025-10-02 05:44:40,381 - root - INFO - test average_precision, 0.9167
2025-10-02 05:44:40,381 - root - INFO - best test average_precision: 0.9167
2025-10-02 05:44:40,381 - root - INFO - test roc_auc, 0.9202
2025-10-02 05:44:40,381 - root - INFO - new node test loss: 0.4217
2025-10-02 05:44:40,381 - root - INFO - new node test average_precision, 0.8958
2025-10-02 05:44:40,381 - root - INFO - new node test roc_auc, 0.8926
2025-10-02 05:44:40,381 - root - INFO - save model ./saved_models/JODIE/wikipedia/JODIE_time2vec_seed4/JODIE_time2vec_seed4.pkl
2025-10-02 05:44:59,782 - root - INFO - Epoch: 7, learning rate: 0.0001, train loss: 0.3324
2025-10-02 05:44:59,782 - root - INFO - train average_precision, 0.9320
2025-10-02 05:44:59,782 - root - INFO - train roc_auc, 0.9318
2025-10-02 05:44:59,782 - root - INFO - validate loss: 0.3316
2025-10-02 05:44:59,782 - root - INFO - validate average_precision, 0.9345
2025-10-02 05:44:59,783 - root - INFO - validate roc_auc, 0.9339
2025-10-02 05:44:59,783 - root - INFO - new node validate loss: 0.4014
2025-10-02 05:44:59,783 - root - INFO - new node validate average_precision, 0.9032
2025-10-02 05:44:59,783 - root - INFO - new node validate roc_auc, 0.8950
2025-10-02 05:45:04,484 - root - INFO - test loss: 0.3492
2025-10-02 05:45:04,484 - root - INFO - test average_precision, 0.9244
2025-10-02 05:45:04,484 - root - INFO - best test average_precision: 0.9244
2025-10-02 05:45:04,484 - root - INFO - test roc_auc, 0.9279
2025-10-02 05:45:04,484 - root - INFO - new node test loss: 0.4030
2025-10-02 05:45:04,484 - root - INFO - new node test average_precision, 0.9051
2025-10-02 05:45:04,484 - root - INFO - new node test roc_auc, 0.9014
2025-10-02 05:45:04,484 - root - INFO - save model ./saved_models/JODIE/wikipedia/JODIE_time2vec_seed4/JODIE_time2vec_seed4.pkl
2025-10-02 05:45:24,060 - root - INFO - Epoch: 8, learning rate: 0.0001, train loss: 0.3234
2025-10-02 05:45:24,060 - root - INFO - train average_precision, 0.9357
2025-10-02 05:45:24,060 - root - INFO - train roc_auc, 0.9353
2025-10-02 05:45:24,060 - root - INFO - validate loss: 0.3119
2025-10-02 05:45:24,060 - root - INFO - validate average_precision, 0.9439
2025-10-02 05:45:24,060 - root - INFO - validate roc_auc, 0.9415
2025-10-02 05:45:24,060 - root - INFO - new node validate loss: 0.3942
2025-10-02 05:45:24,060 - root - INFO - new node validate average_precision, 0.9081
2025-10-02 05:45:24,060 - root - INFO - new node validate roc_auc, 0.8989
2025-10-02 05:45:28,799 - root - INFO - test loss: 0.3223
2025-10-02 05:45:28,799 - root - INFO - test average_precision, 0.9381
2025-10-02 05:45:28,799 - root - INFO - best test average_precision: 0.9381
2025-10-02 05:45:28,799 - root - INFO - test roc_auc, 0.9389
2025-10-02 05:45:28,799 - root - INFO - new node test loss: 0.3862
2025-10-02 05:45:28,799 - root - INFO - new node test average_precision, 0.9158
2025-10-02 05:45:28,799 - root - INFO - new node test roc_auc, 0.9097
2025-10-02 05:45:28,800 - root - INFO - save model ./saved_models/JODIE/wikipedia/JODIE_time2vec_seed4/JODIE_time2vec_seed4.pkl
2025-10-02 05:45:48,357 - root - INFO - Epoch: 9, learning rate: 0.0001, train loss: 0.3154
2025-10-02 05:45:48,357 - root - INFO - train average_precision, 0.9382
2025-10-02 05:45:48,357 - root - INFO - train roc_auc, 0.9380
2025-10-02 05:45:48,357 - root - INFO - validate loss: 0.3066
2025-10-02 05:45:48,357 - root - INFO - validate average_precision, 0.9448
2025-10-02 05:45:48,357 - root - INFO - validate roc_auc, 0.9427
2025-10-02 05:45:48,357 - root - INFO - new node validate loss: 0.3766
2025-10-02 05:45:48,357 - root - INFO - new node validate average_precision, 0.9132
2025-10-02 05:45:48,357 - root - INFO - new node validate roc_auc, 0.9046
2025-10-02 05:45:53,116 - root - INFO - test loss: 0.3250
2025-10-02 05:45:53,116 - root - INFO - test average_precision, 0.9359
2025-10-02 05:45:53,116 - root - INFO - best test average_precision: 0.9381
2025-10-02 05:45:53,116 - root - INFO - test roc_auc, 0.9361
2025-10-02 05:45:53,116 - root - INFO - new node test loss: 0.3806
2025-10-02 05:45:53,116 - root - INFO - new node test average_precision, 0.9148
2025-10-02 05:45:53,116 - root - INFO - new node test roc_auc, 0.9093
2025-10-02 05:45:53,116 - root - INFO - save model ./saved_models/JODIE/wikipedia/JODIE_time2vec_seed4/JODIE_time2vec_seed4.pkl
2025-10-02 05:46:12,719 - root - INFO - Epoch: 10, learning rate: 0.0001, train loss: 0.3088
2025-10-02 05:46:12,719 - root - INFO - train average_precision, 0.9411
2025-10-02 05:46:12,719 - root - INFO - train roc_auc, 0.9402
2025-10-02 05:46:12,719 - root - INFO - validate loss: 0.2980
2025-10-02 05:46:12,719 - root - INFO - validate average_precision, 0.9484
2025-10-02 05:46:12,719 - root - INFO - validate roc_auc, 0.9461
2025-10-02 05:46:12,719 - root - INFO - new node validate loss: 0.3758
2025-10-02 05:46:12,720 - root - INFO - new node validate average_precision, 0.9156
2025-10-02 05:46:12,720 - root - INFO - new node validate roc_auc, 0.9059
2025-10-02 05:46:17,444 - root - INFO - test loss: 0.3106
2025-10-02 05:46:17,444 - root - INFO - test average_precision, 0.9419
2025-10-02 05:46:17,444 - root - INFO - best test average_precision: 0.9419
2025-10-02 05:46:17,444 - root - INFO - test roc_auc, 0.9422
2025-10-02 05:46:17,444 - root - INFO - new node test loss: 0.3730
2025-10-02 05:46:17,444 - root - INFO - new node test average_precision, 0.9204
2025-10-02 05:46:17,444 - root - INFO - new node test roc_auc, 0.9146
2025-10-02 05:46:17,444 - root - INFO - save model ./saved_models/JODIE/wikipedia/JODIE_time2vec_seed4/JODIE_time2vec_seed4.pkl
2025-10-02 05:46:36,962 - root - INFO - Epoch: 11, learning rate: 0.0001, train loss: 0.3003
2025-10-02 05:46:36,962 - root - INFO - train average_precision, 0.9437
2025-10-02 05:46:36,963 - root - INFO - train roc_auc, 0.9431
2025-10-02 05:46:36,963 - root - INFO - validate loss: 0.2901
2025-10-02 05:46:36,963 - root - INFO - validate average_precision, 0.9507
2025-10-02 05:46:36,963 - root - INFO - validate roc_auc, 0.9483
2025-10-02 05:46:36,963 - root - INFO - new node validate loss: 0.3682
2025-10-02 05:46:36,963 - root - INFO - new node validate average_precision, 0.9184
2025-10-02 05:46:36,963 - root - INFO - new node validate roc_auc, 0.9091
2025-10-02 05:46:41,673 - root - INFO - test loss: 0.3036
2025-10-02 05:46:41,673 - root - INFO - test average_precision, 0.9448
2025-10-02 05:46:41,673 - root - INFO - best test average_precision: 0.9448
2025-10-02 05:46:41,673 - root - INFO - test roc_auc, 0.9440
2025-10-02 05:46:41,673 - root - INFO - new node test loss: 0.3575
2025-10-02 05:46:41,673 - root - INFO - new node test average_precision, 0.9262
2025-10-02 05:46:41,673 - root - INFO - new node test roc_auc, 0.9208
2025-10-02 05:46:41,674 - root - INFO - save model ./saved_models/JODIE/wikipedia/JODIE_time2vec_seed4/JODIE_time2vec_seed4.pkl
2025-10-02 05:47:01,060 - root - INFO - Epoch: 12, learning rate: 0.0001, train loss: 0.2933
2025-10-02 05:47:01,060 - root - INFO - train average_precision, 0.9457
2025-10-02 05:47:01,060 - root - INFO - train roc_auc, 0.9452
2025-10-02 05:47:01,060 - root - INFO - validate loss: 0.2964
2025-10-02 05:47:01,060 - root - INFO - validate average_precision, 0.9486
2025-10-02 05:47:01,060 - root - INFO - validate roc_auc, 0.9462
2025-10-02 05:47:01,060 - root - INFO - new node validate loss: 0.3709
2025-10-02 05:47:01,060 - root - INFO - new node validate average_precision, 0.9172
2025-10-02 05:47:01,060 - root - INFO - new node validate roc_auc, 0.9071
2025-10-02 05:47:05,784 - root - INFO - test loss: 0.3116
2025-10-02 05:47:05,785 - root - INFO - test average_precision, 0.9418
2025-10-02 05:47:05,785 - root - INFO - best test average_precision: 0.9448
2025-10-02 05:47:05,785 - root - INFO - test roc_auc, 0.9417
2025-10-02 05:47:05,785 - root - INFO - new node test loss: 0.3696
2025-10-02 05:47:05,785 - root - INFO - new node test average_precision, 0.9201
2025-10-02 05:47:05,785 - root - INFO - new node test roc_auc, 0.9144
2025-10-02 05:47:24,147 - root - INFO - Epoch: 13, learning rate: 0.0001, train loss: 0.2888
2025-10-02 05:47:24,147 - root - INFO - train average_precision, 0.9480
2025-10-02 05:47:24,147 - root - INFO - train roc_auc, 0.9470
2025-10-02 05:47:24,147 - root - INFO - validate loss: 0.2888
2025-10-02 05:47:24,147 - root - INFO - validate average_precision, 0.9509
2025-10-02 05:47:24,147 - root - INFO - validate roc_auc, 0.9488
2025-10-02 05:47:24,147 - root - INFO - new node validate loss: 0.3677
2025-10-02 05:47:24,147 - root - INFO - new node validate average_precision, 0.9189
2025-10-02 05:47:24,147 - root - INFO - new node validate roc_auc, 0.9099
2025-10-02 05:47:28,890 - root - INFO - test loss: 0.3048
2025-10-02 05:47:28,890 - root - INFO - test average_precision, 0.9445
2025-10-02 05:47:28,890 - root - INFO - best test average_precision: 0.9448
2025-10-02 05:47:28,890 - root - INFO - test roc_auc, 0.9440
2025-10-02 05:47:28,890 - root - INFO - new node test loss: 0.3560
2025-10-02 05:47:28,890 - root - INFO - new node test average_precision, 0.9272
2025-10-02 05:47:28,890 - root - INFO - new node test roc_auc, 0.9214
2025-10-02 05:47:28,891 - root - INFO - save model ./saved_models/JODIE/wikipedia/JODIE_time2vec_seed4/JODIE_time2vec_seed4.pkl
2025-10-02 05:47:48,394 - root - INFO - Epoch: 14, learning rate: 0.0001, train loss: 0.2893
2025-10-02 05:47:48,394 - root - INFO - train average_precision, 0.9484
2025-10-02 05:47:48,394 - root - INFO - train roc_auc, 0.9471
2025-10-02 05:47:48,394 - root - INFO - validate loss: 0.2875
2025-10-02 05:47:48,395 - root - INFO - validate average_precision, 0.9524
2025-10-02 05:47:48,395 - root - INFO - validate roc_auc, 0.9497
2025-10-02 05:47:48,395 - root - INFO - new node validate loss: 0.3740
2025-10-02 05:47:48,395 - root - INFO - new node validate average_precision, 0.9180
2025-10-02 05:47:48,395 - root - INFO - new node validate roc_auc, 0.9078
2025-10-02 05:47:53,139 - root - INFO - test loss: 0.2914
2025-10-02 05:47:53,139 - root - INFO - test average_precision, 0.9492
2025-10-02 05:47:53,139 - root - INFO - best test average_precision: 0.9492
2025-10-02 05:47:53,139 - root - INFO - test roc_auc, 0.9483
2025-10-02 05:47:53,139 - root - INFO - new node test loss: 0.3570
2025-10-02 05:47:53,139 - root - INFO - new node test average_precision, 0.9270
2025-10-02 05:47:53,140 - root - INFO - new node test roc_auc, 0.9209
2025-10-02 05:47:53,140 - root - INFO - save model ./saved_models/JODIE/wikipedia/JODIE_time2vec_seed4/JODIE_time2vec_seed4.pkl
2025-10-02 05:48:12,663 - root - INFO - Epoch: 15, learning rate: 0.0001, train loss: 0.2870
2025-10-02 05:48:12,664 - root - INFO - train average_precision, 0.9493
2025-10-02 05:48:12,664 - root - INFO - train roc_auc, 0.9478
2025-10-02 05:48:12,664 - root - INFO - validate loss: 0.2827
2025-10-02 05:48:12,664 - root - INFO - validate average_precision, 0.9547
2025-10-02 05:48:12,664 - root - INFO - validate roc_auc, 0.9507
2025-10-02 05:48:12,664 - root - INFO - new node validate loss: 0.3737
2025-10-02 05:48:12,664 - root - INFO - new node validate average_precision, 0.9187
2025-10-02 05:48:12,664 - root - INFO - new node validate roc_auc, 0.9082
2025-10-02 05:48:17,393 - root - INFO - test loss: 0.2833
2025-10-02 05:48:17,394 - root - INFO - test average_precision, 0.9537
2025-10-02 05:48:17,394 - root - INFO - best test average_precision: 0.9537
2025-10-02 05:48:17,394 - root - INFO - test roc_auc, 0.9516
2025-10-02 05:48:17,394 - root - INFO - new node test loss: 0.3521
2025-10-02 05:48:17,394 - root - INFO - new node test average_precision, 0.9293
2025-10-02 05:48:17,394 - root - INFO - new node test roc_auc, 0.9228
2025-10-02 05:48:17,394 - root - INFO - save model ./saved_models/JODIE/wikipedia/JODIE_time2vec_seed4/JODIE_time2vec_seed4.pkl
2025-10-02 05:48:36,870 - root - INFO - Epoch: 16, learning rate: 0.0001, train loss: 0.2821
2025-10-02 05:48:36,870 - root - INFO - train average_precision, 0.9519
2025-10-02 05:48:36,870 - root - INFO - train roc_auc, 0.9499
2025-10-02 05:48:36,870 - root - INFO - validate loss: 0.2830
2025-10-02 05:48:36,870 - root - INFO - validate average_precision, 0.9546
2025-10-02 05:48:36,870 - root - INFO - validate roc_auc, 0.9510
2025-10-02 05:48:36,870 - root - INFO - new node validate loss: 0.3727
2025-10-02 05:48:36,870 - root - INFO - new node validate average_precision, 0.9204
2025-10-02 05:48:36,870 - root - INFO - new node validate roc_auc, 0.9091
2025-10-02 05:48:41,581 - root - INFO - test loss: 0.2942
2025-10-02 05:48:41,582 - root - INFO - test average_precision, 0.9513
2025-10-02 05:48:41,582 - root - INFO - best test average_precision: 0.9537
2025-10-02 05:48:41,582 - root - INFO - test roc_auc, 0.9491
2025-10-02 05:48:41,582 - root - INFO - new node test loss: 0.3546
2025-10-02 05:48:41,582 - root - INFO - new node test average_precision, 0.9289
2025-10-02 05:48:41,582 - root - INFO - new node test roc_auc, 0.9222
2025-10-02 05:48:59,962 - root - INFO - Epoch: 17, learning rate: 0.0001, train loss: 0.2802
2025-10-02 05:48:59,962 - root - INFO - train average_precision, 0.9514
2025-10-02 05:48:59,962 - root - INFO - train roc_auc, 0.9503
2025-10-02 05:48:59,962 - root - INFO - validate loss: 0.2912
2025-10-02 05:48:59,962 - root - INFO - validate average_precision, 0.9527
2025-10-02 05:48:59,962 - root - INFO - validate roc_auc, 0.9487
2025-10-02 05:48:59,962 - root - INFO - new node validate loss: 0.3670
2025-10-02 05:48:59,962 - root - INFO - new node validate average_precision, 0.9221
2025-10-02 05:48:59,962 - root - INFO - new node validate roc_auc, 0.9117
2025-10-02 05:49:04,703 - root - INFO - test loss: 0.2956
2025-10-02 05:49:04,703 - root - INFO - test average_precision, 0.9511
2025-10-02 05:49:04,703 - root - INFO - best test average_precision: 0.9537
2025-10-02 05:49:04,703 - root - INFO - test roc_auc, 0.9489
2025-10-02 05:49:04,703 - root - INFO - new node test loss: 0.3564
2025-10-02 05:49:04,703 - root - INFO - new node test average_precision, 0.9292
2025-10-02 05:49:04,703 - root - INFO - new node test roc_auc, 0.9218
2025-10-02 05:49:23,071 - root - INFO - Epoch: 18, learning rate: 0.0001, train loss: 0.2800
2025-10-02 05:49:23,072 - root - INFO - train average_precision, 0.9517
2025-10-02 05:49:23,072 - root - INFO - train roc_auc, 0.9501
2025-10-02 05:49:23,072 - root - INFO - validate loss: 0.2783
2025-10-02 05:49:23,072 - root - INFO - validate average_precision, 0.9574
2025-10-02 05:49:23,072 - root - INFO - validate roc_auc, 0.9531
2025-10-02 05:49:23,072 - root - INFO - new node validate loss: 0.3664
2025-10-02 05:49:23,072 - root - INFO - new node validate average_precision, 0.9230
2025-10-02 05:49:23,072 - root - INFO - new node validate roc_auc, 0.9116
2025-10-02 05:49:27,796 - root - INFO - test loss: 0.2764
2025-10-02 05:49:27,797 - root - INFO - test average_precision, 0.9569
2025-10-02 05:49:27,797 - root - INFO - best test average_precision: 0.9569
2025-10-02 05:49:27,797 - root - INFO - test roc_auc, 0.9547
2025-10-02 05:49:27,797 - root - INFO - new node test loss: 0.3441
2025-10-02 05:49:27,797 - root - INFO - new node test average_precision, 0.9337
2025-10-02 05:49:27,797 - root - INFO - new node test roc_auc, 0.9265
2025-10-02 05:49:27,797 - root - INFO - save model ./saved_models/JODIE/wikipedia/JODIE_time2vec_seed4/JODIE_time2vec_seed4.pkl
2025-10-02 05:49:47,271 - root - INFO - Epoch: 19, learning rate: 0.0001, train loss: 0.2666
2025-10-02 05:49:47,271 - root - INFO - train average_precision, 0.9554
2025-10-02 05:49:47,271 - root - INFO - train roc_auc, 0.9543
2025-10-02 05:49:47,272 - root - INFO - validate loss: 0.2695
2025-10-02 05:49:47,272 - root - INFO - validate average_precision, 0.9596
2025-10-02 05:49:47,272 - root - INFO - validate roc_auc, 0.9559
2025-10-02 05:49:47,272 - root - INFO - new node validate loss: 0.3667
2025-10-02 05:49:47,272 - root - INFO - new node validate average_precision, 0.9225
2025-10-02 05:49:47,272 - root - INFO - new node validate roc_auc, 0.9121
2025-10-02 05:49:51,981 - root - INFO - test loss: 0.2728
2025-10-02 05:49:51,982 - root - INFO - test average_precision, 0.9583
2025-10-02 05:49:51,982 - root - INFO - best test average_precision: 0.9583
2025-10-02 05:49:51,982 - root - INFO - test roc_auc, 0.9560
2025-10-02 05:49:51,982 - root - INFO - new node test loss: 0.3366
2025-10-02 05:49:51,982 - root - INFO - new node test average_precision, 0.9377
2025-10-02 05:49:51,982 - root - INFO - new node test roc_auc, 0.9305
2025-10-02 05:49:51,982 - root - INFO - save model ./saved_models/JODIE/wikipedia/JODIE_time2vec_seed4/JODIE_time2vec_seed4.pkl
2025-10-02 05:50:11,518 - root - INFO - Epoch: 20, learning rate: 0.0001, train loss: 0.2626
2025-10-02 05:50:11,518 - root - INFO - train average_precision, 0.9571
2025-10-02 05:50:11,518 - root - INFO - train roc_auc, 0.9557
2025-10-02 05:50:11,518 - root - INFO - validate loss: 0.2655
2025-10-02 05:50:11,518 - root - INFO - validate average_precision, 0.9606
2025-10-02 05:50:11,518 - root - INFO - validate roc_auc, 0.9570
2025-10-02 05:50:11,518 - root - INFO - new node validate loss: 0.3627
2025-10-02 05:50:11,519 - root - INFO - new node validate average_precision, 0.9237
2025-10-02 05:50:11,519 - root - INFO - new node validate roc_auc, 0.9135
2025-10-02 05:50:16,213 - root - INFO - test loss: 0.2692
2025-10-02 05:50:16,213 - root - INFO - test average_precision, 0.9583
2025-10-02 05:50:16,213 - root - INFO - best test average_precision: 0.9583
2025-10-02 05:50:16,213 - root - INFO - test roc_auc, 0.9565
2025-10-02 05:50:16,213 - root - INFO - new node test loss: 0.3345
2025-10-02 05:50:16,213 - root - INFO - new node test average_precision, 0.9366
2025-10-02 05:50:16,213 - root - INFO - new node test roc_auc, 0.9308
2025-10-02 05:50:16,213 - root - INFO - save model ./saved_models/JODIE/wikipedia/JODIE_time2vec_seed4/JODIE_time2vec_seed4.pkl
2025-10-02 05:50:35,538 - root - INFO - Epoch: 21, learning rate: 0.0001, train loss: 0.2614
2025-10-02 05:50:35,539 - root - INFO - train average_precision, 0.9571
2025-10-02 05:50:35,539 - root - INFO - train roc_auc, 0.9560
2025-10-02 05:50:35,539 - root - INFO - validate loss: 0.2674
2025-10-02 05:50:35,539 - root - INFO - validate average_precision, 0.9606
2025-10-02 05:50:35,539 - root - INFO - validate roc_auc, 0.9569
2025-10-02 05:50:35,539 - root - INFO - new node validate loss: 0.3643
2025-10-02 05:50:35,539 - root - INFO - new node validate average_precision, 0.9239
2025-10-02 05:50:35,539 - root - INFO - new node validate roc_auc, 0.9135
2025-10-02 05:50:40,235 - root - INFO - test loss: 0.2756
2025-10-02 05:50:40,235 - root - INFO - test average_precision, 0.9580
2025-10-02 05:50:40,235 - root - INFO - best test average_precision: 0.9583
2025-10-02 05:50:40,235 - root - INFO - test roc_auc, 0.9552
2025-10-02 05:50:40,235 - root - INFO - new node test loss: 0.3395
2025-10-02 05:50:40,235 - root - INFO - new node test average_precision, 0.9370
2025-10-02 05:50:40,235 - root - INFO - new node test roc_auc, 0.9304
2025-10-02 05:50:58,638 - root - INFO - Epoch: 22, learning rate: 0.0001, train loss: 0.2565
2025-10-02 05:50:58,638 - root - INFO - train average_precision, 0.9584
2025-10-02 05:50:58,638 - root - INFO - train roc_auc, 0.9574
2025-10-02 05:50:58,638 - root - INFO - validate loss: 0.2709
2025-10-02 05:50:58,638 - root - INFO - validate average_precision, 0.9598
2025-10-02 05:50:58,638 - root - INFO - validate roc_auc, 0.9561
2025-10-02 05:50:58,638 - root - INFO - new node validate loss: 0.3704
2025-10-02 05:50:58,638 - root - INFO - new node validate average_precision, 0.9242
2025-10-02 05:50:58,638 - root - INFO - new node validate roc_auc, 0.9128
2025-10-02 05:51:03,370 - root - INFO - test loss: 0.2792
2025-10-02 05:51:03,370 - root - INFO - test average_precision, 0.9564
2025-10-02 05:51:03,370 - root - INFO - best test average_precision: 0.9583
2025-10-02 05:51:03,370 - root - INFO - test roc_auc, 0.9545
2025-10-02 05:51:03,370 - root - INFO - new node test loss: 0.3442
2025-10-02 05:51:03,370 - root - INFO - new node test average_precision, 0.9344
2025-10-02 05:51:03,370 - root - INFO - new node test roc_auc, 0.9277
2025-10-02 05:51:21,658 - root - INFO - Epoch: 23, learning rate: 0.0001, train loss: 0.2550
2025-10-02 05:51:21,658 - root - INFO - train average_precision, 0.9587
2025-10-02 05:51:21,658 - root - INFO - train roc_auc, 0.9578
2025-10-02 05:51:21,658 - root - INFO - validate loss: 0.2650
2025-10-02 05:51:21,658 - root - INFO - validate average_precision, 0.9610
2025-10-02 05:51:21,658 - root - INFO - validate roc_auc, 0.9575
2025-10-02 05:51:21,658 - root - INFO - new node validate loss: 0.3601
2025-10-02 05:51:21,658 - root - INFO - new node validate average_precision, 0.9256
2025-10-02 05:51:21,658 - root - INFO - new node validate roc_auc, 0.9151
2025-10-02 05:51:26,376 - root - INFO - test loss: 0.2674
2025-10-02 05:51:26,376 - root - INFO - test average_precision, 0.9603
2025-10-02 05:51:26,376 - root - INFO - best test average_precision: 0.9603
2025-10-02 05:51:26,376 - root - INFO - test roc_auc, 0.9578
2025-10-02 05:51:26,376 - root - INFO - new node test loss: 0.3348
2025-10-02 05:51:26,376 - root - INFO - new node test average_precision, 0.9376
2025-10-02 05:51:26,376 - root - INFO - new node test roc_auc, 0.9304
2025-10-02 05:51:26,376 - root - INFO - save model ./saved_models/JODIE/wikipedia/JODIE_time2vec_seed4/JODIE_time2vec_seed4.pkl
2025-10-02 05:51:45,985 - root - INFO - Epoch: 24, learning rate: 0.0001, train loss: 0.2499
2025-10-02 05:51:45,985 - root - INFO - train average_precision, 0.9602
2025-10-02 05:51:45,985 - root - INFO - train roc_auc, 0.9592
2025-10-02 05:51:45,985 - root - INFO - validate loss: 0.2699
2025-10-02 05:51:45,985 - root - INFO - validate average_precision, 0.9604
2025-10-02 05:51:45,985 - root - INFO - validate roc_auc, 0.9572
2025-10-02 05:51:45,985 - root - INFO - new node validate loss: 0.3634
2025-10-02 05:51:45,985 - root - INFO - new node validate average_precision, 0.9264
2025-10-02 05:51:45,985 - root - INFO - new node validate roc_auc, 0.9167
2025-10-02 05:51:50,720 - root - INFO - test loss: 0.2873
2025-10-02 05:51:50,720 - root - INFO - test average_precision, 0.9553
2025-10-02 05:51:50,720 - root - INFO - best test average_precision: 0.9603
2025-10-02 05:51:50,720 - root - INFO - test roc_auc, 0.9530
2025-10-02 05:51:50,721 - root - INFO - new node test loss: 0.3642
2025-10-02 05:51:50,721 - root - INFO - new node test average_precision, 0.9296
2025-10-02 05:51:50,721 - root - INFO - new node test roc_auc, 0.9221
2025-10-02 05:52:09,129 - root - INFO - Epoch: 25, learning rate: 0.0001, train loss: 0.2505
2025-10-02 05:52:09,129 - root - INFO - train average_precision, 0.9598
2025-10-02 05:52:09,129 - root - INFO - train roc_auc, 0.9590
2025-10-02 05:52:09,129 - root - INFO - validate loss: 0.2662
2025-10-02 05:52:09,129 - root - INFO - validate average_precision, 0.9607
2025-10-02 05:52:09,129 - root - INFO - validate roc_auc, 0.9575
2025-10-02 05:52:09,129 - root - INFO - new node validate loss: 0.3608
2025-10-02 05:52:09,130 - root - INFO - new node validate average_precision, 0.9256
2025-10-02 05:52:09,130 - root - INFO - new node validate roc_auc, 0.9162
2025-10-02 05:52:13,848 - root - INFO - test loss: 0.2792
2025-10-02 05:52:13,848 - root - INFO - test average_precision, 0.9574
2025-10-02 05:52:13,848 - root - INFO - best test average_precision: 0.9603
2025-10-02 05:52:13,848 - root - INFO - test roc_auc, 0.9552
2025-10-02 05:52:13,848 - root - INFO - new node test loss: 0.3486
2025-10-02 05:52:13,848 - root - INFO - new node test average_precision, 0.9340
2025-10-02 05:52:13,848 - root - INFO - new node test roc_auc, 0.9266
2025-10-02 05:52:32,279 - root - INFO - Epoch: 26, learning rate: 0.0001, train loss: 0.2483
2025-10-02 05:52:32,280 - root - INFO - train average_precision, 0.9606
2025-10-02 05:52:32,280 - root - INFO - train roc_auc, 0.9595
2025-10-02 05:52:32,280 - root - INFO - validate loss: 0.2666
2025-10-02 05:52:32,280 - root - INFO - validate average_precision, 0.9609
2025-10-02 05:52:32,280 - root - INFO - validate roc_auc, 0.9576
2025-10-02 05:52:32,280 - root - INFO - new node validate loss: 0.3658
2025-10-02 05:52:32,280 - root - INFO - new node validate average_precision, 0.9250
2025-10-02 05:52:32,280 - root - INFO - new node validate roc_auc, 0.9147
2025-10-02 05:52:37,027 - root - INFO - test loss: 0.2722
2025-10-02 05:52:37,027 - root - INFO - test average_precision, 0.9594
2025-10-02 05:52:37,027 - root - INFO - best test average_precision: 0.9603
2025-10-02 05:52:37,027 - root - INFO - test roc_auc, 0.9571
2025-10-02 05:52:37,027 - root - INFO - new node test loss: 0.3442
2025-10-02 05:52:37,027 - root - INFO - new node test average_precision, 0.9368
2025-10-02 05:52:37,027 - root - INFO - new node test roc_auc, 0.9292
2025-10-02 05:52:55,390 - root - INFO - Epoch: 27, learning rate: 0.0001, train loss: 0.2451
2025-10-02 05:52:55,390 - root - INFO - train average_precision, 0.9615
2025-10-02 05:52:55,390 - root - INFO - train roc_auc, 0.9607
2025-10-02 05:52:55,391 - root - INFO - validate loss: 0.2590
2025-10-02 05:52:55,391 - root - INFO - validate average_precision, 0.9632
2025-10-02 05:52:55,391 - root - INFO - validate roc_auc, 0.9598
2025-10-02 05:52:55,391 - root - INFO - new node validate loss: 0.3586
2025-10-02 05:52:55,391 - root - INFO - new node validate average_precision, 0.9262
2025-10-02 05:52:55,391 - root - INFO - new node validate roc_auc, 0.9166
2025-10-02 05:53:00,095 - root - INFO - test loss: 0.2667
2025-10-02 05:53:00,096 - root - INFO - test average_precision, 0.9607
2025-10-02 05:53:00,096 - root - INFO - best test average_precision: 0.9607
2025-10-02 05:53:00,096 - root - INFO - test roc_auc, 0.9587
2025-10-02 05:53:00,096 - root - INFO - new node test loss: 0.3338
2025-10-02 05:53:00,096 - root - INFO - new node test average_precision, 0.9391
2025-10-02 05:53:00,096 - root - INFO - new node test roc_auc, 0.9330
2025-10-02 05:53:00,096 - root - INFO - save model ./saved_models/JODIE/wikipedia/JODIE_time2vec_seed4/JODIE_time2vec_seed4.pkl
2025-10-02 05:53:19,762 - root - INFO - Epoch: 28, learning rate: 0.0001, train loss: 0.2425
2025-10-02 05:53:19,763 - root - INFO - train average_precision, 0.9620
2025-10-02 05:53:19,763 - root - INFO - train roc_auc, 0.9614
2025-10-02 05:53:19,763 - root - INFO - validate loss: 0.2635
2025-10-02 05:53:19,763 - root - INFO - validate average_precision, 0.9612
2025-10-02 05:53:19,763 - root - INFO - validate roc_auc, 0.9583
2025-10-02 05:53:19,763 - root - INFO - new node validate loss: 0.3572
2025-10-02 05:53:19,763 - root - INFO - new node validate average_precision, 0.9260
2025-10-02 05:53:19,763 - root - INFO - new node validate roc_auc, 0.9166
2025-10-02 05:53:24,493 - root - INFO - test loss: 0.2772
2025-10-02 05:53:24,493 - root - INFO - test average_precision, 0.9568
2025-10-02 05:53:24,493 - root - INFO - best test average_precision: 0.9607
2025-10-02 05:53:24,494 - root - INFO - test roc_auc, 0.9547
2025-10-02 05:53:24,494 - root - INFO - new node test loss: 0.3428
2025-10-02 05:53:24,494 - root - INFO - new node test average_precision, 0.9351
2025-10-02 05:53:24,494 - root - INFO - new node test roc_auc, 0.9279
2025-10-02 05:53:42,891 - root - INFO - Epoch: 29, learning rate: 0.0001, train loss: 0.2403
2025-10-02 05:53:42,891 - root - INFO - train average_precision, 0.9626
2025-10-02 05:53:42,891 - root - INFO - train roc_auc, 0.9619
2025-10-02 05:53:42,891 - root - INFO - validate loss: 0.2570
2025-10-02 05:53:42,891 - root - INFO - validate average_precision, 0.9635
2025-10-02 05:53:42,891 - root - INFO - validate roc_auc, 0.9601
2025-10-02 05:53:42,891 - root - INFO - new node validate loss: 0.3492
2025-10-02 05:53:42,891 - root - INFO - new node validate average_precision, 0.9290
2025-10-02 05:53:42,891 - root - INFO - new node validate roc_auc, 0.9204
2025-10-02 05:53:47,612 - root - INFO - test loss: 0.2679
2025-10-02 05:53:47,612 - root - INFO - test average_precision, 0.9614
2025-10-02 05:53:47,612 - root - INFO - best test average_precision: 0.9614
2025-10-02 05:53:47,612 - root - INFO - test roc_auc, 0.9589
2025-10-02 05:53:47,612 - root - INFO - new node test loss: 0.3279
2025-10-02 05:53:47,612 - root - INFO - new node test average_precision, 0.9410
2025-10-02 05:53:47,612 - root - INFO - new node test roc_auc, 0.9353
2025-10-02 05:53:47,612 - root - INFO - save model ./saved_models/JODIE/wikipedia/JODIE_time2vec_seed4/JODIE_time2vec_seed4.pkl
2025-10-02 05:54:07,113 - root - INFO - Epoch: 30, learning rate: 0.0001, train loss: 0.2379
2025-10-02 05:54:07,113 - root - INFO - train average_precision, 0.9630
2025-10-02 05:54:07,113 - root - INFO - train roc_auc, 0.9626
2025-10-02 05:54:07,113 - root - INFO - validate loss: 0.2640
2025-10-02 05:54:07,113 - root - INFO - validate average_precision, 0.9620
2025-10-02 05:54:07,113 - root - INFO - validate roc_auc, 0.9589
2025-10-02 05:54:07,113 - root - INFO - new node validate loss: 0.3542
2025-10-02 05:54:07,113 - root - INFO - new node validate average_precision, 0.9280
2025-10-02 05:54:07,114 - root - INFO - new node validate roc_auc, 0.9197
2025-10-02 05:54:11,813 - root - INFO - test loss: 0.2797
2025-10-02 05:54:11,814 - root - INFO - test average_precision, 0.9573
2025-10-02 05:54:11,814 - root - INFO - best test average_precision: 0.9614
2025-10-02 05:54:11,814 - root - INFO - test roc_auc, 0.9548
2025-10-02 05:54:11,814 - root - INFO - new node test loss: 0.3533
2025-10-02 05:54:11,814 - root - INFO - new node test average_precision, 0.9355
2025-10-02 05:54:11,814 - root - INFO - new node test roc_auc, 0.9265
2025-10-02 05:54:30,255 - root - INFO - Epoch: 31, learning rate: 0.0001, train loss: 0.2401
2025-10-02 05:54:30,255 - root - INFO - train average_precision, 0.9626
2025-10-02 05:54:30,255 - root - INFO - train roc_auc, 0.9622
2025-10-02 05:54:30,255 - root - INFO - validate loss: 0.2629
2025-10-02 05:54:30,255 - root - INFO - validate average_precision, 0.9624
2025-10-02 05:54:30,256 - root - INFO - validate roc_auc, 0.9587
2025-10-02 05:54:30,256 - root - INFO - new node validate loss: 0.3496
2025-10-02 05:54:30,256 - root - INFO - new node validate average_precision, 0.9292
2025-10-02 05:54:30,256 - root - INFO - new node validate roc_auc, 0.9203
2025-10-02 05:54:34,956 - root - INFO - test loss: 0.2775
2025-10-02 05:54:34,956 - root - INFO - test average_precision, 0.9588
2025-10-02 05:54:34,956 - root - INFO - best test average_precision: 0.9614
2025-10-02 05:54:34,956 - root - INFO - test roc_auc, 0.9559
2025-10-02 05:54:34,956 - root - INFO - new node test loss: 0.3380
2025-10-02 05:54:34,956 - root - INFO - new node test average_precision, 0.9389
2025-10-02 05:54:34,956 - root - INFO - new node test roc_auc, 0.9315
2025-10-02 05:54:53,291 - root - INFO - Epoch: 32, learning rate: 0.0001, train loss: 0.2344
2025-10-02 05:54:53,291 - root - INFO - train average_precision, 0.9641
2025-10-02 05:54:53,291 - root - INFO - train roc_auc, 0.9636
2025-10-02 05:54:53,291 - root - INFO - validate loss: 0.2609
2025-10-02 05:54:53,291 - root - INFO - validate average_precision, 0.9631
2025-10-02 05:54:53,292 - root - INFO - validate roc_auc, 0.9596
2025-10-02 05:54:53,292 - root - INFO - new node validate loss: 0.3506
2025-10-02 05:54:53,292 - root - INFO - new node validate average_precision, 0.9295
2025-10-02 05:54:53,292 - root - INFO - new node validate roc_auc, 0.9211
2025-10-02 05:54:58,019 - root - INFO - test loss: 0.2629
2025-10-02 05:54:58,019 - root - INFO - test average_precision, 0.9625
2025-10-02 05:54:58,019 - root - INFO - best test average_precision: 0.9625
2025-10-02 05:54:58,019 - root - INFO - test roc_auc, 0.9603
2025-10-02 05:54:58,019 - root - INFO - new node test loss: 0.3287
2025-10-02 05:54:58,019 - root - INFO - new node test average_precision, 0.9412
2025-10-02 05:54:58,019 - root - INFO - new node test roc_auc, 0.9357
2025-10-02 05:55:16,376 - root - INFO - Epoch: 33, learning rate: 0.0001, train loss: 0.2338
2025-10-02 05:55:16,376 - root - INFO - train average_precision, 0.9644
2025-10-02 05:55:16,376 - root - INFO - train roc_auc, 0.9639
2025-10-02 05:55:16,376 - root - INFO - validate loss: 0.2630
2025-10-02 05:55:16,377 - root - INFO - validate average_precision, 0.9622
2025-10-02 05:55:16,377 - root - INFO - validate roc_auc, 0.9593
2025-10-02 05:55:16,377 - root - INFO - new node validate loss: 0.3467
2025-10-02 05:55:16,377 - root - INFO - new node validate average_precision, 0.9300
2025-10-02 05:55:16,377 - root - INFO - new node validate roc_auc, 0.9222
2025-10-02 05:55:21,107 - root - INFO - test loss: 0.2809
2025-10-02 05:55:21,108 - root - INFO - test average_precision, 0.9567
2025-10-02 05:55:21,108 - root - INFO - best test average_precision: 0.9625
2025-10-02 05:55:21,108 - root - INFO - test roc_auc, 0.9556
2025-10-02 05:55:21,108 - root - INFO - new node test loss: 0.3367
2025-10-02 05:55:21,108 - root - INFO - new node test average_precision, 0.9369
2025-10-02 05:55:21,108 - root - INFO - new node test roc_auc, 0.9329
2025-10-02 05:55:39,584 - root - INFO - Epoch: 34, learning rate: 0.0001, train loss: 0.2327
2025-10-02 05:55:39,584 - root - INFO - train average_precision, 0.9645
2025-10-02 05:55:39,585 - root - INFO - train roc_auc, 0.9642
2025-10-02 05:55:39,585 - root - INFO - validate loss: 0.2565
2025-10-02 05:55:39,585 - root - INFO - validate average_precision, 0.9642
2025-10-02 05:55:39,585 - root - INFO - validate roc_auc, 0.9611
2025-10-02 05:55:39,585 - root - INFO - new node validate loss: 0.3531
2025-10-02 05:55:39,585 - root - INFO - new node validate average_precision, 0.9298
2025-10-02 05:55:39,585 - root - INFO - new node validate roc_auc, 0.9208
2025-10-02 05:55:44,277 - root - INFO - test loss: 0.2692
2025-10-02 05:55:44,277 - root - INFO - test average_precision, 0.9607
2025-10-02 05:55:44,277 - root - INFO - best test average_precision: 0.9625
2025-10-02 05:55:44,277 - root - INFO - test roc_auc, 0.9583
2025-10-02 05:55:44,277 - root - INFO - new node test loss: 0.3384
2025-10-02 05:55:44,277 - root - INFO - new node test average_precision, 0.9397
2025-10-02 05:55:44,277 - root - INFO - new node test roc_auc, 0.9327
2025-10-02 05:55:44,277 - root - INFO - save model ./saved_models/JODIE/wikipedia/JODIE_time2vec_seed4/JODIE_time2vec_seed4.pkl
2025-10-02 05:56:03,777 - root - INFO - Epoch: 35, learning rate: 0.0001, train loss: 0.2317
2025-10-02 05:56:03,777 - root - INFO - train average_precision, 0.9647
2025-10-02 05:56:03,777 - root - INFO - train roc_auc, 0.9643
2025-10-02 05:56:03,777 - root - INFO - validate loss: 0.2643
2025-10-02 05:56:03,777 - root - INFO - validate average_precision, 0.9619
2025-10-02 05:56:03,777 - root - INFO - validate roc_auc, 0.9585
2025-10-02 05:56:03,777 - root - INFO - new node validate loss: 0.3480
2025-10-02 05:56:03,777 - root - INFO - new node validate average_precision, 0.9295
2025-10-02 05:56:03,777 - root - INFO - new node validate roc_auc, 0.9219
2025-10-02 05:56:08,513 - root - INFO - test loss: 0.2828
2025-10-02 05:56:08,513 - root - INFO - test average_precision, 0.9569
2025-10-02 05:56:08,513 - root - INFO - best test average_precision: 0.9625
2025-10-02 05:56:08,513 - root - INFO - test roc_auc, 0.9541
2025-10-02 05:56:08,513 - root - INFO - new node test loss: 0.3389
2025-10-02 05:56:08,513 - root - INFO - new node test average_precision, 0.9377
2025-10-02 05:56:08,513 - root - INFO - new node test roc_auc, 0.9319
2025-10-02 05:56:26,919 - root - INFO - Epoch: 36, learning rate: 0.0001, train loss: 0.2286
2025-10-02 05:56:26,920 - root - INFO - train average_precision, 0.9655
2025-10-02 05:56:26,920 - root - INFO - train roc_auc, 0.9651
2025-10-02 05:56:26,920 - root - INFO - validate loss: 0.2568
2025-10-02 05:56:26,920 - root - INFO - validate average_precision, 0.9647
2025-10-02 05:56:26,920 - root - INFO - validate roc_auc, 0.9614
2025-10-02 05:56:26,920 - root - INFO - new node validate loss: 0.3489
2025-10-02 05:56:26,920 - root - INFO - new node validate average_precision, 0.9302
2025-10-02 05:56:26,920 - root - INFO - new node validate roc_auc, 0.9228
2025-10-02 05:56:31,656 - root - INFO - test loss: 0.2647
2025-10-02 05:56:31,656 - root - INFO - test average_precision, 0.9618
2025-10-02 05:56:31,656 - root - INFO - best test average_precision: 0.9625
2025-10-02 05:56:31,656 - root - INFO - test roc_auc, 0.9594
2025-10-02 05:56:31,656 - root - INFO - new node test loss: 0.3238
2025-10-02 05:56:31,656 - root - INFO - new node test average_precision, 0.9438
2025-10-02 05:56:31,656 - root - INFO - new node test roc_auc, 0.9380
2025-10-02 05:56:31,657 - root - INFO - save model ./saved_models/JODIE/wikipedia/JODIE_time2vec_seed4/JODIE_time2vec_seed4.pkl
2025-10-02 05:56:51,231 - root - INFO - Epoch: 37, learning rate: 0.0001, train loss: 0.2276
2025-10-02 05:56:51,232 - root - INFO - train average_precision, 0.9656
2025-10-02 05:56:51,232 - root - INFO - train roc_auc, 0.9656
2025-10-02 05:56:51,232 - root - INFO - validate loss: 0.2551
2025-10-02 05:56:51,232 - root - INFO - validate average_precision, 0.9644
2025-10-02 05:56:51,232 - root - INFO - validate roc_auc, 0.9618
2025-10-02 05:56:51,232 - root - INFO - new node validate loss: 0.3453
2025-10-02 05:56:51,232 - root - INFO - new node validate average_precision, 0.9300
2025-10-02 05:56:51,232 - root - INFO - new node validate roc_auc, 0.9227
2025-10-02 05:56:55,942 - root - INFO - test loss: 0.2661
2025-10-02 05:56:55,942 - root - INFO - test average_precision, 0.9611
2025-10-02 05:56:55,942 - root - INFO - best test average_precision: 0.9625
2025-10-02 05:56:55,942 - root - INFO - test roc_auc, 0.9592
2025-10-02 05:56:55,942 - root - INFO - new node test loss: 0.3262
2025-10-02 05:56:55,942 - root - INFO - new node test average_precision, 0.9418
2025-10-02 05:56:55,942 - root - INFO - new node test roc_auc, 0.9364
2025-10-02 05:57:14,308 - root - INFO - Epoch: 38, learning rate: 0.0001, train loss: 0.2272
2025-10-02 05:57:14,308 - root - INFO - train average_precision, 0.9656
2025-10-02 05:57:14,308 - root - INFO - train roc_auc, 0.9656
2025-10-02 05:57:14,308 - root - INFO - validate loss: 0.2578
2025-10-02 05:57:14,308 - root - INFO - validate average_precision, 0.9637
2025-10-02 05:57:14,308 - root - INFO - validate roc_auc, 0.9607
2025-10-02 05:57:14,308 - root - INFO - new node validate loss: 0.3471
2025-10-02 05:57:14,308 - root - INFO - new node validate average_precision, 0.9303
2025-10-02 05:57:14,308 - root - INFO - new node validate roc_auc, 0.9225
2025-10-02 05:57:19,054 - root - INFO - test loss: 0.2609
2025-10-02 05:57:19,054 - root - INFO - test average_precision, 0.9620
2025-10-02 05:57:19,054 - root - INFO - best test average_precision: 0.9625
2025-10-02 05:57:19,054 - root - INFO - test roc_auc, 0.9601
2025-10-02 05:57:19,054 - root - INFO - new node test loss: 0.3241
2025-10-02 05:57:19,055 - root - INFO - new node test average_precision, 0.9427
2025-10-02 05:57:19,055 - root - INFO - new node test roc_auc, 0.9375
2025-10-02 05:57:37,487 - root - INFO - Epoch: 39, learning rate: 0.0001, train loss: 0.2256
2025-10-02 05:57:37,488 - root - INFO - train average_precision, 0.9662
2025-10-02 05:57:37,488 - root - INFO - train roc_auc, 0.9662
2025-10-02 05:57:37,488 - root - INFO - validate loss: 0.2602
2025-10-02 05:57:37,488 - root - INFO - validate average_precision, 0.9634
2025-10-02 05:57:37,488 - root - INFO - validate roc_auc, 0.9605
2025-10-02 05:57:37,488 - root - INFO - new node validate loss: 0.3479
2025-10-02 05:57:37,488 - root - INFO - new node validate average_precision, 0.9305
2025-10-02 05:57:37,488 - root - INFO - new node validate roc_auc, 0.9224
2025-10-02 05:57:42,200 - root - INFO - test loss: 0.2704
2025-10-02 05:57:42,200 - root - INFO - test average_precision, 0.9602
2025-10-02 05:57:42,200 - root - INFO - best test average_precision: 0.9625
2025-10-02 05:57:42,200 - root - INFO - test roc_auc, 0.9583
2025-10-02 05:57:42,200 - root - INFO - new node test loss: 0.3353
2025-10-02 05:57:42,200 - root - INFO - new node test average_precision, 0.9398
2025-10-02 05:57:42,200 - root - INFO - new node test roc_auc, 0.9338
2025-10-02 05:58:00,620 - root - INFO - Epoch: 40, learning rate: 0.0001, train loss: 0.2219
2025-10-02 05:58:00,620 - root - INFO - train average_precision, 0.9666
2025-10-02 05:58:00,620 - root - INFO - train roc_auc, 0.9669
2025-10-02 05:58:00,620 - root - INFO - validate loss: 0.2604
2025-10-02 05:58:00,620 - root - INFO - validate average_precision, 0.9634
2025-10-02 05:58:00,620 - root - INFO - validate roc_auc, 0.9606
2025-10-02 05:58:00,621 - root - INFO - new node validate loss: 0.3455
2025-10-02 05:58:00,621 - root - INFO - new node validate average_precision, 0.9322
2025-10-02 05:58:00,621 - root - INFO - new node validate roc_auc, 0.9243
2025-10-02 05:58:05,364 - root - INFO - test loss: 0.2650
2025-10-02 05:58:05,364 - root - INFO - test average_precision, 0.9612
2025-10-02 05:58:05,364 - root - INFO - best test average_precision: 0.9625
2025-10-02 05:58:05,364 - root - INFO - test roc_auc, 0.9594
2025-10-02 05:58:05,364 - root - INFO - new node test loss: 0.3242
2025-10-02 05:58:05,364 - root - INFO - new node test average_precision, 0.9428
2025-10-02 05:58:05,364 - root - INFO - new node test roc_auc, 0.9378
2025-10-02 05:58:23,693 - root - INFO - Epoch: 41, learning rate: 0.0001, train loss: 0.2224
2025-10-02 05:58:23,693 - root - INFO - train average_precision, 0.9665
2025-10-02 05:58:23,693 - root - INFO - train roc_auc, 0.9667
2025-10-02 05:58:23,693 - root - INFO - validate loss: 0.2587
2025-10-02 05:58:23,694 - root - INFO - validate average_precision, 0.9640
2025-10-02 05:58:23,694 - root - INFO - validate roc_auc, 0.9610
2025-10-02 05:58:23,694 - root - INFO - new node validate loss: 0.3443
2025-10-02 05:58:23,694 - root - INFO - new node validate average_precision, 0.9313
2025-10-02 05:58:23,694 - root - INFO - new node validate roc_auc, 0.9242
2025-10-02 05:58:28,409 - root - INFO - test loss: 0.2662
2025-10-02 05:58:28,410 - root - INFO - test average_precision, 0.9614
2025-10-02 05:58:28,410 - root - INFO - best test average_precision: 0.9625
2025-10-02 05:58:28,410 - root - INFO - test roc_auc, 0.9589
2025-10-02 05:58:28,410 - root - INFO - new node test loss: 0.3279
2025-10-02 05:58:28,410 - root - INFO - new node test average_precision, 0.9418
2025-10-02 05:58:28,410 - root - INFO - new node test roc_auc, 0.9361
2025-10-02 05:58:46,905 - root - INFO - Epoch: 42, learning rate: 0.0001, train loss: 0.2202
2025-10-02 05:58:46,905 - root - INFO - train average_precision, 0.9670
2025-10-02 05:58:46,905 - root - INFO - train roc_auc, 0.9675
2025-10-02 05:58:46,906 - root - INFO - validate loss: 0.2567
2025-10-02 05:58:46,906 - root - INFO - validate average_precision, 0.9644
2025-10-02 05:58:46,906 - root - INFO - validate roc_auc, 0.9618
2025-10-02 05:58:46,906 - root - INFO - new node validate loss: 0.3463
2025-10-02 05:58:46,906 - root - INFO - new node validate average_precision, 0.9311
2025-10-02 05:58:46,906 - root - INFO - new node validate roc_auc, 0.9241
2025-10-02 05:58:51,621 - root - INFO - test loss: 0.2656
2025-10-02 05:58:51,622 - root - INFO - test average_precision, 0.9617
2025-10-02 05:58:51,622 - root - INFO - best test average_precision: 0.9625
2025-10-02 05:58:51,622 - root - INFO - test roc_auc, 0.9592
2025-10-02 05:58:51,622 - root - INFO - new node test loss: 0.3276
2025-10-02 05:58:51,622 - root - INFO - new node test average_precision, 0.9428
2025-10-02 05:58:51,622 - root - INFO - new node test roc_auc, 0.9369
2025-10-02 05:59:09,960 - root - INFO - Epoch: 43, learning rate: 0.0001, train loss: 0.2218
2025-10-02 05:59:09,960 - root - INFO - train average_precision, 0.9668
2025-10-02 05:59:09,960 - root - INFO - train roc_auc, 0.9668
2025-10-02 05:59:09,960 - root - INFO - validate loss: 0.2581
2025-10-02 05:59:09,960 - root - INFO - validate average_precision, 0.9640
2025-10-02 05:59:09,960 - root - INFO - validate roc_auc, 0.9613
2025-10-02 05:59:09,960 - root - INFO - new node validate loss: 0.3485
2025-10-02 05:59:09,960 - root - INFO - new node validate average_precision, 0.9310
2025-10-02 05:59:09,960 - root - INFO - new node validate roc_auc, 0.9232
2025-10-02 05:59:14,666 - root - INFO - test loss: 0.2646
2025-10-02 05:59:14,666 - root - INFO - test average_precision, 0.9623
2025-10-02 05:59:14,666 - root - INFO - best test average_precision: 0.9625
2025-10-02 05:59:14,666 - root - INFO - test roc_auc, 0.9603
2025-10-02 05:59:14,666 - root - INFO - new node test loss: 0.3288
2025-10-02 05:59:14,666 - root - INFO - new node test average_precision, 0.9414
2025-10-02 05:59:14,666 - root - INFO - new node test roc_auc, 0.9365
2025-10-02 05:59:33,093 - root - INFO - Epoch: 44, learning rate: 0.0001, train loss: 0.2187
2025-10-02 05:59:33,093 - root - INFO - train average_precision, 0.9675
2025-10-02 05:59:33,093 - root - INFO - train roc_auc, 0.9677
2025-10-02 05:59:33,093 - root - INFO - validate loss: 0.2571
2025-10-02 05:59:33,093 - root - INFO - validate average_precision, 0.9642
2025-10-02 05:59:33,093 - root - INFO - validate roc_auc, 0.9612
2025-10-02 05:59:33,093 - root - INFO - new node validate loss: 0.3382
2025-10-02 05:59:33,094 - root - INFO - new node validate average_precision, 0.9335
2025-10-02 05:59:33,094 - root - INFO - new node validate roc_auc, 0.9261
2025-10-02 05:59:37,836 - root - INFO - test loss: 0.2655
2025-10-02 05:59:37,836 - root - INFO - test average_precision, 0.9604
2025-10-02 05:59:37,836 - root - INFO - best test average_precision: 0.9625
2025-10-02 05:59:37,836 - root - INFO - test roc_auc, 0.9587
2025-10-02 05:59:37,836 - root - INFO - new node test loss: 0.3213
2025-10-02 05:59:37,836 - root - INFO - new node test average_precision, 0.9437
2025-10-02 05:59:37,836 - root - INFO - new node test roc_auc, 0.9386
2025-10-02 05:59:56,241 - root - INFO - Epoch: 45, learning rate: 0.0001, train loss: 0.2160
2025-10-02 05:59:56,242 - root - INFO - train average_precision, 0.9684
2025-10-02 05:59:56,242 - root - INFO - train roc_auc, 0.9686
2025-10-02 05:59:56,242 - root - INFO - validate loss: 0.2586
2025-10-02 05:59:56,242 - root - INFO - validate average_precision, 0.9642
2025-10-02 05:59:56,242 - root - INFO - validate roc_auc, 0.9614
2025-10-02 05:59:56,242 - root - INFO - new node validate loss: 0.3424
2025-10-02 05:59:56,242 - root - INFO - new node validate average_precision, 0.9328
2025-10-02 05:59:56,242 - root - INFO - new node validate roc_auc, 0.9248
2025-10-02 06:00:00,964 - root - INFO - test loss: 0.2636
2025-10-02 06:00:00,964 - root - INFO - test average_precision, 0.9624
2025-10-02 06:00:00,964 - root - INFO - best test average_precision: 0.9625
2025-10-02 06:00:00,964 - root - INFO - test roc_auc, 0.9599
2025-10-02 06:00:00,964 - root - INFO - new node test loss: 0.3251
2025-10-02 06:00:00,964 - root - INFO - new node test average_precision, 0.9428
2025-10-02 06:00:00,964 - root - INFO - new node test roc_auc, 0.9375
2025-10-02 06:00:19,353 - root - INFO - Epoch: 46, learning rate: 0.0001, train loss: 0.2174
2025-10-02 06:00:19,354 - root - INFO - train average_precision, 0.9681
2025-10-02 06:00:19,354 - root - INFO - train roc_auc, 0.9681
2025-10-02 06:00:19,354 - root - INFO - validate loss: 0.2598
2025-10-02 06:00:19,354 - root - INFO - validate average_precision, 0.9648
2025-10-02 06:00:19,354 - root - INFO - validate roc_auc, 0.9619
2025-10-02 06:00:19,354 - root - INFO - new node validate loss: 0.3480
2025-10-02 06:00:19,354 - root - INFO - new node validate average_precision, 0.9318
2025-10-02 06:00:19,354 - root - INFO - new node validate roc_auc, 0.9240
2025-10-02 06:00:24,111 - root - INFO - test loss: 0.2705
2025-10-02 06:00:24,112 - root - INFO - test average_precision, 0.9613
2025-10-02 06:00:24,112 - root - INFO - best test average_precision: 0.9625
2025-10-02 06:00:24,112 - root - INFO - test roc_auc, 0.9589
2025-10-02 06:00:24,112 - root - INFO - new node test loss: 0.3357
2025-10-02 06:00:24,112 - root - INFO - new node test average_precision, 0.9410
2025-10-02 06:00:24,112 - root - INFO - new node test roc_auc, 0.9357
2025-10-02 06:00:24,112 - root - INFO - save model ./saved_models/JODIE/wikipedia/JODIE_time2vec_seed4/JODIE_time2vec_seed4.pkl
2025-10-02 06:00:43,534 - root - INFO - Epoch: 47, learning rate: 0.0001, train loss: 0.2156
2025-10-02 06:00:43,534 - root - INFO - train average_precision, 0.9686
2025-10-02 06:00:43,535 - root - INFO - train roc_auc, 0.9688
2025-10-02 06:00:43,535 - root - INFO - validate loss: 0.2630
2025-10-02 06:00:43,535 - root - INFO - validate average_precision, 0.9638
2025-10-02 06:00:43,535 - root - INFO - validate roc_auc, 0.9604
2025-10-02 06:00:43,535 - root - INFO - new node validate loss: 0.3482
2025-10-02 06:00:43,535 - root - INFO - new node validate average_precision, 0.9321
2025-10-02 06:00:43,535 - root - INFO - new node validate roc_auc, 0.9239
2025-10-02 06:00:48,241 - root - INFO - test loss: 0.2708
2025-10-02 06:00:48,241 - root - INFO - test average_precision, 0.9608
2025-10-02 06:00:48,241 - root - INFO - best test average_precision: 0.9625
2025-10-02 06:00:48,241 - root - INFO - test roc_auc, 0.9584
2025-10-02 06:00:48,241 - root - INFO - new node test loss: 0.3257
2025-10-02 06:00:48,242 - root - INFO - new node test average_precision, 0.9420
2025-10-02 06:00:48,242 - root - INFO - new node test roc_auc, 0.9373
2025-10-02 06:01:06,671 - root - INFO - Epoch: 48, learning rate: 0.0001, train loss: 0.2155
2025-10-02 06:01:06,671 - root - INFO - train average_precision, 0.9681
2025-10-02 06:01:06,671 - root - INFO - train roc_auc, 0.9687
2025-10-02 06:01:06,671 - root - INFO - validate loss: 0.2617
2025-10-02 06:01:06,671 - root - INFO - validate average_precision, 0.9642
2025-10-02 06:01:06,671 - root - INFO - validate roc_auc, 0.9611
2025-10-02 06:01:06,672 - root - INFO - new node validate loss: 0.3465
2025-10-02 06:01:06,672 - root - INFO - new node validate average_precision, 0.9326
2025-10-02 06:01:06,672 - root - INFO - new node validate roc_auc, 0.9249
2025-10-02 06:01:11,427 - root - INFO - test loss: 0.2722
2025-10-02 06:01:11,427 - root - INFO - test average_precision, 0.9604
2025-10-02 06:01:11,427 - root - INFO - best test average_precision: 0.9625
2025-10-02 06:01:11,427 - root - INFO - test roc_auc, 0.9584
2025-10-02 06:01:11,427 - root - INFO - new node test loss: 0.3373
2025-10-02 06:01:11,427 - root - INFO - new node test average_precision, 0.9398
2025-10-02 06:01:11,427 - root - INFO - new node test roc_auc, 0.9346
2025-10-02 06:01:29,752 - root - INFO - Epoch: 49, learning rate: 0.0001, train loss: 0.2098
2025-10-02 06:01:29,752 - root - INFO - train average_precision, 0.9698
2025-10-02 06:01:29,752 - root - INFO - train roc_auc, 0.9701
2025-10-02 06:01:29,752 - root - INFO - validate loss: 0.2646
2025-10-02 06:01:29,752 - root - INFO - validate average_precision, 0.9649
2025-10-02 06:01:29,752 - root - INFO - validate roc_auc, 0.9618
2025-10-02 06:01:29,752 - root - INFO - new node validate loss: 0.3566
2025-10-02 06:01:29,753 - root - INFO - new node validate average_precision, 0.9329
2025-10-02 06:01:29,753 - root - INFO - new node validate roc_auc, 0.9249
2025-10-02 06:01:34,463 - root - INFO - test loss: 0.2670
2025-10-02 06:01:34,463 - root - INFO - test average_precision, 0.9633
2025-10-02 06:01:34,463 - root - INFO - best test average_precision: 0.9633
2025-10-02 06:01:34,463 - root - INFO - test roc_auc, 0.9610
2025-10-02 06:01:34,463 - root - INFO - new node test loss: 0.3372
2025-10-02 06:01:34,463 - root - INFO - new node test average_precision, 0.9425
2025-10-02 06:01:34,463 - root - INFO - new node test roc_auc, 0.9370
2025-10-02 06:01:52,846 - root - INFO - Epoch: 50, learning rate: 0.0001, train loss: 0.2090
2025-10-02 06:01:52,846 - root - INFO - train average_precision, 0.9701
2025-10-02 06:01:52,846 - root - INFO - train roc_auc, 0.9703
2025-10-02 06:01:52,846 - root - INFO - validate loss: 0.2581
2025-10-02 06:01:52,847 - root - INFO - validate average_precision, 0.9654
2025-10-02 06:01:52,847 - root - INFO - validate roc_auc, 0.9622
2025-10-02 06:01:52,847 - root - INFO - new node validate loss: 0.3461
2025-10-02 06:01:52,847 - root - INFO - new node validate average_precision, 0.9336
2025-10-02 06:01:52,847 - root - INFO - new node validate roc_auc, 0.9254
2025-10-02 06:01:57,543 - root - INFO - test loss: 0.2687
2025-10-02 06:01:57,543 - root - INFO - test average_precision, 0.9618
2025-10-02 06:01:57,543 - root - INFO - best test average_precision: 0.9633
2025-10-02 06:01:57,543 - root - INFO - test roc_auc, 0.9593
2025-10-02 06:01:57,543 - root - INFO - new node test loss: 0.3269
2025-10-02 06:01:57,543 - root - INFO - new node test average_precision, 0.9435
2025-10-02 06:01:57,543 - root - INFO - new node test roc_auc, 0.9377
2025-10-02 06:01:57,543 - root - INFO - save model ./saved_models/JODIE/wikipedia/JODIE_time2vec_seed4/JODIE_time2vec_seed4.pkl
2025-10-02 06:02:17,067 - root - INFO - Epoch: 51, learning rate: 0.0001, train loss: 0.2111
2025-10-02 06:02:17,068 - root - INFO - train average_precision, 0.9692
2025-10-02 06:02:17,068 - root - INFO - train roc_auc, 0.9697
2025-10-02 06:02:17,068 - root - INFO - validate loss: 0.2571
2025-10-02 06:02:17,068 - root - INFO - validate average_precision, 0.9658
2025-10-02 06:02:17,068 - root - INFO - validate roc_auc, 0.9627
2025-10-02 06:02:17,068 - root - INFO - new node validate loss: 0.3479
2025-10-02 06:02:17,068 - root - INFO - new node validate average_precision, 0.9339
2025-10-02 06:02:17,068 - root - INFO - new node validate roc_auc, 0.9260
2025-10-02 06:02:21,755 - root - INFO - test loss: 0.2583
2025-10-02 06:02:21,755 - root - INFO - test average_precision, 0.9644
2025-10-02 06:02:21,755 - root - INFO - best test average_precision: 0.9644
2025-10-02 06:02:21,755 - root - INFO - test roc_auc, 0.9623
2025-10-02 06:02:21,755 - root - INFO - new node test loss: 0.3265
2025-10-02 06:02:21,755 - root - INFO - new node test average_precision, 0.9436
2025-10-02 06:02:21,755 - root - INFO - new node test roc_auc, 0.9383
2025-10-02 06:02:21,755 - root - INFO - save model ./saved_models/JODIE/wikipedia/JODIE_time2vec_seed4/JODIE_time2vec_seed4.pkl
2025-10-02 06:02:41,219 - root - INFO - Epoch: 52, learning rate: 0.0001, train loss: 0.2103
2025-10-02 06:02:41,220 - root - INFO - train average_precision, 0.9698
2025-10-02 06:02:41,220 - root - INFO - train roc_auc, 0.9700
2025-10-02 06:02:41,220 - root - INFO - validate loss: 0.2621
2025-10-02 06:02:41,220 - root - INFO - validate average_precision, 0.9640
2025-10-02 06:02:41,220 - root - INFO - validate roc_auc, 0.9612
2025-10-02 06:02:41,220 - root - INFO - new node validate loss: 0.3473
2025-10-02 06:02:41,220 - root - INFO - new node validate average_precision, 0.9325
2025-10-02 06:02:41,220 - root - INFO - new node validate roc_auc, 0.9251
2025-10-02 06:02:45,928 - root - INFO - test loss: 0.2741
2025-10-02 06:02:45,928 - root - INFO - test average_precision, 0.9596
2025-10-02 06:02:45,928 - root - INFO - best test average_precision: 0.9644
2025-10-02 06:02:45,928 - root - INFO - test roc_auc, 0.9577
2025-10-02 06:02:45,928 - root - INFO - new node test loss: 0.3374
2025-10-02 06:02:45,928 - root - INFO - new node test average_precision, 0.9410
2025-10-02 06:02:45,929 - root - INFO - new node test roc_auc, 0.9347
2025-10-02 06:03:04,280 - root - INFO - Epoch: 53, learning rate: 0.0001, train loss: 0.2095
2025-10-02 06:03:04,280 - root - INFO - train average_precision, 0.9700
2025-10-02 06:03:04,280 - root - INFO - train roc_auc, 0.9702
2025-10-02 06:03:04,280 - root - INFO - validate loss: 0.2570
2025-10-02 06:03:04,280 - root - INFO - validate average_precision, 0.9656
2025-10-02 06:03:04,280 - root - INFO - validate roc_auc, 0.9629
2025-10-02 06:03:04,280 - root - INFO - new node validate loss: 0.3473
2025-10-02 06:03:04,280 - root - INFO - new node validate average_precision, 0.9330
2025-10-02 06:03:04,280 - root - INFO - new node validate roc_auc, 0.9249
2025-10-02 06:03:08,954 - root - INFO - test loss: 0.2672
2025-10-02 06:03:08,955 - root - INFO - test average_precision, 0.9618
2025-10-02 06:03:08,955 - root - INFO - best test average_precision: 0.9644
2025-10-02 06:03:08,955 - root - INFO - test roc_auc, 0.9597
2025-10-02 06:03:08,955 - root - INFO - new node test loss: 0.3288
2025-10-02 06:03:08,955 - root - INFO - new node test average_precision, 0.9438
2025-10-02 06:03:08,955 - root - INFO - new node test roc_auc, 0.9378
2025-10-02 06:03:27,350 - root - INFO - Epoch: 54, learning rate: 0.0001, train loss: 0.2083
2025-10-02 06:03:27,351 - root - INFO - train average_precision, 0.9699
2025-10-02 06:03:27,351 - root - INFO - train roc_auc, 0.9703
2025-10-02 06:03:27,351 - root - INFO - validate loss: 0.2620
2025-10-02 06:03:27,351 - root - INFO - validate average_precision, 0.9644
2025-10-02 06:03:27,351 - root - INFO - validate roc_auc, 0.9613
2025-10-02 06:03:27,351 - root - INFO - new node validate loss: 0.3479
2025-10-02 06:03:27,351 - root - INFO - new node validate average_precision, 0.9332
2025-10-02 06:03:27,351 - root - INFO - new node validate roc_auc, 0.9251
2025-10-02 06:03:32,070 - root - INFO - test loss: 0.2690
2025-10-02 06:03:32,070 - root - INFO - test average_precision, 0.9611
2025-10-02 06:03:32,070 - root - INFO - best test average_precision: 0.9644
2025-10-02 06:03:32,070 - root - INFO - test roc_auc, 0.9592
2025-10-02 06:03:32,070 - root - INFO - new node test loss: 0.3373
2025-10-02 06:03:32,071 - root - INFO - new node test average_precision, 0.9401
2025-10-02 06:03:32,071 - root - INFO - new node test roc_auc, 0.9342
2025-10-02 06:03:50,584 - root - INFO - Epoch: 55, learning rate: 0.0001, train loss: 0.2051
2025-10-02 06:03:50,584 - root - INFO - train average_precision, 0.9708
2025-10-02 06:03:50,584 - root - INFO - train roc_auc, 0.9713
2025-10-02 06:03:50,584 - root - INFO - validate loss: 0.2656
2025-10-02 06:03:50,584 - root - INFO - validate average_precision, 0.9649
2025-10-02 06:03:50,584 - root - INFO - validate roc_auc, 0.9618
2025-10-02 06:03:50,584 - root - INFO - new node validate loss: 0.3478
2025-10-02 06:03:50,584 - root - INFO - new node validate average_precision, 0.9347
2025-10-02 06:03:50,584 - root - INFO - new node validate roc_auc, 0.9274
2025-10-02 06:03:55,270 - root - INFO - test loss: 0.2763
2025-10-02 06:03:55,270 - root - INFO - test average_precision, 0.9612
2025-10-02 06:03:55,270 - root - INFO - best test average_precision: 0.9644
2025-10-02 06:03:55,270 - root - INFO - test roc_auc, 0.9585
2025-10-02 06:03:55,270 - root - INFO - new node test loss: 0.3311
2025-10-02 06:03:55,270 - root - INFO - new node test average_precision, 0.9434
2025-10-02 06:03:55,270 - root - INFO - new node test roc_auc, 0.9384
2025-10-02 06:04:13,662 - root - INFO - Epoch: 56, learning rate: 0.0001, train loss: 0.2038
2025-10-02 06:04:13,662 - root - INFO - train average_precision, 0.9710
2025-10-02 06:04:13,662 - root - INFO - train roc_auc, 0.9715
2025-10-02 06:04:13,662 - root - INFO - validate loss: 0.2624
2025-10-02 06:04:13,662 - root - INFO - validate average_precision, 0.9651
2025-10-02 06:04:13,662 - root - INFO - validate roc_auc, 0.9619
2025-10-02 06:04:13,662 - root - INFO - new node validate loss: 0.3447
2025-10-02 06:04:13,663 - root - INFO - new node validate average_precision, 0.9348
2025-10-02 06:04:13,663 - root - INFO - new node validate roc_auc, 0.9273
2025-10-02 06:04:18,391 - root - INFO - test loss: 0.2764
2025-10-02 06:04:18,391 - root - INFO - test average_precision, 0.9605
2025-10-02 06:04:18,391 - root - INFO - best test average_precision: 0.9644
2025-10-02 06:04:18,391 - root - INFO - test roc_auc, 0.9582
2025-10-02 06:04:18,391 - root - INFO - new node test loss: 0.3333
2025-10-02 06:04:18,391 - root - INFO - new node test average_precision, 0.9413
2025-10-02 06:04:18,391 - root - INFO - new node test roc_auc, 0.9366
2025-10-02 06:04:36,792 - root - INFO - Epoch: 57, learning rate: 0.0001, train loss: 0.2029
2025-10-02 06:04:36,792 - root - INFO - train average_precision, 0.9712
2025-10-02 06:04:36,793 - root - INFO - train roc_auc, 0.9719
2025-10-02 06:04:36,793 - root - INFO - validate loss: 0.2639
2025-10-02 06:04:36,793 - root - INFO - validate average_precision, 0.9646
2025-10-02 06:04:36,793 - root - INFO - validate roc_auc, 0.9615
2025-10-02 06:04:36,793 - root - INFO - new node validate loss: 0.3472
2025-10-02 06:04:36,793 - root - INFO - new node validate average_precision, 0.9349
2025-10-02 06:04:36,793 - root - INFO - new node validate roc_auc, 0.9267
2025-10-02 06:04:41,479 - root - INFO - test loss: 0.2771
2025-10-02 06:04:41,479 - root - INFO - test average_precision, 0.9608
2025-10-02 06:04:41,479 - root - INFO - best test average_precision: 0.9644
2025-10-02 06:04:41,479 - root - INFO - test roc_auc, 0.9579
2025-10-02 06:04:41,479 - root - INFO - new node test loss: 0.3396
2025-10-02 06:04:41,480 - root - INFO - new node test average_precision, 0.9410
2025-10-02 06:04:41,480 - root - INFO - new node test roc_auc, 0.9354
2025-10-02 06:04:59,841 - root - INFO - Epoch: 58, learning rate: 0.0001, train loss: 0.2002
2025-10-02 06:04:59,841 - root - INFO - train average_precision, 0.9722
2025-10-02 06:04:59,841 - root - INFO - train roc_auc, 0.9725
2025-10-02 06:04:59,841 - root - INFO - validate loss: 0.2664
2025-10-02 06:04:59,841 - root - INFO - validate average_precision, 0.9649
2025-10-02 06:04:59,841 - root - INFO - validate roc_auc, 0.9616
2025-10-02 06:04:59,841 - root - INFO - new node validate loss: 0.3466
2025-10-02 06:04:59,841 - root - INFO - new node validate average_precision, 0.9341
2025-10-02 06:04:59,841 - root - INFO - new node validate roc_auc, 0.9270
2025-10-02 06:05:04,573 - root - INFO - test loss: 0.2765
2025-10-02 06:05:04,573 - root - INFO - test average_precision, 0.9610
2025-10-02 06:05:04,573 - root - INFO - best test average_precision: 0.9644
2025-10-02 06:05:04,573 - root - INFO - test roc_auc, 0.9589
2025-10-02 06:05:04,573 - root - INFO - new node test loss: 0.3408
2025-10-02 06:05:04,573 - root - INFO - new node test average_precision, 0.9403
2025-10-02 06:05:04,573 - root - INFO - new node test roc_auc, 0.9348
2025-10-02 06:05:22,971 - root - INFO - Epoch: 59, learning rate: 0.0001, train loss: 0.1990
2025-10-02 06:05:22,971 - root - INFO - train average_precision, 0.9724
2025-10-02 06:05:22,971 - root - INFO - train roc_auc, 0.9728
2025-10-02 06:05:22,971 - root - INFO - validate loss: 0.2642
2025-10-02 06:05:22,971 - root - INFO - validate average_precision, 0.9657
2025-10-02 06:05:22,971 - root - INFO - validate roc_auc, 0.9626
2025-10-02 06:05:22,971 - root - INFO - new node validate loss: 0.3503
2025-10-02 06:05:22,971 - root - INFO - new node validate average_precision, 0.9347
2025-10-02 06:05:22,971 - root - INFO - new node validate roc_auc, 0.9270
2025-10-02 06:05:27,695 - root - INFO - test loss: 0.2750
2025-10-02 06:05:27,695 - root - INFO - test average_precision, 0.9618
2025-10-02 06:05:27,696 - root - INFO - best test average_precision: 0.9644
2025-10-02 06:05:27,696 - root - INFO - test roc_auc, 0.9600
2025-10-02 06:05:27,696 - root - INFO - new node test loss: 0.3398
2025-10-02 06:05:27,696 - root - INFO - new node test average_precision, 0.9427
2025-10-02 06:05:27,696 - root - INFO - new node test roc_auc, 0.9369
2025-10-02 06:05:46,034 - root - INFO - Epoch: 60, learning rate: 0.0001, train loss: 0.1986
2025-10-02 06:05:46,034 - root - INFO - train average_precision, 0.9723
2025-10-02 06:05:46,034 - root - INFO - train roc_auc, 0.9728
2025-10-02 06:05:46,034 - root - INFO - validate loss: 0.2602
2025-10-02 06:05:46,034 - root - INFO - validate average_precision, 0.9659
2025-10-02 06:05:46,034 - root - INFO - validate roc_auc, 0.9624
2025-10-02 06:05:46,034 - root - INFO - new node validate loss: 0.3481
2025-10-02 06:05:46,034 - root - INFO - new node validate average_precision, 0.9346
2025-10-02 06:05:46,034 - root - INFO - new node validate roc_auc, 0.9265
2025-10-02 06:05:50,761 - root - INFO - test loss: 0.2667
2025-10-02 06:05:50,761 - root - INFO - test average_precision, 0.9625
2025-10-02 06:05:50,761 - root - INFO - best test average_precision: 0.9644
2025-10-02 06:05:50,761 - root - INFO - test roc_auc, 0.9608
2025-10-02 06:05:50,761 - root - INFO - new node test loss: 0.3356
2025-10-02 06:05:50,761 - root - INFO - new node test average_precision, 0.9418
2025-10-02 06:05:50,761 - root - INFO - new node test roc_auc, 0.9359
2025-10-02 06:06:09,113 - root - INFO - Epoch: 61, learning rate: 0.0001, train loss: 0.1982
2025-10-02 06:06:09,113 - root - INFO - train average_precision, 0.9721
2025-10-02 06:06:09,113 - root - INFO - train roc_auc, 0.9727
2025-10-02 06:06:09,113 - root - INFO - validate loss: 0.2631
2025-10-02 06:06:09,113 - root - INFO - validate average_precision, 0.9665
2025-10-02 06:06:09,113 - root - INFO - validate roc_auc, 0.9630
2025-10-02 06:06:09,113 - root - INFO - new node validate loss: 0.3520
2025-10-02 06:06:09,113 - root - INFO - new node validate average_precision, 0.9354
2025-10-02 06:06:09,114 - root - INFO - new node validate roc_auc, 0.9273
2025-10-02 06:06:13,794 - root - INFO - test loss: 0.2692
2025-10-02 06:06:13,794 - root - INFO - test average_precision, 0.9633
2025-10-02 06:06:13,794 - root - INFO - best test average_precision: 0.9644
2025-10-02 06:06:13,795 - root - INFO - test roc_auc, 0.9612
2025-10-02 06:06:13,795 - root - INFO - new node test loss: 0.3313
2025-10-02 06:06:13,795 - root - INFO - new node test average_precision, 0.9440
2025-10-02 06:06:13,795 - root - INFO - new node test roc_auc, 0.9384
2025-10-02 06:06:13,795 - root - INFO - save model ./saved_models/JODIE/wikipedia/JODIE_time2vec_seed4/JODIE_time2vec_seed4.pkl
2025-10-02 06:06:33,346 - root - INFO - Epoch: 62, learning rate: 0.0001, train loss: 0.1981
2025-10-02 06:06:33,346 - root - INFO - train average_precision, 0.9718
2025-10-02 06:06:33,346 - root - INFO - train roc_auc, 0.9729
2025-10-02 06:06:33,346 - root - INFO - validate loss: 0.2678
2025-10-02 06:06:33,346 - root - INFO - validate average_precision, 0.9650
2025-10-02 06:06:33,346 - root - INFO - validate roc_auc, 0.9615
2025-10-02 06:06:33,346 - root - INFO - new node validate loss: 0.3483
2025-10-02 06:06:33,347 - root - INFO - new node validate average_precision, 0.9351
2025-10-02 06:06:33,347 - root - INFO - new node validate roc_auc, 0.9272
2025-10-02 06:06:38,046 - root - INFO - test loss: 0.2773
2025-10-02 06:06:38,046 - root - INFO - test average_precision, 0.9621
2025-10-02 06:06:38,046 - root - INFO - best test average_precision: 0.9644
2025-10-02 06:06:38,046 - root - INFO - test roc_auc, 0.9592
2025-10-02 06:06:38,046 - root - INFO - new node test loss: 0.3368
2025-10-02 06:06:38,047 - root - INFO - new node test average_precision, 0.9429
2025-10-02 06:06:38,047 - root - INFO - new node test roc_auc, 0.9370
2025-10-02 06:06:56,351 - root - INFO - Epoch: 63, learning rate: 0.0001, train loss: 0.1966
2025-10-02 06:06:56,351 - root - INFO - train average_precision, 0.9726
2025-10-02 06:06:56,351 - root - INFO - train roc_auc, 0.9733
2025-10-02 06:06:56,351 - root - INFO - validate loss: 0.2627
2025-10-02 06:06:56,352 - root - INFO - validate average_precision, 0.9657
2025-10-02 06:06:56,352 - root - INFO - validate roc_auc, 0.9624
2025-10-02 06:06:56,352 - root - INFO - new node validate loss: 0.3479
2025-10-02 06:06:56,352 - root - INFO - new node validate average_precision, 0.9355
2025-10-02 06:06:56,352 - root - INFO - new node validate roc_auc, 0.9277
2025-10-02 06:07:01,031 - root - INFO - test loss: 0.2704
2025-10-02 06:07:01,031 - root - INFO - test average_precision, 0.9622
2025-10-02 06:07:01,031 - root - INFO - best test average_precision: 0.9644
2025-10-02 06:07:01,031 - root - INFO - test roc_auc, 0.9600
2025-10-02 06:07:01,031 - root - INFO - new node test loss: 0.3343
2025-10-02 06:07:01,031 - root - INFO - new node test average_precision, 0.9425
2025-10-02 06:07:01,031 - root - INFO - new node test roc_auc, 0.9359
2025-10-02 06:07:19,401 - root - INFO - Epoch: 64, learning rate: 0.0001, train loss: 0.1970
2025-10-02 06:07:19,401 - root - INFO - train average_precision, 0.9727
2025-10-02 06:07:19,401 - root - INFO - train roc_auc, 0.9732
2025-10-02 06:07:19,401 - root - INFO - validate loss: 0.2634
2025-10-02 06:07:19,401 - root - INFO - validate average_precision, 0.9645
2025-10-02 06:07:19,401 - root - INFO - validate roc_auc, 0.9610
2025-10-02 06:07:19,401 - root - INFO - new node validate loss: 0.3507
2025-10-02 06:07:19,401 - root - INFO - new node validate average_precision, 0.9349
2025-10-02 06:07:19,401 - root - INFO - new node validate roc_auc, 0.9268
2025-10-02 06:07:24,111 - root - INFO - test loss: 0.2796
2025-10-02 06:07:24,111 - root - INFO - test average_precision, 0.9596
2025-10-02 06:07:24,111 - root - INFO - best test average_precision: 0.9644
2025-10-02 06:07:24,111 - root - INFO - test roc_auc, 0.9572
2025-10-02 06:07:24,111 - root - INFO - new node test loss: 0.3352
2025-10-02 06:07:24,111 - root - INFO - new node test average_precision, 0.9424
2025-10-02 06:07:24,111 - root - INFO - new node test roc_auc, 0.9355
2025-10-02 06:07:42,485 - root - INFO - Epoch: 65, learning rate: 0.0001, train loss: 0.1955
2025-10-02 06:07:42,485 - root - INFO - train average_precision, 0.9728
2025-10-02 06:07:42,485 - root - INFO - train roc_auc, 0.9735
2025-10-02 06:07:42,485 - root - INFO - validate loss: 0.2688
2025-10-02 06:07:42,485 - root - INFO - validate average_precision, 0.9641
2025-10-02 06:07:42,485 - root - INFO - validate roc_auc, 0.9610
2025-10-02 06:07:42,485 - root - INFO - new node validate loss: 0.3409
2025-10-02 06:07:42,485 - root - INFO - new node validate average_precision, 0.9360
2025-10-02 06:07:42,485 - root - INFO - new node validate roc_auc, 0.9289
2025-10-02 06:07:47,191 - root - INFO - test loss: 0.2841
2025-10-02 06:07:47,191 - root - INFO - test average_precision, 0.9595
2025-10-02 06:07:47,191 - root - INFO - best test average_precision: 0.9644
2025-10-02 06:07:47,191 - root - INFO - test roc_auc, 0.9578
2025-10-02 06:07:47,191 - root - INFO - new node test loss: 0.3371
2025-10-02 06:07:47,192 - root - INFO - new node test average_precision, 0.9419
2025-10-02 06:07:47,192 - root - INFO - new node test roc_auc, 0.9364
2025-10-02 06:08:05,721 - root - INFO - Epoch: 66, learning rate: 0.0001, train loss: 0.1944
2025-10-02 06:08:05,721 - root - INFO - train average_precision, 0.9730
2025-10-02 06:08:05,721 - root - INFO - train roc_auc, 0.9737
2025-10-02 06:08:05,721 - root - INFO - validate loss: 0.2693
2025-10-02 06:08:05,721 - root - INFO - validate average_precision, 0.9640
2025-10-02 06:08:05,721 - root - INFO - validate roc_auc, 0.9604
2025-10-02 06:08:05,721 - root - INFO - new node validate loss: 0.3495
2025-10-02 06:08:05,721 - root - INFO - new node validate average_precision, 0.9333
2025-10-02 06:08:05,721 - root - INFO - new node validate roc_auc, 0.9254
2025-10-02 06:08:10,420 - root - INFO - test loss: 0.2809
2025-10-02 06:08:10,420 - root - INFO - test average_precision, 0.9599
2025-10-02 06:08:10,420 - root - INFO - best test average_precision: 0.9644
2025-10-02 06:08:10,420 - root - INFO - test roc_auc, 0.9572
2025-10-02 06:08:10,420 - root - INFO - new node test loss: 0.3339
2025-10-02 06:08:10,420 - root - INFO - new node test average_precision, 0.9424
2025-10-02 06:08:10,420 - root - INFO - new node test roc_auc, 0.9358
2025-10-02 06:08:28,822 - root - INFO - Epoch: 67, learning rate: 0.0001, train loss: 0.1978
2025-10-02 06:08:28,822 - root - INFO - train average_precision, 0.9722
2025-10-02 06:08:28,822 - root - INFO - train roc_auc, 0.9729
2025-10-02 06:08:28,823 - root - INFO - validate loss: 0.2669
2025-10-02 06:08:28,823 - root - INFO - validate average_precision, 0.9655
2025-10-02 06:08:28,823 - root - INFO - validate roc_auc, 0.9620
2025-10-02 06:08:28,823 - root - INFO - new node validate loss: 0.3424
2025-10-02 06:08:28,823 - root - INFO - new node validate average_precision, 0.9371
2025-10-02 06:08:28,823 - root - INFO - new node validate roc_auc, 0.9295
2025-10-02 06:08:33,519 - root - INFO - test loss: 0.2699
2025-10-02 06:08:33,520 - root - INFO - test average_precision, 0.9630
2025-10-02 06:08:33,520 - root - INFO - best test average_precision: 0.9644
2025-10-02 06:08:33,520 - root - INFO - test roc_auc, 0.9607
2025-10-02 06:08:33,520 - root - INFO - new node test loss: 0.3251
2025-10-02 06:08:33,520 - root - INFO - new node test average_precision, 0.9456
2025-10-02 06:08:33,520 - root - INFO - new node test roc_auc, 0.9405
2025-10-02 06:08:51,910 - root - INFO - Epoch: 68, learning rate: 0.0001, train loss: 0.1924
2025-10-02 06:08:51,910 - root - INFO - train average_precision, 0.9735
2025-10-02 06:08:51,911 - root - INFO - train roc_auc, 0.9742
2025-10-02 06:08:51,911 - root - INFO - validate loss: 0.2714
2025-10-02 06:08:51,911 - root - INFO - validate average_precision, 0.9649
2025-10-02 06:08:51,911 - root - INFO - validate roc_auc, 0.9614
2025-10-02 06:08:51,911 - root - INFO - new node validate loss: 0.3502
2025-10-02 06:08:51,911 - root - INFO - new node validate average_precision, 0.9367
2025-10-02 06:08:51,911 - root - INFO - new node validate roc_auc, 0.9288
2025-10-02 06:08:56,686 - root - INFO - test loss: 0.2789
2025-10-02 06:08:56,686 - root - INFO - test average_precision, 0.9620
2025-10-02 06:08:56,686 - root - INFO - best test average_precision: 0.9644
2025-10-02 06:08:56,686 - root - INFO - test roc_auc, 0.9593
2025-10-02 06:08:56,686 - root - INFO - new node test loss: 0.3439
2025-10-02 06:08:56,686 - root - INFO - new node test average_precision, 0.9422
2025-10-02 06:08:56,686 - root - INFO - new node test roc_auc, 0.9361
2025-10-02 06:09:15,088 - root - INFO - Epoch: 69, learning rate: 0.0001, train loss: 0.1898
2025-10-02 06:09:15,088 - root - INFO - train average_precision, 0.9740
2025-10-02 06:09:15,089 - root - INFO - train roc_auc, 0.9747
2025-10-02 06:09:15,089 - root - INFO - validate loss: 0.2726
2025-10-02 06:09:15,089 - root - INFO - validate average_precision, 0.9650
2025-10-02 06:09:15,089 - root - INFO - validate roc_auc, 0.9614
2025-10-02 06:09:15,089 - root - INFO - new node validate loss: 0.3525
2025-10-02 06:09:15,089 - root - INFO - new node validate average_precision, 0.9364
2025-10-02 06:09:15,089 - root - INFO - new node validate roc_auc, 0.9283
2025-10-02 06:09:19,793 - root - INFO - test loss: 0.2784
2025-10-02 06:09:19,793 - root - INFO - test average_precision, 0.9626
2025-10-02 06:09:19,793 - root - INFO - best test average_precision: 0.9644
2025-10-02 06:09:19,793 - root - INFO - test roc_auc, 0.9599
2025-10-02 06:09:19,793 - root - INFO - new node test loss: 0.3462
2025-10-02 06:09:19,793 - root - INFO - new node test average_precision, 0.9426
2025-10-02 06:09:19,793 - root - INFO - new node test roc_auc, 0.9362
2025-10-02 06:09:38,278 - root - INFO - Epoch: 70, learning rate: 0.0001, train loss: 0.1908
2025-10-02 06:09:38,278 - root - INFO - train average_precision, 0.9738
2025-10-02 06:09:38,278 - root - INFO - train roc_auc, 0.9745
2025-10-02 06:09:38,278 - root - INFO - validate loss: 0.2783
2025-10-02 06:09:38,278 - root - INFO - validate average_precision, 0.9648
2025-10-02 06:09:38,278 - root - INFO - validate roc_auc, 0.9608
2025-10-02 06:09:38,278 - root - INFO - new node validate loss: 0.3557
2025-10-02 06:09:38,278 - root - INFO - new node validate average_precision, 0.9353
2025-10-02 06:09:38,278 - root - INFO - new node validate roc_auc, 0.9276
2025-10-02 06:09:42,991 - root - INFO - test loss: 0.2888
2025-10-02 06:09:42,991 - root - INFO - test average_precision, 0.9596
2025-10-02 06:09:42,991 - root - INFO - best test average_precision: 0.9644
2025-10-02 06:09:42,991 - root - INFO - test roc_auc, 0.9574
2025-10-02 06:09:42,991 - root - INFO - new node test loss: 0.3515
2025-10-02 06:09:42,991 - root - INFO - new node test average_precision, 0.9408
2025-10-02 06:09:42,991 - root - INFO - new node test roc_auc, 0.9342
2025-10-02 06:10:01,423 - root - INFO - Epoch: 71, learning rate: 0.0001, train loss: 0.1861
2025-10-02 06:10:01,423 - root - INFO - train average_precision, 0.9750
2025-10-02 06:10:01,423 - root - INFO - train roc_auc, 0.9755
2025-10-02 06:10:01,423 - root - INFO - validate loss: 0.2748
2025-10-02 06:10:01,423 - root - INFO - validate average_precision, 0.9642
2025-10-02 06:10:01,423 - root - INFO - validate roc_auc, 0.9605
2025-10-02 06:10:01,424 - root - INFO - new node validate loss: 0.3537
2025-10-02 06:10:01,424 - root - INFO - new node validate average_precision, 0.9353
2025-10-02 06:10:01,424 - root - INFO - new node validate roc_auc, 0.9273
2025-10-02 06:10:06,123 - root - INFO - test loss: 0.2871
2025-10-02 06:10:06,123 - root - INFO - test average_precision, 0.9597
2025-10-02 06:10:06,123 - root - INFO - best test average_precision: 0.9644
2025-10-02 06:10:06,123 - root - INFO - test roc_auc, 0.9575
2025-10-02 06:10:06,123 - root - INFO - new node test loss: 0.3422
2025-10-02 06:10:06,123 - root - INFO - new node test average_precision, 0.9426
2025-10-02 06:10:06,123 - root - INFO - new node test roc_auc, 0.9369
2025-10-02 06:10:24,510 - root - INFO - Epoch: 72, learning rate: 0.0001, train loss: 0.1886
2025-10-02 06:10:24,511 - root - INFO - train average_precision, 0.9741
2025-10-02 06:10:24,511 - root - INFO - train roc_auc, 0.9751
2025-10-02 06:10:24,511 - root - INFO - validate loss: 0.2757
2025-10-02 06:10:24,511 - root - INFO - validate average_precision, 0.9651
2025-10-02 06:10:24,511 - root - INFO - validate roc_auc, 0.9617
2025-10-02 06:10:24,511 - root - INFO - new node validate loss: 0.3547
2025-10-02 06:10:24,511 - root - INFO - new node validate average_precision, 0.9363
2025-10-02 06:10:24,511 - root - INFO - new node validate roc_auc, 0.9284
2025-10-02 06:10:29,246 - root - INFO - test loss: 0.2845
2025-10-02 06:10:29,246 - root - INFO - test average_precision, 0.9623
2025-10-02 06:10:29,246 - root - INFO - best test average_precision: 0.9644
2025-10-02 06:10:29,246 - root - INFO - test roc_auc, 0.9594
2025-10-02 06:10:29,246 - root - INFO - new node test loss: 0.3452
2025-10-02 06:10:29,246 - root - INFO - new node test average_precision, 0.9432
2025-10-02 06:10:29,246 - root - INFO - new node test roc_auc, 0.9375
2025-10-02 06:10:47,636 - root - INFO - Epoch: 73, learning rate: 0.0001, train loss: 0.1894
2025-10-02 06:10:47,636 - root - INFO - train average_precision, 0.9738
2025-10-02 06:10:47,636 - root - INFO - train roc_auc, 0.9747
2025-10-02 06:10:47,636 - root - INFO - validate loss: 0.2675
2025-10-02 06:10:47,636 - root - INFO - validate average_precision, 0.9659
2025-10-02 06:10:47,636 - root - INFO - validate roc_auc, 0.9625
2025-10-02 06:10:47,636 - root - INFO - new node validate loss: 0.3479
2025-10-02 06:10:47,637 - root - INFO - new node validate average_precision, 0.9368
2025-10-02 06:10:47,637 - root - INFO - new node validate roc_auc, 0.9290
2025-10-02 06:10:52,339 - root - INFO - test loss: 0.2723
2025-10-02 06:10:52,339 - root - INFO - test average_precision, 0.9631
2025-10-02 06:10:52,339 - root - INFO - best test average_precision: 0.9644
2025-10-02 06:10:52,339 - root - INFO - test roc_auc, 0.9606
2025-10-02 06:10:52,339 - root - INFO - new node test loss: 0.3360
2025-10-02 06:10:52,340 - root - INFO - new node test average_precision, 0.9445
2025-10-02 06:10:52,340 - root - INFO - new node test roc_auc, 0.9380
2025-10-02 06:11:10,704 - root - INFO - Epoch: 74, learning rate: 0.0001, train loss: 0.1867
2025-10-02 06:11:10,704 - root - INFO - train average_precision, 0.9748
2025-10-02 06:11:10,704 - root - INFO - train roc_auc, 0.9755
2025-10-02 06:11:10,704 - root - INFO - validate loss: 0.2737
2025-10-02 06:11:10,704 - root - INFO - validate average_precision, 0.9651
2025-10-02 06:11:10,704 - root - INFO - validate roc_auc, 0.9611
2025-10-02 06:11:10,704 - root - INFO - new node validate loss: 0.3538
2025-10-02 06:11:10,704 - root - INFO - new node validate average_precision, 0.9363
2025-10-02 06:11:10,704 - root - INFO - new node validate roc_auc, 0.9281
2025-10-02 06:11:15,421 - root - INFO - test loss: 0.2835
2025-10-02 06:11:15,421 - root - INFO - test average_precision, 0.9619
2025-10-02 06:11:15,422 - root - INFO - best test average_precision: 0.9644
2025-10-02 06:11:15,422 - root - INFO - test roc_auc, 0.9586
2025-10-02 06:11:15,422 - root - INFO - new node test loss: 0.3488
2025-10-02 06:11:15,422 - root - INFO - new node test average_precision, 0.9433
2025-10-02 06:11:15,422 - root - INFO - new node test roc_auc, 0.9361
2025-10-02 06:11:33,730 - root - INFO - Epoch: 75, learning rate: 0.0001, train loss: 0.1881
2025-10-02 06:11:33,730 - root - INFO - train average_precision, 0.9743
2025-10-02 06:11:33,730 - root - INFO - train roc_auc, 0.9750
2025-10-02 06:11:33,730 - root - INFO - validate loss: 0.2757
2025-10-02 06:11:33,730 - root - INFO - validate average_precision, 0.9659
2025-10-02 06:11:33,730 - root - INFO - validate roc_auc, 0.9625
2025-10-02 06:11:33,730 - root - INFO - new node validate loss: 0.3576
2025-10-02 06:11:33,731 - root - INFO - new node validate average_precision, 0.9380
2025-10-02 06:11:33,731 - root - INFO - new node validate roc_auc, 0.9301
2025-10-02 06:11:38,453 - root - INFO - test loss: 0.2978
2025-10-02 06:11:38,453 - root - INFO - test average_precision, 0.9612
2025-10-02 06:11:38,453 - root - INFO - best test average_precision: 0.9644
2025-10-02 06:11:38,453 - root - INFO - test roc_auc, 0.9583
2025-10-02 06:11:38,453 - root - INFO - new node test loss: 0.3547
2025-10-02 06:11:38,453 - root - INFO - new node test average_precision, 0.9447
2025-10-02 06:11:38,453 - root - INFO - new node test roc_auc, 0.9386
2025-10-02 06:11:56,814 - root - INFO - Epoch: 76, learning rate: 0.0001, train loss: 0.1837
2025-10-02 06:11:56,814 - root - INFO - train average_precision, 0.9752
2025-10-02 06:11:56,814 - root - INFO - train roc_auc, 0.9760
2025-10-02 06:11:56,814 - root - INFO - validate loss: 0.2707
2025-10-02 06:11:56,814 - root - INFO - validate average_precision, 0.9652
2025-10-02 06:11:56,814 - root - INFO - validate roc_auc, 0.9614
2025-10-02 06:11:56,814 - root - INFO - new node validate loss: 0.3463
2025-10-02 06:11:56,814 - root - INFO - new node validate average_precision, 0.9379
2025-10-02 06:11:56,814 - root - INFO - new node validate roc_auc, 0.9302
2025-10-02 06:12:01,575 - root - INFO - test loss: 0.2870
2025-10-02 06:12:01,576 - root - INFO - test average_precision, 0.9598
2025-10-02 06:12:01,576 - root - INFO - best test average_precision: 0.9644
2025-10-02 06:12:01,576 - root - INFO - test roc_auc, 0.9569
2025-10-02 06:12:01,576 - root - INFO - new node test loss: 0.3362
2025-10-02 06:12:01,576 - root - INFO - new node test average_precision, 0.9443
2025-10-02 06:12:01,576 - root - INFO - new node test roc_auc, 0.9377
2025-10-02 06:12:19,967 - root - INFO - Epoch: 77, learning rate: 0.0001, train loss: 0.1813
2025-10-02 06:12:19,967 - root - INFO - train average_precision, 0.9758
2025-10-02 06:12:19,968 - root - INFO - train roc_auc, 0.9767
2025-10-02 06:12:19,968 - root - INFO - validate loss: 0.2710
2025-10-02 06:12:19,968 - root - INFO - validate average_precision, 0.9659
2025-10-02 06:12:19,968 - root - INFO - validate roc_auc, 0.9622
2025-10-02 06:12:19,968 - root - INFO - new node validate loss: 0.3516
2025-10-02 06:12:19,968 - root - INFO - new node validate average_precision, 0.9370
2025-10-02 06:12:19,968 - root - INFO - new node validate roc_auc, 0.9291
2025-10-02 06:12:24,678 - root - INFO - test loss: 0.2805
2025-10-02 06:12:24,679 - root - INFO - test average_precision, 0.9619
2025-10-02 06:12:24,679 - root - INFO - best test average_precision: 0.9644
2025-10-02 06:12:24,679 - root - INFO - test roc_auc, 0.9593
2025-10-02 06:12:24,679 - root - INFO - new node test loss: 0.3377
2025-10-02 06:12:24,679 - root - INFO - new node test average_precision, 0.9437
2025-10-02 06:12:24,679 - root - INFO - new node test roc_auc, 0.9380
2025-10-02 06:12:43,078 - root - INFO - Epoch: 78, learning rate: 0.0001, train loss: 0.1854
2025-10-02 06:12:43,078 - root - INFO - train average_precision, 0.9748
2025-10-02 06:12:43,078 - root - INFO - train roc_auc, 0.9757
2025-10-02 06:12:43,078 - root - INFO - validate loss: 0.2741
2025-10-02 06:12:43,078 - root - INFO - validate average_precision, 0.9650
2025-10-02 06:12:43,078 - root - INFO - validate roc_auc, 0.9614
2025-10-02 06:12:43,078 - root - INFO - new node validate loss: 0.3465
2025-10-02 06:12:43,078 - root - INFO - new node validate average_precision, 0.9377
2025-10-02 06:12:43,078 - root - INFO - new node validate roc_auc, 0.9298
2025-10-02 06:12:47,798 - root - INFO - test loss: 0.2892
2025-10-02 06:12:47,799 - root - INFO - test average_precision, 0.9590
2025-10-02 06:12:47,799 - root - INFO - best test average_precision: 0.9644
2025-10-02 06:12:47,799 - root - INFO - test roc_auc, 0.9567
2025-10-02 06:12:47,799 - root - INFO - new node test loss: 0.3408
2025-10-02 06:12:47,799 - root - INFO - new node test average_precision, 0.9437
2025-10-02 06:12:47,799 - root - INFO - new node test roc_auc, 0.9374
2025-10-02 06:13:06,302 - root - INFO - Epoch: 79, learning rate: 0.0001, train loss: 0.1835
2025-10-02 06:13:06,303 - root - INFO - train average_precision, 0.9752
2025-10-02 06:13:06,303 - root - INFO - train roc_auc, 0.9761
2025-10-02 06:13:06,303 - root - INFO - validate loss: 0.2806
2025-10-02 06:13:06,303 - root - INFO - validate average_precision, 0.9638
2025-10-02 06:13:06,303 - root - INFO - validate roc_auc, 0.9603
2025-10-02 06:13:06,303 - root - INFO - new node validate loss: 0.3560
2025-10-02 06:13:06,303 - root - INFO - new node validate average_precision, 0.9364
2025-10-02 06:13:06,303 - root - INFO - new node validate roc_auc, 0.9282
2025-10-02 06:13:11,015 - root - INFO - test loss: 0.2995
2025-10-02 06:13:11,015 - root - INFO - test average_precision, 0.9577
2025-10-02 06:13:11,015 - root - INFO - best test average_precision: 0.9644
2025-10-02 06:13:11,015 - root - INFO - test roc_auc, 0.9553
2025-10-02 06:13:11,016 - root - INFO - new node test loss: 0.3448
2025-10-02 06:13:11,016 - root - INFO - new node test average_precision, 0.9430
2025-10-02 06:13:11,016 - root - INFO - new node test roc_auc, 0.9371
2025-10-02 06:13:29,429 - root - INFO - Epoch: 80, learning rate: 0.0001, train loss: 0.1824
2025-10-02 06:13:29,429 - root - INFO - train average_precision, 0.9755
2025-10-02 06:13:29,429 - root - INFO - train roc_auc, 0.9764
2025-10-02 06:13:29,429 - root - INFO - validate loss: 0.2760
2025-10-02 06:13:29,430 - root - INFO - validate average_precision, 0.9653
2025-10-02 06:13:29,430 - root - INFO - validate roc_auc, 0.9618
2025-10-02 06:13:29,430 - root - INFO - new node validate loss: 0.3557
2025-10-02 06:13:29,430 - root - INFO - new node validate average_precision, 0.9375
2025-10-02 06:13:29,430 - root - INFO - new node validate roc_auc, 0.9292
2025-10-02 06:13:34,139 - root - INFO - test loss: 0.2902
2025-10-02 06:13:34,140 - root - INFO - test average_precision, 0.9610
2025-10-02 06:13:34,140 - root - INFO - best test average_precision: 0.9644
2025-10-02 06:13:34,140 - root - INFO - test roc_auc, 0.9587
2025-10-02 06:13:34,140 - root - INFO - new node test loss: 0.3484
2025-10-02 06:13:34,140 - root - INFO - new node test average_precision, 0.9425
2025-10-02 06:13:34,140 - root - INFO - new node test roc_auc, 0.9370
2025-10-02 06:13:52,562 - root - INFO - Epoch: 81, learning rate: 0.0001, train loss: 0.1809
2025-10-02 06:13:52,562 - root - INFO - train average_precision, 0.9759
2025-10-02 06:13:52,562 - root - INFO - train roc_auc, 0.9767
2025-10-02 06:13:52,562 - root - INFO - validate loss: 0.2832
2025-10-02 06:13:52,562 - root - INFO - validate average_precision, 0.9650
2025-10-02 06:13:52,562 - root - INFO - validate roc_auc, 0.9611
2025-10-02 06:13:52,562 - root - INFO - new node validate loss: 0.3635
2025-10-02 06:13:52,563 - root - INFO - new node validate average_precision, 0.9370
2025-10-02 06:13:52,563 - root - INFO - new node validate roc_auc, 0.9286
2025-10-02 06:13:57,259 - root - INFO - test loss: 0.2972
2025-10-02 06:13:57,259 - root - INFO - test average_precision, 0.9609
2025-10-02 06:13:57,259 - root - INFO - best test average_precision: 0.9644
2025-10-02 06:13:57,260 - root - INFO - test roc_auc, 0.9582
2025-10-02 06:13:57,260 - root - INFO - new node test loss: 0.3503
2025-10-02 06:13:57,260 - root - INFO - new node test average_precision, 0.9442
2025-10-02 06:13:57,260 - root - INFO - new node test roc_auc, 0.9382
2025-10-02 06:13:57,260 - root - INFO - load model ./saved_models/JODIE/wikipedia/JODIE_time2vec_seed4/JODIE_time2vec_seed4.pkl
2025-10-02 06:13:58,506 - root - INFO - get final performance on dataset wikipedia...
2025-10-02 06:14:03,539 - root - INFO - test loss: 0.2692
2025-10-02 06:14:03,539 - root - INFO - test average_precision, 0.9633
2025-10-02 06:14:03,539 - root - INFO - test roc_auc, 0.9612
2025-10-02 06:14:03,539 - root - INFO - new node test loss: 0.3313
2025-10-02 06:14:03,539 - root - INFO - new node test average_precision, 0.9440
2025-10-02 06:14:03,539 - root - INFO - new node test roc_auc, 0.9384
2025-10-02 06:14:03,539 - root - INFO - Run 5 cost 1908.36 seconds.
2025-10-02 06:14:03,544 - root - INFO - metrics over 5 runs:
2025-10-02 06:14:03,544 - root - INFO - test average_precision, [np.float64(0.9618849943812505), np.float64(0.964106365398659), np.float64(0.9645254119877248), np.float64(0.9650689391782875), np.float64(0.9633433564646976)]
2025-10-02 06:14:03,544 - root - INFO - average test average_precision, 0.9638 ± 0.0012
2025-10-02 06:14:03,544 - root - INFO - test roc_auc, [np.float64(0.9597547466605689), np.float64(0.9615998523218812), np.float64(0.9624729782389145), np.float64(0.9622857142857143), np.float64(0.9611625197698126)]
2025-10-02 06:14:03,544 - root - INFO - average test roc_auc, 0.9615 ± 0.0011
2025-10-02 06:14:03,544 - root - INFO - new node test average_precision, [np.float64(0.9445428222623545), np.float64(0.9478878132141583), np.float64(0.9454320385103651), np.float64(0.9455149640944681), np.float64(0.9440425609177083)]
2025-10-02 06:14:03,544 - root - INFO - average new node test average_precision, 0.9455 ± 0.0015
2025-10-02 06:14:03,544 - root - INFO - new node test roc_auc, [np.float64(0.9394123017525872), np.float64(0.9421966197814872), np.float64(0.9390898601454615), np.float64(0.9398999775720099), np.float64(0.9383841946749543)]
2025-10-02 06:14:03,545 - root - INFO - average new node test roc_auc, 0.9398 ± 0.0015
