2025-10-02 17:20:14,169 - root - INFO - ********** Run 1 starts. **********
2025-10-02 17:20:14,169 - root - INFO - configuration is Namespace(dataset_name='uci', batch_size=200, model_name='JODIE', gpu=0, num_neighbors=10, sample_neighbor_strategy='uniform', time_scaling_factor=1e-06, num_walk_heads=8, num_heads=2, num_layers=1, walk_length=1, time_gap=2000, time_feat_dim=128, position_feat_dim=172, time_window_mode='fixed_proportion', time_encoder_type='kan_mammote', expert_dim=64, num_mixtures=4, patch_size=1, channel_embedding_dim=50, max_input_sequence_length=32, learning_rate=0.0001, dropout=0.4, gamma=0.5, num_epochs=100, optimizer='Adam', weight_decay=0.0, patience=20, val_ratio=0.15, test_ratio=0.15, num_runs=1, test_interval_epochs=1, negative_sample_strategy='random', max_interaction_times=10, load_best_configs=True, device='cuda:0', seed=0, save_model_name='JODIE_kan_mammote_seed0')
2025-10-02 17:20:14,177 - root - INFO - time encoder type: kan_mammote
2025-10-02 17:20:14,453 - root - INFO - model -> Sequential(
  (0): MemoryModel(
    (time_encoder): TimeEncoder(
      (w): Linear(in_features=1, out_features=128, bias=True)
    )
    (message_aggregator): MessageAggregator()
    (memory_bank): MemoryBank(num_nodes=1900, memory_dim=172)
    (memory_updater): RNNMemoryUpdater(
      (memory_bank): MemoryBank(num_nodes=1900, memory_dim=172)
      (memory_updater): RNNCell(644, 172)
    )
    (embedding_module): TimeProjectionEmbedding(
      (dropout): Dropout(p=0.4, inplace=False)
      (linear_layer): Linear(in_features=1, out_features=172, bias=True)
    )
  )
  (1): MergeLayer(
    (fc1): Linear(in_features=344, out_features=172, bias=True)
    (fc2): Linear(in_features=172, out_features=1, bias=True)
    (act): ReLU()
  )
)
2025-10-02 17:20:14,454 - root - INFO - model name: JODIE, #parameters: 803236 B, 784.41015625 KB, 0.7660255432128906 MB.
2025-10-02 17:20:20,067 - root - INFO - Epoch: 1, learning rate: 0.0001, train loss: 0.5305
2025-10-02 17:20:20,067 - root - INFO - train average_precision, 0.7704
2025-10-02 17:20:20,067 - root - INFO - train roc_auc, 0.8085
2025-10-02 17:20:20,067 - root - INFO - validate loss: 0.5604
2025-10-02 17:20:20,067 - root - INFO - validate average_precision, 0.8281
2025-10-02 17:20:20,067 - root - INFO - validate roc_auc, 0.8479
2025-10-02 17:20:20,068 - root - INFO - new node validate loss: 0.7069
2025-10-02 17:20:20,068 - root - INFO - new node validate average_precision, 0.7135
2025-10-02 17:20:20,068 - root - INFO - new node validate roc_auc, 0.7138
2025-10-02 17:20:20,910 - root - INFO - test loss: 0.9511
2025-10-02 17:20:20,910 - root - INFO - test average_precision, 0.8837
2025-10-02 17:20:20,910 - root - INFO - best test average_precision: 0.8837
2025-10-02 17:20:20,910 - root - INFO - test roc_auc, 0.9008
2025-10-02 17:20:20,910 - root - INFO - new node test loss: 1.1689
2025-10-02 17:20:20,910 - root - INFO - new node test average_precision, 0.7559
2025-10-02 17:20:20,910 - root - INFO - new node test roc_auc, 0.7660
2025-10-02 17:20:20,911 - root - INFO - save model ./saved_models/JODIE/uci/JODIE_kan_mammote_seed0/JODIE_kan_mammote_seed0.pkl
2025-10-02 17:20:25,010 - root - INFO - Epoch: 2, learning rate: 0.0001, train loss: 0.4828
2025-10-02 17:20:25,011 - root - INFO - train average_precision, 0.8200
2025-10-02 17:20:25,011 - root - INFO - train roc_auc, 0.8466
2025-10-02 17:20:25,011 - root - INFO - validate loss: 0.5451
2025-10-02 17:20:25,011 - root - INFO - validate average_precision, 0.8258
2025-10-02 17:20:25,011 - root - INFO - validate roc_auc, 0.8463
2025-10-02 17:20:25,011 - root - INFO - new node validate loss: 0.6818
2025-10-02 17:20:25,011 - root - INFO - new node validate average_precision, 0.7170
2025-10-02 17:20:25,011 - root - INFO - new node validate roc_auc, 0.7187
2025-10-02 17:20:25,858 - root - INFO - test loss: 0.8770
2025-10-02 17:20:25,858 - root - INFO - test average_precision, 0.8732
2025-10-02 17:20:25,858 - root - INFO - best test average_precision: 0.8837
2025-10-02 17:20:25,858 - root - INFO - test roc_auc, 0.8963
2025-10-02 17:20:25,859 - root - INFO - new node test loss: 1.0509
2025-10-02 17:20:25,859 - root - INFO - new node test average_precision, 0.7260
2025-10-02 17:20:25,859 - root - INFO - new node test roc_auc, 0.7498
2025-10-02 17:20:29,702 - root - INFO - Epoch: 3, learning rate: 0.0001, train loss: 0.4735
2025-10-02 17:20:29,703 - root - INFO - train average_precision, 0.8311
2025-10-02 17:20:29,703 - root - INFO - train roc_auc, 0.8532
2025-10-02 17:20:29,703 - root - INFO - validate loss: 0.5279
2025-10-02 17:20:29,703 - root - INFO - validate average_precision, 0.8273
2025-10-02 17:20:29,703 - root - INFO - validate roc_auc, 0.8481
2025-10-02 17:20:29,703 - root - INFO - new node validate loss: 0.6640
2025-10-02 17:20:29,703 - root - INFO - new node validate average_precision, 0.7195
2025-10-02 17:20:29,703 - root - INFO - new node validate roc_auc, 0.7216
2025-10-02 17:20:30,560 - root - INFO - test loss: 0.8160
2025-10-02 17:20:30,561 - root - INFO - test average_precision, 0.8669
2025-10-02 17:20:30,561 - root - INFO - best test average_precision: 0.8837
2025-10-02 17:20:30,561 - root - INFO - test roc_auc, 0.8944
2025-10-02 17:20:30,561 - root - INFO - new node test loss: 0.9728
2025-10-02 17:20:30,561 - root - INFO - new node test average_precision, 0.7124
2025-10-02 17:20:30,561 - root - INFO - new node test roc_auc, 0.7437
2025-10-02 17:20:34,301 - root - INFO - Epoch: 4, learning rate: 0.0001, train loss: 0.4660
2025-10-02 17:20:34,301 - root - INFO - train average_precision, 0.8337
2025-10-02 17:20:34,301 - root - INFO - train roc_auc, 0.8571
2025-10-02 17:20:34,302 - root - INFO - validate loss: 0.5249
2025-10-02 17:20:34,302 - root - INFO - validate average_precision, 0.8271
2025-10-02 17:20:34,302 - root - INFO - validate roc_auc, 0.8489
2025-10-02 17:20:34,302 - root - INFO - new node validate loss: 0.6580
2025-10-02 17:20:34,302 - root - INFO - new node validate average_precision, 0.7227
2025-10-02 17:20:34,302 - root - INFO - new node validate roc_auc, 0.7239
2025-10-02 17:20:35,149 - root - INFO - test loss: 0.7815
2025-10-02 17:20:35,149 - root - INFO - test average_precision, 0.8678
2025-10-02 17:20:35,149 - root - INFO - best test average_precision: 0.8837
2025-10-02 17:20:35,149 - root - INFO - test roc_auc, 0.8952
2025-10-02 17:20:35,149 - root - INFO - new node test loss: 0.9246
2025-10-02 17:20:35,149 - root - INFO - new node test average_precision, 0.7136
2025-10-02 17:20:35,149 - root - INFO - new node test roc_auc, 0.7446
2025-10-02 17:20:38,998 - root - INFO - Epoch: 5, learning rate: 0.0001, train loss: 0.4635
2025-10-02 17:20:38,999 - root - INFO - train average_precision, 0.8388
2025-10-02 17:20:38,999 - root - INFO - train roc_auc, 0.8595
2025-10-02 17:20:38,999 - root - INFO - validate loss: 0.5253
2025-10-02 17:20:38,999 - root - INFO - validate average_precision, 0.8287
2025-10-02 17:20:38,999 - root - INFO - validate roc_auc, 0.8490
2025-10-02 17:20:38,999 - root - INFO - new node validate loss: 0.6598
2025-10-02 17:20:38,999 - root - INFO - new node validate average_precision, 0.7249
2025-10-02 17:20:38,999 - root - INFO - new node validate roc_auc, 0.7253
2025-10-02 17:20:39,845 - root - INFO - test loss: 0.7887
2025-10-02 17:20:39,845 - root - INFO - test average_precision, 0.8613
2025-10-02 17:20:39,845 - root - INFO - best test average_precision: 0.8837
2025-10-02 17:20:39,845 - root - INFO - test roc_auc, 0.8926
2025-10-02 17:20:39,845 - root - INFO - new node test loss: 0.9279
2025-10-02 17:20:39,845 - root - INFO - new node test average_precision, 0.7026
2025-10-02 17:20:39,846 - root - INFO - new node test roc_auc, 0.7388
2025-10-02 17:20:39,846 - root - INFO - save model ./saved_models/JODIE/uci/JODIE_kan_mammote_seed0/JODIE_kan_mammote_seed0.pkl
2025-10-02 17:20:43,932 - root - INFO - Epoch: 6, learning rate: 0.0001, train loss: 0.4607
2025-10-02 17:20:43,932 - root - INFO - train average_precision, 0.8398
2025-10-02 17:20:43,932 - root - INFO - train roc_auc, 0.8611
2025-10-02 17:20:43,932 - root - INFO - validate loss: 0.5254
2025-10-02 17:20:43,932 - root - INFO - validate average_precision, 0.8291
2025-10-02 17:20:43,932 - root - INFO - validate roc_auc, 0.8481
2025-10-02 17:20:43,932 - root - INFO - new node validate loss: 0.6579
2025-10-02 17:20:43,932 - root - INFO - new node validate average_precision, 0.7263
2025-10-02 17:20:43,932 - root - INFO - new node validate roc_auc, 0.7252
2025-10-02 17:20:44,780 - root - INFO - test loss: 0.7729
2025-10-02 17:20:44,780 - root - INFO - test average_precision, 0.8586
2025-10-02 17:20:44,780 - root - INFO - best test average_precision: 0.8837
2025-10-02 17:20:44,780 - root - INFO - test roc_auc, 0.8913
2025-10-02 17:20:44,780 - root - INFO - new node test loss: 0.9144
2025-10-02 17:20:44,780 - root - INFO - new node test average_precision, 0.6984
2025-10-02 17:20:44,780 - root - INFO - new node test roc_auc, 0.7359
2025-10-02 17:20:48,514 - root - INFO - Epoch: 7, learning rate: 0.0001, train loss: 0.4597
2025-10-02 17:20:48,514 - root - INFO - train average_precision, 0.8409
2025-10-02 17:20:48,514 - root - INFO - train roc_auc, 0.8610
2025-10-02 17:20:48,514 - root - INFO - validate loss: 0.5124
2025-10-02 17:20:48,514 - root - INFO - validate average_precision, 0.8325
2025-10-02 17:20:48,514 - root - INFO - validate roc_auc, 0.8514
2025-10-02 17:20:48,514 - root - INFO - new node validate loss: 0.6479
2025-10-02 17:20:48,514 - root - INFO - new node validate average_precision, 0.7276
2025-10-02 17:20:48,515 - root - INFO - new node validate roc_auc, 0.7261
2025-10-02 17:20:49,499 - root - INFO - test loss: 0.7507
2025-10-02 17:20:49,499 - root - INFO - test average_precision, 0.8689
2025-10-02 17:20:49,499 - root - INFO - best test average_precision: 0.8837
2025-10-02 17:20:49,500 - root - INFO - test roc_auc, 0.8949
2025-10-02 17:20:49,500 - root - INFO - new node test loss: 0.8967
2025-10-02 17:20:49,500 - root - INFO - new node test average_precision, 0.7168
2025-10-02 17:20:49,500 - root - INFO - new node test roc_auc, 0.7440
2025-10-02 17:20:49,500 - root - INFO - save model ./saved_models/JODIE/uci/JODIE_kan_mammote_seed0/JODIE_kan_mammote_seed0.pkl
2025-10-02 17:20:53,455 - root - INFO - Epoch: 8, learning rate: 0.0001, train loss: 0.4598
2025-10-02 17:20:53,455 - root - INFO - train average_precision, 0.8383
2025-10-02 17:20:53,455 - root - INFO - train roc_auc, 0.8600
2025-10-02 17:20:53,455 - root - INFO - validate loss: 0.5157
2025-10-02 17:20:53,455 - root - INFO - validate average_precision, 0.8320
2025-10-02 17:20:53,455 - root - INFO - validate roc_auc, 0.8505
2025-10-02 17:20:53,455 - root - INFO - new node validate loss: 0.6492
2025-10-02 17:20:53,455 - root - INFO - new node validate average_precision, 0.7302
2025-10-02 17:20:53,455 - root - INFO - new node validate roc_auc, 0.7255
2025-10-02 17:20:54,304 - root - INFO - test loss: 0.7512
2025-10-02 17:20:54,304 - root - INFO - test average_precision, 0.8678
2025-10-02 17:20:54,304 - root - INFO - best test average_precision: 0.8837
2025-10-02 17:20:54,304 - root - INFO - test roc_auc, 0.8938
2025-10-02 17:20:54,304 - root - INFO - new node test loss: 0.8968
2025-10-02 17:20:54,304 - root - INFO - new node test average_precision, 0.7189
2025-10-02 17:20:54,304 - root - INFO - new node test roc_auc, 0.7431
2025-10-02 17:20:58,146 - root - INFO - Epoch: 9, learning rate: 0.0001, train loss: 0.4565
2025-10-02 17:20:58,147 - root - INFO - train average_precision, 0.8427
2025-10-02 17:20:58,147 - root - INFO - train roc_auc, 0.8631
2025-10-02 17:20:58,147 - root - INFO - validate loss: 0.5249
2025-10-02 17:20:58,147 - root - INFO - validate average_precision, 0.8289
2025-10-02 17:20:58,147 - root - INFO - validate roc_auc, 0.8473
2025-10-02 17:20:58,147 - root - INFO - new node validate loss: 0.6536
2025-10-02 17:20:58,147 - root - INFO - new node validate average_precision, 0.7287
2025-10-02 17:20:58,147 - root - INFO - new node validate roc_auc, 0.7235
2025-10-02 17:20:59,005 - root - INFO - test loss: 0.7524
2025-10-02 17:20:59,006 - root - INFO - test average_precision, 0.8610
2025-10-02 17:20:59,006 - root - INFO - best test average_precision: 0.8837
2025-10-02 17:20:59,006 - root - INFO - test roc_auc, 0.8906
2025-10-02 17:20:59,006 - root - INFO - new node test loss: 0.8985
2025-10-02 17:20:59,006 - root - INFO - new node test average_precision, 0.7069
2025-10-02 17:20:59,006 - root - INFO - new node test roc_auc, 0.7364
2025-10-02 17:21:02,844 - root - INFO - Epoch: 10, learning rate: 0.0001, train loss: 0.4551
2025-10-02 17:21:02,845 - root - INFO - train average_precision, 0.8427
2025-10-02 17:21:02,845 - root - INFO - train roc_auc, 0.8633
2025-10-02 17:21:02,845 - root - INFO - validate loss: 0.5140
2025-10-02 17:21:02,845 - root - INFO - validate average_precision, 0.8330
2025-10-02 17:21:02,845 - root - INFO - validate roc_auc, 0.8509
2025-10-02 17:21:02,845 - root - INFO - new node validate loss: 0.6412
2025-10-02 17:21:02,845 - root - INFO - new node validate average_precision, 0.7311
2025-10-02 17:21:02,845 - root - INFO - new node validate roc_auc, 0.7243
2025-10-02 17:21:03,693 - root - INFO - test loss: 0.7013
2025-10-02 17:21:03,694 - root - INFO - test average_precision, 0.8704
2025-10-02 17:21:03,694 - root - INFO - best test average_precision: 0.8837
2025-10-02 17:21:03,694 - root - INFO - test roc_auc, 0.8945
2025-10-02 17:21:03,694 - root - INFO - new node test loss: 0.8485
2025-10-02 17:21:03,694 - root - INFO - new node test average_precision, 0.7230
2025-10-02 17:21:03,694 - root - INFO - new node test roc_auc, 0.7457
2025-10-02 17:21:07,444 - root - INFO - Epoch: 11, learning rate: 0.0001, train loss: 0.4544
2025-10-02 17:21:07,444 - root - INFO - train average_precision, 0.8459
2025-10-02 17:21:07,444 - root - INFO - train roc_auc, 0.8647
2025-10-02 17:21:07,444 - root - INFO - validate loss: 0.5060
2025-10-02 17:21:07,444 - root - INFO - validate average_precision, 0.8340
2025-10-02 17:21:07,444 - root - INFO - validate roc_auc, 0.8510
2025-10-02 17:21:07,444 - root - INFO - new node validate loss: 0.6361
2025-10-02 17:21:07,444 - root - INFO - new node validate average_precision, 0.7333
2025-10-02 17:21:07,444 - root - INFO - new node validate roc_auc, 0.7243
2025-10-02 17:21:08,299 - root - INFO - test loss: 0.6845
2025-10-02 17:21:08,299 - root - INFO - test average_precision, 0.8735
2025-10-02 17:21:08,299 - root - INFO - best test average_precision: 0.8837
2025-10-02 17:21:08,299 - root - INFO - test roc_auc, 0.8955
2025-10-02 17:21:08,299 - root - INFO - new node test loss: 0.8365
2025-10-02 17:21:08,299 - root - INFO - new node test average_precision, 0.7312
2025-10-02 17:21:08,299 - root - INFO - new node test roc_auc, 0.7498
2025-10-02 17:21:12,124 - root - INFO - Epoch: 12, learning rate: 0.0001, train loss: 0.4519
2025-10-02 17:21:12,124 - root - INFO - train average_precision, 0.8475
2025-10-02 17:21:12,124 - root - INFO - train roc_auc, 0.8662
2025-10-02 17:21:12,124 - root - INFO - validate loss: 0.5156
2025-10-02 17:21:12,124 - root - INFO - validate average_precision, 0.8324
2025-10-02 17:21:12,124 - root - INFO - validate roc_auc, 0.8489
2025-10-02 17:21:12,124 - root - INFO - new node validate loss: 0.6467
2025-10-02 17:21:12,124 - root - INFO - new node validate average_precision, 0.7322
2025-10-02 17:21:12,124 - root - INFO - new node validate roc_auc, 0.7230
2025-10-02 17:21:12,979 - root - INFO - test loss: 0.7333
2025-10-02 17:21:12,979 - root - INFO - test average_precision, 0.8687
2025-10-02 17:21:12,979 - root - INFO - best test average_precision: 0.8837
2025-10-02 17:21:12,979 - root - INFO - test roc_auc, 0.8928
2025-10-02 17:21:12,979 - root - INFO - new node test loss: 0.8909
2025-10-02 17:21:12,979 - root - INFO - new node test average_precision, 0.7263
2025-10-02 17:21:12,979 - root - INFO - new node test roc_auc, 0.7463
2025-10-02 17:21:16,816 - root - INFO - Epoch: 13, learning rate: 0.0001, train loss: 0.4574
2025-10-02 17:21:16,816 - root - INFO - train average_precision, 0.8413
2025-10-02 17:21:16,816 - root - INFO - train roc_auc, 0.8623
2025-10-02 17:21:16,816 - root - INFO - validate loss: 0.5119
2025-10-02 17:21:16,816 - root - INFO - validate average_precision, 0.8331
2025-10-02 17:21:16,816 - root - INFO - validate roc_auc, 0.8498
2025-10-02 17:21:16,816 - root - INFO - new node validate loss: 0.6398
2025-10-02 17:21:16,816 - root - INFO - new node validate average_precision, 0.7318
2025-10-02 17:21:16,816 - root - INFO - new node validate roc_auc, 0.7215
2025-10-02 17:21:17,661 - root - INFO - test loss: 0.6870
2025-10-02 17:21:17,661 - root - INFO - test average_precision, 0.8720
2025-10-02 17:21:17,661 - root - INFO - best test average_precision: 0.8837
2025-10-02 17:21:17,661 - root - INFO - test roc_auc, 0.8941
2025-10-02 17:21:17,661 - root - INFO - new node test loss: 0.8455
2025-10-02 17:21:17,661 - root - INFO - new node test average_precision, 0.7298
2025-10-02 17:21:17,661 - root - INFO - new node test roc_auc, 0.7482
2025-10-02 17:21:21,337 - root - INFO - Epoch: 14, learning rate: 0.0001, train loss: 0.4507
2025-10-02 17:21:21,337 - root - INFO - train average_precision, 0.8476
2025-10-02 17:21:21,337 - root - INFO - train roc_auc, 0.8669
2025-10-02 17:21:21,337 - root - INFO - validate loss: 0.5193
2025-10-02 17:21:21,337 - root - INFO - validate average_precision, 0.8316
2025-10-02 17:21:21,337 - root - INFO - validate roc_auc, 0.8477
2025-10-02 17:21:21,337 - root - INFO - new node validate loss: 0.6469
2025-10-02 17:21:21,337 - root - INFO - new node validate average_precision, 0.7340
2025-10-02 17:21:21,337 - root - INFO - new node validate roc_auc, 0.7235
2025-10-02 17:21:22,179 - root - INFO - test loss: 0.7390
2025-10-02 17:21:22,179 - root - INFO - test average_precision, 0.8735
2025-10-02 17:21:22,179 - root - INFO - best test average_precision: 0.8837
2025-10-02 17:21:22,179 - root - INFO - test roc_auc, 0.8944
2025-10-02 17:21:22,179 - root - INFO - new node test loss: 0.9077
2025-10-02 17:21:22,180 - root - INFO - new node test average_precision, 0.7317
2025-10-02 17:21:22,180 - root - INFO - new node test roc_auc, 0.7493
2025-10-02 17:21:25,988 - root - INFO - Epoch: 15, learning rate: 0.0001, train loss: 0.4486
2025-10-02 17:21:25,988 - root - INFO - train average_precision, 0.8506
2025-10-02 17:21:25,988 - root - INFO - train roc_auc, 0.8685
2025-10-02 17:21:25,988 - root - INFO - validate loss: 0.5126
2025-10-02 17:21:25,988 - root - INFO - validate average_precision, 0.8328
2025-10-02 17:21:25,988 - root - INFO - validate roc_auc, 0.8488
2025-10-02 17:21:25,988 - root - INFO - new node validate loss: 0.6407
2025-10-02 17:21:25,988 - root - INFO - new node validate average_precision, 0.7339
2025-10-02 17:21:25,988 - root - INFO - new node validate roc_auc, 0.7221
2025-10-02 17:21:26,832 - root - INFO - test loss: 0.7025
2025-10-02 17:21:26,832 - root - INFO - test average_precision, 0.8777
2025-10-02 17:21:26,832 - root - INFO - best test average_precision: 0.8837
2025-10-02 17:21:26,832 - root - INFO - test roc_auc, 0.8960
2025-10-02 17:21:26,832 - root - INFO - new node test loss: 0.8754
2025-10-02 17:21:26,833 - root - INFO - new node test average_precision, 0.7415
2025-10-02 17:21:26,833 - root - INFO - new node test roc_auc, 0.7540
2025-10-02 17:21:30,656 - root - INFO - Epoch: 16, learning rate: 0.0001, train loss: 0.4494
2025-10-02 17:21:30,656 - root - INFO - train average_precision, 0.8504
2025-10-02 17:21:30,656 - root - INFO - train roc_auc, 0.8681
2025-10-02 17:21:30,656 - root - INFO - validate loss: 0.5094
2025-10-02 17:21:30,656 - root - INFO - validate average_precision, 0.8341
2025-10-02 17:21:30,656 - root - INFO - validate roc_auc, 0.8500
2025-10-02 17:21:30,656 - root - INFO - new node validate loss: 0.6383
2025-10-02 17:21:30,656 - root - INFO - new node validate average_precision, 0.7345
2025-10-02 17:21:30,656 - root - INFO - new node validate roc_auc, 0.7220
2025-10-02 17:21:31,503 - root - INFO - test loss: 0.7097
2025-10-02 17:21:31,503 - root - INFO - test average_precision, 0.8809
2025-10-02 17:21:31,503 - root - INFO - best test average_precision: 0.8837
2025-10-02 17:21:31,503 - root - INFO - test roc_auc, 0.8968
2025-10-02 17:21:31,503 - root - INFO - new node test loss: 0.8954
2025-10-02 17:21:31,503 - root - INFO - new node test average_precision, 0.7494
2025-10-02 17:21:31,503 - root - INFO - new node test roc_auc, 0.7561
2025-10-02 17:21:35,213 - root - INFO - Epoch: 17, learning rate: 0.0001, train loss: 0.4446
2025-10-02 17:21:35,213 - root - INFO - train average_precision, 0.8537
2025-10-02 17:21:35,214 - root - INFO - train roc_auc, 0.8703
2025-10-02 17:21:35,214 - root - INFO - validate loss: 0.5075
2025-10-02 17:21:35,214 - root - INFO - validate average_precision, 0.8354
2025-10-02 17:21:35,214 - root - INFO - validate roc_auc, 0.8510
2025-10-02 17:21:35,214 - root - INFO - new node validate loss: 0.6390
2025-10-02 17:21:35,214 - root - INFO - new node validate average_precision, 0.7312
2025-10-02 17:21:35,214 - root - INFO - new node validate roc_auc, 0.7187
2025-10-02 17:21:36,171 - root - INFO - test loss: 0.7050
2025-10-02 17:21:36,171 - root - INFO - test average_precision, 0.8838
2025-10-02 17:21:36,171 - root - INFO - best test average_precision: 0.8838
2025-10-02 17:21:36,171 - root - INFO - test roc_auc, 0.8981
2025-10-02 17:21:36,171 - root - INFO - new node test loss: 0.8874
2025-10-02 17:21:36,171 - root - INFO - new node test average_precision, 0.7587
2025-10-02 17:21:36,172 - root - INFO - new node test roc_auc, 0.7603
2025-10-02 17:21:39,871 - root - INFO - Epoch: 18, learning rate: 0.0001, train loss: 0.4487
2025-10-02 17:21:39,871 - root - INFO - train average_precision, 0.8510
2025-10-02 17:21:39,871 - root - INFO - train roc_auc, 0.8684
2025-10-02 17:21:39,871 - root - INFO - validate loss: 0.5200
2025-10-02 17:21:39,872 - root - INFO - validate average_precision, 0.8314
2025-10-02 17:21:39,872 - root - INFO - validate roc_auc, 0.8464
2025-10-02 17:21:39,872 - root - INFO - new node validate loss: 0.6481
2025-10-02 17:21:39,872 - root - INFO - new node validate average_precision, 0.7281
2025-10-02 17:21:39,872 - root - INFO - new node validate roc_auc, 0.7153
2025-10-02 17:21:40,724 - root - INFO - test loss: 0.7318
2025-10-02 17:21:40,724 - root - INFO - test average_precision, 0.8792
2025-10-02 17:21:40,724 - root - INFO - best test average_precision: 0.8838
2025-10-02 17:21:40,725 - root - INFO - test roc_auc, 0.8940
2025-10-02 17:21:40,725 - root - INFO - new node test loss: 0.9160
2025-10-02 17:21:40,725 - root - INFO - new node test average_precision, 0.7494
2025-10-02 17:21:40,725 - root - INFO - new node test roc_auc, 0.7527
2025-10-02 17:21:44,568 - root - INFO - Epoch: 19, learning rate: 0.0001, train loss: 0.4461
2025-10-02 17:21:44,568 - root - INFO - train average_precision, 0.8544
2025-10-02 17:21:44,568 - root - INFO - train roc_auc, 0.8710
2025-10-02 17:21:44,568 - root - INFO - validate loss: 0.5123
2025-10-02 17:21:44,569 - root - INFO - validate average_precision, 0.8326
2025-10-02 17:21:44,569 - root - INFO - validate roc_auc, 0.8477
2025-10-02 17:21:44,569 - root - INFO - new node validate loss: 0.6438
2025-10-02 17:21:44,569 - root - INFO - new node validate average_precision, 0.7293
2025-10-02 17:21:44,569 - root - INFO - new node validate roc_auc, 0.7156
2025-10-02 17:21:45,419 - root - INFO - test loss: 0.7142
2025-10-02 17:21:45,419 - root - INFO - test average_precision, 0.8848
2025-10-02 17:21:45,419 - root - INFO - best test average_precision: 0.8848
2025-10-02 17:21:45,419 - root - INFO - test roc_auc, 0.8977
2025-10-02 17:21:45,420 - root - INFO - new node test loss: 0.9011
2025-10-02 17:21:45,420 - root - INFO - new node test average_precision, 0.7638
2025-10-02 17:21:45,420 - root - INFO - new node test roc_auc, 0.7625
2025-10-02 17:21:49,114 - root - INFO - Epoch: 20, learning rate: 0.0001, train loss: 0.4449
2025-10-02 17:21:49,114 - root - INFO - train average_precision, 0.8549
2025-10-02 17:21:49,114 - root - INFO - train roc_auc, 0.8709
2025-10-02 17:21:49,114 - root - INFO - validate loss: 0.5093
2025-10-02 17:21:49,114 - root - INFO - validate average_precision, 0.8350
2025-10-02 17:21:49,114 - root - INFO - validate roc_auc, 0.8488
2025-10-02 17:21:49,114 - root - INFO - new node validate loss: 0.6454
2025-10-02 17:21:49,114 - root - INFO - new node validate average_precision, 0.7299
2025-10-02 17:21:49,114 - root - INFO - new node validate roc_auc, 0.7149
2025-10-02 17:21:49,962 - root - INFO - test loss: 0.7055
2025-10-02 17:21:49,963 - root - INFO - test average_precision, 0.8899
2025-10-02 17:21:49,963 - root - INFO - best test average_precision: 0.8899
2025-10-02 17:21:49,963 - root - INFO - test roc_auc, 0.9002
2025-10-02 17:21:49,963 - root - INFO - new node test loss: 0.8961
2025-10-02 17:21:49,963 - root - INFO - new node test average_precision, 0.7745
2025-10-02 17:21:49,963 - root - INFO - new node test roc_auc, 0.7682
2025-10-02 17:21:53,721 - root - INFO - Epoch: 21, learning rate: 0.0001, train loss: 0.4442
2025-10-02 17:21:53,721 - root - INFO - train average_precision, 0.8538
2025-10-02 17:21:53,721 - root - INFO - train roc_auc, 0.8712
2025-10-02 17:21:53,721 - root - INFO - validate loss: 0.5049
2025-10-02 17:21:53,721 - root - INFO - validate average_precision, 0.8362
2025-10-02 17:21:53,721 - root - INFO - validate roc_auc, 0.8512
2025-10-02 17:21:53,721 - root - INFO - new node validate loss: 0.6429
2025-10-02 17:21:53,721 - root - INFO - new node validate average_precision, 0.7301
2025-10-02 17:21:53,721 - root - INFO - new node validate roc_auc, 0.7152
2025-10-02 17:21:54,565 - root - INFO - test loss: 0.7010
2025-10-02 17:21:54,565 - root - INFO - test average_precision, 0.8913
2025-10-02 17:21:54,565 - root - INFO - best test average_precision: 0.8913
2025-10-02 17:21:54,565 - root - INFO - test roc_auc, 0.9025
2025-10-02 17:21:54,565 - root - INFO - new node test loss: 0.8923
2025-10-02 17:21:54,565 - root - INFO - new node test average_precision, 0.7816
2025-10-02 17:21:54,565 - root - INFO - new node test roc_auc, 0.7743
2025-10-02 17:21:58,356 - root - INFO - Epoch: 22, learning rate: 0.0001, train loss: 0.4421
2025-10-02 17:21:58,356 - root - INFO - train average_precision, 0.8560
2025-10-02 17:21:58,356 - root - INFO - train roc_auc, 0.8726
2025-10-02 17:21:58,356 - root - INFO - validate loss: 0.5129
2025-10-02 17:21:58,356 - root - INFO - validate average_precision, 0.8366
2025-10-02 17:21:58,356 - root - INFO - validate roc_auc, 0.8517
2025-10-02 17:21:58,356 - root - INFO - new node validate loss: 0.6481
2025-10-02 17:21:58,356 - root - INFO - new node validate average_precision, 0.7271
2025-10-02 17:21:58,356 - root - INFO - new node validate roc_auc, 0.7125
2025-10-02 17:21:59,202 - root - INFO - test loss: 0.7208
2025-10-02 17:21:59,202 - root - INFO - test average_precision, 0.8893
2025-10-02 17:21:59,202 - root - INFO - best test average_precision: 0.8913
2025-10-02 17:21:59,202 - root - INFO - test roc_auc, 0.9011
2025-10-02 17:21:59,202 - root - INFO - new node test loss: 0.9083
2025-10-02 17:21:59,202 - root - INFO - new node test average_precision, 0.7812
2025-10-02 17:21:59,202 - root - INFO - new node test roc_auc, 0.7736
2025-10-02 17:21:59,202 - root - INFO - save model ./saved_models/JODIE/uci/JODIE_kan_mammote_seed0/JODIE_kan_mammote_seed0.pkl
2025-10-02 17:22:03,243 - root - INFO - Epoch: 23, learning rate: 0.0001, train loss: 0.4444
2025-10-02 17:22:03,243 - root - INFO - train average_precision, 0.8557
2025-10-02 17:22:03,243 - root - INFO - train roc_auc, 0.8715
2025-10-02 17:22:03,243 - root - INFO - validate loss: 0.5178
2025-10-02 17:22:03,243 - root - INFO - validate average_precision, 0.8348
2025-10-02 17:22:03,243 - root - INFO - validate roc_auc, 0.8510
2025-10-02 17:22:03,243 - root - INFO - new node validate loss: 0.6519
2025-10-02 17:22:03,243 - root - INFO - new node validate average_precision, 0.7260
2025-10-02 17:22:03,243 - root - INFO - new node validate roc_auc, 0.7145
2025-10-02 17:22:04,095 - root - INFO - test loss: 0.7236
2025-10-02 17:22:04,095 - root - INFO - test average_precision, 0.8882
2025-10-02 17:22:04,095 - root - INFO - best test average_precision: 0.8913
2025-10-02 17:22:04,095 - root - INFO - test roc_auc, 0.8998
2025-10-02 17:22:04,095 - root - INFO - new node test loss: 0.9049
2025-10-02 17:22:04,095 - root - INFO - new node test average_precision, 0.7810
2025-10-02 17:22:04,095 - root - INFO - new node test roc_auc, 0.7724
2025-10-02 17:22:07,808 - root - INFO - Epoch: 24, learning rate: 0.0001, train loss: 0.4434
2025-10-02 17:22:07,808 - root - INFO - train average_precision, 0.8592
2025-10-02 17:22:07,809 - root - INFO - train roc_auc, 0.8729
2025-10-02 17:22:07,809 - root - INFO - validate loss: 0.5277
2025-10-02 17:22:07,809 - root - INFO - validate average_precision, 0.8381
2025-10-02 17:22:07,809 - root - INFO - validate roc_auc, 0.8516
2025-10-02 17:22:07,809 - root - INFO - new node validate loss: 0.6593
2025-10-02 17:22:07,809 - root - INFO - new node validate average_precision, 0.7262
2025-10-02 17:22:07,809 - root - INFO - new node validate roc_auc, 0.7131
2025-10-02 17:22:08,664 - root - INFO - test loss: 0.7306
2025-10-02 17:22:08,664 - root - INFO - test average_precision, 0.8888
2025-10-02 17:22:08,664 - root - INFO - best test average_precision: 0.8913
2025-10-02 17:22:08,664 - root - INFO - test roc_auc, 0.9000
2025-10-02 17:22:08,664 - root - INFO - new node test loss: 0.9148
2025-10-02 17:22:08,664 - root - INFO - new node test average_precision, 0.7807
2025-10-02 17:22:08,664 - root - INFO - new node test roc_auc, 0.7713
2025-10-02 17:22:12,512 - root - INFO - Epoch: 25, learning rate: 0.0001, train loss: 0.4434
2025-10-02 17:22:12,512 - root - INFO - train average_precision, 0.8561
2025-10-02 17:22:12,512 - root - INFO - train roc_auc, 0.8718
2025-10-02 17:22:12,512 - root - INFO - validate loss: 0.5238
2025-10-02 17:22:12,512 - root - INFO - validate average_precision, 0.8358
2025-10-02 17:22:12,512 - root - INFO - validate roc_auc, 0.8512
2025-10-02 17:22:12,512 - root - INFO - new node validate loss: 0.6497
2025-10-02 17:22:12,512 - root - INFO - new node validate average_precision, 0.7237
2025-10-02 17:22:12,512 - root - INFO - new node validate roc_auc, 0.7147
2025-10-02 17:22:13,362 - root - INFO - test loss: 0.6810
2025-10-02 17:22:13,362 - root - INFO - test average_precision, 0.8759
2025-10-02 17:22:13,362 - root - INFO - best test average_precision: 0.8913
2025-10-02 17:22:13,362 - root - INFO - test roc_auc, 0.8957
2025-10-02 17:22:13,363 - root - INFO - new node test loss: 0.8535
2025-10-02 17:22:13,363 - root - INFO - new node test average_precision, 0.7725
2025-10-02 17:22:13,363 - root - INFO - new node test roc_auc, 0.7701
2025-10-02 17:22:17,097 - root - INFO - Epoch: 26, learning rate: 0.0001, train loss: 0.4398
2025-10-02 17:22:17,097 - root - INFO - train average_precision, 0.8592
2025-10-02 17:22:17,098 - root - INFO - train roc_auc, 0.8749
2025-10-02 17:22:17,098 - root - INFO - validate loss: 0.5038
2025-10-02 17:22:17,098 - root - INFO - validate average_precision, 0.8390
2025-10-02 17:22:17,098 - root - INFO - validate roc_auc, 0.8523
2025-10-02 17:22:17,098 - root - INFO - new node validate loss: 0.6435
2025-10-02 17:22:17,098 - root - INFO - new node validate average_precision, 0.7292
2025-10-02 17:22:17,098 - root - INFO - new node validate roc_auc, 0.7140
2025-10-02 17:22:18,050 - root - INFO - test loss: 0.6532
2025-10-02 17:22:18,051 - root - INFO - test average_precision, 0.8855
2025-10-02 17:22:18,051 - root - INFO - best test average_precision: 0.8913
2025-10-02 17:22:18,051 - root - INFO - test roc_auc, 0.8985
2025-10-02 17:22:18,051 - root - INFO - new node test loss: 0.8387
2025-10-02 17:22:18,051 - root - INFO - new node test average_precision, 0.7866
2025-10-02 17:22:18,051 - root - INFO - new node test roc_auc, 0.7764
2025-10-02 17:22:18,051 - root - INFO - save model ./saved_models/JODIE/uci/JODIE_kan_mammote_seed0/JODIE_kan_mammote_seed0.pkl
2025-10-02 17:22:21,992 - root - INFO - Epoch: 27, learning rate: 0.0001, train loss: 0.4381
2025-10-02 17:22:21,992 - root - INFO - train average_precision, 0.8597
2025-10-02 17:22:21,992 - root - INFO - train roc_auc, 0.8746
2025-10-02 17:22:21,992 - root - INFO - validate loss: 0.5113
2025-10-02 17:22:21,992 - root - INFO - validate average_precision, 0.8390
2025-10-02 17:22:21,992 - root - INFO - validate roc_auc, 0.8535
2025-10-02 17:22:21,992 - root - INFO - new node validate loss: 0.6518
2025-10-02 17:22:21,992 - root - INFO - new node validate average_precision, 0.7300
2025-10-02 17:22:21,992 - root - INFO - new node validate roc_auc, 0.7159
2025-10-02 17:22:22,837 - root - INFO - test loss: 0.6975
2025-10-02 17:22:22,837 - root - INFO - test average_precision, 0.8875
2025-10-02 17:22:22,837 - root - INFO - best test average_precision: 0.8913
2025-10-02 17:22:22,837 - root - INFO - test roc_auc, 0.9012
2025-10-02 17:22:22,837 - root - INFO - new node test loss: 0.8829
2025-10-02 17:22:22,837 - root - INFO - new node test average_precision, 0.7879
2025-10-02 17:22:22,837 - root - INFO - new node test roc_auc, 0.7804
2025-10-02 17:22:22,838 - root - INFO - save model ./saved_models/JODIE/uci/JODIE_kan_mammote_seed0/JODIE_kan_mammote_seed0.pkl
2025-10-02 17:22:26,908 - root - INFO - Epoch: 28, learning rate: 0.0001, train loss: 0.4361
2025-10-02 17:22:26,908 - root - INFO - train average_precision, 0.8624
2025-10-02 17:22:26,908 - root - INFO - train roc_auc, 0.8761
2025-10-02 17:22:26,908 - root - INFO - validate loss: 0.5331
2025-10-02 17:22:26,908 - root - INFO - validate average_precision, 0.8374
2025-10-02 17:22:26,908 - root - INFO - validate roc_auc, 0.8510
2025-10-02 17:22:26,908 - root - INFO - new node validate loss: 0.6687
2025-10-02 17:22:26,908 - root - INFO - new node validate average_precision, 0.7279
2025-10-02 17:22:26,908 - root - INFO - new node validate roc_auc, 0.7168
2025-10-02 17:22:27,759 - root - INFO - test loss: 0.7447
2025-10-02 17:22:27,759 - root - INFO - test average_precision, 0.8745
2025-10-02 17:22:27,759 - root - INFO - best test average_precision: 0.8913
2025-10-02 17:22:27,759 - root - INFO - test roc_auc, 0.8973
2025-10-02 17:22:27,759 - root - INFO - new node test loss: 0.9169
2025-10-02 17:22:27,759 - root - INFO - new node test average_precision, 0.7765
2025-10-02 17:22:27,759 - root - INFO - new node test roc_auc, 0.7763
2025-10-02 17:22:31,585 - root - INFO - Epoch: 29, learning rate: 0.0001, train loss: 0.4385
2025-10-02 17:22:31,586 - root - INFO - train average_precision, 0.8597
2025-10-02 17:22:31,586 - root - INFO - train roc_auc, 0.8740
2025-10-02 17:22:31,586 - root - INFO - validate loss: 0.5160
2025-10-02 17:22:31,586 - root - INFO - validate average_precision, 0.8409
2025-10-02 17:22:31,586 - root - INFO - validate roc_auc, 0.8537
2025-10-02 17:22:31,586 - root - INFO - new node validate loss: 0.6544
2025-10-02 17:22:31,586 - root - INFO - new node validate average_precision, 0.7312
2025-10-02 17:22:31,586 - root - INFO - new node validate roc_auc, 0.7161
2025-10-02 17:22:32,432 - root - INFO - test loss: 0.6816
2025-10-02 17:22:32,432 - root - INFO - test average_precision, 0.8834
2025-10-02 17:22:32,432 - root - INFO - best test average_precision: 0.8913
2025-10-02 17:22:32,432 - root - INFO - test roc_auc, 0.8994
2025-10-02 17:22:32,432 - root - INFO - new node test loss: 0.8610
2025-10-02 17:22:32,432 - root - INFO - new node test average_precision, 0.7809
2025-10-02 17:22:32,433 - root - INFO - new node test roc_auc, 0.7770
2025-10-02 17:22:32,433 - root - INFO - save model ./saved_models/JODIE/uci/JODIE_kan_mammote_seed0/JODIE_kan_mammote_seed0.pkl
2025-10-02 17:22:36,340 - root - INFO - Epoch: 30, learning rate: 0.0001, train loss: 0.4372
2025-10-02 17:22:36,341 - root - INFO - train average_precision, 0.8606
2025-10-02 17:22:36,341 - root - INFO - train roc_auc, 0.8746
2025-10-02 17:22:36,341 - root - INFO - validate loss: 0.5211
2025-10-02 17:22:36,341 - root - INFO - validate average_precision, 0.8428
2025-10-02 17:22:36,341 - root - INFO - validate roc_auc, 0.8547
2025-10-02 17:22:36,341 - root - INFO - new node validate loss: 0.6568
2025-10-02 17:22:36,341 - root - INFO - new node validate average_precision, 0.7300
2025-10-02 17:22:36,341 - root - INFO - new node validate roc_auc, 0.7168
2025-10-02 17:22:37,282 - root - INFO - test loss: 0.7054
2025-10-02 17:22:37,282 - root - INFO - test average_precision, 0.8705
2025-10-02 17:22:37,282 - root - INFO - best test average_precision: 0.8913
2025-10-02 17:22:37,282 - root - INFO - test roc_auc, 0.8941
2025-10-02 17:22:37,282 - root - INFO - new node test loss: 0.8814
2025-10-02 17:22:37,282 - root - INFO - new node test average_precision, 0.7721
2025-10-02 17:22:37,282 - root - INFO - new node test roc_auc, 0.7744
2025-10-02 17:22:37,283 - root - INFO - save model ./saved_models/JODIE/uci/JODIE_kan_mammote_seed0/JODIE_kan_mammote_seed0.pkl
2025-10-02 17:22:41,269 - root - INFO - Epoch: 31, learning rate: 0.0001, train loss: 0.4382
2025-10-02 17:22:41,269 - root - INFO - train average_precision, 0.8601
2025-10-02 17:22:41,269 - root - INFO - train roc_auc, 0.8745
2025-10-02 17:22:41,269 - root - INFO - validate loss: 0.5318
2025-10-02 17:22:41,269 - root - INFO - validate average_precision, 0.8425
2025-10-02 17:22:41,269 - root - INFO - validate roc_auc, 0.8540
2025-10-02 17:22:41,269 - root - INFO - new node validate loss: 0.6643
2025-10-02 17:22:41,269 - root - INFO - new node validate average_precision, 0.7325
2025-10-02 17:22:41,269 - root - INFO - new node validate roc_auc, 0.7188
2025-10-02 17:22:42,121 - root - INFO - test loss: 0.7233
2025-10-02 17:22:42,121 - root - INFO - test average_precision, 0.8653
2025-10-02 17:22:42,121 - root - INFO - best test average_precision: 0.8913
2025-10-02 17:22:42,121 - root - INFO - test roc_auc, 0.8927
2025-10-02 17:22:42,121 - root - INFO - new node test loss: 0.8963
2025-10-02 17:22:42,121 - root - INFO - new node test average_precision, 0.7673
2025-10-02 17:22:42,121 - root - INFO - new node test roc_auc, 0.7738
2025-10-02 17:22:45,953 - root - INFO - Epoch: 32, learning rate: 0.0001, train loss: 0.4367
2025-10-02 17:22:45,953 - root - INFO - train average_precision, 0.8610
2025-10-02 17:22:45,953 - root - INFO - train roc_auc, 0.8754
2025-10-02 17:22:45,953 - root - INFO - validate loss: 0.5176
2025-10-02 17:22:45,953 - root - INFO - validate average_precision, 0.8430
2025-10-02 17:22:45,953 - root - INFO - validate roc_auc, 0.8553
2025-10-02 17:22:45,953 - root - INFO - new node validate loss: 0.6564
2025-10-02 17:22:45,953 - root - INFO - new node validate average_precision, 0.7340
2025-10-02 17:22:45,953 - root - INFO - new node validate roc_auc, 0.7184
2025-10-02 17:22:46,805 - root - INFO - test loss: 0.6954
2025-10-02 17:22:46,805 - root - INFO - test average_precision, 0.8742
2025-10-02 17:22:46,805 - root - INFO - best test average_precision: 0.8913
2025-10-02 17:22:46,805 - root - INFO - test roc_auc, 0.8958
2025-10-02 17:22:46,805 - root - INFO - new node test loss: 0.8734
2025-10-02 17:22:46,806 - root - INFO - new node test average_precision, 0.7729
2025-10-02 17:22:46,806 - root - INFO - new node test roc_auc, 0.7760
2025-10-02 17:22:46,806 - root - INFO - save model ./saved_models/JODIE/uci/JODIE_kan_mammote_seed0/JODIE_kan_mammote_seed0.pkl
2025-10-02 17:22:50,767 - root - INFO - Epoch: 33, learning rate: 0.0001, train loss: 0.4366
2025-10-02 17:22:50,767 - root - INFO - train average_precision, 0.8602
2025-10-02 17:22:50,767 - root - INFO - train roc_auc, 0.8752
2025-10-02 17:22:50,768 - root - INFO - validate loss: 0.5220
2025-10-02 17:22:50,768 - root - INFO - validate average_precision, 0.8426
2025-10-02 17:22:50,768 - root - INFO - validate roc_auc, 0.8538
2025-10-02 17:22:50,768 - root - INFO - new node validate loss: 0.6604
2025-10-02 17:22:50,768 - root - INFO - new node validate average_precision, 0.7320
2025-10-02 17:22:50,768 - root - INFO - new node validate roc_auc, 0.7172
2025-10-02 17:22:51,719 - root - INFO - test loss: 0.7001
2025-10-02 17:22:51,719 - root - INFO - test average_precision, 0.8645
2025-10-02 17:22:51,719 - root - INFO - best test average_precision: 0.8913
2025-10-02 17:22:51,719 - root - INFO - test roc_auc, 0.8937
2025-10-02 17:22:51,719 - root - INFO - new node test loss: 0.8684
2025-10-02 17:22:51,719 - root - INFO - new node test average_precision, 0.7693
2025-10-02 17:22:51,720 - root - INFO - new node test roc_auc, 0.7765
2025-10-02 17:22:55,404 - root - INFO - Epoch: 34, learning rate: 0.0001, train loss: 0.4342
2025-10-02 17:22:55,404 - root - INFO - train average_precision, 0.8649
2025-10-02 17:22:55,404 - root - INFO - train roc_auc, 0.8771
2025-10-02 17:22:55,404 - root - INFO - validate loss: 0.5350
2025-10-02 17:22:55,405 - root - INFO - validate average_precision, 0.8458
2025-10-02 17:22:55,405 - root - INFO - validate roc_auc, 0.8548
2025-10-02 17:22:55,405 - root - INFO - new node validate loss: 0.6722
2025-10-02 17:22:55,405 - root - INFO - new node validate average_precision, 0.7343
2025-10-02 17:22:55,405 - root - INFO - new node validate roc_auc, 0.7202
2025-10-02 17:22:56,249 - root - INFO - test loss: 0.7208
2025-10-02 17:22:56,249 - root - INFO - test average_precision, 0.8515
2025-10-02 17:22:56,249 - root - INFO - best test average_precision: 0.8913
2025-10-02 17:22:56,249 - root - INFO - test roc_auc, 0.8869
2025-10-02 17:22:56,249 - root - INFO - new node test loss: 0.8794
2025-10-02 17:22:56,249 - root - INFO - new node test average_precision, 0.7557
2025-10-02 17:22:56,250 - root - INFO - new node test roc_auc, 0.7700
2025-10-02 17:23:00,066 - root - INFO - Epoch: 35, learning rate: 0.0001, train loss: 0.4294
2025-10-02 17:23:00,066 - root - INFO - train average_precision, 0.8658
2025-10-02 17:23:00,066 - root - INFO - train roc_auc, 0.8801
2025-10-02 17:23:00,066 - root - INFO - validate loss: 0.5184
2025-10-02 17:23:00,067 - root - INFO - validate average_precision, 0.8525
2025-10-02 17:23:00,067 - root - INFO - validate roc_auc, 0.8591
2025-10-02 17:23:00,067 - root - INFO - new node validate loss: 0.6586
2025-10-02 17:23:00,067 - root - INFO - new node validate average_precision, 0.7426
2025-10-02 17:23:00,067 - root - INFO - new node validate roc_auc, 0.7299
2025-10-02 17:23:00,915 - root - INFO - test loss: 0.7049
2025-10-02 17:23:00,915 - root - INFO - test average_precision, 0.8691
2025-10-02 17:23:00,915 - root - INFO - best test average_precision: 0.8913
2025-10-02 17:23:00,915 - root - INFO - test roc_auc, 0.8945
2025-10-02 17:23:00,915 - root - INFO - new node test loss: 0.8659
2025-10-02 17:23:00,915 - root - INFO - new node test average_precision, 0.7798
2025-10-02 17:23:00,915 - root - INFO - new node test roc_auc, 0.7834
2025-10-02 17:23:00,915 - root - INFO - save model ./saved_models/JODIE/uci/JODIE_kan_mammote_seed0/JODIE_kan_mammote_seed0.pkl
2025-10-02 17:23:04,951 - root - INFO - Epoch: 36, learning rate: 0.0001, train loss: 0.4252
2025-10-02 17:23:04,952 - root - INFO - train average_precision, 0.8718
2025-10-02 17:23:04,952 - root - INFO - train roc_auc, 0.8828
2025-10-02 17:23:04,952 - root - INFO - validate loss: 0.5114
2025-10-02 17:23:04,952 - root - INFO - validate average_precision, 0.8579
2025-10-02 17:23:04,952 - root - INFO - validate roc_auc, 0.8633
2025-10-02 17:23:04,952 - root - INFO - new node validate loss: 0.6593
2025-10-02 17:23:04,952 - root - INFO - new node validate average_precision, 0.7448
2025-10-02 17:23:04,952 - root - INFO - new node validate roc_auc, 0.7309
2025-10-02 17:23:05,800 - root - INFO - test loss: 0.7341
2025-10-02 17:23:05,800 - root - INFO - test average_precision, 0.8581
2025-10-02 17:23:05,800 - root - INFO - best test average_precision: 0.8913
2025-10-02 17:23:05,801 - root - INFO - test roc_auc, 0.8860
2025-10-02 17:23:05,801 - root - INFO - new node test loss: 0.9069
2025-10-02 17:23:05,801 - root - INFO - new node test average_precision, 0.7701
2025-10-02 17:23:05,801 - root - INFO - new node test roc_auc, 0.7725
2025-10-02 17:23:05,801 - root - INFO - save model ./saved_models/JODIE/uci/JODIE_kan_mammote_seed0/JODIE_kan_mammote_seed0.pkl
2025-10-02 17:23:09,753 - root - INFO - Epoch: 37, learning rate: 0.0001, train loss: 0.4255
2025-10-02 17:23:09,753 - root - INFO - train average_precision, 0.8712
2025-10-02 17:23:09,753 - root - INFO - train roc_auc, 0.8824
2025-10-02 17:23:09,753 - root - INFO - validate loss: 0.5205
2025-10-02 17:23:09,753 - root - INFO - validate average_precision, 0.8577
2025-10-02 17:23:09,753 - root - INFO - validate roc_auc, 0.8631
2025-10-02 17:23:09,754 - root - INFO - new node validate loss: 0.6667
2025-10-02 17:23:09,754 - root - INFO - new node validate average_precision, 0.7494
2025-10-02 17:23:09,754 - root - INFO - new node validate roc_auc, 0.7315
2025-10-02 17:23:10,712 - root - INFO - test loss: 0.7551
2025-10-02 17:23:10,712 - root - INFO - test average_precision, 0.8754
2025-10-02 17:23:10,712 - root - INFO - best test average_precision: 0.8913
2025-10-02 17:23:10,712 - root - INFO - test roc_auc, 0.8937
2025-10-02 17:23:10,713 - root - INFO - new node test loss: 0.9387
2025-10-02 17:23:10,713 - root - INFO - new node test average_precision, 0.7866
2025-10-02 17:23:10,713 - root - INFO - new node test roc_auc, 0.7806
2025-10-02 17:23:14,444 - root - INFO - Epoch: 38, learning rate: 0.0001, train loss: 0.4232
2025-10-02 17:23:14,444 - root - INFO - train average_precision, 0.8727
2025-10-02 17:23:14,444 - root - INFO - train roc_auc, 0.8832
2025-10-02 17:23:14,444 - root - INFO - validate loss: 0.5166
2025-10-02 17:23:14,444 - root - INFO - validate average_precision, 0.8607
2025-10-02 17:23:14,444 - root - INFO - validate roc_auc, 0.8665
2025-10-02 17:23:14,444 - root - INFO - new node validate loss: 0.6612
2025-10-02 17:23:14,444 - root - INFO - new node validate average_precision, 0.7529
2025-10-02 17:23:14,444 - root - INFO - new node validate roc_auc, 0.7356
2025-10-02 17:23:15,297 - root - INFO - test loss: 0.7570
2025-10-02 17:23:15,298 - root - INFO - test average_precision, 0.8766
2025-10-02 17:23:15,298 - root - INFO - best test average_precision: 0.8913
2025-10-02 17:23:15,298 - root - INFO - test roc_auc, 0.8940
2025-10-02 17:23:15,298 - root - INFO - new node test loss: 0.9386
2025-10-02 17:23:15,298 - root - INFO - new node test average_precision, 0.7867
2025-10-02 17:23:15,298 - root - INFO - new node test roc_auc, 0.7809
2025-10-02 17:23:15,298 - root - INFO - save model ./saved_models/JODIE/uci/JODIE_kan_mammote_seed0/JODIE_kan_mammote_seed0.pkl
2025-10-02 17:23:19,372 - root - INFO - Epoch: 39, learning rate: 0.0001, train loss: 0.4344
2025-10-02 17:23:19,372 - root - INFO - train average_precision, 0.8638
2025-10-02 17:23:19,372 - root - INFO - train roc_auc, 0.8768
2025-10-02 17:23:19,372 - root - INFO - validate loss: 0.5345
2025-10-02 17:23:19,372 - root - INFO - validate average_precision, 0.8469
2025-10-02 17:23:19,372 - root - INFO - validate roc_auc, 0.8541
2025-10-02 17:23:19,372 - root - INFO - new node validate loss: 0.6700
2025-10-02 17:23:19,372 - root - INFO - new node validate average_precision, 0.7412
2025-10-02 17:23:19,372 - root - INFO - new node validate roc_auc, 0.7207
2025-10-02 17:23:20,223 - root - INFO - test loss: 0.7777
2025-10-02 17:23:20,223 - root - INFO - test average_precision, 0.8848
2025-10-02 17:23:20,223 - root - INFO - best test average_precision: 0.8913
2025-10-02 17:23:20,223 - root - INFO - test roc_auc, 0.8973
2025-10-02 17:23:20,223 - root - INFO - new node test loss: 0.9881
2025-10-02 17:23:20,223 - root - INFO - new node test average_precision, 0.7844
2025-10-02 17:23:20,223 - root - INFO - new node test roc_auc, 0.7766
2025-10-02 17:23:24,022 - root - INFO - Epoch: 40, learning rate: 0.0001, train loss: 0.4247
2025-10-02 17:23:24,022 - root - INFO - train average_precision, 0.8717
2025-10-02 17:23:24,022 - root - INFO - train roc_auc, 0.8823
2025-10-02 17:23:24,022 - root - INFO - validate loss: 0.5084
2025-10-02 17:23:24,022 - root - INFO - validate average_precision, 0.8597
2025-10-02 17:23:24,023 - root - INFO - validate roc_auc, 0.8655
2025-10-02 17:23:24,023 - root - INFO - new node validate loss: 0.6553
2025-10-02 17:23:24,023 - root - INFO - new node validate average_precision, 0.7491
2025-10-02 17:23:24,023 - root - INFO - new node validate roc_auc, 0.7300
2025-10-02 17:23:24,867 - root - INFO - test loss: 0.7315
2025-10-02 17:23:24,868 - root - INFO - test average_precision, 0.8763
2025-10-02 17:23:24,868 - root - INFO - best test average_precision: 0.8913
2025-10-02 17:23:24,868 - root - INFO - test roc_auc, 0.8906
2025-10-02 17:23:24,868 - root - INFO - new node test loss: 0.9315
2025-10-02 17:23:24,868 - root - INFO - new node test average_precision, 0.7851
2025-10-02 17:23:24,868 - root - INFO - new node test roc_auc, 0.7739
2025-10-02 17:23:28,551 - root - INFO - Epoch: 41, learning rate: 0.0001, train loss: 0.4311
2025-10-02 17:23:28,552 - root - INFO - train average_precision, 0.8653
2025-10-02 17:23:28,552 - root - INFO - train roc_auc, 0.8788
2025-10-02 17:23:28,552 - root - INFO - validate loss: 0.5285
2025-10-02 17:23:28,552 - root - INFO - validate average_precision, 0.8468
2025-10-02 17:23:28,552 - root - INFO - validate roc_auc, 0.8548
2025-10-02 17:23:28,552 - root - INFO - new node validate loss: 0.6697
2025-10-02 17:23:28,552 - root - INFO - new node validate average_precision, 0.7379
2025-10-02 17:23:28,552 - root - INFO - new node validate roc_auc, 0.7193
2025-10-02 17:23:29,499 - root - INFO - test loss: 0.7564
2025-10-02 17:23:29,499 - root - INFO - test average_precision, 0.8828
2025-10-02 17:23:29,499 - root - INFO - best test average_precision: 0.8913
2025-10-02 17:23:29,499 - root - INFO - test roc_auc, 0.8950
2025-10-02 17:23:29,499 - root - INFO - new node test loss: 0.9669
2025-10-02 17:23:29,499 - root - INFO - new node test average_precision, 0.7837
2025-10-02 17:23:29,499 - root - INFO - new node test roc_auc, 0.7740
2025-10-02 17:23:33,153 - root - INFO - Epoch: 42, learning rate: 0.0001, train loss: 0.4197
2025-10-02 17:23:33,153 - root - INFO - train average_precision, 0.8745
2025-10-02 17:23:33,154 - root - INFO - train roc_auc, 0.8856
2025-10-02 17:23:33,154 - root - INFO - validate loss: 0.5136
2025-10-02 17:23:33,154 - root - INFO - validate average_precision, 0.8609
2025-10-02 17:23:33,154 - root - INFO - validate roc_auc, 0.8656
2025-10-02 17:23:33,154 - root - INFO - new node validate loss: 0.6614
2025-10-02 17:23:33,154 - root - INFO - new node validate average_precision, 0.7504
2025-10-02 17:23:33,154 - root - INFO - new node validate roc_auc, 0.7333
2025-10-02 17:23:33,996 - root - INFO - test loss: 0.7779
2025-10-02 17:23:33,997 - root - INFO - test average_precision, 0.8798
2025-10-02 17:23:33,997 - root - INFO - best test average_precision: 0.8913
2025-10-02 17:23:33,997 - root - INFO - test roc_auc, 0.8938
2025-10-02 17:23:33,997 - root - INFO - new node test loss: 0.9725
2025-10-02 17:23:33,997 - root - INFO - new node test average_precision, 0.7893
2025-10-02 17:23:33,997 - root - INFO - new node test roc_auc, 0.7790
2025-10-02 17:23:37,778 - root - INFO - Epoch: 43, learning rate: 0.0001, train loss: 0.4307
2025-10-02 17:23:37,778 - root - INFO - train average_precision, 0.8657
2025-10-02 17:23:37,778 - root - INFO - train roc_auc, 0.8792
2025-10-02 17:23:37,778 - root - INFO - validate loss: 0.5280
2025-10-02 17:23:37,778 - root - INFO - validate average_precision, 0.8461
2025-10-02 17:23:37,778 - root - INFO - validate roc_auc, 0.8533
2025-10-02 17:23:37,778 - root - INFO - new node validate loss: 0.6692
2025-10-02 17:23:37,778 - root - INFO - new node validate average_precision, 0.7385
2025-10-02 17:23:37,778 - root - INFO - new node validate roc_auc, 0.7183
2025-10-02 17:23:38,629 - root - INFO - test loss: 0.7779
2025-10-02 17:23:38,629 - root - INFO - test average_precision, 0.8813
2025-10-02 17:23:38,629 - root - INFO - best test average_precision: 0.8913
2025-10-02 17:23:38,629 - root - INFO - test roc_auc, 0.8960
2025-10-02 17:23:38,629 - root - INFO - new node test loss: 0.9931
2025-10-02 17:23:38,629 - root - INFO - new node test average_precision, 0.7832
2025-10-02 17:23:38,629 - root - INFO - new node test roc_auc, 0.7772
2025-10-02 17:23:42,361 - root - INFO - Epoch: 44, learning rate: 0.0001, train loss: 0.4174
2025-10-02 17:23:42,361 - root - INFO - train average_precision, 0.8779
2025-10-02 17:23:42,361 - root - INFO - train roc_auc, 0.8875
2025-10-02 17:23:42,361 - root - INFO - validate loss: 0.5155
2025-10-02 17:23:42,361 - root - INFO - validate average_precision, 0.8601
2025-10-02 17:23:42,361 - root - INFO - validate roc_auc, 0.8650
2025-10-02 17:23:42,361 - root - INFO - new node validate loss: 0.6641
2025-10-02 17:23:42,361 - root - INFO - new node validate average_precision, 0.7465
2025-10-02 17:23:42,361 - root - INFO - new node validate roc_auc, 0.7292
2025-10-02 17:23:43,215 - root - INFO - test loss: 0.7789
2025-10-02 17:23:43,215 - root - INFO - test average_precision, 0.8717
2025-10-02 17:23:43,215 - root - INFO - best test average_precision: 0.8913
2025-10-02 17:23:43,215 - root - INFO - test roc_auc, 0.8897
2025-10-02 17:23:43,215 - root - INFO - new node test loss: 0.9734
2025-10-02 17:23:43,215 - root - INFO - new node test average_precision, 0.7921
2025-10-02 17:23:43,215 - root - INFO - new node test roc_auc, 0.7820
2025-10-02 17:23:47,054 - root - INFO - Epoch: 45, learning rate: 0.0001, train loss: 0.4279
2025-10-02 17:23:47,054 - root - INFO - train average_precision, 0.8662
2025-10-02 17:23:47,054 - root - INFO - train roc_auc, 0.8806
2025-10-02 17:23:47,054 - root - INFO - validate loss: 0.5384
2025-10-02 17:23:47,055 - root - INFO - validate average_precision, 0.8428
2025-10-02 17:23:47,055 - root - INFO - validate roc_auc, 0.8507
2025-10-02 17:23:47,055 - root - INFO - new node validate loss: 0.6742
2025-10-02 17:23:47,055 - root - INFO - new node validate average_precision, 0.7393
2025-10-02 17:23:47,055 - root - INFO - new node validate roc_auc, 0.7207
2025-10-02 17:23:47,900 - root - INFO - test loss: 0.7893
2025-10-02 17:23:47,900 - root - INFO - test average_precision, 0.8780
2025-10-02 17:23:47,900 - root - INFO - best test average_precision: 0.8913
2025-10-02 17:23:47,900 - root - INFO - test roc_auc, 0.8942
2025-10-02 17:23:47,900 - root - INFO - new node test loss: 0.9985
2025-10-02 17:23:47,900 - root - INFO - new node test average_precision, 0.7857
2025-10-02 17:23:47,900 - root - INFO - new node test roc_auc, 0.7791
2025-10-02 17:23:51,723 - root - INFO - Epoch: 46, learning rate: 0.0001, train loss: 0.4145
2025-10-02 17:23:51,723 - root - INFO - train average_precision, 0.8796
2025-10-02 17:23:51,723 - root - INFO - train roc_auc, 0.8881
2025-10-02 17:23:51,723 - root - INFO - validate loss: 0.5048
2025-10-02 17:23:51,723 - root - INFO - validate average_precision, 0.8611
2025-10-02 17:23:51,723 - root - INFO - validate roc_auc, 0.8659
2025-10-02 17:23:51,724 - root - INFO - new node validate loss: 0.6554
2025-10-02 17:23:51,724 - root - INFO - new node validate average_precision, 0.7526
2025-10-02 17:23:51,724 - root - INFO - new node validate roc_auc, 0.7363
2025-10-02 17:23:52,576 - root - INFO - test loss: 0.7442
2025-10-02 17:23:52,577 - root - INFO - test average_precision, 0.8687
2025-10-02 17:23:52,577 - root - INFO - best test average_precision: 0.8913
2025-10-02 17:23:52,577 - root - INFO - test roc_auc, 0.8886
2025-10-02 17:23:52,577 - root - INFO - new node test loss: 0.9285
2025-10-02 17:23:52,577 - root - INFO - new node test average_precision, 0.7885
2025-10-02 17:23:52,577 - root - INFO - new node test roc_auc, 0.7843
2025-10-02 17:23:56,301 - root - INFO - Epoch: 47, learning rate: 0.0001, train loss: 0.4263
2025-10-02 17:23:56,301 - root - INFO - train average_precision, 0.8708
2025-10-02 17:23:56,301 - root - INFO - train roc_auc, 0.8820
2025-10-02 17:23:56,301 - root - INFO - validate loss: 0.5205
2025-10-02 17:23:56,301 - root - INFO - validate average_precision, 0.8511
2025-10-02 17:23:56,301 - root - INFO - validate roc_auc, 0.8569
2025-10-02 17:23:56,301 - root - INFO - new node validate loss: 0.6620
2025-10-02 17:23:56,301 - root - INFO - new node validate average_precision, 0.7424
2025-10-02 17:23:56,301 - root - INFO - new node validate roc_auc, 0.7226
2025-10-02 17:23:57,145 - root - INFO - test loss: 0.7474
2025-10-02 17:23:57,145 - root - INFO - test average_precision, 0.8782
2025-10-02 17:23:57,146 - root - INFO - best test average_precision: 0.8913
2025-10-02 17:23:57,146 - root - INFO - test roc_auc, 0.8933
2025-10-02 17:23:57,146 - root - INFO - new node test loss: 0.9567
2025-10-02 17:23:57,146 - root - INFO - new node test average_precision, 0.7874
2025-10-02 17:23:57,146 - root - INFO - new node test roc_auc, 0.7793
2025-10-02 17:24:00,961 - root - INFO - Epoch: 48, learning rate: 0.0001, train loss: 0.4148
2025-10-02 17:24:00,962 - root - INFO - train average_precision, 0.8773
2025-10-02 17:24:00,962 - root - INFO - train roc_auc, 0.8881
2025-10-02 17:24:00,962 - root - INFO - validate loss: 0.5096
2025-10-02 17:24:00,962 - root - INFO - validate average_precision, 0.8608
2025-10-02 17:24:00,962 - root - INFO - validate roc_auc, 0.8654
2025-10-02 17:24:00,962 - root - INFO - new node validate loss: 0.6605
2025-10-02 17:24:00,962 - root - INFO - new node validate average_precision, 0.7511
2025-10-02 17:24:00,962 - root - INFO - new node validate roc_auc, 0.7350
2025-10-02 17:24:01,806 - root - INFO - test loss: 0.7711
2025-10-02 17:24:01,806 - root - INFO - test average_precision, 0.8669
2025-10-02 17:24:01,807 - root - INFO - best test average_precision: 0.8913
2025-10-02 17:24:01,807 - root - INFO - test roc_auc, 0.8874
2025-10-02 17:24:01,807 - root - INFO - new node test loss: 0.9636
2025-10-02 17:24:01,807 - root - INFO - new node test average_precision, 0.7891
2025-10-02 17:24:01,807 - root - INFO - new node test roc_auc, 0.7808
2025-10-02 17:24:05,514 - root - INFO - Epoch: 49, learning rate: 0.0001, train loss: 0.4197
2025-10-02 17:24:05,514 - root - INFO - train average_precision, 0.8750
2025-10-02 17:24:05,514 - root - INFO - train roc_auc, 0.8857
2025-10-02 17:24:05,515 - root - INFO - validate loss: 0.5061
2025-10-02 17:24:05,515 - root - INFO - validate average_precision, 0.8587
2025-10-02 17:24:05,515 - root - INFO - validate roc_auc, 0.8612
2025-10-02 17:24:05,515 - root - INFO - new node validate loss: 0.6540
2025-10-02 17:24:05,515 - root - INFO - new node validate average_precision, 0.7489
2025-10-02 17:24:05,515 - root - INFO - new node validate roc_auc, 0.7341
2025-10-02 17:24:06,466 - root - INFO - test loss: 0.6977
2025-10-02 17:24:06,466 - root - INFO - test average_precision, 0.8540
2025-10-02 17:24:06,466 - root - INFO - best test average_precision: 0.8913
2025-10-02 17:24:06,466 - root - INFO - test roc_auc, 0.8796
2025-10-02 17:24:06,466 - root - INFO - new node test loss: 0.8736
2025-10-02 17:24:06,466 - root - INFO - new node test average_precision, 0.7824
2025-10-02 17:24:06,466 - root - INFO - new node test roc_auc, 0.7790
2025-10-02 17:24:10,151 - root - INFO - Epoch: 50, learning rate: 0.0001, train loss: 0.4134
2025-10-02 17:24:10,151 - root - INFO - train average_precision, 0.8785
2025-10-02 17:24:10,151 - root - INFO - train roc_auc, 0.8890
2025-10-02 17:24:10,151 - root - INFO - validate loss: 0.5020
2025-10-02 17:24:10,151 - root - INFO - validate average_precision, 0.8619
2025-10-02 17:24:10,151 - root - INFO - validate roc_auc, 0.8668
2025-10-02 17:24:10,151 - root - INFO - new node validate loss: 0.6525
2025-10-02 17:24:10,151 - root - INFO - new node validate average_precision, 0.7496
2025-10-02 17:24:10,151 - root - INFO - new node validate roc_auc, 0.7337
2025-10-02 17:24:11,000 - root - INFO - test loss: 0.7471
2025-10-02 17:24:11,001 - root - INFO - test average_precision, 0.8670
2025-10-02 17:24:11,001 - root - INFO - best test average_precision: 0.8913
2025-10-02 17:24:11,001 - root - INFO - test roc_auc, 0.8867
2025-10-02 17:24:11,001 - root - INFO - new node test loss: 0.9415
2025-10-02 17:24:11,001 - root - INFO - new node test average_precision, 0.7867
2025-10-02 17:24:11,001 - root - INFO - new node test roc_auc, 0.7789
2025-10-02 17:24:11,001 - root - INFO - save model ./saved_models/JODIE/uci/JODIE_kan_mammote_seed0/JODIE_kan_mammote_seed0.pkl
2025-10-02 17:24:15,066 - root - INFO - Epoch: 51, learning rate: 0.0001, train loss: 0.4149
2025-10-02 17:24:15,066 - root - INFO - train average_precision, 0.8789
2025-10-02 17:24:15,067 - root - INFO - train roc_auc, 0.8883
2025-10-02 17:24:15,067 - root - INFO - validate loss: 0.5065
2025-10-02 17:24:15,067 - root - INFO - validate average_precision, 0.8629
2025-10-02 17:24:15,067 - root - INFO - validate roc_auc, 0.8674
2025-10-02 17:24:15,067 - root - INFO - new node validate loss: 0.6565
2025-10-02 17:24:15,067 - root - INFO - new node validate average_precision, 0.7545
2025-10-02 17:24:15,067 - root - INFO - new node validate roc_auc, 0.7389
2025-10-02 17:24:15,916 - root - INFO - test loss: 0.7525
2025-10-02 17:24:15,916 - root - INFO - test average_precision, 0.8791
2025-10-02 17:24:15,916 - root - INFO - best test average_precision: 0.8913
2025-10-02 17:24:15,917 - root - INFO - test roc_auc, 0.8920
2025-10-02 17:24:15,917 - root - INFO - new node test loss: 0.9443
2025-10-02 17:24:15,917 - root - INFO - new node test average_precision, 0.7939
2025-10-02 17:24:15,917 - root - INFO - new node test roc_auc, 0.7831
2025-10-02 17:24:15,917 - root - INFO - save model ./saved_models/JODIE/uci/JODIE_kan_mammote_seed0/JODIE_kan_mammote_seed0.pkl
2025-10-02 17:24:19,953 - root - INFO - Epoch: 52, learning rate: 0.0001, train loss: 0.4166
2025-10-02 17:24:19,953 - root - INFO - train average_precision, 0.8765
2025-10-02 17:24:19,953 - root - INFO - train roc_auc, 0.8876
2025-10-02 17:24:19,953 - root - INFO - validate loss: 0.5051
2025-10-02 17:24:19,954 - root - INFO - validate average_precision, 0.8596
2025-10-02 17:24:19,954 - root - INFO - validate roc_auc, 0.8632
2025-10-02 17:24:19,954 - root - INFO - new node validate loss: 0.6544
2025-10-02 17:24:19,954 - root - INFO - new node validate average_precision, 0.7533
2025-10-02 17:24:19,954 - root - INFO - new node validate roc_auc, 0.7372
2025-10-02 17:24:20,803 - root - INFO - test loss: 0.7303
2025-10-02 17:24:20,803 - root - INFO - test average_precision, 0.8697
2025-10-02 17:24:20,803 - root - INFO - best test average_precision: 0.8913
2025-10-02 17:24:20,803 - root - INFO - test roc_auc, 0.8854
2025-10-02 17:24:20,803 - root - INFO - new node test loss: 0.9228
2025-10-02 17:24:20,803 - root - INFO - new node test average_precision, 0.7870
2025-10-02 17:24:20,803 - root - INFO - new node test roc_auc, 0.7784
2025-10-02 17:24:24,470 - root - INFO - Epoch: 53, learning rate: 0.0001, train loss: 0.4105
2025-10-02 17:24:24,471 - root - INFO - train average_precision, 0.8815
2025-10-02 17:24:24,471 - root - INFO - train roc_auc, 0.8904
2025-10-02 17:24:24,471 - root - INFO - validate loss: 0.5011
2025-10-02 17:24:24,471 - root - INFO - validate average_precision, 0.8603
2025-10-02 17:24:24,471 - root - INFO - validate roc_auc, 0.8645
2025-10-02 17:24:24,471 - root - INFO - new node validate loss: 0.6522
2025-10-02 17:24:24,471 - root - INFO - new node validate average_precision, 0.7518
2025-10-02 17:24:24,471 - root - INFO - new node validate roc_auc, 0.7339
2025-10-02 17:24:25,418 - root - INFO - test loss: 0.7582
2025-10-02 17:24:25,418 - root - INFO - test average_precision, 0.8695
2025-10-02 17:24:25,418 - root - INFO - best test average_precision: 0.8913
2025-10-02 17:24:25,418 - root - INFO - test roc_auc, 0.8853
2025-10-02 17:24:25,419 - root - INFO - new node test loss: 0.9682
2025-10-02 17:24:25,419 - root - INFO - new node test average_precision, 0.7905
2025-10-02 17:24:25,419 - root - INFO - new node test roc_auc, 0.7771
2025-10-02 17:24:29,152 - root - INFO - Epoch: 54, learning rate: 0.0001, train loss: 0.4105
2025-10-02 17:24:29,152 - root - INFO - train average_precision, 0.8821
2025-10-02 17:24:29,152 - root - INFO - train roc_auc, 0.8910
2025-10-02 17:24:29,153 - root - INFO - validate loss: 0.5024
2025-10-02 17:24:29,153 - root - INFO - validate average_precision, 0.8608
2025-10-02 17:24:29,153 - root - INFO - validate roc_auc, 0.8664
2025-10-02 17:24:29,153 - root - INFO - new node validate loss: 0.6536
2025-10-02 17:24:29,153 - root - INFO - new node validate average_precision, 0.7496
2025-10-02 17:24:29,153 - root - INFO - new node validate roc_auc, 0.7331
2025-10-02 17:24:30,006 - root - INFO - test loss: 0.7489
2025-10-02 17:24:30,006 - root - INFO - test average_precision, 0.8730
2025-10-02 17:24:30,006 - root - INFO - best test average_precision: 0.8913
2025-10-02 17:24:30,006 - root - INFO - test roc_auc, 0.8901
2025-10-02 17:24:30,007 - root - INFO - new node test loss: 0.9586
2025-10-02 17:24:30,007 - root - INFO - new node test average_precision, 0.7929
2025-10-02 17:24:30,007 - root - INFO - new node test roc_auc, 0.7796
2025-10-02 17:24:33,790 - root - INFO - Epoch: 55, learning rate: 0.0001, train loss: 0.4080
2025-10-02 17:24:33,790 - root - INFO - train average_precision, 0.8828
2025-10-02 17:24:33,790 - root - INFO - train roc_auc, 0.8922
2025-10-02 17:24:33,790 - root - INFO - validate loss: 0.5080
2025-10-02 17:24:33,790 - root - INFO - validate average_precision, 0.8603
2025-10-02 17:24:33,790 - root - INFO - validate roc_auc, 0.8658
2025-10-02 17:24:33,790 - root - INFO - new node validate loss: 0.6613
2025-10-02 17:24:33,790 - root - INFO - new node validate average_precision, 0.7497
2025-10-02 17:24:33,791 - root - INFO - new node validate roc_auc, 0.7344
2025-10-02 17:24:34,640 - root - INFO - test loss: 0.7503
2025-10-02 17:24:34,640 - root - INFO - test average_precision, 0.8667
2025-10-02 17:24:34,640 - root - INFO - best test average_precision: 0.8913
2025-10-02 17:24:34,640 - root - INFO - test roc_auc, 0.8889
2025-10-02 17:24:34,640 - root - INFO - new node test loss: 0.9528
2025-10-02 17:24:34,640 - root - INFO - new node test average_precision, 0.7957
2025-10-02 17:24:34,640 - root - INFO - new node test roc_auc, 0.7849
2025-10-02 17:24:38,331 - root - INFO - Epoch: 56, learning rate: 0.0001, train loss: 0.4140
2025-10-02 17:24:38,331 - root - INFO - train average_precision, 0.8781
2025-10-02 17:24:38,331 - root - INFO - train roc_auc, 0.8892
2025-10-02 17:24:38,331 - root - INFO - validate loss: 0.5099
2025-10-02 17:24:38,331 - root - INFO - validate average_precision, 0.8596
2025-10-02 17:24:38,331 - root - INFO - validate roc_auc, 0.8636
2025-10-02 17:24:38,332 - root - INFO - new node validate loss: 0.6616
2025-10-02 17:24:38,332 - root - INFO - new node validate average_precision, 0.7512
2025-10-02 17:24:38,332 - root - INFO - new node validate roc_auc, 0.7339
2025-10-02 17:24:39,181 - root - INFO - test loss: 0.7417
2025-10-02 17:24:39,182 - root - INFO - test average_precision, 0.8606
2025-10-02 17:24:39,182 - root - INFO - best test average_precision: 0.8913
2025-10-02 17:24:39,182 - root - INFO - test roc_auc, 0.8850
2025-10-02 17:24:39,182 - root - INFO - new node test loss: 0.9463
2025-10-02 17:24:39,182 - root - INFO - new node test average_precision, 0.7978
2025-10-02 17:24:39,182 - root - INFO - new node test roc_auc, 0.7849
2025-10-02 17:24:43,037 - root - INFO - Epoch: 57, learning rate: 0.0001, train loss: 0.4131
2025-10-02 17:24:43,038 - root - INFO - train average_precision, 0.8805
2025-10-02 17:24:43,038 - root - INFO - train roc_auc, 0.8898
2025-10-02 17:24:43,038 - root - INFO - validate loss: 0.5007
2025-10-02 17:24:43,038 - root - INFO - validate average_precision, 0.8611
2025-10-02 17:24:43,038 - root - INFO - validate roc_auc, 0.8658
2025-10-02 17:24:43,038 - root - INFO - new node validate loss: 0.6515
2025-10-02 17:24:43,038 - root - INFO - new node validate average_precision, 0.7542
2025-10-02 17:24:43,038 - root - INFO - new node validate roc_auc, 0.7357
2025-10-02 17:24:43,883 - root - INFO - test loss: 0.7244
2025-10-02 17:24:43,883 - root - INFO - test average_precision, 0.8773
2025-10-02 17:24:43,883 - root - INFO - best test average_precision: 0.8913
2025-10-02 17:24:43,883 - root - INFO - test roc_auc, 0.8915
2025-10-02 17:24:43,884 - root - INFO - new node test loss: 0.9492
2025-10-02 17:24:43,884 - root - INFO - new node test average_precision, 0.8002
2025-10-02 17:24:43,884 - root - INFO - new node test roc_auc, 0.7834
2025-10-02 17:24:47,655 - root - INFO - Epoch: 58, learning rate: 0.0001, train loss: 0.4061
2025-10-02 17:24:47,655 - root - INFO - train average_precision, 0.8844
2025-10-02 17:24:47,655 - root - INFO - train roc_auc, 0.8928
2025-10-02 17:24:47,655 - root - INFO - validate loss: 0.5118
2025-10-02 17:24:47,656 - root - INFO - validate average_precision, 0.8587
2025-10-02 17:24:47,656 - root - INFO - validate roc_auc, 0.8636
2025-10-02 17:24:47,656 - root - INFO - new node validate loss: 0.6587
2025-10-02 17:24:47,656 - root - INFO - new node validate average_precision, 0.7506
2025-10-02 17:24:47,656 - root - INFO - new node validate roc_auc, 0.7363
2025-10-02 17:24:48,499 - root - INFO - test loss: 0.7502
2025-10-02 17:24:48,500 - root - INFO - test average_precision, 0.8733
2025-10-02 17:24:48,500 - root - INFO - best test average_precision: 0.8913
2025-10-02 17:24:48,500 - root - INFO - test roc_auc, 0.8903
2025-10-02 17:24:48,500 - root - INFO - new node test loss: 0.9534
2025-10-02 17:24:48,500 - root - INFO - new node test average_precision, 0.7978
2025-10-02 17:24:48,500 - root - INFO - new node test roc_auc, 0.7854
2025-10-02 17:24:52,190 - root - INFO - Epoch: 59, learning rate: 0.0001, train loss: 0.4233
2025-10-02 17:24:52,190 - root - INFO - train average_precision, 0.8716
2025-10-02 17:24:52,190 - root - INFO - train roc_auc, 0.8840
2025-10-02 17:24:52,190 - root - INFO - validate loss: 0.5193
2025-10-02 17:24:52,190 - root - INFO - validate average_precision, 0.8522
2025-10-02 17:24:52,190 - root - INFO - validate roc_auc, 0.8552
2025-10-02 17:24:52,190 - root - INFO - new node validate loss: 0.6610
2025-10-02 17:24:52,191 - root - INFO - new node validate average_precision, 0.7423
2025-10-02 17:24:52,191 - root - INFO - new node validate roc_auc, 0.7214
2025-10-02 17:24:53,149 - root - INFO - test loss: 0.7359
2025-10-02 17:24:53,149 - root - INFO - test average_precision, 0.8736
2025-10-02 17:24:53,149 - root - INFO - best test average_precision: 0.8913
2025-10-02 17:24:53,149 - root - INFO - test roc_auc, 0.8905
2025-10-02 17:24:53,149 - root - INFO - new node test loss: 0.9439
2025-10-02 17:24:53,149 - root - INFO - new node test average_precision, 0.7913
2025-10-02 17:24:53,149 - root - INFO - new node test roc_auc, 0.7803
2025-10-02 17:24:56,869 - root - INFO - Epoch: 60, learning rate: 0.0001, train loss: 0.4103
2025-10-02 17:24:56,869 - root - INFO - train average_precision, 0.8822
2025-10-02 17:24:56,869 - root - INFO - train roc_auc, 0.8908
2025-10-02 17:24:56,869 - root - INFO - validate loss: 0.5173
2025-10-02 17:24:56,870 - root - INFO - validate average_precision, 0.8562
2025-10-02 17:24:56,870 - root - INFO - validate roc_auc, 0.8599
2025-10-02 17:24:56,870 - root - INFO - new node validate loss: 0.6689
2025-10-02 17:24:56,870 - root - INFO - new node validate average_precision, 0.7493
2025-10-02 17:24:56,870 - root - INFO - new node validate roc_auc, 0.7327
2025-10-02 17:24:57,722 - root - INFO - test loss: 0.7765
2025-10-02 17:24:57,722 - root - INFO - test average_precision, 0.8436
2025-10-02 17:24:57,722 - root - INFO - best test average_precision: 0.8913
2025-10-02 17:24:57,722 - root - INFO - test roc_auc, 0.8739
2025-10-02 17:24:57,722 - root - INFO - new node test loss: 0.9748
2025-10-02 17:24:57,722 - root - INFO - new node test average_precision, 0.7799
2025-10-02 17:24:57,722 - root - INFO - new node test roc_auc, 0.7722
2025-10-02 17:25:01,536 - root - INFO - Epoch: 61, learning rate: 0.0001, train loss: 0.4153
2025-10-02 17:25:01,536 - root - INFO - train average_precision, 0.8780
2025-10-02 17:25:01,536 - root - INFO - train roc_auc, 0.8883
2025-10-02 17:25:01,536 - root - INFO - validate loss: 0.5181
2025-10-02 17:25:01,536 - root - INFO - validate average_precision, 0.8566
2025-10-02 17:25:01,536 - root - INFO - validate roc_auc, 0.8587
2025-10-02 17:25:01,536 - root - INFO - new node validate loss: 0.6711
2025-10-02 17:25:01,536 - root - INFO - new node validate average_precision, 0.7514
2025-10-02 17:25:01,537 - root - INFO - new node validate roc_auc, 0.7327
2025-10-02 17:25:02,388 - root - INFO - test loss: 0.7030
2025-10-02 17:25:02,388 - root - INFO - test average_precision, 0.8804
2025-10-02 17:25:02,388 - root - INFO - best test average_precision: 0.8913
2025-10-02 17:25:02,388 - root - INFO - test roc_auc, 0.8925
2025-10-02 17:25:02,388 - root - INFO - new node test loss: 0.9109
2025-10-02 17:25:02,388 - root - INFO - new node test average_precision, 0.7904
2025-10-02 17:25:02,388 - root - INFO - new node test roc_auc, 0.7824
2025-10-02 17:25:06,065 - root - INFO - Epoch: 62, learning rate: 0.0001, train loss: 0.4177
2025-10-02 17:25:06,065 - root - INFO - train average_precision, 0.8776
2025-10-02 17:25:06,065 - root - INFO - train roc_auc, 0.8869
2025-10-02 17:25:06,065 - root - INFO - validate loss: 0.5166
2025-10-02 17:25:06,065 - root - INFO - validate average_precision, 0.8568
2025-10-02 17:25:06,065 - root - INFO - validate roc_auc, 0.8594
2025-10-02 17:25:06,065 - root - INFO - new node validate loss: 0.6617
2025-10-02 17:25:06,066 - root - INFO - new node validate average_precision, 0.7476
2025-10-02 17:25:06,066 - root - INFO - new node validate roc_auc, 0.7225
2025-10-02 17:25:06,909 - root - INFO - test loss: 0.7394
2025-10-02 17:25:06,910 - root - INFO - test average_precision, 0.8649
2025-10-02 17:25:06,910 - root - INFO - best test average_precision: 0.8913
2025-10-02 17:25:06,910 - root - INFO - test roc_auc, 0.8867
2025-10-02 17:25:06,910 - root - INFO - new node test loss: 0.9277
2025-10-02 17:25:06,910 - root - INFO - new node test average_precision, 0.7828
2025-10-02 17:25:06,910 - root - INFO - new node test roc_auc, 0.7752
2025-10-02 17:25:10,751 - root - INFO - Epoch: 63, learning rate: 0.0001, train loss: 0.4190
2025-10-02 17:25:10,751 - root - INFO - train average_precision, 0.8725
2025-10-02 17:25:10,751 - root - INFO - train roc_auc, 0.8847
2025-10-02 17:25:10,751 - root - INFO - validate loss: 0.5338
2025-10-02 17:25:10,751 - root - INFO - validate average_precision, 0.8462
2025-10-02 17:25:10,751 - root - INFO - validate roc_auc, 0.8507
2025-10-02 17:25:10,751 - root - INFO - new node validate loss: 0.6728
2025-10-02 17:25:10,751 - root - INFO - new node validate average_precision, 0.7402
2025-10-02 17:25:10,751 - root - INFO - new node validate roc_auc, 0.7201
2025-10-02 17:25:11,601 - root - INFO - test loss: 0.7773
2025-10-02 17:25:11,601 - root - INFO - test average_precision, 0.8506
2025-10-02 17:25:11,601 - root - INFO - best test average_precision: 0.8913
2025-10-02 17:25:11,601 - root - INFO - test roc_auc, 0.8782
2025-10-02 17:25:11,601 - root - INFO - new node test loss: 0.9790
2025-10-02 17:25:11,601 - root - INFO - new node test average_precision, 0.7780
2025-10-02 17:25:11,601 - root - INFO - new node test roc_auc, 0.7709
2025-10-02 17:25:15,392 - root - INFO - Epoch: 64, learning rate: 0.0001, train loss: 0.4081
2025-10-02 17:25:15,392 - root - INFO - train average_precision, 0.8809
2025-10-02 17:25:15,392 - root - INFO - train roc_auc, 0.8915
2025-10-02 17:25:15,392 - root - INFO - validate loss: 0.5182
2025-10-02 17:25:15,392 - root - INFO - validate average_precision, 0.8558
2025-10-02 17:25:15,392 - root - INFO - validate roc_auc, 0.8601
2025-10-02 17:25:15,392 - root - INFO - new node validate loss: 0.6738
2025-10-02 17:25:15,392 - root - INFO - new node validate average_precision, 0.7464
2025-10-02 17:25:15,392 - root - INFO - new node validate roc_auc, 0.7301
2025-10-02 17:25:16,242 - root - INFO - test loss: 0.7535
2025-10-02 17:25:16,242 - root - INFO - test average_precision, 0.8322
2025-10-02 17:25:16,242 - root - INFO - best test average_precision: 0.8913
2025-10-02 17:25:16,242 - root - INFO - test roc_auc, 0.8706
2025-10-02 17:25:16,242 - root - INFO - new node test loss: 0.9465
2025-10-02 17:25:16,242 - root - INFO - new node test average_precision, 0.7712
2025-10-02 17:25:16,242 - root - INFO - new node test roc_auc, 0.7709
2025-10-02 17:25:19,970 - root - INFO - Epoch: 65, learning rate: 0.0001, train loss: 0.4036
2025-10-02 17:25:19,971 - root - INFO - train average_precision, 0.8858
2025-10-02 17:25:19,971 - root - INFO - train roc_auc, 0.8947
2025-10-02 17:25:19,971 - root - INFO - validate loss: 0.5157
2025-10-02 17:25:19,971 - root - INFO - validate average_precision, 0.8579
2025-10-02 17:25:19,971 - root - INFO - validate roc_auc, 0.8625
2025-10-02 17:25:19,971 - root - INFO - new node validate loss: 0.6745
2025-10-02 17:25:19,971 - root - INFO - new node validate average_precision, 0.7479
2025-10-02 17:25:19,971 - root - INFO - new node validate roc_auc, 0.7311
2025-10-02 17:25:20,822 - root - INFO - test loss: 0.7763
2025-10-02 17:25:20,823 - root - INFO - test average_precision, 0.8519
2025-10-02 17:25:20,823 - root - INFO - best test average_precision: 0.8913
2025-10-02 17:25:20,823 - root - INFO - test roc_auc, 0.8804
2025-10-02 17:25:20,823 - root - INFO - new node test loss: 0.9832
2025-10-02 17:25:20,823 - root - INFO - new node test average_precision, 0.7833
2025-10-02 17:25:20,823 - root - INFO - new node test roc_auc, 0.7769
2025-10-02 17:25:24,668 - root - INFO - Epoch: 66, learning rate: 0.0001, train loss: 0.4089
2025-10-02 17:25:24,668 - root - INFO - train average_precision, 0.8824
2025-10-02 17:25:24,669 - root - INFO - train roc_auc, 0.8913
2025-10-02 17:25:24,669 - root - INFO - validate loss: 0.5144
2025-10-02 17:25:24,669 - root - INFO - validate average_precision, 0.8589
2025-10-02 17:25:24,669 - root - INFO - validate roc_auc, 0.8626
2025-10-02 17:25:24,669 - root - INFO - new node validate loss: 0.6698
2025-10-02 17:25:24,669 - root - INFO - new node validate average_precision, 0.7507
2025-10-02 17:25:24,669 - root - INFO - new node validate roc_auc, 0.7348
2025-10-02 17:25:25,513 - root - INFO - test loss: 0.7475
2025-10-02 17:25:25,513 - root - INFO - test average_precision, 0.8624
2025-10-02 17:25:25,513 - root - INFO - best test average_precision: 0.8913
2025-10-02 17:25:25,513 - root - INFO - test roc_auc, 0.8854
2025-10-02 17:25:25,513 - root - INFO - new node test loss: 0.9598
2025-10-02 17:25:25,513 - root - INFO - new node test average_precision, 0.7883
2025-10-02 17:25:25,513 - root - INFO - new node test roc_auc, 0.7814
2025-10-02 17:25:29,215 - root - INFO - Epoch: 67, learning rate: 0.0001, train loss: 0.4019
2025-10-02 17:25:29,215 - root - INFO - train average_precision, 0.8864
2025-10-02 17:25:29,215 - root - INFO - train roc_auc, 0.8950
2025-10-02 17:25:29,215 - root - INFO - validate loss: 0.5126
2025-10-02 17:25:29,215 - root - INFO - validate average_precision, 0.8598
2025-10-02 17:25:29,215 - root - INFO - validate roc_auc, 0.8641
2025-10-02 17:25:29,215 - root - INFO - new node validate loss: 0.6706
2025-10-02 17:25:29,216 - root - INFO - new node validate average_precision, 0.7491
2025-10-02 17:25:29,216 - root - INFO - new node validate roc_auc, 0.7304
2025-10-02 17:25:30,167 - root - INFO - test loss: 0.7651
2025-10-02 17:25:30,167 - root - INFO - test average_precision, 0.8525
2025-10-02 17:25:30,167 - root - INFO - best test average_precision: 0.8913
2025-10-02 17:25:30,167 - root - INFO - test roc_auc, 0.8822
2025-10-02 17:25:30,167 - root - INFO - new node test loss: 0.9821
2025-10-02 17:25:30,167 - root - INFO - new node test average_precision, 0.7958
2025-10-02 17:25:30,167 - root - INFO - new node test roc_auc, 0.7816
2025-10-02 17:25:33,860 - root - INFO - Epoch: 68, learning rate: 0.0001, train loss: 0.4107
2025-10-02 17:25:33,860 - root - INFO - train average_precision, 0.8804
2025-10-02 17:25:33,860 - root - INFO - train roc_auc, 0.8904
2025-10-02 17:25:33,860 - root - INFO - validate loss: 0.5314
2025-10-02 17:25:33,860 - root - INFO - validate average_precision, 0.8533
2025-10-02 17:25:33,860 - root - INFO - validate roc_auc, 0.8565
2025-10-02 17:25:33,861 - root - INFO - new node validate loss: 0.6785
2025-10-02 17:25:33,861 - root - INFO - new node validate average_precision, 0.7472
2025-10-02 17:25:33,861 - root - INFO - new node validate roc_auc, 0.7314
2025-10-02 17:25:34,710 - root - INFO - test loss: 0.7730
2025-10-02 17:25:34,710 - root - INFO - test average_precision, 0.8659
2025-10-02 17:25:34,710 - root - INFO - best test average_precision: 0.8913
2025-10-02 17:25:34,710 - root - INFO - test roc_auc, 0.8858
2025-10-02 17:25:34,710 - root - INFO - new node test loss: 0.9777
2025-10-02 17:25:34,710 - root - INFO - new node test average_precision, 0.7929
2025-10-02 17:25:34,710 - root - INFO - new node test roc_auc, 0.7824
2025-10-02 17:25:38,533 - root - INFO - Epoch: 69, learning rate: 0.0001, train loss: 0.4102
2025-10-02 17:25:38,533 - root - INFO - train average_precision, 0.8809
2025-10-02 17:25:38,533 - root - INFO - train roc_auc, 0.8905
2025-10-02 17:25:38,533 - root - INFO - validate loss: 0.5411
2025-10-02 17:25:38,533 - root - INFO - validate average_precision, 0.8461
2025-10-02 17:25:38,533 - root - INFO - validate roc_auc, 0.8494
2025-10-02 17:25:38,533 - root - INFO - new node validate loss: 0.6842
2025-10-02 17:25:38,533 - root - INFO - new node validate average_precision, 0.7418
2025-10-02 17:25:38,533 - root - INFO - new node validate roc_auc, 0.7216
2025-10-02 17:25:39,383 - root - INFO - test loss: 0.8137
2025-10-02 17:25:39,383 - root - INFO - test average_precision, 0.8544
2025-10-02 17:25:39,383 - root - INFO - best test average_precision: 0.8913
2025-10-02 17:25:39,383 - root - INFO - test roc_auc, 0.8798
2025-10-02 17:25:39,383 - root - INFO - new node test loss: 1.0467
2025-10-02 17:25:39,383 - root - INFO - new node test average_precision, 0.7846
2025-10-02 17:25:39,383 - root - INFO - new node test roc_auc, 0.7714
2025-10-02 17:25:43,110 - root - INFO - Epoch: 70, learning rate: 0.0001, train loss: 0.4159
2025-10-02 17:25:43,111 - root - INFO - train average_precision, 0.8777
2025-10-02 17:25:43,111 - root - INFO - train roc_auc, 0.8876
2025-10-02 17:25:43,111 - root - INFO - validate loss: 0.5535
2025-10-02 17:25:43,111 - root - INFO - validate average_precision, 0.8371
2025-10-02 17:25:43,111 - root - INFO - validate roc_auc, 0.8429
2025-10-02 17:25:43,111 - root - INFO - new node validate loss: 0.6842
2025-10-02 17:25:43,111 - root - INFO - new node validate average_precision, 0.7357
2025-10-02 17:25:43,111 - root - INFO - new node validate roc_auc, 0.7159
2025-10-02 17:25:44,068 - root - INFO - test loss: 0.8081
2025-10-02 17:25:44,068 - root - INFO - test average_precision, 0.8473
2025-10-02 17:25:44,068 - root - INFO - best test average_precision: 0.8913
2025-10-02 17:25:44,068 - root - INFO - test roc_auc, 0.8756
2025-10-02 17:25:44,068 - root - INFO - new node test loss: 1.0334
2025-10-02 17:25:44,068 - root - INFO - new node test average_precision, 0.7727
2025-10-02 17:25:44,068 - root - INFO - new node test roc_auc, 0.7643
2025-10-02 17:25:47,763 - root - INFO - Epoch: 71, learning rate: 0.0001, train loss: 0.4115
2025-10-02 17:25:47,763 - root - INFO - train average_precision, 0.8784
2025-10-02 17:25:47,763 - root - INFO - train roc_auc, 0.8902
2025-10-02 17:25:47,763 - root - INFO - validate loss: 0.5450
2025-10-02 17:25:47,763 - root - INFO - validate average_precision, 0.8400
2025-10-02 17:25:47,763 - root - INFO - validate roc_auc, 0.8456
2025-10-02 17:25:47,763 - root - INFO - new node validate loss: 0.6896
2025-10-02 17:25:47,764 - root - INFO - new node validate average_precision, 0.7380
2025-10-02 17:25:47,764 - root - INFO - new node validate roc_auc, 0.7156
2025-10-02 17:25:48,614 - root - INFO - test loss: 0.8036
2025-10-02 17:25:48,614 - root - INFO - test average_precision, 0.8429
2025-10-02 17:25:48,614 - root - INFO - best test average_precision: 0.8913
2025-10-02 17:25:48,614 - root - INFO - test roc_auc, 0.8743
2025-10-02 17:25:48,614 - root - INFO - new node test loss: 1.0283
2025-10-02 17:25:48,614 - root - INFO - new node test average_precision, 0.7803
2025-10-02 17:25:48,614 - root - INFO - new node test roc_auc, 0.7707
2025-10-02 17:25:48,614 - root - INFO - load model ./saved_models/JODIE/uci/JODIE_kan_mammote_seed0/JODIE_kan_mammote_seed0.pkl
2025-10-02 17:25:48,899 - root - INFO - get final performance on dataset uci...
2025-10-02 17:25:49,869 - root - INFO - test loss: 0.7525
2025-10-02 17:25:49,869 - root - INFO - test average_precision, 0.8791
2025-10-02 17:25:49,869 - root - INFO - test roc_auc, 0.8920
2025-10-02 17:25:49,869 - root - INFO - new node test loss: 0.9443
2025-10-02 17:25:49,869 - root - INFO - new node test average_precision, 0.7939
2025-10-02 17:25:49,869 - root - INFO - new node test roc_auc, 0.7831
2025-10-02 17:25:49,869 - root - INFO - Run 1 cost 335.70 seconds.
2025-10-02 17:25:49,877 - root - INFO - metrics over 1 runs:
2025-10-02 17:25:49,877 - root - INFO - test average_precision, [np.float64(0.8790523801546508)]
2025-10-02 17:25:49,877 - root - INFO - average test average_precision, 0.8791 ± nan
2025-10-02 17:25:49,877 - root - INFO - test roc_auc, [np.float64(0.8919769811753901)]
2025-10-02 17:25:49,877 - root - INFO - average test roc_auc, 0.8920 ± nan
2025-10-02 17:25:49,877 - root - INFO - new node test average_precision, [np.float64(0.7938888327325573)]
2025-10-02 17:25:49,877 - root - INFO - average new node test average_precision, 0.7939 ± nan
2025-10-02 17:25:49,877 - root - INFO - new node test roc_auc, [np.float64(0.783133066268748)]
2025-10-02 17:25:49,878 - root - INFO - average new node test roc_auc, 0.7831 ± nan
