2025-09-29 15:40:40,722 - root - INFO - ********** Run 3 starts. **********
2025-09-29 15:40:40,722 - root - INFO - configuration is Namespace(dataset_name='wikipedia', batch_size=200, model_name='TGAT', gpu=0, num_neighbors=20, sample_neighbor_strategy='recent', time_scaling_factor=1e-06, num_walk_heads=8, num_heads=2, num_layers=2, walk_length=1, time_gap=2000, time_feat_dim=128, position_feat_dim=172, time_window_mode='fixed_proportion', time_encoder_type='kan_mammote', expert_dim=64, num_mixtures=4, patch_size=1, channel_embedding_dim=50, max_input_sequence_length=32, learning_rate=0.0001, dropout=0.1, gamma=0.5, num_epochs=2, optimizer='Adam', weight_decay=0.0, patience=20, val_ratio=0.15, test_ratio=0.15, num_runs=5, test_interval_epochs=1, negative_sample_strategy='random', max_interaction_times=10, load_best_configs=True, device='cuda:0', seed=2, save_model_name='TGAT_seed2')
2025-09-29 15:40:40,730 - root - INFO - time encoder type: kan_mammote
2025-09-29 15:40:40,794 - root - INFO - model -> Sequential(
  (0): TGAT(
    (time_encoder): KAN_MAMMOTE(
      (k_mote): KMOTE(
        (experts): ModuleList(
          (0): SplineKANLayer(
            (input_projection): Linear(in_features=1, out_features=1, bias=True)
            (global_branch): Sequential(
              (0): Linear(in_features=1, out_features=32, bias=True)
              (1): GELU(approximate='none')
              (2): Linear(in_features=32, out_features=128, bias=True)
            )
          )
          (1): FourierKANLayer()
          (2): WaveletKANLayer(
            (linear): Linear(in_features=16, out_features=128, bias=True)
          )
          (3): SplineKANLayer(
            (input_projection): Linear(in_features=1, out_features=1, bias=True)
            (global_branch): Sequential(
              (0): Linear(in_features=1, out_features=32, bias=True)
              (1): GELU(approximate='none')
              (2): Linear(in_features=32, out_features=128, bias=True)
            )
            (local_linear): Linear(in_features=8, out_features=128, bias=True)
          )
        )
        (gating_network): Sequential(
          (0): Linear(in_features=1, out_features=64, bias=True)
          (1): GELU(approximate='none')
          (2): Linear(in_features=64, out_features=4, bias=True)
        )
        (layer_norm): LayerNorm((128,), eps=1e-05, elementwise_affine=True)
      )
      (sm_kernel): SMKernelLayer(
        (kernel): SpectralMixtureKernel(
          (raw_mixture_scales_constraint): Positive()
          (raw_mixture_means_constraint): Positive()
          (raw_mixture_weights_constraint): Positive()
        )
        (layer_norm): LayerNorm((4,), eps=1e-05, elementwise_affine=True)
      )
      (mamba2): ControllableMamba2(
        (in_proj): Linear(in_features=128, out_features=592, bias=False)
        (conv1d): Conv1d(320, 320, kernel_size=(4,), stride=(1,), padding=(3,), groups=320)
        (act): SiLU()
        (norm): RMSNorm()
        (out_proj): Linear(in_features=256, out_features=128, bias=False)
      )
      (fusion_mlp): Sequential(
        (0): Linear(in_features=4, out_features=128, bias=True)
        (1): GELU(approximate='none')
        (2): Linear(in_features=128, out_features=32, bias=True)
      )
    )
    (temporal_conv_layers): ModuleList(
      (0-1): 2 x MultiHeadAttention(
        (query_projection): Linear(in_features=300, out_features=300, bias=False)
        (key_projection): Linear(in_features=472, out_features=300, bias=False)
        (value_projection): Linear(in_features=472, out_features=300, bias=False)
        (layer_norm): LayerNorm((300,), eps=1e-05, elementwise_affine=True)
        (residual_fc): Linear(in_features=300, out_features=300, bias=True)
        (dropout): Dropout(p=0.1, inplace=False)
      )
    )
    (merge_layers): ModuleList(
      (0-1): 2 x MergeLayer(
        (fc1): Linear(in_features=472, out_features=172, bias=True)
        (fc2): Linear(in_features=172, out_features=172, bias=True)
        (act): ReLU()
      )
    )
  )
  (1): MergeLayer(
    (fc1): Linear(in_features=344, out_features=172, bias=True)
    (fc2): Linear(in_features=172, out_features=1, bias=True)
    (act): ReLU()
  )
)
2025-09-29 15:40:40,795 - root - INFO - model name: TGAT, #parameters: 5381940 B, 5255.80078125 KB, 5.132617950439453 MB.
2025-09-29 15:45:59,441 - root - INFO - Epoch: 1, learning rate: 0.0001, train loss: 0.4991
2025-09-29 15:45:59,442 - root - INFO - train average_precision, 0.7993
2025-09-29 15:45:59,442 - root - INFO - train roc_auc, 0.8325
2025-09-29 15:45:59,442 - root - INFO - validate loss: 0.4932
2025-09-29 15:45:59,442 - root - INFO - validate average_precision, 0.8330
2025-09-29 15:45:59,442 - root - INFO - validate roc_auc, 0.8444
2025-09-29 15:45:59,442 - root - INFO - new node validate loss: 0.4818
2025-09-29 15:45:59,442 - root - INFO - new node validate average_precision, 0.8438
2025-09-29 15:45:59,442 - root - INFO - new node validate roc_auc, 0.8525
2025-09-29 15:46:44,595 - root - INFO - test loss: 0.5178
2025-09-29 15:46:44,596 - root - INFO - test average_precision, 0.8130
2025-09-29 15:46:44,596 - root - INFO - best test average_precision: 0.8130
2025-09-29 15:46:44,596 - root - INFO - test roc_auc, 0.8242
2025-09-29 15:46:44,596 - root - INFO - new node test loss: 0.5214
2025-09-29 15:46:44,596 - root - INFO - new node test average_precision, 0.8148
2025-09-29 15:46:44,596 - root - INFO - new node test roc_auc, 0.8221
2025-09-29 15:46:44,596 - root - INFO - save model ./saved_models/TGAT/wikipedia/TGAT_seed2/TGAT_seed2.pkl
