2025-10-08 05:50:28,084 - root - INFO - ********** Run 2 starts. **********
2025-10-08 05:50:28,084 - root - INFO - configuration is Namespace(dataset_name='mooc', batch_size=200, model_name='GraphMixer', gpu=0, num_neighbors=20, sample_neighbor_strategy='recent', time_scaling_factor=1e-06, num_walk_heads=8, num_heads=2, num_layers=2, walk_length=1, time_gap=2000, time_feat_dim=100, position_feat_dim=172, time_window_mode='fixed_proportion', time_encoder_type='mercer', expert_dim=128, num_mixtures=16, sort_neighbors_by_time=False, patch_size=1, channel_embedding_dim=50, max_input_sequence_length=32, learning_rate=0.0001, dropout=0.4, gamma=0.5, num_epochs=2, optimizer='Adam', weight_decay=0.0, patience=20, val_ratio=0.15, test_ratio=0.15, num_runs=2, test_interval_epochs=100, negative_sample_strategy='random', max_interaction_times=10, load_best_configs=True, data_ratio=0.05, seed=1, save_model_name_suffix='', ablation_dir='', mamba_d_state=256, mamba_d_conv=4, mamba_expand=2, mamba_headdim=64, resume_from_checkpoint=None, save_checkpoints=True, checkpoint_interval=20, start_from_seed=0, max_checkpoints_to_keep=3, checkpoint_strategy='minimal', validate_checkpoints=True, device='cuda:0', save_model_name='GraphMixer_mercer_seed1')
2025-10-08 05:50:28,085 - root - INFO - Metrics will be saved to: ./saved_metrics/GraphMixer/mooc/GraphMixer_mercer_seed1
2025-10-08 05:50:28,085 - root - INFO - time encoder type: mercer
2025-10-08 05:50:28,085 - root - INFO - Time encoder will be injected into GraphMixer model
2025-10-08 05:50:28,223 - root - INFO - model -> Sequential(
  (0): GraphMixer(
    (time_encoder): TimeEncoderWrapper(
      (encoder): MercerTimeEncoder()
    )
    (projection_layer): Linear(in_features=272, out_features=172, bias=True)
    (mlp_mixers): ModuleList(
      (0-1): 2 x MLPMixer(
        (token_norm): LayerNorm((20,), eps=1e-05, elementwise_affine=True)
        (token_feedforward): FeedForwardNet(
          (ffn): Sequential(
            (0): Linear(in_features=20, out_features=10, bias=True)
            (1): GELU(approximate='none')
            (2): Dropout(p=0.4, inplace=False)
            (3): Linear(in_features=10, out_features=20, bias=True)
            (4): Dropout(p=0.4, inplace=False)
          )
        )
        (channel_norm): LayerNorm((172,), eps=1e-05, elementwise_affine=True)
        (channel_feedforward): FeedForwardNet(
          (ffn): Sequential(
            (0): Linear(in_features=172, out_features=688, bias=True)
            (1): GELU(approximate='none')
            (2): Dropout(p=0.4, inplace=False)
            (3): Linear(in_features=688, out_features=172, bias=True)
            (4): Dropout(p=0.4, inplace=False)
          )
        )
      )
    )
    (output_layer): Linear(in_features=344, out_features=172, bias=True)
  )
  (1): MergeLayer(
    (fc1): Linear(in_features=344, out_features=172, bias=True)
    (fc2): Linear(in_features=172, out_features=1, bias=True)
    (act): ReLU()
  )
)
2025-10-08 05:50:28,224 - root - INFO - model name: GraphMixer, #parameters: 2577204 B, 2516.80078125 KB, 2.457813262939453 MB.
2025-10-08 05:50:31,286 - root - INFO - Epoch: 1, learning rate: 0.0001, train loss: 0.6625
2025-10-08 05:50:31,286 - root - INFO - train average_precision, 0.5943
2025-10-08 05:50:31,286 - root - INFO - train roc_auc, 0.6351
2025-10-08 05:50:31,286 - root - INFO - validate loss: 0.7656
2025-10-08 05:50:31,286 - root - INFO - validate average_precision, 0.6148
2025-10-08 05:50:31,286 - root - INFO - validate roc_auc, 0.6693
2025-10-08 05:50:31,287 - root - INFO - new node validate loss: 0.9230
2025-10-08 05:50:31,287 - root - INFO - new node validate average_precision, 0.5449
2025-10-08 05:50:31,287 - root - INFO - new node validate roc_auc, 0.5634
2025-10-08 05:50:31,296 - root - INFO - save model ./saved_models/GraphMixer/mooc/GraphMixer_mercer_seed1/GraphMixer_mercer_seed1.pkl
2025-10-08 05:50:34,303 - root - INFO - Epoch: 2, learning rate: 0.0001, train loss: 0.6254
2025-10-08 05:50:34,304 - root - INFO - train average_precision, 0.6364
2025-10-08 05:50:34,304 - root - INFO - train roc_auc, 0.6838
2025-10-08 05:50:34,304 - root - INFO - validate loss: 0.6915
2025-10-08 05:50:34,304 - root - INFO - validate average_precision, 0.6224
2025-10-08 05:50:34,304 - root - INFO - validate roc_auc, 0.6767
2025-10-08 05:50:34,304 - root - INFO - new node validate loss: 0.8236
2025-10-08 05:50:34,304 - root - INFO - new node validate average_precision, 0.5529
2025-10-08 05:50:34,304 - root - INFO - new node validate roc_auc, 0.5713
2025-10-08 05:50:34,309 - root - INFO - save model ./saved_models/GraphMixer/mooc/GraphMixer_mercer_seed1/GraphMixer_mercer_seed1.pkl
2025-10-08 05:50:34,337 - root - INFO - load model ./saved_models/GraphMixer/mooc/GraphMixer_mercer_seed1/GraphMixer_mercer_seed1.pkl
2025-10-08 05:50:34,350 - root - INFO - get final performance on dataset mooc...
2025-10-08 05:50:35,798 - root - INFO - validate loss: 0.6915
2025-10-08 05:50:35,798 - root - INFO - validate average_precision, 0.6224
2025-10-08 05:50:35,798 - root - INFO - validate roc_auc, 0.6767
2025-10-08 05:50:35,798 - root - INFO - new node validate loss: 0.8236
2025-10-08 05:50:35,798 - root - INFO - new node validate average_precision, 0.5529
2025-10-08 05:50:35,798 - root - INFO - new node validate roc_auc, 0.5713
2025-10-08 05:50:35,798 - root - INFO - test loss: 0.6391
2025-10-08 05:50:35,798 - root - INFO - test average_precision, 0.6126
2025-10-08 05:50:35,798 - root - INFO - test roc_auc, 0.6672
2025-10-08 05:50:35,798 - root - INFO - new node test loss: 0.7325
2025-10-08 05:50:35,798 - root - INFO - new node test average_precision, 0.5612
2025-10-08 05:50:35,798 - root - INFO - new node test roc_auc, 0.5786
2025-10-08 05:50:35,807 - root - INFO - ✅ Metrics saved to: ./saved_metrics/GraphMixer/mooc/GraphMixer_mercer_seed1
2025-10-08 05:50:35,807 - root - INFO - Run 2 cost 7.72 seconds.
2025-10-08 05:50:35,810 - root - INFO - metrics over 2 runs:
2025-10-08 05:50:35,810 - root - INFO - validate average_precision, [np.float64(0.6293154055891489), np.float64(0.6223552743309385)]
2025-10-08 05:50:35,811 - root - INFO - average validate average_precision, 0.6258 ± 0.0049
2025-10-08 05:50:35,811 - root - INFO - validate roc_auc, [np.float64(0.6822227208161158), np.float64(0.6767045648243802)]
2025-10-08 05:50:35,811 - root - INFO - average validate roc_auc, 0.6795 ± 0.0039
2025-10-08 05:50:35,811 - root - INFO - new node validate average_precision, [np.float64(0.5544149541185792), np.float64(0.5528594120191588)]
2025-10-08 05:50:35,811 - root - INFO - average new node validate average_precision, 0.5536 ± 0.0011
2025-10-08 05:50:35,811 - root - INFO - new node validate roc_auc, [np.float64(0.5720114244942499), np.float64(0.5713168912112817)]
2025-10-08 05:50:35,811 - root - INFO - average new node validate roc_auc, 0.5717 ± 0.0005
2025-10-08 05:50:35,811 - root - INFO - test average_precision, [np.float64(0.6207755888302194), np.float64(0.6125632909995077)]
2025-10-08 05:50:35,811 - root - INFO - average test average_precision, 0.6167 ± 0.0058
2025-10-08 05:50:35,811 - root - INFO - test roc_auc, [np.float64(0.6674116283574381), np.float64(0.6672016722623967)]
2025-10-08 05:50:35,811 - root - INFO - average test roc_auc, 0.6673 ± 0.0001
2025-10-08 05:50:35,812 - root - INFO - new node test average_precision, [np.float64(0.5652784578039662), np.float64(0.5611686616475738)]
2025-10-08 05:50:35,812 - root - INFO - average new node test average_precision, 0.5632 ± 0.0029
2025-10-08 05:50:35,812 - root - INFO - new node test roc_auc, [np.float64(0.5819110444809158), np.float64(0.5786151127803728)]
2025-10-08 05:50:35,812 - root - INFO - average new node test roc_auc, 0.5803 ± 0.0023
