2025-10-08 11:10:12,077 - root - INFO - ********** Run 2 starts. **********
2025-10-08 11:10:12,077 - root - INFO - configuration is Namespace(dataset_name='enron', batch_size=200, model_name='TCL', gpu=0, num_neighbors=20, sample_neighbor_strategy='recent', time_scaling_factor=1e-06, num_walk_heads=8, num_heads=2, num_layers=2, walk_length=1, time_gap=2000, time_feat_dim=100, position_feat_dim=172, time_window_mode='fixed_proportion', time_encoder_type='time2vec', expert_dim=128, num_mixtures=16, sort_neighbors_by_time=False, patch_size=1, channel_embedding_dim=50, max_input_sequence_length=32, learning_rate=0.0001, dropout=0.1, gamma=0.5, num_epochs=2, optimizer='Adam', weight_decay=0.0, patience=20, val_ratio=0.15, test_ratio=0.15, num_runs=2, test_interval_epochs=100, negative_sample_strategy='random', max_interaction_times=10, load_best_configs=True, data_ratio=0.05, seed=1, save_model_name_suffix='', ablation_dir='', mamba_d_state=256, mamba_d_conv=4, mamba_expand=2, mamba_headdim=64, resume_from_checkpoint=None, save_checkpoints=True, checkpoint_interval=20, start_from_seed=0, max_checkpoints_to_keep=3, checkpoint_strategy='minimal', validate_checkpoints=True, device='cuda:0', save_model_name='TCL_time2vec_seed1')
2025-10-08 11:10:12,078 - root - INFO - Metrics will be saved to: ./saved_metrics/TCL/enron/TCL_time2vec_seed1
2025-10-08 11:10:12,079 - root - INFO - time encoder type: time2vec
2025-10-08 11:10:12,079 - root - INFO - Time encoder will be injected into TCL model
2025-10-08 11:10:12,126 - root - INFO - model -> Sequential(
  (0): TCL(
    (time_encoder): TimeEncoderWrapper(
      (encoder): Time2VecEncoder(
        (time2vec_layer): SineActivation()
      )
    )
    (depth_embedding): Embedding(21, 172)
    (projection_layer): ModuleDict(
      (node): Linear(in_features=172, out_features=172, bias=True)
      (edge): Linear(in_features=172, out_features=172, bias=True)
      (time): Linear(in_features=100, out_features=172, bias=True)
    )
    (transformers): ModuleList(
      (0-1): 2 x TransformerEncoder(
        (multi_head_attention): MultiheadAttention(
          (out_proj): NonDynamicallyQuantizableLinear(in_features=172, out_features=172, bias=True)
        )
        (dropout): Dropout(p=0.1, inplace=False)
        (linear_layers): ModuleList(
          (0): Linear(in_features=172, out_features=688, bias=True)
          (1): Linear(in_features=688, out_features=172, bias=True)
        )
        (norm_layers): ModuleList(
          (0-1): 2 x LayerNorm((172,), eps=1e-05, elementwise_affine=True)
        )
      )
    )
    (output_layer): Linear(in_features=172, out_features=172, bias=True)
  )
  (1): MergeLayer(
    (fc1): Linear(in_features=344, out_features=172, bias=True)
    (fc2): Linear(in_features=172, out_features=1, bias=True)
    (act): ReLU()
  )
)
2025-10-08 11:10:12,126 - root - INFO - model name: TCL, #parameters: 3537812 B, 3454.89453125 KB, 3.373920440673828 MB.
2025-10-08 11:10:13,049 - root - INFO - Epoch: 1, learning rate: 0.0001, train loss: 0.6080
2025-10-08 11:10:13,049 - root - INFO - train average_precision, 0.7266
2025-10-08 11:10:13,050 - root - INFO - train roc_auc, 0.7734
2025-10-08 11:10:13,050 - root - INFO - validate loss: 0.5749
2025-10-08 11:10:13,050 - root - INFO - validate average_precision, 0.7142
2025-10-08 11:10:13,050 - root - INFO - validate roc_auc, 0.7446
2025-10-08 11:10:13,050 - root - INFO - new node validate loss: 0.7215
2025-10-08 11:10:13,050 - root - INFO - new node validate average_precision, 0.5692
2025-10-08 11:10:13,050 - root - INFO - new node validate roc_auc, 0.5816
2025-10-08 11:10:13,060 - root - INFO - save model ./saved_models/TCL/enron/TCL_time2vec_seed1/TCL_time2vec_seed1.pkl
2025-10-08 11:10:14,029 - root - INFO - Epoch: 2, learning rate: 0.0001, train loss: 0.5474
2025-10-08 11:10:14,029 - root - INFO - train average_precision, 0.7449
2025-10-08 11:10:14,029 - root - INFO - train roc_auc, 0.7950
2025-10-08 11:10:14,029 - root - INFO - validate loss: 0.5788
2025-10-08 11:10:14,029 - root - INFO - validate average_precision, 0.7118
2025-10-08 11:10:14,029 - root - INFO - validate roc_auc, 0.7455
2025-10-08 11:10:14,030 - root - INFO - new node validate loss: 0.7341
2025-10-08 11:10:14,030 - root - INFO - new node validate average_precision, 0.5819
2025-10-08 11:10:14,030 - root - INFO - new node validate roc_auc, 0.5966
2025-10-08 11:10:14,034 - root - INFO - load model ./saved_models/TCL/enron/TCL_time2vec_seed1/TCL_time2vec_seed1.pkl
2025-10-08 11:10:14,041 - root - INFO - get final performance on dataset enron...
2025-10-08 11:10:14,271 - root - INFO - validate loss: 0.5749
2025-10-08 11:10:14,272 - root - INFO - validate average_precision, 0.7142
2025-10-08 11:10:14,272 - root - INFO - validate roc_auc, 0.7446
2025-10-08 11:10:14,272 - root - INFO - new node validate loss: 0.7215
2025-10-08 11:10:14,272 - root - INFO - new node validate average_precision, 0.5692
2025-10-08 11:10:14,272 - root - INFO - new node validate roc_auc, 0.5816
2025-10-08 11:10:14,272 - root - INFO - test loss: 0.6344
2025-10-08 11:10:14,272 - root - INFO - test average_precision, 0.6375
2025-10-08 11:10:14,272 - root - INFO - test roc_auc, 0.6564
2025-10-08 11:10:14,272 - root - INFO - new node test loss: 0.7509
2025-10-08 11:10:14,272 - root - INFO - new node test average_precision, 0.5995
2025-10-08 11:10:14,272 - root - INFO - new node test roc_auc, 0.5914
2025-10-08 11:10:14,280 - root - INFO - ✅ Metrics saved to: ./saved_metrics/TCL/enron/TCL_time2vec_seed1
2025-10-08 11:10:14,280 - root - INFO - Run 2 cost 2.20 seconds.
2025-10-08 11:10:14,283 - root - INFO - metrics over 2 runs:
2025-10-08 11:10:14,283 - root - INFO - validate average_precision, [np.float64(0.6466116402710501), np.float64(0.7142119002684031)]
2025-10-08 11:10:14,283 - root - INFO - average validate average_precision, 0.6804 ± 0.0478
2025-10-08 11:10:14,283 - root - INFO - validate roc_auc, [np.float64(0.6987777525252525), np.float64(0.7445841758494032)]
2025-10-08 11:10:14,283 - root - INFO - average validate roc_auc, 0.7217 ± 0.0324
2025-10-08 11:10:14,283 - root - INFO - new node validate average_precision, [np.float64(0.5985036357227755), np.float64(0.5692401819544939)]
2025-10-08 11:10:14,283 - root - INFO - average new node validate average_precision, 0.5839 ± 0.0207
2025-10-08 11:10:14,283 - root - INFO - new node validate roc_auc, [np.float64(0.5873465140478669), np.float64(0.5815608740894901)]
2025-10-08 11:10:14,284 - root - INFO - average new node validate roc_auc, 0.5845 ± 0.0041
2025-10-08 11:10:14,284 - root - INFO - test average_precision, [np.float64(0.6098677347967387), np.float64(0.6375482779388973)]
2025-10-08 11:10:14,284 - root - INFO - average test average_precision, 0.6237 ± 0.0196
2025-10-08 11:10:14,284 - root - INFO - test roc_auc, [np.float64(0.662123519958075), np.float64(0.6564362033802078)]
2025-10-08 11:10:14,284 - root - INFO - average test roc_auc, 0.6593 ± 0.0040
2025-10-08 11:10:14,284 - root - INFO - new node test average_precision, [np.float64(0.5690508779445396), np.float64(0.5994747387579988)]
2025-10-08 11:10:14,284 - root - INFO - average new node test average_precision, 0.5843 ± 0.0215
2025-10-08 11:10:14,284 - root - INFO - new node test roc_auc, [np.float64(0.5772781065088757), np.float64(0.5913609467455622)]
2025-10-08 11:10:14,284 - root - INFO - average new node test roc_auc, 0.5843 ± 0.0100
