2025-10-01 12:40:45,576 - root - INFO - ********** Run 2 starts. **********
2025-10-01 12:40:45,576 - root - INFO - configuration is Namespace(dataset_name='reddit', batch_size=200, model_name='DyRep', gpu=0, num_neighbors=10, sample_neighbor_strategy='recent', time_scaling_factor=1e-06, num_walk_heads=8, num_heads=2, num_layers=1, walk_length=1, time_gap=2000, time_feat_dim=128, position_feat_dim=172, time_window_mode='fixed_proportion', time_encoder_type='lete', expert_dim=64, num_mixtures=4, patch_size=1, channel_embedding_dim=50, max_input_sequence_length=32, learning_rate=0.0001, dropout=0.1, gamma=0.5, num_epochs=100, optimizer='Adam', weight_decay=0.0, patience=20, val_ratio=0.15, test_ratio=0.15, num_runs=5, test_interval_epochs=1, negative_sample_strategy='random', max_interaction_times=10, load_best_configs=True, device='cuda:0', seed=1, save_model_name='DyRep_seed1')
2025-10-01 12:40:45,578 - root - INFO - time encoder type: lete
2025-10-01 12:40:46,422 - root - INFO - model -> Sequential(
  (0): MemoryModel(
    (time_encoder): TimeEncoder(
      (w): Linear(in_features=1, out_features=128, bias=True)
    )
    (message_aggregator): MessageAggregator()
    (memory_bank): MemoryBank(num_nodes=10985, memory_dim=172)
    (memory_updater): RNNMemoryUpdater(
      (memory_bank): MemoryBank(num_nodes=10985, memory_dim=172)
      (memory_updater): RNNCell(644, 172)
    )
    (embedding_module): GraphAttentionEmbedding(
      (time_encoder): TimeEncoder(
        (w): Linear(in_features=1, out_features=128, bias=True)
      )
      (temporal_conv_layers): ModuleList(
        (0): MultiHeadAttention(
          (query_projection): Linear(in_features=300, out_features=300, bias=False)
          (key_projection): Linear(in_features=472, out_features=300, bias=False)
          (value_projection): Linear(in_features=472, out_features=300, bias=False)
          (layer_norm): LayerNorm((300,), eps=1e-05, elementwise_affine=True)
          (residual_fc): Linear(in_features=300, out_features=300, bias=True)
          (dropout): Dropout(p=0.1, inplace=False)
        )
      )
      (merge_layers): ModuleList(
        (0): MergeLayer(
          (fc1): Linear(in_features=472, out_features=172, bias=True)
          (fc2): Linear(in_features=172, out_features=172, bias=True)
          (act): ReLU()
        )
      )
    )
  )
  (1): MergeLayer(
    (fc1): Linear(in_features=344, out_features=172, bias=True)
    (fc2): Linear(in_features=172, out_features=1, bias=True)
    (act): ReLU()
  )
)
2025-10-01 12:40:46,422 - root - INFO - model name: DyRep, #parameters: 3102708 B, 3029.98828125 KB, 2.958972930908203 MB.
2025-10-01 12:43:01,197 - root - INFO - Epoch: 1, learning rate: 0.0001, train loss: 0.3140
2025-10-01 12:43:01,198 - root - INFO - train average_precision, 0.9349
2025-10-01 12:43:01,198 - root - INFO - train roc_auc, 0.9368
2025-10-01 12:43:01,198 - root - INFO - validate loss: 0.2593
2025-10-01 12:43:01,198 - root - INFO - validate average_precision, 0.9604
2025-10-01 12:43:01,198 - root - INFO - validate roc_auc, 0.9606
2025-10-01 12:43:01,198 - root - INFO - new node validate loss: 0.4780
2025-10-01 12:43:01,198 - root - INFO - new node validate average_precision, 0.8666
2025-10-01 12:43:01,198 - root - INFO - new node validate roc_auc, 0.8700
2025-10-01 12:43:26,184 - root - INFO - test loss: 0.2614
2025-10-01 12:43:26,185 - root - INFO - test average_precision, 0.9602
2025-10-01 12:43:26,185 - root - INFO - best test average_precision: 0.9602
2025-10-01 12:43:26,185 - root - INFO - test roc_auc, 0.9607
2025-10-01 12:43:26,185 - root - INFO - new node test loss: 0.3969
2025-10-01 12:43:26,185 - root - INFO - new node test average_precision, 0.9019
2025-10-01 12:43:26,185 - root - INFO - new node test roc_auc, 0.9105
2025-10-01 12:43:26,185 - root - INFO - save model ./saved_models/DyRep/reddit/DyRep_seed1/DyRep_seed1.pkl
2025-10-01 12:45:42,654 - root - INFO - Epoch: 2, learning rate: 0.0001, train loss: 0.2368
2025-10-01 12:45:42,655 - root - INFO - train average_precision, 0.9641
2025-10-01 12:45:42,655 - root - INFO - train roc_auc, 0.9642
2025-10-01 12:45:42,655 - root - INFO - validate loss: 0.2255
2025-10-01 12:45:42,655 - root - INFO - validate average_precision, 0.9699
2025-10-01 12:45:42,655 - root - INFO - validate roc_auc, 0.9696
2025-10-01 12:45:42,655 - root - INFO - new node validate loss: 0.4427
2025-10-01 12:45:42,655 - root - INFO - new node validate average_precision, 0.8875
2025-10-01 12:45:42,655 - root - INFO - new node validate roc_auc, 0.8850
2025-10-01 12:46:07,621 - root - INFO - test loss: 0.2205
2025-10-01 12:46:07,621 - root - INFO - test average_precision, 0.9716
2025-10-01 12:46:07,621 - root - INFO - best test average_precision: 0.9716
2025-10-01 12:46:07,621 - root - INFO - test roc_auc, 0.9713
2025-10-01 12:46:07,621 - root - INFO - new node test loss: 0.3346
2025-10-01 12:46:07,622 - root - INFO - new node test average_precision, 0.9312
2025-10-01 12:46:07,622 - root - INFO - new node test roc_auc, 0.9350
2025-10-01 12:46:07,622 - root - INFO - save model ./saved_models/DyRep/reddit/DyRep_seed1/DyRep_seed1.pkl
2025-10-01 12:48:25,693 - root - INFO - Epoch: 3, learning rate: 0.0001, train loss: 0.2180
2025-10-01 12:48:25,694 - root - INFO - train average_precision, 0.9703
2025-10-01 12:48:25,694 - root - INFO - train roc_auc, 0.9698
2025-10-01 12:48:25,694 - root - INFO - validate loss: 0.2098
2025-10-01 12:48:25,694 - root - INFO - validate average_precision, 0.9739
2025-10-01 12:48:25,694 - root - INFO - validate roc_auc, 0.9733
2025-10-01 12:48:25,694 - root - INFO - new node validate loss: 0.4130
2025-10-01 12:48:25,694 - root - INFO - new node validate average_precision, 0.9036
2025-10-01 12:48:25,694 - root - INFO - new node validate roc_auc, 0.8994
2025-10-01 12:48:51,466 - root - INFO - test loss: 0.2046
2025-10-01 12:48:51,466 - root - INFO - test average_precision, 0.9751
2025-10-01 12:48:51,466 - root - INFO - best test average_precision: 0.9751
2025-10-01 12:48:51,467 - root - INFO - test roc_auc, 0.9747
2025-10-01 12:48:51,467 - root - INFO - new node test loss: 0.3171
2025-10-01 12:48:51,467 - root - INFO - new node test average_precision, 0.9383
2025-10-01 12:48:51,467 - root - INFO - new node test roc_auc, 0.9410
2025-10-01 12:48:51,467 - root - INFO - save model ./saved_models/DyRep/reddit/DyRep_seed1/DyRep_seed1.pkl
2025-10-01 12:51:08,792 - root - INFO - Epoch: 4, learning rate: 0.0001, train loss: 0.2114
2025-10-01 12:51:08,793 - root - INFO - train average_precision, 0.9721
2025-10-01 12:51:08,793 - root - INFO - train roc_auc, 0.9715
2025-10-01 12:51:08,793 - root - INFO - validate loss: 0.2121
2025-10-01 12:51:08,793 - root - INFO - validate average_precision, 0.9735
2025-10-01 12:51:08,793 - root - INFO - validate roc_auc, 0.9730
2025-10-01 12:51:08,793 - root - INFO - new node validate loss: 0.4360
2025-10-01 12:51:08,794 - root - INFO - new node validate average_precision, 0.8947
2025-10-01 12:51:08,794 - root - INFO - new node validate roc_auc, 0.8916
2025-10-01 12:51:34,841 - root - INFO - test loss: 0.2101
2025-10-01 12:51:34,841 - root - INFO - test average_precision, 0.9735
2025-10-01 12:51:34,841 - root - INFO - best test average_precision: 0.9751
2025-10-01 12:51:34,841 - root - INFO - test roc_auc, 0.9734
2025-10-01 12:51:34,841 - root - INFO - new node test loss: 0.3342
2025-10-01 12:51:34,841 - root - INFO - new node test average_precision, 0.9306
2025-10-01 12:51:34,841 - root - INFO - new node test roc_auc, 0.9351
2025-10-01 12:53:48,456 - root - INFO - Epoch: 5, learning rate: 0.0001, train loss: 0.2062
2025-10-01 12:53:48,457 - root - INFO - train average_precision, 0.9734
2025-10-01 12:53:48,457 - root - INFO - train roc_auc, 0.9730
2025-10-01 12:53:48,458 - root - INFO - validate loss: 0.2102
2025-10-01 12:53:48,458 - root - INFO - validate average_precision, 0.9738
2025-10-01 12:53:48,458 - root - INFO - validate roc_auc, 0.9734
2025-10-01 12:53:48,458 - root - INFO - new node validate loss: 0.4063
2025-10-01 12:53:48,458 - root - INFO - new node validate average_precision, 0.9081
2025-10-01 12:53:48,458 - root - INFO - new node validate roc_auc, 0.9029
2025-10-01 12:54:13,983 - root - INFO - test loss: 0.2093
2025-10-01 12:54:13,984 - root - INFO - test average_precision, 0.9735
2025-10-01 12:54:13,984 - root - INFO - best test average_precision: 0.9751
2025-10-01 12:54:13,984 - root - INFO - test roc_auc, 0.9735
2025-10-01 12:54:13,984 - root - INFO - new node test loss: 0.3148
2025-10-01 12:54:13,984 - root - INFO - new node test average_precision, 0.9366
2025-10-01 12:54:13,984 - root - INFO - new node test roc_auc, 0.9408
2025-10-01 12:56:29,236 - root - INFO - Epoch: 6, learning rate: 0.0001, train loss: 0.2009
2025-10-01 12:56:29,237 - root - INFO - train average_precision, 0.9749
2025-10-01 12:56:29,237 - root - INFO - train roc_auc, 0.9744
2025-10-01 12:56:29,237 - root - INFO - validate loss: 0.2035
2025-10-01 12:56:29,237 - root - INFO - validate average_precision, 0.9757
2025-10-01 12:56:29,237 - root - INFO - validate roc_auc, 0.9751
2025-10-01 12:56:29,237 - root - INFO - new node validate loss: 0.3954
2025-10-01 12:56:29,237 - root - INFO - new node validate average_precision, 0.9128
2025-10-01 12:56:29,237 - root - INFO - new node validate roc_auc, 0.9077
2025-10-01 12:56:55,060 - root - INFO - test loss: 0.2005
2025-10-01 12:56:55,061 - root - INFO - test average_precision, 0.9760
2025-10-01 12:56:55,061 - root - INFO - best test average_precision: 0.9760
2025-10-01 12:56:55,061 - root - INFO - test roc_auc, 0.9758
2025-10-01 12:56:55,061 - root - INFO - new node test loss: 0.3109
2025-10-01 12:56:55,061 - root - INFO - new node test average_precision, 0.9403
2025-10-01 12:56:55,061 - root - INFO - new node test roc_auc, 0.9427
2025-10-01 12:56:55,061 - root - INFO - save model ./saved_models/DyRep/reddit/DyRep_seed1/DyRep_seed1.pkl
2025-10-01 12:59:08,909 - root - INFO - Epoch: 7, learning rate: 0.0001, train loss: 0.1969
2025-10-01 12:59:08,909 - root - INFO - train average_precision, 0.9759
2025-10-01 12:59:08,910 - root - INFO - train roc_auc, 0.9754
2025-10-01 12:59:08,910 - root - INFO - validate loss: 0.2009
2025-10-01 12:59:08,910 - root - INFO - validate average_precision, 0.9765
2025-10-01 12:59:08,910 - root - INFO - validate roc_auc, 0.9758
2025-10-01 12:59:08,910 - root - INFO - new node validate loss: 0.3950
2025-10-01 12:59:08,910 - root - INFO - new node validate average_precision, 0.9131
2025-10-01 12:59:08,910 - root - INFO - new node validate roc_auc, 0.9079
2025-10-01 12:59:33,405 - root - INFO - test loss: 0.1962
2025-10-01 12:59:33,406 - root - INFO - test average_precision, 0.9771
2025-10-01 12:59:33,406 - root - INFO - best test average_precision: 0.9771
2025-10-01 12:59:33,406 - root - INFO - test roc_auc, 0.9768
2025-10-01 12:59:33,406 - root - INFO - new node test loss: 0.3029
2025-10-01 12:59:33,406 - root - INFO - new node test average_precision, 0.9439
2025-10-01 12:59:33,406 - root - INFO - new node test roc_auc, 0.9462
2025-10-01 12:59:33,406 - root - INFO - save model ./saved_models/DyRep/reddit/DyRep_seed1/DyRep_seed1.pkl
2025-10-01 13:01:45,889 - root - INFO - Epoch: 8, learning rate: 0.0001, train loss: 0.1936
2025-10-01 13:01:45,890 - root - INFO - train average_precision, 0.9767
2025-10-01 13:01:45,891 - root - INFO - train roc_auc, 0.9761
2025-10-01 13:01:45,891 - root - INFO - validate loss: 0.2013
2025-10-01 13:01:45,891 - root - INFO - validate average_precision, 0.9762
2025-10-01 13:01:45,891 - root - INFO - validate roc_auc, 0.9756
2025-10-01 13:01:45,891 - root - INFO - new node validate loss: 0.3987
2025-10-01 13:01:45,891 - root - INFO - new node validate average_precision, 0.9131
2025-10-01 13:01:45,891 - root - INFO - new node validate roc_auc, 0.9075
2025-10-01 13:02:10,292 - root - INFO - test loss: 0.1982
2025-10-01 13:02:10,292 - root - INFO - test average_precision, 0.9765
2025-10-01 13:02:10,292 - root - INFO - best test average_precision: 0.9771
2025-10-01 13:02:10,292 - root - INFO - test roc_auc, 0.9763
2025-10-01 13:02:10,292 - root - INFO - new node test loss: 0.3099
2025-10-01 13:02:10,292 - root - INFO - new node test average_precision, 0.9408
2025-10-01 13:02:10,292 - root - INFO - new node test roc_auc, 0.9436
2025-10-01 13:04:21,881 - root - INFO - Epoch: 9, learning rate: 0.0001, train loss: 0.1912
2025-10-01 13:04:21,882 - root - INFO - train average_precision, 0.9772
2025-10-01 13:04:21,882 - root - INFO - train roc_auc, 0.9766
2025-10-01 13:04:21,882 - root - INFO - validate loss: 0.2018
2025-10-01 13:04:21,882 - root - INFO - validate average_precision, 0.9759
2025-10-01 13:04:21,883 - root - INFO - validate roc_auc, 0.9753
2025-10-01 13:04:21,883 - root - INFO - new node validate loss: 0.3986
2025-10-01 13:04:21,883 - root - INFO - new node validate average_precision, 0.9137
2025-10-01 13:04:21,883 - root - INFO - new node validate roc_auc, 0.9069
2025-10-01 13:04:46,418 - root - INFO - test loss: 0.2014
2025-10-01 13:04:46,418 - root - INFO - test average_precision, 0.9754
2025-10-01 13:04:46,419 - root - INFO - best test average_precision: 0.9771
2025-10-01 13:04:46,419 - root - INFO - test roc_auc, 0.9755
2025-10-01 13:04:46,419 - root - INFO - new node test loss: 0.3030
2025-10-01 13:04:46,419 - root - INFO - new node test average_precision, 0.9430
2025-10-01 13:04:46,419 - root - INFO - new node test roc_auc, 0.9455
2025-10-01 13:06:57,635 - root - INFO - Epoch: 10, learning rate: 0.0001, train loss: 0.1894
2025-10-01 13:06:57,636 - root - INFO - train average_precision, 0.9776
2025-10-01 13:06:57,636 - root - INFO - train roc_auc, 0.9771
2025-10-01 13:06:57,636 - root - INFO - validate loss: 0.2020
2025-10-01 13:06:57,636 - root - INFO - validate average_precision, 0.9762
2025-10-01 13:06:57,636 - root - INFO - validate roc_auc, 0.9753
2025-10-01 13:06:57,636 - root - INFO - new node validate loss: 0.3901
2025-10-01 13:06:57,636 - root - INFO - new node validate average_precision, 0.9168
2025-10-01 13:06:57,636 - root - INFO - new node validate roc_auc, 0.9099
2025-10-01 13:07:22,194 - root - INFO - test loss: 0.2104
2025-10-01 13:07:22,194 - root - INFO - test average_precision, 0.9743
2025-10-01 13:07:22,194 - root - INFO - best test average_precision: 0.9771
2025-10-01 13:07:22,194 - root - INFO - test roc_auc, 0.9738
2025-10-01 13:07:22,194 - root - INFO - new node test loss: 0.3035
2025-10-01 13:07:22,194 - root - INFO - new node test average_precision, 0.9432
2025-10-01 13:07:22,194 - root - INFO - new node test roc_auc, 0.9447
2025-10-01 13:09:33,348 - root - INFO - Epoch: 11, learning rate: 0.0001, train loss: 0.1879
2025-10-01 13:09:33,349 - root - INFO - train average_precision, 0.9779
2025-10-01 13:09:33,349 - root - INFO - train roc_auc, 0.9774
2025-10-01 13:09:33,349 - root - INFO - validate loss: 0.1912
2025-10-01 13:09:33,349 - root - INFO - validate average_precision, 0.9786
2025-10-01 13:09:33,349 - root - INFO - validate roc_auc, 0.9779
2025-10-01 13:09:33,349 - root - INFO - new node validate loss: 0.3691
2025-10-01 13:09:33,349 - root - INFO - new node validate average_precision, 0.9238
2025-10-01 13:09:33,349 - root - INFO - new node validate roc_auc, 0.9178
2025-10-01 13:09:57,879 - root - INFO - test loss: 0.1880
2025-10-01 13:09:57,879 - root - INFO - test average_precision, 0.9791
2025-10-01 13:09:57,880 - root - INFO - best test average_precision: 0.9791
2025-10-01 13:09:57,880 - root - INFO - test roc_auc, 0.9788
2025-10-01 13:09:57,880 - root - INFO - new node test loss: 0.2800
2025-10-01 13:09:57,880 - root - INFO - new node test average_precision, 0.9530
2025-10-01 13:09:57,880 - root - INFO - new node test roc_auc, 0.9531
2025-10-01 13:09:57,880 - root - INFO - save model ./saved_models/DyRep/reddit/DyRep_seed1/DyRep_seed1.pkl
2025-10-01 13:12:10,300 - root - INFO - Epoch: 12, learning rate: 0.0001, train loss: 0.1847
2025-10-01 13:12:10,300 - root - INFO - train average_precision, 0.9787
2025-10-01 13:12:10,301 - root - INFO - train roc_auc, 0.9782
2025-10-01 13:12:10,301 - root - INFO - validate loss: 0.2032
2025-10-01 13:12:10,301 - root - INFO - validate average_precision, 0.9762
2025-10-01 13:12:10,301 - root - INFO - validate roc_auc, 0.9754
2025-10-01 13:12:10,301 - root - INFO - new node validate loss: 0.3815
2025-10-01 13:12:10,301 - root - INFO - new node validate average_precision, 0.9198
2025-10-01 13:12:10,301 - root - INFO - new node validate roc_auc, 0.9125
2025-10-01 13:12:35,138 - root - INFO - test loss: 0.2230
2025-10-01 13:12:35,139 - root - INFO - test average_precision, 0.9728
2025-10-01 13:12:35,139 - root - INFO - best test average_precision: 0.9791
2025-10-01 13:12:35,139 - root - INFO - test roc_auc, 0.9721
2025-10-01 13:12:35,139 - root - INFO - new node test loss: 0.3182
2025-10-01 13:12:35,139 - root - INFO - new node test average_precision, 0.9393
2025-10-01 13:12:35,139 - root - INFO - new node test roc_auc, 0.9405
2025-10-01 13:14:46,586 - root - INFO - Epoch: 13, learning rate: 0.0001, train loss: 0.1823
2025-10-01 13:14:46,587 - root - INFO - train average_precision, 0.9791
2025-10-01 13:14:46,587 - root - INFO - train roc_auc, 0.9787
2025-10-01 13:14:46,587 - root - INFO - validate loss: 0.1957
2025-10-01 13:14:46,587 - root - INFO - validate average_precision, 0.9779
2025-10-01 13:14:46,587 - root - INFO - validate roc_auc, 0.9770
2025-10-01 13:14:46,587 - root - INFO - new node validate loss: 0.3815
2025-10-01 13:14:46,587 - root - INFO - new node validate average_precision, 0.9212
2025-10-01 13:14:46,588 - root - INFO - new node validate roc_auc, 0.9139
2025-10-01 13:15:11,335 - root - INFO - test loss: 0.2064
2025-10-01 13:15:11,335 - root - INFO - test average_precision, 0.9755
2025-10-01 13:15:11,335 - root - INFO - best test average_precision: 0.9791
2025-10-01 13:15:11,335 - root - INFO - test roc_auc, 0.9749
2025-10-01 13:15:11,335 - root - INFO - new node test loss: 0.3054
2025-10-01 13:15:11,336 - root - INFO - new node test average_precision, 0.9445
2025-10-01 13:15:11,336 - root - INFO - new node test roc_auc, 0.9448
2025-10-01 13:17:22,680 - root - INFO - Epoch: 14, learning rate: 0.0001, train loss: 0.1808
2025-10-01 13:17:22,681 - root - INFO - train average_precision, 0.9794
2025-10-01 13:17:22,681 - root - INFO - train roc_auc, 0.9790
2025-10-01 13:17:22,682 - root - INFO - validate loss: 0.1955
2025-10-01 13:17:22,682 - root - INFO - validate average_precision, 0.9781
2025-10-01 13:17:22,682 - root - INFO - validate roc_auc, 0.9774
2025-10-01 13:17:22,682 - root - INFO - new node validate loss: 0.3889
2025-10-01 13:17:22,682 - root - INFO - new node validate average_precision, 0.9224
2025-10-01 13:17:22,682 - root - INFO - new node validate roc_auc, 0.9150
2025-10-01 13:17:47,304 - root - INFO - test loss: 0.1985
2025-10-01 13:17:47,304 - root - INFO - test average_precision, 0.9768
2025-10-01 13:17:47,304 - root - INFO - best test average_precision: 0.9791
2025-10-01 13:17:47,304 - root - INFO - test roc_auc, 0.9767
2025-10-01 13:17:47,304 - root - INFO - new node test loss: 0.2875
2025-10-01 13:17:47,304 - root - INFO - new node test average_precision, 0.9525
2025-10-01 13:17:47,304 - root - INFO - new node test roc_auc, 0.9529
2025-10-01 13:19:58,412 - root - INFO - Epoch: 15, learning rate: 0.0001, train loss: 0.1820
2025-10-01 13:19:58,413 - root - INFO - train average_precision, 0.9792
2025-10-01 13:19:58,413 - root - INFO - train roc_auc, 0.9787
2025-10-01 13:19:58,413 - root - INFO - validate loss: 0.1936
2025-10-01 13:19:58,413 - root - INFO - validate average_precision, 0.9780
2025-10-01 13:19:58,413 - root - INFO - validate roc_auc, 0.9772
2025-10-01 13:19:58,413 - root - INFO - new node validate loss: 0.3820
2025-10-01 13:19:58,413 - root - INFO - new node validate average_precision, 0.9205
2025-10-01 13:19:58,413 - root - INFO - new node validate roc_auc, 0.9135
2025-10-01 13:20:23,001 - root - INFO - test loss: 0.2033
2025-10-01 13:20:23,002 - root - INFO - test average_precision, 0.9758
2025-10-01 13:20:23,002 - root - INFO - best test average_precision: 0.9791
2025-10-01 13:20:23,002 - root - INFO - test roc_auc, 0.9754
2025-10-01 13:20:23,002 - root - INFO - new node test loss: 0.3080
2025-10-01 13:20:23,002 - root - INFO - new node test average_precision, 0.9424
2025-10-01 13:20:23,002 - root - INFO - new node test roc_auc, 0.9434
2025-10-01 13:22:34,303 - root - INFO - Epoch: 16, learning rate: 0.0001, train loss: 0.1780
2025-10-01 13:22:34,304 - root - INFO - train average_precision, 0.9801
2025-10-01 13:22:34,304 - root - INFO - train roc_auc, 0.9796
2025-10-01 13:22:34,304 - root - INFO - validate loss: 0.1978
2025-10-01 13:22:34,305 - root - INFO - validate average_precision, 0.9772
2025-10-01 13:22:34,305 - root - INFO - validate roc_auc, 0.9764
2025-10-01 13:22:34,305 - root - INFO - new node validate loss: 0.3685
2025-10-01 13:22:34,305 - root - INFO - new node validate average_precision, 0.9251
2025-10-01 13:22:34,305 - root - INFO - new node validate roc_auc, 0.9183
2025-10-01 13:22:59,066 - root - INFO - test loss: 0.2175
2025-10-01 13:22:59,066 - root - INFO - test average_precision, 0.9734
2025-10-01 13:22:59,066 - root - INFO - best test average_precision: 0.9791
2025-10-01 13:22:59,066 - root - INFO - test roc_auc, 0.9728
2025-10-01 13:22:59,066 - root - INFO - new node test loss: 0.3100
2025-10-01 13:22:59,067 - root - INFO - new node test average_precision, 0.9436
2025-10-01 13:22:59,067 - root - INFO - new node test roc_auc, 0.9445
2025-10-01 13:25:10,054 - root - INFO - Epoch: 17, learning rate: 0.0001, train loss: 0.1761
2025-10-01 13:25:10,055 - root - INFO - train average_precision, 0.9803
2025-10-01 13:25:10,055 - root - INFO - train roc_auc, 0.9800
2025-10-01 13:25:10,055 - root - INFO - validate loss: 0.1893
2025-10-01 13:25:10,056 - root - INFO - validate average_precision, 0.9792
2025-10-01 13:25:10,056 - root - INFO - validate roc_auc, 0.9782
2025-10-01 13:25:10,056 - root - INFO - new node validate loss: 0.3670
2025-10-01 13:25:10,056 - root - INFO - new node validate average_precision, 0.9261
2025-10-01 13:25:10,056 - root - INFO - new node validate roc_auc, 0.9189
2025-10-01 13:25:34,729 - root - INFO - test loss: 0.1933
2025-10-01 13:25:34,730 - root - INFO - test average_precision, 0.9784
2025-10-01 13:25:34,730 - root - INFO - best test average_precision: 0.9791
2025-10-01 13:25:34,730 - root - INFO - test roc_auc, 0.9776
2025-10-01 13:25:34,730 - root - INFO - new node test loss: 0.2860
2025-10-01 13:25:34,730 - root - INFO - new node test average_precision, 0.9518
2025-10-01 13:25:34,730 - root - INFO - new node test roc_auc, 0.9520
2025-10-01 13:25:34,730 - root - INFO - save model ./saved_models/DyRep/reddit/DyRep_seed1/DyRep_seed1.pkl
2025-10-01 13:27:47,160 - root - INFO - Epoch: 18, learning rate: 0.0001, train loss: 0.1756
2025-10-01 13:27:47,161 - root - INFO - train average_precision, 0.9806
2025-10-01 13:27:47,161 - root - INFO - train roc_auc, 0.9801
2025-10-01 13:27:47,161 - root - INFO - validate loss: 0.1940
2025-10-01 13:27:47,161 - root - INFO - validate average_precision, 0.9784
2025-10-01 13:27:47,162 - root - INFO - validate roc_auc, 0.9774
2025-10-01 13:27:47,162 - root - INFO - new node validate loss: 0.3897
2025-10-01 13:27:47,162 - root - INFO - new node validate average_precision, 0.9212
2025-10-01 13:27:47,162 - root - INFO - new node validate roc_auc, 0.9140
2025-10-01 13:28:12,091 - root - INFO - test loss: 0.2047
2025-10-01 13:28:12,091 - root - INFO - test average_precision, 0.9759
2025-10-01 13:28:12,091 - root - INFO - best test average_precision: 0.9791
2025-10-01 13:28:12,092 - root - INFO - test roc_auc, 0.9750
2025-10-01 13:28:12,092 - root - INFO - new node test loss: 0.2985
2025-10-01 13:28:12,092 - root - INFO - new node test average_precision, 0.9508
2025-10-01 13:28:12,092 - root - INFO - new node test roc_auc, 0.9500
2025-10-01 13:30:23,178 - root - INFO - Epoch: 19, learning rate: 0.0001, train loss: 0.1741
2025-10-01 13:30:23,179 - root - INFO - train average_precision, 0.9808
2025-10-01 13:30:23,179 - root - INFO - train roc_auc, 0.9804
2025-10-01 13:30:23,179 - root - INFO - validate loss: 0.1870
2025-10-01 13:30:23,179 - root - INFO - validate average_precision, 0.9799
2025-10-01 13:30:23,180 - root - INFO - validate roc_auc, 0.9790
2025-10-01 13:30:23,180 - root - INFO - new node validate loss: 0.3783
2025-10-01 13:30:23,180 - root - INFO - new node validate average_precision, 0.9272
2025-10-01 13:30:23,180 - root - INFO - new node validate roc_auc, 0.9196
2025-10-01 13:30:47,967 - root - INFO - test loss: 0.1875
2025-10-01 13:30:47,967 - root - INFO - test average_precision, 0.9797
2025-10-01 13:30:47,967 - root - INFO - best test average_precision: 0.9797
2025-10-01 13:30:47,967 - root - INFO - test roc_auc, 0.9790
2025-10-01 13:30:47,967 - root - INFO - new node test loss: 0.2969
2025-10-01 13:30:47,967 - root - INFO - new node test average_precision, 0.9528
2025-10-01 13:30:47,967 - root - INFO - new node test roc_auc, 0.9520
2025-10-01 13:30:47,968 - root - INFO - save model ./saved_models/DyRep/reddit/DyRep_seed1/DyRep_seed1.pkl
2025-10-01 13:33:00,796 - root - INFO - Epoch: 20, learning rate: 0.0001, train loss: 0.1728
2025-10-01 13:33:00,797 - root - INFO - train average_precision, 0.9810
2025-10-01 13:33:00,798 - root - INFO - train roc_auc, 0.9807
2025-10-01 13:33:00,798 - root - INFO - validate loss: 0.1856
2025-10-01 13:33:00,798 - root - INFO - validate average_precision, 0.9799
2025-10-01 13:33:00,798 - root - INFO - validate roc_auc, 0.9790
2025-10-01 13:33:00,798 - root - INFO - new node validate loss: 0.3651
2025-10-01 13:33:00,798 - root - INFO - new node validate average_precision, 0.9270
2025-10-01 13:33:00,798 - root - INFO - new node validate roc_auc, 0.9194
2025-10-01 13:33:25,515 - root - INFO - test loss: 0.1893
2025-10-01 13:33:25,515 - root - INFO - test average_precision, 0.9792
2025-10-01 13:33:25,515 - root - INFO - best test average_precision: 0.9797
2025-10-01 13:33:25,515 - root - INFO - test roc_auc, 0.9787
2025-10-01 13:33:25,515 - root - INFO - new node test loss: 0.2722
2025-10-01 13:33:25,515 - root - INFO - new node test average_precision, 0.9559
2025-10-01 13:33:25,515 - root - INFO - new node test roc_auc, 0.9556
2025-10-01 13:33:25,516 - root - INFO - save model ./saved_models/DyRep/reddit/DyRep_seed1/DyRep_seed1.pkl
2025-10-01 13:35:38,049 - root - INFO - Epoch: 21, learning rate: 0.0001, train loss: 0.1727
2025-10-01 13:35:38,050 - root - INFO - train average_precision, 0.9811
2025-10-01 13:35:38,050 - root - INFO - train roc_auc, 0.9808
2025-10-01 13:35:38,050 - root - INFO - validate loss: 0.1880
2025-10-01 13:35:38,050 - root - INFO - validate average_precision, 0.9793
2025-10-01 13:35:38,050 - root - INFO - validate roc_auc, 0.9785
2025-10-01 13:35:38,051 - root - INFO - new node validate loss: 0.3744
2025-10-01 13:35:38,051 - root - INFO - new node validate average_precision, 0.9238
2025-10-01 13:35:38,051 - root - INFO - new node validate roc_auc, 0.9172
2025-10-01 13:36:02,739 - root - INFO - test loss: 0.1922
2025-10-01 13:36:02,739 - root - INFO - test average_precision, 0.9782
2025-10-01 13:36:02,739 - root - INFO - best test average_precision: 0.9797
2025-10-01 13:36:02,740 - root - INFO - test roc_auc, 0.9778
2025-10-01 13:36:02,740 - root - INFO - new node test loss: 0.2905
2025-10-01 13:36:02,740 - root - INFO - new node test average_precision, 0.9484
2025-10-01 13:36:02,740 - root - INFO - new node test roc_auc, 0.9496
2025-10-01 13:38:13,970 - root - INFO - Epoch: 22, learning rate: 0.0001, train loss: 0.1717
2025-10-01 13:38:13,971 - root - INFO - train average_precision, 0.9812
2025-10-01 13:38:13,971 - root - INFO - train roc_auc, 0.9809
2025-10-01 13:38:13,972 - root - INFO - validate loss: 0.1913
2025-10-01 13:38:13,972 - root - INFO - validate average_precision, 0.9788
2025-10-01 13:38:13,972 - root - INFO - validate roc_auc, 0.9779
2025-10-01 13:38:13,972 - root - INFO - new node validate loss: 0.3652
2025-10-01 13:38:13,972 - root - INFO - new node validate average_precision, 0.9273
2025-10-01 13:38:13,972 - root - INFO - new node validate roc_auc, 0.9199
2025-10-01 13:38:38,598 - root - INFO - test loss: 0.2050
2025-10-01 13:38:38,598 - root - INFO - test average_precision, 0.9766
2025-10-01 13:38:38,598 - root - INFO - best test average_precision: 0.9797
2025-10-01 13:38:38,598 - root - INFO - test roc_auc, 0.9758
2025-10-01 13:38:38,599 - root - INFO - new node test loss: 0.3016
2025-10-01 13:38:38,599 - root - INFO - new node test average_precision, 0.9470
2025-10-01 13:38:38,599 - root - INFO - new node test roc_auc, 0.9461
2025-10-01 13:40:49,941 - root - INFO - Epoch: 23, learning rate: 0.0001, train loss: 0.1707
2025-10-01 13:40:49,942 - root - INFO - train average_precision, 0.9815
2025-10-01 13:40:49,943 - root - INFO - train roc_auc, 0.9812
2025-10-01 13:40:49,943 - root - INFO - validate loss: 0.1842
2025-10-01 13:40:49,943 - root - INFO - validate average_precision, 0.9802
2025-10-01 13:40:49,943 - root - INFO - validate roc_auc, 0.9793
2025-10-01 13:40:49,943 - root - INFO - new node validate loss: 0.3696
2025-10-01 13:40:49,943 - root - INFO - new node validate average_precision, 0.9268
2025-10-01 13:40:49,943 - root - INFO - new node validate roc_auc, 0.9195
2025-10-01 13:41:14,989 - root - INFO - test loss: 0.1829
2025-10-01 13:41:14,989 - root - INFO - test average_precision, 0.9802
2025-10-01 13:41:14,989 - root - INFO - best test average_precision: 0.9802
2025-10-01 13:41:14,989 - root - INFO - test roc_auc, 0.9797
2025-10-01 13:41:14,989 - root - INFO - new node test loss: 0.2717
2025-10-01 13:41:14,989 - root - INFO - new node test average_precision, 0.9570
2025-10-01 13:41:14,989 - root - INFO - new node test roc_auc, 0.9570
2025-10-01 13:41:14,990 - root - INFO - save model ./saved_models/DyRep/reddit/DyRep_seed1/DyRep_seed1.pkl
2025-10-01 13:43:28,041 - root - INFO - Epoch: 24, learning rate: 0.0001, train loss: 0.1701
2025-10-01 13:43:28,042 - root - INFO - train average_precision, 0.9817
2025-10-01 13:43:28,043 - root - INFO - train roc_auc, 0.9813
2025-10-01 13:43:28,043 - root - INFO - validate loss: 0.1839
2025-10-01 13:43:28,043 - root - INFO - validate average_precision, 0.9803
2025-10-01 13:43:28,043 - root - INFO - validate roc_auc, 0.9794
2025-10-01 13:43:28,043 - root - INFO - new node validate loss: 0.3610
2025-10-01 13:43:28,043 - root - INFO - new node validate average_precision, 0.9290
2025-10-01 13:43:28,043 - root - INFO - new node validate roc_auc, 0.9224
2025-10-01 13:43:52,920 - root - INFO - test loss: 0.1806
2025-10-01 13:43:52,920 - root - INFO - test average_precision, 0.9810
2025-10-01 13:43:52,920 - root - INFO - best test average_precision: 0.9810
2025-10-01 13:43:52,920 - root - INFO - test roc_auc, 0.9805
2025-10-01 13:43:52,920 - root - INFO - new node test loss: 0.2734
2025-10-01 13:43:52,920 - root - INFO - new node test average_precision, 0.9564
2025-10-01 13:43:52,920 - root - INFO - new node test roc_auc, 0.9555
2025-10-01 13:43:52,921 - root - INFO - save model ./saved_models/DyRep/reddit/DyRep_seed1/DyRep_seed1.pkl
2025-10-01 13:46:05,397 - root - INFO - Epoch: 25, learning rate: 0.0001, train loss: 0.1701
2025-10-01 13:46:05,397 - root - INFO - train average_precision, 0.9816
2025-10-01 13:46:05,398 - root - INFO - train roc_auc, 0.9813
2025-10-01 13:46:05,398 - root - INFO - validate loss: 0.1871
2025-10-01 13:46:05,398 - root - INFO - validate average_precision, 0.9797
2025-10-01 13:46:05,398 - root - INFO - validate roc_auc, 0.9788
2025-10-01 13:46:05,398 - root - INFO - new node validate loss: 0.3619
2025-10-01 13:46:05,398 - root - INFO - new node validate average_precision, 0.9275
2025-10-01 13:46:05,398 - root - INFO - new node validate roc_auc, 0.9203
2025-10-01 13:46:30,189 - root - INFO - test loss: 0.1944
2025-10-01 13:46:30,189 - root - INFO - test average_precision, 0.9786
2025-10-01 13:46:30,190 - root - INFO - best test average_precision: 0.9810
2025-10-01 13:46:30,190 - root - INFO - test roc_auc, 0.9781
2025-10-01 13:46:30,190 - root - INFO - new node test loss: 0.2878
2025-10-01 13:46:30,190 - root - INFO - new node test average_precision, 0.9510
2025-10-01 13:46:30,190 - root - INFO - new node test roc_auc, 0.9507
2025-10-01 13:48:41,938 - root - INFO - Epoch: 26, learning rate: 0.0001, train loss: 0.1697
2025-10-01 13:48:41,939 - root - INFO - train average_precision, 0.9817
2025-10-01 13:48:41,939 - root - INFO - train roc_auc, 0.9814
2025-10-01 13:48:41,939 - root - INFO - validate loss: 0.1933
2025-10-01 13:48:41,939 - root - INFO - validate average_precision, 0.9783
2025-10-01 13:48:41,939 - root - INFO - validate roc_auc, 0.9774
2025-10-01 13:48:41,939 - root - INFO - new node validate loss: 0.3639
2025-10-01 13:48:41,939 - root - INFO - new node validate average_precision, 0.9277
2025-10-01 13:48:41,939 - root - INFO - new node validate roc_auc, 0.9202
2025-10-01 13:49:06,833 - root - INFO - test loss: 0.2060
2025-10-01 13:49:06,833 - root - INFO - test average_precision, 0.9756
2025-10-01 13:49:06,833 - root - INFO - best test average_precision: 0.9810
2025-10-01 13:49:06,833 - root - INFO - test roc_auc, 0.9749
2025-10-01 13:49:06,833 - root - INFO - new node test loss: 0.2970
2025-10-01 13:49:06,833 - root - INFO - new node test average_precision, 0.9487
2025-10-01 13:49:06,833 - root - INFO - new node test roc_auc, 0.9485
2025-10-01 13:51:18,203 - root - INFO - Epoch: 27, learning rate: 0.0001, train loss: 0.1690
2025-10-01 13:51:18,204 - root - INFO - train average_precision, 0.9818
2025-10-01 13:51:18,204 - root - INFO - train roc_auc, 0.9815
2025-10-01 13:51:18,204 - root - INFO - validate loss: 0.1913
2025-10-01 13:51:18,204 - root - INFO - validate average_precision, 0.9788
2025-10-01 13:51:18,204 - root - INFO - validate roc_auc, 0.9778
2025-10-01 13:51:18,205 - root - INFO - new node validate loss: 0.3716
2025-10-01 13:51:18,205 - root - INFO - new node validate average_precision, 0.9260
2025-10-01 13:51:18,205 - root - INFO - new node validate roc_auc, 0.9186
2025-10-01 13:51:42,936 - root - INFO - test loss: 0.2098
2025-10-01 13:51:42,936 - root - INFO - test average_precision, 0.9754
2025-10-01 13:51:42,936 - root - INFO - best test average_precision: 0.9810
2025-10-01 13:51:42,936 - root - INFO - test roc_auc, 0.9746
2025-10-01 13:51:42,937 - root - INFO - new node test loss: 0.3031
2025-10-01 13:51:42,937 - root - INFO - new node test average_precision, 0.9471
2025-10-01 13:51:42,937 - root - INFO - new node test roc_auc, 0.9464
2025-10-01 13:53:54,080 - root - INFO - Epoch: 28, learning rate: 0.0001, train loss: 0.1669
2025-10-01 13:53:54,081 - root - INFO - train average_precision, 0.9822
2025-10-01 13:53:54,082 - root - INFO - train roc_auc, 0.9820
2025-10-01 13:53:54,082 - root - INFO - validate loss: 0.1873
2025-10-01 13:53:54,082 - root - INFO - validate average_precision, 0.9795
2025-10-01 13:53:54,082 - root - INFO - validate roc_auc, 0.9787
2025-10-01 13:53:54,082 - root - INFO - new node validate loss: 0.3704
2025-10-01 13:53:54,082 - root - INFO - new node validate average_precision, 0.9256
2025-10-01 13:53:54,082 - root - INFO - new node validate roc_auc, 0.9183
2025-10-01 13:54:18,777 - root - INFO - test loss: 0.2016
2025-10-01 13:54:18,778 - root - INFO - test average_precision, 0.9771
2025-10-01 13:54:18,778 - root - INFO - best test average_precision: 0.9810
2025-10-01 13:54:18,778 - root - INFO - test roc_auc, 0.9764
2025-10-01 13:54:18,778 - root - INFO - new node test loss: 0.2900
2025-10-01 13:54:18,778 - root - INFO - new node test average_precision, 0.9512
2025-10-01 13:54:18,778 - root - INFO - new node test roc_auc, 0.9503
2025-10-01 13:56:30,393 - root - INFO - Epoch: 29, learning rate: 0.0001, train loss: 0.1677
2025-10-01 13:56:30,394 - root - INFO - train average_precision, 0.9820
2025-10-01 13:56:30,394 - root - INFO - train roc_auc, 0.9818
2025-10-01 13:56:30,394 - root - INFO - validate loss: 0.1857
2025-10-01 13:56:30,395 - root - INFO - validate average_precision, 0.9797
2025-10-01 13:56:30,395 - root - INFO - validate roc_auc, 0.9789
2025-10-01 13:56:30,395 - root - INFO - new node validate loss: 0.3661
2025-10-01 13:56:30,395 - root - INFO - new node validate average_precision, 0.9269
2025-10-01 13:56:30,395 - root - INFO - new node validate roc_auc, 0.9196
2025-10-01 13:56:55,328 - root - INFO - test loss: 0.1851
2025-10-01 13:56:55,328 - root - INFO - test average_precision, 0.9797
2025-10-01 13:56:55,329 - root - INFO - best test average_precision: 0.9810
2025-10-01 13:56:55,329 - root - INFO - test roc_auc, 0.9791
2025-10-01 13:56:55,329 - root - INFO - new node test loss: 0.2723
2025-10-01 13:56:55,329 - root - INFO - new node test average_precision, 0.9569
2025-10-01 13:56:55,329 - root - INFO - new node test roc_auc, 0.9558
2025-10-01 13:59:06,965 - root - INFO - Epoch: 30, learning rate: 0.0001, train loss: 0.1658
2025-10-01 13:59:06,966 - root - INFO - train average_precision, 0.9824
2025-10-01 13:59:06,966 - root - INFO - train roc_auc, 0.9822
2025-10-01 13:59:06,966 - root - INFO - validate loss: 0.1851
2025-10-01 13:59:06,966 - root - INFO - validate average_precision, 0.9800
2025-10-01 13:59:06,967 - root - INFO - validate roc_auc, 0.9792
2025-10-01 13:59:06,967 - root - INFO - new node validate loss: 0.3630
2025-10-01 13:59:06,967 - root - INFO - new node validate average_precision, 0.9301
2025-10-01 13:59:06,967 - root - INFO - new node validate roc_auc, 0.9225
2025-10-01 13:59:31,987 - root - INFO - test loss: 0.1874
2025-10-01 13:59:31,988 - root - INFO - test average_precision, 0.9797
2025-10-01 13:59:31,988 - root - INFO - best test average_precision: 0.9810
2025-10-01 13:59:31,988 - root - INFO - test roc_auc, 0.9789
2025-10-01 13:59:31,988 - root - INFO - new node test loss: 0.2753
2025-10-01 13:59:31,988 - root - INFO - new node test average_precision, 0.9571
2025-10-01 13:59:31,988 - root - INFO - new node test roc_auc, 0.9557
2025-10-01 14:01:42,981 - root - INFO - Epoch: 31, learning rate: 0.0001, train loss: 0.1657
2025-10-01 14:01:42,982 - root - INFO - train average_precision, 0.9824
2025-10-01 14:01:42,983 - root - INFO - train roc_auc, 0.9822
2025-10-01 14:01:42,983 - root - INFO - validate loss: 0.1890
2025-10-01 14:01:42,983 - root - INFO - validate average_precision, 0.9791
2025-10-01 14:01:42,983 - root - INFO - validate roc_auc, 0.9783
2025-10-01 14:01:42,983 - root - INFO - new node validate loss: 0.3641
2025-10-01 14:01:42,983 - root - INFO - new node validate average_precision, 0.9283
2025-10-01 14:01:42,983 - root - INFO - new node validate roc_auc, 0.9215
2025-10-01 14:02:07,707 - root - INFO - test loss: 0.1896
2025-10-01 14:02:07,708 - root - INFO - test average_precision, 0.9788
2025-10-01 14:02:07,708 - root - INFO - best test average_precision: 0.9810
2025-10-01 14:02:07,708 - root - INFO - test roc_auc, 0.9783
2025-10-01 14:02:07,708 - root - INFO - new node test loss: 0.2810
2025-10-01 14:02:07,708 - root - INFO - new node test average_precision, 0.9524
2025-10-01 14:02:07,708 - root - INFO - new node test roc_auc, 0.9531
2025-10-01 14:04:19,201 - root - INFO - Epoch: 32, learning rate: 0.0001, train loss: 0.1656
2025-10-01 14:04:19,201 - root - INFO - train average_precision, 0.9825
2025-10-01 14:04:19,202 - root - INFO - train roc_auc, 0.9822
2025-10-01 14:04:19,202 - root - INFO - validate loss: 0.1822
2025-10-01 14:04:19,202 - root - INFO - validate average_precision, 0.9806
2025-10-01 14:04:19,202 - root - INFO - validate roc_auc, 0.9798
2025-10-01 14:04:19,202 - root - INFO - new node validate loss: 0.3715
2025-10-01 14:04:19,202 - root - INFO - new node validate average_precision, 0.9290
2025-10-01 14:04:19,202 - root - INFO - new node validate roc_auc, 0.9212
2025-10-01 14:04:43,901 - root - INFO - test loss: 0.1759
2025-10-01 14:04:43,901 - root - INFO - test average_precision, 0.9818
2025-10-01 14:04:43,901 - root - INFO - best test average_precision: 0.9818
2025-10-01 14:04:43,901 - root - INFO - test roc_auc, 0.9811
2025-10-01 14:04:43,901 - root - INFO - new node test loss: 0.2706
2025-10-01 14:04:43,901 - root - INFO - new node test average_precision, 0.9604
2025-10-01 14:04:43,901 - root - INFO - new node test roc_auc, 0.9594
2025-10-01 14:04:43,902 - root - INFO - save model ./saved_models/DyRep/reddit/DyRep_seed1/DyRep_seed1.pkl
2025-10-01 14:06:56,549 - root - INFO - Epoch: 33, learning rate: 0.0001, train loss: 0.1648
2025-10-01 14:06:56,550 - root - INFO - train average_precision, 0.9825
2025-10-01 14:06:56,550 - root - INFO - train roc_auc, 0.9824
2025-10-01 14:06:56,550 - root - INFO - validate loss: 0.1875
2025-10-01 14:06:56,550 - root - INFO - validate average_precision, 0.9796
2025-10-01 14:06:56,550 - root - INFO - validate roc_auc, 0.9787
2025-10-01 14:06:56,550 - root - INFO - new node validate loss: 0.3779
2025-10-01 14:06:56,550 - root - INFO - new node validate average_precision, 0.9259
2025-10-01 14:06:56,550 - root - INFO - new node validate roc_auc, 0.9176
2025-10-01 14:07:21,374 - root - INFO - test loss: 0.1939
2025-10-01 14:07:21,374 - root - INFO - test average_precision, 0.9785
2025-10-01 14:07:21,374 - root - INFO - best test average_precision: 0.9818
2025-10-01 14:07:21,374 - root - INFO - test roc_auc, 0.9777
2025-10-01 14:07:21,374 - root - INFO - new node test loss: 0.2929
2025-10-01 14:07:21,374 - root - INFO - new node test average_precision, 0.9511
2025-10-01 14:07:21,374 - root - INFO - new node test roc_auc, 0.9500
2025-10-01 14:09:32,606 - root - INFO - Epoch: 34, learning rate: 0.0001, train loss: 0.1635
2025-10-01 14:09:32,606 - root - INFO - train average_precision, 0.9828
2025-10-01 14:09:32,607 - root - INFO - train roc_auc, 0.9827
2025-10-01 14:09:32,607 - root - INFO - validate loss: 0.1817
2025-10-01 14:09:32,607 - root - INFO - validate average_precision, 0.9806
2025-10-01 14:09:32,607 - root - INFO - validate roc_auc, 0.9800
2025-10-01 14:09:32,607 - root - INFO - new node validate loss: 0.3526
2025-10-01 14:09:32,607 - root - INFO - new node validate average_precision, 0.9330
2025-10-01 14:09:32,607 - root - INFO - new node validate roc_auc, 0.9253
2025-10-01 14:09:57,153 - root - INFO - test loss: 0.1796
2025-10-01 14:09:57,154 - root - INFO - test average_precision, 0.9815
2025-10-01 14:09:57,154 - root - INFO - best test average_precision: 0.9818
2025-10-01 14:09:57,154 - root - INFO - test roc_auc, 0.9810
2025-10-01 14:09:57,154 - root - INFO - new node test loss: 0.2597
2025-10-01 14:09:57,154 - root - INFO - new node test average_precision, 0.9607
2025-10-01 14:09:57,154 - root - INFO - new node test roc_auc, 0.9597
2025-10-01 14:09:57,154 - root - INFO - save model ./saved_models/DyRep/reddit/DyRep_seed1/DyRep_seed1.pkl
2025-10-01 14:12:09,464 - root - INFO - Epoch: 35, learning rate: 0.0001, train loss: 0.1650
2025-10-01 14:12:09,465 - root - INFO - train average_precision, 0.9824
2025-10-01 14:12:09,465 - root - INFO - train roc_auc, 0.9824
2025-10-01 14:12:09,466 - root - INFO - validate loss: 0.1878
2025-10-01 14:12:09,466 - root - INFO - validate average_precision, 0.9796
2025-10-01 14:12:09,466 - root - INFO - validate roc_auc, 0.9787
2025-10-01 14:12:09,466 - root - INFO - new node validate loss: 0.3688
2025-10-01 14:12:09,466 - root - INFO - new node validate average_precision, 0.9287
2025-10-01 14:12:09,466 - root - INFO - new node validate roc_auc, 0.9217
2025-10-01 14:12:34,202 - root - INFO - test loss: 0.1890
2025-10-01 14:12:34,202 - root - INFO - test average_precision, 0.9794
2025-10-01 14:12:34,202 - root - INFO - best test average_precision: 0.9818
2025-10-01 14:12:34,202 - root - INFO - test roc_auc, 0.9785
2025-10-01 14:12:34,203 - root - INFO - new node test loss: 0.2890
2025-10-01 14:12:34,203 - root - INFO - new node test average_precision, 0.9537
2025-10-01 14:12:34,203 - root - INFO - new node test roc_auc, 0.9525
2025-10-01 14:14:45,204 - root - INFO - Epoch: 36, learning rate: 0.0001, train loss: 0.1638
2025-10-01 14:14:45,205 - root - INFO - train average_precision, 0.9826
2025-10-01 14:14:45,205 - root - INFO - train roc_auc, 0.9826
2025-10-01 14:14:45,206 - root - INFO - validate loss: 0.1842
2025-10-01 14:14:45,206 - root - INFO - validate average_precision, 0.9802
2025-10-01 14:14:45,206 - root - INFO - validate roc_auc, 0.9794
2025-10-01 14:14:45,206 - root - INFO - new node validate loss: 0.3616
2025-10-01 14:14:45,206 - root - INFO - new node validate average_precision, 0.9299
2025-10-01 14:14:45,206 - root - INFO - new node validate roc_auc, 0.9226
2025-10-01 14:15:09,815 - root - INFO - test loss: 0.1822
2025-10-01 14:15:09,815 - root - INFO - test average_precision, 0.9808
2025-10-01 14:15:09,815 - root - INFO - best test average_precision: 0.9818
2025-10-01 14:15:09,815 - root - INFO - test roc_auc, 0.9802
2025-10-01 14:15:09,815 - root - INFO - new node test loss: 0.2732
2025-10-01 14:15:09,815 - root - INFO - new node test average_precision, 0.9567
2025-10-01 14:15:09,816 - root - INFO - new node test roc_auc, 0.9556
2025-10-01 14:17:20,965 - root - INFO - Epoch: 37, learning rate: 0.0001, train loss: 0.1631
2025-10-01 14:17:20,966 - root - INFO - train average_precision, 0.9829
2025-10-01 14:17:20,966 - root - INFO - train roc_auc, 0.9828
2025-10-01 14:17:20,966 - root - INFO - validate loss: 0.1850
2025-10-01 14:17:20,966 - root - INFO - validate average_precision, 0.9802
2025-10-01 14:17:20,966 - root - INFO - validate roc_auc, 0.9793
2025-10-01 14:17:20,966 - root - INFO - new node validate loss: 0.3637
2025-10-01 14:17:20,967 - root - INFO - new node validate average_precision, 0.9289
2025-10-01 14:17:20,967 - root - INFO - new node validate roc_auc, 0.9208
2025-10-01 14:17:45,973 - root - INFO - test loss: 0.1826
2025-10-01 14:17:45,974 - root - INFO - test average_precision, 0.9810
2025-10-01 14:17:45,974 - root - INFO - best test average_precision: 0.9818
2025-10-01 14:17:45,974 - root - INFO - test roc_auc, 0.9802
2025-10-01 14:17:45,974 - root - INFO - new node test loss: 0.2667
2025-10-01 14:17:45,974 - root - INFO - new node test average_precision, 0.9594
2025-10-01 14:17:45,974 - root - INFO - new node test roc_auc, 0.9576
2025-10-01 14:19:57,583 - root - INFO - Epoch: 38, learning rate: 0.0001, train loss: 0.1627
2025-10-01 14:19:57,584 - root - INFO - train average_precision, 0.9828
2025-10-01 14:19:57,584 - root - INFO - train roc_auc, 0.9828
2025-10-01 14:19:57,584 - root - INFO - validate loss: 0.1857
2025-10-01 14:19:57,584 - root - INFO - validate average_precision, 0.9800
2025-10-01 14:19:57,584 - root - INFO - validate roc_auc, 0.9791
2025-10-01 14:19:57,584 - root - INFO - new node validate loss: 0.3711
2025-10-01 14:19:57,585 - root - INFO - new node validate average_precision, 0.9292
2025-10-01 14:19:57,585 - root - INFO - new node validate roc_auc, 0.9211
2025-10-01 14:20:22,585 - root - INFO - test loss: 0.1843
2025-10-01 14:20:22,585 - root - INFO - test average_precision, 0.9803
2025-10-01 14:20:22,586 - root - INFO - best test average_precision: 0.9818
2025-10-01 14:20:22,586 - root - INFO - test roc_auc, 0.9794
2025-10-01 14:20:22,586 - root - INFO - new node test loss: 0.2765
2025-10-01 14:20:22,586 - root - INFO - new node test average_precision, 0.9578
2025-10-01 14:20:22,586 - root - INFO - new node test roc_auc, 0.9555
2025-10-01 14:22:33,411 - root - INFO - Epoch: 39, learning rate: 0.0001, train loss: 0.1620
2025-10-01 14:22:33,412 - root - INFO - train average_precision, 0.9829
2025-10-01 14:22:33,412 - root - INFO - train roc_auc, 0.9830
2025-10-01 14:22:33,412 - root - INFO - validate loss: 0.1822
2025-10-01 14:22:33,412 - root - INFO - validate average_precision, 0.9806
2025-10-01 14:22:33,412 - root - INFO - validate roc_auc, 0.9797
2025-10-01 14:22:33,412 - root - INFO - new node validate loss: 0.3610
2025-10-01 14:22:33,413 - root - INFO - new node validate average_precision, 0.9314
2025-10-01 14:22:33,413 - root - INFO - new node validate roc_auc, 0.9236
2025-10-01 14:22:57,977 - root - INFO - test loss: 0.1745
2025-10-01 14:22:57,977 - root - INFO - test average_precision, 0.9821
2025-10-01 14:22:57,977 - root - INFO - best test average_precision: 0.9821
2025-10-01 14:22:57,978 - root - INFO - test roc_auc, 0.9814
2025-10-01 14:22:57,978 - root - INFO - new node test loss: 0.2640
2025-10-01 14:22:57,978 - root - INFO - new node test average_precision, 0.9610
2025-10-01 14:22:57,978 - root - INFO - new node test roc_auc, 0.9597
2025-10-01 14:25:09,209 - root - INFO - Epoch: 40, learning rate: 0.0001, train loss: 0.1618
2025-10-01 14:25:09,210 - root - INFO - train average_precision, 0.9830
2025-10-01 14:25:09,210 - root - INFO - train roc_auc, 0.9830
2025-10-01 14:25:09,210 - root - INFO - validate loss: 0.1825
2025-10-01 14:25:09,211 - root - INFO - validate average_precision, 0.9804
2025-10-01 14:25:09,211 - root - INFO - validate roc_auc, 0.9797
2025-10-01 14:25:09,211 - root - INFO - new node validate loss: 0.3597
2025-10-01 14:25:09,211 - root - INFO - new node validate average_precision, 0.9307
2025-10-01 14:25:09,211 - root - INFO - new node validate roc_auc, 0.9232
2025-10-01 14:25:34,192 - root - INFO - test loss: 0.1764
2025-10-01 14:25:34,192 - root - INFO - test average_precision, 0.9817
2025-10-01 14:25:34,192 - root - INFO - best test average_precision: 0.9821
2025-10-01 14:25:34,192 - root - INFO - test roc_auc, 0.9811
2025-10-01 14:25:34,192 - root - INFO - new node test loss: 0.2640
2025-10-01 14:25:34,192 - root - INFO - new node test average_precision, 0.9607
2025-10-01 14:25:34,192 - root - INFO - new node test roc_auc, 0.9592
2025-10-01 14:27:45,319 - root - INFO - Epoch: 41, learning rate: 0.0001, train loss: 0.1611
2025-10-01 14:27:45,319 - root - INFO - train average_precision, 0.9833
2025-10-01 14:27:45,320 - root - INFO - train roc_auc, 0.9832
2025-10-01 14:27:45,320 - root - INFO - validate loss: 0.1873
2025-10-01 14:27:45,320 - root - INFO - validate average_precision, 0.9798
2025-10-01 14:27:45,320 - root - INFO - validate roc_auc, 0.9788
2025-10-01 14:27:45,320 - root - INFO - new node validate loss: 0.3651
2025-10-01 14:27:45,320 - root - INFO - new node validate average_precision, 0.9293
2025-10-01 14:27:45,320 - root - INFO - new node validate roc_auc, 0.9219
2025-10-01 14:28:10,139 - root - INFO - test loss: 0.1838
2025-10-01 14:28:10,139 - root - INFO - test average_precision, 0.9806
2025-10-01 14:28:10,139 - root - INFO - best test average_precision: 0.9821
2025-10-01 14:28:10,139 - root - INFO - test roc_auc, 0.9798
2025-10-01 14:28:10,139 - root - INFO - new node test loss: 0.2805
2025-10-01 14:28:10,139 - root - INFO - new node test average_precision, 0.9561
2025-10-01 14:28:10,139 - root - INFO - new node test roc_auc, 0.9544
2025-10-01 14:30:20,961 - root - INFO - Epoch: 42, learning rate: 0.0001, train loss: 0.1607
2025-10-01 14:30:20,962 - root - INFO - train average_precision, 0.9833
2025-10-01 14:30:20,962 - root - INFO - train roc_auc, 0.9833
2025-10-01 14:30:20,962 - root - INFO - validate loss: 0.1823
2025-10-01 14:30:20,962 - root - INFO - validate average_precision, 0.9807
2025-10-01 14:30:20,962 - root - INFO - validate roc_auc, 0.9798
2025-10-01 14:30:20,962 - root - INFO - new node validate loss: 0.3629
2025-10-01 14:30:20,962 - root - INFO - new node validate average_precision, 0.9312
2025-10-01 14:30:20,962 - root - INFO - new node validate roc_auc, 0.9234
2025-10-01 14:30:45,540 - root - INFO - test loss: 0.1748
2025-10-01 14:30:45,540 - root - INFO - test average_precision, 0.9821
2025-10-01 14:30:45,540 - root - INFO - best test average_precision: 0.9821
2025-10-01 14:30:45,540 - root - INFO - test roc_auc, 0.9814
2025-10-01 14:30:45,540 - root - INFO - new node test loss: 0.2601
2025-10-01 14:30:45,540 - root - INFO - new node test average_precision, 0.9626
2025-10-01 14:30:45,540 - root - INFO - new node test roc_auc, 0.9612
2025-10-01 14:32:56,092 - root - INFO - Epoch: 43, learning rate: 0.0001, train loss: 0.1598
2025-10-01 14:32:56,092 - root - INFO - train average_precision, 0.9835
2025-10-01 14:32:56,093 - root - INFO - train roc_auc, 0.9835
2025-10-01 14:32:56,093 - root - INFO - validate loss: 0.1824
2025-10-01 14:32:56,093 - root - INFO - validate average_precision, 0.9807
2025-10-01 14:32:56,093 - root - INFO - validate roc_auc, 0.9798
2025-10-01 14:32:56,093 - root - INFO - new node validate loss: 0.3530
2025-10-01 14:32:56,093 - root - INFO - new node validate average_precision, 0.9331
2025-10-01 14:32:56,093 - root - INFO - new node validate roc_auc, 0.9257
2025-10-01 14:33:20,944 - root - INFO - test loss: 0.1758
2025-10-01 14:33:20,944 - root - INFO - test average_precision, 0.9819
2025-10-01 14:33:20,944 - root - INFO - best test average_precision: 0.9821
2025-10-01 14:33:20,944 - root - INFO - test roc_auc, 0.9813
2025-10-01 14:33:20,944 - root - INFO - new node test loss: 0.2618
2025-10-01 14:33:20,944 - root - INFO - new node test average_precision, 0.9602
2025-10-01 14:33:20,945 - root - INFO - new node test roc_auc, 0.9597
2025-10-01 14:35:32,659 - root - INFO - Epoch: 44, learning rate: 0.0001, train loss: 0.1597
2025-10-01 14:35:32,659 - root - INFO - train average_precision, 0.9834
2025-10-01 14:35:32,660 - root - INFO - train roc_auc, 0.9835
2025-10-01 14:35:32,660 - root - INFO - validate loss: 0.1865
2025-10-01 14:35:32,660 - root - INFO - validate average_precision, 0.9800
2025-10-01 14:35:32,660 - root - INFO - validate roc_auc, 0.9791
2025-10-01 14:35:32,660 - root - INFO - new node validate loss: 0.3641
2025-10-01 14:35:32,660 - root - INFO - new node validate average_precision, 0.9314
2025-10-01 14:35:32,660 - root - INFO - new node validate roc_auc, 0.9242
2025-10-01 14:35:57,576 - root - INFO - test loss: 0.1823
2025-10-01 14:35:57,576 - root - INFO - test average_precision, 0.9808
2025-10-01 14:35:57,576 - root - INFO - best test average_precision: 0.9821
2025-10-01 14:35:57,576 - root - INFO - test roc_auc, 0.9800
2025-10-01 14:35:57,576 - root - INFO - new node test loss: 0.2747
2025-10-01 14:35:57,576 - root - INFO - new node test average_precision, 0.9585
2025-10-01 14:35:57,576 - root - INFO - new node test roc_auc, 0.9573
2025-10-01 14:38:08,393 - root - INFO - Epoch: 45, learning rate: 0.0001, train loss: 0.1589
2025-10-01 14:38:08,394 - root - INFO - train average_precision, 0.9834
2025-10-01 14:38:08,394 - root - INFO - train roc_auc, 0.9836
2025-10-01 14:38:08,395 - root - INFO - validate loss: 0.1893
2025-10-01 14:38:08,395 - root - INFO - validate average_precision, 0.9795
2025-10-01 14:38:08,395 - root - INFO - validate roc_auc, 0.9785
2025-10-01 14:38:08,395 - root - INFO - new node validate loss: 0.3730
2025-10-01 14:38:08,395 - root - INFO - new node validate average_precision, 0.9282
2025-10-01 14:38:08,395 - root - INFO - new node validate roc_auc, 0.9205
2025-10-01 14:38:33,233 - root - INFO - test loss: 0.1891
2025-10-01 14:38:33,233 - root - INFO - test average_precision, 0.9793
2025-10-01 14:38:33,233 - root - INFO - best test average_precision: 0.9821
2025-10-01 14:38:33,233 - root - INFO - test roc_auc, 0.9785
2025-10-01 14:38:33,233 - root - INFO - new node test loss: 0.2953
2025-10-01 14:38:33,233 - root - INFO - new node test average_precision, 0.9520
2025-10-01 14:38:33,234 - root - INFO - new node test roc_auc, 0.9501
2025-10-01 14:40:44,523 - root - INFO - Epoch: 46, learning rate: 0.0001, train loss: 0.1585
2025-10-01 14:40:44,524 - root - INFO - train average_precision, 0.9836
2025-10-01 14:40:44,524 - root - INFO - train roc_auc, 0.9837
2025-10-01 14:40:44,524 - root - INFO - validate loss: 0.1870
2025-10-01 14:40:44,525 - root - INFO - validate average_precision, 0.9799
2025-10-01 14:40:44,525 - root - INFO - validate roc_auc, 0.9789
2025-10-01 14:40:44,525 - root - INFO - new node validate loss: 0.3623
2025-10-01 14:40:44,525 - root - INFO - new node validate average_precision, 0.9295
2025-10-01 14:40:44,525 - root - INFO - new node validate roc_auc, 0.9217
2025-10-01 14:41:09,338 - root - INFO - test loss: 0.1864
2025-10-01 14:41:09,339 - root - INFO - test average_precision, 0.9803
2025-10-01 14:41:09,339 - root - INFO - best test average_precision: 0.9821
2025-10-01 14:41:09,339 - root - INFO - test roc_auc, 0.9796
2025-10-01 14:41:09,339 - root - INFO - new node test loss: 0.2797
2025-10-01 14:41:09,339 - root - INFO - new node test average_precision, 0.9555
2025-10-01 14:41:09,339 - root - INFO - new node test roc_auc, 0.9539
2025-10-01 14:43:19,799 - root - INFO - Epoch: 47, learning rate: 0.0001, train loss: 0.1586
2025-10-01 14:43:19,800 - root - INFO - train average_precision, 0.9835
2025-10-01 14:43:19,800 - root - INFO - train roc_auc, 0.9837
2025-10-01 14:43:19,800 - root - INFO - validate loss: 0.1898
2025-10-01 14:43:19,800 - root - INFO - validate average_precision, 0.9792
2025-10-01 14:43:19,800 - root - INFO - validate roc_auc, 0.9783
2025-10-01 14:43:19,800 - root - INFO - new node validate loss: 0.3677
2025-10-01 14:43:19,801 - root - INFO - new node validate average_precision, 0.9284
2025-10-01 14:43:19,801 - root - INFO - new node validate roc_auc, 0.9208
2025-10-01 14:43:44,498 - root - INFO - test loss: 0.1913
2025-10-01 14:43:44,499 - root - INFO - test average_precision, 0.9794
2025-10-01 14:43:44,499 - root - INFO - best test average_precision: 0.9821
2025-10-01 14:43:44,499 - root - INFO - test roc_auc, 0.9787
2025-10-01 14:43:44,499 - root - INFO - new node test loss: 0.2862
2025-10-01 14:43:44,499 - root - INFO - new node test average_precision, 0.9528
2025-10-01 14:43:44,499 - root - INFO - new node test roc_auc, 0.9513
2025-10-01 14:45:55,697 - root - INFO - Epoch: 48, learning rate: 0.0001, train loss: 0.1582
2025-10-01 14:45:55,697 - root - INFO - train average_precision, 0.9836
2025-10-01 14:45:55,698 - root - INFO - train roc_auc, 0.9838
2025-10-01 14:45:55,698 - root - INFO - validate loss: 0.1905
2025-10-01 14:45:55,698 - root - INFO - validate average_precision, 0.9794
2025-10-01 14:45:55,698 - root - INFO - validate roc_auc, 0.9784
2025-10-01 14:45:55,698 - root - INFO - new node validate loss: 0.3940
2025-10-01 14:45:55,698 - root - INFO - new node validate average_precision, 0.9228
2025-10-01 14:45:55,698 - root - INFO - new node validate roc_auc, 0.9147
2025-10-01 14:46:20,370 - root - INFO - test loss: 0.1852
2025-10-01 14:46:20,370 - root - INFO - test average_precision, 0.9800
2025-10-01 14:46:20,370 - root - INFO - best test average_precision: 0.9821
2025-10-01 14:46:20,370 - root - INFO - test roc_auc, 0.9792
2025-10-01 14:46:20,370 - root - INFO - new node test loss: 0.2812
2025-10-01 14:46:20,370 - root - INFO - new node test average_precision, 0.9557
2025-10-01 14:46:20,370 - root - INFO - new node test roc_auc, 0.9547
2025-10-01 14:48:30,900 - root - INFO - Epoch: 49, learning rate: 0.0001, train loss: 0.1580
2025-10-01 14:48:30,901 - root - INFO - train average_precision, 0.9836
2025-10-01 14:48:30,901 - root - INFO - train roc_auc, 0.9838
2025-10-01 14:48:30,901 - root - INFO - validate loss: 0.1852
2025-10-01 14:48:30,901 - root - INFO - validate average_precision, 0.9802
2025-10-01 14:48:30,901 - root - INFO - validate roc_auc, 0.9792
2025-10-01 14:48:30,901 - root - INFO - new node validate loss: 0.3723
2025-10-01 14:48:30,901 - root - INFO - new node validate average_precision, 0.9287
2025-10-01 14:48:30,902 - root - INFO - new node validate roc_auc, 0.9207
2025-10-01 14:48:55,788 - root - INFO - test loss: 0.1762
2025-10-01 14:48:55,789 - root - INFO - test average_precision, 0.9819
2025-10-01 14:48:55,789 - root - INFO - best test average_precision: 0.9821
2025-10-01 14:48:55,789 - root - INFO - test roc_auc, 0.9811
2025-10-01 14:48:55,789 - root - INFO - new node test loss: 0.2676
2025-10-01 14:48:55,789 - root - INFO - new node test average_precision, 0.9613
2025-10-01 14:48:55,789 - root - INFO - new node test roc_auc, 0.9597
2025-10-01 14:51:07,105 - root - INFO - Epoch: 50, learning rate: 0.0001, train loss: 0.1577
2025-10-01 14:51:07,105 - root - INFO - train average_precision, 0.9837
2025-10-01 14:51:07,106 - root - INFO - train roc_auc, 0.9839
2025-10-01 14:51:07,106 - root - INFO - validate loss: 0.1850
2025-10-01 14:51:07,106 - root - INFO - validate average_precision, 0.9803
2025-10-01 14:51:07,106 - root - INFO - validate roc_auc, 0.9793
2025-10-01 14:51:07,106 - root - INFO - new node validate loss: 0.3665
2025-10-01 14:51:07,106 - root - INFO - new node validate average_precision, 0.9315
2025-10-01 14:51:07,106 - root - INFO - new node validate roc_auc, 0.9239
2025-10-01 14:51:31,727 - root - INFO - test loss: 0.1827
2025-10-01 14:51:31,727 - root - INFO - test average_precision, 0.9807
2025-10-01 14:51:31,727 - root - INFO - best test average_precision: 0.9821
2025-10-01 14:51:31,728 - root - INFO - test roc_auc, 0.9799
2025-10-01 14:51:31,728 - root - INFO - new node test loss: 0.2750
2025-10-01 14:51:31,728 - root - INFO - new node test average_precision, 0.9570
2025-10-01 14:51:31,728 - root - INFO - new node test roc_auc, 0.9560
2025-10-01 14:53:42,482 - root - INFO - Epoch: 51, learning rate: 0.0001, train loss: 0.1570
2025-10-01 14:53:42,483 - root - INFO - train average_precision, 0.9838
2025-10-01 14:53:42,483 - root - INFO - train roc_auc, 0.9840
2025-10-01 14:53:42,484 - root - INFO - validate loss: 0.1834
2025-10-01 14:53:42,484 - root - INFO - validate average_precision, 0.9806
2025-10-01 14:53:42,484 - root - INFO - validate roc_auc, 0.9796
2025-10-01 14:53:42,484 - root - INFO - new node validate loss: 0.3581
2025-10-01 14:53:42,484 - root - INFO - new node validate average_precision, 0.9332
2025-10-01 14:53:42,484 - root - INFO - new node validate roc_auc, 0.9263
2025-10-01 14:54:07,313 - root - INFO - test loss: 0.1749
2025-10-01 14:54:07,313 - root - INFO - test average_precision, 0.9822
2025-10-01 14:54:07,313 - root - INFO - best test average_precision: 0.9822
2025-10-01 14:54:07,313 - root - INFO - test roc_auc, 0.9814
2025-10-01 14:54:07,313 - root - INFO - new node test loss: 0.2564
2025-10-01 14:54:07,313 - root - INFO - new node test average_precision, 0.9633
2025-10-01 14:54:07,314 - root - INFO - new node test roc_auc, 0.9621
2025-10-01 14:56:18,454 - root - INFO - Epoch: 52, learning rate: 0.0001, train loss: 0.1568
2025-10-01 14:56:18,455 - root - INFO - train average_precision, 0.9837
2025-10-01 14:56:18,455 - root - INFO - train roc_auc, 0.9840
2025-10-01 14:56:18,456 - root - INFO - validate loss: 0.1864
2025-10-01 14:56:18,456 - root - INFO - validate average_precision, 0.9802
2025-10-01 14:56:18,456 - root - INFO - validate roc_auc, 0.9793
2025-10-01 14:56:18,456 - root - INFO - new node validate loss: 0.3553
2025-10-01 14:56:18,456 - root - INFO - new node validate average_precision, 0.9311
2025-10-01 14:56:18,456 - root - INFO - new node validate roc_auc, 0.9235
2025-10-01 14:56:43,271 - root - INFO - test loss: 0.1805
2025-10-01 14:56:43,272 - root - INFO - test average_precision, 0.9816
2025-10-01 14:56:43,272 - root - INFO - best test average_precision: 0.9822
2025-10-01 14:56:43,272 - root - INFO - test roc_auc, 0.9809
2025-10-01 14:56:43,272 - root - INFO - new node test loss: 0.2585
2025-10-01 14:56:43,272 - root - INFO - new node test average_precision, 0.9609
2025-10-01 14:56:43,272 - root - INFO - new node test roc_auc, 0.9599
2025-10-01 14:58:54,194 - root - INFO - Epoch: 53, learning rate: 0.0001, train loss: 0.1568
2025-10-01 14:58:54,195 - root - INFO - train average_precision, 0.9838
2025-10-01 14:58:54,196 - root - INFO - train roc_auc, 0.9840
2025-10-01 14:58:54,196 - root - INFO - validate loss: 0.1839
2025-10-01 14:58:54,196 - root - INFO - validate average_precision, 0.9805
2025-10-01 14:58:54,196 - root - INFO - validate roc_auc, 0.9795
2025-10-01 14:58:54,196 - root - INFO - new node validate loss: 0.3501
2025-10-01 14:58:54,196 - root - INFO - new node validate average_precision, 0.9348
2025-10-01 14:58:54,196 - root - INFO - new node validate roc_auc, 0.9272
2025-10-01 14:59:19,079 - root - INFO - test loss: 0.1753
2025-10-01 14:59:19,079 - root - INFO - test average_precision, 0.9821
2025-10-01 14:59:19,079 - root - INFO - best test average_precision: 0.9822
2025-10-01 14:59:19,080 - root - INFO - test roc_auc, 0.9814
2025-10-01 14:59:19,080 - root - INFO - new node test loss: 0.2595
2025-10-01 14:59:19,080 - root - INFO - new node test average_precision, 0.9616
2025-10-01 14:59:19,080 - root - INFO - new node test roc_auc, 0.9601
2025-10-01 15:01:30,362 - root - INFO - Epoch: 54, learning rate: 0.0001, train loss: 0.1570
2025-10-01 15:01:30,363 - root - INFO - train average_precision, 0.9838
2025-10-01 15:01:30,363 - root - INFO - train roc_auc, 0.9840
2025-10-01 15:01:30,363 - root - INFO - validate loss: 0.1850
2025-10-01 15:01:30,363 - root - INFO - validate average_precision, 0.9805
2025-10-01 15:01:30,363 - root - INFO - validate roc_auc, 0.9795
2025-10-01 15:01:30,363 - root - INFO - new node validate loss: 0.3633
2025-10-01 15:01:30,363 - root - INFO - new node validate average_precision, 0.9309
2025-10-01 15:01:30,363 - root - INFO - new node validate roc_auc, 0.9236
2025-10-01 15:01:54,917 - root - INFO - test loss: 0.1777
2025-10-01 15:01:54,917 - root - INFO - test average_precision, 0.9818
2025-10-01 15:01:54,917 - root - INFO - best test average_precision: 0.9822
2025-10-01 15:01:54,917 - root - INFO - test roc_auc, 0.9812
2025-10-01 15:01:54,917 - root - INFO - new node test loss: 0.2634
2025-10-01 15:01:54,917 - root - INFO - new node test average_precision, 0.9610
2025-10-01 15:01:54,917 - root - INFO - new node test roc_auc, 0.9596
2025-10-01 15:01:54,918 - root - INFO - load model ./saved_models/DyRep/reddit/DyRep_seed1/DyRep_seed1.pkl
2025-10-01 15:01:56,416 - root - INFO - get final performance on dataset reddit...
2025-10-01 15:02:21,729 - root - INFO - test loss: 0.1796
2025-10-01 15:02:21,729 - root - INFO - test average_precision, 0.9815
2025-10-01 15:02:21,729 - root - INFO - test roc_auc, 0.9810
2025-10-01 15:02:21,729 - root - INFO - new node test loss: 0.2597
2025-10-01 15:02:21,729 - root - INFO - new node test average_precision, 0.9607
2025-10-01 15:02:21,729 - root - INFO - new node test roc_auc, 0.9597
2025-10-01 15:02:21,729 - root - INFO - Run 2 cost 8496.15 seconds.
