2025-10-07 04:14:02,726 - root - INFO - ********** Run 1 starts. **********
2025-10-07 04:14:02,726 - root - INFO - configuration is Namespace(dataset_name='SocialEvo', batch_size=200, model_name='TGAT', gpu=0, num_neighbors=20, sample_neighbor_strategy='recent', time_scaling_factor=1e-06, num_walk_heads=8, num_heads=2, num_layers=2, walk_length=1, time_gap=2000, time_feat_dim=100, position_feat_dim=172, time_window_mode='fixed_proportion', time_encoder_type='time2vec', expert_dim=128, num_mixtures=16, sort_neighbors_by_time=False, patch_size=1, channel_embedding_dim=50, max_input_sequence_length=32, learning_rate=0.0001, dropout=0.1, gamma=0.5, num_epochs=1000, optimizer='Adam', weight_decay=0.0, patience=20, val_ratio=0.15, test_ratio=0.15, num_runs=1, test_interval_epochs=100, negative_sample_strategy='random', max_interaction_times=10, load_best_configs=True, data_ratio=1.0, seed=0, save_model_name_suffix='', ablation_dir='', mamba_d_state=256, mamba_d_conv=4, mamba_expand=2, mamba_headdim=64, device='cuda:0', save_model_name='TGAT_time2vec_seed0')
2025-10-07 04:14:02,730 - root - INFO - Metrics will be saved to: ./saved_metrics/TGAT/SocialEvo/TGAT_time2vec_seed0
2025-10-07 04:14:02,731 - root - INFO - time encoder type: time2vec
2025-10-07 04:14:02,731 - root - INFO - Time encoder will be injected into TGAT model
2025-10-07 04:14:03,535 - root - INFO - model -> Sequential(
  (0): TGAT(
    (time_encoder): TimeEncoderWrapper(
      (encoder): Time2VecEncoder(
        (time2vec_layer): SineActivation()
      )
    )
    (temporal_conv_layers): ModuleList(
      (0-1): 2 x MultiHeadAttention(
        (query_projection): Linear(in_features=272, out_features=272, bias=False)
        (key_projection): Linear(in_features=444, out_features=272, bias=False)
        (value_projection): Linear(in_features=444, out_features=272, bias=False)
        (layer_norm): LayerNorm((272,), eps=1e-05, elementwise_affine=True)
        (residual_fc): Linear(in_features=272, out_features=272, bias=True)
        (dropout): Dropout(p=0.1, inplace=False)
      )
    )
    (merge_layers): ModuleList(
      (0-1): 2 x MergeLayer(
        (fc1): Linear(in_features=444, out_features=172, bias=True)
        (fc2): Linear(in_features=172, out_features=172, bias=True)
        (act): ReLU()
      )
    )
  )
  (1): MergeLayer(
    (fc1): Linear(in_features=344, out_features=172, bias=True)
    (fc2): Linear(in_features=172, out_features=1, bias=True)
    (act): ReLU()
  )
)
2025-10-07 04:14:03,535 - root - INFO - model name: TGAT, #parameters: 4211780 B, 4113.06640625 KB, 4.016666412353516 MB.
2025-10-07 04:33:03,454 - root - INFO - Epoch: 1, learning rate: 0.0001, train loss: 0.4822
2025-10-07 04:33:03,456 - root - INFO - train average_precision, 0.7707
2025-10-07 04:33:03,456 - root - INFO - train roc_auc, 0.8207
2025-10-07 04:33:03,456 - root - INFO - validate loss: 0.5148
2025-10-07 04:33:03,457 - root - INFO - validate average_precision, 0.7076
2025-10-07 04:33:03,457 - root - INFO - validate roc_auc, 0.7714
2025-10-07 04:33:03,457 - root - INFO - new node validate loss: 0.5508
2025-10-07 04:33:03,457 - root - INFO - new node validate average_precision, 0.6728
2025-10-07 04:33:03,457 - root - INFO - new node validate roc_auc, 0.7361
2025-10-07 04:33:03,470 - root - INFO - save model ./saved_models/TGAT/SocialEvo/TGAT_time2vec_seed0/TGAT_time2vec_seed0.pkl
2025-10-07 04:51:58,792 - root - INFO - Epoch: 2, learning rate: 0.0001, train loss: 0.4946
2025-10-07 04:51:58,793 - root - INFO - train average_precision, 0.7590
2025-10-07 04:51:58,794 - root - INFO - train roc_auc, 0.8126
2025-10-07 04:51:58,794 - root - INFO - validate loss: 0.5362
2025-10-07 04:51:58,794 - root - INFO - validate average_precision, 0.7063
2025-10-07 04:51:58,794 - root - INFO - validate roc_auc, 0.7690
2025-10-07 04:51:58,794 - root - INFO - new node validate loss: 0.5754
2025-10-07 04:51:58,794 - root - INFO - new node validate average_precision, 0.6699
2025-10-07 04:51:58,794 - root - INFO - new node validate roc_auc, 0.7328
2025-10-07 05:10:55,697 - root - INFO - Epoch: 3, learning rate: 0.0001, train loss: 0.5013
2025-10-07 05:10:55,698 - root - INFO - train average_precision, 0.7559
2025-10-07 05:10:55,699 - root - INFO - train roc_auc, 0.8091
2025-10-07 05:10:55,699 - root - INFO - validate loss: 0.5359
2025-10-07 05:10:55,699 - root - INFO - validate average_precision, 0.7047
2025-10-07 05:10:55,699 - root - INFO - validate roc_auc, 0.7681
2025-10-07 05:10:55,699 - root - INFO - new node validate loss: 0.5752
2025-10-07 05:10:55,699 - root - INFO - new node validate average_precision, 0.6703
2025-10-07 05:10:55,699 - root - INFO - new node validate roc_auc, 0.7321
2025-10-07 05:29:48,306 - root - INFO - Epoch: 4, learning rate: 0.0001, train loss: 0.5002
2025-10-07 05:29:48,308 - root - INFO - train average_precision, 0.7569
2025-10-07 05:29:48,308 - root - INFO - train roc_auc, 0.8099
2025-10-07 05:29:48,309 - root - INFO - validate loss: 0.5343
2025-10-07 05:29:48,309 - root - INFO - validate average_precision, 0.7095
2025-10-07 05:29:48,309 - root - INFO - validate roc_auc, 0.7715
2025-10-07 05:29:48,309 - root - INFO - new node validate loss: 0.5733
2025-10-07 05:29:48,309 - root - INFO - new node validate average_precision, 0.6759
2025-10-07 05:29:48,309 - root - INFO - new node validate roc_auc, 0.7359
2025-10-07 05:29:48,317 - root - INFO - save model ./saved_models/TGAT/SocialEvo/TGAT_time2vec_seed0/TGAT_time2vec_seed0.pkl
2025-10-07 05:48:44,067 - root - INFO - Epoch: 5, learning rate: 0.0001, train loss: 0.4989
2025-10-07 05:48:44,069 - root - INFO - train average_precision, 0.7593
2025-10-07 05:48:44,070 - root - INFO - train roc_auc, 0.8112
2025-10-07 05:48:44,070 - root - INFO - validate loss: 0.5332
2025-10-07 05:48:44,070 - root - INFO - validate average_precision, 0.7121
2025-10-07 05:48:44,070 - root - INFO - validate roc_auc, 0.7731
2025-10-07 05:48:44,070 - root - INFO - new node validate loss: 0.5722
2025-10-07 05:48:44,070 - root - INFO - new node validate average_precision, 0.6785
2025-10-07 05:48:44,070 - root - INFO - new node validate roc_auc, 0.7374
2025-10-07 05:48:44,078 - root - INFO - save model ./saved_models/TGAT/SocialEvo/TGAT_time2vec_seed0/TGAT_time2vec_seed0.pkl
2025-10-07 06:07:37,931 - root - INFO - Epoch: 6, learning rate: 0.0001, train loss: 0.4991
2025-10-07 06:07:37,932 - root - INFO - train average_precision, 0.7573
2025-10-07 06:07:37,933 - root - INFO - train roc_auc, 0.8100
2025-10-07 06:07:37,933 - root - INFO - validate loss: 0.5347
2025-10-07 06:07:37,933 - root - INFO - validate average_precision, 0.7095
2025-10-07 06:07:37,933 - root - INFO - validate roc_auc, 0.7704
2025-10-07 06:07:37,933 - root - INFO - new node validate loss: 0.5743
2025-10-07 06:07:37,934 - root - INFO - new node validate average_precision, 0.6747
2025-10-07 06:07:37,934 - root - INFO - new node validate roc_auc, 0.7342
2025-10-07 06:26:34,831 - root - INFO - Epoch: 7, learning rate: 0.0001, train loss: 0.4980
2025-10-07 06:26:34,832 - root - INFO - train average_precision, 0.7570
2025-10-07 06:26:34,833 - root - INFO - train roc_auc, 0.8099
2025-10-07 06:26:34,833 - root - INFO - validate loss: 0.5351
2025-10-07 06:26:34,833 - root - INFO - validate average_precision, 0.7081
2025-10-07 06:26:34,833 - root - INFO - validate roc_auc, 0.7697
2025-10-07 06:26:34,833 - root - INFO - new node validate loss: 0.5749
2025-10-07 06:26:34,833 - root - INFO - new node validate average_precision, 0.6733
2025-10-07 06:26:34,833 - root - INFO - new node validate roc_auc, 0.7335
2025-10-07 06:45:30,710 - root - INFO - Epoch: 8, learning rate: 0.0001, train loss: 0.4574
2025-10-07 06:45:30,712 - root - INFO - train average_precision, 0.7846
2025-10-07 06:45:30,713 - root - INFO - train roc_auc, 0.8315
2025-10-07 06:45:30,713 - root - INFO - validate loss: 0.4842
2025-10-07 06:45:30,713 - root - INFO - validate average_precision, 0.7769
2025-10-07 06:45:30,713 - root - INFO - validate roc_auc, 0.8151
2025-10-07 06:45:30,713 - root - INFO - new node validate loss: 0.5191
2025-10-07 06:45:30,714 - root - INFO - new node validate average_precision, 0.7572
2025-10-07 06:45:30,714 - root - INFO - new node validate roc_auc, 0.7914
2025-10-07 06:45:30,726 - root - INFO - save model ./saved_models/TGAT/SocialEvo/TGAT_time2vec_seed0/TGAT_time2vec_seed0.pkl
2025-10-07 07:04:25,660 - root - INFO - Epoch: 9, learning rate: 0.0001, train loss: 0.4401
2025-10-07 07:04:25,661 - root - INFO - train average_precision, 0.8102
2025-10-07 07:04:25,662 - root - INFO - train roc_auc, 0.8474
2025-10-07 07:04:25,662 - root - INFO - validate loss: 0.4986
2025-10-07 07:04:25,662 - root - INFO - validate average_precision, 0.7733
2025-10-07 07:04:25,662 - root - INFO - validate roc_auc, 0.8111
2025-10-07 07:04:25,663 - root - INFO - new node validate loss: 0.5394
2025-10-07 07:04:25,663 - root - INFO - new node validate average_precision, 0.7491
2025-10-07 07:04:25,663 - root - INFO - new node validate roc_auc, 0.7861
2025-10-07 07:23:25,932 - root - INFO - Epoch: 10, learning rate: 0.0001, train loss: 0.4349
2025-10-07 07:23:25,933 - root - INFO - train average_precision, 0.8170
2025-10-07 07:23:25,934 - root - INFO - train roc_auc, 0.8522
2025-10-07 07:23:25,934 - root - INFO - validate loss: 0.4761
2025-10-07 07:23:25,934 - root - INFO - validate average_precision, 0.7896
2025-10-07 07:23:25,934 - root - INFO - validate roc_auc, 0.8231
2025-10-07 07:23:25,934 - root - INFO - new node validate loss: 0.5105
2025-10-07 07:23:25,934 - root - INFO - new node validate average_precision, 0.7692
2025-10-07 07:23:25,934 - root - INFO - new node validate roc_auc, 0.8002
2025-10-07 07:23:25,941 - root - INFO - save model ./saved_models/TGAT/SocialEvo/TGAT_time2vec_seed0/TGAT_time2vec_seed0.pkl
2025-10-07 07:42:24,036 - root - INFO - Epoch: 11, learning rate: 0.0001, train loss: 0.4301
2025-10-07 07:42:24,038 - root - INFO - train average_precision, 0.8241
2025-10-07 07:42:24,039 - root - INFO - train roc_auc, 0.8576
2025-10-07 07:42:24,039 - root - INFO - validate loss: 0.4763
2025-10-07 07:42:24,039 - root - INFO - validate average_precision, 0.7873
2025-10-07 07:42:24,039 - root - INFO - validate roc_auc, 0.8236
2025-10-07 07:42:24,039 - root - INFO - new node validate loss: 0.5113
2025-10-07 07:42:24,039 - root - INFO - new node validate average_precision, 0.7662
2025-10-07 07:42:24,039 - root - INFO - new node validate roc_auc, 0.7999
2025-10-07 08:01:22,982 - root - INFO - Epoch: 12, learning rate: 0.0001, train loss: 0.4290
2025-10-07 08:01:22,984 - root - INFO - train average_precision, 0.8239
2025-10-07 08:01:22,985 - root - INFO - train roc_auc, 0.8571
2025-10-07 08:01:22,985 - root - INFO - validate loss: 0.4723
2025-10-07 08:01:22,985 - root - INFO - validate average_precision, 0.7954
2025-10-07 08:01:22,985 - root - INFO - validate roc_auc, 0.8319
2025-10-07 08:01:22,985 - root - INFO - new node validate loss: 0.5050
2025-10-07 08:01:22,986 - root - INFO - new node validate average_precision, 0.7727
2025-10-07 08:01:22,986 - root - INFO - new node validate roc_auc, 0.8097
2025-10-07 08:01:22,994 - root - INFO - save model ./saved_models/TGAT/SocialEvo/TGAT_time2vec_seed0/TGAT_time2vec_seed0.pkl
2025-10-07 08:20:22,202 - root - INFO - Epoch: 13, learning rate: 0.0001, train loss: 0.4266
2025-10-07 08:20:22,203 - root - INFO - train average_precision, 0.8269
2025-10-07 08:20:22,204 - root - INFO - train roc_auc, 0.8600
2025-10-07 08:20:22,204 - root - INFO - validate loss: 0.4729
2025-10-07 08:20:22,204 - root - INFO - validate average_precision, 0.7950
2025-10-07 08:20:22,204 - root - INFO - validate roc_auc, 0.8308
2025-10-07 08:20:22,204 - root - INFO - new node validate loss: 0.5072
2025-10-07 08:20:22,204 - root - INFO - new node validate average_precision, 0.7710
2025-10-07 08:20:22,205 - root - INFO - new node validate roc_auc, 0.8075
2025-10-07 08:39:19,592 - root - INFO - Epoch: 14, learning rate: 0.0001, train loss: 0.4261
2025-10-07 08:39:19,594 - root - INFO - train average_precision, 0.8274
2025-10-07 08:39:19,594 - root - INFO - train roc_auc, 0.8601
2025-10-07 08:39:19,594 - root - INFO - validate loss: 0.4722
2025-10-07 08:39:19,595 - root - INFO - validate average_precision, 0.7926
2025-10-07 08:39:19,595 - root - INFO - validate roc_auc, 0.8321
2025-10-07 08:39:19,595 - root - INFO - new node validate loss: 0.5085
2025-10-07 08:39:19,595 - root - INFO - new node validate average_precision, 0.7661
2025-10-07 08:39:19,595 - root - INFO - new node validate roc_auc, 0.8067
2025-10-07 08:58:14,367 - root - INFO - Epoch: 15, learning rate: 0.0001, train loss: 0.4298
2025-10-07 08:58:14,369 - root - INFO - train average_precision, 0.8226
2025-10-07 08:58:14,369 - root - INFO - train roc_auc, 0.8563
2025-10-07 08:58:14,369 - root - INFO - validate loss: 0.4679
2025-10-07 08:58:14,370 - root - INFO - validate average_precision, 0.8013
2025-10-07 08:58:14,370 - root - INFO - validate roc_auc, 0.8372
2025-10-07 08:58:14,370 - root - INFO - new node validate loss: 0.5005
2025-10-07 08:58:14,370 - root - INFO - new node validate average_precision, 0.7817
2025-10-07 08:58:14,370 - root - INFO - new node validate roc_auc, 0.8164
2025-10-07 08:58:14,378 - root - INFO - save model ./saved_models/TGAT/SocialEvo/TGAT_time2vec_seed0/TGAT_time2vec_seed0.pkl
2025-10-07 09:17:10,201 - root - INFO - Epoch: 16, learning rate: 0.0001, train loss: 0.4283
2025-10-07 09:17:10,203 - root - INFO - train average_precision, 0.8229
2025-10-07 09:17:10,204 - root - INFO - train roc_auc, 0.8563
2025-10-07 09:17:10,204 - root - INFO - validate loss: 0.4657
2025-10-07 09:17:10,204 - root - INFO - validate average_precision, 0.8032
2025-10-07 09:17:10,204 - root - INFO - validate roc_auc, 0.8407
2025-10-07 09:17:10,204 - root - INFO - new node validate loss: 0.4985
2025-10-07 09:17:10,204 - root - INFO - new node validate average_precision, 0.7834
2025-10-07 09:17:10,204 - root - INFO - new node validate roc_auc, 0.8196
2025-10-07 09:17:10,215 - root - INFO - save model ./saved_models/TGAT/SocialEvo/TGAT_time2vec_seed0/TGAT_time2vec_seed0.pkl
2025-10-07 09:36:04,640 - root - INFO - Epoch: 17, learning rate: 0.0001, train loss: 0.4240
2025-10-07 09:36:04,641 - root - INFO - train average_precision, 0.8289
2025-10-07 09:36:04,642 - root - INFO - train roc_auc, 0.8612
2025-10-07 09:36:04,642 - root - INFO - validate loss: 0.4649
2025-10-07 09:36:04,642 - root - INFO - validate average_precision, 0.8031
2025-10-07 09:36:04,642 - root - INFO - validate roc_auc, 0.8412
2025-10-07 09:36:04,642 - root - INFO - new node validate loss: 0.4980
2025-10-07 09:36:04,643 - root - INFO - new node validate average_precision, 0.7825
2025-10-07 09:36:04,643 - root - INFO - new node validate roc_auc, 0.8197
2025-10-07 09:54:56,954 - root - INFO - Epoch: 18, learning rate: 0.0001, train loss: 0.4216
2025-10-07 09:54:56,956 - root - INFO - train average_precision, 0.8271
2025-10-07 09:54:56,956 - root - INFO - train roc_auc, 0.8604
2025-10-07 09:54:56,957 - root - INFO - validate loss: 0.4629
2025-10-07 09:54:56,957 - root - INFO - validate average_precision, 0.8050
2025-10-07 09:54:56,957 - root - INFO - validate roc_auc, 0.8432
2025-10-07 09:54:56,957 - root - INFO - new node validate loss: 0.4977
2025-10-07 09:54:56,957 - root - INFO - new node validate average_precision, 0.7847
2025-10-07 09:54:56,957 - root - INFO - new node validate roc_auc, 0.8218
2025-10-07 09:54:56,965 - root - INFO - save model ./saved_models/TGAT/SocialEvo/TGAT_time2vec_seed0/TGAT_time2vec_seed0.pkl
2025-10-07 10:13:53,003 - root - INFO - Epoch: 19, learning rate: 0.0001, train loss: 0.4182
2025-10-07 10:13:53,004 - root - INFO - train average_precision, 0.8344
2025-10-07 10:13:53,005 - root - INFO - train roc_auc, 0.8667
2025-10-07 10:13:53,005 - root - INFO - validate loss: 0.4634
2025-10-07 10:13:53,005 - root - INFO - validate average_precision, 0.8035
2025-10-07 10:13:53,005 - root - INFO - validate roc_auc, 0.8425
2025-10-07 10:13:53,006 - root - INFO - new node validate loss: 0.4975
2025-10-07 10:13:53,006 - root - INFO - new node validate average_precision, 0.7814
2025-10-07 10:13:53,006 - root - INFO - new node validate roc_auc, 0.8204
2025-10-07 10:32:44,612 - root - INFO - Epoch: 20, learning rate: 0.0001, train loss: 0.4147
2025-10-07 10:32:44,613 - root - INFO - train average_precision, 0.8380
2025-10-07 10:32:44,614 - root - INFO - train roc_auc, 0.8694
2025-10-07 10:32:44,614 - root - INFO - validate loss: 0.4628
2025-10-07 10:32:44,615 - root - INFO - validate average_precision, 0.8062
2025-10-07 10:32:44,615 - root - INFO - validate roc_auc, 0.8440
2025-10-07 10:32:44,615 - root - INFO - new node validate loss: 0.4946
2025-10-07 10:32:44,615 - root - INFO - new node validate average_precision, 0.7864
2025-10-07 10:32:44,615 - root - INFO - new node validate roc_auc, 0.8234
2025-10-07 10:32:44,624 - root - INFO - save model ./saved_models/TGAT/SocialEvo/TGAT_time2vec_seed0/TGAT_time2vec_seed0.pkl
2025-10-07 10:51:40,736 - root - INFO - Epoch: 21, learning rate: 0.0001, train loss: 0.4162
2025-10-07 10:51:40,738 - root - INFO - train average_precision, 0.8369
2025-10-07 10:51:40,738 - root - INFO - train roc_auc, 0.8685
2025-10-07 10:51:40,739 - root - INFO - validate loss: 0.4738
2025-10-07 10:51:40,739 - root - INFO - validate average_precision, 0.7921
2025-10-07 10:51:40,739 - root - INFO - validate roc_auc, 0.8275
2025-10-07 10:51:40,739 - root - INFO - new node validate loss: 0.5097
2025-10-07 10:51:40,739 - root - INFO - new node validate average_precision, 0.7708
2025-10-07 10:51:40,739 - root - INFO - new node validate roc_auc, 0.8040
2025-10-07 11:10:32,534 - root - INFO - Epoch: 22, learning rate: 0.0001, train loss: 0.4129
2025-10-07 11:10:32,536 - root - INFO - train average_precision, 0.8395
2025-10-07 11:10:32,537 - root - INFO - train roc_auc, 0.8709
2025-10-07 11:10:32,537 - root - INFO - validate loss: 0.4678
2025-10-07 11:10:32,537 - root - INFO - validate average_precision, 0.7996
2025-10-07 11:10:32,537 - root - INFO - validate roc_auc, 0.8346
2025-10-07 11:10:32,537 - root - INFO - new node validate loss: 0.5024
2025-10-07 11:10:32,538 - root - INFO - new node validate average_precision, 0.7786
2025-10-07 11:10:32,538 - root - INFO - new node validate roc_auc, 0.8124
2025-10-07 11:29:27,910 - root - INFO - Epoch: 23, learning rate: 0.0001, train loss: 0.4105
2025-10-07 11:29:27,912 - root - INFO - train average_precision, 0.8427
2025-10-07 11:29:27,913 - root - INFO - train roc_auc, 0.8735
2025-10-07 11:29:27,913 - root - INFO - validate loss: 0.4653
2025-10-07 11:29:27,913 - root - INFO - validate average_precision, 0.8061
2025-10-07 11:29:27,913 - root - INFO - validate roc_auc, 0.8390
2025-10-07 11:29:27,913 - root - INFO - new node validate loss: 0.4977
2025-10-07 11:29:27,913 - root - INFO - new node validate average_precision, 0.7880
2025-10-07 11:29:27,913 - root - INFO - new node validate roc_auc, 0.8182
2025-10-07 11:48:19,588 - root - INFO - Epoch: 24, learning rate: 0.0001, train loss: 0.4073
2025-10-07 11:48:19,590 - root - INFO - train average_precision, 0.8456
2025-10-07 11:48:19,590 - root - INFO - train roc_auc, 0.8759
2025-10-07 11:48:19,590 - root - INFO - validate loss: 0.4681
2025-10-07 11:48:19,591 - root - INFO - validate average_precision, 0.8027
2025-10-07 11:48:19,591 - root - INFO - validate roc_auc, 0.8361
2025-10-07 11:48:19,591 - root - INFO - new node validate loss: 0.5018
2025-10-07 11:48:19,591 - root - INFO - new node validate average_precision, 0.7824
2025-10-07 11:48:19,591 - root - INFO - new node validate roc_auc, 0.8137
2025-10-07 12:07:10,347 - root - INFO - Epoch: 25, learning rate: 0.0001, train loss: 0.4075
2025-10-07 12:07:10,349 - root - INFO - train average_precision, 0.8461
2025-10-07 12:07:10,349 - root - INFO - train roc_auc, 0.8762
2025-10-07 12:07:10,350 - root - INFO - validate loss: 0.4633
2025-10-07 12:07:10,350 - root - INFO - validate average_precision, 0.8063
2025-10-07 12:07:10,350 - root - INFO - validate roc_auc, 0.8411
2025-10-07 12:07:10,350 - root - INFO - new node validate loss: 0.4960
2025-10-07 12:07:10,350 - root - INFO - new node validate average_precision, 0.7870
2025-10-07 12:07:10,350 - root - INFO - new node validate roc_auc, 0.8206
2025-10-07 12:26:04,370 - root - INFO - Epoch: 26, learning rate: 0.0001, train loss: 0.4088
2025-10-07 12:26:04,371 - root - INFO - train average_precision, 0.8447
2025-10-07 12:26:04,372 - root - INFO - train roc_auc, 0.8749
2025-10-07 12:26:04,372 - root - INFO - validate loss: 0.4546
2025-10-07 12:26:04,372 - root - INFO - validate average_precision, 0.8142
2025-10-07 12:26:04,373 - root - INFO - validate roc_auc, 0.8507
2025-10-07 12:26:04,373 - root - INFO - new node validate loss: 0.4925
2025-10-07 12:26:04,373 - root - INFO - new node validate average_precision, 0.7868
2025-10-07 12:26:04,373 - root - INFO - new node validate roc_auc, 0.8260
2025-10-07 12:26:04,381 - root - INFO - save model ./saved_models/TGAT/SocialEvo/TGAT_time2vec_seed0/TGAT_time2vec_seed0.pkl
2025-10-07 12:45:01,583 - root - INFO - Epoch: 27, learning rate: 0.0001, train loss: 0.4120
2025-10-07 12:45:01,585 - root - INFO - train average_precision, 0.8397
2025-10-07 12:45:01,585 - root - INFO - train roc_auc, 0.8716
2025-10-07 12:45:01,586 - root - INFO - validate loss: 0.4552
2025-10-07 12:45:01,586 - root - INFO - validate average_precision, 0.8115
2025-10-07 12:45:01,586 - root - INFO - validate roc_auc, 0.8510
2025-10-07 12:45:01,586 - root - INFO - new node validate loss: 0.4922
2025-10-07 12:45:01,586 - root - INFO - new node validate average_precision, 0.7853
2025-10-07 12:45:01,586 - root - INFO - new node validate roc_auc, 0.8259
2025-10-07 13:04:00,016 - root - INFO - Epoch: 28, learning rate: 0.0001, train loss: 0.4090
2025-10-07 13:04:00,017 - root - INFO - train average_precision, 0.8439
2025-10-07 13:04:00,018 - root - INFO - train roc_auc, 0.8749
2025-10-07 13:04:00,018 - root - INFO - validate loss: 0.4478
2025-10-07 13:04:00,018 - root - INFO - validate average_precision, 0.8194
2025-10-07 13:04:00,019 - root - INFO - validate roc_auc, 0.8585
2025-10-07 13:04:00,019 - root - INFO - new node validate loss: 0.4827
2025-10-07 13:04:00,019 - root - INFO - new node validate average_precision, 0.7942
2025-10-07 13:04:00,019 - root - INFO - new node validate roc_auc, 0.8357
2025-10-07 13:04:00,026 - root - INFO - save model ./saved_models/TGAT/SocialEvo/TGAT_time2vec_seed0/TGAT_time2vec_seed0.pkl
2025-10-07 13:22:53,136 - root - INFO - Epoch: 29, learning rate: 0.0001, train loss: 0.4077
2025-10-07 13:22:53,137 - root - INFO - train average_precision, 0.8448
2025-10-07 13:22:53,138 - root - INFO - train roc_auc, 0.8759
2025-10-07 13:22:53,138 - root - INFO - validate loss: 0.4402
2025-10-07 13:22:53,138 - root - INFO - validate average_precision, 0.8289
2025-10-07 13:22:53,138 - root - INFO - validate roc_auc, 0.8630
2025-10-07 13:22:53,138 - root - INFO - new node validate loss: 0.4777
2025-10-07 13:22:53,139 - root - INFO - new node validate average_precision, 0.8036
2025-10-07 13:22:53,139 - root - INFO - new node validate roc_auc, 0.8401
2025-10-07 13:22:53,146 - root - INFO - save model ./saved_models/TGAT/SocialEvo/TGAT_time2vec_seed0/TGAT_time2vec_seed0.pkl
2025-10-07 13:41:47,816 - root - INFO - Epoch: 30, learning rate: 0.0001, train loss: 0.4044
2025-10-07 13:41:47,818 - root - INFO - train average_precision, 0.8483
2025-10-07 13:41:47,819 - root - INFO - train roc_auc, 0.8786
2025-10-07 13:41:47,819 - root - INFO - validate loss: 0.4612
2025-10-07 13:41:47,819 - root - INFO - validate average_precision, 0.8049
2025-10-07 13:41:47,819 - root - INFO - validate roc_auc, 0.8439
2025-10-07 13:41:47,819 - root - INFO - new node validate loss: 0.4952
2025-10-07 13:41:47,819 - root - INFO - new node validate average_precision, 0.7825
2025-10-07 13:41:47,819 - root - INFO - new node validate roc_auc, 0.8222
2025-10-07 14:00:41,583 - root - INFO - Epoch: 31, learning rate: 0.0001, train loss: 0.4109
2025-10-07 14:00:41,585 - root - INFO - train average_precision, 0.8411
2025-10-07 14:00:41,585 - root - INFO - train roc_auc, 0.8730
2025-10-07 14:00:41,585 - root - INFO - validate loss: 0.4562
2025-10-07 14:00:41,586 - root - INFO - validate average_precision, 0.8144
2025-10-07 14:00:41,586 - root - INFO - validate roc_auc, 0.8513
2025-10-07 14:00:41,586 - root - INFO - new node validate loss: 0.4885
2025-10-07 14:00:41,586 - root - INFO - new node validate average_precision, 0.7953
2025-10-07 14:00:41,586 - root - INFO - new node validate roc_auc, 0.8312
2025-10-07 14:19:38,044 - root - INFO - Epoch: 32, learning rate: 0.0001, train loss: 0.4110
2025-10-07 14:19:38,046 - root - INFO - train average_precision, 0.8419
2025-10-07 14:19:38,046 - root - INFO - train roc_auc, 0.8729
2025-10-07 14:19:38,047 - root - INFO - validate loss: 0.4608
2025-10-07 14:19:38,047 - root - INFO - validate average_precision, 0.8071
2025-10-07 14:19:38,047 - root - INFO - validate roc_auc, 0.8455
2025-10-07 14:19:38,047 - root - INFO - new node validate loss: 0.4941
2025-10-07 14:19:38,047 - root - INFO - new node validate average_precision, 0.7856
2025-10-07 14:19:38,047 - root - INFO - new node validate roc_auc, 0.8239
2025-10-07 14:38:37,491 - root - INFO - Epoch: 33, learning rate: 0.0001, train loss: 0.4071
2025-10-07 14:38:37,493 - root - INFO - train average_precision, 0.8456
2025-10-07 14:38:37,494 - root - INFO - train roc_auc, 0.8764
2025-10-07 14:38:37,494 - root - INFO - validate loss: 0.4555
2025-10-07 14:38:37,494 - root - INFO - validate average_precision, 0.8151
2025-10-07 14:38:37,494 - root - INFO - validate roc_auc, 0.8525
2025-10-07 14:38:37,494 - root - INFO - new node validate loss: 0.4862
2025-10-07 14:38:37,494 - root - INFO - new node validate average_precision, 0.7974
2025-10-07 14:38:37,494 - root - INFO - new node validate roc_auc, 0.8333
2025-10-07 14:57:35,904 - root - INFO - Epoch: 34, learning rate: 0.0001, train loss: 0.4066
2025-10-07 14:57:35,906 - root - INFO - train average_precision, 0.8460
2025-10-07 14:57:35,907 - root - INFO - train roc_auc, 0.8767
2025-10-07 14:57:35,907 - root - INFO - validate loss: 0.4526
2025-10-07 14:57:35,907 - root - INFO - validate average_precision, 0.8201
2025-10-07 14:57:35,907 - root - INFO - validate roc_auc, 0.8559
2025-10-07 14:57:35,907 - root - INFO - new node validate loss: 0.4835
2025-10-07 14:57:35,907 - root - INFO - new node validate average_precision, 0.8029
2025-10-07 14:57:35,907 - root - INFO - new node validate roc_auc, 0.8364
2025-10-07 15:16:33,268 - root - INFO - Epoch: 35, learning rate: 0.0001, train loss: 0.4052
2025-10-07 15:16:33,270 - root - INFO - train average_precision, 0.8472
2025-10-07 15:16:33,271 - root - INFO - train roc_auc, 0.8778
2025-10-07 15:16:33,271 - root - INFO - validate loss: 0.4580
2025-10-07 15:16:33,271 - root - INFO - validate average_precision, 0.8120
2025-10-07 15:16:33,271 - root - INFO - validate roc_auc, 0.8510
2025-10-07 15:16:33,271 - root - INFO - new node validate loss: 0.4912
2025-10-07 15:16:33,271 - root - INFO - new node validate average_precision, 0.7907
2025-10-07 15:16:33,271 - root - INFO - new node validate roc_auc, 0.8297
2025-10-07 15:35:30,058 - root - INFO - Epoch: 36, learning rate: 0.0001, train loss: 0.4060
2025-10-07 15:35:30,059 - root - INFO - train average_precision, 0.8477
2025-10-07 15:35:30,060 - root - INFO - train roc_auc, 0.8774
2025-10-07 15:35:30,060 - root - INFO - validate loss: 0.4480
2025-10-07 15:35:30,060 - root - INFO - validate average_precision, 0.8216
2025-10-07 15:35:30,060 - root - INFO - validate roc_auc, 0.8570
2025-10-07 15:35:30,060 - root - INFO - new node validate loss: 0.4813
2025-10-07 15:35:30,060 - root - INFO - new node validate average_precision, 0.8026
2025-10-07 15:35:30,061 - root - INFO - new node validate roc_auc, 0.8370
2025-10-07 15:54:27,839 - root - INFO - Epoch: 37, learning rate: 0.0001, train loss: 0.4054
2025-10-07 15:54:27,841 - root - INFO - train average_precision, 0.8479
2025-10-07 15:54:27,842 - root - INFO - train roc_auc, 0.8776
2025-10-07 15:54:27,842 - root - INFO - validate loss: 0.4606
2025-10-07 15:54:27,842 - root - INFO - validate average_precision, 0.8113
2025-10-07 15:54:27,842 - root - INFO - validate roc_auc, 0.8494
2025-10-07 15:54:27,842 - root - INFO - new node validate loss: 0.4949
2025-10-07 15:54:27,842 - root - INFO - new node validate average_precision, 0.7881
2025-10-07 15:54:27,843 - root - INFO - new node validate roc_auc, 0.8272
2025-10-07 16:13:26,561 - root - INFO - Epoch: 38, learning rate: 0.0001, train loss: 0.4063
2025-10-07 16:13:26,563 - root - INFO - train average_precision, 0.8465
2025-10-07 16:13:26,564 - root - INFO - train roc_auc, 0.8766
2025-10-07 16:13:26,564 - root - INFO - validate loss: 0.4700
2025-10-07 16:13:26,564 - root - INFO - validate average_precision, 0.8048
2025-10-07 16:13:26,564 - root - INFO - validate roc_auc, 0.8389
2025-10-07 16:13:26,564 - root - INFO - new node validate loss: 0.5030
2025-10-07 16:13:26,564 - root - INFO - new node validate average_precision, 0.7829
2025-10-07 16:13:26,564 - root - INFO - new node validate roc_auc, 0.8162
