2025-10-08 12:36:07,055 - root - INFO - ********** Run 2 starts. **********
2025-10-08 12:36:07,056 - root - INFO - configuration is Namespace(dataset_name='Flights', batch_size=200, model_name='DyGFormer', gpu=0, num_neighbors=20, sample_neighbor_strategy='uniform', time_scaling_factor=1e-06, num_walk_heads=8, num_heads=2, num_layers=2, walk_length=1, time_gap=2000, time_feat_dim=100, position_feat_dim=172, time_window_mode='fixed_proportion', time_encoder_type='lete', expert_dim=128, num_mixtures=16, sort_neighbors_by_time=False, patch_size=8, channel_embedding_dim=50, max_input_sequence_length=256, learning_rate=0.0001, dropout=0.1, gamma=0.5, num_epochs=2, optimizer='Adam', weight_decay=0.0, patience=20, val_ratio=0.15, test_ratio=0.15, num_runs=2, test_interval_epochs=100, negative_sample_strategy='random', max_interaction_times=10, load_best_configs=True, data_ratio=0.05, seed=1, save_model_name_suffix='', ablation_dir='', mamba_d_state=256, mamba_d_conv=4, mamba_expand=2, mamba_headdim=64, resume_from_checkpoint=None, save_checkpoints=True, checkpoint_interval=20, start_from_seed=0, max_checkpoints_to_keep=3, checkpoint_strategy='minimal', validate_checkpoints=True, device='cuda:0', save_model_name='DyGFormer_lete_seed1')
2025-10-08 12:36:07,057 - root - INFO - Metrics will be saved to: ./saved_metrics/DyGFormer/Flights/DyGFormer_lete_seed1
2025-10-08 12:36:07,058 - root - INFO - time encoder type: lete
2025-10-08 12:36:07,058 - root - INFO - Time encoder will be injected into DyGFormer model
2025-10-08 12:36:07,659 - root - INFO - model -> Sequential(
  (0): DyGFormer(
    (time_encoder): TimeEncoderWrapper(
      (encoder): LeTE(
        (w1_fourier): Linear(in_features=1, out_features=50, bias=True)
        (w2_fourier): FourierSeries()
        (w1_spline): Linear(in_features=1, out_features=50, bias=True)
        (w2_spline): Spline()
        (layernorm): LayerNorm((100,), eps=1e-05, elementwise_affine=True)
      )
    )
    (neighbor_co_occurrence_encoder): NeighborCooccurrenceEncoder(
      (neighbor_co_occurrence_encode_layer): Sequential(
        (0): Linear(in_features=1, out_features=50, bias=True)
        (1): ReLU()
        (2): Linear(in_features=50, out_features=50, bias=True)
      )
    )
    (projection_layer): ModuleDict(
      (node): Linear(in_features=1376, out_features=50, bias=True)
      (edge): Linear(in_features=1376, out_features=50, bias=True)
      (time): Linear(in_features=800, out_features=50, bias=True)
      (neighbor_co_occurrence): Linear(in_features=400, out_features=50, bias=True)
    )
    (transformers): ModuleList(
      (0-1): 2 x TransformerEncoder(
        (multi_head_attention): MultiheadAttention(
          (out_proj): NonDynamicallyQuantizableLinear(in_features=200, out_features=200, bias=True)
        )
        (dropout): Dropout(p=0.1, inplace=False)
        (linear_layers): ModuleList(
          (0): Linear(in_features=200, out_features=800, bias=True)
          (1): Linear(in_features=800, out_features=200, bias=True)
        )
        (norm_layers): ModuleList(
          (0-1): 2 x LayerNorm((200,), eps=1e-05, elementwise_affine=True)
        )
      )
    )
    (output_layer): Linear(in_features=200, out_features=172, bias=True)
  )
  (1): MergeLayer(
    (fc1): Linear(in_features=344, out_features=172, bias=True)
    (fc2): Linear(in_features=172, out_features=1, bias=True)
    (act): ReLU()
  )
)
2025-10-08 12:36:07,660 - root - INFO - model name: DyGFormer, #parameters: 5044612 B, 4926.37890625 KB, 4.810916900634766 MB.
2025-10-08 12:37:16,947 - root - INFO - Epoch: 1, learning rate: 0.0001, train loss: 0.5518
2025-10-08 12:37:16,948 - root - INFO - train average_precision, 0.7539
2025-10-08 12:37:16,948 - root - INFO - train roc_auc, 0.7377
2025-10-08 12:37:16,948 - root - INFO - validate loss: 0.4250
2025-10-08 12:37:16,948 - root - INFO - validate average_precision, 0.9106
2025-10-08 12:37:16,948 - root - INFO - validate roc_auc, 0.8982
2025-10-08 12:37:16,948 - root - INFO - new node validate loss: 0.6883
2025-10-08 12:37:16,948 - root - INFO - new node validate average_precision, 0.8124
2025-10-08 12:37:16,948 - root - INFO - new node validate roc_auc, 0.7939
2025-10-08 12:37:16,959 - root - INFO - save model ./saved_models/DyGFormer/Flights/DyGFormer_lete_seed1/DyGFormer_lete_seed1.pkl
2025-10-08 12:38:25,407 - root - INFO - Epoch: 2, learning rate: 0.0001, train loss: 0.4912
2025-10-08 12:38:25,407 - root - INFO - train average_precision, 0.7781
2025-10-08 12:38:25,407 - root - INFO - train roc_auc, 0.7640
2025-10-08 12:38:25,407 - root - INFO - validate loss: 0.3669
2025-10-08 12:38:25,408 - root - INFO - validate average_precision, 0.9328
2025-10-08 12:38:25,408 - root - INFO - validate roc_auc, 0.9220
2025-10-08 12:38:25,408 - root - INFO - new node validate loss: 0.6075
2025-10-08 12:38:25,408 - root - INFO - new node validate average_precision, 0.8522
2025-10-08 12:38:25,408 - root - INFO - new node validate roc_auc, 0.8291
2025-10-08 12:38:25,415 - root - INFO - save model ./saved_models/DyGFormer/Flights/DyGFormer_lete_seed1/DyGFormer_lete_seed1.pkl
2025-10-08 12:38:25,467 - root - INFO - load model ./saved_models/DyGFormer/Flights/DyGFormer_lete_seed1/DyGFormer_lete_seed1.pkl
2025-10-08 12:38:25,490 - root - INFO - get final performance on dataset Flights...
2025-10-08 12:38:53,098 - root - INFO - validate loss: 0.3669
2025-10-08 12:38:53,099 - root - INFO - validate average_precision, 0.9328
2025-10-08 12:38:53,099 - root - INFO - validate roc_auc, 0.9220
2025-10-08 12:38:53,099 - root - INFO - new node validate loss: 0.6075
2025-10-08 12:38:53,099 - root - INFO - new node validate average_precision, 0.8522
2025-10-08 12:38:53,099 - root - INFO - new node validate roc_auc, 0.8291
2025-10-08 12:38:53,099 - root - INFO - test loss: 0.5076
2025-10-08 12:38:53,099 - root - INFO - test average_precision, 0.8943
2025-10-08 12:38:53,099 - root - INFO - test roc_auc, 0.8770
2025-10-08 12:38:53,099 - root - INFO - new node test loss: 0.9150
2025-10-08 12:38:53,099 - root - INFO - new node test average_precision, 0.7522
2025-10-08 12:38:53,100 - root - INFO - new node test roc_auc, 0.7139
2025-10-08 12:38:53,108 - root - INFO - ✅ Metrics saved to: ./saved_metrics/DyGFormer/Flights/DyGFormer_lete_seed1
2025-10-08 12:38:53,108 - root - INFO - Run 2 cost 166.05 seconds.
2025-10-08 12:38:53,112 - root - INFO - metrics over 2 runs:
2025-10-08 12:38:53,112 - root - INFO - validate average_precision, [np.float64(0.9400897728667531), np.float64(0.9328287629236994)]
2025-10-08 12:38:53,112 - root - INFO - average validate average_precision, 0.9365 ± 0.0051
2025-10-08 12:38:53,112 - root - INFO - validate roc_auc, [np.float64(0.932016317397387), np.float64(0.9220285781570561)]
2025-10-08 12:38:53,113 - root - INFO - average validate roc_auc, 0.9270 ± 0.0071
2025-10-08 12:38:53,113 - root - INFO - new node validate average_precision, [np.float64(0.8651089747158557), np.float64(0.8522392184689075)]
2025-10-08 12:38:53,113 - root - INFO - average new node validate average_precision, 0.8587 ± 0.0091
2025-10-08 12:38:53,113 - root - INFO - new node validate roc_auc, [np.float64(0.8475730545248403), np.float64(0.8290972814883528)]
2025-10-08 12:38:53,113 - root - INFO - average new node validate roc_auc, 0.8383 ± 0.0131
2025-10-08 12:38:53,113 - root - INFO - test average_precision, [np.float64(0.9115533274925376), np.float64(0.8943229531556085)]
2025-10-08 12:38:53,113 - root - INFO - average test average_precision, 0.9029 ± 0.0122
2025-10-08 12:38:53,113 - root - INFO - test roc_auc, [np.float64(0.894255), np.float64(0.8769787499999999)]
2025-10-08 12:38:53,113 - root - INFO - average test roc_auc, 0.8856 ± 0.0122
2025-10-08 12:38:53,113 - root - INFO - new node test average_precision, [np.float64(0.7621234867796178), np.float64(0.7522057681208004)]
2025-10-08 12:38:53,114 - root - INFO - average new node test average_precision, 0.7572 ± 0.0070
2025-10-08 12:38:53,114 - root - INFO - new node test roc_auc, [np.float64(0.7335092322643343), np.float64(0.7139326487227544)]
2025-10-08 12:38:53,114 - root - INFO - average new node test roc_auc, 0.7237 ± 0.0138
