2025-10-02 02:43:59,828 - root - INFO - ********** Run 5 starts. **********
2025-10-02 02:43:59,828 - root - INFO - configuration is Namespace(dataset_name='uci', batch_size=200, model_name='TGAT', gpu=0, num_neighbors=20, sample_neighbor_strategy='recent', time_scaling_factor=1e-06, num_walk_heads=8, num_heads=2, num_layers=2, walk_length=1, time_gap=2000, time_feat_dim=128, position_feat_dim=172, time_window_mode='fixed_proportion', time_encoder_type='time2vec', expert_dim=64, num_mixtures=4, patch_size=1, channel_embedding_dim=50, max_input_sequence_length=32, learning_rate=0.0001, dropout=0.1, gamma=0.5, num_epochs=100, optimizer='Adam', weight_decay=0.0, patience=20, val_ratio=0.15, test_ratio=0.15, num_runs=5, test_interval_epochs=1, negative_sample_strategy='random', max_interaction_times=10, load_best_configs=True, device='cuda:0', seed=4, save_model_name='TGAT_time2vec_seed4')
2025-10-02 02:43:59,829 - root - INFO - time encoder type: time2vec
2025-10-02 02:43:59,861 - root - INFO - model -> Sequential(
  (0): TGAT(
    (time_encoder): TimeEncoderWrapper(
      (encoder): Time2VecEncoder(
        (time2vec_layer): SineActivation()
      )
    )
    (temporal_conv_layers): ModuleList(
      (0-1): 2 x MultiHeadAttention(
        (query_projection): Linear(in_features=300, out_features=300, bias=False)
        (key_projection): Linear(in_features=472, out_features=300, bias=False)
        (value_projection): Linear(in_features=472, out_features=300, bias=False)
        (layer_norm): LayerNorm((300,), eps=1e-05, elementwise_affine=True)
        (residual_fc): Linear(in_features=300, out_features=300, bias=True)
        (dropout): Dropout(p=0.1, inplace=False)
      )
    )
    (merge_layers): ModuleList(
      (0-1): 2 x MergeLayer(
        (fc1): Linear(in_features=472, out_features=172, bias=True)
        (fc2): Linear(in_features=172, out_features=172, bias=True)
        (act): ReLU()
      )
    )
  )
  (1): MergeLayer(
    (fc1): Linear(in_features=344, out_features=172, bias=True)
    (fc2): Linear(in_features=172, out_features=1, bias=True)
    (act): ReLU()
  )
)
2025-10-02 02:43:59,861 - root - INFO - model name: TGAT, #parameters: 4840772 B, 4727.31640625 KB, 4.616519927978516 MB.
2025-10-02 02:44:33,687 - root - INFO - Epoch: 1, learning rate: 0.0001, train loss: 0.5219
2025-10-02 02:44:33,687 - root - INFO - train average_precision, 0.8062
2025-10-02 02:44:33,687 - root - INFO - train roc_auc, 0.8334
2025-10-02 02:44:33,688 - root - INFO - validate loss: 0.4628
2025-10-02 02:44:33,688 - root - INFO - validate average_precision, 0.8795
2025-10-02 02:44:33,688 - root - INFO - validate roc_auc, 0.8703
2025-10-02 02:44:33,688 - root - INFO - new node validate loss: 0.5553
2025-10-02 02:44:33,688 - root - INFO - new node validate average_precision, 0.8263
2025-10-02 02:44:33,688 - root - INFO - new node validate roc_auc, 0.8036
2025-10-02 02:44:42,002 - root - INFO - test loss: 0.4309
2025-10-02 02:44:42,002 - root - INFO - test average_precision, 0.9080
2025-10-02 02:44:42,002 - root - INFO - best test average_precision: 0.9080
2025-10-02 02:44:42,002 - root - INFO - test roc_auc, 0.8950
2025-10-02 02:44:42,002 - root - INFO - new node test loss: 0.5018
2025-10-02 02:44:42,002 - root - INFO - new node test average_precision, 0.8597
2025-10-02 02:44:42,002 - root - INFO - new node test roc_auc, 0.8436
2025-10-02 02:44:42,002 - root - INFO - save model ./saved_models/TGAT/uci/TGAT_time2vec_seed4/TGAT_time2vec_seed4.pkl
2025-10-02 02:45:15,503 - root - INFO - Epoch: 2, learning rate: 0.0001, train loss: 0.4525
2025-10-02 02:45:15,503 - root - INFO - train average_precision, 0.8668
2025-10-02 02:45:15,503 - root - INFO - train roc_auc, 0.8707
2025-10-02 02:45:15,503 - root - INFO - validate loss: 0.4296
2025-10-02 02:45:15,504 - root - INFO - validate average_precision, 0.8913
2025-10-02 02:45:15,504 - root - INFO - validate roc_auc, 0.8852
2025-10-02 02:45:15,504 - root - INFO - new node validate loss: 0.5481
2025-10-02 02:45:15,504 - root - INFO - new node validate average_precision, 0.8370
2025-10-02 02:45:15,504 - root - INFO - new node validate roc_auc, 0.8162
2025-10-02 02:45:23,810 - root - INFO - test loss: 0.3918
2025-10-02 02:45:23,811 - root - INFO - test average_precision, 0.9192
2025-10-02 02:45:23,811 - root - INFO - best test average_precision: 0.9192
2025-10-02 02:45:23,811 - root - INFO - test roc_auc, 0.9096
2025-10-02 02:45:23,811 - root - INFO - new node test loss: 0.4865
2025-10-02 02:45:23,811 - root - INFO - new node test average_precision, 0.8704
2025-10-02 02:45:23,811 - root - INFO - new node test roc_auc, 0.8534
2025-10-02 02:45:23,811 - root - INFO - save model ./saved_models/TGAT/uci/TGAT_time2vec_seed4/TGAT_time2vec_seed4.pkl
2025-10-02 02:45:57,542 - root - INFO - Epoch: 3, learning rate: 0.0001, train loss: 0.4244
2025-10-02 02:45:57,543 - root - INFO - train average_precision, 0.8910
2025-10-02 02:45:57,543 - root - INFO - train roc_auc, 0.8892
2025-10-02 02:45:57,543 - root - INFO - validate loss: 0.4184
2025-10-02 02:45:57,543 - root - INFO - validate average_precision, 0.8957
2025-10-02 02:45:57,543 - root - INFO - validate roc_auc, 0.8919
2025-10-02 02:45:57,543 - root - INFO - new node validate loss: 0.5461
2025-10-02 02:45:57,543 - root - INFO - new node validate average_precision, 0.8428
2025-10-02 02:45:57,543 - root - INFO - new node validate roc_auc, 0.8243
2025-10-02 02:46:05,824 - root - INFO - test loss: 0.3793
2025-10-02 02:46:05,824 - root - INFO - test average_precision, 0.9234
2025-10-02 02:46:05,824 - root - INFO - best test average_precision: 0.9234
2025-10-02 02:46:05,824 - root - INFO - test roc_auc, 0.9157
2025-10-02 02:46:05,824 - root - INFO - new node test loss: 0.4784
2025-10-02 02:46:05,824 - root - INFO - new node test average_precision, 0.8756
2025-10-02 02:46:05,824 - root - INFO - new node test roc_auc, 0.8593
2025-10-02 02:46:05,824 - root - INFO - save model ./saved_models/TGAT/uci/TGAT_time2vec_seed4/TGAT_time2vec_seed4.pkl
2025-10-02 02:46:39,434 - root - INFO - Epoch: 4, learning rate: 0.0001, train loss: 0.4047
2025-10-02 02:46:39,434 - root - INFO - train average_precision, 0.9000
2025-10-02 02:46:39,434 - root - INFO - train roc_auc, 0.8996
2025-10-02 02:46:39,434 - root - INFO - validate loss: 0.4190
2025-10-02 02:46:39,434 - root - INFO - validate average_precision, 0.9007
2025-10-02 02:46:39,434 - root - INFO - validate roc_auc, 0.8990
2025-10-02 02:46:39,434 - root - INFO - new node validate loss: 0.5044
2025-10-02 02:46:39,434 - root - INFO - new node validate average_precision, 0.8502
2025-10-02 02:46:39,434 - root - INFO - new node validate roc_auc, 0.8351
2025-10-02 02:46:47,759 - root - INFO - test loss: 0.3997
2025-10-02 02:46:47,759 - root - INFO - test average_precision, 0.9294
2025-10-02 02:46:47,759 - root - INFO - best test average_precision: 0.9294
2025-10-02 02:46:47,759 - root - INFO - test roc_auc, 0.9210
2025-10-02 02:46:47,759 - root - INFO - new node test loss: 0.4582
2025-10-02 02:46:47,759 - root - INFO - new node test average_precision, 0.8853
2025-10-02 02:46:47,759 - root - INFO - new node test roc_auc, 0.8710
2025-10-02 02:46:47,759 - root - INFO - save model ./saved_models/TGAT/uci/TGAT_time2vec_seed4/TGAT_time2vec_seed4.pkl
2025-10-02 02:47:21,322 - root - INFO - Epoch: 5, learning rate: 0.0001, train loss: 0.3867
2025-10-02 02:47:21,322 - root - INFO - train average_precision, 0.9079
2025-10-02 02:47:21,322 - root - INFO - train roc_auc, 0.9084
2025-10-02 02:47:21,322 - root - INFO - validate loss: 0.4031
2025-10-02 02:47:21,322 - root - INFO - validate average_precision, 0.9037
2025-10-02 02:47:21,322 - root - INFO - validate roc_auc, 0.9036
2025-10-02 02:47:21,323 - root - INFO - new node validate loss: 0.5014
2025-10-02 02:47:21,323 - root - INFO - new node validate average_precision, 0.8529
2025-10-02 02:47:21,323 - root - INFO - new node validate roc_auc, 0.8395
2025-10-02 02:47:29,631 - root - INFO - test loss: 0.3821
2025-10-02 02:47:29,631 - root - INFO - test average_precision, 0.9333
2025-10-02 02:47:29,631 - root - INFO - best test average_precision: 0.9333
2025-10-02 02:47:29,631 - root - INFO - test roc_auc, 0.9257
2025-10-02 02:47:29,631 - root - INFO - new node test loss: 0.4426
2025-10-02 02:47:29,631 - root - INFO - new node test average_precision, 0.8915
2025-10-02 02:47:29,631 - root - INFO - new node test roc_auc, 0.8782
2025-10-02 02:47:29,631 - root - INFO - save model ./saved_models/TGAT/uci/TGAT_time2vec_seed4/TGAT_time2vec_seed4.pkl
2025-10-02 02:48:03,154 - root - INFO - Epoch: 6, learning rate: 0.0001, train loss: 0.3768
2025-10-02 02:48:03,154 - root - INFO - train average_precision, 0.9125
2025-10-02 02:48:03,154 - root - INFO - train roc_auc, 0.9125
2025-10-02 02:48:03,154 - root - INFO - validate loss: 0.3960
2025-10-02 02:48:03,154 - root - INFO - validate average_precision, 0.9044
2025-10-02 02:48:03,154 - root - INFO - validate roc_auc, 0.9048
2025-10-02 02:48:03,154 - root - INFO - new node validate loss: 0.5046
2025-10-02 02:48:03,155 - root - INFO - new node validate average_precision, 0.8536
2025-10-02 02:48:03,155 - root - INFO - new node validate roc_auc, 0.8402
2025-10-02 02:48:11,488 - root - INFO - test loss: 0.3685
2025-10-02 02:48:11,488 - root - INFO - test average_precision, 0.9336
2025-10-02 02:48:11,488 - root - INFO - best test average_precision: 0.9336
2025-10-02 02:48:11,488 - root - INFO - test roc_auc, 0.9269
2025-10-02 02:48:11,488 - root - INFO - new node test loss: 0.4382
2025-10-02 02:48:11,488 - root - INFO - new node test average_precision, 0.8912
2025-10-02 02:48:11,488 - root - INFO - new node test roc_auc, 0.8784
2025-10-02 02:48:11,488 - root - INFO - save model ./saved_models/TGAT/uci/TGAT_time2vec_seed4/TGAT_time2vec_seed4.pkl
2025-10-02 02:48:44,941 - root - INFO - Epoch: 7, learning rate: 0.0001, train loss: 0.3705
2025-10-02 02:48:44,941 - root - INFO - train average_precision, 0.9154
2025-10-02 02:48:44,941 - root - INFO - train roc_auc, 0.9155
2025-10-02 02:48:44,942 - root - INFO - validate loss: 0.4050
2025-10-02 02:48:44,942 - root - INFO - validate average_precision, 0.9056
2025-10-02 02:48:44,942 - root - INFO - validate roc_auc, 0.9062
2025-10-02 02:48:44,942 - root - INFO - new node validate loss: 0.5053
2025-10-02 02:48:44,942 - root - INFO - new node validate average_precision, 0.8535
2025-10-02 02:48:44,942 - root - INFO - new node validate roc_auc, 0.8420
2025-10-02 02:48:53,242 - root - INFO - test loss: 0.3866
2025-10-02 02:48:53,242 - root - INFO - test average_precision, 0.9357
2025-10-02 02:48:53,242 - root - INFO - best test average_precision: 0.9357
2025-10-02 02:48:53,242 - root - INFO - test roc_auc, 0.9283
2025-10-02 02:48:53,242 - root - INFO - new node test loss: 0.4443
2025-10-02 02:48:53,242 - root - INFO - new node test average_precision, 0.8951
2025-10-02 02:48:53,242 - root - INFO - new node test roc_auc, 0.8828
2025-10-02 02:48:53,243 - root - INFO - save model ./saved_models/TGAT/uci/TGAT_time2vec_seed4/TGAT_time2vec_seed4.pkl
2025-10-02 02:49:27,135 - root - INFO - Epoch: 8, learning rate: 0.0001, train loss: 0.3681
2025-10-02 02:49:27,136 - root - INFO - train average_precision, 0.9192
2025-10-02 02:49:27,136 - root - INFO - train roc_auc, 0.9174
2025-10-02 02:49:27,136 - root - INFO - validate loss: 0.4111
2025-10-02 02:49:27,136 - root - INFO - validate average_precision, 0.9056
2025-10-02 02:49:27,136 - root - INFO - validate roc_auc, 0.9065
2025-10-02 02:49:27,136 - root - INFO - new node validate loss: 0.4983
2025-10-02 02:49:27,136 - root - INFO - new node validate average_precision, 0.8541
2025-10-02 02:49:27,136 - root - INFO - new node validate roc_auc, 0.8438
2025-10-02 02:49:35,490 - root - INFO - test loss: 0.4041
2025-10-02 02:49:35,490 - root - INFO - test average_precision, 0.9354
2025-10-02 02:49:35,490 - root - INFO - best test average_precision: 0.9357
2025-10-02 02:49:35,490 - root - INFO - test roc_auc, 0.9277
2025-10-02 02:49:35,490 - root - INFO - new node test loss: 0.4474
2025-10-02 02:49:35,490 - root - INFO - new node test average_precision, 0.8967
2025-10-02 02:49:35,491 - root - INFO - new node test roc_auc, 0.8847
2025-10-02 02:49:35,491 - root - INFO - save model ./saved_models/TGAT/uci/TGAT_time2vec_seed4/TGAT_time2vec_seed4.pkl
2025-10-02 02:50:09,041 - root - INFO - Epoch: 9, learning rate: 0.0001, train loss: 0.3687
2025-10-02 02:50:09,041 - root - INFO - train average_precision, 0.9153
2025-10-02 02:50:09,041 - root - INFO - train roc_auc, 0.9161
2025-10-02 02:50:09,041 - root - INFO - validate loss: 0.4007
2025-10-02 02:50:09,041 - root - INFO - validate average_precision, 0.9101
2025-10-02 02:50:09,041 - root - INFO - validate roc_auc, 0.9078
2025-10-02 02:50:09,042 - root - INFO - new node validate loss: 0.4856
2025-10-02 02:50:09,042 - root - INFO - new node validate average_precision, 0.8640
2025-10-02 02:50:09,042 - root - INFO - new node validate roc_auc, 0.8504
2025-10-02 02:50:17,343 - root - INFO - test loss: 0.4055
2025-10-02 02:50:17,343 - root - INFO - test average_precision, 0.9350
2025-10-02 02:50:17,343 - root - INFO - best test average_precision: 0.9357
2025-10-02 02:50:17,343 - root - INFO - test roc_auc, 0.9248
2025-10-02 02:50:17,344 - root - INFO - new node test loss: 0.4378
2025-10-02 02:50:17,344 - root - INFO - new node test average_precision, 0.9007
2025-10-02 02:50:17,344 - root - INFO - new node test roc_auc, 0.8881
2025-10-02 02:50:17,344 - root - INFO - save model ./saved_models/TGAT/uci/TGAT_time2vec_seed4/TGAT_time2vec_seed4.pkl
2025-10-02 02:50:50,834 - root - INFO - Epoch: 10, learning rate: 0.0001, train loss: 0.3648
2025-10-02 02:50:50,834 - root - INFO - train average_precision, 0.9187
2025-10-02 02:50:50,834 - root - INFO - train roc_auc, 0.9176
2025-10-02 02:50:50,834 - root - INFO - validate loss: 0.3987
2025-10-02 02:50:50,834 - root - INFO - validate average_precision, 0.9116
2025-10-02 02:50:50,834 - root - INFO - validate roc_auc, 0.9088
2025-10-02 02:50:50,834 - root - INFO - new node validate loss: 0.4861
2025-10-02 02:50:50,834 - root - INFO - new node validate average_precision, 0.8654
2025-10-02 02:50:50,834 - root - INFO - new node validate roc_auc, 0.8507
2025-10-02 02:50:59,151 - root - INFO - test loss: 0.4034
2025-10-02 02:50:59,151 - root - INFO - test average_precision, 0.9356
2025-10-02 02:50:59,151 - root - INFO - best test average_precision: 0.9357
2025-10-02 02:50:59,152 - root - INFO - test roc_auc, 0.9262
2025-10-02 02:50:59,152 - root - INFO - new node test loss: 0.4382
2025-10-02 02:50:59,152 - root - INFO - new node test average_precision, 0.9000
2025-10-02 02:50:59,152 - root - INFO - new node test roc_auc, 0.8876
2025-10-02 02:50:59,152 - root - INFO - save model ./saved_models/TGAT/uci/TGAT_time2vec_seed4/TGAT_time2vec_seed4.pkl
2025-10-02 02:51:32,882 - root - INFO - Epoch: 11, learning rate: 0.0001, train loss: 0.3633
2025-10-02 02:51:32,883 - root - INFO - train average_precision, 0.9196
2025-10-02 02:51:32,883 - root - INFO - train roc_auc, 0.9183
2025-10-02 02:51:32,883 - root - INFO - validate loss: 0.4134
2025-10-02 02:51:32,883 - root - INFO - validate average_precision, 0.9125
2025-10-02 02:51:32,883 - root - INFO - validate roc_auc, 0.9099
2025-10-02 02:51:32,883 - root - INFO - new node validate loss: 0.4839
2025-10-02 02:51:32,883 - root - INFO - new node validate average_precision, 0.8673
2025-10-02 02:51:32,883 - root - INFO - new node validate roc_auc, 0.8533
2025-10-02 02:51:41,190 - root - INFO - test loss: 0.4374
2025-10-02 02:51:41,190 - root - INFO - test average_precision, 0.9378
2025-10-02 02:51:41,190 - root - INFO - best test average_precision: 0.9378
2025-10-02 02:51:41,190 - root - INFO - test roc_auc, 0.9273
2025-10-02 02:51:41,190 - root - INFO - new node test loss: 0.4571
2025-10-02 02:51:41,190 - root - INFO - new node test average_precision, 0.9044
2025-10-02 02:51:41,190 - root - INFO - new node test roc_auc, 0.8917
2025-10-02 02:51:41,191 - root - INFO - save model ./saved_models/TGAT/uci/TGAT_time2vec_seed4/TGAT_time2vec_seed4.pkl
2025-10-02 02:52:14,725 - root - INFO - Epoch: 12, learning rate: 0.0001, train loss: 0.3600
2025-10-02 02:52:14,725 - root - INFO - train average_precision, 0.9205
2025-10-02 02:52:14,725 - root - INFO - train roc_auc, 0.9200
2025-10-02 02:52:14,725 - root - INFO - validate loss: 0.4108
2025-10-02 02:52:14,725 - root - INFO - validate average_precision, 0.9132
2025-10-02 02:52:14,725 - root - INFO - validate roc_auc, 0.9100
2025-10-02 02:52:14,725 - root - INFO - new node validate loss: 0.4827
2025-10-02 02:52:14,725 - root - INFO - new node validate average_precision, 0.8682
2025-10-02 02:52:14,725 - root - INFO - new node validate roc_auc, 0.8540
2025-10-02 02:52:23,029 - root - INFO - test loss: 0.4378
2025-10-02 02:52:23,029 - root - INFO - test average_precision, 0.9378
2025-10-02 02:52:23,029 - root - INFO - best test average_precision: 0.9378
2025-10-02 02:52:23,029 - root - INFO - test roc_auc, 0.9267
2025-10-02 02:52:23,029 - root - INFO - new node test loss: 0.4556
2025-10-02 02:52:23,029 - root - INFO - new node test average_precision, 0.9058
2025-10-02 02:52:23,029 - root - INFO - new node test roc_auc, 0.8928
2025-10-02 02:52:23,030 - root - INFO - save model ./saved_models/TGAT/uci/TGAT_time2vec_seed4/TGAT_time2vec_seed4.pkl
2025-10-02 02:52:56,475 - root - INFO - Epoch: 13, learning rate: 0.0001, train loss: 0.3631
2025-10-02 02:52:56,475 - root - INFO - train average_precision, 0.9191
2025-10-02 02:52:56,475 - root - INFO - train roc_auc, 0.9182
2025-10-02 02:52:56,475 - root - INFO - validate loss: 0.4058
2025-10-02 02:52:56,475 - root - INFO - validate average_precision, 0.9135
2025-10-02 02:52:56,475 - root - INFO - validate roc_auc, 0.9093
2025-10-02 02:52:56,475 - root - INFO - new node validate loss: 0.4811
2025-10-02 02:52:56,475 - root - INFO - new node validate average_precision, 0.8698
2025-10-02 02:52:56,475 - root - INFO - new node validate roc_auc, 0.8538
2025-10-02 02:53:04,771 - root - INFO - test loss: 0.4271
2025-10-02 02:53:04,771 - root - INFO - test average_precision, 0.9359
2025-10-02 02:53:04,771 - root - INFO - best test average_precision: 0.9378
2025-10-02 02:53:04,771 - root - INFO - test roc_auc, 0.9245
2025-10-02 02:53:04,771 - root - INFO - new node test loss: 0.4482
2025-10-02 02:53:04,771 - root - INFO - new node test average_precision, 0.9039
2025-10-02 02:53:04,771 - root - INFO - new node test roc_auc, 0.8907
2025-10-02 02:53:38,330 - root - INFO - Epoch: 14, learning rate: 0.0001, train loss: 0.3577
2025-10-02 02:53:38,330 - root - INFO - train average_precision, 0.9217
2025-10-02 02:53:38,330 - root - INFO - train roc_auc, 0.9206
2025-10-02 02:53:38,330 - root - INFO - validate loss: 0.4099
2025-10-02 02:53:38,330 - root - INFO - validate average_precision, 0.9147
2025-10-02 02:53:38,330 - root - INFO - validate roc_auc, 0.9094
2025-10-02 02:53:38,330 - root - INFO - new node validate loss: 0.4825
2025-10-02 02:53:38,331 - root - INFO - new node validate average_precision, 0.8739
2025-10-02 02:53:38,331 - root - INFO - new node validate roc_auc, 0.8563
2025-10-02 02:53:46,629 - root - INFO - test loss: 0.4485
2025-10-02 02:53:46,629 - root - INFO - test average_precision, 0.9352
2025-10-02 02:53:46,629 - root - INFO - best test average_precision: 0.9378
2025-10-02 02:53:46,629 - root - INFO - test roc_auc, 0.9214
2025-10-02 02:53:46,629 - root - INFO - new node test loss: 0.4604
2025-10-02 02:53:46,629 - root - INFO - new node test average_precision, 0.9066
2025-10-02 02:53:46,629 - root - INFO - new node test roc_auc, 0.8926
2025-10-02 02:54:20,194 - root - INFO - Epoch: 15, learning rate: 0.0001, train loss: 0.3574
2025-10-02 02:54:20,195 - root - INFO - train average_precision, 0.9241
2025-10-02 02:54:20,195 - root - INFO - train roc_auc, 0.9210
2025-10-02 02:54:20,195 - root - INFO - validate loss: 0.4047
2025-10-02 02:54:20,195 - root - INFO - validate average_precision, 0.9152
2025-10-02 02:54:20,195 - root - INFO - validate roc_auc, 0.9100
2025-10-02 02:54:20,195 - root - INFO - new node validate loss: 0.4801
2025-10-02 02:54:20,195 - root - INFO - new node validate average_precision, 0.8738
2025-10-02 02:54:20,195 - root - INFO - new node validate roc_auc, 0.8551
2025-10-02 02:54:28,503 - root - INFO - test loss: 0.4339
2025-10-02 02:54:28,503 - root - INFO - test average_precision, 0.9361
2025-10-02 02:54:28,503 - root - INFO - best test average_precision: 0.9378
2025-10-02 02:54:28,503 - root - INFO - test roc_auc, 0.9241
2025-10-02 02:54:28,503 - root - INFO - new node test loss: 0.4507
2025-10-02 02:54:28,503 - root - INFO - new node test average_precision, 0.9056
2025-10-02 02:54:28,503 - root - INFO - new node test roc_auc, 0.8921
2025-10-02 02:55:01,928 - root - INFO - Epoch: 16, learning rate: 0.0001, train loss: 0.3563
2025-10-02 02:55:01,928 - root - INFO - train average_precision, 0.9226
2025-10-02 02:55:01,928 - root - INFO - train roc_auc, 0.9209
2025-10-02 02:55:01,928 - root - INFO - validate loss: 0.4109
2025-10-02 02:55:01,928 - root - INFO - validate average_precision, 0.9156
2025-10-02 02:55:01,928 - root - INFO - validate roc_auc, 0.9092
2025-10-02 02:55:01,928 - root - INFO - new node validate loss: 0.4796
2025-10-02 02:55:01,928 - root - INFO - new node validate average_precision, 0.8754
2025-10-02 02:55:01,928 - root - INFO - new node validate roc_auc, 0.8569
2025-10-02 02:55:10,217 - root - INFO - test loss: 0.4496
2025-10-02 02:55:10,217 - root - INFO - test average_precision, 0.9358
2025-10-02 02:55:10,217 - root - INFO - best test average_precision: 0.9378
2025-10-02 02:55:10,217 - root - INFO - test roc_auc, 0.9217
2025-10-02 02:55:10,217 - root - INFO - new node test loss: 0.4611
2025-10-02 02:55:10,217 - root - INFO - new node test average_precision, 0.9074
2025-10-02 02:55:10,217 - root - INFO - new node test roc_auc, 0.8924
2025-10-02 02:55:43,767 - root - INFO - Epoch: 17, learning rate: 0.0001, train loss: 0.3554
2025-10-02 02:55:43,767 - root - INFO - train average_precision, 0.9252
2025-10-02 02:55:43,767 - root - INFO - train roc_auc, 0.9221
2025-10-02 02:55:43,767 - root - INFO - validate loss: 0.4166
2025-10-02 02:55:43,767 - root - INFO - validate average_precision, 0.9159
2025-10-02 02:55:43,767 - root - INFO - validate roc_auc, 0.9097
2025-10-02 02:55:43,767 - root - INFO - new node validate loss: 0.4802
2025-10-02 02:55:43,767 - root - INFO - new node validate average_precision, 0.8758
2025-10-02 02:55:43,768 - root - INFO - new node validate roc_auc, 0.8569
2025-10-02 02:55:52,099 - root - INFO - test loss: 0.4692
2025-10-02 02:55:52,099 - root - INFO - test average_precision, 0.9361
2025-10-02 02:55:52,100 - root - INFO - best test average_precision: 0.9378
2025-10-02 02:55:52,100 - root - INFO - test roc_auc, 0.9223
2025-10-02 02:55:52,100 - root - INFO - new node test loss: 0.4747
2025-10-02 02:55:52,100 - root - INFO - new node test average_precision, 0.9079
2025-10-02 02:55:52,100 - root - INFO - new node test roc_auc, 0.8931
2025-10-02 02:56:25,601 - root - INFO - Epoch: 18, learning rate: 0.0001, train loss: 0.3571
2025-10-02 02:56:25,601 - root - INFO - train average_precision, 0.9237
2025-10-02 02:56:25,601 - root - INFO - train roc_auc, 0.9211
2025-10-02 02:56:25,602 - root - INFO - validate loss: 0.4287
2025-10-02 02:56:25,602 - root - INFO - validate average_precision, 0.9149
2025-10-02 02:56:25,602 - root - INFO - validate roc_auc, 0.9097
2025-10-02 02:56:25,602 - root - INFO - new node validate loss: 0.4914
2025-10-02 02:56:25,602 - root - INFO - new node validate average_precision, 0.8726
2025-10-02 02:56:25,602 - root - INFO - new node validate roc_auc, 0.8556
2025-10-02 02:56:33,903 - root - INFO - test loss: 0.4874
2025-10-02 02:56:33,903 - root - INFO - test average_precision, 0.9364
2025-10-02 02:56:33,903 - root - INFO - best test average_precision: 0.9378
2025-10-02 02:56:33,903 - root - INFO - test roc_auc, 0.9242
2025-10-02 02:56:33,903 - root - INFO - new node test loss: 0.4923
2025-10-02 02:56:33,903 - root - INFO - new node test average_precision, 0.9060
2025-10-02 02:56:33,903 - root - INFO - new node test roc_auc, 0.8922
2025-10-02 02:57:07,382 - root - INFO - Epoch: 19, learning rate: 0.0001, train loss: 0.3537
2025-10-02 02:57:07,382 - root - INFO - train average_precision, 0.9243
2025-10-02 02:57:07,382 - root - INFO - train roc_auc, 0.9226
2025-10-02 02:57:07,382 - root - INFO - validate loss: 0.4057
2025-10-02 02:57:07,382 - root - INFO - validate average_precision, 0.9170
2025-10-02 02:57:07,382 - root - INFO - validate roc_auc, 0.9108
2025-10-02 02:57:07,382 - root - INFO - new node validate loss: 0.4783
2025-10-02 02:57:07,382 - root - INFO - new node validate average_precision, 0.8763
2025-10-02 02:57:07,382 - root - INFO - new node validate roc_auc, 0.8572
2025-10-02 02:57:15,708 - root - INFO - test loss: 0.4453
2025-10-02 02:57:15,709 - root - INFO - test average_precision, 0.9375
2025-10-02 02:57:15,709 - root - INFO - best test average_precision: 0.9378
2025-10-02 02:57:15,709 - root - INFO - test roc_auc, 0.9244
2025-10-02 02:57:15,709 - root - INFO - new node test loss: 0.4581
2025-10-02 02:57:15,709 - root - INFO - new node test average_precision, 0.9085
2025-10-02 02:57:15,709 - root - INFO - new node test roc_auc, 0.8937
2025-10-02 02:57:15,709 - root - INFO - save model ./saved_models/TGAT/uci/TGAT_time2vec_seed4/TGAT_time2vec_seed4.pkl
2025-10-02 02:57:49,439 - root - INFO - Epoch: 20, learning rate: 0.0001, train loss: 0.3529
2025-10-02 02:57:49,439 - root - INFO - train average_precision, 0.9255
2025-10-02 02:57:49,439 - root - INFO - train roc_auc, 0.9227
2025-10-02 02:57:49,439 - root - INFO - validate loss: 0.4149
2025-10-02 02:57:49,439 - root - INFO - validate average_precision, 0.9167
2025-10-02 02:57:49,440 - root - INFO - validate roc_auc, 0.9110
2025-10-02 02:57:49,440 - root - INFO - new node validate loss: 0.4807
2025-10-02 02:57:49,440 - root - INFO - new node validate average_precision, 0.8758
2025-10-02 02:57:49,440 - root - INFO - new node validate roc_auc, 0.8575
2025-10-02 02:57:57,781 - root - INFO - test loss: 0.4749
2025-10-02 02:57:57,782 - root - INFO - test average_precision, 0.9372
2025-10-02 02:57:57,782 - root - INFO - best test average_precision: 0.9378
2025-10-02 02:57:57,782 - root - INFO - test roc_auc, 0.9247
2025-10-02 02:57:57,782 - root - INFO - new node test loss: 0.4802
2025-10-02 02:57:57,782 - root - INFO - new node test average_precision, 0.9078
2025-10-02 02:57:57,782 - root - INFO - new node test roc_auc, 0.8937
2025-10-02 02:58:31,194 - root - INFO - Epoch: 21, learning rate: 0.0001, train loss: 0.3517
2025-10-02 02:58:31,194 - root - INFO - train average_precision, 0.9256
2025-10-02 02:58:31,194 - root - INFO - train roc_auc, 0.9227
2025-10-02 02:58:31,194 - root - INFO - validate loss: 0.4111
2025-10-02 02:58:31,195 - root - INFO - validate average_precision, 0.9175
2025-10-02 02:58:31,195 - root - INFO - validate roc_auc, 0.9108
2025-10-02 02:58:31,195 - root - INFO - new node validate loss: 0.4754
2025-10-02 02:58:31,195 - root - INFO - new node validate average_precision, 0.8782
2025-10-02 02:58:31,195 - root - INFO - new node validate roc_auc, 0.8589
2025-10-02 02:58:39,498 - root - INFO - test loss: 0.4735
2025-10-02 02:58:39,498 - root - INFO - test average_precision, 0.9366
2025-10-02 02:58:39,498 - root - INFO - best test average_precision: 0.9378
2025-10-02 02:58:39,498 - root - INFO - test roc_auc, 0.9227
2025-10-02 02:58:39,498 - root - INFO - new node test loss: 0.4779
2025-10-02 02:58:39,499 - root - INFO - new node test average_precision, 0.9092
2025-10-02 02:58:39,499 - root - INFO - new node test roc_auc, 0.8942
2025-10-02 02:59:13,046 - root - INFO - Epoch: 22, learning rate: 0.0001, train loss: 0.3515
2025-10-02 02:59:13,046 - root - INFO - train average_precision, 0.9252
2025-10-02 02:59:13,046 - root - INFO - train roc_auc, 0.9228
2025-10-02 02:59:13,046 - root - INFO - validate loss: 0.4036
2025-10-02 02:59:13,046 - root - INFO - validate average_precision, 0.9177
2025-10-02 02:59:13,046 - root - INFO - validate roc_auc, 0.9109
2025-10-02 02:59:13,046 - root - INFO - new node validate loss: 0.4709
2025-10-02 02:59:13,046 - root - INFO - new node validate average_precision, 0.8793
2025-10-02 02:59:13,046 - root - INFO - new node validate roc_auc, 0.8581
2025-10-02 02:59:21,360 - root - INFO - test loss: 0.4465
2025-10-02 02:59:21,360 - root - INFO - test average_precision, 0.9370
2025-10-02 02:59:21,360 - root - INFO - best test average_precision: 0.9378
2025-10-02 02:59:21,360 - root - INFO - test roc_auc, 0.9237
2025-10-02 02:59:21,360 - root - INFO - new node test loss: 0.4577
2025-10-02 02:59:21,360 - root - INFO - new node test average_precision, 0.9091
2025-10-02 02:59:21,360 - root - INFO - new node test roc_auc, 0.8937
2025-10-02 02:59:21,360 - root - INFO - save model ./saved_models/TGAT/uci/TGAT_time2vec_seed4/TGAT_time2vec_seed4.pkl
2025-10-02 02:59:54,821 - root - INFO - Epoch: 23, learning rate: 0.0001, train loss: 0.3516
2025-10-02 02:59:54,821 - root - INFO - train average_precision, 0.9267
2025-10-02 02:59:54,821 - root - INFO - train roc_auc, 0.9231
2025-10-02 02:59:54,821 - root - INFO - validate loss: 0.4079
2025-10-02 02:59:54,821 - root - INFO - validate average_precision, 0.9185
2025-10-02 02:59:54,821 - root - INFO - validate roc_auc, 0.9118
2025-10-02 02:59:54,821 - root - INFO - new node validate loss: 0.4719
2025-10-02 02:59:54,821 - root - INFO - new node validate average_precision, 0.8798
2025-10-02 02:59:54,821 - root - INFO - new node validate roc_auc, 0.8588
2025-10-02 03:00:03,109 - root - INFO - test loss: 0.4579
2025-10-02 03:00:03,109 - root - INFO - test average_precision, 0.9376
2025-10-02 03:00:03,109 - root - INFO - best test average_precision: 0.9378
2025-10-02 03:00:03,110 - root - INFO - test roc_auc, 0.9243
2025-10-02 03:00:03,110 - root - INFO - new node test loss: 0.4661
2025-10-02 03:00:03,110 - root - INFO - new node test average_precision, 0.9095
2025-10-02 03:00:03,110 - root - INFO - new node test roc_auc, 0.8946
2025-10-02 03:00:03,110 - root - INFO - save model ./saved_models/TGAT/uci/TGAT_time2vec_seed4/TGAT_time2vec_seed4.pkl
2025-10-02 03:00:36,651 - root - INFO - Epoch: 24, learning rate: 0.0001, train loss: 0.3518
2025-10-02 03:00:36,651 - root - INFO - train average_precision, 0.9260
2025-10-02 03:00:36,651 - root - INFO - train roc_auc, 0.9229
2025-10-02 03:00:36,651 - root - INFO - validate loss: 0.4050
2025-10-02 03:00:36,651 - root - INFO - validate average_precision, 0.9179
2025-10-02 03:00:36,651 - root - INFO - validate roc_auc, 0.9112
2025-10-02 03:00:36,651 - root - INFO - new node validate loss: 0.4720
2025-10-02 03:00:36,651 - root - INFO - new node validate average_precision, 0.8797
2025-10-02 03:00:36,651 - root - INFO - new node validate roc_auc, 0.8587
2025-10-02 03:00:44,952 - root - INFO - test loss: 0.4542
2025-10-02 03:00:44,953 - root - INFO - test average_precision, 0.9368
2025-10-02 03:00:44,953 - root - INFO - best test average_precision: 0.9378
2025-10-02 03:00:44,953 - root - INFO - test roc_auc, 0.9231
2025-10-02 03:00:44,953 - root - INFO - new node test loss: 0.4629
2025-10-02 03:00:44,953 - root - INFO - new node test average_precision, 0.9090
2025-10-02 03:00:44,953 - root - INFO - new node test roc_auc, 0.8940
2025-10-02 03:01:18,330 - root - INFO - Epoch: 25, learning rate: 0.0001, train loss: 0.3493
2025-10-02 03:01:18,330 - root - INFO - train average_precision, 0.9259
2025-10-02 03:01:18,330 - root - INFO - train roc_auc, 0.9237
2025-10-02 03:01:18,331 - root - INFO - validate loss: 0.4078
2025-10-02 03:01:18,331 - root - INFO - validate average_precision, 0.9188
2025-10-02 03:01:18,331 - root - INFO - validate roc_auc, 0.9119
2025-10-02 03:01:18,331 - root - INFO - new node validate loss: 0.4727
2025-10-02 03:01:18,331 - root - INFO - new node validate average_precision, 0.8799
2025-10-02 03:01:18,331 - root - INFO - new node validate roc_auc, 0.8594
2025-10-02 03:01:26,639 - root - INFO - test loss: 0.4577
2025-10-02 03:01:26,639 - root - INFO - test average_precision, 0.9382
2025-10-02 03:01:26,639 - root - INFO - best test average_precision: 0.9382
2025-10-02 03:01:26,639 - root - INFO - test roc_auc, 0.9249
2025-10-02 03:01:26,639 - root - INFO - new node test loss: 0.4658
2025-10-02 03:01:26,639 - root - INFO - new node test average_precision, 0.9103
2025-10-02 03:01:26,639 - root - INFO - new node test roc_auc, 0.8952
2025-10-02 03:01:26,639 - root - INFO - save model ./saved_models/TGAT/uci/TGAT_time2vec_seed4/TGAT_time2vec_seed4.pkl
2025-10-02 03:02:00,202 - root - INFO - Epoch: 26, learning rate: 0.0001, train loss: 0.3516
2025-10-02 03:02:00,202 - root - INFO - train average_precision, 0.9256
2025-10-02 03:02:00,203 - root - INFO - train roc_auc, 0.9227
2025-10-02 03:02:00,203 - root - INFO - validate loss: 0.4117
2025-10-02 03:02:00,203 - root - INFO - validate average_precision, 0.9186
2025-10-02 03:02:00,203 - root - INFO - validate roc_auc, 0.9118
2025-10-02 03:02:00,203 - root - INFO - new node validate loss: 0.4727
2025-10-02 03:02:00,203 - root - INFO - new node validate average_precision, 0.8803
2025-10-02 03:02:00,203 - root - INFO - new node validate roc_auc, 0.8597
2025-10-02 03:02:08,494 - root - INFO - test loss: 0.4813
2025-10-02 03:02:08,494 - root - INFO - test average_precision, 0.9365
2025-10-02 03:02:08,494 - root - INFO - best test average_precision: 0.9382
2025-10-02 03:02:08,494 - root - INFO - test roc_auc, 0.9231
2025-10-02 03:02:08,494 - root - INFO - new node test loss: 0.4839
2025-10-02 03:02:08,495 - root - INFO - new node test average_precision, 0.9091
2025-10-02 03:02:08,495 - root - INFO - new node test roc_auc, 0.8943
2025-10-02 03:02:41,881 - root - INFO - Epoch: 27, learning rate: 0.0001, train loss: 0.3492
2025-10-02 03:02:41,882 - root - INFO - train average_precision, 0.9254
2025-10-02 03:02:41,882 - root - INFO - train roc_auc, 0.9236
2025-10-02 03:02:41,882 - root - INFO - validate loss: 0.4098
2025-10-02 03:02:41,882 - root - INFO - validate average_precision, 0.9187
2025-10-02 03:02:41,882 - root - INFO - validate roc_auc, 0.9119
2025-10-02 03:02:41,882 - root - INFO - new node validate loss: 0.4726
2025-10-02 03:02:41,882 - root - INFO - new node validate average_precision, 0.8812
2025-10-02 03:02:41,882 - root - INFO - new node validate roc_auc, 0.8597
2025-10-02 03:02:50,167 - root - INFO - test loss: 0.4700
2025-10-02 03:02:50,167 - root - INFO - test average_precision, 0.9371
2025-10-02 03:02:50,167 - root - INFO - best test average_precision: 0.9382
2025-10-02 03:02:50,167 - root - INFO - test roc_auc, 0.9233
2025-10-02 03:02:50,167 - root - INFO - new node test loss: 0.4756
2025-10-02 03:02:50,167 - root - INFO - new node test average_precision, 0.9102
2025-10-02 03:02:50,167 - root - INFO - new node test roc_auc, 0.8947
2025-10-02 03:03:23,599 - root - INFO - Epoch: 28, learning rate: 0.0001, train loss: 0.3484
2025-10-02 03:03:23,599 - root - INFO - train average_precision, 0.9274
2025-10-02 03:03:23,599 - root - INFO - train roc_auc, 0.9239
2025-10-02 03:03:23,599 - root - INFO - validate loss: 0.4115
2025-10-02 03:03:23,599 - root - INFO - validate average_precision, 0.9187
2025-10-02 03:03:23,600 - root - INFO - validate roc_auc, 0.9115
2025-10-02 03:03:23,600 - root - INFO - new node validate loss: 0.4724
2025-10-02 03:03:23,600 - root - INFO - new node validate average_precision, 0.8808
2025-10-02 03:03:23,600 - root - INFO - new node validate roc_auc, 0.8599
2025-10-02 03:03:31,908 - root - INFO - test loss: 0.4695
2025-10-02 03:03:31,909 - root - INFO - test average_precision, 0.9373
2025-10-02 03:03:31,909 - root - INFO - best test average_precision: 0.9382
2025-10-02 03:03:31,909 - root - INFO - test roc_auc, 0.9235
2025-10-02 03:03:31,909 - root - INFO - new node test loss: 0.4747
2025-10-02 03:03:31,909 - root - INFO - new node test average_precision, 0.9106
2025-10-02 03:03:31,909 - root - INFO - new node test roc_auc, 0.8950
2025-10-02 03:04:05,450 - root - INFO - Epoch: 29, learning rate: 0.0001, train loss: 0.3483
2025-10-02 03:04:05,450 - root - INFO - train average_precision, 0.9277
2025-10-02 03:04:05,450 - root - INFO - train roc_auc, 0.9242
2025-10-02 03:04:05,450 - root - INFO - validate loss: 0.4182
2025-10-02 03:04:05,450 - root - INFO - validate average_precision, 0.9182
2025-10-02 03:04:05,450 - root - INFO - validate roc_auc, 0.9110
2025-10-02 03:04:05,450 - root - INFO - new node validate loss: 0.4745
2025-10-02 03:04:05,450 - root - INFO - new node validate average_precision, 0.8806
2025-10-02 03:04:05,450 - root - INFO - new node validate roc_auc, 0.8601
2025-10-02 03:04:13,753 - root - INFO - test loss: 0.5072
2025-10-02 03:04:13,753 - root - INFO - test average_precision, 0.9343
2025-10-02 03:04:13,753 - root - INFO - best test average_precision: 0.9382
2025-10-02 03:04:13,753 - root - INFO - test roc_auc, 0.9196
2025-10-02 03:04:13,753 - root - INFO - new node test loss: 0.5048
2025-10-02 03:04:13,753 - root - INFO - new node test average_precision, 0.9074
2025-10-02 03:04:13,753 - root - INFO - new node test roc_auc, 0.8924
2025-10-02 03:04:47,513 - root - INFO - Epoch: 30, learning rate: 0.0001, train loss: 0.3468
2025-10-02 03:04:47,513 - root - INFO - train average_precision, 0.9272
2025-10-02 03:04:47,513 - root - INFO - train roc_auc, 0.9244
2025-10-02 03:04:47,513 - root - INFO - validate loss: 0.4090
2025-10-02 03:04:47,513 - root - INFO - validate average_precision, 0.9189
2025-10-02 03:04:47,513 - root - INFO - validate roc_auc, 0.9114
2025-10-02 03:04:47,513 - root - INFO - new node validate loss: 0.4691
2025-10-02 03:04:47,513 - root - INFO - new node validate average_precision, 0.8817
2025-10-02 03:04:47,513 - root - INFO - new node validate roc_auc, 0.8603
2025-10-02 03:04:55,815 - root - INFO - test loss: 0.4730
2025-10-02 03:04:55,815 - root - INFO - test average_precision, 0.9365
2025-10-02 03:04:55,815 - root - INFO - best test average_precision: 0.9382
2025-10-02 03:04:55,815 - root - INFO - test roc_auc, 0.9219
2025-10-02 03:04:55,815 - root - INFO - new node test loss: 0.4767
2025-10-02 03:04:55,815 - root - INFO - new node test average_precision, 0.9103
2025-10-02 03:04:55,815 - root - INFO - new node test roc_auc, 0.8945
2025-10-02 03:05:29,729 - root - INFO - Epoch: 31, learning rate: 0.0001, train loss: 0.3477
2025-10-02 03:05:29,730 - root - INFO - train average_precision, 0.9278
2025-10-02 03:05:29,730 - root - INFO - train roc_auc, 0.9243
2025-10-02 03:05:29,730 - root - INFO - validate loss: 0.4066
2025-10-02 03:05:29,730 - root - INFO - validate average_precision, 0.9200
2025-10-02 03:05:29,730 - root - INFO - validate roc_auc, 0.9129
2025-10-02 03:05:29,730 - root - INFO - new node validate loss: 0.4690
2025-10-02 03:05:29,730 - root - INFO - new node validate average_precision, 0.8818
2025-10-02 03:05:29,730 - root - INFO - new node validate roc_auc, 0.8605
2025-10-02 03:05:38,087 - root - INFO - test loss: 0.4615
2025-10-02 03:05:38,088 - root - INFO - test average_precision, 0.9391
2025-10-02 03:05:38,088 - root - INFO - best test average_precision: 0.9391
2025-10-02 03:05:38,088 - root - INFO - test roc_auc, 0.9259
2025-10-02 03:05:38,088 - root - INFO - new node test loss: 0.4685
2025-10-02 03:05:38,088 - root - INFO - new node test average_precision, 0.9116
2025-10-02 03:05:38,088 - root - INFO - new node test roc_auc, 0.8963
2025-10-02 03:05:38,088 - root - INFO - save model ./saved_models/TGAT/uci/TGAT_time2vec_seed4/TGAT_time2vec_seed4.pkl
2025-10-02 03:06:11,540 - root - INFO - Epoch: 32, learning rate: 0.0001, train loss: 0.3471
2025-10-02 03:06:11,540 - root - INFO - train average_precision, 0.9282
2025-10-02 03:06:11,540 - root - INFO - train roc_auc, 0.9246
2025-10-02 03:06:11,540 - root - INFO - validate loss: 0.4097
2025-10-02 03:06:11,541 - root - INFO - validate average_precision, 0.9200
2025-10-02 03:06:11,541 - root - INFO - validate roc_auc, 0.9129
2025-10-02 03:06:11,541 - root - INFO - new node validate loss: 0.4702
2025-10-02 03:06:11,541 - root - INFO - new node validate average_precision, 0.8827
2025-10-02 03:06:11,541 - root - INFO - new node validate roc_auc, 0.8606
2025-10-02 03:06:19,873 - root - INFO - test loss: 0.4818
2025-10-02 03:06:19,873 - root - INFO - test average_precision, 0.9384
2025-10-02 03:06:19,873 - root - INFO - best test average_precision: 0.9391
2025-10-02 03:06:19,873 - root - INFO - test roc_auc, 0.9251
2025-10-02 03:06:19,873 - root - INFO - new node test loss: 0.4840
2025-10-02 03:06:19,873 - root - INFO - new node test average_precision, 0.9116
2025-10-02 03:06:19,873 - root - INFO - new node test roc_auc, 0.8964
2025-10-02 03:06:53,393 - root - INFO - Epoch: 33, learning rate: 0.0001, train loss: 0.3513
2025-10-02 03:06:53,393 - root - INFO - train average_precision, 0.9248
2025-10-02 03:06:53,393 - root - INFO - train roc_auc, 0.9225
2025-10-02 03:06:53,393 - root - INFO - validate loss: 0.4078
2025-10-02 03:06:53,393 - root - INFO - validate average_precision, 0.9188
2025-10-02 03:06:53,393 - root - INFO - validate roc_auc, 0.9112
2025-10-02 03:06:53,394 - root - INFO - new node validate loss: 0.4692
2025-10-02 03:06:53,394 - root - INFO - new node validate average_precision, 0.8822
2025-10-02 03:06:53,394 - root - INFO - new node validate roc_auc, 0.8601
2025-10-02 03:07:01,711 - root - INFO - test loss: 0.4637
2025-10-02 03:07:01,711 - root - INFO - test average_precision, 0.9370
2025-10-02 03:07:01,711 - root - INFO - best test average_precision: 0.9391
2025-10-02 03:07:01,712 - root - INFO - test roc_auc, 0.9229
2025-10-02 03:07:01,712 - root - INFO - new node test loss: 0.4694
2025-10-02 03:07:01,712 - root - INFO - new node test average_precision, 0.9106
2025-10-02 03:07:01,712 - root - INFO - new node test roc_auc, 0.8948
2025-10-02 03:07:35,205 - root - INFO - Epoch: 34, learning rate: 0.0001, train loss: 0.3472
2025-10-02 03:07:35,205 - root - INFO - train average_precision, 0.9271
2025-10-02 03:07:35,205 - root - INFO - train roc_auc, 0.9241
2025-10-02 03:07:35,205 - root - INFO - validate loss: 0.4090
2025-10-02 03:07:35,205 - root - INFO - validate average_precision, 0.9199
2025-10-02 03:07:35,205 - root - INFO - validate roc_auc, 0.9129
2025-10-02 03:07:35,205 - root - INFO - new node validate loss: 0.4696
2025-10-02 03:07:35,205 - root - INFO - new node validate average_precision, 0.8825
2025-10-02 03:07:35,205 - root - INFO - new node validate roc_auc, 0.8607
2025-10-02 03:07:43,491 - root - INFO - test loss: 0.4694
2025-10-02 03:07:43,491 - root - INFO - test average_precision, 0.9393
2025-10-02 03:07:43,491 - root - INFO - best test average_precision: 0.9393
2025-10-02 03:07:43,492 - root - INFO - test roc_auc, 0.9262
2025-10-02 03:07:43,492 - root - INFO - new node test loss: 0.4741
2025-10-02 03:07:43,492 - root - INFO - new node test average_precision, 0.9124
2025-10-02 03:07:43,492 - root - INFO - new node test roc_auc, 0.8971
2025-10-02 03:08:17,016 - root - INFO - Epoch: 35, learning rate: 0.0001, train loss: 0.3479
2025-10-02 03:08:17,016 - root - INFO - train average_precision, 0.9270
2025-10-02 03:08:17,016 - root - INFO - train roc_auc, 0.9239
2025-10-02 03:08:17,016 - root - INFO - validate loss: 0.4084
2025-10-02 03:08:17,016 - root - INFO - validate average_precision, 0.9204
2025-10-02 03:08:17,016 - root - INFO - validate roc_auc, 0.9130
2025-10-02 03:08:17,017 - root - INFO - new node validate loss: 0.4690
2025-10-02 03:08:17,017 - root - INFO - new node validate average_precision, 0.8829
2025-10-02 03:08:17,017 - root - INFO - new node validate roc_auc, 0.8612
2025-10-02 03:08:25,314 - root - INFO - test loss: 0.4654
2025-10-02 03:08:25,314 - root - INFO - test average_precision, 0.9390
2025-10-02 03:08:25,314 - root - INFO - best test average_precision: 0.9393
2025-10-02 03:08:25,314 - root - INFO - test roc_auc, 0.9254
2025-10-02 03:08:25,314 - root - INFO - new node test loss: 0.4710
2025-10-02 03:08:25,314 - root - INFO - new node test average_precision, 0.9123
2025-10-02 03:08:25,314 - root - INFO - new node test roc_auc, 0.8968
2025-10-02 03:08:25,315 - root - INFO - save model ./saved_models/TGAT/uci/TGAT_time2vec_seed4/TGAT_time2vec_seed4.pkl
2025-10-02 03:08:58,919 - root - INFO - Epoch: 36, learning rate: 0.0001, train loss: 0.3472
2025-10-02 03:08:58,919 - root - INFO - train average_precision, 0.9280
2025-10-02 03:08:58,919 - root - INFO - train roc_auc, 0.9244
2025-10-02 03:08:58,919 - root - INFO - validate loss: 0.4115
2025-10-02 03:08:58,919 - root - INFO - validate average_precision, 0.9205
2025-10-02 03:08:58,919 - root - INFO - validate roc_auc, 0.9134
2025-10-02 03:08:58,919 - root - INFO - new node validate loss: 0.4702
2025-10-02 03:08:58,919 - root - INFO - new node validate average_precision, 0.8831
2025-10-02 03:08:58,920 - root - INFO - new node validate roc_auc, 0.8610
2025-10-02 03:09:07,231 - root - INFO - test loss: 0.4769
2025-10-02 03:09:07,231 - root - INFO - test average_precision, 0.9400
2025-10-02 03:09:07,231 - root - INFO - best test average_precision: 0.9400
2025-10-02 03:09:07,231 - root - INFO - test roc_auc, 0.9269
2025-10-02 03:09:07,231 - root - INFO - new node test loss: 0.4801
2025-10-02 03:09:07,231 - root - INFO - new node test average_precision, 0.9126
2025-10-02 03:09:07,231 - root - INFO - new node test roc_auc, 0.8972
2025-10-02 03:09:07,231 - root - INFO - save model ./saved_models/TGAT/uci/TGAT_time2vec_seed4/TGAT_time2vec_seed4.pkl
2025-10-02 03:09:40,853 - root - INFO - Epoch: 37, learning rate: 0.0001, train loss: 0.3444
2025-10-02 03:09:40,853 - root - INFO - train average_precision, 0.9296
2025-10-02 03:09:40,854 - root - INFO - train roc_auc, 0.9257
2025-10-02 03:09:40,854 - root - INFO - validate loss: 0.4097
2025-10-02 03:09:40,854 - root - INFO - validate average_precision, 0.9203
2025-10-02 03:09:40,854 - root - INFO - validate roc_auc, 0.9129
2025-10-02 03:09:40,854 - root - INFO - new node validate loss: 0.4684
2025-10-02 03:09:40,854 - root - INFO - new node validate average_precision, 0.8832
2025-10-02 03:09:40,854 - root - INFO - new node validate roc_auc, 0.8614
2025-10-02 03:09:49,156 - root - INFO - test loss: 0.4812
2025-10-02 03:09:49,156 - root - INFO - test average_precision, 0.9382
2025-10-02 03:09:49,156 - root - INFO - best test average_precision: 0.9400
2025-10-02 03:09:49,156 - root - INFO - test roc_auc, 0.9249
2025-10-02 03:09:49,156 - root - INFO - new node test loss: 0.4834
2025-10-02 03:09:49,156 - root - INFO - new node test average_precision, 0.9111
2025-10-02 03:09:49,157 - root - INFO - new node test roc_auc, 0.8960
2025-10-02 03:10:22,669 - root - INFO - Epoch: 38, learning rate: 0.0001, train loss: 0.3468
2025-10-02 03:10:22,669 - root - INFO - train average_precision, 0.9274
2025-10-02 03:10:22,669 - root - INFO - train roc_auc, 0.9247
2025-10-02 03:10:22,669 - root - INFO - validate loss: 0.4147
2025-10-02 03:10:22,669 - root - INFO - validate average_precision, 0.9198
2025-10-02 03:10:22,669 - root - INFO - validate roc_auc, 0.9120
2025-10-02 03:10:22,669 - root - INFO - new node validate loss: 0.4689
2025-10-02 03:10:22,669 - root - INFO - new node validate average_precision, 0.8832
2025-10-02 03:10:22,669 - root - INFO - new node validate roc_auc, 0.8609
2025-10-02 03:10:30,977 - root - INFO - test loss: 0.4811
2025-10-02 03:10:30,977 - root - INFO - test average_precision, 0.9391
2025-10-02 03:10:30,977 - root - INFO - best test average_precision: 0.9400
2025-10-02 03:10:30,977 - root - INFO - test roc_auc, 0.9254
2025-10-02 03:10:30,977 - root - INFO - new node test loss: 0.4830
2025-10-02 03:10:30,977 - root - INFO - new node test average_precision, 0.9121
2025-10-02 03:10:30,977 - root - INFO - new node test roc_auc, 0.8965
2025-10-02 03:11:04,567 - root - INFO - Epoch: 39, learning rate: 0.0001, train loss: 0.3456
2025-10-02 03:11:04,567 - root - INFO - train average_precision, 0.9286
2025-10-02 03:11:04,567 - root - INFO - train roc_auc, 0.9253
2025-10-02 03:11:04,567 - root - INFO - validate loss: 0.4132
2025-10-02 03:11:04,567 - root - INFO - validate average_precision, 0.9196
2025-10-02 03:11:04,567 - root - INFO - validate roc_auc, 0.9113
2025-10-02 03:11:04,567 - root - INFO - new node validate loss: 0.4686
2025-10-02 03:11:04,568 - root - INFO - new node validate average_precision, 0.8831
2025-10-02 03:11:04,568 - root - INFO - new node validate roc_auc, 0.8611
2025-10-02 03:11:12,875 - root - INFO - test loss: 0.4878
2025-10-02 03:11:12,875 - root - INFO - test average_precision, 0.9370
2025-10-02 03:11:12,875 - root - INFO - best test average_precision: 0.9400
2025-10-02 03:11:12,875 - root - INFO - test roc_auc, 0.9221
2025-10-02 03:11:12,875 - root - INFO - new node test loss: 0.4887
2025-10-02 03:11:12,875 - root - INFO - new node test average_precision, 0.9106
2025-10-02 03:11:12,875 - root - INFO - new node test roc_auc, 0.8946
2025-10-02 03:11:46,395 - root - INFO - Epoch: 40, learning rate: 0.0001, train loss: 0.3461
2025-10-02 03:11:46,395 - root - INFO - train average_precision, 0.9282
2025-10-02 03:11:46,395 - root - INFO - train roc_auc, 0.9247
2025-10-02 03:11:46,395 - root - INFO - validate loss: 0.4080
2025-10-02 03:11:46,395 - root - INFO - validate average_precision, 0.9205
2025-10-02 03:11:46,395 - root - INFO - validate roc_auc, 0.9127
2025-10-02 03:11:46,395 - root - INFO - new node validate loss: 0.4685
2025-10-02 03:11:46,395 - root - INFO - new node validate average_precision, 0.8831
2025-10-02 03:11:46,395 - root - INFO - new node validate roc_auc, 0.8610
2025-10-02 03:11:54,709 - root - INFO - test loss: 0.4647
2025-10-02 03:11:54,709 - root - INFO - test average_precision, 0.9393
2025-10-02 03:11:54,709 - root - INFO - best test average_precision: 0.9400
2025-10-02 03:11:54,709 - root - INFO - test roc_auc, 0.9253
2025-10-02 03:11:54,709 - root - INFO - new node test loss: 0.4705
2025-10-02 03:11:54,709 - root - INFO - new node test average_precision, 0.9123
2025-10-02 03:11:54,709 - root - INFO - new node test roc_auc, 0.8965
2025-10-02 03:12:28,148 - root - INFO - Epoch: 41, learning rate: 0.0001, train loss: 0.3447
2025-10-02 03:12:28,148 - root - INFO - train average_precision, 0.9297
2025-10-02 03:12:28,148 - root - INFO - train roc_auc, 0.9253
2025-10-02 03:12:28,148 - root - INFO - validate loss: 0.4106
2025-10-02 03:12:28,148 - root - INFO - validate average_precision, 0.9196
2025-10-02 03:12:28,148 - root - INFO - validate roc_auc, 0.9119
2025-10-02 03:12:28,148 - root - INFO - new node validate loss: 0.4691
2025-10-02 03:12:28,148 - root - INFO - new node validate average_precision, 0.8830
2025-10-02 03:12:28,148 - root - INFO - new node validate roc_auc, 0.8608
2025-10-02 03:12:36,498 - root - INFO - test loss: 0.4722
2025-10-02 03:12:36,499 - root - INFO - test average_precision, 0.9380
2025-10-02 03:12:36,499 - root - INFO - best test average_precision: 0.9400
2025-10-02 03:12:36,499 - root - INFO - test roc_auc, 0.9242
2025-10-02 03:12:36,499 - root - INFO - new node test loss: 0.4760
2025-10-02 03:12:36,499 - root - INFO - new node test average_precision, 0.9114
2025-10-02 03:12:36,499 - root - INFO - new node test roc_auc, 0.8956
2025-10-02 03:13:10,314 - root - INFO - Epoch: 42, learning rate: 0.0001, train loss: 0.3444
2025-10-02 03:13:10,314 - root - INFO - train average_precision, 0.9296
2025-10-02 03:13:10,314 - root - INFO - train roc_auc, 0.9255
2025-10-02 03:13:10,314 - root - INFO - validate loss: 0.4120
2025-10-02 03:13:10,314 - root - INFO - validate average_precision, 0.9206
2025-10-02 03:13:10,314 - root - INFO - validate roc_auc, 0.9128
2025-10-02 03:13:10,314 - root - INFO - new node validate loss: 0.4680
2025-10-02 03:13:10,314 - root - INFO - new node validate average_precision, 0.8844
2025-10-02 03:13:10,314 - root - INFO - new node validate roc_auc, 0.8616
2025-10-02 03:13:18,641 - root - INFO - test loss: 0.4771
2025-10-02 03:13:18,641 - root - INFO - test average_precision, 0.9390
2025-10-02 03:13:18,641 - root - INFO - best test average_precision: 0.9400
2025-10-02 03:13:18,641 - root - INFO - test roc_auc, 0.9256
2025-10-02 03:13:18,641 - root - INFO - new node test loss: 0.4796
2025-10-02 03:13:18,641 - root - INFO - new node test average_precision, 0.9123
2025-10-02 03:13:18,641 - root - INFO - new node test roc_auc, 0.8967
2025-10-02 03:13:52,229 - root - INFO - Epoch: 43, learning rate: 0.0001, train loss: 0.3461
2025-10-02 03:13:52,229 - root - INFO - train average_precision, 0.9281
2025-10-02 03:13:52,229 - root - INFO - train roc_auc, 0.9249
2025-10-02 03:13:52,229 - root - INFO - validate loss: 0.4069
2025-10-02 03:13:52,230 - root - INFO - validate average_precision, 0.9203
2025-10-02 03:13:52,230 - root - INFO - validate roc_auc, 0.9125
2025-10-02 03:13:52,230 - root - INFO - new node validate loss: 0.4664
2025-10-02 03:13:52,230 - root - INFO - new node validate average_precision, 0.8839
2025-10-02 03:13:52,230 - root - INFO - new node validate roc_auc, 0.8615
2025-10-02 03:14:00,555 - root - INFO - test loss: 0.4578
2025-10-02 03:14:00,555 - root - INFO - test average_precision, 0.9383
2025-10-02 03:14:00,555 - root - INFO - best test average_precision: 0.9400
2025-10-02 03:14:00,555 - root - INFO - test roc_auc, 0.9244
2025-10-02 03:14:00,555 - root - INFO - new node test loss: 0.4645
2025-10-02 03:14:00,555 - root - INFO - new node test average_precision, 0.9119
2025-10-02 03:14:00,555 - root - INFO - new node test roc_auc, 0.8961
2025-10-02 03:14:34,277 - root - INFO - Epoch: 44, learning rate: 0.0001, train loss: 0.3452
2025-10-02 03:14:34,277 - root - INFO - train average_precision, 0.9293
2025-10-02 03:14:34,277 - root - INFO - train roc_auc, 0.9249
2025-10-02 03:14:34,277 - root - INFO - validate loss: 0.4081
2025-10-02 03:14:34,277 - root - INFO - validate average_precision, 0.9200
2025-10-02 03:14:34,277 - root - INFO - validate roc_auc, 0.9115
2025-10-02 03:14:34,278 - root - INFO - new node validate loss: 0.4640
2025-10-02 03:14:34,278 - root - INFO - new node validate average_precision, 0.8843
2025-10-02 03:14:34,278 - root - INFO - new node validate roc_auc, 0.8615
2025-10-02 03:14:42,592 - root - INFO - test loss: 0.4691
2025-10-02 03:14:42,592 - root - INFO - test average_precision, 0.9375
2025-10-02 03:14:42,592 - root - INFO - best test average_precision: 0.9400
2025-10-02 03:14:42,592 - root - INFO - test roc_auc, 0.9228
2025-10-02 03:14:42,592 - root - INFO - new node test loss: 0.4728
2025-10-02 03:14:42,592 - root - INFO - new node test average_precision, 0.9114
2025-10-02 03:14:42,592 - root - INFO - new node test roc_auc, 0.8953
2025-10-02 03:15:16,617 - root - INFO - Epoch: 45, learning rate: 0.0001, train loss: 0.3450
2025-10-02 03:15:16,618 - root - INFO - train average_precision, 0.9288
2025-10-02 03:15:16,618 - root - INFO - train roc_auc, 0.9253
2025-10-02 03:15:16,618 - root - INFO - validate loss: 0.4079
2025-10-02 03:15:16,618 - root - INFO - validate average_precision, 0.9212
2025-10-02 03:15:16,618 - root - INFO - validate roc_auc, 0.9134
2025-10-02 03:15:16,618 - root - INFO - new node validate loss: 0.4672
2025-10-02 03:15:16,618 - root - INFO - new node validate average_precision, 0.8840
2025-10-02 03:15:16,618 - root - INFO - new node validate roc_auc, 0.8619
2025-10-02 03:15:24,939 - root - INFO - test loss: 0.4753
2025-10-02 03:15:24,939 - root - INFO - test average_precision, 0.9384
2025-10-02 03:15:24,940 - root - INFO - best test average_precision: 0.9400
2025-10-02 03:15:24,940 - root - INFO - test roc_auc, 0.9251
2025-10-02 03:15:24,940 - root - INFO - new node test loss: 0.4786
2025-10-02 03:15:24,940 - root - INFO - new node test average_precision, 0.9110
2025-10-02 03:15:24,940 - root - INFO - new node test roc_auc, 0.8962
2025-10-02 03:15:58,509 - root - INFO - Epoch: 46, learning rate: 0.0001, train loss: 0.3454
2025-10-02 03:15:58,510 - root - INFO - train average_precision, 0.9286
2025-10-02 03:15:58,510 - root - INFO - train roc_auc, 0.9246
2025-10-02 03:15:58,510 - root - INFO - validate loss: 0.4041
2025-10-02 03:15:58,510 - root - INFO - validate average_precision, 0.9203
2025-10-02 03:15:58,510 - root - INFO - validate roc_auc, 0.9124
2025-10-02 03:15:58,510 - root - INFO - new node validate loss: 0.4669
2025-10-02 03:15:58,510 - root - INFO - new node validate average_precision, 0.8830
2025-10-02 03:15:58,510 - root - INFO - new node validate roc_auc, 0.8614
2025-10-02 03:16:06,792 - root - INFO - test loss: 0.4521
2025-10-02 03:16:06,792 - root - INFO - test average_precision, 0.9393
2025-10-02 03:16:06,792 - root - INFO - best test average_precision: 0.9400
2025-10-02 03:16:06,792 - root - INFO - test roc_auc, 0.9250
2025-10-02 03:16:06,792 - root - INFO - new node test loss: 0.4600
2025-10-02 03:16:06,792 - root - INFO - new node test average_precision, 0.9126
2025-10-02 03:16:06,792 - root - INFO - new node test roc_auc, 0.8969
2025-10-02 03:16:40,825 - root - INFO - Epoch: 47, learning rate: 0.0001, train loss: 0.3435
2025-10-02 03:16:40,825 - root - INFO - train average_precision, 0.9289
2025-10-02 03:16:40,825 - root - INFO - train roc_auc, 0.9259
2025-10-02 03:16:40,825 - root - INFO - validate loss: 0.4045
2025-10-02 03:16:40,825 - root - INFO - validate average_precision, 0.9209
2025-10-02 03:16:40,825 - root - INFO - validate roc_auc, 0.9130
2025-10-02 03:16:40,825 - root - INFO - new node validate loss: 0.4651
2025-10-02 03:16:40,825 - root - INFO - new node validate average_precision, 0.8843
2025-10-02 03:16:40,825 - root - INFO - new node validate roc_auc, 0.8617
2025-10-02 03:16:49,142 - root - INFO - test loss: 0.4567
2025-10-02 03:16:49,142 - root - INFO - test average_precision, 0.9391
2025-10-02 03:16:49,142 - root - INFO - best test average_precision: 0.9400
2025-10-02 03:16:49,142 - root - INFO - test roc_auc, 0.9254
2025-10-02 03:16:49,142 - root - INFO - new node test loss: 0.4632
2025-10-02 03:16:49,142 - root - INFO - new node test average_precision, 0.9129
2025-10-02 03:16:49,143 - root - INFO - new node test roc_auc, 0.8970
2025-10-02 03:17:23,075 - root - INFO - Epoch: 48, learning rate: 0.0001, train loss: 0.3437
2025-10-02 03:17:23,075 - root - INFO - train average_precision, 0.9299
2025-10-02 03:17:23,075 - root - INFO - train roc_auc, 0.9257
2025-10-02 03:17:23,075 - root - INFO - validate loss: 0.4164
2025-10-02 03:17:23,076 - root - INFO - validate average_precision, 0.9203
2025-10-02 03:17:23,076 - root - INFO - validate roc_auc, 0.9126
2025-10-02 03:17:23,076 - root - INFO - new node validate loss: 0.4706
2025-10-02 03:17:23,076 - root - INFO - new node validate average_precision, 0.8835
2025-10-02 03:17:23,076 - root - INFO - new node validate roc_auc, 0.8617
2025-10-02 03:17:31,389 - root - INFO - test loss: 0.5041
2025-10-02 03:17:31,389 - root - INFO - test average_precision, 0.9369
2025-10-02 03:17:31,389 - root - INFO - best test average_precision: 0.9400
2025-10-02 03:17:31,389 - root - INFO - test roc_auc, 0.9238
2025-10-02 03:17:31,389 - root - INFO - new node test loss: 0.5020
2025-10-02 03:17:31,390 - root - INFO - new node test average_precision, 0.9088
2025-10-02 03:17:31,390 - root - INFO - new node test roc_auc, 0.8943
2025-10-02 03:18:05,220 - root - INFO - Epoch: 49, learning rate: 0.0001, train loss: 0.3458
2025-10-02 03:18:05,220 - root - INFO - train average_precision, 0.9286
2025-10-02 03:18:05,221 - root - INFO - train roc_auc, 0.9246
2025-10-02 03:18:05,221 - root - INFO - validate loss: 0.4087
2025-10-02 03:18:05,221 - root - INFO - validate average_precision, 0.9213
2025-10-02 03:18:05,221 - root - INFO - validate roc_auc, 0.9132
2025-10-02 03:18:05,221 - root - INFO - new node validate loss: 0.4673
2025-10-02 03:18:05,221 - root - INFO - new node validate average_precision, 0.8851
2025-10-02 03:18:05,221 - root - INFO - new node validate roc_auc, 0.8621
2025-10-02 03:18:13,527 - root - INFO - test loss: 0.4665
2025-10-02 03:18:13,527 - root - INFO - test average_precision, 0.9398
2025-10-02 03:18:13,527 - root - INFO - best test average_precision: 0.9400
2025-10-02 03:18:13,527 - root - INFO - test roc_auc, 0.9261
2025-10-02 03:18:13,527 - root - INFO - new node test loss: 0.4715
2025-10-02 03:18:13,527 - root - INFO - new node test average_precision, 0.9128
2025-10-02 03:18:13,527 - root - INFO - new node test roc_auc, 0.8970
2025-10-02 03:18:47,484 - root - INFO - Epoch: 50, learning rate: 0.0001, train loss: 0.3420
2025-10-02 03:18:47,484 - root - INFO - train average_precision, 0.9312
2025-10-02 03:18:47,484 - root - INFO - train roc_auc, 0.9265
2025-10-02 03:18:47,484 - root - INFO - validate loss: 0.4041
2025-10-02 03:18:47,484 - root - INFO - validate average_precision, 0.9206
2025-10-02 03:18:47,484 - root - INFO - validate roc_auc, 0.9124
2025-10-02 03:18:47,484 - root - INFO - new node validate loss: 0.4642
2025-10-02 03:18:47,484 - root - INFO - new node validate average_precision, 0.8849
2025-10-02 03:18:47,484 - root - INFO - new node validate roc_auc, 0.8623
2025-10-02 03:18:55,831 - root - INFO - test loss: 0.4585
2025-10-02 03:18:55,831 - root - INFO - test average_precision, 0.9385
2025-10-02 03:18:55,831 - root - INFO - best test average_precision: 0.9400
2025-10-02 03:18:55,831 - root - INFO - test roc_auc, 0.9246
2025-10-02 03:18:55,831 - root - INFO - new node test loss: 0.4641
2025-10-02 03:18:55,832 - root - INFO - new node test average_precision, 0.9126
2025-10-02 03:18:55,832 - root - INFO - new node test roc_auc, 0.8963
2025-10-02 03:19:29,305 - root - INFO - Epoch: 51, learning rate: 0.0001, train loss: 0.3454
2025-10-02 03:19:29,306 - root - INFO - train average_precision, 0.9296
2025-10-02 03:19:29,306 - root - INFO - train roc_auc, 0.9250
2025-10-02 03:19:29,306 - root - INFO - validate loss: 0.4056
2025-10-02 03:19:29,306 - root - INFO - validate average_precision, 0.9197
2025-10-02 03:19:29,306 - root - INFO - validate roc_auc, 0.9117
2025-10-02 03:19:29,306 - root - INFO - new node validate loss: 0.4646
2025-10-02 03:19:29,306 - root - INFO - new node validate average_precision, 0.8839
2025-10-02 03:19:29,306 - root - INFO - new node validate roc_auc, 0.8615
2025-10-02 03:19:37,618 - root - INFO - test loss: 0.4479
2025-10-02 03:19:37,618 - root - INFO - test average_precision, 0.9370
2025-10-02 03:19:37,618 - root - INFO - best test average_precision: 0.9400
2025-10-02 03:19:37,618 - root - INFO - test roc_auc, 0.9229
2025-10-02 03:19:37,619 - root - INFO - new node test loss: 0.4563
2025-10-02 03:19:37,619 - root - INFO - new node test average_precision, 0.9109
2025-10-02 03:19:37,619 - root - INFO - new node test roc_auc, 0.8947
2025-10-02 03:20:11,281 - root - INFO - Epoch: 52, learning rate: 0.0001, train loss: 0.3417
2025-10-02 03:20:11,282 - root - INFO - train average_precision, 0.9307
2025-10-02 03:20:11,282 - root - INFO - train roc_auc, 0.9262
2025-10-02 03:20:11,282 - root - INFO - validate loss: 0.4055
2025-10-02 03:20:11,282 - root - INFO - validate average_precision, 0.9207
2025-10-02 03:20:11,282 - root - INFO - validate roc_auc, 0.9120
2025-10-02 03:20:11,282 - root - INFO - new node validate loss: 0.4657
2025-10-02 03:20:11,282 - root - INFO - new node validate average_precision, 0.8848
2025-10-02 03:20:11,282 - root - INFO - new node validate roc_auc, 0.8622
2025-10-02 03:20:19,592 - root - INFO - test loss: 0.4534
2025-10-02 03:20:19,593 - root - INFO - test average_precision, 0.9385
2025-10-02 03:20:19,593 - root - INFO - best test average_precision: 0.9400
2025-10-02 03:20:19,593 - root - INFO - test roc_auc, 0.9236
2025-10-02 03:20:19,593 - root - INFO - new node test loss: 0.4598
2025-10-02 03:20:19,593 - root - INFO - new node test average_precision, 0.9135
2025-10-02 03:20:19,593 - root - INFO - new node test roc_auc, 0.8966
2025-10-02 03:20:53,647 - root - INFO - Epoch: 53, learning rate: 0.0001, train loss: 0.3427
2025-10-02 03:20:53,647 - root - INFO - train average_precision, 0.9311
2025-10-02 03:20:53,647 - root - INFO - train roc_auc, 0.9263
2025-10-02 03:20:53,647 - root - INFO - validate loss: 0.4013
2025-10-02 03:20:53,647 - root - INFO - validate average_precision, 0.9207
2025-10-02 03:20:53,647 - root - INFO - validate roc_auc, 0.9128
2025-10-02 03:20:53,647 - root - INFO - new node validate loss: 0.4633
2025-10-02 03:20:53,647 - root - INFO - new node validate average_precision, 0.8849
2025-10-02 03:20:53,647 - root - INFO - new node validate roc_auc, 0.8621
2025-10-02 03:21:01,959 - root - INFO - test loss: 0.4499
2025-10-02 03:21:01,959 - root - INFO - test average_precision, 0.9391
2025-10-02 03:21:01,960 - root - INFO - best test average_precision: 0.9400
2025-10-02 03:21:01,960 - root - INFO - test roc_auc, 0.9250
2025-10-02 03:21:01,960 - root - INFO - new node test loss: 0.4568
2025-10-02 03:21:01,960 - root - INFO - new node test average_precision, 0.9138
2025-10-02 03:21:01,960 - root - INFO - new node test roc_auc, 0.8974
2025-10-02 03:21:35,698 - root - INFO - Epoch: 54, learning rate: 0.0001, train loss: 0.3448
2025-10-02 03:21:35,698 - root - INFO - train average_precision, 0.9290
2025-10-02 03:21:35,699 - root - INFO - train roc_auc, 0.9251
2025-10-02 03:21:35,699 - root - INFO - validate loss: 0.4053
2025-10-02 03:21:35,699 - root - INFO - validate average_precision, 0.9209
2025-10-02 03:21:35,699 - root - INFO - validate roc_auc, 0.9128
2025-10-02 03:21:35,699 - root - INFO - new node validate loss: 0.4663
2025-10-02 03:21:35,699 - root - INFO - new node validate average_precision, 0.8850
2025-10-02 03:21:35,699 - root - INFO - new node validate roc_auc, 0.8623
2025-10-02 03:21:43,990 - root - INFO - test loss: 0.4734
2025-10-02 03:21:43,991 - root - INFO - test average_precision, 0.9381
2025-10-02 03:21:43,991 - root - INFO - best test average_precision: 0.9400
2025-10-02 03:21:43,991 - root - INFO - test roc_auc, 0.9241
2025-10-02 03:21:43,991 - root - INFO - new node test loss: 0.4766
2025-10-02 03:21:43,991 - root - INFO - new node test average_precision, 0.9119
2025-10-02 03:21:43,991 - root - INFO - new node test roc_auc, 0.8961
2025-10-02 03:22:17,412 - root - INFO - Epoch: 55, learning rate: 0.0001, train loss: 0.3425
2025-10-02 03:22:17,412 - root - INFO - train average_precision, 0.9307
2025-10-02 03:22:17,412 - root - INFO - train roc_auc, 0.9258
2025-10-02 03:22:17,412 - root - INFO - validate loss: 0.4090
2025-10-02 03:22:17,412 - root - INFO - validate average_precision, 0.9211
2025-10-02 03:22:17,412 - root - INFO - validate roc_auc, 0.9127
2025-10-02 03:22:17,412 - root - INFO - new node validate loss: 0.4649
2025-10-02 03:22:17,412 - root - INFO - new node validate average_precision, 0.8850
2025-10-02 03:22:17,412 - root - INFO - new node validate roc_auc, 0.8621
2025-10-02 03:22:25,702 - root - INFO - test loss: 0.4605
2025-10-02 03:22:25,702 - root - INFO - test average_precision, 0.9395
2025-10-02 03:22:25,703 - root - INFO - best test average_precision: 0.9400
2025-10-02 03:22:25,703 - root - INFO - test roc_auc, 0.9257
2025-10-02 03:22:25,703 - root - INFO - new node test loss: 0.4652
2025-10-02 03:22:25,703 - root - INFO - new node test average_precision, 0.9133
2025-10-02 03:22:25,703 - root - INFO - new node test roc_auc, 0.8968
2025-10-02 03:22:59,555 - root - INFO - Epoch: 56, learning rate: 0.0001, train loss: 0.3421
2025-10-02 03:22:59,555 - root - INFO - train average_precision, 0.9305
2025-10-02 03:22:59,555 - root - INFO - train roc_auc, 0.9262
2025-10-02 03:22:59,555 - root - INFO - validate loss: 0.4073
2025-10-02 03:22:59,555 - root - INFO - validate average_precision, 0.9211
2025-10-02 03:22:59,555 - root - INFO - validate roc_auc, 0.9123
2025-10-02 03:22:59,555 - root - INFO - new node validate loss: 0.4632
2025-10-02 03:22:59,555 - root - INFO - new node validate average_precision, 0.8850
2025-10-02 03:22:59,555 - root - INFO - new node validate roc_auc, 0.8621
2025-10-02 03:23:07,863 - root - INFO - test loss: 0.4651
2025-10-02 03:23:07,864 - root - INFO - test average_precision, 0.9383
2025-10-02 03:23:07,864 - root - INFO - best test average_precision: 0.9400
2025-10-02 03:23:07,864 - root - INFO - test roc_auc, 0.9248
2025-10-02 03:23:07,864 - root - INFO - new node test loss: 0.4689
2025-10-02 03:23:07,864 - root - INFO - new node test average_precision, 0.9121
2025-10-02 03:23:07,864 - root - INFO - new node test roc_auc, 0.8956
2025-10-02 03:23:07,864 - root - INFO - load model ./saved_models/TGAT/uci/TGAT_time2vec_seed4/TGAT_time2vec_seed4.pkl
2025-10-02 03:23:07,882 - root - INFO - get final performance on dataset uci...
2025-10-02 03:23:23,883 - root - INFO - validate loss: 0.4115
2025-10-02 03:23:23,883 - root - INFO - validate average_precision, 0.9205
2025-10-02 03:23:23,883 - root - INFO - validate roc_auc, 0.9134
2025-10-02 03:23:23,883 - root - INFO - new node validate loss: 0.4702
2025-10-02 03:23:23,883 - root - INFO - new node validate average_precision, 0.8831
2025-10-02 03:23:23,883 - root - INFO - new node validate roc_auc, 0.8610
2025-10-02 03:23:23,883 - root - INFO - test loss: 0.4769
2025-10-02 03:23:23,883 - root - INFO - test average_precision, 0.9400
2025-10-02 03:23:23,884 - root - INFO - test roc_auc, 0.9269
2025-10-02 03:23:23,884 - root - INFO - new node test loss: 0.4801
2025-10-02 03:23:23,884 - root - INFO - new node test average_precision, 0.9126
2025-10-02 03:23:23,884 - root - INFO - new node test roc_auc, 0.8972
2025-10-02 03:23:23,884 - root - INFO - Run 5 cost 2364.06 seconds.
2025-10-02 03:23:23,890 - root - INFO - metrics over 5 runs:
2025-10-02 03:23:23,890 - root - INFO - validate average_precision, [np.float64(0.8791314672091163), np.float64(0.9205391666046558), np.float64(0.9198821107562477), np.float64(0.926689007681708), np.float64(0.9205491969366373)]
2025-10-02 03:23:23,890 - root - INFO - average validate average_precision, 0.9134 ± 0.0193
2025-10-02 03:23:23,890 - root - INFO - validate roc_auc, [np.float64(0.871508922902494), np.float64(0.9116038095238096), np.float64(0.9127538265306124), np.float64(0.9190397675736962), np.float64(0.913433798185941)]
2025-10-02 03:23:23,890 - root - INFO - average validate roc_auc, 0.9057 ± 0.0193
2025-10-02 03:23:23,890 - root - INFO - new node validate average_precision, [np.float64(0.8256803931017289), np.float64(0.8842661843330689), np.float64(0.8820609280829304), np.float64(0.8895508643223905), np.float64(0.8830943613605361)]
2025-10-02 03:23:23,891 - root - INFO - average new node validate average_precision, 0.8729 ± 0.0266
2025-10-02 03:23:23,891 - root - INFO - new node validate roc_auc, [np.float64(0.8037346153846154), np.float64(0.8618980769230771), np.float64(0.8605908653846155), np.float64(0.8690129807692308), np.float64(0.8610100961538462)]
2025-10-02 03:23:23,891 - root - INFO - average new node validate roc_auc, 0.8512 ± 0.0268
2025-10-02 03:23:23,891 - root - INFO - test average_precision, [np.float64(0.9082931650075962), np.float64(0.9337524250959365), np.float64(0.9388543281048497), np.float64(0.94981038238938), np.float64(0.9399625733956332)]
2025-10-02 03:23:23,891 - root - INFO - average test average_precision, 0.9341 ± 0.0156
2025-10-02 03:23:23,891 - root - INFO - test roc_auc, [np.float64(0.8965889118457298), np.float64(0.9155467458677686), np.float64(0.9248799517906334), np.float64(0.9408955934343434), np.float64(0.9269045397153354)]
2025-10-02 03:23:23,891 - root - INFO - average test roc_auc, 0.9210 ± 0.0164
2025-10-02 03:23:23,891 - root - INFO - new node test average_precision, [np.float64(0.8571501237029676), np.float64(0.913859740819553), np.float64(0.9120042948055094), np.float64(0.9262129799509466), np.float64(0.9125551982152026)]
2025-10-02 03:23:23,891 - root - INFO - average new node test average_precision, 0.9044 ± 0.0270
2025-10-02 03:23:23,891 - root - INFO - new node test roc_auc, [np.float64(0.8432630371900826), np.float64(0.894507074533211), np.float64(0.8962156068258341), np.float64(0.9158918786348332), np.float64(0.8971692267370676)]
2025-10-02 03:23:23,891 - root - INFO - average new node test roc_auc, 0.8894 ± 0.0272
