2025-10-08 07:24:03,725 - root - INFO - ********** Run 2 starts. **********
2025-10-08 07:24:03,725 - root - INFO - configuration is Namespace(dataset_name='Flights', batch_size=200, model_name='TCL', gpu=0, num_neighbors=20, sample_neighbor_strategy='recent', time_scaling_factor=1e-06, num_walk_heads=8, num_heads=2, num_layers=2, walk_length=1, time_gap=2000, time_feat_dim=100, position_feat_dim=172, time_window_mode='fixed_proportion', time_encoder_type='mercer', expert_dim=128, num_mixtures=16, sort_neighbors_by_time=False, patch_size=1, channel_embedding_dim=50, max_input_sequence_length=32, learning_rate=0.0001, dropout=0.1, gamma=0.5, num_epochs=2, optimizer='Adam', weight_decay=0.0, patience=20, val_ratio=0.15, test_ratio=0.15, num_runs=2, test_interval_epochs=100, negative_sample_strategy='random', max_interaction_times=10, load_best_configs=True, data_ratio=0.05, seed=1, save_model_name_suffix='', ablation_dir='', mamba_d_state=256, mamba_d_conv=4, mamba_expand=2, mamba_headdim=64, resume_from_checkpoint=None, save_checkpoints=True, checkpoint_interval=20, start_from_seed=0, max_checkpoints_to_keep=3, checkpoint_strategy='minimal', validate_checkpoints=True, device='cuda:0', save_model_name='TCL_mercer_seed1')
2025-10-08 07:24:03,727 - root - INFO - Metrics will be saved to: ./saved_metrics/TCL/Flights/TCL_mercer_seed1
2025-10-08 07:24:03,727 - root - INFO - time encoder type: mercer
2025-10-08 07:24:03,728 - root - INFO - Time encoder will be injected into TCL model
2025-10-08 07:24:04,317 - root - INFO - model -> Sequential(
  (0): TCL(
    (time_encoder): TimeEncoderWrapper(
      (encoder): MercerTimeEncoder()
    )
    (depth_embedding): Embedding(21, 172)
    (projection_layer): ModuleDict(
      (node): Linear(in_features=172, out_features=172, bias=True)
      (edge): Linear(in_features=172, out_features=172, bias=True)
      (time): Linear(in_features=100, out_features=172, bias=True)
    )
    (transformers): ModuleList(
      (0-1): 2 x TransformerEncoder(
        (multi_head_attention): MultiheadAttention(
          (out_proj): NonDynamicallyQuantizableLinear(in_features=172, out_features=172, bias=True)
        )
        (dropout): Dropout(p=0.1, inplace=False)
        (linear_layers): ModuleList(
          (0): Linear(in_features=172, out_features=688, bias=True)
          (1): Linear(in_features=688, out_features=172, bias=True)
        )
        (norm_layers): ModuleList(
          (0-1): 2 x LayerNorm((172,), eps=1e-05, elementwise_affine=True)
        )
      )
    )
    (output_layer): Linear(in_features=172, out_features=172, bias=True)
  )
  (1): MergeLayer(
    (fc1): Linear(in_features=344, out_features=172, bias=True)
    (fc2): Linear(in_features=172, out_features=1, bias=True)
    (act): ReLU()
  )
)
2025-10-08 07:24:04,317 - root - INFO - model name: TCL, #parameters: 3544212 B, 3461.14453125 KB, 3.380023956298828 MB.
2025-10-08 07:24:18,769 - root - INFO - Epoch: 1, learning rate: 0.0001, train loss: 0.5536
2025-10-08 07:24:18,770 - root - INFO - train average_precision, 0.7172
2025-10-08 07:24:18,770 - root - INFO - train roc_auc, 0.7228
2025-10-08 07:24:18,770 - root - INFO - validate loss: 0.4703
2025-10-08 07:24:18,770 - root - INFO - validate average_precision, 0.8392
2025-10-08 07:24:18,770 - root - INFO - validate roc_auc, 0.8623
2025-10-08 07:24:18,770 - root - INFO - new node validate loss: 0.7438
2025-10-08 07:24:18,770 - root - INFO - new node validate average_precision, 0.6761
2025-10-08 07:24:18,770 - root - INFO - new node validate roc_auc, 0.7086
2025-10-08 07:24:18,779 - root - INFO - save model ./saved_models/TCL/Flights/TCL_mercer_seed1/TCL_mercer_seed1.pkl
2025-10-08 07:24:33,388 - root - INFO - Epoch: 2, learning rate: 0.0001, train loss: 0.5431
2025-10-08 07:24:33,388 - root - INFO - train average_precision, 0.7233
2025-10-08 07:24:33,388 - root - INFO - train roc_auc, 0.7298
2025-10-08 07:24:33,388 - root - INFO - validate loss: 0.4686
2025-10-08 07:24:33,389 - root - INFO - validate average_precision, 0.8339
2025-10-08 07:24:33,389 - root - INFO - validate roc_auc, 0.8599
2025-10-08 07:24:33,389 - root - INFO - new node validate loss: 0.7386
2025-10-08 07:24:33,389 - root - INFO - new node validate average_precision, 0.6718
2025-10-08 07:24:33,389 - root - INFO - new node validate roc_auc, 0.7057
2025-10-08 07:24:33,394 - root - INFO - load model ./saved_models/TCL/Flights/TCL_mercer_seed1/TCL_mercer_seed1.pkl
2025-10-08 07:24:33,403 - root - INFO - get final performance on dataset Flights...
2025-10-08 07:24:37,039 - root - INFO - validate loss: 0.4703
2025-10-08 07:24:37,040 - root - INFO - validate average_precision, 0.8392
2025-10-08 07:24:37,040 - root - INFO - validate roc_auc, 0.8623
2025-10-08 07:24:37,040 - root - INFO - new node validate loss: 0.7438
2025-10-08 07:24:37,040 - root - INFO - new node validate average_precision, 0.6761
2025-10-08 07:24:37,040 - root - INFO - new node validate roc_auc, 0.7086
2025-10-08 07:24:37,040 - root - INFO - test loss: 0.5389
2025-10-08 07:24:37,040 - root - INFO - test average_precision, 0.7955
2025-10-08 07:24:37,041 - root - INFO - test roc_auc, 0.8185
2025-10-08 07:24:37,041 - root - INFO - new node test loss: 0.8735
2025-10-08 07:24:37,041 - root - INFO - new node test average_precision, 0.5799
2025-10-08 07:24:37,041 - root - INFO - new node test roc_auc, 0.5983
2025-10-08 07:24:37,049 - root - INFO - ✅ Metrics saved to: ./saved_metrics/TCL/Flights/TCL_mercer_seed1
2025-10-08 07:24:37,049 - root - INFO - Run 2 cost 33.32 seconds.
2025-10-08 07:24:37,053 - root - INFO - metrics over 2 runs:
2025-10-08 07:24:37,053 - root - INFO - validate average_precision, [np.float64(0.8646186189118048), np.float64(0.8392271574418558)]
2025-10-08 07:24:37,053 - root - INFO - average validate average_precision, 0.8519 ± 0.0180
2025-10-08 07:24:37,053 - root - INFO - validate roc_auc, [np.float64(0.873989417163175), np.float64(0.8622935063179114)]
2025-10-08 07:24:37,053 - root - INFO - average validate roc_auc, 0.8681 ± 0.0083
2025-10-08 07:24:37,053 - root - INFO - new node validate average_precision, [np.float64(0.706229795647855), np.float64(0.676111573924982)]
2025-10-08 07:24:37,053 - root - INFO - average new node validate average_precision, 0.6912 ± 0.0213
2025-10-08 07:24:37,054 - root - INFO - new node validate roc_auc, [np.float64(0.7276925685425684), np.float64(0.7085851826083969)]
2025-10-08 07:24:37,054 - root - INFO - average new node validate roc_auc, 0.7181 ± 0.0135
2025-10-08 07:24:37,054 - root - INFO - test average_precision, [np.float64(0.8299616334593827), np.float64(0.7955042524967598)]
2025-10-08 07:24:37,054 - root - INFO - average test average_precision, 0.8127 ± 0.0244
2025-10-08 07:24:37,054 - root - INFO - test roc_auc, [np.float64(0.8313431250000001), np.float64(0.8185425000000001)]
2025-10-08 07:24:37,054 - root - INFO - average test roc_auc, 0.8249 ± 0.0091
2025-10-08 07:24:37,054 - root - INFO - new node test average_precision, [np.float64(0.5987877146588069), np.float64(0.5798647741685743)]
2025-10-08 07:24:37,054 - root - INFO - average new node test average_precision, 0.5893 ± 0.0134
2025-10-08 07:24:37,054 - root - INFO - new node test roc_auc, [np.float64(0.6065835728168819), np.float64(0.5982720107941135)]
2025-10-08 07:24:37,054 - root - INFO - average new node test roc_auc, 0.6024 ± 0.0059
