2025-10-02 04:34:56,021 - root - INFO - ********** Run 1 starts. **********
2025-10-02 04:34:56,021 - root - INFO - configuration is Namespace(dataset_name='lastfm', batch_size=200, model_name='DyRep', gpu=0, num_neighbors=10, sample_neighbor_strategy='recent', time_scaling_factor=1e-06, num_walk_heads=8, num_heads=2, num_layers=1, walk_length=1, time_gap=2000, time_feat_dim=128, position_feat_dim=172, time_window_mode='fixed_proportion', time_encoder_type='lete', expert_dim=64, num_mixtures=4, patch_size=1, channel_embedding_dim=50, max_input_sequence_length=32, learning_rate=0.0001, dropout=0.0, gamma=0.5, num_epochs=100, optimizer='Adam', weight_decay=0.0, patience=20, val_ratio=0.15, test_ratio=0.15, num_runs=5, test_interval_epochs=1, negative_sample_strategy='random', max_interaction_times=10, load_best_configs=True, device='cuda:0', seed=0, save_model_name='DyRep_lete_seed0')
2025-10-02 04:34:56,024 - root - INFO - time encoder type: lete
2025-10-02 04:34:57,335 - root - INFO - model -> Sequential(
  (0): MemoryModel(
    (time_encoder): TimeEncoder(
      (w): Linear(in_features=1, out_features=128, bias=True)
    )
    (message_aggregator): MessageAggregator()
    (memory_bank): MemoryBank(num_nodes=1981, memory_dim=172)
    (memory_updater): RNNMemoryUpdater(
      (memory_bank): MemoryBank(num_nodes=1981, memory_dim=172)
      (memory_updater): RNNCell(644, 172)
    )
    (embedding_module): GraphAttentionEmbedding(
      (time_encoder): TimeEncoder(
        (w): Linear(in_features=1, out_features=128, bias=True)
      )
      (temporal_conv_layers): ModuleList(
        (0): MultiHeadAttention(
          (query_projection): Linear(in_features=300, out_features=300, bias=False)
          (key_projection): Linear(in_features=472, out_features=300, bias=False)
          (value_projection): Linear(in_features=472, out_features=300, bias=False)
          (layer_norm): LayerNorm((300,), eps=1e-05, elementwise_affine=True)
          (residual_fc): Linear(in_features=300, out_features=300, bias=True)
          (dropout): Dropout(p=0.0, inplace=False)
        )
      )
      (merge_layers): ModuleList(
        (0): MergeLayer(
          (fc1): Linear(in_features=472, out_features=172, bias=True)
          (fc2): Linear(in_features=172, out_features=172, bias=True)
          (act): ReLU()
        )
      )
    )
  )
  (1): MergeLayer(
    (fc1): Linear(in_features=344, out_features=172, bias=True)
    (fc2): Linear(in_features=172, out_features=1, bias=True)
    (act): ReLU()
  )
)
2025-10-02 04:34:57,335 - root - INFO - model name: DyRep, #parameters: 3102708 B, 3029.98828125 KB, 2.958972930908203 MB.
2025-10-02 04:36:53,517 - root - INFO - Epoch: 1, learning rate: 0.0001, train loss: 0.6115
2025-10-02 04:36:53,518 - root - INFO - train average_precision, 0.6949
2025-10-02 04:36:53,519 - root - INFO - train roc_auc, 0.7029
2025-10-02 04:36:53,519 - root - INFO - validate loss: 0.6501
2025-10-02 04:36:53,519 - root - INFO - validate average_precision, 0.6736
2025-10-02 04:36:53,519 - root - INFO - validate roc_auc, 0.6663
2025-10-02 04:36:53,519 - root - INFO - new node validate loss: 0.6259
2025-10-02 04:36:53,519 - root - INFO - new node validate average_precision, 0.7510
2025-10-02 04:36:53,519 - root - INFO - new node validate roc_auc, 0.7582
2025-10-02 04:37:19,637 - root - INFO - test loss: 0.5772
2025-10-02 04:37:19,638 - root - INFO - test average_precision, 0.7367
2025-10-02 04:37:19,638 - root - INFO - best test average_precision: 0.7367
2025-10-02 04:37:19,638 - root - INFO - test roc_auc, 0.7283
2025-10-02 04:37:19,638 - root - INFO - new node test loss: 0.4771
2025-10-02 04:37:19,639 - root - INFO - new node test average_precision, 0.8368
2025-10-02 04:37:19,639 - root - INFO - new node test roc_auc, 0.8290
2025-10-02 04:37:19,639 - root - INFO - save model ./saved_models/DyRep/lastfm/DyRep_lete_seed0/DyRep_lete_seed0.pkl
2025-10-02 04:39:14,486 - root - INFO - Epoch: 2, learning rate: 0.0001, train loss: 0.5973
2025-10-02 04:39:14,487 - root - INFO - train average_precision, 0.7163
2025-10-02 04:39:14,488 - root - INFO - train roc_auc, 0.7199
2025-10-02 04:39:14,488 - root - INFO - validate loss: 1.5108
2025-10-02 04:39:14,488 - root - INFO - validate average_precision, 0.6426
2025-10-02 04:39:14,488 - root - INFO - validate roc_auc, 0.6412
2025-10-02 04:39:14,488 - root - INFO - new node validate loss: 0.5951
2025-10-02 04:39:14,488 - root - INFO - new node validate average_precision, 0.7839
2025-10-02 04:39:14,488 - root - INFO - new node validate roc_auc, 0.7782
2025-10-02 04:39:40,666 - root - INFO - test loss: 1.9889
2025-10-02 04:39:40,666 - root - INFO - test average_precision, 0.6454
2025-10-02 04:39:40,666 - root - INFO - best test average_precision: 0.7367
2025-10-02 04:39:40,667 - root - INFO - test roc_auc, 0.6553
2025-10-02 04:39:40,667 - root - INFO - new node test loss: 1.7357
2025-10-02 04:39:40,667 - root - INFO - new node test average_precision, 0.7712
2025-10-02 04:39:40,667 - root - INFO - new node test roc_auc, 0.7717
2025-10-02 04:41:35,477 - root - INFO - Epoch: 3, learning rate: 0.0001, train loss: 0.5851
2025-10-02 04:41:35,478 - root - INFO - train average_precision, 0.7356
2025-10-02 04:41:35,479 - root - INFO - train roc_auc, 0.7364
2025-10-02 04:41:35,479 - root - INFO - validate loss: 1.4241
2025-10-02 04:41:35,479 - root - INFO - validate average_precision, 0.6575
2025-10-02 04:41:35,479 - root - INFO - validate roc_auc, 0.6494
2025-10-02 04:41:35,479 - root - INFO - new node validate loss: 0.5517
2025-10-02 04:41:35,479 - root - INFO - new node validate average_precision, 0.8074
2025-10-02 04:41:35,479 - root - INFO - new node validate roc_auc, 0.8015
2025-10-02 04:42:01,810 - root - INFO - test loss: 1.6243
2025-10-02 04:42:01,810 - root - INFO - test average_precision, 0.6927
2025-10-02 04:42:01,810 - root - INFO - best test average_precision: 0.7367
2025-10-02 04:42:01,810 - root - INFO - test roc_auc, 0.6880
2025-10-02 04:42:01,810 - root - INFO - new node test loss: 1.2219
2025-10-02 04:42:01,810 - root - INFO - new node test average_precision, 0.8189
2025-10-02 04:42:01,811 - root - INFO - new node test roc_auc, 0.8092
2025-10-02 04:43:56,637 - root - INFO - Epoch: 4, learning rate: 0.0001, train loss: 0.5813
2025-10-02 04:43:56,638 - root - INFO - train average_precision, 0.7389
2025-10-02 04:43:56,638 - root - INFO - train roc_auc, 0.7393
2025-10-02 04:43:56,638 - root - INFO - validate loss: 1.1248
2025-10-02 04:43:56,639 - root - INFO - validate average_precision, 0.6707
2025-10-02 04:43:56,639 - root - INFO - validate roc_auc, 0.6600
2025-10-02 04:43:56,639 - root - INFO - new node validate loss: 0.5816
2025-10-02 04:43:56,639 - root - INFO - new node validate average_precision, 0.8018
2025-10-02 04:43:56,639 - root - INFO - new node validate roc_auc, 0.7882
2025-10-02 04:44:22,794 - root - INFO - test loss: 1.3887
2025-10-02 04:44:22,795 - root - INFO - test average_precision, 0.7048
2025-10-02 04:44:22,795 - root - INFO - best test average_precision: 0.7367
2025-10-02 04:44:22,795 - root - INFO - test roc_auc, 0.6972
2025-10-02 04:44:22,795 - root - INFO - new node test loss: 0.8693
2025-10-02 04:44:22,795 - root - INFO - new node test average_precision, 0.8287
2025-10-02 04:44:22,795 - root - INFO - new node test roc_auc, 0.8160
2025-10-02 04:46:17,517 - root - INFO - Epoch: 5, learning rate: 0.0001, train loss: 0.5701
2025-10-02 04:46:17,518 - root - INFO - train average_precision, 0.7540
2025-10-02 04:46:17,518 - root - INFO - train roc_auc, 0.7543
2025-10-02 04:46:17,519 - root - INFO - validate loss: 1.1841
2025-10-02 04:46:17,519 - root - INFO - validate average_precision, 0.6470
2025-10-02 04:46:17,519 - root - INFO - validate roc_auc, 0.6401
2025-10-02 04:46:17,519 - root - INFO - new node validate loss: 0.6492
2025-10-02 04:46:17,519 - root - INFO - new node validate average_precision, 0.7778
2025-10-02 04:46:17,519 - root - INFO - new node validate roc_auc, 0.7748
2025-10-02 04:46:43,741 - root - INFO - test loss: 1.3659
2025-10-02 04:46:43,741 - root - INFO - test average_precision, 0.6830
2025-10-02 04:46:43,742 - root - INFO - best test average_precision: 0.7367
2025-10-02 04:46:43,742 - root - INFO - test roc_auc, 0.6794
2025-10-02 04:46:43,742 - root - INFO - new node test loss: 1.2466
2025-10-02 04:46:43,742 - root - INFO - new node test average_precision, 0.7863
2025-10-02 04:46:43,742 - root - INFO - new node test roc_auc, 0.7817
2025-10-02 04:48:38,506 - root - INFO - Epoch: 6, learning rate: 0.0001, train loss: 0.5664
2025-10-02 04:48:38,507 - root - INFO - train average_precision, 0.7577
2025-10-02 04:48:38,507 - root - INFO - train roc_auc, 0.7580
2025-10-02 04:48:38,508 - root - INFO - validate loss: 1.5915
2025-10-02 04:48:38,508 - root - INFO - validate average_precision, 0.6465
2025-10-02 04:48:38,508 - root - INFO - validate roc_auc, 0.6383
2025-10-02 04:48:38,508 - root - INFO - new node validate loss: 1.0026
2025-10-02 04:48:38,508 - root - INFO - new node validate average_precision, 0.7827
2025-10-02 04:48:38,508 - root - INFO - new node validate roc_auc, 0.7655
2025-10-02 04:49:04,673 - root - INFO - test loss: 1.7601
2025-10-02 04:49:04,674 - root - INFO - test average_precision, 0.6850
2025-10-02 04:49:04,674 - root - INFO - best test average_precision: 0.7367
2025-10-02 04:49:04,674 - root - INFO - test roc_auc, 0.6789
2025-10-02 04:49:04,674 - root - INFO - new node test loss: 1.6187
2025-10-02 04:49:04,674 - root - INFO - new node test average_precision, 0.7910
2025-10-02 04:49:04,674 - root - INFO - new node test roc_auc, 0.7789
2025-10-02 04:50:59,467 - root - INFO - Epoch: 7, learning rate: 0.0001, train loss: 0.5676
2025-10-02 04:50:59,468 - root - INFO - train average_precision, 0.7561
2025-10-02 04:50:59,468 - root - INFO - train roc_auc, 0.7562
2025-10-02 04:50:59,468 - root - INFO - validate loss: 1.4834
2025-10-02 04:50:59,468 - root - INFO - validate average_precision, 0.6625
2025-10-02 04:50:59,469 - root - INFO - validate roc_auc, 0.6557
2025-10-02 04:50:59,469 - root - INFO - new node validate loss: 0.8955
2025-10-02 04:50:59,469 - root - INFO - new node validate average_precision, 0.7885
2025-10-02 04:50:59,469 - root - INFO - new node validate roc_auc, 0.7724
2025-10-02 04:51:25,699 - root - INFO - test loss: 1.6633
2025-10-02 04:51:25,699 - root - INFO - test average_precision, 0.7036
2025-10-02 04:51:25,700 - root - INFO - best test average_precision: 0.7367
2025-10-02 04:51:25,700 - root - INFO - test roc_auc, 0.7017
2025-10-02 04:51:25,700 - root - INFO - new node test loss: 1.4150
2025-10-02 04:51:25,700 - root - INFO - new node test average_precision, 0.8124
2025-10-02 04:51:25,700 - root - INFO - new node test roc_auc, 0.8040
2025-10-02 04:53:20,519 - root - INFO - Epoch: 8, learning rate: 0.0001, train loss: 0.5587
2025-10-02 04:53:20,520 - root - INFO - train average_precision, 0.7666
2025-10-02 04:53:20,520 - root - INFO - train roc_auc, 0.7667
2025-10-02 04:53:20,520 - root - INFO - validate loss: 1.6832
2025-10-02 04:53:20,521 - root - INFO - validate average_precision, 0.6259
2025-10-02 04:53:20,521 - root - INFO - validate roc_auc, 0.6282
2025-10-02 04:53:20,521 - root - INFO - new node validate loss: 0.9540
2025-10-02 04:53:20,521 - root - INFO - new node validate average_precision, 0.7823
2025-10-02 04:53:20,521 - root - INFO - new node validate roc_auc, 0.7683
2025-10-02 04:53:46,603 - root - INFO - test loss: 1.7994
2025-10-02 04:53:46,603 - root - INFO - test average_precision, 0.6789
2025-10-02 04:53:46,603 - root - INFO - best test average_precision: 0.7367
2025-10-02 04:53:46,603 - root - INFO - test roc_auc, 0.6843
2025-10-02 04:53:46,603 - root - INFO - new node test loss: 1.5784
2025-10-02 04:53:46,603 - root - INFO - new node test average_precision, 0.7906
2025-10-02 04:53:46,603 - root - INFO - new node test roc_auc, 0.7849
2025-10-02 04:55:41,397 - root - INFO - Epoch: 9, learning rate: 0.0001, train loss: 0.5534
2025-10-02 04:55:41,398 - root - INFO - train average_precision, 0.7723
2025-10-02 04:55:41,398 - root - INFO - train roc_auc, 0.7741
2025-10-02 04:55:41,398 - root - INFO - validate loss: 1.7686
2025-10-02 04:55:41,399 - root - INFO - validate average_precision, 0.6566
2025-10-02 04:55:41,399 - root - INFO - validate roc_auc, 0.6488
2025-10-02 04:55:41,399 - root - INFO - new node validate loss: 0.9052
2025-10-02 04:55:41,399 - root - INFO - new node validate average_precision, 0.7967
2025-10-02 04:55:41,399 - root - INFO - new node validate roc_auc, 0.7827
2025-10-02 04:56:07,752 - root - INFO - test loss: 1.9043
2025-10-02 04:56:07,753 - root - INFO - test average_precision, 0.7056
2025-10-02 04:56:07,753 - root - INFO - best test average_precision: 0.7367
2025-10-02 04:56:07,753 - root - INFO - test roc_auc, 0.6994
2025-10-02 04:56:07,753 - root - INFO - new node test loss: 1.6417
2025-10-02 04:56:07,753 - root - INFO - new node test average_precision, 0.8064
2025-10-02 04:56:07,753 - root - INFO - new node test roc_auc, 0.7956
2025-10-02 04:58:02,505 - root - INFO - Epoch: 10, learning rate: 0.0001, train loss: 0.5645
2025-10-02 04:58:02,506 - root - INFO - train average_precision, 0.7591
2025-10-02 04:58:02,506 - root - INFO - train roc_auc, 0.7600
2025-10-02 04:58:02,507 - root - INFO - validate loss: 0.8790
2025-10-02 04:58:02,507 - root - INFO - validate average_precision, 0.6473
2025-10-02 04:58:02,507 - root - INFO - validate roc_auc, 0.6443
2025-10-02 04:58:02,507 - root - INFO - new node validate loss: 0.7688
2025-10-02 04:58:02,507 - root - INFO - new node validate average_precision, 0.7802
2025-10-02 04:58:02,507 - root - INFO - new node validate roc_auc, 0.7660
2025-10-02 04:58:28,732 - root - INFO - test loss: 0.9498
2025-10-02 04:58:28,732 - root - INFO - test average_precision, 0.6770
2025-10-02 04:58:28,732 - root - INFO - best test average_precision: 0.7367
2025-10-02 04:58:28,732 - root - INFO - test roc_auc, 0.6762
2025-10-02 04:58:28,733 - root - INFO - new node test loss: 0.7047
2025-10-02 04:58:28,733 - root - INFO - new node test average_precision, 0.8006
2025-10-02 04:58:28,733 - root - INFO - new node test roc_auc, 0.7994
2025-10-02 05:00:23,550 - root - INFO - Epoch: 11, learning rate: 0.0001, train loss: 0.5598
2025-10-02 05:00:23,551 - root - INFO - train average_precision, 0.7652
2025-10-02 05:00:23,552 - root - INFO - train roc_auc, 0.7657
2025-10-02 05:00:23,552 - root - INFO - validate loss: 1.2656
2025-10-02 05:00:23,552 - root - INFO - validate average_precision, 0.6633
2025-10-02 05:00:23,552 - root - INFO - validate roc_auc, 0.6545
2025-10-02 05:00:23,552 - root - INFO - new node validate loss: 0.6189
2025-10-02 05:00:23,552 - root - INFO - new node validate average_precision, 0.7698
2025-10-02 05:00:23,552 - root - INFO - new node validate roc_auc, 0.7596
2025-10-02 05:00:49,821 - root - INFO - test loss: 1.6872
2025-10-02 05:00:49,821 - root - INFO - test average_precision, 0.6861
2025-10-02 05:00:49,822 - root - INFO - best test average_precision: 0.7367
2025-10-02 05:00:49,822 - root - INFO - test roc_auc, 0.6796
2025-10-02 05:00:49,822 - root - INFO - new node test loss: 1.2992
2025-10-02 05:00:49,822 - root - INFO - new node test average_precision, 0.8038
2025-10-02 05:00:49,822 - root - INFO - new node test roc_auc, 0.7920
2025-10-02 05:02:44,847 - root - INFO - Epoch: 12, learning rate: 0.0001, train loss: 0.5586
2025-10-02 05:02:44,848 - root - INFO - train average_precision, 0.7669
2025-10-02 05:02:44,849 - root - INFO - train roc_auc, 0.7667
2025-10-02 05:02:44,849 - root - INFO - validate loss: 1.6429
2025-10-02 05:02:44,849 - root - INFO - validate average_precision, 0.5833
2025-10-02 05:02:44,849 - root - INFO - validate roc_auc, 0.5956
2025-10-02 05:02:44,849 - root - INFO - new node validate loss: 0.6717
2025-10-02 05:02:44,849 - root - INFO - new node validate average_precision, 0.8041
2025-10-02 05:02:44,849 - root - INFO - new node validate roc_auc, 0.7908
2025-10-02 05:03:11,259 - root - INFO - test loss: 1.9295
2025-10-02 05:03:11,260 - root - INFO - test average_precision, 0.5700
2025-10-02 05:03:11,260 - root - INFO - best test average_precision: 0.7367
2025-10-02 05:03:11,260 - root - INFO - test roc_auc, 0.6020
2025-10-02 05:03:11,260 - root - INFO - new node test loss: 1.8051
2025-10-02 05:03:11,260 - root - INFO - new node test average_precision, 0.6687
2025-10-02 05:03:11,260 - root - INFO - new node test roc_auc, 0.7098
2025-10-02 05:05:05,903 - root - INFO - Epoch: 13, learning rate: 0.0001, train loss: 0.5506
2025-10-02 05:05:05,904 - root - INFO - train average_precision, 0.7765
2025-10-02 05:05:05,904 - root - INFO - train roc_auc, 0.7769
2025-10-02 05:05:05,904 - root - INFO - validate loss: 1.6896
2025-10-02 05:05:05,905 - root - INFO - validate average_precision, 0.5874
2025-10-02 05:05:05,905 - root - INFO - validate roc_auc, 0.6001
2025-10-02 05:05:05,905 - root - INFO - new node validate loss: 0.5841
2025-10-02 05:05:05,905 - root - INFO - new node validate average_precision, 0.8028
2025-10-02 05:05:05,905 - root - INFO - new node validate roc_auc, 0.7937
2025-10-02 05:05:32,058 - root - INFO - test loss: 1.9770
2025-10-02 05:05:32,059 - root - INFO - test average_precision, 0.5792
2025-10-02 05:05:32,059 - root - INFO - best test average_precision: 0.7367
2025-10-02 05:05:32,059 - root - INFO - test roc_auc, 0.6076
2025-10-02 05:05:32,059 - root - INFO - new node test loss: 1.8291
2025-10-02 05:05:32,059 - root - INFO - new node test average_precision, 0.6804
2025-10-02 05:05:32,059 - root - INFO - new node test roc_auc, 0.7105
2025-10-02 05:07:26,787 - root - INFO - Epoch: 14, learning rate: 0.0001, train loss: 0.5607
2025-10-02 05:07:26,788 - root - INFO - train average_precision, 0.7643
2025-10-02 05:07:26,788 - root - INFO - train roc_auc, 0.7646
2025-10-02 05:07:26,789 - root - INFO - validate loss: 1.4434
2025-10-02 05:07:26,789 - root - INFO - validate average_precision, 0.6555
2025-10-02 05:07:26,789 - root - INFO - validate roc_auc, 0.6540
2025-10-02 05:07:26,789 - root - INFO - new node validate loss: 0.8012
2025-10-02 05:07:26,789 - root - INFO - new node validate average_precision, 0.7906
2025-10-02 05:07:26,789 - root - INFO - new node validate roc_auc, 0.7780
2025-10-02 05:07:52,968 - root - INFO - test loss: 1.9467
2025-10-02 05:07:52,969 - root - INFO - test average_precision, 0.6483
2025-10-02 05:07:52,969 - root - INFO - best test average_precision: 0.7367
2025-10-02 05:07:52,969 - root - INFO - test roc_auc, 0.6620
2025-10-02 05:07:52,969 - root - INFO - new node test loss: 1.5882
2025-10-02 05:07:52,969 - root - INFO - new node test average_precision, 0.7867
2025-10-02 05:07:52,969 - root - INFO - new node test roc_auc, 0.7825
2025-10-02 05:09:47,794 - root - INFO - Epoch: 15, learning rate: 0.0001, train loss: 0.5444
2025-10-02 05:09:47,795 - root - INFO - train average_precision, 0.7826
2025-10-02 05:09:47,796 - root - INFO - train roc_auc, 0.7831
2025-10-02 05:09:47,796 - root - INFO - validate loss: 1.6973
2025-10-02 05:09:47,796 - root - INFO - validate average_precision, 0.5943
2025-10-02 05:09:47,796 - root - INFO - validate roc_auc, 0.6093
2025-10-02 05:09:47,796 - root - INFO - new node validate loss: 0.6225
2025-10-02 05:09:47,796 - root - INFO - new node validate average_precision, 0.7966
2025-10-02 05:09:47,796 - root - INFO - new node validate roc_auc, 0.7970
2025-10-02 05:10:14,066 - root - INFO - test loss: 2.0708
2025-10-02 05:10:14,067 - root - INFO - test average_precision, 0.5644
2025-10-02 05:10:14,067 - root - INFO - best test average_precision: 0.7367
2025-10-02 05:10:14,067 - root - INFO - test roc_auc, 0.5982
2025-10-02 05:10:14,067 - root - INFO - new node test loss: 1.9563
2025-10-02 05:10:14,067 - root - INFO - new node test average_precision, 0.6439
2025-10-02 05:10:14,067 - root - INFO - new node test roc_auc, 0.6944
2025-10-02 05:12:08,983 - root - INFO - Epoch: 16, learning rate: 0.0001, train loss: 0.5526
2025-10-02 05:12:08,984 - root - INFO - train average_precision, 0.7739
2025-10-02 05:12:08,985 - root - INFO - train roc_auc, 0.7734
2025-10-02 05:12:08,985 - root - INFO - validate loss: 1.1236
2025-10-02 05:12:08,985 - root - INFO - validate average_precision, 0.6422
2025-10-02 05:12:08,985 - root - INFO - validate roc_auc, 0.6417
2025-10-02 05:12:08,985 - root - INFO - new node validate loss: 0.6167
2025-10-02 05:12:08,985 - root - INFO - new node validate average_precision, 0.8060
2025-10-02 05:12:08,986 - root - INFO - new node validate roc_auc, 0.7914
2025-10-02 05:12:35,194 - root - INFO - test loss: 1.2136
2025-10-02 05:12:35,195 - root - INFO - test average_precision, 0.6594
2025-10-02 05:12:35,195 - root - INFO - best test average_precision: 0.7367
2025-10-02 05:12:35,195 - root - INFO - test roc_auc, 0.6698
2025-10-02 05:12:35,195 - root - INFO - new node test loss: 1.0139
2025-10-02 05:12:35,195 - root - INFO - new node test average_precision, 0.7569
2025-10-02 05:12:35,195 - root - INFO - new node test roc_auc, 0.7595
2025-10-02 05:14:29,780 - root - INFO - Epoch: 17, learning rate: 0.0001, train loss: 0.5479
2025-10-02 05:14:29,781 - root - INFO - train average_precision, 0.7794
2025-10-02 05:14:29,782 - root - INFO - train roc_auc, 0.7787
2025-10-02 05:14:29,782 - root - INFO - validate loss: 1.2413
2025-10-02 05:14:29,782 - root - INFO - validate average_precision, 0.6652
2025-10-02 05:14:29,782 - root - INFO - validate roc_auc, 0.6573
2025-10-02 05:14:29,782 - root - INFO - new node validate loss: 0.8558
2025-10-02 05:14:29,782 - root - INFO - new node validate average_precision, 0.7949
2025-10-02 05:14:29,782 - root - INFO - new node validate roc_auc, 0.7819
2025-10-02 05:14:55,926 - root - INFO - test loss: 1.2831
2025-10-02 05:14:55,927 - root - INFO - test average_precision, 0.7140
2025-10-02 05:14:55,927 - root - INFO - best test average_precision: 0.7367
2025-10-02 05:14:55,927 - root - INFO - test roc_auc, 0.7084
2025-10-02 05:14:55,927 - root - INFO - new node test loss: 0.9178
2025-10-02 05:14:55,927 - root - INFO - new node test average_precision, 0.8226
2025-10-02 05:14:55,927 - root - INFO - new node test roc_auc, 0.8118
2025-10-02 05:16:50,456 - root - INFO - Epoch: 18, learning rate: 0.0001, train loss: 0.5498
2025-10-02 05:16:50,457 - root - INFO - train average_precision, 0.7770
2025-10-02 05:16:50,457 - root - INFO - train roc_auc, 0.7761
2025-10-02 05:16:50,457 - root - INFO - validate loss: 0.9712
2025-10-02 05:16:50,458 - root - INFO - validate average_precision, 0.6670
2025-10-02 05:16:50,458 - root - INFO - validate roc_auc, 0.6617
2025-10-02 05:16:50,458 - root - INFO - new node validate loss: 0.5882
2025-10-02 05:16:50,458 - root - INFO - new node validate average_precision, 0.8052
2025-10-02 05:16:50,458 - root - INFO - new node validate roc_auc, 0.7871
2025-10-02 05:17:16,578 - root - INFO - test loss: 1.3996
2025-10-02 05:17:16,579 - root - INFO - test average_precision, 0.6727
2025-10-02 05:17:16,579 - root - INFO - best test average_precision: 0.7367
2025-10-02 05:17:16,579 - root - INFO - test roc_auc, 0.6843
2025-10-02 05:17:16,579 - root - INFO - new node test loss: 1.2023
2025-10-02 05:17:16,579 - root - INFO - new node test average_precision, 0.7875
2025-10-02 05:17:16,579 - root - INFO - new node test roc_auc, 0.7797
2025-10-02 05:19:11,216 - root - INFO - Epoch: 19, learning rate: 0.0001, train loss: 0.5507
2025-10-02 05:19:11,217 - root - INFO - train average_precision, 0.7776
2025-10-02 05:19:11,218 - root - INFO - train roc_auc, 0.7762
2025-10-02 05:19:11,218 - root - INFO - validate loss: 1.5940
2025-10-02 05:19:11,218 - root - INFO - validate average_precision, 0.6321
2025-10-02 05:19:11,218 - root - INFO - validate roc_auc, 0.6304
2025-10-02 05:19:11,218 - root - INFO - new node validate loss: 0.7196
2025-10-02 05:19:11,218 - root - INFO - new node validate average_precision, 0.8070
2025-10-02 05:19:11,218 - root - INFO - new node validate roc_auc, 0.7973
2025-10-02 05:19:37,407 - root - INFO - test loss: 2.1190
2025-10-02 05:19:37,407 - root - INFO - test average_precision, 0.6399
2025-10-02 05:19:37,407 - root - INFO - best test average_precision: 0.7367
2025-10-02 05:19:37,408 - root - INFO - test roc_auc, 0.6502
2025-10-02 05:19:37,408 - root - INFO - new node test loss: 1.9730
2025-10-02 05:19:37,408 - root - INFO - new node test average_precision, 0.7405
2025-10-02 05:19:37,408 - root - INFO - new node test roc_auc, 0.7443
2025-10-02 05:21:32,201 - root - INFO - Epoch: 20, learning rate: 0.0001, train loss: 0.5522
2025-10-02 05:21:32,202 - root - INFO - train average_precision, 0.7748
2025-10-02 05:21:32,203 - root - INFO - train roc_auc, 0.7739
2025-10-02 05:21:32,203 - root - INFO - validate loss: 1.0742
2025-10-02 05:21:32,203 - root - INFO - validate average_precision, 0.6660
2025-10-02 05:21:32,203 - root - INFO - validate roc_auc, 0.6561
2025-10-02 05:21:32,203 - root - INFO - new node validate loss: 0.5995
2025-10-02 05:21:32,203 - root - INFO - new node validate average_precision, 0.8214
2025-10-02 05:21:32,203 - root - INFO - new node validate roc_auc, 0.8083
2025-10-02 05:21:58,330 - root - INFO - test loss: 1.3854
2025-10-02 05:21:58,330 - root - INFO - test average_precision, 0.6820
2025-10-02 05:21:58,330 - root - INFO - best test average_precision: 0.7367
2025-10-02 05:21:58,331 - root - INFO - test roc_auc, 0.6755
2025-10-02 05:21:58,331 - root - INFO - new node test loss: 0.9876
2025-10-02 05:21:58,331 - root - INFO - new node test average_precision, 0.8185
2025-10-02 05:21:58,331 - root - INFO - new node test roc_auc, 0.8074
2025-10-02 05:23:52,787 - root - INFO - Epoch: 21, learning rate: 0.0001, train loss: 0.5423
2025-10-02 05:23:52,788 - root - INFO - train average_precision, 0.7853
2025-10-02 05:23:52,789 - root - INFO - train roc_auc, 0.7844
2025-10-02 05:23:52,789 - root - INFO - validate loss: 1.1051
2025-10-02 05:23:52,789 - root - INFO - validate average_precision, 0.6765
2025-10-02 05:23:52,789 - root - INFO - validate roc_auc, 0.6677
2025-10-02 05:23:52,789 - root - INFO - new node validate loss: 0.6806
2025-10-02 05:23:52,789 - root - INFO - new node validate average_precision, 0.8117
2025-10-02 05:23:52,789 - root - INFO - new node validate roc_auc, 0.8002
2025-10-02 05:24:18,900 - root - INFO - test loss: 1.1384
2025-10-02 05:24:18,900 - root - INFO - test average_precision, 0.7212
2025-10-02 05:24:18,900 - root - INFO - best test average_precision: 0.7367
2025-10-02 05:24:18,901 - root - INFO - test roc_auc, 0.7149
2025-10-02 05:24:18,901 - root - INFO - new node test loss: 0.7158
2025-10-02 05:24:18,901 - root - INFO - new node test average_precision, 0.8387
2025-10-02 05:24:18,901 - root - INFO - new node test roc_auc, 0.8283
2025-10-02 05:24:18,901 - root - INFO - save model ./saved_models/DyRep/lastfm/DyRep_lete_seed0/DyRep_lete_seed0.pkl
2025-10-02 05:26:14,339 - root - INFO - Epoch: 22, learning rate: 0.0001, train loss: 0.5537
2025-10-02 05:26:14,341 - root - INFO - train average_precision, 0.7733
2025-10-02 05:26:14,341 - root - INFO - train roc_auc, 0.7710
2025-10-02 05:26:14,341 - root - INFO - validate loss: 1.6076
2025-10-02 05:26:14,341 - root - INFO - validate average_precision, 0.6387
2025-10-02 05:26:14,342 - root - INFO - validate roc_auc, 0.6405
2025-10-02 05:26:14,342 - root - INFO - new node validate loss: 0.6803
2025-10-02 05:26:14,342 - root - INFO - new node validate average_precision, 0.8207
2025-10-02 05:26:14,342 - root - INFO - new node validate roc_auc, 0.8132
2025-10-02 05:26:40,632 - root - INFO - test loss: 1.8902
2025-10-02 05:26:40,632 - root - INFO - test average_precision, 0.6448
2025-10-02 05:26:40,632 - root - INFO - best test average_precision: 0.7367
2025-10-02 05:26:40,632 - root - INFO - test roc_auc, 0.6606
2025-10-02 05:26:40,632 - root - INFO - new node test loss: 1.6221
2025-10-02 05:26:40,632 - root - INFO - new node test average_precision, 0.7886
2025-10-02 05:26:40,633 - root - INFO - new node test roc_auc, 0.7915
2025-10-02 05:28:35,362 - root - INFO - Epoch: 23, learning rate: 0.0001, train loss: 0.5456
2025-10-02 05:28:35,363 - root - INFO - train average_precision, 0.7824
2025-10-02 05:28:35,364 - root - INFO - train roc_auc, 0.7819
2025-10-02 05:28:35,364 - root - INFO - validate loss: 1.4271
2025-10-02 05:28:35,364 - root - INFO - validate average_precision, 0.6333
2025-10-02 05:28:35,364 - root - INFO - validate roc_auc, 0.6322
2025-10-02 05:28:35,364 - root - INFO - new node validate loss: 0.7487
2025-10-02 05:28:35,364 - root - INFO - new node validate average_precision, 0.8208
2025-10-02 05:28:35,365 - root - INFO - new node validate roc_auc, 0.8155
2025-10-02 05:29:01,546 - root - INFO - test loss: 1.6142
2025-10-02 05:29:01,546 - root - INFO - test average_precision, 0.6485
2025-10-02 05:29:01,546 - root - INFO - best test average_precision: 0.7367
2025-10-02 05:29:01,546 - root - INFO - test roc_auc, 0.6525
2025-10-02 05:29:01,547 - root - INFO - new node test loss: 1.5052
2025-10-02 05:29:01,547 - root - INFO - new node test average_precision, 0.7711
2025-10-02 05:29:01,547 - root - INFO - new node test roc_auc, 0.7788
2025-10-02 05:30:56,140 - root - INFO - Epoch: 24, learning rate: 0.0001, train loss: 0.5489
2025-10-02 05:30:56,141 - root - INFO - train average_precision, 0.7787
2025-10-02 05:30:56,142 - root - INFO - train roc_auc, 0.7773
2025-10-02 05:30:56,142 - root - INFO - validate loss: 0.7533
2025-10-02 05:30:56,142 - root - INFO - validate average_precision, 0.6851
2025-10-02 05:30:56,142 - root - INFO - validate roc_auc, 0.6756
2025-10-02 05:30:56,142 - root - INFO - new node validate loss: 0.5943
2025-10-02 05:30:56,142 - root - INFO - new node validate average_precision, 0.8304
2025-10-02 05:30:56,142 - root - INFO - new node validate roc_auc, 0.8240
2025-10-02 05:31:22,396 - root - INFO - test loss: 0.7682
2025-10-02 05:31:22,396 - root - INFO - test average_precision, 0.7196
2025-10-02 05:31:22,396 - root - INFO - best test average_precision: 0.7367
2025-10-02 05:31:22,396 - root - INFO - test roc_auc, 0.7102
2025-10-02 05:31:22,396 - root - INFO - new node test loss: 0.5614
2025-10-02 05:31:22,396 - root - INFO - new node test average_precision, 0.8506
2025-10-02 05:31:22,396 - root - INFO - new node test roc_auc, 0.8467
2025-10-02 05:31:22,397 - root - INFO - save model ./saved_models/DyRep/lastfm/DyRep_lete_seed0/DyRep_lete_seed0.pkl
2025-10-02 05:33:17,453 - root - INFO - Epoch: 25, learning rate: 0.0001, train loss: 0.5527
2025-10-02 05:33:17,454 - root - INFO - train average_precision, 0.7745
2025-10-02 05:33:17,455 - root - INFO - train roc_auc, 0.7731
2025-10-02 05:33:17,455 - root - INFO - validate loss: 1.0607
2025-10-02 05:33:17,455 - root - INFO - validate average_precision, 0.6651
2025-10-02 05:33:17,455 - root - INFO - validate roc_auc, 0.6562
2025-10-02 05:33:17,455 - root - INFO - new node validate loss: 0.6997
2025-10-02 05:33:17,455 - root - INFO - new node validate average_precision, 0.8128
2025-10-02 05:33:17,455 - root - INFO - new node validate roc_auc, 0.8025
2025-10-02 05:33:43,587 - root - INFO - test loss: 1.0384
2025-10-02 05:33:43,587 - root - INFO - test average_precision, 0.7222
2025-10-02 05:33:43,587 - root - INFO - best test average_precision: 0.7367
2025-10-02 05:33:43,588 - root - INFO - test roc_auc, 0.7105
2025-10-02 05:33:43,588 - root - INFO - new node test loss: 0.9075
2025-10-02 05:33:43,588 - root - INFO - new node test average_precision, 0.8190
2025-10-02 05:33:43,588 - root - INFO - new node test roc_auc, 0.8103
2025-10-02 05:35:38,311 - root - INFO - Epoch: 26, learning rate: 0.0001, train loss: 0.5429
2025-10-02 05:35:38,312 - root - INFO - train average_precision, 0.7852
2025-10-02 05:35:38,312 - root - INFO - train roc_auc, 0.7842
2025-10-02 05:35:38,312 - root - INFO - validate loss: 1.3703
2025-10-02 05:35:38,312 - root - INFO - validate average_precision, 0.6361
2025-10-02 05:35:38,313 - root - INFO - validate roc_auc, 0.6342
2025-10-02 05:35:38,313 - root - INFO - new node validate loss: 0.9798
2025-10-02 05:35:38,313 - root - INFO - new node validate average_precision, 0.7792
2025-10-02 05:35:38,313 - root - INFO - new node validate roc_auc, 0.7753
2025-10-02 05:36:04,478 - root - INFO - test loss: 1.3569
2025-10-02 05:36:04,479 - root - INFO - test average_precision, 0.6618
2025-10-02 05:36:04,479 - root - INFO - best test average_precision: 0.7367
2025-10-02 05:36:04,479 - root - INFO - test roc_auc, 0.6724
2025-10-02 05:36:04,479 - root - INFO - new node test loss: 0.9761
2025-10-02 05:36:04,479 - root - INFO - new node test average_precision, 0.7782
2025-10-02 05:36:04,479 - root - INFO - new node test roc_auc, 0.7868
2025-10-02 05:37:59,349 - root - INFO - Epoch: 27, learning rate: 0.0001, train loss: 0.5426
2025-10-02 05:37:59,350 - root - INFO - train average_precision, 0.7856
2025-10-02 05:37:59,350 - root - INFO - train roc_auc, 0.7848
2025-10-02 05:37:59,350 - root - INFO - validate loss: 1.7789
2025-10-02 05:37:59,350 - root - INFO - validate average_precision, 0.6217
2025-10-02 05:37:59,351 - root - INFO - validate roc_auc, 0.6361
2025-10-02 05:37:59,351 - root - INFO - new node validate loss: 0.8401
2025-10-02 05:37:59,351 - root - INFO - new node validate average_precision, 0.8130
2025-10-02 05:37:59,351 - root - INFO - new node validate roc_auc, 0.7998
2025-10-02 05:38:25,685 - root - INFO - test loss: 2.1866
2025-10-02 05:38:25,685 - root - INFO - test average_precision, 0.5980
2025-10-02 05:38:25,685 - root - INFO - best test average_precision: 0.7367
2025-10-02 05:38:25,685 - root - INFO - test roc_auc, 0.6297
2025-10-02 05:38:25,685 - root - INFO - new node test loss: 2.0148
2025-10-02 05:38:25,686 - root - INFO - new node test average_precision, 0.7048
2025-10-02 05:38:25,686 - root - INFO - new node test roc_auc, 0.7353
2025-10-02 05:40:20,362 - root - INFO - Epoch: 28, learning rate: 0.0001, train loss: 0.5477
2025-10-02 05:40:20,363 - root - INFO - train average_precision, 0.7794
2025-10-02 05:40:20,363 - root - INFO - train roc_auc, 0.7783
2025-10-02 05:40:20,363 - root - INFO - validate loss: 1.7318
2025-10-02 05:40:20,364 - root - INFO - validate average_precision, 0.5780
2025-10-02 05:40:20,364 - root - INFO - validate roc_auc, 0.5875
2025-10-02 05:40:20,364 - root - INFO - new node validate loss: 1.0242
2025-10-02 05:40:20,364 - root - INFO - new node validate average_precision, 0.7740
2025-10-02 05:40:20,364 - root - INFO - new node validate roc_auc, 0.7804
2025-10-02 05:40:46,458 - root - INFO - test loss: 1.4850
2025-10-02 05:40:46,458 - root - INFO - test average_precision, 0.6640
2025-10-02 05:40:46,458 - root - INFO - best test average_precision: 0.7367
2025-10-02 05:40:46,458 - root - INFO - test roc_auc, 0.6703
2025-10-02 05:40:46,458 - root - INFO - new node test loss: 1.2418
2025-10-02 05:40:46,458 - root - INFO - new node test average_precision, 0.7013
2025-10-02 05:40:46,458 - root - INFO - new node test roc_auc, 0.7259
2025-10-02 05:42:40,936 - root - INFO - Epoch: 29, learning rate: 0.0001, train loss: 0.5422
2025-10-02 05:42:40,937 - root - INFO - train average_precision, 0.7857
2025-10-02 05:42:40,938 - root - INFO - train roc_auc, 0.7850
2025-10-02 05:42:40,938 - root - INFO - validate loss: 1.3801
2025-10-02 05:42:40,938 - root - INFO - validate average_precision, 0.6594
2025-10-02 05:42:40,938 - root - INFO - validate roc_auc, 0.6545
2025-10-02 05:42:40,938 - root - INFO - new node validate loss: 0.7299
2025-10-02 05:42:40,938 - root - INFO - new node validate average_precision, 0.7997
2025-10-02 05:42:40,938 - root - INFO - new node validate roc_auc, 0.7950
2025-10-02 05:43:07,103 - root - INFO - test loss: 1.6232
2025-10-02 05:43:07,103 - root - INFO - test average_precision, 0.6775
2025-10-02 05:43:07,104 - root - INFO - best test average_precision: 0.7367
2025-10-02 05:43:07,104 - root - INFO - test roc_auc, 0.6819
2025-10-02 05:43:07,104 - root - INFO - new node test loss: 1.2681
2025-10-02 05:43:07,104 - root - INFO - new node test average_precision, 0.8138
2025-10-02 05:43:07,104 - root - INFO - new node test roc_auc, 0.8104
2025-10-02 05:45:01,931 - root - INFO - Epoch: 30, learning rate: 0.0001, train loss: 0.5417
2025-10-02 05:45:01,932 - root - INFO - train average_precision, 0.7868
2025-10-02 05:45:01,932 - root - INFO - train roc_auc, 0.7862
2025-10-02 05:45:01,933 - root - INFO - validate loss: 1.6466
2025-10-02 05:45:01,933 - root - INFO - validate average_precision, 0.6454
2025-10-02 05:45:01,933 - root - INFO - validate roc_auc, 0.6467
2025-10-02 05:45:01,933 - root - INFO - new node validate loss: 0.9818
2025-10-02 05:45:01,933 - root - INFO - new node validate average_precision, 0.7840
2025-10-02 05:45:01,933 - root - INFO - new node validate roc_auc, 0.7876
2025-10-02 05:45:28,163 - root - INFO - test loss: 2.3960
2025-10-02 05:45:28,163 - root - INFO - test average_precision, 0.6127
2025-10-02 05:45:28,163 - root - INFO - best test average_precision: 0.7367
2025-10-02 05:45:28,164 - root - INFO - test roc_auc, 0.6239
2025-10-02 05:45:28,164 - root - INFO - new node test loss: 2.2835
2025-10-02 05:45:28,164 - root - INFO - new node test average_precision, 0.6948
2025-10-02 05:45:28,164 - root - INFO - new node test roc_auc, 0.7151
2025-10-02 05:47:22,964 - root - INFO - Epoch: 31, learning rate: 0.0001, train loss: 0.5453
2025-10-02 05:47:22,965 - root - INFO - train average_precision, 0.7821
2025-10-02 05:47:22,966 - root - INFO - train roc_auc, 0.7819
2025-10-02 05:47:22,966 - root - INFO - validate loss: 1.2576
2025-10-02 05:47:22,966 - root - INFO - validate average_precision, 0.6390
2025-10-02 05:47:22,966 - root - INFO - validate roc_auc, 0.6357
2025-10-02 05:47:22,966 - root - INFO - new node validate loss: 0.6699
2025-10-02 05:47:22,966 - root - INFO - new node validate average_precision, 0.8070
2025-10-02 05:47:22,966 - root - INFO - new node validate roc_auc, 0.7877
2025-10-02 05:47:49,273 - root - INFO - test loss: 1.3824
2025-10-02 05:47:49,274 - root - INFO - test average_precision, 0.6594
2025-10-02 05:47:49,274 - root - INFO - best test average_precision: 0.7367
2025-10-02 05:47:49,274 - root - INFO - test roc_auc, 0.6625
2025-10-02 05:47:49,274 - root - INFO - new node test loss: 1.1623
2025-10-02 05:47:49,274 - root - INFO - new node test average_precision, 0.7680
2025-10-02 05:47:49,274 - root - INFO - new node test roc_auc, 0.7717
2025-10-02 05:49:44,113 - root - INFO - Epoch: 32, learning rate: 0.0001, train loss: 0.5477
2025-10-02 05:49:44,114 - root - INFO - train average_precision, 0.7787
2025-10-02 05:49:44,114 - root - INFO - train roc_auc, 0.7790
2025-10-02 05:49:44,114 - root - INFO - validate loss: 0.9514
2025-10-02 05:49:44,115 - root - INFO - validate average_precision, 0.6667
2025-10-02 05:49:44,115 - root - INFO - validate roc_auc, 0.6573
2025-10-02 05:49:44,115 - root - INFO - new node validate loss: 0.7247
2025-10-02 05:49:44,115 - root - INFO - new node validate average_precision, 0.7940
2025-10-02 05:49:44,115 - root - INFO - new node validate roc_auc, 0.7877
2025-10-02 05:50:10,491 - root - INFO - test loss: 1.0465
2025-10-02 05:50:10,491 - root - INFO - test average_precision, 0.7042
2025-10-02 05:50:10,492 - root - INFO - best test average_precision: 0.7367
2025-10-02 05:50:10,492 - root - INFO - test roc_auc, 0.6961
2025-10-02 05:50:10,492 - root - INFO - new node test loss: 0.7924
2025-10-02 05:50:10,492 - root - INFO - new node test average_precision, 0.8196
2025-10-02 05:50:10,492 - root - INFO - new node test roc_auc, 0.8162
2025-10-02 05:52:05,292 - root - INFO - Epoch: 33, learning rate: 0.0001, train loss: 0.5391
2025-10-02 05:52:05,293 - root - INFO - train average_precision, 0.7882
2025-10-02 05:52:05,294 - root - INFO - train roc_auc, 0.7880
2025-10-02 05:52:05,294 - root - INFO - validate loss: 1.4946
2025-10-02 05:52:05,294 - root - INFO - validate average_precision, 0.6574
2025-10-02 05:52:05,294 - root - INFO - validate roc_auc, 0.6546
2025-10-02 05:52:05,294 - root - INFO - new node validate loss: 0.5368
2025-10-02 05:52:05,294 - root - INFO - new node validate average_precision, 0.8367
2025-10-02 05:52:05,294 - root - INFO - new node validate roc_auc, 0.8303
2025-10-02 05:52:31,639 - root - INFO - test loss: 2.3944
2025-10-02 05:52:31,639 - root - INFO - test average_precision, 0.6383
2025-10-02 05:52:31,639 - root - INFO - best test average_precision: 0.7367
2025-10-02 05:52:31,640 - root - INFO - test roc_auc, 0.6574
2025-10-02 05:52:31,640 - root - INFO - new node test loss: 2.0320
2025-10-02 05:52:31,640 - root - INFO - new node test average_precision, 0.7622
2025-10-02 05:52:31,640 - root - INFO - new node test roc_auc, 0.7636
2025-10-02 05:54:26,391 - root - INFO - Epoch: 34, learning rate: 0.0001, train loss: 0.5452
2025-10-02 05:54:26,392 - root - INFO - train average_precision, 0.7821
2025-10-02 05:54:26,392 - root - INFO - train roc_auc, 0.7813
2025-10-02 05:54:26,393 - root - INFO - validate loss: 1.8879
2025-10-02 05:54:26,393 - root - INFO - validate average_precision, 0.5882
2025-10-02 05:54:26,393 - root - INFO - validate roc_auc, 0.5947
2025-10-02 05:54:26,393 - root - INFO - new node validate loss: 0.7788
2025-10-02 05:54:26,393 - root - INFO - new node validate average_precision, 0.7879
2025-10-02 05:54:26,393 - root - INFO - new node validate roc_auc, 0.7737
2025-10-02 05:54:52,499 - root - INFO - test loss: 2.2340
2025-10-02 05:54:52,499 - root - INFO - test average_precision, 0.5811
2025-10-02 05:54:52,499 - root - INFO - best test average_precision: 0.7367
2025-10-02 05:54:52,499 - root - INFO - test roc_auc, 0.6079
2025-10-02 05:54:52,499 - root - INFO - new node test loss: 2.0438
2025-10-02 05:54:52,499 - root - INFO - new node test average_precision, 0.6181
2025-10-02 05:54:52,499 - root - INFO - new node test roc_auc, 0.6446
2025-10-02 05:56:47,067 - root - INFO - Epoch: 35, learning rate: 0.0001, train loss: 0.5400
2025-10-02 05:56:47,068 - root - INFO - train average_precision, 0.7886
2025-10-02 05:56:47,068 - root - INFO - train roc_auc, 0.7870
2025-10-02 05:56:47,069 - root - INFO - validate loss: 1.2685
2025-10-02 05:56:47,069 - root - INFO - validate average_precision, 0.6559
2025-10-02 05:56:47,069 - root - INFO - validate roc_auc, 0.6495
2025-10-02 05:56:47,069 - root - INFO - new node validate loss: 0.6994
2025-10-02 05:56:47,069 - root - INFO - new node validate average_precision, 0.7988
2025-10-02 05:56:47,069 - root - INFO - new node validate roc_auc, 0.7998
2025-10-02 05:57:13,166 - root - INFO - test loss: 1.5029
2025-10-02 05:57:13,166 - root - INFO - test average_precision, 0.6828
2025-10-02 05:57:13,167 - root - INFO - best test average_precision: 0.7367
2025-10-02 05:57:13,167 - root - INFO - test roc_auc, 0.6768
2025-10-02 05:57:13,167 - root - INFO - new node test loss: 1.4347
2025-10-02 05:57:13,167 - root - INFO - new node test average_precision, 0.7371
2025-10-02 05:57:13,167 - root - INFO - new node test roc_auc, 0.7487
2025-10-02 05:59:07,863 - root - INFO - Epoch: 36, learning rate: 0.0001, train loss: 0.5396
2025-10-02 05:59:07,864 - root - INFO - train average_precision, 0.7880
2025-10-02 05:59:07,865 - root - INFO - train roc_auc, 0.7874
2025-10-02 05:59:07,865 - root - INFO - validate loss: 1.1458
2025-10-02 05:59:07,865 - root - INFO - validate average_precision, 0.6601
2025-10-02 05:59:07,865 - root - INFO - validate roc_auc, 0.6570
2025-10-02 05:59:07,865 - root - INFO - new node validate loss: 0.7979
2025-10-02 05:59:07,866 - root - INFO - new node validate average_precision, 0.8144
2025-10-02 05:59:07,866 - root - INFO - new node validate roc_auc, 0.8082
2025-10-02 05:59:34,083 - root - INFO - test loss: 1.4072
2025-10-02 05:59:34,083 - root - INFO - test average_precision, 0.6688
2025-10-02 05:59:34,083 - root - INFO - best test average_precision: 0.7367
2025-10-02 05:59:34,083 - root - INFO - test roc_auc, 0.6745
2025-10-02 05:59:34,083 - root - INFO - new node test loss: 1.0609
2025-10-02 05:59:34,084 - root - INFO - new node test average_precision, 0.8078
2025-10-02 05:59:34,084 - root - INFO - new node test roc_auc, 0.8021
2025-10-02 06:01:28,771 - root - INFO - Epoch: 37, learning rate: 0.0001, train loss: 0.5438
2025-10-02 06:01:28,772 - root - INFO - train average_precision, 0.7839
2025-10-02 06:01:28,773 - root - INFO - train roc_auc, 0.7834
2025-10-02 06:01:28,773 - root - INFO - validate loss: 1.4269
2025-10-02 06:01:28,773 - root - INFO - validate average_precision, 0.6229
2025-10-02 06:01:28,773 - root - INFO - validate roc_auc, 0.6115
2025-10-02 06:01:28,773 - root - INFO - new node validate loss: 0.5637
2025-10-02 06:01:28,773 - root - INFO - new node validate average_precision, 0.8125
2025-10-02 06:01:28,773 - root - INFO - new node validate roc_auc, 0.8081
2025-10-02 06:01:55,123 - root - INFO - test loss: 1.7694
2025-10-02 06:01:55,124 - root - INFO - test average_precision, 0.6445
2025-10-02 06:01:55,124 - root - INFO - best test average_precision: 0.7367
2025-10-02 06:01:55,124 - root - INFO - test roc_auc, 0.6514
2025-10-02 06:01:55,124 - root - INFO - new node test loss: 1.6565
2025-10-02 06:01:55,124 - root - INFO - new node test average_precision, 0.7034
2025-10-02 06:01:55,124 - root - INFO - new node test roc_auc, 0.7214
2025-10-02 06:03:49,758 - root - INFO - Epoch: 38, learning rate: 0.0001, train loss: 0.5344
2025-10-02 06:03:49,760 - root - INFO - train average_precision, 0.7934
2025-10-02 06:03:49,760 - root - INFO - train roc_auc, 0.7926
2025-10-02 06:03:49,760 - root - INFO - validate loss: 1.5525
2025-10-02 06:03:49,760 - root - INFO - validate average_precision, 0.6342
2025-10-02 06:03:49,761 - root - INFO - validate roc_auc, 0.6419
2025-10-02 06:03:49,761 - root - INFO - new node validate loss: 0.8260
2025-10-02 06:03:49,761 - root - INFO - new node validate average_precision, 0.8038
2025-10-02 06:03:49,761 - root - INFO - new node validate roc_auc, 0.7906
2025-10-02 06:04:15,908 - root - INFO - test loss: 1.6634
2025-10-02 06:04:15,908 - root - INFO - test average_precision, 0.6470
2025-10-02 06:04:15,909 - root - INFO - best test average_precision: 0.7367
2025-10-02 06:04:15,909 - root - INFO - test roc_auc, 0.6715
2025-10-02 06:04:15,909 - root - INFO - new node test loss: 1.2764
2025-10-02 06:04:15,909 - root - INFO - new node test average_precision, 0.7916
2025-10-02 06:04:15,909 - root - INFO - new node test roc_auc, 0.7996
2025-10-02 06:06:10,561 - root - INFO - Epoch: 39, learning rate: 0.0001, train loss: 0.5382
2025-10-02 06:06:10,562 - root - INFO - train average_precision, 0.7896
2025-10-02 06:06:10,562 - root - INFO - train roc_auc, 0.7889
2025-10-02 06:06:10,562 - root - INFO - validate loss: 0.9290
2025-10-02 06:06:10,562 - root - INFO - validate average_precision, 0.6769
2025-10-02 06:06:10,563 - root - INFO - validate roc_auc, 0.6657
2025-10-02 06:06:10,563 - root - INFO - new node validate loss: 0.6164
2025-10-02 06:06:10,563 - root - INFO - new node validate average_precision, 0.8306
2025-10-02 06:06:10,563 - root - INFO - new node validate roc_auc, 0.8242
2025-10-02 06:06:36,723 - root - INFO - test loss: 0.9769
2025-10-02 06:06:36,723 - root - INFO - test average_precision, 0.7237
2025-10-02 06:06:36,723 - root - INFO - best test average_precision: 0.7367
2025-10-02 06:06:36,723 - root - INFO - test roc_auc, 0.7104
2025-10-02 06:06:36,723 - root - INFO - new node test loss: 0.7737
2025-10-02 06:06:36,723 - root - INFO - new node test average_precision, 0.8226
2025-10-02 06:06:36,723 - root - INFO - new node test roc_auc, 0.8107
2025-10-02 06:08:31,278 - root - INFO - Epoch: 40, learning rate: 0.0001, train loss: 0.5393
2025-10-02 06:08:31,279 - root - INFO - train average_precision, 0.7895
2025-10-02 06:08:31,279 - root - INFO - train roc_auc, 0.7880
2025-10-02 06:08:31,279 - root - INFO - validate loss: 1.4454
2025-10-02 06:08:31,279 - root - INFO - validate average_precision, 0.6475
2025-10-02 06:08:31,280 - root - INFO - validate roc_auc, 0.6404
2025-10-02 06:08:31,280 - root - INFO - new node validate loss: 0.5110
2025-10-02 06:08:31,280 - root - INFO - new node validate average_precision, 0.8418
2025-10-02 06:08:31,280 - root - INFO - new node validate roc_auc, 0.8400
2025-10-02 06:08:57,425 - root - INFO - test loss: 1.7320
2025-10-02 06:08:57,425 - root - INFO - test average_precision, 0.6672
2025-10-02 06:08:57,426 - root - INFO - best test average_precision: 0.7367
2025-10-02 06:08:57,426 - root - INFO - test roc_auc, 0.6653
2025-10-02 06:08:57,426 - root - INFO - new node test loss: 1.4722
2025-10-02 06:08:57,426 - root - INFO - new node test average_precision, 0.7263
2025-10-02 06:08:57,426 - root - INFO - new node test roc_auc, 0.7510
2025-10-02 06:10:52,135 - root - INFO - Epoch: 41, learning rate: 0.0001, train loss: 0.5378
2025-10-02 06:10:52,136 - root - INFO - train average_precision, 0.7901
2025-10-02 06:10:52,136 - root - INFO - train roc_auc, 0.7890
2025-10-02 06:10:52,136 - root - INFO - validate loss: 1.1816
2025-10-02 06:10:52,136 - root - INFO - validate average_precision, 0.6418
2025-10-02 06:10:52,137 - root - INFO - validate roc_auc, 0.6303
2025-10-02 06:10:52,137 - root - INFO - new node validate loss: 0.6958
2025-10-02 06:10:52,137 - root - INFO - new node validate average_precision, 0.7833
2025-10-02 06:10:52,137 - root - INFO - new node validate roc_auc, 0.7776
2025-10-02 06:11:18,400 - root - INFO - test loss: 1.1911
2025-10-02 06:11:18,401 - root - INFO - test average_precision, 0.6929
2025-10-02 06:11:18,401 - root - INFO - best test average_precision: 0.7367
2025-10-02 06:11:18,401 - root - INFO - test roc_auc, 0.6829
2025-10-02 06:11:18,401 - root - INFO - new node test loss: 0.8418
2025-10-02 06:11:18,401 - root - INFO - new node test average_precision, 0.8290
2025-10-02 06:11:18,401 - root - INFO - new node test roc_auc, 0.8215
2025-10-02 06:13:13,342 - root - INFO - Epoch: 42, learning rate: 0.0001, train loss: 0.5326
2025-10-02 06:13:13,343 - root - INFO - train average_precision, 0.7956
2025-10-02 06:13:13,343 - root - INFO - train roc_auc, 0.7940
2025-10-02 06:13:13,343 - root - INFO - validate loss: 1.3903
2025-10-02 06:13:13,344 - root - INFO - validate average_precision, 0.6377
2025-10-02 06:13:13,344 - root - INFO - validate roc_auc, 0.6389
2025-10-02 06:13:13,344 - root - INFO - new node validate loss: 0.6059
2025-10-02 06:13:13,344 - root - INFO - new node validate average_precision, 0.8309
2025-10-02 06:13:13,344 - root - INFO - new node validate roc_auc, 0.8182
2025-10-02 06:13:39,642 - root - INFO - test loss: 1.5740
2025-10-02 06:13:39,642 - root - INFO - test average_precision, 0.6616
2025-10-02 06:13:39,642 - root - INFO - best test average_precision: 0.7367
2025-10-02 06:13:39,642 - root - INFO - test roc_auc, 0.6709
2025-10-02 06:13:39,642 - root - INFO - new node test loss: 1.2552
2025-10-02 06:13:39,643 - root - INFO - new node test average_precision, 0.7825
2025-10-02 06:13:39,643 - root - INFO - new node test roc_auc, 0.7846
2025-10-02 06:15:34,306 - root - INFO - Epoch: 43, learning rate: 0.0001, train loss: 0.5316
2025-10-02 06:15:34,307 - root - INFO - train average_precision, 0.7970
2025-10-02 06:15:34,308 - root - INFO - train roc_auc, 0.7954
2025-10-02 06:15:34,308 - root - INFO - validate loss: 1.0282
2025-10-02 06:15:34,308 - root - INFO - validate average_precision, 0.6745
2025-10-02 06:15:34,308 - root - INFO - validate roc_auc, 0.6642
2025-10-02 06:15:34,308 - root - INFO - new node validate loss: 0.5928
2025-10-02 06:15:34,308 - root - INFO - new node validate average_precision, 0.8189
2025-10-02 06:15:34,309 - root - INFO - new node validate roc_auc, 0.8126
2025-10-02 06:16:00,483 - root - INFO - test loss: 1.6629
2025-10-02 06:16:00,484 - root - INFO - test average_precision, 0.6582
2025-10-02 06:16:00,484 - root - INFO - best test average_precision: 0.7367
2025-10-02 06:16:00,484 - root - INFO - test roc_auc, 0.6639
2025-10-02 06:16:00,484 - root - INFO - new node test loss: 1.3907
2025-10-02 06:16:00,484 - root - INFO - new node test average_precision, 0.7683
2025-10-02 06:16:00,484 - root - INFO - new node test roc_auc, 0.7632
2025-10-02 06:17:55,236 - root - INFO - Epoch: 44, learning rate: 0.0001, train loss: 0.5373
2025-10-02 06:17:55,237 - root - INFO - train average_precision, 0.7905
2025-10-02 06:17:55,238 - root - INFO - train roc_auc, 0.7893
2025-10-02 06:17:55,238 - root - INFO - validate loss: 1.4154
2025-10-02 06:17:55,238 - root - INFO - validate average_precision, 0.6521
2025-10-02 06:17:55,238 - root - INFO - validate roc_auc, 0.6486
2025-10-02 06:17:55,238 - root - INFO - new node validate loss: 0.8329
2025-10-02 06:17:55,238 - root - INFO - new node validate average_precision, 0.8176
2025-10-02 06:17:55,239 - root - INFO - new node validate roc_auc, 0.8053
2025-10-02 06:18:21,598 - root - INFO - test loss: 1.9024
2025-10-02 06:18:21,598 - root - INFO - test average_precision, 0.6678
2025-10-02 06:18:21,598 - root - INFO - best test average_precision: 0.7367
2025-10-02 06:18:21,598 - root - INFO - test roc_auc, 0.6637
2025-10-02 06:18:21,598 - root - INFO - new node test loss: 1.7909
2025-10-02 06:18:21,599 - root - INFO - new node test average_precision, 0.7474
2025-10-02 06:18:21,599 - root - INFO - new node test roc_auc, 0.7540
2025-10-02 06:18:21,599 - root - INFO - load model ./saved_models/DyRep/lastfm/DyRep_lete_seed0/DyRep_lete_seed0.pkl
2025-10-02 06:18:22,228 - root - INFO - get final performance on dataset lastfm...
2025-10-02 06:18:48,690 - root - INFO - test loss: 0.7682
2025-10-02 06:18:48,691 - root - INFO - test average_precision, 0.7196
2025-10-02 06:18:48,691 - root - INFO - test roc_auc, 0.7102
2025-10-02 06:18:48,691 - root - INFO - new node test loss: 0.5614
2025-10-02 06:18:48,691 - root - INFO - new node test average_precision, 0.8506
2025-10-02 06:18:48,691 - root - INFO - new node test roc_auc, 0.8467
2025-10-02 06:18:48,691 - root - INFO - Run 1 cost 6232.67 seconds.
