2025-10-06 05:11:30,616 - root - INFO - ********** Run 1 starts. **********
2025-10-06 05:11:30,616 - root - INFO - configuration is Namespace(dataset_name='reddit', batch_size=200, model_name='TGAT', gpu=0, num_neighbors=20, sample_neighbor_strategy='uniform', time_scaling_factor=1e-06, num_walk_heads=8, num_heads=2, num_layers=2, walk_length=1, time_gap=2000, time_feat_dim=100, position_feat_dim=172, time_window_mode='fixed_proportion', time_encoder_type='bochner', expert_dim=128, num_mixtures=16, sort_neighbors_by_time=False, patch_size=1, channel_embedding_dim=50, max_input_sequence_length=32, learning_rate=0.0001, dropout=0.1, gamma=0.5, num_epochs=1000, optimizer='Adam', weight_decay=0.0, patience=20, val_ratio=0.15, test_ratio=0.15, num_runs=1, test_interval_epochs=100, negative_sample_strategy='random', max_interaction_times=10, load_best_configs=True, data_ratio=1.0, seed=0, save_model_name_suffix='', ablation_dir='', mamba_d_state=256, mamba_d_conv=4, mamba_expand=2, mamba_headdim=64, device='cuda:0', save_model_name='TGAT_bochner_seed0')
2025-10-06 05:11:30,623 - root - INFO - Metrics will be saved to: ./saved_metrics/TGAT/reddit/TGAT_bochner_seed0
2025-10-06 05:11:30,625 - root - INFO - time encoder type: bochner
2025-10-06 05:11:30,996 - root - INFO - model -> Sequential(
  (0): TGAT(
    (time_encoder): TimeEncoderWrapper(
      (encoder): BochnerTimeEncoder()
    )
    (temporal_conv_layers): ModuleList(
      (0-1): 2 x MultiHeadAttention(
        (query_projection): Linear(in_features=272, out_features=272, bias=False)
        (key_projection): Linear(in_features=444, out_features=272, bias=False)
        (value_projection): Linear(in_features=444, out_features=272, bias=False)
        (layer_norm): LayerNorm((272,), eps=1e-05, elementwise_affine=True)
        (residual_fc): Linear(in_features=272, out_features=272, bias=True)
        (dropout): Dropout(p=0.1, inplace=False)
      )
    )
    (merge_layers): ModuleList(
      (0-1): 2 x MergeLayer(
        (fc1): Linear(in_features=444, out_features=172, bias=True)
        (fc2): Linear(in_features=172, out_features=172, bias=True)
        (act): ReLU()
      )
    )
  )
  (1): MergeLayer(
    (fc1): Linear(in_features=344, out_features=172, bias=True)
    (fc2): Linear(in_features=172, out_features=1, bias=True)
    (act): ReLU()
  )
)
2025-10-06 05:11:30,996 - root - INFO - model name: TGAT, #parameters: 4211380 B, 4112.67578125 KB, 4.016284942626953 MB.
2025-10-06 05:28:35,806 - root - INFO - Epoch: 1, learning rate: 0.0001, train loss: 0.2729
2025-10-06 05:28:35,807 - root - INFO - train average_precision, 0.9499
2025-10-06 05:28:35,808 - root - INFO - train roc_auc, 0.9514
2025-10-06 05:28:35,808 - root - INFO - validate loss: 0.2326
2025-10-06 05:28:35,808 - root - INFO - validate average_precision, 0.9695
2025-10-06 05:28:35,808 - root - INFO - validate roc_auc, 0.9688
2025-10-06 05:28:35,808 - root - INFO - new node validate loss: 0.3027
2025-10-06 05:28:35,808 - root - INFO - new node validate average_precision, 0.9475
2025-10-06 05:28:35,808 - root - INFO - new node validate roc_auc, 0.9470
2025-10-06 05:28:35,822 - root - INFO - save model ./saved_models/TGAT/reddit/TGAT_bochner_seed0/TGAT_bochner_seed0.pkl
2025-10-06 05:45:39,106 - root - INFO - Epoch: 2, learning rate: 0.0001, train loss: 0.2214
2025-10-06 05:45:39,107 - root - INFO - train average_precision, 0.9698
2025-10-06 05:45:39,107 - root - INFO - train roc_auc, 0.9693
2025-10-06 05:45:39,107 - root - INFO - validate loss: 0.2135
2025-10-06 05:45:39,107 - root - INFO - validate average_precision, 0.9732
2025-10-06 05:45:39,107 - root - INFO - validate roc_auc, 0.9727
2025-10-06 05:45:39,108 - root - INFO - new node validate loss: 0.2812
2025-10-06 05:45:39,108 - root - INFO - new node validate average_precision, 0.9532
2025-10-06 05:45:39,108 - root - INFO - new node validate roc_auc, 0.9530
2025-10-06 05:45:39,116 - root - INFO - save model ./saved_models/TGAT/reddit/TGAT_bochner_seed0/TGAT_bochner_seed0.pkl
2025-10-06 06:02:42,600 - root - INFO - Epoch: 3, learning rate: 0.0001, train loss: 0.2103
2025-10-06 06:02:42,601 - root - INFO - train average_precision, 0.9729
2025-10-06 06:02:42,602 - root - INFO - train roc_auc, 0.9725
2025-10-06 06:02:42,602 - root - INFO - validate loss: 0.2036
2025-10-06 06:02:42,602 - root - INFO - validate average_precision, 0.9752
2025-10-06 06:02:42,602 - root - INFO - validate roc_auc, 0.9747
2025-10-06 06:02:42,602 - root - INFO - new node validate loss: 0.2723
2025-10-06 06:02:42,602 - root - INFO - new node validate average_precision, 0.9561
2025-10-06 06:02:42,602 - root - INFO - new node validate roc_auc, 0.9556
2025-10-06 06:02:42,609 - root - INFO - save model ./saved_models/TGAT/reddit/TGAT_bochner_seed0/TGAT_bochner_seed0.pkl
2025-10-06 06:19:44,408 - root - INFO - Epoch: 4, learning rate: 0.0001, train loss: 0.2018
2025-10-06 06:19:44,409 - root - INFO - train average_precision, 0.9752
2025-10-06 06:19:44,409 - root - INFO - train roc_auc, 0.9748
2025-10-06 06:19:44,409 - root - INFO - validate loss: 0.1941
2025-10-06 06:19:44,409 - root - INFO - validate average_precision, 0.9776
2025-10-06 06:19:44,409 - root - INFO - validate roc_auc, 0.9770
2025-10-06 06:19:44,409 - root - INFO - new node validate loss: 0.2565
2025-10-06 06:19:44,410 - root - INFO - new node validate average_precision, 0.9604
2025-10-06 06:19:44,410 - root - INFO - new node validate roc_auc, 0.9601
2025-10-06 06:19:44,416 - root - INFO - save model ./saved_models/TGAT/reddit/TGAT_bochner_seed0/TGAT_bochner_seed0.pkl
2025-10-06 06:36:45,702 - root - INFO - Epoch: 5, learning rate: 0.0001, train loss: 0.1942
2025-10-06 06:36:45,703 - root - INFO - train average_precision, 0.9772
2025-10-06 06:36:45,704 - root - INFO - train roc_auc, 0.9766
2025-10-06 06:36:45,704 - root - INFO - validate loss: 0.1926
2025-10-06 06:36:45,704 - root - INFO - validate average_precision, 0.9775
2025-10-06 06:36:45,704 - root - INFO - validate roc_auc, 0.9772
2025-10-06 06:36:45,704 - root - INFO - new node validate loss: 0.2543
2025-10-06 06:36:45,704 - root - INFO - new node validate average_precision, 0.9614
2025-10-06 06:36:45,704 - root - INFO - new node validate roc_auc, 0.9610
2025-10-06 06:53:49,883 - root - INFO - Epoch: 6, learning rate: 0.0001, train loss: 0.1895
2025-10-06 06:53:49,884 - root - INFO - train average_precision, 0.9782
2025-10-06 06:53:49,884 - root - INFO - train roc_auc, 0.9776
2025-10-06 06:53:49,884 - root - INFO - validate loss: 0.1847
2025-10-06 06:53:49,885 - root - INFO - validate average_precision, 0.9796
2025-10-06 06:53:49,885 - root - INFO - validate roc_auc, 0.9791
2025-10-06 06:53:49,885 - root - INFO - new node validate loss: 0.2440
2025-10-06 06:53:49,885 - root - INFO - new node validate average_precision, 0.9648
2025-10-06 06:53:49,885 - root - INFO - new node validate roc_auc, 0.9641
2025-10-06 06:53:49,893 - root - INFO - save model ./saved_models/TGAT/reddit/TGAT_bochner_seed0/TGAT_bochner_seed0.pkl
2025-10-06 07:10:53,227 - root - INFO - Epoch: 7, learning rate: 0.0001, train loss: 0.1855
2025-10-06 07:10:53,228 - root - INFO - train average_precision, 0.9791
2025-10-06 07:10:53,228 - root - INFO - train roc_auc, 0.9785
2025-10-06 07:10:53,229 - root - INFO - validate loss: 0.1839
2025-10-06 07:10:53,229 - root - INFO - validate average_precision, 0.9800
2025-10-06 07:10:53,229 - root - INFO - validate roc_auc, 0.9794
2025-10-06 07:10:53,229 - root - INFO - new node validate loss: 0.2462
2025-10-06 07:10:53,229 - root - INFO - new node validate average_precision, 0.9650
2025-10-06 07:10:53,229 - root - INFO - new node validate roc_auc, 0.9638
2025-10-06 07:10:53,236 - root - INFO - save model ./saved_models/TGAT/reddit/TGAT_bochner_seed0/TGAT_bochner_seed0.pkl
2025-10-06 07:27:55,533 - root - INFO - Epoch: 8, learning rate: 0.0001, train loss: 0.1812
2025-10-06 07:27:55,534 - root - INFO - train average_precision, 0.9801
2025-10-06 07:27:55,535 - root - INFO - train roc_auc, 0.9795
2025-10-06 07:27:55,535 - root - INFO - validate loss: 0.1795
2025-10-06 07:27:55,535 - root - INFO - validate average_precision, 0.9807
2025-10-06 07:27:55,535 - root - INFO - validate roc_auc, 0.9802
2025-10-06 07:27:55,535 - root - INFO - new node validate loss: 0.2372
2025-10-06 07:27:55,535 - root - INFO - new node validate average_precision, 0.9669
2025-10-06 07:27:55,535 - root - INFO - new node validate roc_auc, 0.9660
2025-10-06 07:27:55,541 - root - INFO - save model ./saved_models/TGAT/reddit/TGAT_bochner_seed0/TGAT_bochner_seed0.pkl
2025-10-06 07:44:59,384 - root - INFO - Epoch: 9, learning rate: 0.0001, train loss: 0.1794
2025-10-06 07:44:59,385 - root - INFO - train average_precision, 0.9803
2025-10-06 07:44:59,385 - root - INFO - train roc_auc, 0.9798
2025-10-06 07:44:59,385 - root - INFO - validate loss: 0.1787
2025-10-06 07:44:59,385 - root - INFO - validate average_precision, 0.9811
2025-10-06 07:44:59,386 - root - INFO - validate roc_auc, 0.9804
2025-10-06 07:44:59,386 - root - INFO - new node validate loss: 0.2413
2025-10-06 07:44:59,386 - root - INFO - new node validate average_precision, 0.9665
2025-10-06 07:44:59,386 - root - INFO - new node validate roc_auc, 0.9653
2025-10-06 07:44:59,392 - root - INFO - save model ./saved_models/TGAT/reddit/TGAT_bochner_seed0/TGAT_bochner_seed0.pkl
2025-10-06 08:02:04,291 - root - INFO - Epoch: 10, learning rate: 0.0001, train loss: 0.1765
2025-10-06 08:02:04,292 - root - INFO - train average_precision, 0.9811
2025-10-06 08:02:04,292 - root - INFO - train roc_auc, 0.9804
2025-10-06 08:02:04,292 - root - INFO - validate loss: 0.1786
2025-10-06 08:02:04,293 - root - INFO - validate average_precision, 0.9816
2025-10-06 08:02:04,293 - root - INFO - validate roc_auc, 0.9810
2025-10-06 08:02:04,293 - root - INFO - new node validate loss: 0.2389
2025-10-06 08:02:04,293 - root - INFO - new node validate average_precision, 0.9682
2025-10-06 08:02:04,293 - root - INFO - new node validate roc_auc, 0.9672
2025-10-06 08:02:04,299 - root - INFO - save model ./saved_models/TGAT/reddit/TGAT_bochner_seed0/TGAT_bochner_seed0.pkl
2025-10-06 08:19:07,676 - root - INFO - Epoch: 11, learning rate: 0.0001, train loss: 0.1747
2025-10-06 08:19:07,677 - root - INFO - train average_precision, 0.9813
2025-10-06 08:19:07,677 - root - INFO - train roc_auc, 0.9808
2025-10-06 08:19:07,677 - root - INFO - validate loss: 0.1739
2025-10-06 08:19:07,677 - root - INFO - validate average_precision, 0.9819
2025-10-06 08:19:07,677 - root - INFO - validate roc_auc, 0.9814
2025-10-06 08:19:07,677 - root - INFO - new node validate loss: 0.2341
2025-10-06 08:19:07,677 - root - INFO - new node validate average_precision, 0.9680
2025-10-06 08:19:07,678 - root - INFO - new node validate roc_auc, 0.9671
2025-10-06 08:19:07,683 - root - INFO - save model ./saved_models/TGAT/reddit/TGAT_bochner_seed0/TGAT_bochner_seed0.pkl
2025-10-06 08:36:10,870 - root - INFO - Epoch: 12, learning rate: 0.0001, train loss: 0.1724
2025-10-06 08:36:10,872 - root - INFO - train average_precision, 0.9819
2025-10-06 08:36:10,872 - root - INFO - train roc_auc, 0.9813
2025-10-06 08:36:10,872 - root - INFO - validate loss: 0.1726
2025-10-06 08:36:10,872 - root - INFO - validate average_precision, 0.9824
2025-10-06 08:36:10,872 - root - INFO - validate roc_auc, 0.9817
2025-10-06 08:36:10,872 - root - INFO - new node validate loss: 0.2285
2025-10-06 08:36:10,873 - root - INFO - new node validate average_precision, 0.9700
2025-10-06 08:36:10,873 - root - INFO - new node validate roc_auc, 0.9690
2025-10-06 08:36:10,919 - root - INFO - save model ./saved_models/TGAT/reddit/TGAT_bochner_seed0/TGAT_bochner_seed0.pkl
2025-10-06 08:53:14,093 - root - INFO - Epoch: 13, learning rate: 0.0001, train loss: 0.1710
2025-10-06 08:53:14,094 - root - INFO - train average_precision, 0.9822
2025-10-06 08:53:14,094 - root - INFO - train roc_auc, 0.9816
2025-10-06 08:53:14,094 - root - INFO - validate loss: 0.1719
2025-10-06 08:53:14,095 - root - INFO - validate average_precision, 0.9825
2025-10-06 08:53:14,095 - root - INFO - validate roc_auc, 0.9819
2025-10-06 08:53:14,095 - root - INFO - new node validate loss: 0.2315
2025-10-06 08:53:14,095 - root - INFO - new node validate average_precision, 0.9694
2025-10-06 08:53:14,095 - root - INFO - new node validate roc_auc, 0.9681
2025-10-06 08:53:14,101 - root - INFO - save model ./saved_models/TGAT/reddit/TGAT_bochner_seed0/TGAT_bochner_seed0.pkl
2025-10-06 09:10:15,509 - root - INFO - Epoch: 14, learning rate: 0.0001, train loss: 0.1691
2025-10-06 09:10:15,510 - root - INFO - train average_precision, 0.9825
2025-10-06 09:10:15,510 - root - INFO - train roc_auc, 0.9820
2025-10-06 09:10:15,511 - root - INFO - validate loss: 0.1696
2025-10-06 09:10:15,511 - root - INFO - validate average_precision, 0.9828
2025-10-06 09:10:15,511 - root - INFO - validate roc_auc, 0.9823
2025-10-06 09:10:15,511 - root - INFO - new node validate loss: 0.2290
2025-10-06 09:10:15,511 - root - INFO - new node validate average_precision, 0.9698
2025-10-06 09:10:15,511 - root - INFO - new node validate roc_auc, 0.9687
2025-10-06 09:10:15,520 - root - INFO - save model ./saved_models/TGAT/reddit/TGAT_bochner_seed0/TGAT_bochner_seed0.pkl
2025-10-06 09:27:17,801 - root - INFO - Epoch: 15, learning rate: 0.0001, train loss: 0.1677
2025-10-06 09:27:17,802 - root - INFO - train average_precision, 0.9827
2025-10-06 09:27:17,802 - root - INFO - train roc_auc, 0.9822
2025-10-06 09:27:17,802 - root - INFO - validate loss: 0.1702
2025-10-06 09:27:17,803 - root - INFO - validate average_precision, 0.9828
2025-10-06 09:27:17,803 - root - INFO - validate roc_auc, 0.9823
2025-10-06 09:27:17,803 - root - INFO - new node validate loss: 0.2291
2025-10-06 09:27:17,803 - root - INFO - new node validate average_precision, 0.9700
2025-10-06 09:27:17,803 - root - INFO - new node validate roc_auc, 0.9690
2025-10-06 09:44:19,417 - root - INFO - Epoch: 16, learning rate: 0.0001, train loss: 0.1668
2025-10-06 09:44:19,418 - root - INFO - train average_precision, 0.9830
2025-10-06 09:44:19,418 - root - INFO - train roc_auc, 0.9824
2025-10-06 09:44:19,419 - root - INFO - validate loss: 0.1711
2025-10-06 09:44:19,419 - root - INFO - validate average_precision, 0.9827
2025-10-06 09:44:19,419 - root - INFO - validate roc_auc, 0.9821
2025-10-06 09:44:19,419 - root - INFO - new node validate loss: 0.2362
2025-10-06 09:44:19,419 - root - INFO - new node validate average_precision, 0.9689
2025-10-06 09:44:19,419 - root - INFO - new node validate roc_auc, 0.9676
2025-10-06 10:01:22,721 - root - INFO - Epoch: 17, learning rate: 0.0001, train loss: 0.1657
2025-10-06 10:01:22,722 - root - INFO - train average_precision, 0.9830
2025-10-06 10:01:22,722 - root - INFO - train roc_auc, 0.9826
2025-10-06 10:01:22,722 - root - INFO - validate loss: 0.1693
2025-10-06 10:01:22,722 - root - INFO - validate average_precision, 0.9829
2025-10-06 10:01:22,722 - root - INFO - validate roc_auc, 0.9824
2025-10-06 10:01:22,722 - root - INFO - new node validate loss: 0.2327
2025-10-06 10:01:22,722 - root - INFO - new node validate average_precision, 0.9690
2025-10-06 10:01:22,722 - root - INFO - new node validate roc_auc, 0.9681
2025-10-06 10:01:22,729 - root - INFO - save model ./saved_models/TGAT/reddit/TGAT_bochner_seed0/TGAT_bochner_seed0.pkl
2025-10-06 10:18:26,299 - root - INFO - Epoch: 18, learning rate: 0.0001, train loss: 0.1652
2025-10-06 10:18:26,300 - root - INFO - train average_precision, 0.9832
2025-10-06 10:18:26,300 - root - INFO - train roc_auc, 0.9827
2025-10-06 10:18:26,300 - root - INFO - validate loss: 0.1687
2025-10-06 10:18:26,301 - root - INFO - validate average_precision, 0.9832
2025-10-06 10:18:26,301 - root - INFO - validate roc_auc, 0.9826
2025-10-06 10:18:26,301 - root - INFO - new node validate loss: 0.2286
2025-10-06 10:18:26,301 - root - INFO - new node validate average_precision, 0.9703
2025-10-06 10:18:26,301 - root - INFO - new node validate roc_auc, 0.9691
2025-10-06 10:18:26,307 - root - INFO - save model ./saved_models/TGAT/reddit/TGAT_bochner_seed0/TGAT_bochner_seed0.pkl
2025-10-06 10:35:27,593 - root - INFO - Epoch: 19, learning rate: 0.0001, train loss: 0.1630
2025-10-06 10:35:27,595 - root - INFO - train average_precision, 0.9837
2025-10-06 10:35:27,595 - root - INFO - train roc_auc, 0.9832
2025-10-06 10:35:27,595 - root - INFO - validate loss: 0.1665
2025-10-06 10:35:27,595 - root - INFO - validate average_precision, 0.9835
2025-10-06 10:35:27,595 - root - INFO - validate roc_auc, 0.9830
2025-10-06 10:35:27,595 - root - INFO - new node validate loss: 0.2284
2025-10-06 10:35:27,595 - root - INFO - new node validate average_precision, 0.9705
2025-10-06 10:35:27,595 - root - INFO - new node validate roc_auc, 0.9693
2025-10-06 10:35:27,602 - root - INFO - save model ./saved_models/TGAT/reddit/TGAT_bochner_seed0/TGAT_bochner_seed0.pkl
2025-10-06 10:52:30,268 - root - INFO - Epoch: 20, learning rate: 0.0001, train loss: 0.1619
2025-10-06 10:52:30,269 - root - INFO - train average_precision, 0.9839
2025-10-06 10:52:30,269 - root - INFO - train roc_auc, 0.9834
2025-10-06 10:52:30,269 - root - INFO - validate loss: 0.1694
2025-10-06 10:52:30,269 - root - INFO - validate average_precision, 0.9833
2025-10-06 10:52:30,270 - root - INFO - validate roc_auc, 0.9828
2025-10-06 10:52:30,270 - root - INFO - new node validate loss: 0.2312
2025-10-06 10:52:30,270 - root - INFO - new node validate average_precision, 0.9702
2025-10-06 10:52:30,270 - root - INFO - new node validate roc_auc, 0.9691
2025-10-06 11:09:31,833 - root - INFO - Epoch: 21, learning rate: 0.0001, train loss: 0.1617
2025-10-06 11:09:31,834 - root - INFO - train average_precision, 0.9839
2025-10-06 11:09:31,834 - root - INFO - train roc_auc, 0.9835
2025-10-06 11:09:31,834 - root - INFO - validate loss: 0.1653
2025-10-06 11:09:31,834 - root - INFO - validate average_precision, 0.9837
2025-10-06 11:09:31,834 - root - INFO - validate roc_auc, 0.9832
2025-10-06 11:09:31,834 - root - INFO - new node validate loss: 0.2235
2025-10-06 11:09:31,835 - root - INFO - new node validate average_precision, 0.9710
2025-10-06 11:09:31,835 - root - INFO - new node validate roc_auc, 0.9700
2025-10-06 11:09:31,843 - root - INFO - save model ./saved_models/TGAT/reddit/TGAT_bochner_seed0/TGAT_bochner_seed0.pkl
2025-10-06 11:26:36,417 - root - INFO - Epoch: 22, learning rate: 0.0001, train loss: 0.1605
2025-10-06 11:26:36,419 - root - INFO - train average_precision, 0.9840
2025-10-06 11:26:36,419 - root - INFO - train roc_auc, 0.9837
2025-10-06 11:26:36,419 - root - INFO - validate loss: 0.1650
2025-10-06 11:26:36,419 - root - INFO - validate average_precision, 0.9838
2025-10-06 11:26:36,419 - root - INFO - validate roc_auc, 0.9832
2025-10-06 11:26:36,419 - root - INFO - new node validate loss: 0.2251
2025-10-06 11:26:36,419 - root - INFO - new node validate average_precision, 0.9711
2025-10-06 11:26:36,419 - root - INFO - new node validate roc_auc, 0.9698
2025-10-06 11:26:36,425 - root - INFO - save model ./saved_models/TGAT/reddit/TGAT_bochner_seed0/TGAT_bochner_seed0.pkl
2025-10-06 11:43:37,859 - root - INFO - Epoch: 23, learning rate: 0.0001, train loss: 0.1599
2025-10-06 11:43:37,860 - root - INFO - train average_precision, 0.9842
2025-10-06 11:43:37,860 - root - INFO - train roc_auc, 0.9838
2025-10-06 11:43:37,860 - root - INFO - validate loss: 0.1646
2025-10-06 11:43:37,860 - root - INFO - validate average_precision, 0.9840
2025-10-06 11:43:37,860 - root - INFO - validate roc_auc, 0.9834
2025-10-06 11:43:37,861 - root - INFO - new node validate loss: 0.2228
2025-10-06 11:43:37,861 - root - INFO - new node validate average_precision, 0.9717
2025-10-06 11:43:37,861 - root - INFO - new node validate roc_auc, 0.9705
2025-10-06 11:43:37,867 - root - INFO - save model ./saved_models/TGAT/reddit/TGAT_bochner_seed0/TGAT_bochner_seed0.pkl
2025-10-06 12:00:41,162 - root - INFO - Epoch: 24, learning rate: 0.0001, train loss: 0.1591
2025-10-06 12:00:41,163 - root - INFO - train average_precision, 0.9842
2025-10-06 12:00:41,163 - root - INFO - train roc_auc, 0.9839
2025-10-06 12:00:41,163 - root - INFO - validate loss: 0.1628
2025-10-06 12:00:41,163 - root - INFO - validate average_precision, 0.9843
2025-10-06 12:00:41,163 - root - INFO - validate roc_auc, 0.9837
2025-10-06 12:00:41,163 - root - INFO - new node validate loss: 0.2227
2025-10-06 12:00:41,163 - root - INFO - new node validate average_precision, 0.9718
2025-10-06 12:00:41,163 - root - INFO - new node validate roc_auc, 0.9707
2025-10-06 12:00:41,170 - root - INFO - save model ./saved_models/TGAT/reddit/TGAT_bochner_seed0/TGAT_bochner_seed0.pkl
2025-10-06 12:17:44,003 - root - INFO - Epoch: 25, learning rate: 0.0001, train loss: 0.1582
2025-10-06 12:17:44,003 - root - INFO - train average_precision, 0.9845
2025-10-06 12:17:44,004 - root - INFO - train roc_auc, 0.9841
2025-10-06 12:17:44,004 - root - INFO - validate loss: 0.1638
2025-10-06 12:17:44,004 - root - INFO - validate average_precision, 0.9841
2025-10-06 12:17:44,004 - root - INFO - validate roc_auc, 0.9835
2025-10-06 12:17:44,004 - root - INFO - new node validate loss: 0.2226
2025-10-06 12:17:44,004 - root - INFO - new node validate average_precision, 0.9719
2025-10-06 12:17:44,004 - root - INFO - new node validate roc_auc, 0.9706
2025-10-06 12:34:48,292 - root - INFO - Epoch: 26, learning rate: 0.0001, train loss: 0.1570
2025-10-06 12:34:48,293 - root - INFO - train average_precision, 0.9848
2025-10-06 12:34:48,293 - root - INFO - train roc_auc, 0.9844
2025-10-06 12:34:48,293 - root - INFO - validate loss: 0.1629
2025-10-06 12:34:48,293 - root - INFO - validate average_precision, 0.9844
2025-10-06 12:34:48,293 - root - INFO - validate roc_auc, 0.9838
2025-10-06 12:34:48,293 - root - INFO - new node validate loss: 0.2223
2025-10-06 12:34:48,293 - root - INFO - new node validate average_precision, 0.9721
2025-10-06 12:34:48,293 - root - INFO - new node validate roc_auc, 0.9711
2025-10-06 12:34:48,299 - root - INFO - save model ./saved_models/TGAT/reddit/TGAT_bochner_seed0/TGAT_bochner_seed0.pkl
2025-10-06 12:51:52,934 - root - INFO - Epoch: 27, learning rate: 0.0001, train loss: 0.1562
2025-10-06 12:51:52,935 - root - INFO - train average_precision, 0.9847
2025-10-06 12:51:52,935 - root - INFO - train roc_auc, 0.9845
2025-10-06 12:51:52,935 - root - INFO - validate loss: 0.1640
2025-10-06 12:51:52,935 - root - INFO - validate average_precision, 0.9842
2025-10-06 12:51:52,936 - root - INFO - validate roc_auc, 0.9837
2025-10-06 12:51:52,936 - root - INFO - new node validate loss: 0.2254
2025-10-06 12:51:52,936 - root - INFO - new node validate average_precision, 0.9721
2025-10-06 12:51:52,936 - root - INFO - new node validate roc_auc, 0.9707
2025-10-06 13:08:53,839 - root - INFO - Epoch: 28, learning rate: 0.0001, train loss: 0.1556
2025-10-06 13:08:53,840 - root - INFO - train average_precision, 0.9850
2025-10-06 13:08:53,840 - root - INFO - train roc_auc, 0.9846
2025-10-06 13:08:53,840 - root - INFO - validate loss: 0.1632
2025-10-06 13:08:53,840 - root - INFO - validate average_precision, 0.9844
2025-10-06 13:08:53,840 - root - INFO - validate roc_auc, 0.9838
2025-10-06 13:08:53,840 - root - INFO - new node validate loss: 0.2240
2025-10-06 13:08:53,841 - root - INFO - new node validate average_precision, 0.9723
2025-10-06 13:08:53,841 - root - INFO - new node validate roc_auc, 0.9710
2025-10-06 13:25:55,421 - root - INFO - Epoch: 29, learning rate: 0.0001, train loss: 0.1548
2025-10-06 13:25:55,421 - root - INFO - train average_precision, 0.9851
2025-10-06 13:25:55,422 - root - INFO - train roc_auc, 0.9848
2025-10-06 13:25:55,422 - root - INFO - validate loss: 0.1603
2025-10-06 13:25:55,422 - root - INFO - validate average_precision, 0.9847
2025-10-06 13:25:55,422 - root - INFO - validate roc_auc, 0.9843
2025-10-06 13:25:55,422 - root - INFO - new node validate loss: 0.2195
2025-10-06 13:25:55,422 - root - INFO - new node validate average_precision, 0.9723
2025-10-06 13:25:55,422 - root - INFO - new node validate roc_auc, 0.9715
2025-10-06 13:25:55,428 - root - INFO - save model ./saved_models/TGAT/reddit/TGAT_bochner_seed0/TGAT_bochner_seed0.pkl
2025-10-06 13:42:59,710 - root - INFO - Epoch: 30, learning rate: 0.0001, train loss: 0.1547
2025-10-06 13:42:59,711 - root - INFO - train average_precision, 0.9852
2025-10-06 13:42:59,711 - root - INFO - train roc_auc, 0.9848
2025-10-06 13:42:59,711 - root - INFO - validate loss: 0.1611
2025-10-06 13:42:59,712 - root - INFO - validate average_precision, 0.9845
2025-10-06 13:42:59,712 - root - INFO - validate roc_auc, 0.9840
2025-10-06 13:42:59,712 - root - INFO - new node validate loss: 0.2229
2025-10-06 13:42:59,712 - root - INFO - new node validate average_precision, 0.9716
2025-10-06 13:42:59,712 - root - INFO - new node validate roc_auc, 0.9706
2025-10-06 14:00:03,005 - root - INFO - Epoch: 31, learning rate: 0.0001, train loss: 0.1538
2025-10-06 14:00:03,006 - root - INFO - train average_precision, 0.9853
2025-10-06 14:00:03,006 - root - INFO - train roc_auc, 0.9850
2025-10-06 14:00:03,007 - root - INFO - validate loss: 0.1605
2025-10-06 14:00:03,007 - root - INFO - validate average_precision, 0.9847
2025-10-06 14:00:03,007 - root - INFO - validate roc_auc, 0.9842
2025-10-06 14:00:03,007 - root - INFO - new node validate loss: 0.2192
2025-10-06 14:00:03,007 - root - INFO - new node validate average_precision, 0.9724
2025-10-06 14:00:03,007 - root - INFO - new node validate roc_auc, 0.9715
2025-10-06 14:17:06,899 - root - INFO - Epoch: 32, learning rate: 0.0001, train loss: 0.1538
2025-10-06 14:17:06,899 - root - INFO - train average_precision, 0.9853
2025-10-06 14:17:06,900 - root - INFO - train roc_auc, 0.9850
2025-10-06 14:17:06,900 - root - INFO - validate loss: 0.1613
2025-10-06 14:17:06,900 - root - INFO - validate average_precision, 0.9846
2025-10-06 14:17:06,900 - root - INFO - validate roc_auc, 0.9840
2025-10-06 14:17:06,900 - root - INFO - new node validate loss: 0.2227
2025-10-06 14:17:06,900 - root - INFO - new node validate average_precision, 0.9721
2025-10-06 14:17:06,900 - root - INFO - new node validate roc_auc, 0.9708
2025-10-06 14:34:10,380 - root - INFO - Epoch: 33, learning rate: 0.0001, train loss: 0.1523
2025-10-06 14:34:10,381 - root - INFO - train average_precision, 0.9855
2025-10-06 14:34:10,381 - root - INFO - train roc_auc, 0.9853
2025-10-06 14:34:10,381 - root - INFO - validate loss: 0.1615
2025-10-06 14:34:10,382 - root - INFO - validate average_precision, 0.9845
2025-10-06 14:34:10,382 - root - INFO - validate roc_auc, 0.9841
2025-10-06 14:34:10,382 - root - INFO - new node validate loss: 0.2233
2025-10-06 14:34:10,382 - root - INFO - new node validate average_precision, 0.9716
2025-10-06 14:34:10,382 - root - INFO - new node validate roc_auc, 0.9708
2025-10-06 14:51:12,518 - root - INFO - Epoch: 34, learning rate: 0.0001, train loss: 0.1521
2025-10-06 14:51:12,519 - root - INFO - train average_precision, 0.9855
2025-10-06 14:51:12,519 - root - INFO - train roc_auc, 0.9853
2025-10-06 14:51:12,519 - root - INFO - validate loss: 0.1608
2025-10-06 14:51:12,519 - root - INFO - validate average_precision, 0.9848
2025-10-06 14:51:12,519 - root - INFO - validate roc_auc, 0.9842
2025-10-06 14:51:12,519 - root - INFO - new node validate loss: 0.2239
2025-10-06 14:51:12,519 - root - INFO - new node validate average_precision, 0.9719
2025-10-06 14:51:12,519 - root - INFO - new node validate roc_auc, 0.9708
2025-10-06 15:08:14,735 - root - INFO - Epoch: 35, learning rate: 0.0001, train loss: 0.1512
2025-10-06 15:08:14,736 - root - INFO - train average_precision, 0.9858
2025-10-06 15:08:14,736 - root - INFO - train roc_auc, 0.9855
2025-10-06 15:08:14,736 - root - INFO - validate loss: 0.1601
2025-10-06 15:08:14,736 - root - INFO - validate average_precision, 0.9847
2025-10-06 15:08:14,736 - root - INFO - validate roc_auc, 0.9842
2025-10-06 15:08:14,736 - root - INFO - new node validate loss: 0.2225
2025-10-06 15:08:14,736 - root - INFO - new node validate average_precision, 0.9717
2025-10-06 15:08:14,736 - root - INFO - new node validate roc_auc, 0.9706
2025-10-06 15:25:18,358 - root - INFO - Epoch: 36, learning rate: 0.0001, train loss: 0.1515
2025-10-06 15:25:18,359 - root - INFO - train average_precision, 0.9857
2025-10-06 15:25:18,360 - root - INFO - train roc_auc, 0.9854
2025-10-06 15:25:18,360 - root - INFO - validate loss: 0.1599
2025-10-06 15:25:18,360 - root - INFO - validate average_precision, 0.9848
2025-10-06 15:25:18,360 - root - INFO - validate roc_auc, 0.9843
2025-10-06 15:25:18,360 - root - INFO - new node validate loss: 0.2201
2025-10-06 15:25:18,360 - root - INFO - new node validate average_precision, 0.9728
2025-10-06 15:25:18,360 - root - INFO - new node validate roc_auc, 0.9715
2025-10-06 15:25:18,366 - root - INFO - save model ./saved_models/TGAT/reddit/TGAT_bochner_seed0/TGAT_bochner_seed0.pkl
2025-10-06 15:42:21,986 - root - INFO - Epoch: 37, learning rate: 0.0001, train loss: 0.1505
2025-10-06 15:42:21,987 - root - INFO - train average_precision, 0.9859
2025-10-06 15:42:21,987 - root - INFO - train roc_auc, 0.9856
2025-10-06 15:42:21,987 - root - INFO - validate loss: 0.1593
2025-10-06 15:42:21,987 - root - INFO - validate average_precision, 0.9849
2025-10-06 15:42:21,987 - root - INFO - validate roc_auc, 0.9844
2025-10-06 15:42:21,987 - root - INFO - new node validate loss: 0.2195
2025-10-06 15:42:21,987 - root - INFO - new node validate average_precision, 0.9727
2025-10-06 15:42:21,987 - root - INFO - new node validate roc_auc, 0.9714
2025-10-06 15:42:21,994 - root - INFO - save model ./saved_models/TGAT/reddit/TGAT_bochner_seed0/TGAT_bochner_seed0.pkl
2025-10-06 15:59:23,670 - root - INFO - Epoch: 38, learning rate: 0.0001, train loss: 0.1493
2025-10-06 15:59:23,671 - root - INFO - train average_precision, 0.9861
2025-10-06 15:59:23,672 - root - INFO - train roc_auc, 0.9858
2025-10-06 15:59:23,672 - root - INFO - validate loss: 0.1574
2025-10-06 15:59:23,672 - root - INFO - validate average_precision, 0.9852
2025-10-06 15:59:23,672 - root - INFO - validate roc_auc, 0.9848
2025-10-06 15:59:23,672 - root - INFO - new node validate loss: 0.2170
2025-10-06 15:59:23,672 - root - INFO - new node validate average_precision, 0.9731
2025-10-06 15:59:23,672 - root - INFO - new node validate roc_auc, 0.9723
2025-10-06 15:59:23,682 - root - INFO - save model ./saved_models/TGAT/reddit/TGAT_bochner_seed0/TGAT_bochner_seed0.pkl
2025-10-06 16:16:26,868 - root - INFO - Epoch: 39, learning rate: 0.0001, train loss: 0.1492
2025-10-06 16:16:26,869 - root - INFO - train average_precision, 0.9862
2025-10-06 16:16:26,869 - root - INFO - train roc_auc, 0.9859
2025-10-06 16:16:26,869 - root - INFO - validate loss: 0.1590
2025-10-06 16:16:26,869 - root - INFO - validate average_precision, 0.9851
2025-10-06 16:16:26,869 - root - INFO - validate roc_auc, 0.9845
2025-10-06 16:16:26,869 - root - INFO - new node validate loss: 0.2187
2025-10-06 16:16:26,869 - root - INFO - new node validate average_precision, 0.9731
2025-10-06 16:16:26,869 - root - INFO - new node validate roc_auc, 0.9719
2025-10-06 16:33:30,488 - root - INFO - Epoch: 40, learning rate: 0.0001, train loss: 0.1488
2025-10-06 16:33:30,489 - root - INFO - train average_precision, 0.9860
2025-10-06 16:33:30,489 - root - INFO - train roc_auc, 0.9859
2025-10-06 16:33:30,489 - root - INFO - validate loss: 0.1587
2025-10-06 16:33:30,490 - root - INFO - validate average_precision, 0.9851
2025-10-06 16:33:30,490 - root - INFO - validate roc_auc, 0.9847
2025-10-06 16:33:30,490 - root - INFO - new node validate loss: 0.2223
2025-10-06 16:33:30,490 - root - INFO - new node validate average_precision, 0.9724
2025-10-06 16:33:30,490 - root - INFO - new node validate roc_auc, 0.9712
2025-10-06 16:50:33,333 - root - INFO - Epoch: 41, learning rate: 0.0001, train loss: 0.1482
2025-10-06 16:50:33,334 - root - INFO - train average_precision, 0.9863
2025-10-06 16:50:33,334 - root - INFO - train roc_auc, 0.9860
2025-10-06 16:50:33,334 - root - INFO - validate loss: 0.1574
2025-10-06 16:50:33,334 - root - INFO - validate average_precision, 0.9853
2025-10-06 16:50:33,334 - root - INFO - validate roc_auc, 0.9848
2025-10-06 16:50:33,334 - root - INFO - new node validate loss: 0.2198
2025-10-06 16:50:33,334 - root - INFO - new node validate average_precision, 0.9728
2025-10-06 16:50:33,334 - root - INFO - new node validate roc_auc, 0.9716
2025-10-06 17:07:36,703 - root - INFO - Epoch: 42, learning rate: 0.0001, train loss: 0.1476
2025-10-06 17:07:36,704 - root - INFO - train average_precision, 0.9862
2025-10-06 17:07:36,704 - root - INFO - train roc_auc, 0.9861
2025-10-06 17:07:36,705 - root - INFO - validate loss: 0.1581
2025-10-06 17:07:36,705 - root - INFO - validate average_precision, 0.9850
2025-10-06 17:07:36,705 - root - INFO - validate roc_auc, 0.9846
2025-10-06 17:07:36,705 - root - INFO - new node validate loss: 0.2221
2025-10-06 17:07:36,705 - root - INFO - new node validate average_precision, 0.9720
2025-10-06 17:07:36,705 - root - INFO - new node validate roc_auc, 0.9710
