2025-10-08 11:51:44,921 - root - INFO - ********** Run 2 starts. **********
2025-10-08 11:51:44,921 - root - INFO - configuration is Namespace(dataset_name='Contacts', batch_size=200, model_name='JODIE', gpu=0, num_neighbors=10, sample_neighbor_strategy='uniform', time_scaling_factor=1e-06, num_walk_heads=8, num_heads=2, num_layers=1, walk_length=1, time_gap=2000, time_feat_dim=100, position_feat_dim=172, time_window_mode='fixed_proportion', time_encoder_type='lete', expert_dim=128, num_mixtures=16, sort_neighbors_by_time=False, patch_size=1, channel_embedding_dim=50, max_input_sequence_length=32, learning_rate=0.0001, dropout=0.1, gamma=0.5, num_epochs=2, optimizer='Adam', weight_decay=0.0, patience=20, val_ratio=0.15, test_ratio=0.15, num_runs=2, test_interval_epochs=100, negative_sample_strategy='random', max_interaction_times=10, load_best_configs=True, data_ratio=0.05, seed=1, save_model_name_suffix='', ablation_dir='', mamba_d_state=256, mamba_d_conv=4, mamba_expand=2, mamba_headdim=64, resume_from_checkpoint=None, save_checkpoints=True, checkpoint_interval=20, start_from_seed=0, max_checkpoints_to_keep=3, checkpoint_strategy='minimal', validate_checkpoints=True, device='cuda:0', save_model_name='JODIE_lete_seed1')
2025-10-08 11:51:44,922 - root - INFO - Metrics will be saved to: ./saved_metrics/JODIE/Contacts/JODIE_lete_seed1
2025-10-08 11:51:44,924 - root - INFO - time encoder type: lete
2025-10-08 11:51:44,924 - root - INFO - Time encoder will be injected into JODIE model
2025-10-08 11:51:45,730 - root - INFO - model -> Sequential(
  (0): MemoryModel(
    (time_encoder): TimeEncoder(
      (w): Linear(in_features=1, out_features=100, bias=True)
    )
    (message_aggregator): MessageAggregator()
    (memory_bank): MemoryBank(num_nodes=693, memory_dim=172)
    (memory_updater): RNNMemoryUpdater(
      (memory_bank): MemoryBank(num_nodes=693, memory_dim=172)
      (memory_updater): RNNCell(616, 172)
    )
    (embedding_module): TimeProjectionEmbedding(
      (dropout): Dropout(p=0.1, inplace=False)
      (linear_layer): Linear(in_features=1, out_features=172, bias=True)
    )
  )
  (1): MergeLayer(
    (fc1): Linear(in_features=344, out_features=172, bias=True)
    (fc2): Linear(in_features=172, out_features=1, bias=True)
    (act): ReLU()
  )
)
2025-10-08 11:51:45,730 - root - INFO - model name: JODIE, #parameters: 783748 B, 765.37890625 KB, 0.7474403381347656 MB.
2025-10-08 11:51:51,216 - root - INFO - Epoch: 1, learning rate: 0.0001, train loss: 0.4816
2025-10-08 11:51:51,216 - root - INFO - train average_precision, 0.7635
2025-10-08 11:51:51,217 - root - INFO - train roc_auc, 0.8284
2025-10-08 11:51:51,217 - root - INFO - validate loss: 0.5180
2025-10-08 11:51:51,217 - root - INFO - validate average_precision, 0.7372
2025-10-08 11:51:51,217 - root - INFO - validate roc_auc, 0.8180
2025-10-08 11:51:51,217 - root - INFO - new node validate loss: 0.8087
2025-10-08 11:51:51,217 - root - INFO - new node validate average_precision, 0.5153
2025-10-08 11:51:51,217 - root - INFO - new node validate roc_auc, 0.5426
2025-10-08 11:51:51,227 - root - INFO - save model ./saved_models/JODIE/Contacts/JODIE_lete_seed1/JODIE_lete_seed1.pkl
2025-10-08 11:51:57,067 - root - INFO - Epoch: 2, learning rate: 0.0001, train loss: 0.4494
2025-10-08 11:51:57,067 - root - INFO - train average_precision, 0.7722
2025-10-08 11:51:57,067 - root - INFO - train roc_auc, 0.8415
2025-10-08 11:51:57,067 - root - INFO - validate loss: 0.4780
2025-10-08 11:51:57,067 - root - INFO - validate average_precision, 0.7376
2025-10-08 11:51:57,067 - root - INFO - validate roc_auc, 0.8215
2025-10-08 11:51:57,067 - root - INFO - new node validate loss: 0.9281
2025-10-08 11:51:57,067 - root - INFO - new node validate average_precision, 0.4987
2025-10-08 11:51:57,067 - root - INFO - new node validate roc_auc, 0.5357
2025-10-08 11:51:57,072 - root - INFO - save model ./saved_models/JODIE/Contacts/JODIE_lete_seed1/JODIE_lete_seed1.pkl
2025-10-08 11:51:57,165 - root - INFO - load model ./saved_models/JODIE/Contacts/JODIE_lete_seed1/JODIE_lete_seed1.pkl
2025-10-08 11:51:57,262 - root - INFO - get final performance on dataset Contacts...
2025-10-08 11:51:58,221 - root - INFO - test loss: 0.7550
2025-10-08 11:51:58,221 - root - INFO - test average_precision, 0.7327
2025-10-08 11:51:58,221 - root - INFO - test roc_auc, 0.8211
2025-10-08 11:51:58,221 - root - INFO - new node test loss: 1.0628
2025-10-08 11:51:58,221 - root - INFO - new node test average_precision, 0.6342
2025-10-08 11:51:58,221 - root - INFO - new node test roc_auc, 0.7074
2025-10-08 11:51:58,230 - root - INFO - ✅ Metrics saved to: ./saved_metrics/JODIE/Contacts/JODIE_lete_seed1
2025-10-08 11:51:58,230 - root - INFO - Run 2 cost 13.31 seconds.
2025-10-08 11:51:58,234 - root - INFO - metrics over 2 runs:
2025-10-08 11:51:58,234 - root - INFO - test average_precision, [np.float64(0.7417549394146042), np.float64(0.732686391037236)]
2025-10-08 11:51:58,234 - root - INFO - average test average_precision, 0.7372 ± 0.0064
2025-10-08 11:51:58,234 - root - INFO - test roc_auc, [np.float64(0.8239163518201762), np.float64(0.8210860131961619)]
2025-10-08 11:51:58,234 - root - INFO - average test roc_auc, 0.8225 ± 0.0020
2025-10-08 11:51:58,234 - root - INFO - new node test average_precision, [np.float64(0.6344087629277999), np.float64(0.6342195728303367)]
2025-10-08 11:51:58,234 - root - INFO - average new node test average_precision, 0.6343 ± 0.0001
2025-10-08 11:51:58,234 - root - INFO - new node test roc_auc, [np.float64(0.7019823570168808), np.float64(0.7073660040796946)]
2025-10-08 11:51:58,234 - root - INFO - average new node test roc_auc, 0.7047 ± 0.0038
