2025-10-08 05:43:42,888 - root - INFO - ********** Run 1 starts. **********
2025-10-08 05:43:42,888 - root - INFO - configuration is Namespace(dataset_name='SocialEvo', batch_size=200, model_name='TGN', gpu=0, num_neighbors=10, sample_neighbor_strategy='recent', time_scaling_factor=1e-06, num_walk_heads=8, num_heads=2, num_layers=1, walk_length=1, time_gap=2000, time_feat_dim=100, position_feat_dim=172, time_window_mode='fixed_proportion', time_encoder_type='mercer', expert_dim=128, num_mixtures=16, sort_neighbors_by_time=False, patch_size=1, channel_embedding_dim=50, max_input_sequence_length=32, learning_rate=0.0001, dropout=0.0, gamma=0.5, num_epochs=2, optimizer='Adam', weight_decay=0.0, patience=20, val_ratio=0.15, test_ratio=0.15, num_runs=2, test_interval_epochs=100, negative_sample_strategy='random', max_interaction_times=10, load_best_configs=True, data_ratio=0.05, seed=0, save_model_name_suffix='', ablation_dir='', mamba_d_state=256, mamba_d_conv=4, mamba_expand=2, mamba_headdim=64, resume_from_checkpoint=None, save_checkpoints=True, checkpoint_interval=5, start_from_seed=0, max_checkpoints_to_keep=3, checkpoint_strategy='minimal', validate_checkpoints=True, device='cuda:0', save_model_name='TGN_mercer_seed0')
2025-10-08 05:43:42,892 - root - INFO - Metrics will be saved to: ./saved_metrics/TGN/SocialEvo/TGN_mercer_seed0
2025-10-08 05:43:42,893 - root - INFO - time encoder type: mercer
2025-10-08 05:43:42,893 - root - INFO - Time encoder will be injected into TGN model
2025-10-08 05:43:43,803 - root - INFO - model -> Sequential(
  (0): MemoryModel(
    (time_encoder): TimeEncoder(
      (w): Linear(in_features=1, out_features=100, bias=True)
    )
    (message_aggregator): MessageAggregator()
    (memory_bank): MemoryBank(num_nodes=75, memory_dim=172)
    (memory_updater): GRUMemoryUpdater(
      (memory_bank): MemoryBank(num_nodes=75, memory_dim=172)
      (memory_updater): GRUCell(616, 172)
    )
    (embedding_module): GraphAttentionEmbedding(
      (time_encoder): TimeEncoder(
        (w): Linear(in_features=1, out_features=100, bias=True)
      )
      (temporal_conv_layers): ModuleList(
        (0): MultiHeadAttention(
          (query_projection): Linear(in_features=272, out_features=272, bias=False)
          (key_projection): Linear(in_features=444, out_features=272, bias=False)
          (value_projection): Linear(in_features=444, out_features=272, bias=False)
          (layer_norm): LayerNorm((272,), eps=1e-05, elementwise_affine=True)
          (residual_fc): Linear(in_features=272, out_features=272, bias=True)
          (dropout): Dropout(p=0.0, inplace=False)
        )
      )
      (merge_layers): ModuleList(
        (0): MergeLayer(
          (fc1): Linear(in_features=444, out_features=172, bias=True)
          (fc2): Linear(in_features=172, out_features=172, bias=True)
          (act): ReLU()
        )
      )
    )
  )
  (1): MergeLayer(
    (fc1): Linear(in_features=344, out_features=172, bias=True)
    (fc2): Linear(in_features=172, out_features=1, bias=True)
    (act): ReLU()
  )
)
2025-10-08 05:43:43,803 - root - INFO - model name: TGN, #parameters: 3855876 B, 3765.50390625 KB, 3.6772499084472656 MB.
2025-10-08 05:43:53,951 - root - INFO - Epoch: 1, learning rate: 0.0001, train loss: 0.4106
2025-10-08 05:43:53,951 - root - INFO - train average_precision, 0.8376
2025-10-08 05:43:53,951 - root - INFO - train roc_auc, 0.8843
2025-10-08 05:43:53,951 - root - INFO - validate loss: 0.4031
2025-10-08 05:43:53,951 - root - INFO - validate average_precision, 0.8610
2025-10-08 05:43:53,952 - root - INFO - validate roc_auc, 0.8933
2025-10-08 05:43:53,952 - root - INFO - new node validate loss: 0.4773
2025-10-08 05:43:53,952 - root - INFO - new node validate average_precision, 0.8208
2025-10-08 05:43:53,952 - root - INFO - new node validate roc_auc, 0.8538
2025-10-08 05:43:53,961 - root - INFO - save model ./saved_models/TGN/SocialEvo/TGN_mercer_seed0/TGN_mercer_seed0.pkl
2025-10-08 05:44:03,609 - root - INFO - Epoch: 2, learning rate: 0.0001, train loss: 0.3592
2025-10-08 05:44:03,609 - root - INFO - train average_precision, 0.8711
2025-10-08 05:44:03,609 - root - INFO - train roc_auc, 0.9092
2025-10-08 05:44:03,609 - root - INFO - validate loss: 0.3955
2025-10-08 05:44:03,609 - root - INFO - validate average_precision, 0.8621
2025-10-08 05:44:03,609 - root - INFO - validate roc_auc, 0.8949
2025-10-08 05:44:03,609 - root - INFO - new node validate loss: 0.4703
2025-10-08 05:44:03,609 - root - INFO - new node validate average_precision, 0.8110
2025-10-08 05:44:03,609 - root - INFO - new node validate roc_auc, 0.8514
2025-10-08 05:44:03,614 - root - INFO - save model ./saved_models/TGN/SocialEvo/TGN_mercer_seed0/TGN_mercer_seed0.pkl
2025-10-08 05:44:03,701 - root - INFO - load model ./saved_models/TGN/SocialEvo/TGN_mercer_seed0/TGN_mercer_seed0.pkl
2025-10-08 05:44:03,775 - root - INFO - get final performance on dataset SocialEvo...
2025-10-08 05:44:05,024 - root - INFO - test loss: 0.3901
2025-10-08 05:44:05,025 - root - INFO - test average_precision, 0.8743
2025-10-08 05:44:05,025 - root - INFO - test roc_auc, 0.8983
2025-10-08 05:44:05,025 - root - INFO - new node test loss: 0.4491
2025-10-08 05:44:05,025 - root - INFO - new node test average_precision, 0.8303
2025-10-08 05:44:05,025 - root - INFO - new node test roc_auc, 0.8644
2025-10-08 05:44:05,034 - root - INFO - ✅ Metrics saved to: ./saved_metrics/TGN/SocialEvo/TGN_mercer_seed0
2025-10-08 05:44:05,034 - root - INFO - Run 1 cost 22.15 seconds.
