INFO:root:********** Run 1 starts. **********
INFO:root:configuration is Namespace(dataset_name='reddit', batch_size=200, model_name='DyGFormer', gpu=0, num_neighbors=20, sample_neighbor_strategy='uniform', time_scaling_factor=1e-06, num_walk_heads=8, num_heads=2, num_layers=2, walk_length=1, time_gap=2000, time_feat_dim=100, position_feat_dim=172, time_window_mode='fixed_proportion', time_encoder_type='kan_mammote_dual_kmote', expert_dim=128, num_mixtures=16, sort_neighbors_by_time=False, patch_size=2, channel_embedding_dim=50, max_input_sequence_length=64, learning_rate=0.0001, dropout=0.2, gamma=0.5, num_epochs=100, optimizer='Adam', weight_decay=0.0, patience=20, val_ratio=0.15, test_ratio=0.15, num_runs=1, test_interval_epochs=5, negative_sample_strategy='random', max_interaction_times=10, load_best_configs=True, data_ratio=1.0, seed=0, save_model_name_suffix='', ablation_dir='', mamba_d_state=256, mamba_d_conv=4, mamba_expand=2, mamba_headdim=64, debug_encoder=False, resume_from_checkpoint='./saved_models/DyGFormer/reddit/DyGFormer_kan_mammote_dual_kmote_seed0/checkpoint_epoch_35.pth', save_checkpoints=True, checkpoint_interval=5, start_from_seed=0, max_checkpoints_to_keep=3, checkpoint_strategy='smart', validate_checkpoints=True, disable_progress_bar=True, device='cuda:0', save_model_name='DyGFormer_kan_mammote_dual_kmote_seed0')
INFO:root:Metrics will be saved to: ./saved_metrics/DyGFormer/reddit/DyGFormer_kan_mammote_dual_kmote_seed0
INFO:root:time encoder type: kan_mammote_dual_kmote
INFO:root:Time encoder will be injected into DyGFormer model
INFO:root:model -> Sequential(
  (0): DyGFormer(
    (time_encoder): KAN_MAMMOTE(
      (k_mote_abs): KMOTE(
        (experts): ModuleList(
          (0): SplineKANLayer(
            (input_projection): Linear(in_features=1, out_features=1, bias=True)
            (global_branch): Sequential(
              (0): Linear(in_features=1, out_features=32, bias=True)
              (1): GELU(approximate='none')
              (2): Linear(in_features=32, out_features=128, bias=True)
            )
          )
          (1): FourierKANLayer()
          (2): WaveletKANLayer(
            (linear): Linear(in_features=16, out_features=128, bias=True)
          )
          (3): SplineKANLayer(
            (input_projection): Linear(in_features=1, out_features=1, bias=True)
            (global_branch): Sequential(
              (0): Linear(in_features=1, out_features=32, bias=True)
              (1): GELU(approximate='none')
              (2): Linear(in_features=32, out_features=128, bias=True)
            )
            (local_linear): Linear(in_features=8, out_features=128, bias=True)
          )
        )
        (gating_network): Sequential(
          (0): Linear(in_features=1, out_features=64, bias=True)
          (1): GELU(approximate='none')
          (2): Linear(in_features=64, out_features=4, bias=True)
        )
        (layer_norm): LayerNorm((128,), eps=1e-05, elementwise_affine=True)
      )
      (k_mote_rel): KMOTE(
        (experts): ModuleList(
          (0): SplineKANLayer(
            (input_projection): Linear(in_features=1, out_features=1, bias=True)
            (global_branch): Sequential(
              (0): Linear(in_features=1, out_features=32, bias=True)
              (1): GELU(approximate='none')
              (2): Linear(in_features=32, out_features=128, bias=True)
            )
          )
          (1): FourierKANLayer()
          (2): WaveletKANLayer(
            (linear): Linear(in_features=16, out_features=128, bias=True)
          )
          (3): SplineKANLayer(
            (input_projection): Linear(in_features=1, out_features=1, bias=True)
            (global_branch): Sequential(
              (0): Linear(in_features=1, out_features=32, bias=True)
              (1): GELU(approximate='none')
              (2): Linear(in_features=32, out_features=128, bias=True)
            )
            (local_linear): Linear(in_features=8, out_features=128, bias=True)
          )
        )
        (gating_network): Sequential(
          (0): Linear(in_features=1, out_features=64, bias=True)
          (1): GELU(approximate='none')
          (2): Linear(in_features=64, out_features=4, bias=True)
        )
        (layer_norm): LayerNorm((128,), eps=1e-05, elementwise_affine=True)
      )
      (mamba2): ControllableMamba2(
        (in_proj): Linear(in_features=128, out_features=1040, bias=False)
        (conv1d): Conv1d(768, 768, kernel_size=(4,), stride=(1,), padding=(3,), groups=768)
        (act): SiLU()
        (norm): RMSNorm()
        (out_proj): Linear(in_features=256, out_features=128, bias=False)
      )
      (fusion_mlp_base): Sequential(
        (0): Linear(in_features=128, out_features=128, bias=True)
        (1): LayerNorm((128,), eps=1e-05, elementwise_affine=True)
        (2): GELU(approximate='none')
        (3): Linear(in_features=128, out_features=128, bias=True)
      )
      (modulator_head): Sequential(
        (0): Linear(in_features=128, out_features=64, bias=True)
        (1): GELU(approximate='none')
        (2): Linear(in_features=64, out_features=32, bias=True)
      )
      (output_projection): Sequential(
        (0): Linear(in_features=128, out_features=100, bias=True)
        (1): LayerNorm((100,), eps=1e-05, elementwise_affine=True)
      )
    )
    (neighbor_co_occurrence_encoder): NeighborCooccurrenceEncoder(
      (neighbor_co_occurrence_encode_layer): Sequential(
        (0): Linear(in_features=1, out_features=50, bias=True)
        (1): ReLU()
        (2): Linear(in_features=50, out_features=50, bias=True)
      )
    )
    (projection_layer): ModuleDict(
      (node): Linear(in_features=344, out_features=50, bias=True)
      (edge): Linear(in_features=344, out_features=50, bias=True)
      (time): Linear(in_features=200, out_features=50, bias=True)
      (neighbor_co_occurrence): Linear(in_features=100, out_features=50, bias=True)
    )
    (transformers): ModuleList(
      (0-1): 2 x TransformerEncoder(
        (multi_head_attention): MultiheadAttention(
          (out_proj): NonDynamicallyQuantizableLinear(in_features=200, out_features=200, bias=True)
        )
        (dropout): Dropout(p=0.2, inplace=False)
        (linear_layers): ModuleList(
          (0): Linear(in_features=200, out_features=800, bias=True)
          (1): Linear(in_features=800, out_features=200, bias=True)
        )
        (norm_layers): ModuleList(
          (0-1): 2 x LayerNorm((200,), eps=1e-05, elementwise_affine=True)
        )
      )
    )
    (output_layer): Linear(in_features=200, out_features=172, bias=True)
  )
  (1): MergeLayer(
    (fc1): Linear(in_features=344, out_features=172, bias=True)
    (fc2): Linear(in_features=172, out_features=1, bias=True)
    (act): ReLU()
  )
)
INFO:root:model name: DyGFormer, #parameters: 5515628 B, 5386.35546875 KB, 5.260112762451172 MB.
INFO:root:Warming up time encoder...
ERROR:root:Checkpoint path not found: ./saved_models/DyGFormer/reddit/DyGFormer_kan_mammote_dual_kmote_seed0/checkpoint_epoch_35.pth
2025-10-12 19:03:03,026 - root - ERROR - Checkpoint path not found: ./saved_models/DyGFormer/reddit/DyGFormer_kan_mammote_dual_kmote_seed0/checkpoint_epoch_35.pth
INFO:root:Epoch: 1/100 completed, Average Loss: 0.1705, Batches: 1950
INFO:root:Epoch: 1, learning rate: 0.0001, train loss: 0.1705
INFO:root:train average_precision, 0.9790
INFO:root:train roc_auc, 0.9765
INFO:root:validate loss: 0.1253
INFO:root:validate average_precision, 0.9894
INFO:root:validate roc_auc, 0.9878
INFO:root:new node validate loss: 0.1616
INFO:root:new node validate average_precision, 0.9832
INFO:root:new node validate roc_auc, 0.9802
INFO:root:save model ./saved_models/DyGFormer/reddit/DyGFormer_kan_mammote_dual_kmote_seed0/DyGFormer_kan_mammote_dual_kmote_seed0.pkl
INFO:root:Epoch: 2/100 completed, Average Loss: 0.1506, Batches: 1950
INFO:root:Epoch: 2, learning rate: 0.0001, train loss: 0.1506
INFO:root:train average_precision, 0.9851
INFO:root:train roc_auc, 0.9825
INFO:root:validate loss: 0.1214
INFO:root:validate average_precision, 0.9904
INFO:root:validate roc_auc, 0.9890
INFO:root:new node validate loss: 0.1574
INFO:root:new node validate average_precision, 0.9843
INFO:root:new node validate roc_auc, 0.9819
INFO:root:save model ./saved_models/DyGFormer/reddit/DyGFormer_kan_mammote_dual_kmote_seed0/DyGFormer_kan_mammote_dual_kmote_seed0.pkl
INFO:root:Epoch: 3/100 completed, Average Loss: 0.1462, Batches: 1950
INFO:root:Epoch: 3, learning rate: 0.0001, train loss: 0.1462
INFO:root:train average_precision, 0.9858
INFO:root:train roc_auc, 0.9836
INFO:root:validate loss: 0.1177
INFO:root:validate average_precision, 0.9907
INFO:root:validate roc_auc, 0.9896
INFO:root:new node validate loss: 0.1548
INFO:root:new node validate average_precision, 0.9849
INFO:root:new node validate roc_auc, 0.9826
INFO:root:save model ./saved_models/DyGFormer/reddit/DyGFormer_kan_mammote_dual_kmote_seed0/DyGFormer_kan_mammote_dual_kmote_seed0.pkl
INFO:root:Epoch: 4/100 completed, Average Loss: 0.1433, Batches: 1950
INFO:root:Epoch: 4, learning rate: 0.0001, train loss: 0.1433
INFO:root:train average_precision, 0.9867
INFO:root:train roc_auc, 0.9847
INFO:root:validate loss: 0.1191
INFO:root:validate average_precision, 0.9906
INFO:root:validate roc_auc, 0.9896
INFO:root:new node validate loss: 0.1577
INFO:root:new node validate average_precision, 0.9848
INFO:root:new node validate roc_auc, 0.9826
INFO:root:Epoch: 5/100 completed, Average Loss: 0.1404, Batches: 1950
INFO:root:Epoch: 5, learning rate: 0.0001, train loss: 0.1404
INFO:root:train average_precision, 0.9870
INFO:root:train roc_auc, 0.9852
INFO:root:validate loss: 0.1166
INFO:root:validate average_precision, 0.9911
INFO:root:validate roc_auc, 0.9902
INFO:root:new node validate loss: 0.1527
INFO:root:new node validate average_precision, 0.9855
INFO:root:new node validate roc_auc, 0.9838
INFO:root:test loss: 0.1153
INFO:root:test average_precision, 0.9914
INFO:root:best test average_precision: 0.9914
INFO:root:test roc_auc, 0.9903
INFO:root:new node test loss: 0.1415
INFO:root:new node test average_precision, 0.9873
INFO:root:new node test roc_auc, 0.9855
INFO:root:Checkpoint ./saved_models/DyGFormer/reddit/DyGFormer_kan_mammote_dual_kmote_seed0/checkpoint_epoch_5.pth.tmp validation passed (epoch 5)
INFO:root:✅ Checkpoint saved and validated: ./saved_models/DyGFormer/reddit/DyGFormer_kan_mammote_dual_kmote_seed0/checkpoint_epoch_5.pth
INFO:root:save model ./saved_models/DyGFormer/reddit/DyGFormer_kan_mammote_dual_kmote_seed0/DyGFormer_kan_mammote_dual_kmote_seed0.pkl
INFO:root:Epoch: 6/100 completed, Average Loss: 0.1385, Batches: 1950
INFO:root:Epoch: 6, learning rate: 0.0001, train loss: 0.1385
INFO:root:train average_precision, 0.9874
INFO:root:train roc_auc, 0.9858
INFO:root:validate loss: 0.1145
INFO:root:validate average_precision, 0.9912
INFO:root:validate roc_auc, 0.9903
INFO:root:new node validate loss: 0.1513
INFO:root:new node validate average_precision, 0.9857
INFO:root:new node validate roc_auc, 0.9839
INFO:root:save model ./saved_models/DyGFormer/reddit/DyGFormer_kan_mammote_dual_kmote_seed0/DyGFormer_kan_mammote_dual_kmote_seed0.pkl
INFO:root:Epoch: 7/100 completed, Average Loss: 0.1375, Batches: 1950
INFO:root:Epoch: 7, learning rate: 0.0001, train loss: 0.1375
INFO:root:train average_precision, 0.9875
INFO:root:train roc_auc, 0.9859
INFO:root:validate loss: 0.1136
INFO:root:validate average_precision, 0.9913
INFO:root:validate roc_auc, 0.9905
INFO:root:new node validate loss: 0.1489
INFO:root:new node validate average_precision, 0.9859
INFO:root:new node validate roc_auc, 0.9841
INFO:root:save model ./saved_models/DyGFormer/reddit/DyGFormer_kan_mammote_dual_kmote_seed0/DyGFormer_kan_mammote_dual_kmote_seed0.pkl
INFO:root:Epoch: 8/100 completed, Average Loss: 0.1363, Batches: 1950
INFO:root:Epoch: 8, learning rate: 0.0001, train loss: 0.1363
INFO:root:train average_precision, 0.9878
INFO:root:train roc_auc, 0.9864
INFO:root:validate loss: 0.1141
INFO:root:validate average_precision, 0.9914
INFO:root:validate roc_auc, 0.9905
INFO:root:new node validate loss: 0.1506
INFO:root:new node validate average_precision, 0.9858
INFO:root:new node validate roc_auc, 0.9842
INFO:root:save model ./saved_models/DyGFormer/reddit/DyGFormer_kan_mammote_dual_kmote_seed0/DyGFormer_kan_mammote_dual_kmote_seed0.pkl
INFO:root:Epoch: 9/100 completed, Average Loss: 0.1355, Batches: 1950
INFO:root:Epoch: 9, learning rate: 0.0001, train loss: 0.1355
INFO:root:train average_precision, 0.9879
INFO:root:train roc_auc, 0.9865
INFO:root:validate loss: 0.1129
INFO:root:validate average_precision, 0.9915
INFO:root:validate roc_auc, 0.9907
INFO:root:new node validate loss: 0.1480
INFO:root:new node validate average_precision, 0.9858
INFO:root:new node validate roc_auc, 0.9843
INFO:root:save model ./saved_models/DyGFormer/reddit/DyGFormer_kan_mammote_dual_kmote_seed0/DyGFormer_kan_mammote_dual_kmote_seed0.pkl
INFO:root:Epoch: 10/100 completed, Average Loss: 0.1337, Batches: 1950
INFO:root:Epoch: 10, learning rate: 0.0001, train loss: 0.1337
INFO:root:train average_precision, 0.9882
INFO:root:train roc_auc, 0.9869
INFO:root:validate loss: 0.1124
INFO:root:validate average_precision, 0.9916
INFO:root:validate roc_auc, 0.9908
INFO:root:new node validate loss: 0.1474
INFO:root:new node validate average_precision, 0.9863
INFO:root:new node validate roc_auc, 0.9847
INFO:root:test loss: 0.1106
INFO:root:test average_precision, 0.9918
INFO:root:best test average_precision: 0.9918
INFO:root:test roc_auc, 0.9909
INFO:root:new node test loss: 0.1376
INFO:root:new node test average_precision, 0.9878
INFO:root:new node test roc_auc, 0.9860
INFO:root:Checkpoint ./saved_models/DyGFormer/reddit/DyGFormer_kan_mammote_dual_kmote_seed0/checkpoint_epoch_10.pth.tmp validation passed (epoch 10)
INFO:root:✅ Checkpoint saved and validated: ./saved_models/DyGFormer/reddit/DyGFormer_kan_mammote_dual_kmote_seed0/checkpoint_epoch_10.pth
INFO:root:save model ./saved_models/DyGFormer/reddit/DyGFormer_kan_mammote_dual_kmote_seed0/DyGFormer_kan_mammote_dual_kmote_seed0.pkl
INFO:root:Epoch: 11/100 completed, Average Loss: 0.1325, Batches: 1950
INFO:root:Epoch: 11, learning rate: 0.0001, train loss: 0.1325
INFO:root:train average_precision, 0.9884
INFO:root:train roc_auc, 0.9870
INFO:root:validate loss: 0.1129
INFO:root:validate average_precision, 0.9916
INFO:root:validate roc_auc, 0.9907
INFO:root:new node validate loss: 0.1492
INFO:root:new node validate average_precision, 0.9861
INFO:root:new node validate roc_auc, 0.9846
INFO:root:Epoch: 12/100 completed, Average Loss: 0.1322, Batches: 1950
INFO:root:Epoch: 12, learning rate: 0.0001, train loss: 0.1322
INFO:root:train average_precision, 0.9885
INFO:root:train roc_auc, 0.9872
INFO:root:validate loss: 0.1134
INFO:root:validate average_precision, 0.9916
INFO:root:validate roc_auc, 0.9908
INFO:root:new node validate loss: 0.1497
INFO:root:new node validate average_precision, 0.9860
INFO:root:new node validate roc_auc, 0.9846
INFO:root:Epoch: 13/100 completed, Average Loss: 0.1310, Batches: 1950
INFO:root:Epoch: 13, learning rate: 0.0001, train loss: 0.1310
INFO:root:train average_precision, 0.9887
INFO:root:train roc_auc, 0.9874
INFO:root:validate loss: 0.1129
INFO:root:validate average_precision, 0.9917
INFO:root:validate roc_auc, 0.9909
INFO:root:new node validate loss: 0.1483
INFO:root:new node validate average_precision, 0.9864
INFO:root:new node validate roc_auc, 0.9849
INFO:root:save model ./saved_models/DyGFormer/reddit/DyGFormer_kan_mammote_dual_kmote_seed0/DyGFormer_kan_mammote_dual_kmote_seed0.pkl
INFO:root:Epoch: 14/100 completed, Average Loss: 0.1307, Batches: 1950
INFO:root:Epoch: 14, learning rate: 0.0001, train loss: 0.1307
INFO:root:train average_precision, 0.9887
INFO:root:train roc_auc, 0.9875
INFO:root:validate loss: 0.1139
INFO:root:validate average_precision, 0.9917
INFO:root:validate roc_auc, 0.9909
INFO:root:new node validate loss: 0.1501
INFO:root:new node validate average_precision, 0.9863
INFO:root:new node validate roc_auc, 0.9850
INFO:root:save model ./saved_models/DyGFormer/reddit/DyGFormer_kan_mammote_dual_kmote_seed0/DyGFormer_kan_mammote_dual_kmote_seed0.pkl
INFO:root:Epoch: 15/100 completed, Average Loss: 0.1300, Batches: 1950
INFO:root:Epoch: 15, learning rate: 0.0001, train loss: 0.1300
INFO:root:train average_precision, 0.9887
INFO:root:train roc_auc, 0.9876
INFO:root:validate loss: 0.1131
INFO:root:validate average_precision, 0.9917
INFO:root:validate roc_auc, 0.9909
INFO:root:new node validate loss: 0.1500
INFO:root:new node validate average_precision, 0.9861
INFO:root:new node validate roc_auc, 0.9849
INFO:root:test loss: 0.1114
INFO:root:test average_precision, 0.9919
INFO:root:best test average_precision: 0.9919
INFO:root:test roc_auc, 0.9910
INFO:root:new node test loss: 0.1397
INFO:root:new node test average_precision, 0.9878
INFO:root:new node test roc_auc, 0.9862
INFO:root:Checkpoint ./saved_models/DyGFormer/reddit/DyGFormer_kan_mammote_dual_kmote_seed0/checkpoint_epoch_15.pth.tmp validation passed (epoch 15)
INFO:root:✅ Checkpoint saved and validated: ./saved_models/DyGFormer/reddit/DyGFormer_kan_mammote_dual_kmote_seed0/checkpoint_epoch_15.pth
INFO:root:Epoch: 16/100 completed, Average Loss: 0.1286, Batches: 1950
INFO:root:Epoch: 16, learning rate: 0.0001, train loss: 0.1286
INFO:root:train average_precision, 0.9890
INFO:root:train roc_auc, 0.9879
INFO:root:validate loss: 0.1111
INFO:root:validate average_precision, 0.9919
INFO:root:validate roc_auc, 0.9911
INFO:root:new node validate loss: 0.1463
INFO:root:new node validate average_precision, 0.9866
INFO:root:new node validate roc_auc, 0.9852
INFO:root:save model ./saved_models/DyGFormer/reddit/DyGFormer_kan_mammote_dual_kmote_seed0/DyGFormer_kan_mammote_dual_kmote_seed0.pkl
INFO:root:Epoch: 17/100 completed, Average Loss: 0.1282, Batches: 1950
INFO:root:Epoch: 17, learning rate: 0.0001, train loss: 0.1282
INFO:root:train average_precision, 0.9891
INFO:root:train roc_auc, 0.9881
INFO:root:validate loss: 0.1107
INFO:root:validate average_precision, 0.9920
INFO:root:validate roc_auc, 0.9912
INFO:root:new node validate loss: 0.1455
INFO:root:new node validate average_precision, 0.9868
INFO:root:new node validate roc_auc, 0.9854
INFO:root:save model ./saved_models/DyGFormer/reddit/DyGFormer_kan_mammote_dual_kmote_seed0/DyGFormer_kan_mammote_dual_kmote_seed0.pkl
INFO:root:Epoch: 18/100 completed, Average Loss: 0.1273, Batches: 1950
INFO:root:Epoch: 18, learning rate: 0.0001, train loss: 0.1273
INFO:root:train average_precision, 0.9892
INFO:root:train roc_auc, 0.9882
INFO:root:validate loss: 0.1123
INFO:root:validate average_precision, 0.9919
INFO:root:validate roc_auc, 0.9911
INFO:root:new node validate loss: 0.1481
INFO:root:new node validate average_precision, 0.9866
INFO:root:new node validate roc_auc, 0.9851
INFO:root:Epoch: 19/100 completed, Average Loss: 0.1260, Batches: 1950
INFO:root:Epoch: 19, learning rate: 0.0001, train loss: 0.1260
INFO:root:train average_precision, 0.9894
INFO:root:train roc_auc, 0.9884
INFO:root:validate loss: 0.1106
INFO:root:validate average_precision, 0.9920
INFO:root:validate roc_auc, 0.9912
INFO:root:new node validate loss: 0.1459
INFO:root:new node validate average_precision, 0.9867
INFO:root:new node validate roc_auc, 0.9853
INFO:root:save model ./saved_models/DyGFormer/reddit/DyGFormer_kan_mammote_dual_kmote_seed0/DyGFormer_kan_mammote_dual_kmote_seed0.pkl
INFO:root:Epoch: 20/100 completed, Average Loss: 0.1254, Batches: 1950
INFO:root:Epoch: 20, learning rate: 0.0001, train loss: 0.1254
INFO:root:train average_precision, 0.9895
INFO:root:train roc_auc, 0.9886
INFO:root:validate loss: 0.1103
INFO:root:validate average_precision, 0.9921
INFO:root:validate roc_auc, 0.9913
INFO:root:new node validate loss: 0.1443
INFO:root:new node validate average_precision, 0.9870
INFO:root:new node validate roc_auc, 0.9858
INFO:root:test loss: 0.1087
INFO:root:test average_precision, 0.9923
INFO:root:best test average_precision: 0.9923
INFO:root:test roc_auc, 0.9915
INFO:root:new node test loss: 0.1343
INFO:root:new node test average_precision, 0.9885
INFO:root:new node test roc_auc, 0.9871
INFO:root:Checkpoint ./saved_models/DyGFormer/reddit/DyGFormer_kan_mammote_dual_kmote_seed0/checkpoint_epoch_20.pth.tmp validation passed (epoch 20)
INFO:root:✅ Checkpoint saved and validated: ./saved_models/DyGFormer/reddit/DyGFormer_kan_mammote_dual_kmote_seed0/checkpoint_epoch_20.pth
INFO:root:Removed old checkpoint: epoch 5
INFO:root:save model ./saved_models/DyGFormer/reddit/DyGFormer_kan_mammote_dual_kmote_seed0/DyGFormer_kan_mammote_dual_kmote_seed0.pkl
INFO:root:Epoch: 21/100 completed, Average Loss: 0.1251, Batches: 1950
INFO:root:Epoch: 21, learning rate: 0.0001, train loss: 0.1251
INFO:root:train average_precision, 0.9895
INFO:root:train roc_auc, 0.9886
INFO:root:validate loss: 0.1125
INFO:root:validate average_precision, 0.9920
INFO:root:validate roc_auc, 0.9912
INFO:root:new node validate loss: 0.1491
INFO:root:new node validate average_precision, 0.9868
INFO:root:new node validate roc_auc, 0.9854
INFO:root:Epoch: 22/100 completed, Average Loss: 0.1240, Batches: 1950
INFO:root:Epoch: 22, learning rate: 0.0001, train loss: 0.1240
INFO:root:train average_precision, 0.9897
INFO:root:train roc_auc, 0.9889
INFO:root:validate loss: 0.1122
INFO:root:validate average_precision, 0.9920
INFO:root:validate roc_auc, 0.9912
INFO:root:new node validate loss: 0.1483
INFO:root:new node validate average_precision, 0.9867
INFO:root:new node validate roc_auc, 0.9855
INFO:root:Epoch: 23/100 completed, Average Loss: 0.1231, Batches: 1950
INFO:root:Epoch: 23, learning rate: 0.0001, train loss: 0.1231
INFO:root:train average_precision, 0.9898
INFO:root:train roc_auc, 0.9890
INFO:root:validate loss: 0.1122
INFO:root:validate average_precision, 0.9920
INFO:root:validate roc_auc, 0.9913
INFO:root:new node validate loss: 0.1466
INFO:root:new node validate average_precision, 0.9869
INFO:root:new node validate roc_auc, 0.9855
INFO:root:Epoch: 24/100 completed, Average Loss: 0.1222, Batches: 1950
INFO:root:Epoch: 24, learning rate: 0.0001, train loss: 0.1222
INFO:root:train average_precision, 0.9900
INFO:root:train roc_auc, 0.9892
INFO:root:validate loss: 0.1150
INFO:root:validate average_precision, 0.9919
INFO:root:validate roc_auc, 0.9911
INFO:root:new node validate loss: 0.1524
INFO:root:new node validate average_precision, 0.9867
INFO:root:new node validate roc_auc, 0.9853
INFO:root:Epoch: 25/100 completed, Average Loss: 0.1218, Batches: 1950
INFO:root:Epoch: 25, learning rate: 0.0001, train loss: 0.1218
INFO:root:train average_precision, 0.9900
INFO:root:train roc_auc, 0.9893
INFO:root:validate loss: 0.1139
INFO:root:validate average_precision, 0.9918
INFO:root:validate roc_auc, 0.9910
INFO:root:new node validate loss: 0.1502
INFO:root:new node validate average_precision, 0.9866
INFO:root:new node validate roc_auc, 0.9852
INFO:root:test loss: 0.1120
INFO:root:test average_precision, 0.9921
INFO:root:best test average_precision: 0.9923
INFO:root:test roc_auc, 0.9912
INFO:root:new node test loss: 0.1386
INFO:root:new node test average_precision, 0.9883
INFO:root:new node test roc_auc, 0.9868
INFO:root:Checkpoint ./saved_models/DyGFormer/reddit/DyGFormer_kan_mammote_dual_kmote_seed0/checkpoint_epoch_25.pth.tmp validation passed (epoch 25)
INFO:root:✅ Checkpoint saved and validated: ./saved_models/DyGFormer/reddit/DyGFormer_kan_mammote_dual_kmote_seed0/checkpoint_epoch_25.pth
INFO:root:Removed old checkpoint: epoch 10
INFO:root:Epoch: 26/100 completed, Average Loss: 0.1209, Batches: 1950
INFO:root:Epoch: 26, learning rate: 0.0001, train loss: 0.1209
INFO:root:train average_precision, 0.9901
INFO:root:train roc_auc, 0.9895
INFO:root:validate loss: 0.1161
INFO:root:validate average_precision, 0.9916
INFO:root:validate roc_auc, 0.9909
INFO:root:new node validate loss: 0.1508
INFO:root:new node validate average_precision, 0.9866
INFO:root:new node validate roc_auc, 0.9853
INFO:root:Epoch: 27/100 completed, Average Loss: 0.1188, Batches: 1950
INFO:root:Epoch: 27, learning rate: 0.0001, train loss: 0.1188
INFO:root:train average_precision, 0.9904
INFO:root:train roc_auc, 0.9898
INFO:root:validate loss: 0.1166
INFO:root:validate average_precision, 0.9917
INFO:root:validate roc_auc, 0.9908
INFO:root:new node validate loss: 0.1521
INFO:root:new node validate average_precision, 0.9864
INFO:root:new node validate roc_auc, 0.9849
INFO:root:Epoch: 28/100 completed, Average Loss: 0.1186, Batches: 1950
INFO:root:Epoch: 28, learning rate: 0.0001, train loss: 0.1186
INFO:root:train average_precision, 0.9904
INFO:root:train roc_auc, 0.9899
INFO:root:validate loss: 0.1183
INFO:root:validate average_precision, 0.9915
INFO:root:validate roc_auc, 0.9906
INFO:root:new node validate loss: 0.1569
INFO:root:new node validate average_precision, 0.9861
INFO:root:new node validate roc_auc, 0.9845
INFO:root:Epoch: 29/100 completed, Average Loss: 0.1175, Batches: 1950
INFO:root:Epoch: 29, learning rate: 0.0001, train loss: 0.1175
INFO:root:train average_precision, 0.9906
INFO:root:train roc_auc, 0.9901
INFO:root:validate loss: 0.1190
INFO:root:validate average_precision, 0.9915
INFO:root:validate roc_auc, 0.9905
INFO:root:new node validate loss: 0.1574
INFO:root:new node validate average_precision, 0.9860
INFO:root:new node validate roc_auc, 0.9843
INFO:root:Epoch: 30/100 completed, Average Loss: 0.1169, Batches: 1950
INFO:root:Epoch: 30, learning rate: 0.0001, train loss: 0.1169
INFO:root:train average_precision, 0.9906
INFO:root:train roc_auc, 0.9902
INFO:root:validate loss: 0.1199
INFO:root:validate average_precision, 0.9915
INFO:root:validate roc_auc, 0.9905
INFO:root:new node validate loss: 0.1571
INFO:root:new node validate average_precision, 0.9863
INFO:root:new node validate roc_auc, 0.9844
INFO:root:test loss: 0.1187
INFO:root:test average_precision, 0.9918
INFO:root:best test average_precision: 0.9923
INFO:root:test roc_auc, 0.9906
INFO:root:new node test loss: 0.1458
INFO:root:new node test average_precision, 0.9876
INFO:root:new node test roc_auc, 0.9859
INFO:root:Checkpoint ./saved_models/DyGFormer/reddit/DyGFormer_kan_mammote_dual_kmote_seed0/checkpoint_epoch_30.pth.tmp validation passed (epoch 30)
INFO:root:✅ Checkpoint saved and validated: ./saved_models/DyGFormer/reddit/DyGFormer_kan_mammote_dual_kmote_seed0/checkpoint_epoch_30.pth
INFO:root:Removed old checkpoint: epoch 15
INFO:root:Epoch: 31/100 completed, Average Loss: 0.1155, Batches: 1950
INFO:root:Epoch: 31, learning rate: 0.0001, train loss: 0.1155
INFO:root:train average_precision, 0.9908
INFO:root:train roc_auc, 0.9905
INFO:root:validate loss: 0.1190
INFO:root:validate average_precision, 0.9916
INFO:root:validate roc_auc, 0.9907
INFO:root:new node validate loss: 0.1562
INFO:root:new node validate average_precision, 0.9862
INFO:root:new node validate roc_auc, 0.9846
INFO:root:Epoch: 32/100 completed, Average Loss: 0.1142, Batches: 1950
INFO:root:Epoch: 32, learning rate: 0.0001, train loss: 0.1142
INFO:root:train average_precision, 0.9911
INFO:root:train roc_auc, 0.9907
INFO:root:validate loss: 0.1230
INFO:root:validate average_precision, 0.9916
INFO:root:validate roc_auc, 0.9905
INFO:root:new node validate loss: 0.1619
INFO:root:new node validate average_precision, 0.9862
INFO:root:new node validate roc_auc, 0.9845
INFO:root:Epoch: 33/100 completed, Average Loss: 0.1131, Batches: 1950
INFO:root:Epoch: 33, learning rate: 0.0001, train loss: 0.1131
INFO:root:train average_precision, 0.9913
INFO:root:train roc_auc, 0.9910
INFO:root:validate loss: 0.1223
INFO:root:validate average_precision, 0.9915
INFO:root:validate roc_auc, 0.9904
INFO:root:new node validate loss: 0.1610
INFO:root:new node validate average_precision, 0.9860
INFO:root:new node validate roc_auc, 0.9842
INFO:root:Epoch: 34/100 completed, Average Loss: 0.1128, Batches: 1950
INFO:root:Epoch: 34, learning rate: 0.0001, train loss: 0.1128
INFO:root:train average_precision, 0.9913
INFO:root:train roc_auc, 0.9910
INFO:root:validate loss: 0.1269
INFO:root:validate average_precision, 0.9913
INFO:root:validate roc_auc, 0.9902
INFO:root:new node validate loss: 0.1665
INFO:root:new node validate average_precision, 0.9858
INFO:root:new node validate roc_auc, 0.9839
INFO:root:Epoch: 35/100 completed, Average Loss: 0.1125, Batches: 1950
INFO:root:Epoch: 35, learning rate: 0.0001, train loss: 0.1125
INFO:root:train average_precision, 0.9911
INFO:root:train roc_auc, 0.9910
INFO:root:validate loss: 0.1247
INFO:root:validate average_precision, 0.9914
INFO:root:validate roc_auc, 0.9904
INFO:root:new node validate loss: 0.1628
INFO:root:new node validate average_precision, 0.9860
INFO:root:new node validate roc_auc, 0.9844
INFO:root:test loss: 0.1221
INFO:root:test average_precision, 0.9918
INFO:root:best test average_precision: 0.9923
INFO:root:test roc_auc, 0.9907
INFO:root:new node test loss: 0.1489
INFO:root:new node test average_precision, 0.9877
INFO:root:new node test roc_auc, 0.9862
INFO:root:Checkpoint ./saved_models/DyGFormer/reddit/DyGFormer_kan_mammote_dual_kmote_seed0/checkpoint_epoch_35.pth.tmp validation passed (epoch 35)
INFO:root:✅ Checkpoint saved and validated: ./saved_models/DyGFormer/reddit/DyGFormer_kan_mammote_dual_kmote_seed0/checkpoint_epoch_35.pth
INFO:root:Removed old checkpoint: epoch 20
INFO:root:Epoch: 36/100 completed, Average Loss: 0.1108, Batches: 1950
INFO:root:Epoch: 36, learning rate: 0.0001, train loss: 0.1108
INFO:root:train average_precision, 0.9915
INFO:root:train roc_auc, 0.9913
INFO:root:validate loss: 0.1279
INFO:root:validate average_precision, 0.9915
INFO:root:validate roc_auc, 0.9903
INFO:root:new node validate loss: 0.1673
INFO:root:new node validate average_precision, 0.9861
INFO:root:new node validate roc_auc, 0.9844
INFO:root:Epoch: 37/100 completed, Average Loss: 0.1105, Batches: 1950
INFO:root:Epoch: 37, learning rate: 0.0001, train loss: 0.1105
INFO:root:train average_precision, 0.9916
INFO:root:train roc_auc, 0.9914
INFO:root:validate loss: 0.1340
INFO:root:validate average_precision, 0.9912
INFO:root:validate roc_auc, 0.9900
INFO:root:new node validate loss: 0.1758
INFO:root:new node validate average_precision, 0.9858
INFO:root:new node validate roc_auc, 0.9838
INFO:root:Epoch: 38/100 completed, Average Loss: 0.1091, Batches: 1950
INFO:root:Epoch: 38, learning rate: 0.0001, train loss: 0.1091
INFO:root:train average_precision, 0.9916
INFO:root:train roc_auc, 0.9915
INFO:root:validate loss: 0.1286
INFO:root:validate average_precision, 0.9913
INFO:root:validate roc_auc, 0.9902
INFO:root:new node validate loss: 0.1697
INFO:root:new node validate average_precision, 0.9858
INFO:root:new node validate roc_auc, 0.9840
INFO:root:Epoch: 39/100 completed, Average Loss: 0.1081, Batches: 1950
INFO:root:Epoch: 39, learning rate: 0.0001, train loss: 0.1081
INFO:root:train average_precision, 0.9918
INFO:root:train roc_auc, 0.9917
INFO:root:validate loss: 0.1334
INFO:root:validate average_precision, 0.9912
INFO:root:validate roc_auc, 0.9900
INFO:root:new node validate loss: 0.1742
INFO:root:new node validate average_precision, 0.9857
INFO:root:new node validate roc_auc, 0.9837
INFO:root:Epoch: 40/100 completed, Average Loss: 0.1067, Batches: 1950
INFO:root:Epoch: 40, learning rate: 0.0001, train loss: 0.1067
INFO:root:train average_precision, 0.9919
INFO:root:train roc_auc, 0.9919
INFO:root:validate loss: 0.1403
INFO:root:validate average_precision, 0.9910
INFO:root:validate roc_auc, 0.9897
INFO:root:new node validate loss: 0.1835
INFO:root:new node validate average_precision, 0.9854
INFO:root:new node validate roc_auc, 0.9834
INFO:root:test loss: 0.1354
INFO:root:test average_precision, 0.9915
INFO:root:best test average_precision: 0.9923
INFO:root:test roc_auc, 0.9902
INFO:root:new node test loss: 0.1679
INFO:root:new node test average_precision, 0.9872
INFO:root:new node test roc_auc, 0.9852
INFO:root:Checkpoint ./saved_models/DyGFormer/reddit/DyGFormer_kan_mammote_dual_kmote_seed0/checkpoint_epoch_40.pth.tmp validation passed (epoch 40)
INFO:root:✅ Checkpoint saved and validated: ./saved_models/DyGFormer/reddit/DyGFormer_kan_mammote_dual_kmote_seed0/checkpoint_epoch_40.pth
INFO:root:Removed old checkpoint: epoch 25
INFO:root:load model ./saved_models/DyGFormer/reddit/DyGFormer_kan_mammote_dual_kmote_seed0/DyGFormer_kan_mammote_dual_kmote_seed0.pkl
INFO:root:get final performance on dataset reddit...
INFO:root:validate loss: 0.1103
INFO:root:validate average_precision, 0.9921
INFO:root:validate roc_auc, 0.9913
INFO:root:new node validate loss: 0.1443
INFO:root:new node validate average_precision, 0.9870
INFO:root:new node validate roc_auc, 0.9858
INFO:root:test loss: 0.1087
INFO:root:test average_precision, 0.9923
INFO:root:test roc_auc, 0.9915
INFO:root:new node test loss: 0.1343
INFO:root:new node test average_precision, 0.9885
INFO:root:new node test roc_auc, 0.9871
INFO:root:✅ Metrics saved to: ./saved_metrics/DyGFormer/reddit/DyGFormer_kan_mammote_dual_kmote_seed0
INFO:root:Run 1 cost 25244.64 seconds.
INFO:root:metrics over 1 runs:
INFO:root:validate average_precision, [np.float64(0.9920578190761836)]
INFO:root:average validate average_precision, 0.9921 ± nan
INFO:root:validate roc_auc, [np.float64(0.9913163835580485)]
INFO:root:average validate roc_auc, 0.9913 ± nan
INFO:root:new node validate average_precision, [np.float64(0.9869710909154373)]
INFO:root:average new node validate average_precision, 0.9870 ± nan
INFO:root:new node validate roc_auc, [np.float64(0.9857635283650321)]
INFO:root:average new node validate roc_auc, 0.9858 ± nan
INFO:root:test average_precision, [np.float64(0.9922755549112958)]
INFO:root:average test average_precision, 0.9923 ± nan
INFO:root:test roc_auc, [np.float64(0.9914693441503873)]
INFO:root:average test roc_auc, 0.9915 ± nan
INFO:root:new node test average_precision, [np.float64(0.988507957967115)]
INFO:root:average new node test average_precision, 0.9885 ± nan
INFO:root:new node test roc_auc, [np.float64(0.9871068570483749)]
INFO:root:average new node test roc_auc, 0.9871 ± nan
Using device: cuda:0

🔍 DEBUGGING DATA LOADING:
   Time encoder: kan_mammote_dual_kmote
   Dataset: reddit
   Val ratio: 0.15
   Test ratio: 0.15
   Batch size: 200
   Load best configs: True
   Data ratio: 1.0
   Seed: 42
The dataset has 672447 interactions, involving 10984 different nodes
The training dataset has 389989 interactions, involving 9574 different nodes
The validation dataset has 100867 interactions, involving 9839 different nodes
The test dataset has 100867 interactions, involving 9615 different nodes
The new node validation dataset has 19446 interactions, involving 3491 different nodes
The new node test dataset has 21470 interactions, involving 3515 different nodes
1098 nodes were used for the inductive testing, i.e. are never seen during training

📊 DATA SPLIT SIZES (after data_ratio=1.0):
   Full data: 672,447 edges
   Train data: 389,989 edges (58.0%)
   Val data: 100,867 edges (15.0%)
   Test data: 100,867 edges (15.0%)
   Expected batches: 1950
   ✅ All splits proportionally scaled with ratio 0.58:0.15:0.15
📊 MetricsLogger initialized:
   Save directory: ./saved_metrics/DyGFormer/reddit/DyGFormer_kan_mammote_dual_kmote_seed0
   Train metrics: train_metrics_20251012_190256.csv
   Val metrics: val_metrics_20251012_190256.csv
   New node val metrics: new_node_val_metrics_20251012_190256.csv
   Test metrics: test_metrics_20251012_190256.csv
   New node test metrics: new_node_test_metrics_20251012_190256.csv
   Test periodic metrics: test_periodic_metrics_20251012_190256.csv
   New node test periodic metrics: new_node_test_periodic_metrics_20251012_190256.csv
Available encoders: ['original', 'time_encoder', 'default', 'kan_mammote', 'kan_mammote_dual_kmote', 'dual_stream_baseline', 'kan_mammote_lite', 'mercer', 'lete', 'bochner', 'time2vec', 'sm_kernel_only', 'kmote_abs_only', 'kmote_rel_only']
Requested encoder: kan_mammote_dual_kmote
INFO: Creating KAN-MAMMOTE time encoder with dual K-MOTE (no SM-kernel).
INFO: Extracting KAN-MAMMOTE Dual K-MOTE parameters from args.
KAN-MAMMOTE Dual K-MOTE parameters:
  - embedding_dim: 100
  - expert_dim: 128
  - num_mixtures: 16 (for fusion architecture)
  - mamba_d_state: 256
  - mamba_d_conv: 4
  - mamba_expand: 2
  - use_kmote_for_relative: True (dual K-MOTE mode)
⚠️  WARNING: num_mixtures (16) != expert_dim (128)
🔧 Setting num_mixtures = expert_dim = 128 for architectural consistency
Initialized K-MOTE with LayerNorm, Gating Temperature=1.0.
🔧 Using K-MOTE for relative time encoding (dual K-MOTE mode)
Initialized K-MOTE with LayerNorm, Gating Temperature=1.0.
🔧 Using ControllableMamba2 (with FiLM modulation)
Mamba2 parameters:
  nheads: 16
  d_state: 256
  d_conv: 4
  expand: 2
  headdim: 16
  embedding_dim: 100
  use_kmote_for_relative: True
Initialized Enhanced KAN-MAMMOTE Framework with shock wavelet.
INFO: No SM-Kernel initialization needed (using dual K-MOTE mode).
DyGFormer: Using custom time encoder: KAN_MAMMOTE

============================================================
🔥 Warming up KAN-MAMMOTE (ControllableMamba2)...
============================================================
  Iteration 1/3: 4.782s (compilation)
  Iteration 2/3: 0.006s (cached)
  Iteration 3/3: 0.004s (cached)
✅ Warm-up complete! CUDA kernels cached for this session.
============================================================

📄 Metrics summary saved to: ./saved_metrics/DyGFormer/reddit/DyGFormer_kan_mammote_dual_kmote_seed0/metrics_summary.txt
INFO:root:********** Run 1 starts. **********
INFO:root:configuration is Namespace(dataset_name='mooc', batch_size=200, model_name='DyGFormer', gpu=0, num_neighbors=20, sample_neighbor_strategy='uniform', time_scaling_factor=1e-06, num_walk_heads=8, num_heads=2, num_layers=2, walk_length=1, time_gap=2000, time_feat_dim=100, position_feat_dim=172, time_window_mode='fixed_proportion', time_encoder_type='kan_mammote_dual_kmote', expert_dim=128, num_mixtures=16, sort_neighbors_by_time=False, patch_size=4, channel_embedding_dim=50, max_input_sequence_length=256, learning_rate=0.0001, dropout=0.1, gamma=0.5, num_epochs=100, optimizer='Adam', weight_decay=0.0, patience=20, val_ratio=0.15, test_ratio=0.15, num_runs=1, test_interval_epochs=5, negative_sample_strategy='random', max_interaction_times=10, load_best_configs=True, data_ratio=1.0, seed=0, save_model_name_suffix='', ablation_dir='', mamba_d_state=256, mamba_d_conv=4, mamba_expand=2, mamba_headdim=64, debug_encoder=False, resume_from_checkpoint='./saved_models/DyGFormer/mooc/DyGFormer_kan_mammote_dual_kmote_seed0/checkpoint_epoch_55.pth', save_checkpoints=True, checkpoint_interval=5, start_from_seed=0, max_checkpoints_to_keep=3, checkpoint_strategy='smart', validate_checkpoints=True, disable_progress_bar=True, device='cuda:0', save_model_name='DyGFormer_kan_mammote_dual_kmote_seed0')
INFO:root:Metrics will be saved to: ./saved_metrics/DyGFormer/mooc/DyGFormer_kan_mammote_dual_kmote_seed0
INFO:root:time encoder type: kan_mammote_dual_kmote
INFO:root:Time encoder will be injected into DyGFormer model
INFO:root:model -> Sequential(
  (0): DyGFormer(
    (time_encoder): KAN_MAMMOTE(
      (k_mote_abs): KMOTE(
        (experts): ModuleList(
          (0): SplineKANLayer(
            (input_projection): Linear(in_features=1, out_features=1, bias=True)
            (global_branch): Sequential(
              (0): Linear(in_features=1, out_features=32, bias=True)
              (1): GELU(approximate='none')
              (2): Linear(in_features=32, out_features=128, bias=True)
            )
          )
          (1): FourierKANLayer()
          (2): WaveletKANLayer(
            (linear): Linear(in_features=16, out_features=128, bias=True)
          )
          (3): SplineKANLayer(
            (input_projection): Linear(in_features=1, out_features=1, bias=True)
            (global_branch): Sequential(
              (0): Linear(in_features=1, out_features=32, bias=True)
              (1): GELU(approximate='none')
              (2): Linear(in_features=32, out_features=128, bias=True)
            )
            (local_linear): Linear(in_features=8, out_features=128, bias=True)
          )
        )
        (gating_network): Sequential(
          (0): Linear(in_features=1, out_features=64, bias=True)
          (1): GELU(approximate='none')
          (2): Linear(in_features=64, out_features=4, bias=True)
        )
        (layer_norm): LayerNorm((128,), eps=1e-05, elementwise_affine=True)
      )
      (k_mote_rel): KMOTE(
        (experts): ModuleList(
          (0): SplineKANLayer(
            (input_projection): Linear(in_features=1, out_features=1, bias=True)
            (global_branch): Sequential(
              (0): Linear(in_features=1, out_features=32, bias=True)
              (1): GELU(approximate='none')
              (2): Linear(in_features=32, out_features=128, bias=True)
            )
          )
          (1): FourierKANLayer()
          (2): WaveletKANLayer(
            (linear): Linear(in_features=16, out_features=128, bias=True)
          )
          (3): SplineKANLayer(
            (input_projection): Linear(in_features=1, out_features=1, bias=True)
            (global_branch): Sequential(
              (0): Linear(in_features=1, out_features=32, bias=True)
              (1): GELU(approximate='none')
              (2): Linear(in_features=32, out_features=128, bias=True)
            )
            (local_linear): Linear(in_features=8, out_features=128, bias=True)
          )
        )
        (gating_network): Sequential(
          (0): Linear(in_features=1, out_features=64, bias=True)
          (1): GELU(approximate='none')
          (2): Linear(in_features=64, out_features=4, bias=True)
        )
        (layer_norm): LayerNorm((128,), eps=1e-05, elementwise_affine=True)
      )
      (mamba2): ControllableMamba2(
        (in_proj): Linear(in_features=128, out_features=1040, bias=False)
        (conv1d): Conv1d(768, 768, kernel_size=(4,), stride=(1,), padding=(3,), groups=768)
        (act): SiLU()
        (norm): RMSNorm()
        (out_proj): Linear(in_features=256, out_features=128, bias=False)
      )
      (fusion_mlp_base): Sequential(
        (0): Linear(in_features=128, out_features=128, bias=True)
        (1): LayerNorm((128,), eps=1e-05, elementwise_affine=True)
        (2): GELU(approximate='none')
        (3): Linear(in_features=128, out_features=128, bias=True)
      )
      (modulator_head): Sequential(
        (0): Linear(in_features=128, out_features=64, bias=True)
        (1): GELU(approximate='none')
        (2): Linear(in_features=64, out_features=32, bias=True)
      )
      (output_projection): Sequential(
        (0): Linear(in_features=128, out_features=100, bias=True)
        (1): LayerNorm((100,), eps=1e-05, elementwise_affine=True)
      )
    )
    (neighbor_co_occurrence_encoder): NeighborCooccurrenceEncoder(
      (neighbor_co_occurrence_encode_layer): Sequential(
        (0): Linear(in_features=1, out_features=50, bias=True)
        (1): ReLU()
        (2): Linear(in_features=50, out_features=50, bias=True)
      )
    )
    (projection_layer): ModuleDict(
      (node): Linear(in_features=688, out_features=50, bias=True)
      (edge): Linear(in_features=688, out_features=50, bias=True)
      (time): Linear(in_features=400, out_features=50, bias=True)
      (neighbor_co_occurrence): Linear(in_features=200, out_features=50, bias=True)
    )
    (transformers): ModuleList(
      (0-1): 2 x TransformerEncoder(
        (multi_head_attention): MultiheadAttention(
          (out_proj): NonDynamicallyQuantizableLinear(in_features=200, out_features=200, bias=True)
        )
        (dropout): Dropout(p=0.1, inplace=False)
        (linear_layers): ModuleList(
          (0): Linear(in_features=200, out_features=800, bias=True)
          (1): Linear(in_features=800, out_features=200, bias=True)
        )
        (norm_layers): ModuleList(
          (0-1): 2 x LayerNorm((200,), eps=1e-05, elementwise_affine=True)
        )
      )
    )
    (output_layer): Linear(in_features=200, out_features=172, bias=True)
  )
  (1): MergeLayer(
    (fc1): Linear(in_features=344, out_features=172, bias=True)
    (fc2): Linear(in_features=172, out_features=1, bias=True)
    (act): ReLU()
  )
)
INFO:root:model name: DyGFormer, #parameters: 5713228 B, 5579.32421875 KB, 5.448558807373047 MB.
INFO:root:Warming up time encoder...
INFO:root:🔄 Resuming from checkpoint - preserving model directory: ./saved_models/DyGFormer/mooc/DyGFormer_kan_mammote_dual_kmote_seed0
INFO:root:Checkpoint ./saved_models/DyGFormer/mooc/DyGFormer_kan_mammote_dual_kmote_seed0/checkpoint_epoch_55.pth validation passed (epoch 55)
INFO:root:🔍 Checkpoint debugging in train_link_prediction.py:
INFO:root:   Checkpoint path argument: ./saved_models/DyGFormer/mooc/DyGFormer_kan_mammote_dual_kmote_seed0/checkpoint_epoch_55.pth
INFO:root:   Working directory: /home/s2516027/kan-mammotev2
INFO:root:   File exists check: True
INFO:root:   Absolute path: /home/s2516027/kan-mammotev2/saved_models/DyGFormer/mooc/DyGFormer_kan_mammote_dual_kmote_seed0/checkpoint_epoch_55.pth
INFO:root:   Absolute exists: True
INFO:root:Loading checkpoint: ./saved_models/DyGFormer/mooc/DyGFormer_kan_mammote_dual_kmote_seed0/checkpoint_epoch_55.pth
INFO:root:✅ Successfully resumed from epoch 55, best_average_precision: 0.8894
INFO:root:Epoch: 56/100 completed, Average Loss: 0.2831, Batches: 1138
INFO:root:Epoch: 56, learning rate: 0.0001, train loss: 0.2831
INFO:root:train average_precision, 0.9272
INFO:root:train roc_auc, 0.9419
INFO:root:validate loss: 0.4244
INFO:root:validate average_precision, 0.8939
INFO:root:validate roc_auc, 0.9023
INFO:root:new node validate loss: 0.4681
INFO:root:new node validate average_precision, 0.8749
INFO:root:new node validate roc_auc, 0.8810
