2025-10-03 06:05:58,124 - root - INFO - ********** Run 1 starts. **********
2025-10-03 06:05:58,124 - root - INFO - configuration is Namespace(dataset_name='reddit', batch_size=200, model_name='JODIE', gpu=0, num_neighbors=10, sample_neighbor_strategy='uniform', time_scaling_factor=1e-06, num_walk_heads=8, num_heads=2, num_layers=1, walk_length=1, time_gap=2000, time_feat_dim=128, position_feat_dim=172, time_window_mode='fixed_proportion', time_encoder_type='kan_mammote', expert_dim=64, num_mixtures=4, patch_size=1, channel_embedding_dim=50, max_input_sequence_length=32, learning_rate=0.0001, dropout=0.1, gamma=0.5, num_epochs=10, optimizer='Adam', weight_decay=0.0, patience=20, val_ratio=0.15, test_ratio=0.15, num_runs=1, test_interval_epochs=1, negative_sample_strategy='random', max_interaction_times=10, load_best_configs=True, device='cuda:0', seed=0, save_model_name='JODIE_kan_mammote_seed0')
2025-10-03 06:05:58,135 - root - INFO - time encoder type: kan_mammote
2025-10-03 06:05:58,919 - root - INFO - model -> Sequential(
  (0): MemoryModel(
    (time_encoder): TimeEncoder(
      (w): Linear(in_features=1, out_features=128, bias=True)
    )
    (message_aggregator): MessageAggregator()
    (memory_bank): MemoryBank(num_nodes=10985, memory_dim=172)
    (memory_updater): RNNMemoryUpdater(
      (memory_bank): MemoryBank(num_nodes=10985, memory_dim=172)
      (memory_updater): RNNCell(644, 172)
    )
    (embedding_module): TimeProjectionEmbedding(
      (dropout): Dropout(p=0.1, inplace=False)
      (linear_layer): Linear(in_features=1, out_features=172, bias=True)
    )
  )
  (1): MergeLayer(
    (fc1): Linear(in_features=344, out_features=172, bias=True)
    (fc2): Linear(in_features=172, out_features=1, bias=True)
    (act): ReLU()
  )
)
2025-10-03 06:05:58,919 - root - INFO - model name: JODIE, #parameters: 803236 B, 784.41015625 KB, 0.7660255432128906 MB.
2025-10-03 06:07:48,355 - root - INFO - Epoch: 1, learning rate: 0.0001, train loss: 0.2959
2025-10-03 06:07:48,356 - root - INFO - train average_precision, 0.9416
2025-10-03 06:07:48,356 - root - INFO - train roc_auc, 0.9437
2025-10-03 06:07:48,356 - root - INFO - validate loss: 0.2454
2025-10-03 06:07:48,357 - root - INFO - validate average_precision, 0.9646
2025-10-03 06:07:48,357 - root - INFO - validate roc_auc, 0.9646
2025-10-03 06:07:48,357 - root - INFO - new node validate loss: 0.4096
2025-10-03 06:07:48,357 - root - INFO - new node validate average_precision, 0.9121
2025-10-03 06:07:48,357 - root - INFO - new node validate roc_auc, 0.9071
2025-10-03 06:08:07,603 - root - INFO - test loss: 0.2566
2025-10-03 06:08:07,603 - root - INFO - test average_precision, 0.9622
2025-10-03 06:08:07,603 - root - INFO - best test average_precision: 0.9622
2025-10-03 06:08:07,603 - root - INFO - test roc_auc, 0.9626
2025-10-03 06:08:07,603 - root - INFO - new node test loss: 0.3427
2025-10-03 06:08:07,604 - root - INFO - new node test average_precision, 0.9352
2025-10-03 06:08:07,604 - root - INFO - new node test roc_auc, 0.9364
2025-10-03 06:08:07,604 - root - INFO - save model ./saved_models/JODIE/reddit/JODIE_kan_mammote_seed0/JODIE_kan_mammote_seed0.pkl
2025-10-03 06:09:58,684 - root - INFO - Epoch: 2, learning rate: 0.0001, train loss: 0.2317
2025-10-03 06:09:58,685 - root - INFO - train average_precision, 0.9663
2025-10-03 06:09:58,685 - root - INFO - train roc_auc, 0.9663
2025-10-03 06:09:58,685 - root - INFO - validate loss: 0.2222
2025-10-03 06:09:58,686 - root - INFO - validate average_precision, 0.9714
2025-10-03 06:09:58,686 - root - INFO - validate roc_auc, 0.9711
2025-10-03 06:09:58,686 - root - INFO - new node validate loss: 0.3864
2025-10-03 06:09:58,686 - root - INFO - new node validate average_precision, 0.9210
2025-10-03 06:09:58,686 - root - INFO - new node validate roc_auc, 0.9165
2025-10-03 06:10:18,141 - root - INFO - test loss: 0.2297
2025-10-03 06:10:18,141 - root - INFO - test average_precision, 0.9715
2025-10-03 06:10:18,141 - root - INFO - best test average_precision: 0.9715
2025-10-03 06:10:18,141 - root - INFO - test roc_auc, 0.9709
2025-10-03 06:10:18,141 - root - INFO - new node test loss: 0.3145
2025-10-03 06:10:18,142 - root - INFO - new node test average_precision, 0.9464
2025-10-03 06:10:18,142 - root - INFO - new node test roc_auc, 0.9455
2025-10-03 06:10:18,142 - root - INFO - save model ./saved_models/JODIE/reddit/JODIE_kan_mammote_seed0/JODIE_kan_mammote_seed0.pkl
2025-10-03 06:12:09,637 - root - INFO - Epoch: 3, learning rate: 0.0001, train loss: 0.2165
2025-10-03 06:12:09,638 - root - INFO - train average_precision, 0.9708
2025-10-03 06:12:09,638 - root - INFO - train roc_auc, 0.9704
2025-10-03 06:12:09,638 - root - INFO - validate loss: 0.2076
2025-10-03 06:12:09,638 - root - INFO - validate average_precision, 0.9745
2025-10-03 06:12:09,639 - root - INFO - validate roc_auc, 0.9743
2025-10-03 06:12:09,639 - root - INFO - new node validate loss: 0.3584
2025-10-03 06:12:09,639 - root - INFO - new node validate average_precision, 0.9299
2025-10-03 06:12:09,639 - root - INFO - new node validate roc_auc, 0.9261
2025-10-03 06:12:28,940 - root - INFO - test loss: 0.2043
2025-10-03 06:12:28,941 - root - INFO - test average_precision, 0.9757
2025-10-03 06:12:28,941 - root - INFO - best test average_precision: 0.9757
2025-10-03 06:12:28,941 - root - INFO - test roc_auc, 0.9755
2025-10-03 06:12:28,941 - root - INFO - new node test loss: 0.2842
2025-10-03 06:12:28,941 - root - INFO - new node test average_precision, 0.9539
2025-10-03 06:12:28,941 - root - INFO - new node test roc_auc, 0.9545
2025-10-03 06:12:28,941 - root - INFO - save model ./saved_models/JODIE/reddit/JODIE_kan_mammote_seed0/JODIE_kan_mammote_seed0.pkl
2025-10-03 06:14:21,011 - root - INFO - Epoch: 4, learning rate: 0.0001, train loss: 0.2099
2025-10-03 06:14:21,012 - root - INFO - train average_precision, 0.9724
2025-10-03 06:14:21,012 - root - INFO - train roc_auc, 0.9721
2025-10-03 06:14:21,012 - root - INFO - validate loss: 0.2042
2025-10-03 06:14:21,013 - root - INFO - validate average_precision, 0.9751
2025-10-03 06:14:21,013 - root - INFO - validate roc_auc, 0.9748
2025-10-03 06:14:21,013 - root - INFO - new node validate loss: 0.3770
2025-10-03 06:14:21,013 - root - INFO - new node validate average_precision, 0.9261
2025-10-03 06:14:21,013 - root - INFO - new node validate roc_auc, 0.9214
2025-10-03 06:14:40,458 - root - INFO - test loss: 0.2055
2025-10-03 06:14:40,458 - root - INFO - test average_precision, 0.9752
2025-10-03 06:14:40,458 - root - INFO - best test average_precision: 0.9757
2025-10-03 06:14:40,458 - root - INFO - test roc_auc, 0.9747
2025-10-03 06:14:40,458 - root - INFO - new node test loss: 0.3067
2025-10-03 06:14:40,458 - root - INFO - new node test average_precision, 0.9491
2025-10-03 06:14:40,459 - root - INFO - new node test roc_auc, 0.9486
2025-10-03 06:14:40,459 - root - INFO - save model ./saved_models/JODIE/reddit/JODIE_kan_mammote_seed0/JODIE_kan_mammote_seed0.pkl
2025-10-03 06:16:32,432 - root - INFO - Epoch: 5, learning rate: 0.0001, train loss: 0.2053
2025-10-03 06:16:32,433 - root - INFO - train average_precision, 0.9735
2025-10-03 06:16:32,433 - root - INFO - train roc_auc, 0.9732
2025-10-03 06:16:32,433 - root - INFO - validate loss: 0.2027
2025-10-03 06:16:32,433 - root - INFO - validate average_precision, 0.9761
2025-10-03 06:16:32,433 - root - INFO - validate roc_auc, 0.9758
2025-10-03 06:16:32,433 - root - INFO - new node validate loss: 0.3452
2025-10-03 06:16:32,434 - root - INFO - new node validate average_precision, 0.9337
2025-10-03 06:16:32,434 - root - INFO - new node validate roc_auc, 0.9290
2025-10-03 06:16:51,901 - root - INFO - test loss: 0.2004
2025-10-03 06:16:51,901 - root - INFO - test average_precision, 0.9770
2025-10-03 06:16:51,901 - root - INFO - best test average_precision: 0.9770
2025-10-03 06:16:51,902 - root - INFO - test roc_auc, 0.9768
2025-10-03 06:16:51,902 - root - INFO - new node test loss: 0.2716
2025-10-03 06:16:51,902 - root - INFO - new node test average_precision, 0.9567
2025-10-03 06:16:51,902 - root - INFO - new node test roc_auc, 0.9567
2025-10-03 06:16:51,902 - root - INFO - save model ./saved_models/JODIE/reddit/JODIE_kan_mammote_seed0/JODIE_kan_mammote_seed0.pkl
2025-10-03 06:18:43,867 - root - INFO - Epoch: 6, learning rate: 0.0001, train loss: 0.2002
2025-10-03 06:18:43,868 - root - INFO - train average_precision, 0.9749
2025-10-03 06:18:43,869 - root - INFO - train roc_auc, 0.9745
2025-10-03 06:18:43,869 - root - INFO - validate loss: 0.2039
2025-10-03 06:18:43,869 - root - INFO - validate average_precision, 0.9763
2025-10-03 06:18:43,869 - root - INFO - validate roc_auc, 0.9756
2025-10-03 06:18:43,869 - root - INFO - new node validate loss: 0.3550
2025-10-03 06:18:43,869 - root - INFO - new node validate average_precision, 0.9307
2025-10-03 06:18:43,869 - root - INFO - new node validate roc_auc, 0.9250
2025-10-03 06:19:03,305 - root - INFO - test loss: 0.2071
2025-10-03 06:19:03,305 - root - INFO - test average_precision, 0.9763
2025-10-03 06:19:03,305 - root - INFO - best test average_precision: 0.9770
2025-10-03 06:19:03,305 - root - INFO - test roc_auc, 0.9755
2025-10-03 06:19:03,305 - root - INFO - new node test loss: 0.2817
2025-10-03 06:19:03,305 - root - INFO - new node test average_precision, 0.9559
2025-10-03 06:19:03,305 - root - INFO - new node test roc_auc, 0.9542
2025-10-03 06:20:53,783 - root - INFO - Epoch: 7, learning rate: 0.0001, train loss: 0.1979
2025-10-03 06:20:53,784 - root - INFO - train average_precision, 0.9754
2025-10-03 06:20:53,784 - root - INFO - train roc_auc, 0.9750
2025-10-03 06:20:53,784 - root - INFO - validate loss: 0.1960
2025-10-03 06:20:53,784 - root - INFO - validate average_precision, 0.9774
2025-10-03 06:20:53,784 - root - INFO - validate roc_auc, 0.9771
2025-10-03 06:20:53,784 - root - INFO - new node validate loss: 0.3448
2025-10-03 06:20:53,785 - root - INFO - new node validate average_precision, 0.9338
2025-10-03 06:20:53,785 - root - INFO - new node validate roc_auc, 0.9293
2025-10-03 06:21:13,204 - root - INFO - test loss: 0.1988
2025-10-03 06:21:13,205 - root - INFO - test average_precision, 0.9766
2025-10-03 06:21:13,205 - root - INFO - best test average_precision: 0.9770
2025-10-03 06:21:13,205 - root - INFO - test roc_auc, 0.9766
2025-10-03 06:21:13,205 - root - INFO - new node test loss: 0.2713
2025-10-03 06:21:13,205 - root - INFO - new node test average_precision, 0.9577
2025-10-03 06:21:13,205 - root - INFO - new node test roc_auc, 0.9567
2025-10-03 06:21:13,205 - root - INFO - save model ./saved_models/JODIE/reddit/JODIE_kan_mammote_seed0/JODIE_kan_mammote_seed0.pkl
2025-10-03 06:23:04,838 - root - INFO - Epoch: 8, learning rate: 0.0001, train loss: 0.1936
2025-10-03 06:23:04,839 - root - INFO - train average_precision, 0.9765
2025-10-03 06:23:04,839 - root - INFO - train roc_auc, 0.9761
2025-10-03 06:23:04,840 - root - INFO - validate loss: 0.1964
2025-10-03 06:23:04,840 - root - INFO - validate average_precision, 0.9773
2025-10-03 06:23:04,840 - root - INFO - validate roc_auc, 0.9769
2025-10-03 06:23:04,840 - root - INFO - new node validate loss: 0.3333
2025-10-03 06:23:04,840 - root - INFO - new node validate average_precision, 0.9365
2025-10-03 06:23:04,840 - root - INFO - new node validate roc_auc, 0.9325
2025-10-03 06:23:24,489 - root - INFO - test loss: 0.1991
2025-10-03 06:23:24,489 - root - INFO - test average_precision, 0.9769
2025-10-03 06:23:24,489 - root - INFO - best test average_precision: 0.9770
2025-10-03 06:23:24,489 - root - INFO - test roc_auc, 0.9767
2025-10-03 06:23:24,489 - root - INFO - new node test loss: 0.2600
2025-10-03 06:23:24,489 - root - INFO - new node test average_precision, 0.9596
2025-10-03 06:23:24,489 - root - INFO - new node test roc_auc, 0.9595
2025-10-03 06:25:15,226 - root - INFO - Epoch: 9, learning rate: 0.0001, train loss: 0.1909
2025-10-03 06:25:15,227 - root - INFO - train average_precision, 0.9771
2025-10-03 06:25:15,228 - root - INFO - train roc_auc, 0.9767
2025-10-03 06:25:15,228 - root - INFO - validate loss: 0.1928
2025-10-03 06:25:15,228 - root - INFO - validate average_precision, 0.9782
2025-10-03 06:25:15,228 - root - INFO - validate roc_auc, 0.9777
2025-10-03 06:25:15,228 - root - INFO - new node validate loss: 0.3406
2025-10-03 06:25:15,228 - root - INFO - new node validate average_precision, 0.9353
2025-10-03 06:25:15,228 - root - INFO - new node validate roc_auc, 0.9303
2025-10-03 06:25:34,824 - root - INFO - test loss: 0.1968
2025-10-03 06:25:34,824 - root - INFO - test average_precision, 0.9774
2025-10-03 06:25:34,824 - root - INFO - best test average_precision: 0.9774
2025-10-03 06:25:34,824 - root - INFO - test roc_auc, 0.9770
2025-10-03 06:25:34,824 - root - INFO - new node test loss: 0.2695
2025-10-03 06:25:34,825 - root - INFO - new node test average_precision, 0.9581
2025-10-03 06:25:34,825 - root - INFO - new node test roc_auc, 0.9569
2025-10-03 06:25:34,825 - root - INFO - save model ./saved_models/JODIE/reddit/JODIE_kan_mammote_seed0/JODIE_kan_mammote_seed0.pkl
2025-10-03 06:27:26,786 - root - INFO - Epoch: 10, learning rate: 0.0001, train loss: 0.1878
2025-10-03 06:27:26,787 - root - INFO - train average_precision, 0.9778
2025-10-03 06:27:26,788 - root - INFO - train roc_auc, 0.9774
2025-10-03 06:27:26,788 - root - INFO - validate loss: 0.1933
2025-10-03 06:27:26,788 - root - INFO - validate average_precision, 0.9786
2025-10-03 06:27:26,788 - root - INFO - validate roc_auc, 0.9780
2025-10-03 06:27:26,788 - root - INFO - new node validate loss: 0.3311
2025-10-03 06:27:26,788 - root - INFO - new node validate average_precision, 0.9383
2025-10-03 06:27:26,788 - root - INFO - new node validate roc_auc, 0.9334
2025-10-03 06:27:46,291 - root - INFO - test loss: 0.1968
2025-10-03 06:27:46,291 - root - INFO - test average_precision, 0.9784
2025-10-03 06:27:46,291 - root - INFO - best test average_precision: 0.9784
2025-10-03 06:27:46,291 - root - INFO - test roc_auc, 0.9780
2025-10-03 06:27:46,291 - root - INFO - new node test loss: 0.2654
2025-10-03 06:27:46,291 - root - INFO - new node test average_precision, 0.9601
2025-10-03 06:27:46,291 - root - INFO - new node test roc_auc, 0.9592
2025-10-03 06:27:46,292 - root - INFO - save model ./saved_models/JODIE/reddit/JODIE_kan_mammote_seed0/JODIE_kan_mammote_seed0.pkl
2025-10-03 06:27:47,588 - root - INFO - load model ./saved_models/JODIE/reddit/JODIE_kan_mammote_seed0/JODIE_kan_mammote_seed0.pkl
2025-10-03 06:27:48,830 - root - INFO - get final performance on dataset reddit...
2025-10-03 06:28:09,388 - root - INFO - test loss: 0.1968
2025-10-03 06:28:09,389 - root - INFO - test average_precision, 0.9784
2025-10-03 06:28:09,389 - root - INFO - test roc_auc, 0.9780
2025-10-03 06:28:09,389 - root - INFO - new node test loss: 0.2654
2025-10-03 06:28:09,389 - root - INFO - new node test average_precision, 0.9601
2025-10-03 06:28:09,389 - root - INFO - new node test roc_auc, 0.9592
2025-10-03 06:28:09,389 - root - INFO - Run 1 cost 1331.26 seconds.
2025-10-03 06:28:09,396 - root - INFO - metrics over 1 runs:
2025-10-03 06:28:09,396 - root - INFO - test average_precision, [np.float64(0.9784064533824013)]
2025-10-03 06:28:09,396 - root - INFO - average test average_precision, 0.9784 ± nan
2025-10-03 06:28:09,396 - root - INFO - test roc_auc, [np.float64(0.9780495318479275)]
2025-10-03 06:28:09,396 - root - INFO - average test roc_auc, 0.9780 ± nan
2025-10-03 06:28:09,396 - root - INFO - new node test average_precision, [np.float64(0.960054429443011)]
2025-10-03 06:28:09,396 - root - INFO - average new node test average_precision, 0.9601 ± nan
2025-10-03 06:28:09,396 - root - INFO - new node test roc_auc, [np.float64(0.9591770809712773)]
2025-10-03 06:28:09,396 - root - INFO - average new node test roc_auc, 0.9592 ± nan
