2025-10-05 17:52:40,824 - root - INFO - ********** Run 1 starts. **********
2025-10-05 17:52:40,825 - root - INFO - configuration is Namespace(dataset_name='wikipedia', batch_size=200, model_name='DyGMamba', gpu=0, num_neighbors=20, sample_neighbor_strategy='uniform', time_scaling_factor=1e-06, num_walk_heads=8, num_heads=2, num_layers=2, walk_length=1, time_gap=2000, time_feat_dim=128, position_feat_dim=172, time_window_mode='fixed_proportion', time_encoder_type='kan_mammote', expert_dim=128, num_mixtures=16, sort_neighbors_by_time=True, patch_size=1, channel_embedding_dim=50, max_input_sequence_length=32, learning_rate=0.0001, dropout=0.1, gamma=0.5, num_epochs=5, optimizer='Adam', weight_decay=0.0, patience=5, val_ratio=0.15, test_ratio=0.15, num_runs=1, test_interval_epochs=1, negative_sample_strategy='random', max_interaction_times=10, load_best_configs=False, data_ratio=0.1, save_model_name_suffix='kan_mammote_full', mamba_d_state=256, mamba_d_conv=4, mamba_expand=2, mamba_headdim=64, device='cuda:0', seed=0, save_model_name='DyGMamba_kan_mammote_seed0_kan_mammote_full')
2025-10-05 17:52:40,826 - root - INFO - Metrics will be saved to: ./saved_metrics/DyGMamba/wikipedia/DyGMamba_kan_mammote_seed0
2025-10-05 17:52:40,832 - root - INFO - time encoder type: kan_mammote
2025-10-05 17:52:41,908 - root - INFO - model -> Sequential(
  (0): DyGMamba(
    (time_encoder): TimeEncoder(
      (w): Linear(in_features=1, out_features=128, bias=True)
    )
    (neighbor_co_occurrence_encoder): NIFEncoder(
      (nif_encode_layer): Sequential(
        (0): Linear(in_features=1, out_features=50, bias=True)
        (1): ReLU()
        (2): Linear(in_features=50, out_features=50, bias=True)
      )
    )
    (projection_layer): ModuleDict(
      (node): Linear(in_features=172, out_features=50, bias=True)
      (edge): Linear(in_features=172, out_features=50, bias=True)
      (time): Linear(in_features=128, out_features=50, bias=True)
      (neighbor_co_occurrence): Linear(in_features=50, out_features=50, bias=True)
    )
    (output_layer): Linear(in_features=100, out_features=172, bias=True)
    (output_layer_t_diff): Linear(in_features=25, out_features=172, bias=True)
    (mamba): ModuleList(
      (0-1): 2 x Mamba(
        (in_proj): Linear(in_features=100, out_features=200, bias=False)
        (conv1d): Conv1d(100, 100, kernel_size=(4,), stride=(1,), padding=(3,), groups=100)
        (act): SiLU()
        (x_proj): Linear(in_features=100, out_features=39, bias=False)
        (dt_proj): Linear(in_features=7, out_features=100, bias=True)
        (out_proj): Linear(in_features=100, out_features=100, bias=False)
      )
    )
    (mamba_t_diff): ModuleList(
      (0-1): 2 x Mamba(
        (in_proj): Linear(in_features=25, out_features=50, bias=False)
        (conv1d): Conv1d(25, 25, kernel_size=(4,), stride=(1,), padding=(3,), groups=25)
        (act): SiLU()
        (x_proj): Linear(in_features=25, out_features=34, bias=False)
        (dt_proj): Linear(in_features=2, out_features=25, bias=True)
        (out_proj): Linear(in_features=25, out_features=25, bias=False)
      )
    )
    (projection_layer_t_diff): Linear(in_features=128, out_features=25, bias=True)
    (projection_layer_t_diff_up): Linear(in_features=25, out_features=100, bias=True)
    (weightagg): Linear(in_features=100, out_features=1, bias=True)
    (reduce_layer): Linear(in_features=200, out_features=100, bias=True)
    (channel_norm): LayerNorm((100,), eps=1e-05, elementwise_affine=True)
    (channel_feedforward): FeedForwardNet(
      (ffn): Sequential(
        (0): Linear(in_features=100, out_features=400, bias=True)
        (1): GELU(approximate='none')
        (2): Dropout(p=0.1, inplace=False)
        (3): Linear(in_features=400, out_features=100, bias=True)
        (4): Dropout(p=0.1, inplace=False)
      )
    )
    (neighbor_selection_layer): Linear(in_features=100, out_features=100, bias=True)
  )
  (1): MergeLayerTD(
    (fc1): Linear(in_features=516, out_features=172, bias=True)
    (fc2): Linear(in_features=172, out_features=1, bias=True)
    (act): ReLU()
  )
)
2025-10-05 17:52:41,908 - root - INFO - model name: DyGMamba, #parameters: 1349892 B, 1318.25390625 KB, 1.2873573303222656 MB.
2025-10-05 17:53:11,192 - root - INFO - Epoch: 1, learning rate: 0.0001, train loss: 0.6015
2025-10-05 17:53:11,192 - root - INFO - train average_precision, 0.8414
2025-10-05 17:53:11,193 - root - INFO - train roc_auc, 0.8008
2025-10-05 17:53:11,193 - root - INFO - validate loss: 0.3818
2025-10-05 17:53:11,193 - root - INFO - validate average_precision, 0.9621
2025-10-05 17:53:11,193 - root - INFO - validate roc_auc, 0.9511
2025-10-05 17:53:11,193 - root - INFO - new node validate loss: 0.3989
2025-10-05 17:53:11,193 - root - INFO - new node validate average_precision, 0.9480
2025-10-05 17:53:11,193 - root - INFO - new node validate roc_auc, 0.9283
2025-10-05 17:53:33,012 - root - INFO - test loss: 0.3937
2025-10-05 17:53:33,013 - root - INFO - test average_precision, 0.9577
2025-10-05 17:53:33,013 - root - INFO - best test average_precision: 0.9577
2025-10-05 17:53:33,013 - root - INFO - test roc_auc, 0.9450
2025-10-05 17:53:33,013 - root - INFO - new node test loss: 0.4196
2025-10-05 17:53:33,013 - root - INFO - new node test average_precision, 0.9384
2025-10-05 17:53:33,013 - root - INFO - new node test roc_auc, 0.9169
2025-10-05 17:53:33,020 - root - INFO - save model ./saved_models/DyGMamba/wikipedia/DyGMamba_kan_mammote_seed0_kan_mammote_full/DyGMamba_kan_mammote_seed0_kan_mammote_full.pkl
2025-10-05 17:54:01,971 - root - INFO - Epoch: 2, learning rate: 0.0001, train loss: 0.5219
2025-10-05 17:54:01,971 - root - INFO - train average_precision, 0.8780
2025-10-05 17:54:01,971 - root - INFO - train roc_auc, 0.8241
2025-10-05 17:54:01,971 - root - INFO - validate loss: 0.3519
2025-10-05 17:54:01,971 - root - INFO - validate average_precision, 0.9593
2025-10-05 17:54:01,971 - root - INFO - validate roc_auc, 0.9485
2025-10-05 17:54:01,972 - root - INFO - new node validate loss: 0.3684
2025-10-05 17:54:01,972 - root - INFO - new node validate average_precision, 0.9450
2025-10-05 17:54:01,972 - root - INFO - new node validate roc_auc, 0.9262
2025-10-05 17:54:23,832 - root - INFO - test loss: 0.3668
2025-10-05 17:54:23,832 - root - INFO - test average_precision, 0.9547
2025-10-05 17:54:23,832 - root - INFO - best test average_precision: 0.9577
2025-10-05 17:54:23,832 - root - INFO - test roc_auc, 0.9422
2025-10-05 17:54:23,832 - root - INFO - new node test loss: 0.3958
2025-10-05 17:54:23,832 - root - INFO - new node test average_precision, 0.9347
2025-10-05 17:54:23,832 - root - INFO - new node test roc_auc, 0.9137
2025-10-05 17:54:52,569 - root - INFO - Epoch: 3, learning rate: 0.0001, train loss: 0.4765
2025-10-05 17:54:52,569 - root - INFO - train average_precision, 0.9051
2025-10-05 17:54:52,569 - root - INFO - train roc_auc, 0.8631
2025-10-05 17:54:52,569 - root - INFO - validate loss: 0.3042
2025-10-05 17:54:52,569 - root - INFO - validate average_precision, 0.9708
2025-10-05 17:54:52,569 - root - INFO - validate roc_auc, 0.9613
2025-10-05 17:54:52,569 - root - INFO - new node validate loss: 0.3240
2025-10-05 17:54:52,569 - root - INFO - new node validate average_precision, 0.9588
2025-10-05 17:54:52,569 - root - INFO - new node validate roc_auc, 0.9429
2025-10-05 17:55:14,428 - root - INFO - test loss: 0.3226
2025-10-05 17:55:14,428 - root - INFO - test average_precision, 0.9671
2025-10-05 17:55:14,428 - root - INFO - best test average_precision: 0.9671
2025-10-05 17:55:14,428 - root - INFO - test roc_auc, 0.9565
2025-10-05 17:55:14,428 - root - INFO - new node test loss: 0.3552
2025-10-05 17:55:14,428 - root - INFO - new node test average_precision, 0.9519
2025-10-05 17:55:14,428 - root - INFO - new node test roc_auc, 0.9350
2025-10-05 17:55:14,433 - root - INFO - save model ./saved_models/DyGMamba/wikipedia/DyGMamba_kan_mammote_seed0_kan_mammote_full/DyGMamba_kan_mammote_seed0_kan_mammote_full.pkl
2025-10-05 17:55:43,379 - root - INFO - Epoch: 4, learning rate: 0.0001, train loss: 0.4448
2025-10-05 17:55:43,379 - root - INFO - train average_precision, 0.9138
2025-10-05 17:55:43,379 - root - INFO - train roc_auc, 0.8716
2025-10-05 17:55:43,379 - root - INFO - validate loss: 0.3258
2025-10-05 17:55:43,379 - root - INFO - validate average_precision, 0.9539
2025-10-05 17:55:43,379 - root - INFO - validate roc_auc, 0.9379
2025-10-05 17:55:43,379 - root - INFO - new node validate loss: 0.3401
2025-10-05 17:55:43,379 - root - INFO - new node validate average_precision, 0.9407
2025-10-05 17:55:43,379 - root - INFO - new node validate roc_auc, 0.9162
2025-10-05 17:56:05,372 - root - INFO - test loss: 0.3431
2025-10-05 17:56:05,372 - root - INFO - test average_precision, 0.9463
2025-10-05 17:56:05,372 - root - INFO - best test average_precision: 0.9671
2025-10-05 17:56:05,372 - root - INFO - test roc_auc, 0.9272
2025-10-05 17:56:05,373 - root - INFO - new node test loss: 0.3683
2025-10-05 17:56:05,373 - root - INFO - new node test average_precision, 0.9280
2025-10-05 17:56:05,373 - root - INFO - new node test roc_auc, 0.9010
2025-10-05 17:56:34,242 - root - INFO - Epoch: 5, learning rate: 0.0001, train loss: 0.4033
2025-10-05 17:56:34,242 - root - INFO - train average_precision, 0.9248
2025-10-05 17:56:34,242 - root - INFO - train roc_auc, 0.8900
2025-10-05 17:56:34,242 - root - INFO - validate loss: 0.2760
2025-10-05 17:56:34,243 - root - INFO - validate average_precision, 0.9735
2025-10-05 17:56:34,243 - root - INFO - validate roc_auc, 0.9632
2025-10-05 17:56:34,243 - root - INFO - new node validate loss: 0.2811
2025-10-05 17:56:34,243 - root - INFO - new node validate average_precision, 0.9656
2025-10-05 17:56:34,243 - root - INFO - new node validate roc_auc, 0.9502
2025-10-05 17:56:56,213 - root - INFO - test loss: 0.2912
2025-10-05 17:56:56,213 - root - INFO - test average_precision, 0.9716
2025-10-05 17:56:56,213 - root - INFO - best test average_precision: 0.9716
2025-10-05 17:56:56,213 - root - INFO - test roc_auc, 0.9605
2025-10-05 17:56:56,213 - root - INFO - new node test loss: 0.3098
2025-10-05 17:56:56,214 - root - INFO - new node test average_precision, 0.9586
2025-10-05 17:56:56,214 - root - INFO - new node test roc_auc, 0.9419
2025-10-05 17:56:56,217 - root - INFO - save model ./saved_models/DyGMamba/wikipedia/DyGMamba_kan_mammote_seed0_kan_mammote_full/DyGMamba_kan_mammote_seed0_kan_mammote_full.pkl
2025-10-05 17:56:56,237 - root - INFO - load model ./saved_models/DyGMamba/wikipedia/DyGMamba_kan_mammote_seed0_kan_mammote_full/DyGMamba_kan_mammote_seed0_kan_mammote_full.pkl
2025-10-05 17:56:56,255 - root - INFO - get final performance on dataset wikipedia...
2025-10-05 17:57:40,357 - root - INFO - validate loss: 0.2760
2025-10-05 17:57:40,358 - root - INFO - validate average_precision, 0.9735
2025-10-05 17:57:40,358 - root - INFO - validate roc_auc, 0.9632
2025-10-05 17:57:40,358 - root - INFO - new node validate loss: 0.2811
2025-10-05 17:57:40,358 - root - INFO - new node validate average_precision, 0.9656
2025-10-05 17:57:40,358 - root - INFO - new node validate roc_auc, 0.9502
2025-10-05 17:57:40,358 - root - INFO - test loss: 0.2912
2025-10-05 17:57:40,358 - root - INFO - test average_precision, 0.9716
2025-10-05 17:57:40,358 - root - INFO - test roc_auc, 0.9605
2025-10-05 17:57:40,358 - root - INFO - new node test loss: 0.3098
2025-10-05 17:57:40,358 - root - INFO - new node test average_precision, 0.9586
2025-10-05 17:57:40,358 - root - INFO - new node test roc_auc, 0.9419
2025-10-05 17:57:40,370 - root - INFO - ✅ Metrics saved to: ./saved_metrics/DyGMamba/wikipedia/DyGMamba_kan_mammote_seed0
2025-10-05 17:57:40,370 - root - INFO - Run 1 cost 299.55 seconds.
2025-10-05 17:57:40,375 - root - INFO - metrics over 1 runs:
2025-10-05 17:57:40,375 - root - INFO - validate average_precision, [np.float64(0.9734542669541777)]
2025-10-05 17:57:40,375 - root - INFO - average validate average_precision, 0.9735 ± nan
2025-10-05 17:57:40,375 - root - INFO - validate roc_auc, [np.float64(0.9631594154328398)]
2025-10-05 17:57:40,375 - root - INFO - average validate roc_auc, 0.9632 ± nan
2025-10-05 17:57:40,375 - root - INFO - new node validate average_precision, [np.float64(0.9656373970930133)]
2025-10-05 17:57:40,376 - root - INFO - average new node validate average_precision, 0.9656 ± nan
2025-10-05 17:57:40,376 - root - INFO - new node validate roc_auc, [np.float64(0.9502201844262295)]
2025-10-05 17:57:40,376 - root - INFO - average new node validate roc_auc, 0.9502 ± nan
2025-10-05 17:57:40,376 - root - INFO - test average_precision, [np.float64(0.9715780254671548)]
2025-10-05 17:57:40,376 - root - INFO - average test average_precision, 0.9716 ± nan
2025-10-05 17:57:40,376 - root - INFO - test roc_auc, [np.float64(0.9605472003086949)]
2025-10-05 17:57:40,376 - root - INFO - average test roc_auc, 0.9605 ± nan
2025-10-05 17:57:40,376 - root - INFO - new node test average_precision, [np.float64(0.9585720255746627)]
2025-10-05 17:57:40,376 - root - INFO - average new node test average_precision, 0.9586 ± nan
2025-10-05 17:57:40,377 - root - INFO - new node test roc_auc, [np.float64(0.9419432191374836)]
2025-10-05 17:57:40,377 - root - INFO - average new node test roc_auc, 0.9419 ± nan
