2025-10-04 19:06:14,136 - root - INFO - ********** Run 1 starts. **********
2025-10-04 19:06:14,136 - root - INFO - configuration is Namespace(dataset_name='wikipedia', batch_size=200, model_name='DyGMamba', gpu=0, num_neighbors=20, sample_neighbor_strategy='uniform', time_scaling_factor=1e-06, num_walk_heads=8, num_heads=2, num_layers=2, walk_length=1, time_gap=2000, time_feat_dim=128, position_feat_dim=172, time_window_mode='fixed_proportion', time_encoder_type='kan_mammote', expert_dim=128, num_mixtures=16, sort_neighbors_by_time=True, patch_size=1, channel_embedding_dim=50, max_input_sequence_length=32, learning_rate=0.0001, dropout=0.1, gamma=0.5, num_epochs=10, optimizer='Adam', weight_decay=0.0, patience=5, val_ratio=0.15, test_ratio=0.15, num_runs=1, test_interval_epochs=1, negative_sample_strategy='random', max_interaction_times=10, load_best_configs=False, data_ratio=0.1, save_model_name_suffix='kan_mammote_full', mamba_d_state=256, mamba_d_conv=4, mamba_expand=2, mamba_headdim=64, device='cuda:0', seed=0, save_model_name='DyGMamba_kan_mammote_seed0_kan_mammote_full')
2025-10-04 19:06:14,138 - root - INFO - Metrics will be saved to: ./saved_metrics/DyGMamba/wikipedia/DyGMamba_kan_mammote_seed0
2025-10-04 19:06:14,145 - root - INFO - time encoder type: kan_mammote
2025-10-04 19:06:15,168 - root - INFO - model -> Sequential(
  (0): DyGMamba(
    (time_encoder): TimeEncoder(
      (w): Linear(in_features=1, out_features=128, bias=True)
    )
    (neighbor_co_occurrence_encoder): NIFEncoder(
      (nif_encode_layer): Sequential(
        (0): Linear(in_features=1, out_features=50, bias=True)
        (1): ReLU()
        (2): Linear(in_features=50, out_features=50, bias=True)
      )
    )
    (projection_layer): ModuleDict(
      (node): Linear(in_features=172, out_features=50, bias=True)
      (edge): Linear(in_features=172, out_features=50, bias=True)
      (time): Linear(in_features=128, out_features=50, bias=True)
      (neighbor_co_occurrence): Linear(in_features=50, out_features=50, bias=True)
    )
    (output_layer): Linear(in_features=100, out_features=172, bias=True)
    (output_layer_t_diff): Linear(in_features=25, out_features=172, bias=True)
    (mamba): ModuleList(
      (0-1): 2 x Mamba(
        (in_proj): Linear(in_features=100, out_features=200, bias=False)
        (conv1d): Conv1d(100, 100, kernel_size=(4,), stride=(1,), padding=(3,), groups=100)
        (act): SiLU()
        (x_proj): Linear(in_features=100, out_features=39, bias=False)
        (dt_proj): Linear(in_features=7, out_features=100, bias=True)
        (out_proj): Linear(in_features=100, out_features=100, bias=False)
      )
    )
    (mamba_t_diff): ModuleList(
      (0-1): 2 x Mamba(
        (in_proj): Linear(in_features=25, out_features=50, bias=False)
        (conv1d): Conv1d(25, 25, kernel_size=(4,), stride=(1,), padding=(3,), groups=25)
        (act): SiLU()
        (x_proj): Linear(in_features=25, out_features=34, bias=False)
        (dt_proj): Linear(in_features=2, out_features=25, bias=True)
        (out_proj): Linear(in_features=25, out_features=25, bias=False)
      )
    )
    (projection_layer_t_diff): Linear(in_features=128, out_features=25, bias=True)
    (projection_layer_t_diff_up): Linear(in_features=25, out_features=100, bias=True)
    (weightagg): Linear(in_features=100, out_features=1, bias=True)
    (reduce_layer): Linear(in_features=200, out_features=100, bias=True)
    (channel_norm): LayerNorm((100,), eps=1e-05, elementwise_affine=True)
    (channel_feedforward): FeedForwardNet(
      (ffn): Sequential(
        (0): Linear(in_features=100, out_features=400, bias=True)
        (1): GELU(approximate='none')
        (2): Dropout(p=0.1, inplace=False)
        (3): Linear(in_features=400, out_features=100, bias=True)
        (4): Dropout(p=0.1, inplace=False)
      )
    )
    (neighbor_selection_layer): Linear(in_features=100, out_features=100, bias=True)
  )
  (1): MergeLayerTD(
    (fc1): Linear(in_features=516, out_features=172, bias=True)
    (fc2): Linear(in_features=172, out_features=1, bias=True)
    (act): ReLU()
  )
)
2025-10-04 19:06:15,168 - root - INFO - model name: DyGMamba, #parameters: 1349892 B, 1318.25390625 KB, 1.2873573303222656 MB.
2025-10-04 19:06:44,675 - root - INFO - Epoch: 1, learning rate: 0.0001, train loss: 0.6053
2025-10-04 19:06:44,676 - root - INFO - train average_precision, 0.8471
2025-10-04 19:06:44,676 - root - INFO - train roc_auc, 0.8016
2025-10-04 19:06:44,676 - root - INFO - validate loss: 0.4351
2025-10-04 19:06:44,677 - root - INFO - validate average_precision, 0.9584
2025-10-04 19:06:44,677 - root - INFO - validate roc_auc, 0.9447
2025-10-04 19:06:44,677 - root - INFO - new node validate loss: 0.4426
2025-10-04 19:06:44,677 - root - INFO - new node validate average_precision, 0.9511
2025-10-04 19:06:44,677 - root - INFO - new node validate roc_auc, 0.9326
2025-10-04 19:07:06,817 - root - INFO - test loss: 0.4450
2025-10-04 19:07:06,818 - root - INFO - test average_precision, 0.9527
2025-10-04 19:07:06,818 - root - INFO - best test average_precision: 0.9527
2025-10-04 19:07:06,818 - root - INFO - test roc_auc, 0.9360
2025-10-04 19:07:06,818 - root - INFO - new node test loss: 0.4597
2025-10-04 19:07:06,818 - root - INFO - new node test average_precision, 0.9389
2025-10-04 19:07:06,818 - root - INFO - new node test roc_auc, 0.9174
2025-10-04 19:07:06,824 - root - INFO - save model ./saved_models/DyGMamba/wikipedia/DyGMamba_kan_mammote_seed0_kan_mammote_full/DyGMamba_kan_mammote_seed0_kan_mammote_full.pkl
2025-10-04 19:07:36,096 - root - INFO - Epoch: 2, learning rate: 0.0001, train loss: 0.4882
2025-10-04 19:07:36,096 - root - INFO - train average_precision, 0.8976
2025-10-04 19:07:36,096 - root - INFO - train roc_auc, 0.8576
2025-10-04 19:07:36,096 - root - INFO - validate loss: 0.3356
2025-10-04 19:07:36,097 - root - INFO - validate average_precision, 0.9736
2025-10-04 19:07:36,097 - root - INFO - validate roc_auc, 0.9637
2025-10-04 19:07:36,097 - root - INFO - new node validate loss: 0.3511
2025-10-04 19:07:36,097 - root - INFO - new node validate average_precision, 0.9632
2025-10-04 19:07:36,097 - root - INFO - new node validate roc_auc, 0.9460
2025-10-04 19:07:58,332 - root - INFO - test loss: 0.3556
2025-10-04 19:07:58,333 - root - INFO - test average_precision, 0.9707
2025-10-04 19:07:58,333 - root - INFO - best test average_precision: 0.9707
2025-10-04 19:07:58,333 - root - INFO - test roc_auc, 0.9590
2025-10-04 19:07:58,333 - root - INFO - new node test loss: 0.3884
2025-10-04 19:07:58,333 - root - INFO - new node test average_precision, 0.9558
2025-10-04 19:07:58,333 - root - INFO - new node test roc_auc, 0.9371
2025-10-04 19:07:58,338 - root - INFO - save model ./saved_models/DyGMamba/wikipedia/DyGMamba_kan_mammote_seed0_kan_mammote_full/DyGMamba_kan_mammote_seed0_kan_mammote_full.pkl
2025-10-04 19:08:27,621 - root - INFO - Epoch: 3, learning rate: 0.0001, train loss: 0.3941
2025-10-04 19:08:27,621 - root - INFO - train average_precision, 0.9269
2025-10-04 19:08:27,621 - root - INFO - train roc_auc, 0.8918
2025-10-04 19:08:27,621 - root - INFO - validate loss: 0.2757
2025-10-04 19:08:27,621 - root - INFO - validate average_precision, 0.9723
2025-10-04 19:08:27,622 - root - INFO - validate roc_auc, 0.9645
2025-10-04 19:08:27,622 - root - INFO - new node validate loss: 0.3056
2025-10-04 19:08:27,622 - root - INFO - new node validate average_precision, 0.9623
2025-10-04 19:08:27,622 - root - INFO - new node validate roc_auc, 0.9476
2025-10-04 19:08:49,780 - root - INFO - test loss: 0.2944
2025-10-04 19:08:49,780 - root - INFO - test average_precision, 0.9682
2025-10-04 19:08:49,780 - root - INFO - best test average_precision: 0.9707
2025-10-04 19:08:49,780 - root - INFO - test roc_auc, 0.9589
2025-10-04 19:08:49,780 - root - INFO - new node test loss: 0.3312
2025-10-04 19:08:49,780 - root - INFO - new node test average_precision, 0.9538
2025-10-04 19:08:49,780 - root - INFO - new node test roc_auc, 0.9383
2025-10-04 19:09:18,955 - root - INFO - Epoch: 4, learning rate: 0.0001, train loss: 0.3101
2025-10-04 19:09:18,955 - root - INFO - train average_precision, 0.9404
2025-10-04 19:09:18,955 - root - INFO - train roc_auc, 0.9132
2025-10-04 19:09:18,955 - root - INFO - validate loss: 0.1999
2025-10-04 19:09:18,955 - root - INFO - validate average_precision, 0.9735
2025-10-04 19:09:18,955 - root - INFO - validate roc_auc, 0.9618
2025-10-04 19:09:18,955 - root - INFO - new node validate loss: 0.2185
2025-10-04 19:09:18,956 - root - INFO - new node validate average_precision, 0.9692
2025-10-04 19:09:18,956 - root - INFO - new node validate roc_auc, 0.9565
2025-10-04 19:09:41,081 - root - INFO - test loss: 0.2188
2025-10-04 19:09:41,081 - root - INFO - test average_precision, 0.9691
2025-10-04 19:09:41,081 - root - INFO - best test average_precision: 0.9707
2025-10-04 19:09:41,081 - root - INFO - test roc_auc, 0.9548
2025-10-04 19:09:41,081 - root - INFO - new node test loss: 0.2502
2025-10-04 19:09:41,081 - root - INFO - new node test average_precision, 0.9607
2025-10-04 19:09:41,081 - root - INFO - new node test roc_auc, 0.9452
2025-10-04 19:10:10,177 - root - INFO - Epoch: 5, learning rate: 0.0001, train loss: 0.2798
2025-10-04 19:10:10,177 - root - INFO - train average_precision, 0.9488
2025-10-04 19:10:10,177 - root - INFO - train roc_auc, 0.9302
2025-10-04 19:10:10,177 - root - INFO - validate loss: 0.1940
2025-10-04 19:10:10,178 - root - INFO - validate average_precision, 0.9653
2025-10-04 19:10:10,178 - root - INFO - validate roc_auc, 0.9448
2025-10-04 19:10:10,178 - root - INFO - new node validate loss: 0.2123
2025-10-04 19:10:10,178 - root - INFO - new node validate average_precision, 0.9646
2025-10-04 19:10:10,178 - root - INFO - new node validate roc_auc, 0.9470
2025-10-04 19:10:32,367 - root - INFO - test loss: 0.2115
2025-10-04 19:10:32,367 - root - INFO - test average_precision, 0.9598
2025-10-04 19:10:32,367 - root - INFO - best test average_precision: 0.9707
2025-10-04 19:10:32,367 - root - INFO - test roc_auc, 0.9350
2025-10-04 19:10:32,367 - root - INFO - new node test loss: 0.2427
2025-10-04 19:10:32,367 - root - INFO - new node test average_precision, 0.9539
2025-10-04 19:10:32,367 - root - INFO - new node test roc_auc, 0.9309
2025-10-04 19:11:01,527 - root - INFO - Epoch: 6, learning rate: 0.0001, train loss: 0.2556
2025-10-04 19:11:01,527 - root - INFO - train average_precision, 0.9604
2025-10-04 19:11:01,527 - root - INFO - train roc_auc, 0.9448
2025-10-04 19:11:01,527 - root - INFO - validate loss: 0.1961
2025-10-04 19:11:01,528 - root - INFO - validate average_precision, 0.9649
2025-10-04 19:11:01,528 - root - INFO - validate roc_auc, 0.9425
2025-10-04 19:11:01,528 - root - INFO - new node validate loss: 0.2185
2025-10-04 19:11:01,528 - root - INFO - new node validate average_precision, 0.9660
2025-10-04 19:11:01,528 - root - INFO - new node validate roc_auc, 0.9474
2025-10-04 19:11:23,627 - root - INFO - test loss: 0.2227
2025-10-04 19:11:23,627 - root - INFO - test average_precision, 0.9593
2025-10-04 19:11:23,627 - root - INFO - best test average_precision: 0.9707
2025-10-04 19:11:23,627 - root - INFO - test roc_auc, 0.9322
2025-10-04 19:11:23,627 - root - INFO - new node test loss: 0.2618
2025-10-04 19:11:23,628 - root - INFO - new node test average_precision, 0.9552
2025-10-04 19:11:23,628 - root - INFO - new node test roc_auc, 0.9309
2025-10-04 19:11:52,694 - root - INFO - Epoch: 7, learning rate: 0.0001, train loss: 0.2411
2025-10-04 19:11:52,695 - root - INFO - train average_precision, 0.9636
2025-10-04 19:11:52,695 - root - INFO - train roc_auc, 0.9495
2025-10-04 19:11:52,695 - root - INFO - validate loss: 0.1950
2025-10-04 19:11:52,695 - root - INFO - validate average_precision, 0.9696
2025-10-04 19:11:52,695 - root - INFO - validate roc_auc, 0.9495
2025-10-04 19:11:52,695 - root - INFO - new node validate loss: 0.2139
2025-10-04 19:11:52,695 - root - INFO - new node validate average_precision, 0.9717
2025-10-04 19:11:52,695 - root - INFO - new node validate roc_auc, 0.9546
2025-10-04 19:12:14,868 - root - INFO - test loss: 0.2199
2025-10-04 19:12:14,869 - root - INFO - test average_precision, 0.9647
2025-10-04 19:12:14,869 - root - INFO - best test average_precision: 0.9707
2025-10-04 19:12:14,869 - root - INFO - test roc_auc, 0.9409
2025-10-04 19:12:14,869 - root - INFO - new node test loss: 0.2554
2025-10-04 19:12:14,869 - root - INFO - new node test average_precision, 0.9623
2025-10-04 19:12:14,869 - root - INFO - new node test roc_auc, 0.9407
2025-10-04 19:12:14,873 - root - INFO - load model ./saved_models/DyGMamba/wikipedia/DyGMamba_kan_mammote_seed0_kan_mammote_full/DyGMamba_kan_mammote_seed0_kan_mammote_full.pkl
2025-10-04 19:12:14,885 - root - INFO - get final performance on dataset wikipedia...
2025-10-04 19:12:59,412 - root - INFO - validate loss: 0.3356
2025-10-04 19:12:59,412 - root - INFO - validate average_precision, 0.9736
2025-10-04 19:12:59,412 - root - INFO - validate roc_auc, 0.9637
2025-10-04 19:12:59,412 - root - INFO - new node validate loss: 0.3511
2025-10-04 19:12:59,413 - root - INFO - new node validate average_precision, 0.9632
2025-10-04 19:12:59,413 - root - INFO - new node validate roc_auc, 0.9460
2025-10-04 19:12:59,413 - root - INFO - test loss: 0.3556
2025-10-04 19:12:59,413 - root - INFO - test average_precision, 0.9707
2025-10-04 19:12:59,413 - root - INFO - test roc_auc, 0.9590
2025-10-04 19:12:59,413 - root - INFO - new node test loss: 0.3884
2025-10-04 19:12:59,413 - root - INFO - new node test average_precision, 0.9558
2025-10-04 19:12:59,413 - root - INFO - new node test roc_auc, 0.9371
2025-10-04 19:12:59,422 - root - INFO - ✅ Metrics saved to: ./saved_metrics/DyGMamba/wikipedia/DyGMamba_kan_mammote_seed0
2025-10-04 19:12:59,422 - root - INFO - Run 1 cost 405.29 seconds.
2025-10-04 19:12:59,426 - root - INFO - metrics over 1 runs:
2025-10-04 19:12:59,426 - root - INFO - validate average_precision, [np.float64(0.97359685536844)]
2025-10-04 19:12:59,426 - root - INFO - average validate average_precision, 0.9736 ± nan
2025-10-04 19:12:59,426 - root - INFO - validate roc_auc, [np.float64(0.9636866608548182)]
2025-10-04 19:12:59,426 - root - INFO - average validate roc_auc, 0.9637 ± nan
2025-10-04 19:12:59,426 - root - INFO - new node validate average_precision, [np.float64(0.963198737802865)]
2025-10-04 19:12:59,427 - root - INFO - average new node validate average_precision, 0.9632 ± nan
2025-10-04 19:12:59,427 - root - INFO - new node validate roc_auc, [np.float64(0.9460068647540985)]
2025-10-04 19:12:59,427 - root - INFO - average new node validate roc_auc, 0.9460 ± nan
2025-10-04 19:12:59,427 - root - INFO - test average_precision, [np.float64(0.9706957435263185)]
2025-10-04 19:12:59,427 - root - INFO - average test average_precision, 0.9707 ± nan
2025-10-04 19:12:59,427 - root - INFO - test roc_auc, [np.float64(0.9590012512147716)]
2025-10-04 19:12:59,427 - root - INFO - average test roc_auc, 0.9590 ± nan
2025-10-04 19:12:59,427 - root - INFO - new node test average_precision, [np.float64(0.9557875022417383)]
2025-10-04 19:12:59,427 - root - INFO - average new node test average_precision, 0.9558 ± nan
2025-10-04 19:12:59,427 - root - INFO - new node test roc_auc, [np.float64(0.9371324000352441)]
2025-10-04 19:12:59,427 - root - INFO - average new node test roc_auc, 0.9371 ± nan
