2025-10-07 03:40:44,682 - root - INFO - ********** Run 1 starts. **********
2025-10-07 03:40:44,682 - root - INFO - configuration is Namespace(dataset_name='enron', batch_size=200, model_name='TGAT', gpu=0, num_neighbors=20, sample_neighbor_strategy='recent', time_scaling_factor=1e-06, num_walk_heads=8, num_heads=2, num_layers=2, walk_length=1, time_gap=2000, time_feat_dim=100, position_feat_dim=172, time_window_mode='fixed_proportion', time_encoder_type='time2vec', expert_dim=128, num_mixtures=16, sort_neighbors_by_time=False, patch_size=1, channel_embedding_dim=50, max_input_sequence_length=32, learning_rate=0.0001, dropout=0.2, gamma=0.5, num_epochs=1000, optimizer='Adam', weight_decay=0.0, patience=20, val_ratio=0.15, test_ratio=0.15, num_runs=1, test_interval_epochs=100, negative_sample_strategy='random', max_interaction_times=10, load_best_configs=True, data_ratio=1.0, seed=0, save_model_name_suffix='', ablation_dir='', mamba_d_state=256, mamba_d_conv=4, mamba_expand=2, mamba_headdim=64, device='cuda:0', save_model_name='TGAT_time2vec_seed0')
2025-10-07 03:40:44,687 - root - INFO - Metrics will be saved to: ./saved_metrics/TGAT/enron/TGAT_time2vec_seed0
2025-10-07 03:40:44,688 - root - INFO - time encoder type: time2vec
2025-10-07 03:40:44,688 - root - INFO - Time encoder will be injected into TGAT model
2025-10-07 03:40:44,856 - root - INFO - model -> Sequential(
  (0): TGAT(
    (time_encoder): TimeEncoderWrapper(
      (encoder): Time2VecEncoder(
        (time2vec_layer): SineActivation()
      )
    )
    (temporal_conv_layers): ModuleList(
      (0-1): 2 x MultiHeadAttention(
        (query_projection): Linear(in_features=272, out_features=272, bias=False)
        (key_projection): Linear(in_features=444, out_features=272, bias=False)
        (value_projection): Linear(in_features=444, out_features=272, bias=False)
        (layer_norm): LayerNorm((272,), eps=1e-05, elementwise_affine=True)
        (residual_fc): Linear(in_features=272, out_features=272, bias=True)
        (dropout): Dropout(p=0.2, inplace=False)
      )
    )
    (merge_layers): ModuleList(
      (0-1): 2 x MergeLayer(
        (fc1): Linear(in_features=444, out_features=172, bias=True)
        (fc2): Linear(in_features=172, out_features=172, bias=True)
        (act): ReLU()
      )
    )
  )
  (1): MergeLayer(
    (fc1): Linear(in_features=344, out_features=172, bias=True)
    (fc2): Linear(in_features=172, out_features=1, bias=True)
    (act): ReLU()
  )
)
2025-10-07 03:40:44,856 - root - INFO - model name: TGAT, #parameters: 4211780 B, 4113.06640625 KB, 4.016666412353516 MB.
2025-10-07 03:41:58,984 - root - INFO - Epoch: 1, learning rate: 0.0001, train loss: 0.5680
2025-10-07 03:41:58,985 - root - INFO - train average_precision, 0.7673
2025-10-07 03:41:58,985 - root - INFO - train roc_auc, 0.7653
2025-10-07 03:41:58,985 - root - INFO - validate loss: 0.6911
2025-10-07 03:41:58,985 - root - INFO - validate average_precision, 0.7631
2025-10-07 03:41:58,985 - root - INFO - validate roc_auc, 0.7778
2025-10-07 03:41:58,985 - root - INFO - new node validate loss: 0.7435
2025-10-07 03:41:58,985 - root - INFO - new node validate average_precision, 0.7298
2025-10-07 03:41:58,985 - root - INFO - new node validate roc_auc, 0.7406
2025-10-07 03:41:58,996 - root - INFO - save model ./saved_models/TGAT/enron/TGAT_time2vec_seed0/TGAT_time2vec_seed0.pkl
2025-10-07 03:43:10,910 - root - INFO - Epoch: 2, learning rate: 0.0001, train loss: 0.4938
2025-10-07 03:43:10,911 - root - INFO - train average_precision, 0.8371
2025-10-07 03:43:10,911 - root - INFO - train roc_auc, 0.8456
2025-10-07 03:43:10,911 - root - INFO - validate loss: 0.6750
2025-10-07 03:43:10,911 - root - INFO - validate average_precision, 0.7714
2025-10-07 03:43:10,911 - root - INFO - validate roc_auc, 0.7883
2025-10-07 03:43:10,911 - root - INFO - new node validate loss: 0.7332
2025-10-07 03:43:10,911 - root - INFO - new node validate average_precision, 0.7356
2025-10-07 03:43:10,911 - root - INFO - new node validate roc_auc, 0.7473
2025-10-07 03:43:10,918 - root - INFO - save model ./saved_models/TGAT/enron/TGAT_time2vec_seed0/TGAT_time2vec_seed0.pkl
2025-10-07 03:44:23,087 - root - INFO - Epoch: 3, learning rate: 0.0001, train loss: 0.4730
2025-10-07 03:44:23,088 - root - INFO - train average_precision, 0.8482
2025-10-07 03:44:23,088 - root - INFO - train roc_auc, 0.8595
2025-10-07 03:44:23,088 - root - INFO - validate loss: 0.5850
2025-10-07 03:44:23,088 - root - INFO - validate average_precision, 0.7498
2025-10-07 03:44:23,088 - root - INFO - validate roc_auc, 0.7727
2025-10-07 03:44:23,088 - root - INFO - new node validate loss: 0.6298
2025-10-07 03:44:23,088 - root - INFO - new node validate average_precision, 0.7134
2025-10-07 03:44:23,088 - root - INFO - new node validate roc_auc, 0.7177
2025-10-07 03:45:35,160 - root - INFO - Epoch: 4, learning rate: 0.0001, train loss: 0.4574
2025-10-07 03:45:35,160 - root - INFO - train average_precision, 0.8557
2025-10-07 03:45:35,160 - root - INFO - train roc_auc, 0.8678
2025-10-07 03:45:35,160 - root - INFO - validate loss: 0.5890
2025-10-07 03:45:35,160 - root - INFO - validate average_precision, 0.7759
2025-10-07 03:45:35,160 - root - INFO - validate roc_auc, 0.7943
2025-10-07 03:45:35,160 - root - INFO - new node validate loss: 0.6669
2025-10-07 03:45:35,160 - root - INFO - new node validate average_precision, 0.7374
2025-10-07 03:45:35,161 - root - INFO - new node validate roc_auc, 0.7524
2025-10-07 03:45:35,166 - root - INFO - save model ./saved_models/TGAT/enron/TGAT_time2vec_seed0/TGAT_time2vec_seed0.pkl
2025-10-07 03:46:47,573 - root - INFO - Epoch: 5, learning rate: 0.0001, train loss: 0.4508
2025-10-07 03:46:47,573 - root - INFO - train average_precision, 0.8597
2025-10-07 03:46:47,574 - root - INFO - train roc_auc, 0.8718
2025-10-07 03:46:47,574 - root - INFO - validate loss: 0.5651
2025-10-07 03:46:47,574 - root - INFO - validate average_precision, 0.7798
2025-10-07 03:46:47,574 - root - INFO - validate roc_auc, 0.7976
2025-10-07 03:46:47,574 - root - INFO - new node validate loss: 0.6355
2025-10-07 03:46:47,574 - root - INFO - new node validate average_precision, 0.7426
2025-10-07 03:46:47,574 - root - INFO - new node validate roc_auc, 0.7567
2025-10-07 03:46:47,579 - root - INFO - save model ./saved_models/TGAT/enron/TGAT_time2vec_seed0/TGAT_time2vec_seed0.pkl
2025-10-07 03:48:01,228 - root - INFO - Epoch: 6, learning rate: 0.0001, train loss: 0.4463
2025-10-07 03:48:01,228 - root - INFO - train average_precision, 0.8604
2025-10-07 03:48:01,228 - root - INFO - train roc_auc, 0.8738
2025-10-07 03:48:01,228 - root - INFO - validate loss: 0.5875
2025-10-07 03:48:01,228 - root - INFO - validate average_precision, 0.7796
2025-10-07 03:48:01,228 - root - INFO - validate roc_auc, 0.7980
2025-10-07 03:48:01,228 - root - INFO - new node validate loss: 0.6480
2025-10-07 03:48:01,228 - root - INFO - new node validate average_precision, 0.7413
2025-10-07 03:48:01,228 - root - INFO - new node validate roc_auc, 0.7565
2025-10-07 03:49:13,665 - root - INFO - Epoch: 7, learning rate: 0.0001, train loss: 0.4437
2025-10-07 03:49:13,666 - root - INFO - train average_precision, 0.8620
2025-10-07 03:49:13,666 - root - INFO - train roc_auc, 0.8752
2025-10-07 03:49:13,666 - root - INFO - validate loss: 0.6021
2025-10-07 03:49:13,666 - root - INFO - validate average_precision, 0.7801
2025-10-07 03:49:13,666 - root - INFO - validate roc_auc, 0.7988
2025-10-07 03:49:13,666 - root - INFO - new node validate loss: 0.6684
2025-10-07 03:49:13,666 - root - INFO - new node validate average_precision, 0.7414
2025-10-07 03:49:13,666 - root - INFO - new node validate roc_auc, 0.7562
2025-10-07 03:49:13,673 - root - INFO - save model ./saved_models/TGAT/enron/TGAT_time2vec_seed0/TGAT_time2vec_seed0.pkl
2025-10-07 03:50:25,906 - root - INFO - Epoch: 8, learning rate: 0.0001, train loss: 0.4433
2025-10-07 03:50:25,906 - root - INFO - train average_precision, 0.8632
2025-10-07 03:50:25,906 - root - INFO - train roc_auc, 0.8751
2025-10-07 03:50:25,907 - root - INFO - validate loss: 0.6070
2025-10-07 03:50:25,907 - root - INFO - validate average_precision, 0.7761
2025-10-07 03:50:25,907 - root - INFO - validate roc_auc, 0.7918
2025-10-07 03:50:25,907 - root - INFO - new node validate loss: 0.6693
2025-10-07 03:50:25,907 - root - INFO - new node validate average_precision, 0.7361
2025-10-07 03:50:25,907 - root - INFO - new node validate roc_auc, 0.7524
2025-10-07 03:51:38,665 - root - INFO - Epoch: 9, learning rate: 0.0001, train loss: 0.4434
2025-10-07 03:51:38,666 - root - INFO - train average_precision, 0.8632
2025-10-07 03:51:38,666 - root - INFO - train roc_auc, 0.8746
2025-10-07 03:51:38,666 - root - INFO - validate loss: 0.6085
2025-10-07 03:51:38,666 - root - INFO - validate average_precision, 0.7771
2025-10-07 03:51:38,666 - root - INFO - validate roc_auc, 0.7921
2025-10-07 03:51:38,666 - root - INFO - new node validate loss: 0.6717
2025-10-07 03:51:38,666 - root - INFO - new node validate average_precision, 0.7390
2025-10-07 03:51:38,666 - root - INFO - new node validate roc_auc, 0.7539
2025-10-07 03:52:50,966 - root - INFO - Epoch: 10, learning rate: 0.0001, train loss: 0.4406
2025-10-07 03:52:50,967 - root - INFO - train average_precision, 0.8637
2025-10-07 03:52:50,967 - root - INFO - train roc_auc, 0.8759
2025-10-07 03:52:50,967 - root - INFO - validate loss: 0.6108
2025-10-07 03:52:50,967 - root - INFO - validate average_precision, 0.7758
2025-10-07 03:52:50,967 - root - INFO - validate roc_auc, 0.7937
2025-10-07 03:52:50,967 - root - INFO - new node validate loss: 0.6791
2025-10-07 03:52:50,967 - root - INFO - new node validate average_precision, 0.7372
2025-10-07 03:52:50,967 - root - INFO - new node validate roc_auc, 0.7543
2025-10-07 03:54:03,271 - root - INFO - Epoch: 11, learning rate: 0.0001, train loss: 0.4394
2025-10-07 03:54:03,271 - root - INFO - train average_precision, 0.8648
2025-10-07 03:54:03,271 - root - INFO - train roc_auc, 0.8763
2025-10-07 03:54:03,271 - root - INFO - validate loss: 0.6242
2025-10-07 03:54:03,271 - root - INFO - validate average_precision, 0.7725
2025-10-07 03:54:03,271 - root - INFO - validate roc_auc, 0.7908
2025-10-07 03:54:03,272 - root - INFO - new node validate loss: 0.6945
2025-10-07 03:54:03,272 - root - INFO - new node validate average_precision, 0.7328
2025-10-07 03:54:03,272 - root - INFO - new node validate roc_auc, 0.7520
2025-10-07 03:55:15,510 - root - INFO - Epoch: 12, learning rate: 0.0001, train loss: 0.4402
2025-10-07 03:55:15,510 - root - INFO - train average_precision, 0.8643
2025-10-07 03:55:15,510 - root - INFO - train roc_auc, 0.8762
2025-10-07 03:55:15,510 - root - INFO - validate loss: 0.6253
2025-10-07 03:55:15,511 - root - INFO - validate average_precision, 0.7706
2025-10-07 03:55:15,511 - root - INFO - validate roc_auc, 0.7882
2025-10-07 03:55:15,511 - root - INFO - new node validate loss: 0.6915
2025-10-07 03:55:15,511 - root - INFO - new node validate average_precision, 0.7304
2025-10-07 03:55:15,511 - root - INFO - new node validate roc_auc, 0.7492
2025-10-07 03:56:27,721 - root - INFO - Epoch: 13, learning rate: 0.0001, train loss: 0.4445
2025-10-07 03:56:27,722 - root - INFO - train average_precision, 0.8612
2025-10-07 03:56:27,722 - root - INFO - train roc_auc, 0.8729
2025-10-07 03:56:27,722 - root - INFO - validate loss: 0.6271
2025-10-07 03:56:27,722 - root - INFO - validate average_precision, 0.7689
2025-10-07 03:56:27,722 - root - INFO - validate roc_auc, 0.7886
2025-10-07 03:56:27,722 - root - INFO - new node validate loss: 0.6960
2025-10-07 03:56:27,722 - root - INFO - new node validate average_precision, 0.7293
2025-10-07 03:56:27,722 - root - INFO - new node validate roc_auc, 0.7500
2025-10-07 03:57:39,948 - root - INFO - Epoch: 14, learning rate: 0.0001, train loss: 0.4418
2025-10-07 03:57:39,948 - root - INFO - train average_precision, 0.8630
2025-10-07 03:57:39,949 - root - INFO - train roc_auc, 0.8744
2025-10-07 03:57:39,949 - root - INFO - validate loss: 0.6320
2025-10-07 03:57:39,949 - root - INFO - validate average_precision, 0.7670
2025-10-07 03:57:39,949 - root - INFO - validate roc_auc, 0.7883
2025-10-07 03:57:39,949 - root - INFO - new node validate loss: 0.7029
2025-10-07 03:57:39,949 - root - INFO - new node validate average_precision, 0.7260
2025-10-07 03:57:39,949 - root - INFO - new node validate roc_auc, 0.7490
2025-10-07 03:58:52,144 - root - INFO - Epoch: 15, learning rate: 0.0001, train loss: 0.4417
2025-10-07 03:58:52,145 - root - INFO - train average_precision, 0.8627
2025-10-07 03:58:52,145 - root - INFO - train roc_auc, 0.8746
2025-10-07 03:58:52,145 - root - INFO - validate loss: 0.6186
2025-10-07 03:58:52,145 - root - INFO - validate average_precision, 0.7720
2025-10-07 03:58:52,145 - root - INFO - validate roc_auc, 0.7891
2025-10-07 03:58:52,145 - root - INFO - new node validate loss: 0.6855
2025-10-07 03:58:52,145 - root - INFO - new node validate average_precision, 0.7310
2025-10-07 03:58:52,146 - root - INFO - new node validate roc_auc, 0.7503
2025-10-07 04:00:04,427 - root - INFO - Epoch: 16, learning rate: 0.0001, train loss: 0.4422
2025-10-07 04:00:04,428 - root - INFO - train average_precision, 0.8620
2025-10-07 04:00:04,428 - root - INFO - train roc_auc, 0.8738
2025-10-07 04:00:04,428 - root - INFO - validate loss: 0.6216
2025-10-07 04:00:04,428 - root - INFO - validate average_precision, 0.7703
2025-10-07 04:00:04,428 - root - INFO - validate roc_auc, 0.7885
2025-10-07 04:00:04,428 - root - INFO - new node validate loss: 0.6889
2025-10-07 04:00:04,428 - root - INFO - new node validate average_precision, 0.7278
2025-10-07 04:00:04,428 - root - INFO - new node validate roc_auc, 0.7490
2025-10-07 04:01:17,106 - root - INFO - Epoch: 17, learning rate: 0.0001, train loss: 0.4411
2025-10-07 04:01:17,106 - root - INFO - train average_precision, 0.8640
2025-10-07 04:01:17,106 - root - INFO - train roc_auc, 0.8751
2025-10-07 04:01:17,106 - root - INFO - validate loss: 0.6287
2025-10-07 04:01:17,106 - root - INFO - validate average_precision, 0.7677
2025-10-07 04:01:17,106 - root - INFO - validate roc_auc, 0.7867
2025-10-07 04:01:17,107 - root - INFO - new node validate loss: 0.6974
2025-10-07 04:01:17,107 - root - INFO - new node validate average_precision, 0.7253
2025-10-07 04:01:17,107 - root - INFO - new node validate roc_auc, 0.7475
2025-10-07 04:02:29,099 - root - INFO - Epoch: 18, learning rate: 0.0001, train loss: 0.4443
2025-10-07 04:02:29,100 - root - INFO - train average_precision, 0.8626
2025-10-07 04:02:29,100 - root - INFO - train roc_auc, 0.8734
2025-10-07 04:02:29,100 - root - INFO - validate loss: 0.6344
2025-10-07 04:02:29,100 - root - INFO - validate average_precision, 0.7651
2025-10-07 04:02:29,100 - root - INFO - validate roc_auc, 0.7875
2025-10-07 04:02:29,100 - root - INFO - new node validate loss: 0.7096
2025-10-07 04:02:29,101 - root - INFO - new node validate average_precision, 0.7201
2025-10-07 04:02:29,101 - root - INFO - new node validate roc_auc, 0.7451
2025-10-07 04:03:41,868 - root - INFO - Epoch: 19, learning rate: 0.0001, train loss: 0.4468
2025-10-07 04:03:41,868 - root - INFO - train average_precision, 0.8599
2025-10-07 04:03:41,868 - root - INFO - train roc_auc, 0.8718
2025-10-07 04:03:41,868 - root - INFO - validate loss: 0.5908
2025-10-07 04:03:41,868 - root - INFO - validate average_precision, 0.7484
2025-10-07 04:03:41,869 - root - INFO - validate roc_auc, 0.7725
2025-10-07 04:03:41,869 - root - INFO - new node validate loss: 0.6240
2025-10-07 04:03:41,869 - root - INFO - new node validate average_precision, 0.7161
2025-10-07 04:03:41,869 - root - INFO - new node validate roc_auc, 0.7300
2025-10-07 04:04:54,764 - root - INFO - Epoch: 20, learning rate: 0.0001, train loss: 0.4522
2025-10-07 04:04:54,764 - root - INFO - train average_precision, 0.8519
2025-10-07 04:04:54,765 - root - INFO - train roc_auc, 0.8680
2025-10-07 04:04:54,765 - root - INFO - validate loss: 0.5754
2025-10-07 04:04:54,765 - root - INFO - validate average_precision, 0.7574
2025-10-07 04:04:54,765 - root - INFO - validate roc_auc, 0.7836
2025-10-07 04:04:54,765 - root - INFO - new node validate loss: 0.6136
2025-10-07 04:04:54,765 - root - INFO - new node validate average_precision, 0.7254
2025-10-07 04:04:54,765 - root - INFO - new node validate roc_auc, 0.7411
2025-10-07 04:06:06,956 - root - INFO - Epoch: 21, learning rate: 0.0001, train loss: 0.4454
2025-10-07 04:06:06,956 - root - INFO - train average_precision, 0.8565
2025-10-07 04:06:06,956 - root - INFO - train roc_auc, 0.8722
2025-10-07 04:06:06,957 - root - INFO - validate loss: 0.5649
2025-10-07 04:06:06,957 - root - INFO - validate average_precision, 0.7635
2025-10-07 04:06:06,957 - root - INFO - validate roc_auc, 0.7918
2025-10-07 04:06:06,957 - root - INFO - new node validate loss: 0.6051
2025-10-07 04:06:06,957 - root - INFO - new node validate average_precision, 0.7315
2025-10-07 04:06:06,957 - root - INFO - new node validate roc_auc, 0.7506
2025-10-07 04:07:19,066 - root - INFO - Epoch: 22, learning rate: 0.0001, train loss: 0.4372
2025-10-07 04:07:19,067 - root - INFO - train average_precision, 0.8605
2025-10-07 04:07:19,067 - root - INFO - train roc_auc, 0.8761
2025-10-07 04:07:19,067 - root - INFO - validate loss: 0.5611
2025-10-07 04:07:19,067 - root - INFO - validate average_precision, 0.7669
2025-10-07 04:07:19,067 - root - INFO - validate roc_auc, 0.7941
2025-10-07 04:07:19,067 - root - INFO - new node validate loss: 0.5981
2025-10-07 04:07:19,067 - root - INFO - new node validate average_precision, 0.7338
2025-10-07 04:07:19,067 - root - INFO - new node validate roc_auc, 0.7530
2025-10-07 04:08:30,960 - root - INFO - Epoch: 23, learning rate: 0.0001, train loss: 0.4550
2025-10-07 04:08:30,960 - root - INFO - train average_precision, 0.8552
2025-10-07 04:08:30,961 - root - INFO - train roc_auc, 0.8687
2025-10-07 04:08:30,961 - root - INFO - validate loss: 0.5993
2025-10-07 04:08:30,961 - root - INFO - validate average_precision, 0.7439
2025-10-07 04:08:30,961 - root - INFO - validate roc_auc, 0.7666
2025-10-07 04:08:30,961 - root - INFO - new node validate loss: 0.6259
2025-10-07 04:08:30,961 - root - INFO - new node validate average_precision, 0.7152
2025-10-07 04:08:30,961 - root - INFO - new node validate roc_auc, 0.7280
2025-10-07 04:09:43,084 - root - INFO - Epoch: 24, learning rate: 0.0001, train loss: 0.4661
2025-10-07 04:09:43,084 - root - INFO - train average_precision, 0.8507
2025-10-07 04:09:43,085 - root - INFO - train roc_auc, 0.8636
2025-10-07 04:09:43,085 - root - INFO - validate loss: 0.6007
2025-10-07 04:09:43,085 - root - INFO - validate average_precision, 0.7365
2025-10-07 04:09:43,085 - root - INFO - validate roc_auc, 0.7575
2025-10-07 04:09:43,085 - root - INFO - new node validate loss: 0.6255
2025-10-07 04:09:43,085 - root - INFO - new node validate average_precision, 0.7079
2025-10-07 04:09:43,085 - root - INFO - new node validate roc_auc, 0.7187
2025-10-07 04:10:55,621 - root - INFO - Epoch: 25, learning rate: 0.0001, train loss: 0.4693
2025-10-07 04:10:55,622 - root - INFO - train average_precision, 0.8464
2025-10-07 04:10:55,622 - root - INFO - train roc_auc, 0.8586
2025-10-07 04:10:55,622 - root - INFO - validate loss: 0.5884
2025-10-07 04:10:55,622 - root - INFO - validate average_precision, 0.7424
2025-10-07 04:10:55,622 - root - INFO - validate roc_auc, 0.7663
2025-10-07 04:10:55,622 - root - INFO - new node validate loss: 0.6188
2025-10-07 04:10:55,622 - root - INFO - new node validate average_precision, 0.7143
2025-10-07 04:10:55,622 - root - INFO - new node validate roc_auc, 0.7270
2025-10-07 04:12:07,764 - root - INFO - Epoch: 26, learning rate: 0.0001, train loss: 0.4637
2025-10-07 04:12:07,765 - root - INFO - train average_precision, 0.8487
2025-10-07 04:12:07,765 - root - INFO - train roc_auc, 0.8625
2025-10-07 04:12:07,765 - root - INFO - validate loss: 0.5862
2025-10-07 04:12:07,765 - root - INFO - validate average_precision, 0.7452
2025-10-07 04:12:07,765 - root - INFO - validate roc_auc, 0.7681
2025-10-07 04:12:07,765 - root - INFO - new node validate loss: 0.6167
2025-10-07 04:12:07,765 - root - INFO - new node validate average_precision, 0.7162
2025-10-07 04:12:07,765 - root - INFO - new node validate roc_auc, 0.7286
2025-10-07 04:13:19,988 - root - INFO - Epoch: 27, learning rate: 0.0001, train loss: 0.4608
2025-10-07 04:13:19,989 - root - INFO - train average_precision, 0.8509
2025-10-07 04:13:19,989 - root - INFO - train roc_auc, 0.8640
2025-10-07 04:13:19,989 - root - INFO - validate loss: 0.5851
2025-10-07 04:13:19,989 - root - INFO - validate average_precision, 0.7474
2025-10-07 04:13:19,989 - root - INFO - validate roc_auc, 0.7699
2025-10-07 04:13:19,989 - root - INFO - new node validate loss: 0.6183
2025-10-07 04:13:19,989 - root - INFO - new node validate average_precision, 0.7179
2025-10-07 04:13:19,989 - root - INFO - new node validate roc_auc, 0.7301
2025-10-07 04:13:19,995 - root - INFO - load model ./saved_models/TGAT/enron/TGAT_time2vec_seed0/TGAT_time2vec_seed0.pkl
2025-10-07 04:13:20,012 - root - INFO - get final performance on dataset enron...
2025-10-07 04:13:46,790 - root - INFO - validate loss: 0.6021
2025-10-07 04:13:46,790 - root - INFO - validate average_precision, 0.7801
2025-10-07 04:13:46,790 - root - INFO - validate roc_auc, 0.7988
2025-10-07 04:13:46,790 - root - INFO - new node validate loss: 0.6684
2025-10-07 04:13:46,790 - root - INFO - new node validate average_precision, 0.7414
2025-10-07 04:13:46,790 - root - INFO - new node validate roc_auc, 0.7562
2025-10-07 04:13:46,790 - root - INFO - test loss: 0.5535
2025-10-07 04:13:46,790 - root - INFO - test average_precision, 0.8067
2025-10-07 04:13:46,791 - root - INFO - test roc_auc, 0.8297
2025-10-07 04:13:46,791 - root - INFO - new node test loss: 0.6808
2025-10-07 04:13:46,791 - root - INFO - new node test average_precision, 0.7429
2025-10-07 04:13:46,791 - root - INFO - new node test roc_auc, 0.7539
2025-10-07 04:13:46,799 - root - INFO - ✅ Metrics saved to: ./saved_metrics/TGAT/enron/TGAT_time2vec_seed0
2025-10-07 04:13:46,799 - root - INFO - Run 1 cost 1982.12 seconds.
2025-10-07 04:13:46,805 - root - INFO - metrics over 1 runs:
2025-10-07 04:13:46,805 - root - INFO - validate average_precision, [np.float64(0.7800750661080941)]
2025-10-07 04:13:46,805 - root - INFO - average validate average_precision, 0.7801 ± nan
2025-10-07 04:13:46,805 - root - INFO - validate roc_auc, [np.float64(0.7988000714939372)]
2025-10-07 04:13:46,805 - root - INFO - average validate roc_auc, 0.7988 ± nan
2025-10-07 04:13:46,805 - root - INFO - new node validate average_precision, [np.float64(0.7413941509755089)]
2025-10-07 04:13:46,806 - root - INFO - average new node validate average_precision, 0.7414 ± nan
2025-10-07 04:13:46,806 - root - INFO - new node validate roc_auc, [np.float64(0.7561891810435792)]
2025-10-07 04:13:46,806 - root - INFO - average new node validate roc_auc, 0.7562 ± nan
2025-10-07 04:13:46,806 - root - INFO - test average_precision, [np.float64(0.8067214570440188)]
2025-10-07 04:13:46,806 - root - INFO - average test average_precision, 0.8067 ± nan
2025-10-07 04:13:46,806 - root - INFO - test roc_auc, [np.float64(0.8296891438268343)]
2025-10-07 04:13:46,806 - root - INFO - average test roc_auc, 0.8297 ± nan
2025-10-07 04:13:46,806 - root - INFO - new node test average_precision, [np.float64(0.7429428856249215)]
2025-10-07 04:13:46,806 - root - INFO - average new node test average_precision, 0.7429 ± nan
2025-10-07 04:13:46,806 - root - INFO - new node test roc_auc, [np.float64(0.7539167294080564)]
2025-10-07 04:13:46,806 - root - INFO - average new node test roc_auc, 0.7539 ± nan
