2025-10-08 09:33:41,928 - root - INFO - ********** Run 2 starts. **********
2025-10-08 09:33:41,928 - root - INFO - configuration is Namespace(dataset_name='uci', batch_size=200, model_name='TCL', gpu=0, num_neighbors=20, sample_neighbor_strategy='recent', time_scaling_factor=1e-06, num_walk_heads=8, num_heads=2, num_layers=2, walk_length=1, time_gap=2000, time_feat_dim=100, position_feat_dim=172, time_window_mode='fixed_proportion', time_encoder_type='bochner', expert_dim=128, num_mixtures=16, sort_neighbors_by_time=False, patch_size=1, channel_embedding_dim=50, max_input_sequence_length=32, learning_rate=0.0001, dropout=0.0, gamma=0.5, num_epochs=2, optimizer='Adam', weight_decay=0.0, patience=20, val_ratio=0.15, test_ratio=0.15, num_runs=2, test_interval_epochs=100, negative_sample_strategy='random', max_interaction_times=10, load_best_configs=True, data_ratio=0.05, seed=1, save_model_name_suffix='', ablation_dir='', mamba_d_state=256, mamba_d_conv=4, mamba_expand=2, mamba_headdim=64, resume_from_checkpoint=None, save_checkpoints=True, checkpoint_interval=20, start_from_seed=0, max_checkpoints_to_keep=3, checkpoint_strategy='minimal', validate_checkpoints=True, device='cuda:0', save_model_name='TCL_bochner_seed1')
2025-10-08 09:33:41,930 - root - INFO - Metrics will be saved to: ./saved_metrics/TCL/uci/TCL_bochner_seed1
2025-10-08 09:33:41,930 - root - INFO - time encoder type: bochner
2025-10-08 09:33:41,930 - root - INFO - Time encoder will be injected into TCL model
2025-10-08 09:33:42,061 - root - INFO - model -> Sequential(
  (0): TCL(
    (time_encoder): TimeEncoderWrapper(
      (encoder): BochnerTimeEncoder()
    )
    (depth_embedding): Embedding(21, 172)
    (projection_layer): ModuleDict(
      (node): Linear(in_features=172, out_features=172, bias=True)
      (edge): Linear(in_features=172, out_features=172, bias=True)
      (time): Linear(in_features=100, out_features=172, bias=True)
    )
    (transformers): ModuleList(
      (0-1): 2 x TransformerEncoder(
        (multi_head_attention): MultiheadAttention(
          (out_proj): NonDynamicallyQuantizableLinear(in_features=172, out_features=172, bias=True)
        )
        (dropout): Dropout(p=0.0, inplace=False)
        (linear_layers): ModuleList(
          (0): Linear(in_features=172, out_features=688, bias=True)
          (1): Linear(in_features=688, out_features=172, bias=True)
        )
        (norm_layers): ModuleList(
          (0-1): 2 x LayerNorm((172,), eps=1e-05, elementwise_affine=True)
        )
      )
    )
    (output_layer): Linear(in_features=172, out_features=172, bias=True)
  )
  (1): MergeLayer(
    (fc1): Linear(in_features=344, out_features=172, bias=True)
    (fc2): Linear(in_features=172, out_features=1, bias=True)
    (act): ReLU()
  )
)
2025-10-08 09:33:42,061 - root - INFO - model name: TCL, #parameters: 3537412 B, 3454.50390625 KB, 3.3735389709472656 MB.
2025-10-08 09:33:42,517 - root - INFO - Epoch: 1, learning rate: 0.0001, train loss: 0.6527
2025-10-08 09:33:42,517 - root - INFO - train average_precision, 0.7132
2025-10-08 09:33:42,517 - root - INFO - train roc_auc, 0.7140
2025-10-08 09:33:42,517 - root - INFO - validate loss: 0.5749
2025-10-08 09:33:42,517 - root - INFO - validate average_precision, 0.7938
2025-10-08 09:33:42,517 - root - INFO - validate roc_auc, 0.8251
2025-10-08 09:33:42,517 - root - INFO - new node validate loss: 0.7140
2025-10-08 09:33:42,518 - root - INFO - new node validate average_precision, 0.4941
2025-10-08 09:33:42,518 - root - INFO - new node validate roc_auc, 0.5169
2025-10-08 09:33:42,527 - root - INFO - save model ./saved_models/TCL/uci/TCL_bochner_seed1/TCL_bochner_seed1.pkl
2025-10-08 09:33:43,009 - root - INFO - Epoch: 2, learning rate: 0.0001, train loss: 0.6109
2025-10-08 09:33:43,009 - root - INFO - train average_precision, 0.7521
2025-10-08 09:33:43,009 - root - INFO - train roc_auc, 0.7670
2025-10-08 09:33:43,009 - root - INFO - validate loss: 0.5464
2025-10-08 09:33:43,009 - root - INFO - validate average_precision, 0.8036
2025-10-08 09:33:43,009 - root - INFO - validate roc_auc, 0.8346
2025-10-08 09:33:43,009 - root - INFO - new node validate loss: 0.7746
2025-10-08 09:33:43,009 - root - INFO - new node validate average_precision, 0.5114
2025-10-08 09:33:43,009 - root - INFO - new node validate roc_auc, 0.5248
2025-10-08 09:33:43,014 - root - INFO - save model ./saved_models/TCL/uci/TCL_bochner_seed1/TCL_bochner_seed1.pkl
2025-10-08 09:33:43,050 - root - INFO - load model ./saved_models/TCL/uci/TCL_bochner_seed1/TCL_bochner_seed1.pkl
2025-10-08 09:33:43,067 - root - INFO - get final performance on dataset uci...
2025-10-08 09:33:43,237 - root - INFO - validate loss: 0.5464
2025-10-08 09:33:43,237 - root - INFO - validate average_precision, 0.8036
2025-10-08 09:33:43,237 - root - INFO - validate roc_auc, 0.8346
2025-10-08 09:33:43,238 - root - INFO - new node validate loss: 0.7746
2025-10-08 09:33:43,238 - root - INFO - new node validate average_precision, 0.5114
2025-10-08 09:33:43,238 - root - INFO - new node validate roc_auc, 0.5248
2025-10-08 09:33:43,238 - root - INFO - test loss: 0.6519
2025-10-08 09:33:43,238 - root - INFO - test average_precision, 0.6428
2025-10-08 09:33:43,238 - root - INFO - test roc_auc, 0.6818
2025-10-08 09:33:43,238 - root - INFO - new node test loss: 0.7594
2025-10-08 09:33:43,238 - root - INFO - new node test average_precision, 0.5197
2025-10-08 09:33:43,238 - root - INFO - new node test roc_auc, 0.5363
2025-10-08 09:33:43,246 - root - INFO - ✅ Metrics saved to: ./saved_metrics/TCL/uci/TCL_bochner_seed1
2025-10-08 09:33:43,246 - root - INFO - Run 2 cost 1.32 seconds.
2025-10-08 09:33:43,249 - root - INFO - metrics over 2 runs:
2025-10-08 09:33:43,249 - root - INFO - validate average_precision, [np.float64(0.7905606376107782), np.float64(0.8035964647139785)]
2025-10-08 09:33:43,249 - root - INFO - average validate average_precision, 0.7971 ± 0.0092
2025-10-08 09:33:43,249 - root - INFO - validate roc_auc, [np.float64(0.8236131944444445), np.float64(0.8346263888888888)]
2025-10-08 09:33:43,249 - root - INFO - average validate roc_auc, 0.8291 ± 0.0078
2025-10-08 09:33:43,250 - root - INFO - new node validate average_precision, [np.float64(0.548843930845939), np.float64(0.5114426367838154)]
2025-10-08 09:33:43,250 - root - INFO - average new node validate average_precision, 0.5301 ± 0.0264
2025-10-08 09:33:43,250 - root - INFO - new node validate roc_auc, [np.float64(0.5424222222222223), np.float64(0.5247777777777778)]
2025-10-08 09:33:43,250 - root - INFO - average new node validate roc_auc, 0.5336 ± 0.0125
2025-10-08 09:33:43,250 - root - INFO - test average_precision, [np.float64(0.6551053662247863), np.float64(0.6427783852093597)]
2025-10-08 09:33:43,250 - root - INFO - average test average_precision, 0.6489 ± 0.0087
2025-10-08 09:33:43,250 - root - INFO - test roc_auc, [np.float64(0.6797827918922671), np.float64(0.6818136366791614)]
2025-10-08 09:33:43,250 - root - INFO - average test roc_auc, 0.6808 ± 0.0014
2025-10-08 09:33:43,250 - root - INFO - new node test average_precision, [np.float64(0.5127830623696346), np.float64(0.5196806378979204)]
2025-10-08 09:33:43,250 - root - INFO - average new node test average_precision, 0.5162 ± 0.0049
2025-10-08 09:33:43,250 - root - INFO - new node test roc_auc, [np.float64(0.5387465277777778), np.float64(0.5363347222222222)]
2025-10-08 09:33:43,251 - root - INFO - average new node test roc_auc, 0.5375 ± 0.0017
