2025-10-02 01:39:03,172 - root - INFO - ********** Run 4 starts. **********
2025-10-02 01:39:03,172 - root - INFO - configuration is Namespace(dataset_name='mooc', batch_size=200, model_name='DyRep', gpu=0, num_neighbors=10, sample_neighbor_strategy='recent', time_scaling_factor=1e-06, num_walk_heads=8, num_heads=2, num_layers=1, walk_length=1, time_gap=2000, time_feat_dim=128, position_feat_dim=172, time_window_mode='fixed_proportion', time_encoder_type='lete', expert_dim=64, num_mixtures=4, patch_size=1, channel_embedding_dim=50, max_input_sequence_length=32, learning_rate=0.0001, dropout=0.0, gamma=0.5, num_epochs=100, optimizer='Adam', weight_decay=0.0, patience=20, val_ratio=0.15, test_ratio=0.15, num_runs=5, test_interval_epochs=1, negative_sample_strategy='random', max_interaction_times=10, load_best_configs=True, device='cuda:0', seed=3, save_model_name='DyRep_lete_seed3')
2025-10-02 01:39:03,173 - root - INFO - time encoder type: lete
2025-10-02 01:39:03,562 - root - INFO - model -> Sequential(
  (0): MemoryModel(
    (time_encoder): TimeEncoder(
      (w): Linear(in_features=1, out_features=128, bias=True)
    )
    (message_aggregator): MessageAggregator()
    (memory_bank): MemoryBank(num_nodes=7145, memory_dim=172)
    (memory_updater): RNNMemoryUpdater(
      (memory_bank): MemoryBank(num_nodes=7145, memory_dim=172)
      (memory_updater): RNNCell(644, 172)
    )
    (embedding_module): GraphAttentionEmbedding(
      (time_encoder): TimeEncoder(
        (w): Linear(in_features=1, out_features=128, bias=True)
      )
      (temporal_conv_layers): ModuleList(
        (0): MultiHeadAttention(
          (query_projection): Linear(in_features=300, out_features=300, bias=False)
          (key_projection): Linear(in_features=472, out_features=300, bias=False)
          (value_projection): Linear(in_features=472, out_features=300, bias=False)
          (layer_norm): LayerNorm((300,), eps=1e-05, elementwise_affine=True)
          (residual_fc): Linear(in_features=300, out_features=300, bias=True)
          (dropout): Dropout(p=0.0, inplace=False)
        )
      )
      (merge_layers): ModuleList(
        (0): MergeLayer(
          (fc1): Linear(in_features=472, out_features=172, bias=True)
          (fc2): Linear(in_features=172, out_features=172, bias=True)
          (act): ReLU()
        )
      )
    )
  )
  (1): MergeLayer(
    (fc1): Linear(in_features=344, out_features=172, bias=True)
    (fc2): Linear(in_features=172, out_features=1, bias=True)
    (act): ReLU()
  )
)
2025-10-02 01:39:03,562 - root - INFO - model name: DyRep, #parameters: 3102708 B, 3029.98828125 KB, 2.958972930908203 MB.
2025-10-02 01:40:15,058 - root - INFO - Epoch: 1, learning rate: 0.0001, train loss: 0.4835
2025-10-02 01:40:15,060 - root - INFO - train average_precision, 0.7493
2025-10-02 01:40:15,060 - root - INFO - train roc_auc, 0.8050
2025-10-02 01:40:15,060 - root - INFO - validate loss: 0.7055
2025-10-02 01:40:15,060 - root - INFO - validate average_precision, 0.5921
2025-10-02 01:40:15,060 - root - INFO - validate roc_auc, 0.6217
2025-10-02 01:40:15,060 - root - INFO - new node validate loss: 0.6942
2025-10-02 01:40:15,060 - root - INFO - new node validate average_precision, 0.5891
2025-10-02 01:40:15,060 - root - INFO - new node validate roc_auc, 0.6150
2025-10-02 01:40:29,054 - root - INFO - test loss: 0.6987
2025-10-02 01:40:29,054 - root - INFO - test average_precision, 0.5649
2025-10-02 01:40:29,054 - root - INFO - best test average_precision: 0.5649
2025-10-02 01:40:29,054 - root - INFO - test roc_auc, 0.5843
2025-10-02 01:40:29,054 - root - INFO - new node test loss: 0.6905
2025-10-02 01:40:29,055 - root - INFO - new node test average_precision, 0.5818
2025-10-02 01:40:29,055 - root - INFO - new node test roc_auc, 0.5998
2025-10-02 01:40:29,055 - root - INFO - save model ./saved_models/DyRep/mooc/DyRep_lete_seed3/DyRep_lete_seed3.pkl
2025-10-02 01:41:42,724 - root - INFO - Epoch: 2, learning rate: 0.0001, train loss: 0.4320
2025-10-02 01:41:42,725 - root - INFO - train average_precision, 0.8099
2025-10-02 01:41:42,725 - root - INFO - train roc_auc, 0.8554
2025-10-02 01:41:42,725 - root - INFO - validate loss: 0.5312
2025-10-02 01:41:42,725 - root - INFO - validate average_precision, 0.7396
2025-10-02 01:41:42,725 - root - INFO - validate roc_auc, 0.7909
2025-10-02 01:41:42,725 - root - INFO - new node validate loss: 0.6566
2025-10-02 01:41:42,725 - root - INFO - new node validate average_precision, 0.6353
2025-10-02 01:41:42,725 - root - INFO - new node validate roc_auc, 0.6712
2025-10-02 01:41:56,754 - root - INFO - test loss: 0.5773
2025-10-02 01:41:56,754 - root - INFO - test average_precision, 0.7028
2025-10-02 01:41:56,754 - root - INFO - best test average_precision: 0.7028
2025-10-02 01:41:56,754 - root - INFO - test roc_auc, 0.7515
2025-10-02 01:41:56,754 - root - INFO - new node test loss: 0.5681
2025-10-02 01:41:56,754 - root - INFO - new node test average_precision, 0.7165
2025-10-02 01:41:56,754 - root - INFO - new node test roc_auc, 0.7625
2025-10-02 01:41:56,755 - root - INFO - save model ./saved_models/DyRep/mooc/DyRep_lete_seed3/DyRep_lete_seed3.pkl
2025-10-02 01:43:11,227 - root - INFO - Epoch: 3, learning rate: 0.0001, train loss: 0.4114
2025-10-02 01:43:11,228 - root - INFO - train average_precision, 0.8263
2025-10-02 01:43:11,228 - root - INFO - train roc_auc, 0.8699
2025-10-02 01:43:11,228 - root - INFO - validate loss: 0.5342
2025-10-02 01:43:11,228 - root - INFO - validate average_precision, 0.7429
2025-10-02 01:43:11,228 - root - INFO - validate roc_auc, 0.7972
2025-10-02 01:43:11,229 - root - INFO - new node validate loss: 0.6762
2025-10-02 01:43:11,229 - root - INFO - new node validate average_precision, 0.6457
2025-10-02 01:43:11,229 - root - INFO - new node validate roc_auc, 0.6809
2025-10-02 01:43:25,140 - root - INFO - test loss: 0.5678
2025-10-02 01:43:25,140 - root - INFO - test average_precision, 0.7212
2025-10-02 01:43:25,140 - root - INFO - best test average_precision: 0.7212
2025-10-02 01:43:25,140 - root - INFO - test roc_auc, 0.7695
2025-10-02 01:43:25,140 - root - INFO - new node test loss: 0.5972
2025-10-02 01:43:25,140 - root - INFO - new node test average_precision, 0.7128
2025-10-02 01:43:25,140 - root - INFO - new node test roc_auc, 0.7551
2025-10-02 01:43:25,141 - root - INFO - save model ./saved_models/DyRep/mooc/DyRep_lete_seed3/DyRep_lete_seed3.pkl
2025-10-02 01:44:38,967 - root - INFO - Epoch: 4, learning rate: 0.0001, train loss: 0.3985
2025-10-02 01:44:38,967 - root - INFO - train average_precision, 0.8357
2025-10-02 01:44:38,967 - root - INFO - train roc_auc, 0.8772
2025-10-02 01:44:38,968 - root - INFO - validate loss: 0.5116
2025-10-02 01:44:38,968 - root - INFO - validate average_precision, 0.7766
2025-10-02 01:44:38,968 - root - INFO - validate roc_auc, 0.8204
2025-10-02 01:44:38,968 - root - INFO - new node validate loss: 0.6788
2025-10-02 01:44:38,968 - root - INFO - new node validate average_precision, 0.6418
2025-10-02 01:44:38,968 - root - INFO - new node validate roc_auc, 0.6769
2025-10-02 01:44:52,802 - root - INFO - test loss: 0.5261
2025-10-02 01:44:52,802 - root - INFO - test average_precision, 0.7630
2025-10-02 01:44:52,802 - root - INFO - best test average_precision: 0.7630
2025-10-02 01:44:52,802 - root - INFO - test roc_auc, 0.8080
2025-10-02 01:44:52,802 - root - INFO - new node test loss: 0.5778
2025-10-02 01:44:52,803 - root - INFO - new node test average_precision, 0.7087
2025-10-02 01:44:52,803 - root - INFO - new node test roc_auc, 0.7552
2025-10-02 01:44:52,803 - root - INFO - save model ./saved_models/DyRep/mooc/DyRep_lete_seed3/DyRep_lete_seed3.pkl
2025-10-02 01:46:06,125 - root - INFO - Epoch: 5, learning rate: 0.0001, train loss: 0.3894
2025-10-02 01:46:06,125 - root - INFO - train average_precision, 0.8410
2025-10-02 01:46:06,126 - root - INFO - train roc_auc, 0.8824
2025-10-02 01:46:06,126 - root - INFO - validate loss: 0.5798
2025-10-02 01:46:06,126 - root - INFO - validate average_precision, 0.7088
2025-10-02 01:46:06,126 - root - INFO - validate roc_auc, 0.7494
2025-10-02 01:46:06,126 - root - INFO - new node validate loss: 0.6510
2025-10-02 01:46:06,126 - root - INFO - new node validate average_precision, 0.6664
2025-10-02 01:46:06,126 - root - INFO - new node validate roc_auc, 0.6952
2025-10-02 01:46:19,884 - root - INFO - test loss: 0.6866
2025-10-02 01:46:19,885 - root - INFO - test average_precision, 0.6286
2025-10-02 01:46:19,885 - root - INFO - best test average_precision: 0.7630
2025-10-02 01:46:19,885 - root - INFO - test roc_auc, 0.6569
2025-10-02 01:46:19,885 - root - INFO - new node test loss: 0.6395
2025-10-02 01:46:19,885 - root - INFO - new node test average_precision, 0.6755
2025-10-02 01:46:19,885 - root - INFO - new node test roc_auc, 0.6998
2025-10-02 01:47:31,615 - root - INFO - Epoch: 6, learning rate: 0.0001, train loss: 0.3801
2025-10-02 01:47:31,615 - root - INFO - train average_precision, 0.8487
2025-10-02 01:47:31,616 - root - INFO - train roc_auc, 0.8880
2025-10-02 01:47:31,616 - root - INFO - validate loss: 0.5021
2025-10-02 01:47:31,616 - root - INFO - validate average_precision, 0.7771
2025-10-02 01:47:31,616 - root - INFO - validate roc_auc, 0.8197
2025-10-02 01:47:31,616 - root - INFO - new node validate loss: 0.5913
2025-10-02 01:47:31,616 - root - INFO - new node validate average_precision, 0.7168
2025-10-02 01:47:31,616 - root - INFO - new node validate roc_auc, 0.7577
2025-10-02 01:47:45,478 - root - INFO - test loss: 0.5447
2025-10-02 01:47:45,478 - root - INFO - test average_precision, 0.7370
2025-10-02 01:47:45,478 - root - INFO - best test average_precision: 0.7630
2025-10-02 01:47:45,478 - root - INFO - test roc_auc, 0.7799
2025-10-02 01:47:45,478 - root - INFO - new node test loss: 0.5430
2025-10-02 01:47:45,478 - root - INFO - new node test average_precision, 0.7585
2025-10-02 01:47:45,479 - root - INFO - new node test roc_auc, 0.7936
2025-10-02 01:48:56,818 - root - INFO - Epoch: 7, learning rate: 0.0001, train loss: 0.3833
2025-10-02 01:48:56,819 - root - INFO - train average_precision, 0.8454
2025-10-02 01:48:56,819 - root - INFO - train roc_auc, 0.8851
2025-10-02 01:48:56,820 - root - INFO - validate loss: 0.5044
2025-10-02 01:48:56,820 - root - INFO - validate average_precision, 0.7768
2025-10-02 01:48:56,820 - root - INFO - validate roc_auc, 0.8207
2025-10-02 01:48:56,820 - root - INFO - new node validate loss: 0.5882
2025-10-02 01:48:56,820 - root - INFO - new node validate average_precision, 0.7219
2025-10-02 01:48:56,820 - root - INFO - new node validate roc_auc, 0.7608
2025-10-02 01:49:10,733 - root - INFO - test loss: 0.5569
2025-10-02 01:49:10,734 - root - INFO - test average_precision, 0.7288
2025-10-02 01:49:10,734 - root - INFO - best test average_precision: 0.7630
2025-10-02 01:49:10,734 - root - INFO - test roc_auc, 0.7692
2025-10-02 01:49:10,734 - root - INFO - new node test loss: 0.5513
2025-10-02 01:49:10,734 - root - INFO - new node test average_precision, 0.7542
2025-10-02 01:49:10,734 - root - INFO - new node test roc_auc, 0.7892
2025-10-02 01:49:10,734 - root - INFO - save model ./saved_models/DyRep/mooc/DyRep_lete_seed3/DyRep_lete_seed3.pkl
2025-10-02 01:50:24,179 - root - INFO - Epoch: 8, learning rate: 0.0001, train loss: 0.3714
2025-10-02 01:50:24,179 - root - INFO - train average_precision, 0.8541
2025-10-02 01:50:24,179 - root - INFO - train roc_auc, 0.8926
2025-10-02 01:50:24,179 - root - INFO - validate loss: 0.4922
2025-10-02 01:50:24,180 - root - INFO - validate average_precision, 0.7910
2025-10-02 01:50:24,180 - root - INFO - validate roc_auc, 0.8315
2025-10-02 01:50:24,180 - root - INFO - new node validate loss: 0.6009
2025-10-02 01:50:24,180 - root - INFO - new node validate average_precision, 0.7093
2025-10-02 01:50:24,180 - root - INFO - new node validate roc_auc, 0.7464
2025-10-02 01:50:37,986 - root - INFO - test loss: 0.5215
2025-10-02 01:50:37,986 - root - INFO - test average_precision, 0.7641
2025-10-02 01:50:37,986 - root - INFO - best test average_precision: 0.7641
2025-10-02 01:50:37,986 - root - INFO - test roc_auc, 0.8077
2025-10-02 01:50:37,986 - root - INFO - new node test loss: 0.5360
2025-10-02 01:50:37,986 - root - INFO - new node test average_precision, 0.7614
2025-10-02 01:50:37,986 - root - INFO - new node test roc_auc, 0.7994
2025-10-02 01:50:37,987 - root - INFO - save model ./saved_models/DyRep/mooc/DyRep_lete_seed3/DyRep_lete_seed3.pkl
2025-10-02 01:51:51,608 - root - INFO - Epoch: 9, learning rate: 0.0001, train loss: 0.3687
2025-10-02 01:51:51,608 - root - INFO - train average_precision, 0.8559
2025-10-02 01:51:51,608 - root - INFO - train roc_auc, 0.8941
2025-10-02 01:51:51,608 - root - INFO - validate loss: 0.5262
2025-10-02 01:51:51,609 - root - INFO - validate average_precision, 0.7574
2025-10-02 01:51:51,609 - root - INFO - validate roc_auc, 0.8030
2025-10-02 01:51:51,609 - root - INFO - new node validate loss: 0.6305
2025-10-02 01:51:51,609 - root - INFO - new node validate average_precision, 0.6960
2025-10-02 01:51:51,609 - root - INFO - new node validate roc_auc, 0.7263
2025-10-02 01:52:05,408 - root - INFO - test loss: 0.7302
2025-10-02 01:52:05,409 - root - INFO - test average_precision, 0.6419
2025-10-02 01:52:05,409 - root - INFO - best test average_precision: 0.7641
2025-10-02 01:52:05,409 - root - INFO - test roc_auc, 0.6725
2025-10-02 01:52:05,409 - root - INFO - new node test loss: 0.6527
2025-10-02 01:52:05,409 - root - INFO - new node test average_precision, 0.6808
2025-10-02 01:52:05,409 - root - INFO - new node test roc_auc, 0.7112
2025-10-02 01:53:16,676 - root - INFO - Epoch: 10, learning rate: 0.0001, train loss: 0.3647
2025-10-02 01:53:16,676 - root - INFO - train average_precision, 0.8598
2025-10-02 01:53:16,677 - root - INFO - train roc_auc, 0.8971
2025-10-02 01:53:16,677 - root - INFO - validate loss: 0.6783
2025-10-02 01:53:16,677 - root - INFO - validate average_precision, 0.6729
2025-10-02 01:53:16,677 - root - INFO - validate roc_auc, 0.7102
2025-10-02 01:53:16,677 - root - INFO - new node validate loss: 0.6626
2025-10-02 01:53:16,677 - root - INFO - new node validate average_precision, 0.6731
2025-10-02 01:53:16,677 - root - INFO - new node validate roc_auc, 0.6999
2025-10-02 01:53:30,444 - root - INFO - test loss: 0.8191
2025-10-02 01:53:30,444 - root - INFO - test average_precision, 0.6251
2025-10-02 01:53:30,444 - root - INFO - best test average_precision: 0.7641
2025-10-02 01:53:30,444 - root - INFO - test roc_auc, 0.6512
2025-10-02 01:53:30,444 - root - INFO - new node test loss: 0.7564
2025-10-02 01:53:30,444 - root - INFO - new node test average_precision, 0.6481
2025-10-02 01:53:30,445 - root - INFO - new node test roc_auc, 0.6732
2025-10-02 01:54:41,728 - root - INFO - Epoch: 11, learning rate: 0.0001, train loss: 0.3652
2025-10-02 01:54:41,729 - root - INFO - train average_precision, 0.8601
2025-10-02 01:54:41,729 - root - INFO - train roc_auc, 0.8968
2025-10-02 01:54:41,729 - root - INFO - validate loss: 0.5822
2025-10-02 01:54:41,730 - root - INFO - validate average_precision, 0.7219
2025-10-02 01:54:41,730 - root - INFO - validate roc_auc, 0.7687
2025-10-02 01:54:41,730 - root - INFO - new node validate loss: 0.5807
2025-10-02 01:54:41,730 - root - INFO - new node validate average_precision, 0.7324
2025-10-02 01:54:41,730 - root - INFO - new node validate roc_auc, 0.7670
2025-10-02 01:54:55,493 - root - INFO - test loss: 0.7962
2025-10-02 01:54:55,493 - root - INFO - test average_precision, 0.6311
2025-10-02 01:54:55,493 - root - INFO - best test average_precision: 0.7641
2025-10-02 01:54:55,493 - root - INFO - test roc_auc, 0.6669
2025-10-02 01:54:55,493 - root - INFO - new node test loss: 0.6888
2025-10-02 01:54:55,493 - root - INFO - new node test average_precision, 0.6740
2025-10-02 01:54:55,493 - root - INFO - new node test roc_auc, 0.7106
2025-10-02 01:56:06,679 - root - INFO - Epoch: 12, learning rate: 0.0001, train loss: 0.3606
2025-10-02 01:56:06,680 - root - INFO - train average_precision, 0.8620
2025-10-02 01:56:06,680 - root - INFO - train roc_auc, 0.8987
2025-10-02 01:56:06,680 - root - INFO - validate loss: 0.6828
2025-10-02 01:56:06,680 - root - INFO - validate average_precision, 0.6507
2025-10-02 01:56:06,680 - root - INFO - validate roc_auc, 0.6973
2025-10-02 01:56:06,680 - root - INFO - new node validate loss: 0.6630
2025-10-02 01:56:06,680 - root - INFO - new node validate average_precision, 0.6695
2025-10-02 01:56:06,680 - root - INFO - new node validate roc_auc, 0.7003
2025-10-02 01:56:20,536 - root - INFO - test loss: 0.7951
2025-10-02 01:56:20,536 - root - INFO - test average_precision, 0.6082
2025-10-02 01:56:20,536 - root - INFO - best test average_precision: 0.7641
2025-10-02 01:56:20,536 - root - INFO - test roc_auc, 0.6442
2025-10-02 01:56:20,536 - root - INFO - new node test loss: 0.7398
2025-10-02 01:56:20,537 - root - INFO - new node test average_precision, 0.6289
2025-10-02 01:56:20,537 - root - INFO - new node test roc_auc, 0.6687
2025-10-02 01:57:31,917 - root - INFO - Epoch: 13, learning rate: 0.0001, train loss: 0.3644
2025-10-02 01:57:31,918 - root - INFO - train average_precision, 0.8580
2025-10-02 01:57:31,918 - root - INFO - train roc_auc, 0.8957
2025-10-02 01:57:31,918 - root - INFO - validate loss: 0.5724
2025-10-02 01:57:31,919 - root - INFO - validate average_precision, 0.7172
2025-10-02 01:57:31,919 - root - INFO - validate roc_auc, 0.7658
2025-10-02 01:57:31,919 - root - INFO - new node validate loss: 0.5716
2025-10-02 01:57:31,919 - root - INFO - new node validate average_precision, 0.7443
2025-10-02 01:57:31,919 - root - INFO - new node validate roc_auc, 0.7772
2025-10-02 01:57:45,635 - root - INFO - test loss: 0.7403
2025-10-02 01:57:45,636 - root - INFO - test average_precision, 0.6340
2025-10-02 01:57:45,636 - root - INFO - best test average_precision: 0.7641
2025-10-02 01:57:45,636 - root - INFO - test roc_auc, 0.6722
2025-10-02 01:57:45,636 - root - INFO - new node test loss: 0.6619
2025-10-02 01:57:45,636 - root - INFO - new node test average_precision, 0.6707
2025-10-02 01:57:45,636 - root - INFO - new node test roc_auc, 0.7111
2025-10-02 01:58:56,751 - root - INFO - Epoch: 14, learning rate: 0.0001, train loss: 0.3595
2025-10-02 01:58:56,751 - root - INFO - train average_precision, 0.8639
2025-10-02 01:58:56,752 - root - INFO - train roc_auc, 0.8996
2025-10-02 01:58:56,752 - root - INFO - validate loss: 0.5965
2025-10-02 01:58:56,752 - root - INFO - validate average_precision, 0.7214
2025-10-02 01:58:56,752 - root - INFO - validate roc_auc, 0.7622
2025-10-02 01:58:56,752 - root - INFO - new node validate loss: 0.6062
2025-10-02 01:58:56,752 - root - INFO - new node validate average_precision, 0.7174
2025-10-02 01:58:56,752 - root - INFO - new node validate roc_auc, 0.7522
2025-10-02 01:59:10,472 - root - INFO - test loss: 0.7329
2025-10-02 01:59:10,472 - root - INFO - test average_precision, 0.6622
2025-10-02 01:59:10,472 - root - INFO - best test average_precision: 0.7641
2025-10-02 01:59:10,472 - root - INFO - test roc_auc, 0.6961
2025-10-02 01:59:10,472 - root - INFO - new node test loss: 0.6675
2025-10-02 01:59:10,472 - root - INFO - new node test average_precision, 0.6848
2025-10-02 01:59:10,473 - root - INFO - new node test roc_auc, 0.7184
2025-10-02 02:00:21,903 - root - INFO - Epoch: 15, learning rate: 0.0001, train loss: 0.3578
2025-10-02 02:00:21,904 - root - INFO - train average_precision, 0.8661
2025-10-02 02:00:21,904 - root - INFO - train roc_auc, 0.9011
2025-10-02 02:00:21,904 - root - INFO - validate loss: 0.5825
2025-10-02 02:00:21,904 - root - INFO - validate average_precision, 0.7263
2025-10-02 02:00:21,905 - root - INFO - validate roc_auc, 0.7715
2025-10-02 02:00:21,905 - root - INFO - new node validate loss: 0.5722
2025-10-02 02:00:21,905 - root - INFO - new node validate average_precision, 0.7415
2025-10-02 02:00:21,905 - root - INFO - new node validate roc_auc, 0.7765
2025-10-02 02:00:35,625 - root - INFO - test loss: 0.7438
2025-10-02 02:00:35,625 - root - INFO - test average_precision, 0.6465
2025-10-02 02:00:35,625 - root - INFO - best test average_precision: 0.7641
2025-10-02 02:00:35,625 - root - INFO - test roc_auc, 0.6924
2025-10-02 02:00:35,625 - root - INFO - new node test loss: 0.6568
2025-10-02 02:00:35,625 - root - INFO - new node test average_precision, 0.6844
2025-10-02 02:00:35,625 - root - INFO - new node test roc_auc, 0.7287
2025-10-02 02:01:46,869 - root - INFO - Epoch: 16, learning rate: 0.0001, train loss: 0.3566
2025-10-02 02:01:46,870 - root - INFO - train average_precision, 0.8669
2025-10-02 02:01:46,870 - root - INFO - train roc_auc, 0.9018
2025-10-02 02:01:46,870 - root - INFO - validate loss: 0.6439
2025-10-02 02:01:46,871 - root - INFO - validate average_precision, 0.6853
2025-10-02 02:01:46,871 - root - INFO - validate roc_auc, 0.7372
2025-10-02 02:01:46,871 - root - INFO - new node validate loss: 0.6249
2025-10-02 02:01:46,871 - root - INFO - new node validate average_precision, 0.7084
2025-10-02 02:01:46,871 - root - INFO - new node validate roc_auc, 0.7359
2025-10-02 02:02:00,621 - root - INFO - test loss: 0.7874
2025-10-02 02:02:00,622 - root - INFO - test average_precision, 0.6249
2025-10-02 02:02:00,622 - root - INFO - best test average_precision: 0.7641
2025-10-02 02:02:00,622 - root - INFO - test roc_auc, 0.6710
2025-10-02 02:02:00,622 - root - INFO - new node test loss: 0.7093
2025-10-02 02:02:00,622 - root - INFO - new node test average_precision, 0.6653
2025-10-02 02:02:00,622 - root - INFO - new node test roc_auc, 0.7057
2025-10-02 02:03:11,571 - root - INFO - Epoch: 17, learning rate: 0.0001, train loss: 0.3550
2025-10-02 02:03:11,572 - root - INFO - train average_precision, 0.8671
2025-10-02 02:03:11,572 - root - INFO - train roc_auc, 0.9025
2025-10-02 02:03:11,572 - root - INFO - validate loss: 0.5168
2025-10-02 02:03:11,572 - root - INFO - validate average_precision, 0.7671
2025-10-02 02:03:11,572 - root - INFO - validate roc_auc, 0.8133
2025-10-02 02:03:11,572 - root - INFO - new node validate loss: 0.5772
2025-10-02 02:03:11,572 - root - INFO - new node validate average_precision, 0.7388
2025-10-02 02:03:11,572 - root - INFO - new node validate roc_auc, 0.7753
2025-10-02 02:03:25,267 - root - INFO - test loss: 0.6392
2025-10-02 02:03:25,267 - root - INFO - test average_precision, 0.6868
2025-10-02 02:03:25,267 - root - INFO - best test average_precision: 0.7641
2025-10-02 02:03:25,268 - root - INFO - test roc_auc, 0.7385
2025-10-02 02:03:25,268 - root - INFO - new node test loss: 0.5630
2025-10-02 02:03:25,268 - root - INFO - new node test average_precision, 0.7413
2025-10-02 02:03:25,268 - root - INFO - new node test roc_auc, 0.7835
2025-10-02 02:04:36,652 - root - INFO - Epoch: 18, learning rate: 0.0001, train loss: 0.3518
2025-10-02 02:04:36,653 - root - INFO - train average_precision, 0.8695
2025-10-02 02:04:36,653 - root - INFO - train roc_auc, 0.9044
2025-10-02 02:04:36,653 - root - INFO - validate loss: 0.5291
2025-10-02 02:04:36,653 - root - INFO - validate average_precision, 0.7597
2025-10-02 02:04:36,653 - root - INFO - validate roc_auc, 0.8045
2025-10-02 02:04:36,653 - root - INFO - new node validate loss: 0.5709
2025-10-02 02:04:36,653 - root - INFO - new node validate average_precision, 0.7458
2025-10-02 02:04:36,653 - root - INFO - new node validate roc_auc, 0.7804
2025-10-02 02:04:50,496 - root - INFO - test loss: 0.6466
2025-10-02 02:04:50,496 - root - INFO - test average_precision, 0.6891
2025-10-02 02:04:50,496 - root - INFO - best test average_precision: 0.7641
2025-10-02 02:04:50,497 - root - INFO - test roc_auc, 0.7388
2025-10-02 02:04:50,497 - root - INFO - new node test loss: 0.5742
2025-10-02 02:04:50,497 - root - INFO - new node test average_precision, 0.7369
2025-10-02 02:04:50,497 - root - INFO - new node test roc_auc, 0.7789
2025-10-02 02:06:01,584 - root - INFO - Epoch: 19, learning rate: 0.0001, train loss: 0.3518
2025-10-02 02:06:01,584 - root - INFO - train average_precision, 0.8704
2025-10-02 02:06:01,585 - root - INFO - train roc_auc, 0.9046
2025-10-02 02:06:01,585 - root - INFO - validate loss: 0.5333
2025-10-02 02:06:01,585 - root - INFO - validate average_precision, 0.7565
2025-10-02 02:06:01,585 - root - INFO - validate roc_auc, 0.8041
2025-10-02 02:06:01,585 - root - INFO - new node validate loss: 0.5766
2025-10-02 02:06:01,585 - root - INFO - new node validate average_precision, 0.7362
2025-10-02 02:06:01,585 - root - INFO - new node validate roc_auc, 0.7707
2025-10-02 02:06:15,353 - root - INFO - test loss: 0.6664
2025-10-02 02:06:15,353 - root - INFO - test average_precision, 0.6724
2025-10-02 02:06:15,353 - root - INFO - best test average_precision: 0.7641
2025-10-02 02:06:15,353 - root - INFO - test roc_auc, 0.7287
2025-10-02 02:06:15,353 - root - INFO - new node test loss: 0.5830
2025-10-02 02:06:15,354 - root - INFO - new node test average_precision, 0.7299
2025-10-02 02:06:15,354 - root - INFO - new node test roc_auc, 0.7771
2025-10-02 02:07:26,570 - root - INFO - Epoch: 20, learning rate: 0.0001, train loss: 0.3500
2025-10-02 02:07:26,571 - root - INFO - train average_precision, 0.8709
2025-10-02 02:07:26,571 - root - INFO - train roc_auc, 0.9054
2025-10-02 02:07:26,571 - root - INFO - validate loss: 0.5258
2025-10-02 02:07:26,571 - root - INFO - validate average_precision, 0.7661
2025-10-02 02:07:26,571 - root - INFO - validate roc_auc, 0.8087
2025-10-02 02:07:26,571 - root - INFO - new node validate loss: 0.5708
2025-10-02 02:07:26,571 - root - INFO - new node validate average_precision, 0.7433
2025-10-02 02:07:26,571 - root - INFO - new node validate roc_auc, 0.7788
2025-10-02 02:07:40,353 - root - INFO - test loss: 0.6501
2025-10-02 02:07:40,353 - root - INFO - test average_precision, 0.6811
2025-10-02 02:07:40,353 - root - INFO - best test average_precision: 0.7641
2025-10-02 02:07:40,353 - root - INFO - test roc_auc, 0.7320
2025-10-02 02:07:40,353 - root - INFO - new node test loss: 0.5692
2025-10-02 02:07:40,353 - root - INFO - new node test average_precision, 0.7352
2025-10-02 02:07:40,353 - root - INFO - new node test roc_auc, 0.7801
2025-10-02 02:08:51,511 - root - INFO - Epoch: 21, learning rate: 0.0001, train loss: 0.3478
2025-10-02 02:08:51,511 - root - INFO - train average_precision, 0.8725
2025-10-02 02:08:51,512 - root - INFO - train roc_auc, 0.9067
2025-10-02 02:08:51,512 - root - INFO - validate loss: 0.4912
2025-10-02 02:08:51,512 - root - INFO - validate average_precision, 0.7963
2025-10-02 02:08:51,512 - root - INFO - validate roc_auc, 0.8340
2025-10-02 02:08:51,512 - root - INFO - new node validate loss: 0.5634
2025-10-02 02:08:51,512 - root - INFO - new node validate average_precision, 0.7568
2025-10-02 02:08:51,512 - root - INFO - new node validate roc_auc, 0.7895
2025-10-02 02:09:05,289 - root - INFO - test loss: 0.5949
2025-10-02 02:09:05,289 - root - INFO - test average_precision, 0.7344
2025-10-02 02:09:05,290 - root - INFO - best test average_precision: 0.7641
2025-10-02 02:09:05,290 - root - INFO - test roc_auc, 0.7739
2025-10-02 02:09:05,290 - root - INFO - new node test loss: 0.5388
2025-10-02 02:09:05,290 - root - INFO - new node test average_precision, 0.7546
2025-10-02 02:09:05,290 - root - INFO - new node test roc_auc, 0.7984
2025-10-02 02:09:05,290 - root - INFO - save model ./saved_models/DyRep/mooc/DyRep_lete_seed3/DyRep_lete_seed3.pkl
2025-10-02 02:10:18,867 - root - INFO - Epoch: 22, learning rate: 0.0001, train loss: 0.3436
2025-10-02 02:10:18,867 - root - INFO - train average_precision, 0.8773
2025-10-02 02:10:18,868 - root - INFO - train roc_auc, 0.9098
2025-10-02 02:10:18,868 - root - INFO - validate loss: 0.4924
2025-10-02 02:10:18,868 - root - INFO - validate average_precision, 0.7968
2025-10-02 02:10:18,868 - root - INFO - validate roc_auc, 0.8343
2025-10-02 02:10:18,868 - root - INFO - new node validate loss: 0.5721
2025-10-02 02:10:18,868 - root - INFO - new node validate average_precision, 0.7487
2025-10-02 02:10:18,868 - root - INFO - new node validate roc_auc, 0.7839
2025-10-02 02:10:32,723 - root - INFO - test loss: 0.5780
2025-10-02 02:10:32,723 - root - INFO - test average_precision, 0.7340
2025-10-02 02:10:32,723 - root - INFO - best test average_precision: 0.7641
2025-10-02 02:10:32,723 - root - INFO - test roc_auc, 0.7796
2025-10-02 02:10:32,723 - root - INFO - new node test loss: 0.5196
2025-10-02 02:10:32,723 - root - INFO - new node test average_precision, 0.7726
2025-10-02 02:10:32,723 - root - INFO - new node test roc_auc, 0.8137
2025-10-02 02:10:32,724 - root - INFO - save model ./saved_models/DyRep/mooc/DyRep_lete_seed3/DyRep_lete_seed3.pkl
2025-10-02 02:11:46,390 - root - INFO - Epoch: 23, learning rate: 0.0001, train loss: 0.3471
2025-10-02 02:11:46,390 - root - INFO - train average_precision, 0.8735
2025-10-02 02:11:46,390 - root - INFO - train roc_auc, 0.9073
2025-10-02 02:11:46,391 - root - INFO - validate loss: 0.5222
2025-10-02 02:11:46,391 - root - INFO - validate average_precision, 0.7731
2025-10-02 02:11:46,391 - root - INFO - validate roc_auc, 0.8121
2025-10-02 02:11:46,391 - root - INFO - new node validate loss: 0.5716
2025-10-02 02:11:46,391 - root - INFO - new node validate average_precision, 0.7495
2025-10-02 02:11:46,391 - root - INFO - new node validate roc_auc, 0.7819
2025-10-02 02:12:00,188 - root - INFO - test loss: 0.6079
2025-10-02 02:12:00,188 - root - INFO - test average_precision, 0.7172
2025-10-02 02:12:00,188 - root - INFO - best test average_precision: 0.7641
2025-10-02 02:12:00,188 - root - INFO - test roc_auc, 0.7641
2025-10-02 02:12:00,188 - root - INFO - new node test loss: 0.5513
2025-10-02 02:12:00,188 - root - INFO - new node test average_precision, 0.7586
2025-10-02 02:12:00,188 - root - INFO - new node test roc_auc, 0.7967
2025-10-02 02:13:11,315 - root - INFO - Epoch: 24, learning rate: 0.0001, train loss: 0.3464
2025-10-02 02:13:11,316 - root - INFO - train average_precision, 0.8752
2025-10-02 02:13:11,316 - root - INFO - train roc_auc, 0.9082
2025-10-02 02:13:11,316 - root - INFO - validate loss: 0.5284
2025-10-02 02:13:11,316 - root - INFO - validate average_precision, 0.7612
2025-10-02 02:13:11,316 - root - INFO - validate roc_auc, 0.8050
2025-10-02 02:13:11,317 - root - INFO - new node validate loss: 0.5751
2025-10-02 02:13:11,317 - root - INFO - new node validate average_precision, 0.7419
2025-10-02 02:13:11,317 - root - INFO - new node validate roc_auc, 0.7766
2025-10-02 02:13:25,019 - root - INFO - test loss: 0.6162
2025-10-02 02:13:25,019 - root - INFO - test average_precision, 0.7011
2025-10-02 02:13:25,019 - root - INFO - best test average_precision: 0.7641
2025-10-02 02:13:25,019 - root - INFO - test roc_auc, 0.7509
2025-10-02 02:13:25,019 - root - INFO - new node test loss: 0.5580
2025-10-02 02:13:25,019 - root - INFO - new node test average_precision, 0.7472
2025-10-02 02:13:25,019 - root - INFO - new node test roc_auc, 0.7877
2025-10-02 02:14:36,294 - root - INFO - Epoch: 25, learning rate: 0.0001, train loss: 0.3433
2025-10-02 02:14:36,295 - root - INFO - train average_precision, 0.8777
2025-10-02 02:14:36,295 - root - INFO - train roc_auc, 0.9096
2025-10-02 02:14:36,295 - root - INFO - validate loss: 0.4759
2025-10-02 02:14:36,295 - root - INFO - validate average_precision, 0.8111
2025-10-02 02:14:36,295 - root - INFO - validate roc_auc, 0.8483
2025-10-02 02:14:36,295 - root - INFO - new node validate loss: 0.5701
2025-10-02 02:14:36,295 - root - INFO - new node validate average_precision, 0.7495
2025-10-02 02:14:36,295 - root - INFO - new node validate roc_auc, 0.7839
2025-10-02 02:14:50,076 - root - INFO - test loss: 0.5132
2025-10-02 02:14:50,076 - root - INFO - test average_precision, 0.7759
2025-10-02 02:14:50,077 - root - INFO - best test average_precision: 0.7759
2025-10-02 02:14:50,077 - root - INFO - test roc_auc, 0.8169
2025-10-02 02:14:50,077 - root - INFO - new node test loss: 0.5011
2025-10-02 02:14:50,077 - root - INFO - new node test average_precision, 0.7966
2025-10-02 02:14:50,077 - root - INFO - new node test roc_auc, 0.8315
2025-10-02 02:14:50,077 - root - INFO - save model ./saved_models/DyRep/mooc/DyRep_lete_seed3/DyRep_lete_seed3.pkl
2025-10-02 02:16:03,609 - root - INFO - Epoch: 26, learning rate: 0.0001, train loss: 0.3433
2025-10-02 02:16:03,609 - root - INFO - train average_precision, 0.8762
2025-10-02 02:16:03,609 - root - INFO - train roc_auc, 0.9094
2025-10-02 02:16:03,609 - root - INFO - validate loss: 0.4581
2025-10-02 02:16:03,610 - root - INFO - validate average_precision, 0.8274
2025-10-02 02:16:03,610 - root - INFO - validate roc_auc, 0.8615
2025-10-02 02:16:03,610 - root - INFO - new node validate loss: 0.5547
2025-10-02 02:16:03,610 - root - INFO - new node validate average_precision, 0.7654
2025-10-02 02:16:03,610 - root - INFO - new node validate roc_auc, 0.7991
2025-10-02 02:16:17,602 - root - INFO - test loss: 0.4970
2025-10-02 02:16:17,602 - root - INFO - test average_precision, 0.7992
2025-10-02 02:16:17,602 - root - INFO - best test average_precision: 0.7992
2025-10-02 02:16:17,603 - root - INFO - test roc_auc, 0.8348
2025-10-02 02:16:17,603 - root - INFO - new node test loss: 0.4861
2025-10-02 02:16:17,603 - root - INFO - new node test average_precision, 0.8111
2025-10-02 02:16:17,603 - root - INFO - new node test roc_auc, 0.8440
2025-10-02 02:16:17,603 - root - INFO - save model ./saved_models/DyRep/mooc/DyRep_lete_seed3/DyRep_lete_seed3.pkl
2025-10-02 02:17:31,041 - root - INFO - Epoch: 27, learning rate: 0.0001, train loss: 0.3412
2025-10-02 02:17:31,042 - root - INFO - train average_precision, 0.8787
2025-10-02 02:17:31,042 - root - INFO - train roc_auc, 0.9110
2025-10-02 02:17:31,042 - root - INFO - validate loss: 0.4753
2025-10-02 02:17:31,042 - root - INFO - validate average_precision, 0.8123
2025-10-02 02:17:31,042 - root - INFO - validate roc_auc, 0.8476
2025-10-02 02:17:31,042 - root - INFO - new node validate loss: 0.5574
2025-10-02 02:17:31,042 - root - INFO - new node validate average_precision, 0.7636
2025-10-02 02:17:31,042 - root - INFO - new node validate roc_auc, 0.7964
2025-10-02 02:17:44,788 - root - INFO - test loss: 0.5337
2025-10-02 02:17:44,789 - root - INFO - test average_precision, 0.7632
2025-10-02 02:17:44,789 - root - INFO - best test average_precision: 0.7992
2025-10-02 02:17:44,789 - root - INFO - test roc_auc, 0.8034
2025-10-02 02:17:44,789 - root - INFO - new node test loss: 0.5093
2025-10-02 02:17:44,789 - root - INFO - new node test average_precision, 0.7874
2025-10-02 02:17:44,789 - root - INFO - new node test roc_auc, 0.8227
2025-10-02 02:18:55,989 - root - INFO - Epoch: 28, learning rate: 0.0001, train loss: 0.3397
2025-10-02 02:18:55,990 - root - INFO - train average_precision, 0.8790
2025-10-02 02:18:55,990 - root - INFO - train roc_auc, 0.9117
2025-10-02 02:18:55,990 - root - INFO - validate loss: 0.4889
2025-10-02 02:18:55,990 - root - INFO - validate average_precision, 0.7984
2025-10-02 02:18:55,990 - root - INFO - validate roc_auc, 0.8374
2025-10-02 02:18:55,990 - root - INFO - new node validate loss: 0.5635
2025-10-02 02:18:55,990 - root - INFO - new node validate average_precision, 0.7555
2025-10-02 02:18:55,991 - root - INFO - new node validate roc_auc, 0.7892
2025-10-02 02:19:09,780 - root - INFO - test loss: 0.5733
2025-10-02 02:19:09,780 - root - INFO - test average_precision, 0.7372
2025-10-02 02:19:09,780 - root - INFO - best test average_precision: 0.7992
2025-10-02 02:19:09,780 - root - INFO - test roc_auc, 0.7826
2025-10-02 02:19:09,780 - root - INFO - new node test loss: 0.5258
2025-10-02 02:19:09,780 - root - INFO - new node test average_precision, 0.7663
2025-10-02 02:19:09,780 - root - INFO - new node test roc_auc, 0.8091
2025-10-02 02:20:20,820 - root - INFO - Epoch: 29, learning rate: 0.0001, train loss: 0.3417
2025-10-02 02:20:20,821 - root - INFO - train average_precision, 0.8774
2025-10-02 02:20:20,821 - root - INFO - train roc_auc, 0.9101
2025-10-02 02:20:20,821 - root - INFO - validate loss: 0.4587
2025-10-02 02:20:20,822 - root - INFO - validate average_precision, 0.8298
2025-10-02 02:20:20,822 - root - INFO - validate roc_auc, 0.8623
2025-10-02 02:20:20,822 - root - INFO - new node validate loss: 0.5581
2025-10-02 02:20:20,822 - root - INFO - new node validate average_precision, 0.7658
2025-10-02 02:20:20,822 - root - INFO - new node validate roc_auc, 0.7977
2025-10-02 02:20:34,717 - root - INFO - test loss: 0.4767
2025-10-02 02:20:34,717 - root - INFO - test average_precision, 0.8114
2025-10-02 02:20:34,717 - root - INFO - best test average_precision: 0.8114
2025-10-02 02:20:34,717 - root - INFO - test roc_auc, 0.8475
2025-10-02 02:20:34,717 - root - INFO - new node test loss: 0.4950
2025-10-02 02:20:34,717 - root - INFO - new node test average_precision, 0.8094
2025-10-02 02:20:34,717 - root - INFO - new node test roc_auc, 0.8406
2025-10-02 02:20:34,718 - root - INFO - save model ./saved_models/DyRep/mooc/DyRep_lete_seed3/DyRep_lete_seed3.pkl
2025-10-02 02:21:48,258 - root - INFO - Epoch: 30, learning rate: 0.0001, train loss: 0.3404
2025-10-02 02:21:48,258 - root - INFO - train average_precision, 0.8790
2025-10-02 02:21:48,259 - root - INFO - train roc_auc, 0.9113
2025-10-02 02:21:48,259 - root - INFO - validate loss: 0.5013
2025-10-02 02:21:48,259 - root - INFO - validate average_precision, 0.7906
2025-10-02 02:21:48,259 - root - INFO - validate roc_auc, 0.8268
2025-10-02 02:21:48,259 - root - INFO - new node validate loss: 0.5700
2025-10-02 02:21:48,259 - root - INFO - new node validate average_precision, 0.7537
2025-10-02 02:21:48,259 - root - INFO - new node validate roc_auc, 0.7847
2025-10-02 02:22:02,141 - root - INFO - test loss: 0.5560
2025-10-02 02:22:02,141 - root - INFO - test average_precision, 0.7408
2025-10-02 02:22:02,141 - root - INFO - best test average_precision: 0.8114
2025-10-02 02:22:02,141 - root - INFO - test roc_auc, 0.7849
2025-10-02 02:22:02,141 - root - INFO - new node test loss: 0.5210
2025-10-02 02:22:02,141 - root - INFO - new node test average_precision, 0.7773
2025-10-02 02:22:02,141 - root - INFO - new node test roc_auc, 0.8130
2025-10-02 02:23:13,233 - root - INFO - Epoch: 31, learning rate: 0.0001, train loss: 0.3407
2025-10-02 02:23:13,234 - root - INFO - train average_precision, 0.8783
2025-10-02 02:23:13,234 - root - INFO - train roc_auc, 0.9110
2025-10-02 02:23:13,234 - root - INFO - validate loss: 0.4841
2025-10-02 02:23:13,234 - root - INFO - validate average_precision, 0.8080
2025-10-02 02:23:13,234 - root - INFO - validate roc_auc, 0.8424
2025-10-02 02:23:13,234 - root - INFO - new node validate loss: 0.5605
2025-10-02 02:23:13,234 - root - INFO - new node validate average_precision, 0.7595
2025-10-02 02:23:13,234 - root - INFO - new node validate roc_auc, 0.7918
2025-10-02 02:23:26,917 - root - INFO - test loss: 0.5512
2025-10-02 02:23:26,917 - root - INFO - test average_precision, 0.7537
2025-10-02 02:23:26,918 - root - INFO - best test average_precision: 0.8114
2025-10-02 02:23:26,918 - root - INFO - test roc_auc, 0.7967
2025-10-02 02:23:26,918 - root - INFO - new node test loss: 0.5136
2025-10-02 02:23:26,918 - root - INFO - new node test average_precision, 0.7814
2025-10-02 02:23:26,918 - root - INFO - new node test roc_auc, 0.8190
2025-10-02 02:24:38,168 - root - INFO - Epoch: 32, learning rate: 0.0001, train loss: 0.3366
2025-10-02 02:24:38,168 - root - INFO - train average_precision, 0.8813
2025-10-02 02:24:38,169 - root - INFO - train roc_auc, 0.9133
2025-10-02 02:24:38,169 - root - INFO - validate loss: 0.5149
2025-10-02 02:24:38,169 - root - INFO - validate average_precision, 0.7791
2025-10-02 02:24:38,169 - root - INFO - validate roc_auc, 0.8182
2025-10-02 02:24:38,169 - root - INFO - new node validate loss: 0.5725
2025-10-02 02:24:38,169 - root - INFO - new node validate average_precision, 0.7566
2025-10-02 02:24:38,169 - root - INFO - new node validate roc_auc, 0.7857
2025-10-02 02:24:51,891 - root - INFO - test loss: 0.6193
2025-10-02 02:24:51,891 - root - INFO - test average_precision, 0.7040
2025-10-02 02:24:51,892 - root - INFO - best test average_precision: 0.8114
2025-10-02 02:24:51,892 - root - INFO - test roc_auc, 0.7490
2025-10-02 02:24:51,892 - root - INFO - new node test loss: 0.5513
2025-10-02 02:24:51,892 - root - INFO - new node test average_precision, 0.7495
2025-10-02 02:24:51,892 - root - INFO - new node test roc_auc, 0.7924
2025-10-02 02:26:02,965 - root - INFO - Epoch: 33, learning rate: 0.0001, train loss: 0.3375
2025-10-02 02:26:02,966 - root - INFO - train average_precision, 0.8805
2025-10-02 02:26:02,966 - root - INFO - train roc_auc, 0.9128
2025-10-02 02:26:02,966 - root - INFO - validate loss: 0.4864
2025-10-02 02:26:02,966 - root - INFO - validate average_precision, 0.8079
2025-10-02 02:26:02,967 - root - INFO - validate roc_auc, 0.8425
2025-10-02 02:26:02,967 - root - INFO - new node validate loss: 0.5725
2025-10-02 02:26:02,967 - root - INFO - new node validate average_precision, 0.7610
2025-10-02 02:26:02,967 - root - INFO - new node validate roc_auc, 0.7919
2025-10-02 02:26:16,795 - root - INFO - test loss: 0.5491
2025-10-02 02:26:16,795 - root - INFO - test average_precision, 0.7489
2025-10-02 02:26:16,795 - root - INFO - best test average_precision: 0.8114
2025-10-02 02:26:16,795 - root - INFO - test roc_auc, 0.7913
2025-10-02 02:26:16,795 - root - INFO - new node test loss: 0.5252
2025-10-02 02:26:16,795 - root - INFO - new node test average_precision, 0.7761
2025-10-02 02:26:16,795 - root - INFO - new node test roc_auc, 0.8135
2025-10-02 02:27:27,999 - root - INFO - Epoch: 34, learning rate: 0.0001, train loss: 0.3334
2025-10-02 02:27:28,000 - root - INFO - train average_precision, 0.8835
2025-10-02 02:27:28,000 - root - INFO - train roc_auc, 0.9153
2025-10-02 02:27:28,000 - root - INFO - validate loss: 0.4562
2025-10-02 02:27:28,000 - root - INFO - validate average_precision, 0.8276
2025-10-02 02:27:28,001 - root - INFO - validate roc_auc, 0.8619
2025-10-02 02:27:28,001 - root - INFO - new node validate loss: 0.5525
2025-10-02 02:27:28,001 - root - INFO - new node validate average_precision, 0.7669
2025-10-02 02:27:28,001 - root - INFO - new node validate roc_auc, 0.8025
2025-10-02 02:27:41,657 - root - INFO - test loss: 0.5089
2025-10-02 02:27:41,657 - root - INFO - test average_precision, 0.7826
2025-10-02 02:27:41,657 - root - INFO - best test average_precision: 0.8114
2025-10-02 02:27:41,657 - root - INFO - test roc_auc, 0.8235
2025-10-02 02:27:41,657 - root - INFO - new node test loss: 0.5000
2025-10-02 02:27:41,657 - root - INFO - new node test average_precision, 0.8008
2025-10-02 02:27:41,657 - root - INFO - new node test roc_auc, 0.8341
2025-10-02 02:28:52,828 - root - INFO - Epoch: 35, learning rate: 0.0001, train loss: 0.3359
2025-10-02 02:28:52,829 - root - INFO - train average_precision, 0.8822
2025-10-02 02:28:52,829 - root - INFO - train roc_auc, 0.9139
2025-10-02 02:28:52,829 - root - INFO - validate loss: 0.5238
2025-10-02 02:28:52,829 - root - INFO - validate average_precision, 0.7618
2025-10-02 02:28:52,829 - root - INFO - validate roc_auc, 0.8089
2025-10-02 02:28:52,829 - root - INFO - new node validate loss: 0.5748
2025-10-02 02:28:52,829 - root - INFO - new node validate average_precision, 0.7428
2025-10-02 02:28:52,829 - root - INFO - new node validate roc_auc, 0.7786
2025-10-02 02:29:06,536 - root - INFO - test loss: 0.6034
2025-10-02 02:29:06,536 - root - INFO - test average_precision, 0.7079
2025-10-02 02:29:06,536 - root - INFO - best test average_precision: 0.8114
2025-10-02 02:29:06,536 - root - INFO - test roc_auc, 0.7604
2025-10-02 02:29:06,536 - root - INFO - new node test loss: 0.5579
2025-10-02 02:29:06,536 - root - INFO - new node test average_precision, 0.7457
2025-10-02 02:29:06,536 - root - INFO - new node test roc_auc, 0.7872
2025-10-02 02:30:17,712 - root - INFO - Epoch: 36, learning rate: 0.0001, train loss: 0.3334
2025-10-02 02:30:17,712 - root - INFO - train average_precision, 0.8840
2025-10-02 02:30:17,713 - root - INFO - train roc_auc, 0.9153
2025-10-02 02:30:17,713 - root - INFO - validate loss: 0.5324
2025-10-02 02:30:17,713 - root - INFO - validate average_precision, 0.7632
2025-10-02 02:30:17,713 - root - INFO - validate roc_auc, 0.8031
2025-10-02 02:30:17,713 - root - INFO - new node validate loss: 0.5942
2025-10-02 02:30:17,713 - root - INFO - new node validate average_precision, 0.7434
2025-10-02 02:30:17,713 - root - INFO - new node validate roc_auc, 0.7716
2025-10-02 02:30:31,483 - root - INFO - test loss: 0.6142
2025-10-02 02:30:31,483 - root - INFO - test average_precision, 0.6994
2025-10-02 02:30:31,483 - root - INFO - best test average_precision: 0.8114
2025-10-02 02:30:31,483 - root - INFO - test roc_auc, 0.7438
2025-10-02 02:30:31,483 - root - INFO - new node test loss: 0.5621
2025-10-02 02:30:31,484 - root - INFO - new node test average_precision, 0.7456
2025-10-02 02:30:31,484 - root - INFO - new node test roc_auc, 0.7835
2025-10-02 02:31:42,410 - root - INFO - Epoch: 37, learning rate: 0.0001, train loss: 0.3334
2025-10-02 02:31:42,411 - root - INFO - train average_precision, 0.8844
2025-10-02 02:31:42,411 - root - INFO - train roc_auc, 0.9154
2025-10-02 02:31:42,411 - root - INFO - validate loss: 0.4699
2025-10-02 02:31:42,412 - root - INFO - validate average_precision, 0.8200
2025-10-02 02:31:42,412 - root - INFO - validate roc_auc, 0.8572
2025-10-02 02:31:42,412 - root - INFO - new node validate loss: 0.5538
2025-10-02 02:31:42,412 - root - INFO - new node validate average_precision, 0.7702
2025-10-02 02:31:42,412 - root - INFO - new node validate roc_auc, 0.8023
2025-10-02 02:31:56,017 - root - INFO - test loss: 0.5279
2025-10-02 02:31:56,017 - root - INFO - test average_precision, 0.7824
2025-10-02 02:31:56,017 - root - INFO - best test average_precision: 0.8114
2025-10-02 02:31:56,017 - root - INFO - test roc_auc, 0.8195
2025-10-02 02:31:56,017 - root - INFO - new node test loss: 0.5178
2025-10-02 02:31:56,017 - root - INFO - new node test average_precision, 0.7928
2025-10-02 02:31:56,017 - root - INFO - new node test roc_auc, 0.8278
2025-10-02 02:33:07,177 - root - INFO - Epoch: 38, learning rate: 0.0001, train loss: 0.3329
2025-10-02 02:33:07,177 - root - INFO - train average_precision, 0.8849
2025-10-02 02:33:07,178 - root - INFO - train roc_auc, 0.9156
2025-10-02 02:33:07,178 - root - INFO - validate loss: 0.5313
2025-10-02 02:33:07,178 - root - INFO - validate average_precision, 0.7635
2025-10-02 02:33:07,178 - root - INFO - validate roc_auc, 0.8081
2025-10-02 02:33:07,178 - root - INFO - new node validate loss: 0.5821
2025-10-02 02:33:07,178 - root - INFO - new node validate average_precision, 0.7416
2025-10-02 02:33:07,178 - root - INFO - new node validate roc_auc, 0.7769
2025-10-02 02:33:20,962 - root - INFO - test loss: 0.6230
2025-10-02 02:33:20,962 - root - INFO - test average_precision, 0.7088
2025-10-02 02:33:20,962 - root - INFO - best test average_precision: 0.8114
2025-10-02 02:33:20,962 - root - INFO - test roc_auc, 0.7578
2025-10-02 02:33:20,963 - root - INFO - new node test loss: 0.5693
2025-10-02 02:33:20,963 - root - INFO - new node test average_precision, 0.7393
2025-10-02 02:33:20,963 - root - INFO - new node test roc_auc, 0.7830
2025-10-02 02:34:31,957 - root - INFO - Epoch: 39, learning rate: 0.0001, train loss: 0.3294
2025-10-02 02:34:31,958 - root - INFO - train average_precision, 0.8874
2025-10-02 02:34:31,958 - root - INFO - train roc_auc, 0.9176
2025-10-02 02:34:31,958 - root - INFO - validate loss: 0.4670
2025-10-02 02:34:31,958 - root - INFO - validate average_precision, 0.8143
2025-10-02 02:34:31,958 - root - INFO - validate roc_auc, 0.8539
2025-10-02 02:34:31,958 - root - INFO - new node validate loss: 0.5535
2025-10-02 02:34:31,958 - root - INFO - new node validate average_precision, 0.7664
2025-10-02 02:34:31,959 - root - INFO - new node validate roc_auc, 0.8024
2025-10-02 02:34:45,663 - root - INFO - test loss: 0.5544
2025-10-02 02:34:45,663 - root - INFO - test average_precision, 0.7494
2025-10-02 02:34:45,663 - root - INFO - best test average_precision: 0.8114
2025-10-02 02:34:45,663 - root - INFO - test roc_auc, 0.7961
2025-10-02 02:34:45,663 - root - INFO - new node test loss: 0.5397
2025-10-02 02:34:45,663 - root - INFO - new node test average_precision, 0.7650
2025-10-02 02:34:45,663 - root - INFO - new node test roc_auc, 0.8047
2025-10-02 02:35:56,843 - root - INFO - Epoch: 40, learning rate: 0.0001, train loss: 0.3305
2025-10-02 02:35:56,844 - root - INFO - train average_precision, 0.8867
2025-10-02 02:35:56,844 - root - INFO - train roc_auc, 0.9169
2025-10-02 02:35:56,844 - root - INFO - validate loss: 0.4909
2025-10-02 02:35:56,845 - root - INFO - validate average_precision, 0.7996
2025-10-02 02:35:56,845 - root - INFO - validate roc_auc, 0.8377
2025-10-02 02:35:56,845 - root - INFO - new node validate loss: 0.5671
2025-10-02 02:35:56,845 - root - INFO - new node validate average_precision, 0.7641
2025-10-02 02:35:56,845 - root - INFO - new node validate roc_auc, 0.7930
2025-10-02 02:36:10,548 - root - INFO - test loss: 0.5915
2025-10-02 02:36:10,548 - root - INFO - test average_precision, 0.7353
2025-10-02 02:36:10,548 - root - INFO - best test average_precision: 0.8114
2025-10-02 02:36:10,548 - root - INFO - test roc_auc, 0.7772
2025-10-02 02:36:10,548 - root - INFO - new node test loss: 0.5650
2025-10-02 02:36:10,549 - root - INFO - new node test average_precision, 0.7513
2025-10-02 02:36:10,549 - root - INFO - new node test roc_auc, 0.7866
2025-10-02 02:37:21,603 - root - INFO - Epoch: 41, learning rate: 0.0001, train loss: 0.3287
2025-10-02 02:37:21,603 - root - INFO - train average_precision, 0.8868
2025-10-02 02:37:21,604 - root - INFO - train roc_auc, 0.9174
2025-10-02 02:37:21,604 - root - INFO - validate loss: 0.5048
2025-10-02 02:37:21,604 - root - INFO - validate average_precision, 0.7883
2025-10-02 02:37:21,604 - root - INFO - validate roc_auc, 0.8268
2025-10-02 02:37:21,604 - root - INFO - new node validate loss: 0.5847
2025-10-02 02:37:21,604 - root - INFO - new node validate average_precision, 0.7491
2025-10-02 02:37:21,604 - root - INFO - new node validate roc_auc, 0.7805
2025-10-02 02:37:35,326 - root - INFO - test loss: 0.5720
2025-10-02 02:37:35,326 - root - INFO - test average_precision, 0.7347
2025-10-02 02:37:35,326 - root - INFO - best test average_precision: 0.8114
2025-10-02 02:37:35,326 - root - INFO - test roc_auc, 0.7798
2025-10-02 02:37:35,326 - root - INFO - new node test loss: 0.5481
2025-10-02 02:37:35,326 - root - INFO - new node test average_precision, 0.7602
2025-10-02 02:37:35,326 - root - INFO - new node test roc_auc, 0.7988
2025-10-02 02:38:46,449 - root - INFO - Epoch: 42, learning rate: 0.0001, train loss: 0.3270
2025-10-02 02:38:46,450 - root - INFO - train average_precision, 0.8885
2025-10-02 02:38:46,450 - root - INFO - train roc_auc, 0.9185
2025-10-02 02:38:46,450 - root - INFO - validate loss: 0.4589
2025-10-02 02:38:46,450 - root - INFO - validate average_precision, 0.8219
2025-10-02 02:38:46,450 - root - INFO - validate roc_auc, 0.8613
2025-10-02 02:38:46,450 - root - INFO - new node validate loss: 0.5517
2025-10-02 02:38:46,450 - root - INFO - new node validate average_precision, 0.7715
2025-10-02 02:38:46,450 - root - INFO - new node validate roc_auc, 0.8056
2025-10-02 02:39:00,138 - root - INFO - test loss: 0.5219
2025-10-02 02:39:00,138 - root - INFO - test average_precision, 0.7738
2025-10-02 02:39:00,138 - root - INFO - best test average_precision: 0.8114
2025-10-02 02:39:00,138 - root - INFO - test roc_auc, 0.8189
2025-10-02 02:39:00,139 - root - INFO - new node test loss: 0.5277
2025-10-02 02:39:00,139 - root - INFO - new node test average_precision, 0.7817
2025-10-02 02:39:00,139 - root - INFO - new node test roc_auc, 0.8200
2025-10-02 02:40:11,294 - root - INFO - Epoch: 43, learning rate: 0.0001, train loss: 0.3300
2025-10-02 02:40:11,295 - root - INFO - train average_precision, 0.8866
2025-10-02 02:40:11,295 - root - INFO - train roc_auc, 0.9169
2025-10-02 02:40:11,295 - root - INFO - validate loss: 0.5239
2025-10-02 02:40:11,296 - root - INFO - validate average_precision, 0.7700
2025-10-02 02:40:11,296 - root - INFO - validate roc_auc, 0.8127
2025-10-02 02:40:11,296 - root - INFO - new node validate loss: 0.5841
2025-10-02 02:40:11,296 - root - INFO - new node validate average_precision, 0.7458
2025-10-02 02:40:11,296 - root - INFO - new node validate roc_auc, 0.7786
2025-10-02 02:40:24,966 - root - INFO - test loss: 0.5977
2025-10-02 02:40:24,966 - root - INFO - test average_precision, 0.7208
2025-10-02 02:40:24,966 - root - INFO - best test average_precision: 0.8114
2025-10-02 02:40:24,966 - root - INFO - test roc_auc, 0.7673
2025-10-02 02:40:24,966 - root - INFO - new node test loss: 0.5564
2025-10-02 02:40:24,967 - root - INFO - new node test average_precision, 0.7446
2025-10-02 02:40:24,967 - root - INFO - new node test roc_auc, 0.7884
2025-10-02 02:41:35,963 - root - INFO - Epoch: 44, learning rate: 0.0001, train loss: 0.3295
2025-10-02 02:41:35,964 - root - INFO - train average_precision, 0.8865
2025-10-02 02:41:35,964 - root - INFO - train roc_auc, 0.9171
2025-10-02 02:41:35,964 - root - INFO - validate loss: 0.4968
2025-10-02 02:41:35,964 - root - INFO - validate average_precision, 0.7956
2025-10-02 02:41:35,965 - root - INFO - validate roc_auc, 0.8369
2025-10-02 02:41:35,965 - root - INFO - new node validate loss: 0.5701
2025-10-02 02:41:35,965 - root - INFO - new node validate average_precision, 0.7563
2025-10-02 02:41:35,965 - root - INFO - new node validate roc_auc, 0.7911
2025-10-02 02:41:49,641 - root - INFO - test loss: 0.5903
2025-10-02 02:41:49,641 - root - INFO - test average_precision, 0.7306
2025-10-02 02:41:49,641 - root - INFO - best test average_precision: 0.8114
2025-10-02 02:41:49,641 - root - INFO - test roc_auc, 0.7786
2025-10-02 02:41:49,641 - root - INFO - new node test loss: 0.5727
2025-10-02 02:41:49,641 - root - INFO - new node test average_precision, 0.7459
2025-10-02 02:41:49,641 - root - INFO - new node test roc_auc, 0.7863
2025-10-02 02:43:00,928 - root - INFO - Epoch: 45, learning rate: 0.0001, train loss: 0.3246
2025-10-02 02:43:00,929 - root - INFO - train average_precision, 0.8908
2025-10-02 02:43:00,929 - root - INFO - train roc_auc, 0.9200
2025-10-02 02:43:00,929 - root - INFO - validate loss: 0.4898
2025-10-02 02:43:00,929 - root - INFO - validate average_precision, 0.8040
2025-10-02 02:43:00,930 - root - INFO - validate roc_auc, 0.8433
2025-10-02 02:43:00,930 - root - INFO - new node validate loss: 0.5815
2025-10-02 02:43:00,930 - root - INFO - new node validate average_precision, 0.7562
2025-10-02 02:43:00,930 - root - INFO - new node validate roc_auc, 0.7892
2025-10-02 02:43:14,679 - root - INFO - test loss: 0.5866
2025-10-02 02:43:14,679 - root - INFO - test average_precision, 0.7416
2025-10-02 02:43:14,679 - root - INFO - best test average_precision: 0.8114
2025-10-02 02:43:14,679 - root - INFO - test roc_auc, 0.7837
2025-10-02 02:43:14,679 - root - INFO - new node test loss: 0.5592
2025-10-02 02:43:14,679 - root - INFO - new node test average_precision, 0.7566
2025-10-02 02:43:14,679 - root - INFO - new node test roc_auc, 0.7959
2025-10-02 02:44:25,668 - root - INFO - Epoch: 46, learning rate: 0.0001, train loss: 0.3279
2025-10-02 02:44:25,668 - root - INFO - train average_precision, 0.8865
2025-10-02 02:44:25,668 - root - INFO - train roc_auc, 0.9175
2025-10-02 02:44:25,669 - root - INFO - validate loss: 0.4877
2025-10-02 02:44:25,669 - root - INFO - validate average_precision, 0.8089
2025-10-02 02:44:25,669 - root - INFO - validate roc_auc, 0.8440
2025-10-02 02:44:25,669 - root - INFO - new node validate loss: 0.5712
2025-10-02 02:44:25,669 - root - INFO - new node validate average_precision, 0.7650
2025-10-02 02:44:25,669 - root - INFO - new node validate roc_auc, 0.7935
2025-10-02 02:44:39,292 - root - INFO - test loss: 0.5635
2025-10-02 02:44:39,292 - root - INFO - test average_precision, 0.7502
2025-10-02 02:44:39,292 - root - INFO - best test average_precision: 0.8114
2025-10-02 02:44:39,292 - root - INFO - test roc_auc, 0.7920
2025-10-02 02:44:39,292 - root - INFO - new node test loss: 0.5599
2025-10-02 02:44:39,292 - root - INFO - new node test average_precision, 0.7643
2025-10-02 02:44:39,292 - root - INFO - new node test roc_auc, 0.7978
2025-10-02 02:45:50,560 - root - INFO - Epoch: 47, learning rate: 0.0001, train loss: 0.3245
2025-10-02 02:45:50,560 - root - INFO - train average_precision, 0.8895
2025-10-02 02:45:50,560 - root - INFO - train roc_auc, 0.9197
2025-10-02 02:45:50,561 - root - INFO - validate loss: 0.5038
2025-10-02 02:45:50,561 - root - INFO - validate average_precision, 0.8009
2025-10-02 02:45:50,561 - root - INFO - validate roc_auc, 0.8385
2025-10-02 02:45:50,561 - root - INFO - new node validate loss: 0.5835
2025-10-02 02:45:50,561 - root - INFO - new node validate average_precision, 0.7486
2025-10-02 02:45:50,561 - root - INFO - new node validate roc_auc, 0.7844
2025-10-02 02:46:04,272 - root - INFO - test loss: 0.6032
2025-10-02 02:46:04,273 - root - INFO - test average_precision, 0.7215
2025-10-02 02:46:04,273 - root - INFO - best test average_precision: 0.8114
2025-10-02 02:46:04,273 - root - INFO - test roc_auc, 0.7690
2025-10-02 02:46:04,273 - root - INFO - new node test loss: 0.5738
2025-10-02 02:46:04,273 - root - INFO - new node test average_precision, 0.7457
2025-10-02 02:46:04,273 - root - INFO - new node test roc_auc, 0.7879
2025-10-02 02:47:15,404 - root - INFO - Epoch: 48, learning rate: 0.0001, train loss: 0.3224
2025-10-02 02:47:15,405 - root - INFO - train average_precision, 0.8905
2025-10-02 02:47:15,405 - root - INFO - train roc_auc, 0.9205
2025-10-02 02:47:15,405 - root - INFO - validate loss: 0.5039
2025-10-02 02:47:15,405 - root - INFO - validate average_precision, 0.8191
2025-10-02 02:47:15,406 - root - INFO - validate roc_auc, 0.8493
2025-10-02 02:47:15,406 - root - INFO - new node validate loss: 0.5808
2025-10-02 02:47:15,406 - root - INFO - new node validate average_precision, 0.7648
2025-10-02 02:47:15,406 - root - INFO - new node validate roc_auc, 0.7975
2025-10-02 02:47:29,080 - root - INFO - test loss: 0.5643
2025-10-02 02:47:29,080 - root - INFO - test average_precision, 0.7776
2025-10-02 02:47:29,080 - root - INFO - best test average_precision: 0.8114
2025-10-02 02:47:29,080 - root - INFO - test roc_auc, 0.8075
2025-10-02 02:47:29,080 - root - INFO - new node test loss: 0.5694
2025-10-02 02:47:29,080 - root - INFO - new node test average_precision, 0.7764
2025-10-02 02:47:29,080 - root - INFO - new node test roc_auc, 0.8081
2025-10-02 02:48:40,387 - root - INFO - Epoch: 49, learning rate: 0.0001, train loss: 0.3237
2025-10-02 02:48:40,387 - root - INFO - train average_precision, 0.8895
2025-10-02 02:48:40,388 - root - INFO - train roc_auc, 0.9196
2025-10-02 02:48:40,388 - root - INFO - validate loss: 0.5015
2025-10-02 02:48:40,388 - root - INFO - validate average_precision, 0.7947
2025-10-02 02:48:40,388 - root - INFO - validate roc_auc, 0.8336
2025-10-02 02:48:40,388 - root - INFO - new node validate loss: 0.5743
2025-10-02 02:48:40,388 - root - INFO - new node validate average_precision, 0.7623
2025-10-02 02:48:40,388 - root - INFO - new node validate roc_auc, 0.7914
2025-10-02 02:48:54,093 - root - INFO - test loss: 0.5750
2025-10-02 02:48:54,093 - root - INFO - test average_precision, 0.7460
2025-10-02 02:48:54,093 - root - INFO - best test average_precision: 0.8114
2025-10-02 02:48:54,093 - root - INFO - test roc_auc, 0.7893
2025-10-02 02:48:54,093 - root - INFO - new node test loss: 0.5750
2025-10-02 02:48:54,093 - root - INFO - new node test average_precision, 0.7505
2025-10-02 02:48:54,093 - root - INFO - new node test roc_auc, 0.7872
2025-10-02 02:48:54,094 - root - INFO - load model ./saved_models/DyRep/mooc/DyRep_lete_seed3/DyRep_lete_seed3.pkl
2025-10-02 02:48:56,923 - root - INFO - get final performance on dataset mooc...
2025-10-02 02:49:11,523 - root - INFO - test loss: 0.4767
2025-10-02 02:49:11,523 - root - INFO - test average_precision, 0.8114
2025-10-02 02:49:11,524 - root - INFO - test roc_auc, 0.8475
2025-10-02 02:49:11,524 - root - INFO - new node test loss: 0.4950
2025-10-02 02:49:11,524 - root - INFO - new node test average_precision, 0.8094
2025-10-02 02:49:11,524 - root - INFO - new node test roc_auc, 0.8406
2025-10-02 02:49:11,524 - root - INFO - Run 4 cost 4208.35 seconds.
