2025-10-02 11:33:04,157 - root - INFO - ********** Run 1 starts. **********
2025-10-02 11:33:04,157 - root - INFO - configuration is Namespace(dataset_name='mooc', batch_size=200, model_name='JODIE', gpu=0, num_neighbors=10, sample_neighbor_strategy='uniform', time_scaling_factor=1e-06, num_walk_heads=8, num_heads=2, num_layers=1, walk_length=1, time_gap=2000, time_feat_dim=128, position_feat_dim=172, time_window_mode='fixed_proportion', time_encoder_type='kan_mammote', expert_dim=64, num_mixtures=4, patch_size=1, channel_embedding_dim=50, max_input_sequence_length=32, learning_rate=0.0001, dropout=0.2, gamma=0.5, num_epochs=100, optimizer='Adam', weight_decay=0.0, patience=20, val_ratio=0.15, test_ratio=0.15, num_runs=1, test_interval_epochs=1, negative_sample_strategy='random', max_interaction_times=10, load_best_configs=True, device='cuda:0', seed=0, save_model_name='JODIE_kan_mammote_seed0')
2025-10-02 11:33:04,168 - root - INFO - time encoder type: kan_mammote
2025-10-02 11:33:04,729 - root - INFO - model -> Sequential(
  (0): MemoryModel(
    (time_encoder): TimeEncoder(
      (w): Linear(in_features=1, out_features=128, bias=True)
    )
    (message_aggregator): MessageAggregator()
    (memory_bank): MemoryBank(num_nodes=7145, memory_dim=172)
    (memory_updater): RNNMemoryUpdater(
      (memory_bank): MemoryBank(num_nodes=7145, memory_dim=172)
      (memory_updater): RNNCell(644, 172)
    )
    (embedding_module): TimeProjectionEmbedding(
      (dropout): Dropout(p=0.2, inplace=False)
      (linear_layer): Linear(in_features=1, out_features=172, bias=True)
    )
  )
  (1): MergeLayer(
    (fc1): Linear(in_features=344, out_features=172, bias=True)
    (fc2): Linear(in_features=172, out_features=1, bias=True)
    (act): ReLU()
  )
)
2025-10-02 11:33:04,730 - root - INFO - model name: JODIE, #parameters: 803236 B, 784.41015625 KB, 0.7660255432128906 MB.
2025-10-02 11:34:06,507 - root - INFO - Epoch: 1, learning rate: 0.0001, train loss: 0.4561
2025-10-02 11:34:06,507 - root - INFO - train average_precision, 0.7806
2025-10-02 11:34:06,507 - root - INFO - train roc_auc, 0.8343
2025-10-02 11:34:06,508 - root - INFO - validate loss: 0.5539
2025-10-02 11:34:06,508 - root - INFO - validate average_precision, 0.7095
2025-10-02 11:34:06,508 - root - INFO - validate roc_auc, 0.7684
2025-10-02 11:34:06,508 - root - INFO - new node validate loss: 0.6398
2025-10-02 11:34:06,508 - root - INFO - new node validate average_precision, 0.6558
2025-10-02 11:34:06,508 - root - INFO - new node validate roc_auc, 0.7014
2025-10-02 11:34:17,125 - root - INFO - test loss: 0.6234
2025-10-02 11:34:17,125 - root - INFO - test average_precision, 0.6438
2025-10-02 11:34:17,125 - root - INFO - best test average_precision: 0.6438
2025-10-02 11:34:17,125 - root - INFO - test roc_auc, 0.6994
2025-10-02 11:34:17,125 - root - INFO - new node test loss: 0.5843
2025-10-02 11:34:17,125 - root - INFO - new node test average_precision, 0.6926
2025-10-02 11:34:17,125 - root - INFO - new node test roc_auc, 0.7477
2025-10-02 11:34:17,125 - root - INFO - save model ./saved_models/JODIE/mooc/JODIE_kan_mammote_seed0/JODIE_kan_mammote_seed0.pkl
2025-10-02 11:35:20,092 - root - INFO - Epoch: 2, learning rate: 0.0001, train loss: 0.4092
2025-10-02 11:35:20,093 - root - INFO - train average_precision, 0.8282
2025-10-02 11:35:20,093 - root - INFO - train roc_auc, 0.8739
2025-10-02 11:35:20,093 - root - INFO - validate loss: 0.5617
2025-10-02 11:35:20,093 - root - INFO - validate average_precision, 0.7186
2025-10-02 11:35:20,093 - root - INFO - validate roc_auc, 0.7681
2025-10-02 11:35:20,093 - root - INFO - new node validate loss: 0.6304
2025-10-02 11:35:20,093 - root - INFO - new node validate average_precision, 0.6751
2025-10-02 11:35:20,093 - root - INFO - new node validate roc_auc, 0.7250
2025-10-02 11:35:30,610 - root - INFO - test loss: 0.6083
2025-10-02 11:35:30,610 - root - INFO - test average_precision, 0.6665
2025-10-02 11:35:30,611 - root - INFO - best test average_precision: 0.6665
2025-10-02 11:35:30,611 - root - INFO - test roc_auc, 0.7141
2025-10-02 11:35:30,611 - root - INFO - new node test loss: 0.5934
2025-10-02 11:35:30,611 - root - INFO - new node test average_precision, 0.6996
2025-10-02 11:35:30,611 - root - INFO - new node test roc_auc, 0.7438
2025-10-02 11:36:31,834 - root - INFO - Epoch: 3, learning rate: 0.0001, train loss: 0.3962
2025-10-02 11:36:31,835 - root - INFO - train average_precision, 0.8388
2025-10-02 11:36:31,835 - root - INFO - train roc_auc, 0.8812
2025-10-02 11:36:31,835 - root - INFO - validate loss: 0.5040
2025-10-02 11:36:31,835 - root - INFO - validate average_precision, 0.7749
2025-10-02 11:36:31,835 - root - INFO - validate roc_auc, 0.8185
2025-10-02 11:36:31,835 - root - INFO - new node validate loss: 0.6396
2025-10-02 11:36:31,835 - root - INFO - new node validate average_precision, 0.6626
2025-10-02 11:36:31,835 - root - INFO - new node validate roc_auc, 0.7083
2025-10-02 11:36:42,382 - root - INFO - test loss: 0.5417
2025-10-02 11:36:42,382 - root - INFO - test average_precision, 0.7385
2025-10-02 11:36:42,382 - root - INFO - best test average_precision: 0.7385
2025-10-02 11:36:42,382 - root - INFO - test roc_auc, 0.7831
2025-10-02 11:36:42,382 - root - INFO - new node test loss: 0.5379
2025-10-02 11:36:42,382 - root - INFO - new node test average_precision, 0.7542
2025-10-02 11:36:42,382 - root - INFO - new node test roc_auc, 0.7968
2025-10-02 11:36:42,383 - root - INFO - save model ./saved_models/JODIE/mooc/JODIE_kan_mammote_seed0/JODIE_kan_mammote_seed0.pkl
2025-10-02 11:37:45,728 - root - INFO - Epoch: 4, learning rate: 0.0001, train loss: 0.3836
2025-10-02 11:37:45,728 - root - INFO - train average_precision, 0.8465
2025-10-02 11:37:45,728 - root - INFO - train roc_auc, 0.8877
2025-10-02 11:37:45,728 - root - INFO - validate loss: 0.5661
2025-10-02 11:37:45,728 - root - INFO - validate average_precision, 0.7136
2025-10-02 11:37:45,729 - root - INFO - validate roc_auc, 0.7714
2025-10-02 11:37:45,729 - root - INFO - new node validate loss: 0.6084
2025-10-02 11:37:45,729 - root - INFO - new node validate average_precision, 0.6965
2025-10-02 11:37:45,729 - root - INFO - new node validate roc_auc, 0.7391
2025-10-02 11:37:56,505 - root - INFO - test loss: 0.7960
2025-10-02 11:37:56,505 - root - INFO - test average_precision, 0.6113
2025-10-02 11:37:56,505 - root - INFO - best test average_precision: 0.7385
2025-10-02 11:37:56,505 - root - INFO - test roc_auc, 0.6515
2025-10-02 11:37:56,505 - root - INFO - new node test loss: 0.6800
2025-10-02 11:37:56,506 - root - INFO - new node test average_precision, 0.6441
2025-10-02 11:37:56,506 - root - INFO - new node test roc_auc, 0.6971
2025-10-02 11:38:57,867 - root - INFO - Epoch: 5, learning rate: 0.0001, train loss: 0.3751
2025-10-02 11:38:57,867 - root - INFO - train average_precision, 0.8515
2025-10-02 11:38:57,867 - root - INFO - train roc_auc, 0.8918
2025-10-02 11:38:57,867 - root - INFO - validate loss: 0.5492
2025-10-02 11:38:57,867 - root - INFO - validate average_precision, 0.7284
2025-10-02 11:38:57,867 - root - INFO - validate roc_auc, 0.7858
2025-10-02 11:38:57,868 - root - INFO - new node validate loss: 0.5957
2025-10-02 11:38:57,868 - root - INFO - new node validate average_precision, 0.7119
2025-10-02 11:38:57,868 - root - INFO - new node validate roc_auc, 0.7543
2025-10-02 11:39:08,403 - root - INFO - test loss: 0.7947
2025-10-02 11:39:08,404 - root - INFO - test average_precision, 0.6217
2025-10-02 11:39:08,404 - root - INFO - best test average_precision: 0.7385
2025-10-02 11:39:08,404 - root - INFO - test roc_auc, 0.6650
2025-10-02 11:39:08,404 - root - INFO - new node test loss: 0.6583
2025-10-02 11:39:08,404 - root - INFO - new node test average_precision, 0.6663
2025-10-02 11:39:08,404 - root - INFO - new node test roc_auc, 0.7208
2025-10-02 11:40:09,694 - root - INFO - Epoch: 6, learning rate: 0.0001, train loss: 0.3707
2025-10-02 11:40:09,695 - root - INFO - train average_precision, 0.8552
2025-10-02 11:40:09,695 - root - INFO - train roc_auc, 0.8937
2025-10-02 11:40:09,695 - root - INFO - validate loss: 0.4930
2025-10-02 11:40:09,695 - root - INFO - validate average_precision, 0.7772
2025-10-02 11:40:09,695 - root - INFO - validate roc_auc, 0.8289
2025-10-02 11:40:09,695 - root - INFO - new node validate loss: 0.5934
2025-10-02 11:40:09,695 - root - INFO - new node validate average_precision, 0.7087
2025-10-02 11:40:09,695 - root - INFO - new node validate roc_auc, 0.7561
2025-10-02 11:40:20,177 - root - INFO - test loss: 0.6859
2025-10-02 11:40:20,177 - root - INFO - test average_precision, 0.6590
2025-10-02 11:40:20,177 - root - INFO - best test average_precision: 0.7385
2025-10-02 11:40:20,177 - root - INFO - test roc_auc, 0.7142
2025-10-02 11:40:20,177 - root - INFO - new node test loss: 0.5469
2025-10-02 11:40:20,177 - root - INFO - new node test average_precision, 0.7344
2025-10-02 11:40:20,177 - root - INFO - new node test roc_auc, 0.7873
2025-10-02 11:40:20,178 - root - INFO - save model ./saved_models/JODIE/mooc/JODIE_kan_mammote_seed0/JODIE_kan_mammote_seed0.pkl
2025-10-02 11:41:23,782 - root - INFO - Epoch: 7, learning rate: 0.0001, train loss: 0.3656
2025-10-02 11:41:23,782 - root - INFO - train average_precision, 0.8587
2025-10-02 11:41:23,782 - root - INFO - train roc_auc, 0.8966
2025-10-02 11:41:23,782 - root - INFO - validate loss: 0.5008
2025-10-02 11:41:23,782 - root - INFO - validate average_precision, 0.7668
2025-10-02 11:41:23,782 - root - INFO - validate roc_auc, 0.8207
2025-10-02 11:41:23,782 - root - INFO - new node validate loss: 0.5809
2025-10-02 11:41:23,782 - root - INFO - new node validate average_precision, 0.7342
2025-10-02 11:41:23,783 - root - INFO - new node validate roc_auc, 0.7690
2025-10-02 11:41:34,355 - root - INFO - test loss: 0.7338
2025-10-02 11:41:34,356 - root - INFO - test average_precision, 0.6491
2025-10-02 11:41:34,356 - root - INFO - best test average_precision: 0.7385
2025-10-02 11:41:34,356 - root - INFO - test roc_auc, 0.6962
2025-10-02 11:41:34,356 - root - INFO - new node test loss: 0.5763
2025-10-02 11:41:34,356 - root - INFO - new node test average_precision, 0.7203
2025-10-02 11:41:34,356 - root - INFO - new node test roc_auc, 0.7708
2025-10-02 11:42:35,906 - root - INFO - Epoch: 8, learning rate: 0.0001, train loss: 0.3637
2025-10-02 11:42:35,907 - root - INFO - train average_precision, 0.8587
2025-10-02 11:42:35,907 - root - INFO - train roc_auc, 0.8972
2025-10-02 11:42:35,907 - root - INFO - validate loss: 0.5761
2025-10-02 11:42:35,907 - root - INFO - validate average_precision, 0.7146
2025-10-02 11:42:35,907 - root - INFO - validate roc_auc, 0.7700
2025-10-02 11:42:35,907 - root - INFO - new node validate loss: 0.6020
2025-10-02 11:42:35,907 - root - INFO - new node validate average_precision, 0.7086
2025-10-02 11:42:35,908 - root - INFO - new node validate roc_auc, 0.7526
2025-10-02 11:42:46,440 - root - INFO - test loss: 0.8089
2025-10-02 11:42:46,440 - root - INFO - test average_precision, 0.6122
2025-10-02 11:42:46,440 - root - INFO - best test average_precision: 0.7385
2025-10-02 11:42:46,440 - root - INFO - test roc_auc, 0.6558
2025-10-02 11:42:46,440 - root - INFO - new node test loss: 0.6893
2025-10-02 11:42:46,440 - root - INFO - new node test average_precision, 0.6641
2025-10-02 11:42:46,440 - root - INFO - new node test roc_auc, 0.7147
2025-10-02 11:43:47,711 - root - INFO - Epoch: 9, learning rate: 0.0001, train loss: 0.3590
2025-10-02 11:43:47,711 - root - INFO - train average_precision, 0.8636
2025-10-02 11:43:47,712 - root - INFO - train roc_auc, 0.9004
2025-10-02 11:43:47,712 - root - INFO - validate loss: 0.5266
2025-10-02 11:43:47,712 - root - INFO - validate average_precision, 0.7548
2025-10-02 11:43:47,712 - root - INFO - validate roc_auc, 0.8044
2025-10-02 11:43:47,712 - root - INFO - new node validate loss: 0.5864
2025-10-02 11:43:47,712 - root - INFO - new node validate average_precision, 0.7301
2025-10-02 11:43:47,712 - root - INFO - new node validate roc_auc, 0.7658
2025-10-02 11:43:58,220 - root - INFO - test loss: 0.7321
2025-10-02 11:43:58,220 - root - INFO - test average_precision, 0.6486
2025-10-02 11:43:58,220 - root - INFO - best test average_precision: 0.7385
2025-10-02 11:43:58,220 - root - INFO - test roc_auc, 0.6970
2025-10-02 11:43:58,220 - root - INFO - new node test loss: 0.6084
2025-10-02 11:43:58,220 - root - INFO - new node test average_precision, 0.7055
2025-10-02 11:43:58,220 - root - INFO - new node test roc_auc, 0.7563
2025-10-02 11:44:59,778 - root - INFO - Epoch: 10, learning rate: 0.0001, train loss: 0.3545
2025-10-02 11:44:59,778 - root - INFO - train average_precision, 0.8672
2025-10-02 11:44:59,779 - root - INFO - train roc_auc, 0.9032
2025-10-02 11:44:59,779 - root - INFO - validate loss: 0.5310
2025-10-02 11:44:59,779 - root - INFO - validate average_precision, 0.7520
2025-10-02 11:44:59,779 - root - INFO - validate roc_auc, 0.8040
2025-10-02 11:44:59,779 - root - INFO - new node validate loss: 0.5718
2025-10-02 11:44:59,779 - root - INFO - new node validate average_precision, 0.7364
2025-10-02 11:44:59,779 - root - INFO - new node validate roc_auc, 0.7767
2025-10-02 11:45:10,339 - root - INFO - test loss: 0.6607
2025-10-02 11:45:10,339 - root - INFO - test average_precision, 0.6901
2025-10-02 11:45:10,339 - root - INFO - best test average_precision: 0.7385
2025-10-02 11:45:10,339 - root - INFO - test roc_auc, 0.7454
2025-10-02 11:45:10,340 - root - INFO - new node test loss: 0.5714
2025-10-02 11:45:10,340 - root - INFO - new node test average_precision, 0.7388
2025-10-02 11:45:10,340 - root - INFO - new node test roc_auc, 0.7888
2025-10-02 11:46:11,744 - root - INFO - Epoch: 11, learning rate: 0.0001, train loss: 0.3526
2025-10-02 11:46:11,744 - root - INFO - train average_precision, 0.8686
2025-10-02 11:46:11,744 - root - INFO - train roc_auc, 0.9042
2025-10-02 11:46:11,745 - root - INFO - validate loss: 0.4901
2025-10-02 11:46:11,745 - root - INFO - validate average_precision, 0.7930
2025-10-02 11:46:11,745 - root - INFO - validate roc_auc, 0.8347
2025-10-02 11:46:11,745 - root - INFO - new node validate loss: 0.5624
2025-10-02 11:46:11,745 - root - INFO - new node validate average_precision, 0.7444
2025-10-02 11:46:11,745 - root - INFO - new node validate roc_auc, 0.7846
2025-10-02 11:46:22,313 - root - INFO - test loss: 0.5943
2025-10-02 11:46:22,313 - root - INFO - test average_precision, 0.7273
2025-10-02 11:46:22,313 - root - INFO - best test average_precision: 0.7385
2025-10-02 11:46:22,313 - root - INFO - test roc_auc, 0.7730
2025-10-02 11:46:22,314 - root - INFO - new node test loss: 0.5311
2025-10-02 11:46:22,314 - root - INFO - new node test average_precision, 0.7620
2025-10-02 11:46:22,314 - root - INFO - new node test roc_auc, 0.8092
2025-10-02 11:46:22,314 - root - INFO - save model ./saved_models/JODIE/mooc/JODIE_kan_mammote_seed0/JODIE_kan_mammote_seed0.pkl
2025-10-02 11:47:26,125 - root - INFO - Epoch: 12, learning rate: 0.0001, train loss: 0.3487
2025-10-02 11:47:26,126 - root - INFO - train average_precision, 0.8730
2025-10-02 11:47:26,126 - root - INFO - train roc_auc, 0.9070
2025-10-02 11:47:26,126 - root - INFO - validate loss: 0.4800
2025-10-02 11:47:26,126 - root - INFO - validate average_precision, 0.7961
2025-10-02 11:47:26,126 - root - INFO - validate roc_auc, 0.8407
2025-10-02 11:47:26,126 - root - INFO - new node validate loss: 0.5725
2025-10-02 11:47:26,126 - root - INFO - new node validate average_precision, 0.7379
2025-10-02 11:47:26,126 - root - INFO - new node validate roc_auc, 0.7775
2025-10-02 11:47:36,837 - root - INFO - test loss: 0.5660
2025-10-02 11:47:36,837 - root - INFO - test average_precision, 0.7287
2025-10-02 11:47:36,837 - root - INFO - best test average_precision: 0.7385
2025-10-02 11:47:36,837 - root - INFO - test roc_auc, 0.7831
2025-10-02 11:47:36,837 - root - INFO - new node test loss: 0.5288
2025-10-02 11:47:36,838 - root - INFO - new node test average_precision, 0.7564
2025-10-02 11:47:36,838 - root - INFO - new node test roc_auc, 0.8056
2025-10-02 11:47:36,838 - root - INFO - save model ./saved_models/JODIE/mooc/JODIE_kan_mammote_seed0/JODIE_kan_mammote_seed0.pkl
2025-10-02 11:48:40,469 - root - INFO - Epoch: 13, learning rate: 0.0001, train loss: 0.3457
2025-10-02 11:48:40,469 - root - INFO - train average_precision, 0.8753
2025-10-02 11:48:40,469 - root - INFO - train roc_auc, 0.9088
2025-10-02 11:48:40,469 - root - INFO - validate loss: 0.4731
2025-10-02 11:48:40,470 - root - INFO - validate average_precision, 0.8128
2025-10-02 11:48:40,470 - root - INFO - validate roc_auc, 0.8489
2025-10-02 11:48:40,470 - root - INFO - new node validate loss: 0.5743
2025-10-02 11:48:40,470 - root - INFO - new node validate average_precision, 0.7414
2025-10-02 11:48:40,470 - root - INFO - new node validate roc_auc, 0.7775
2025-10-02 11:48:51,075 - root - INFO - test loss: 0.5268
2025-10-02 11:48:51,075 - root - INFO - test average_precision, 0.7679
2025-10-02 11:48:51,075 - root - INFO - best test average_precision: 0.7679
2025-10-02 11:48:51,075 - root - INFO - test roc_auc, 0.8140
2025-10-02 11:48:51,076 - root - INFO - new node test loss: 0.5125
2025-10-02 11:48:51,076 - root - INFO - new node test average_precision, 0.7740
2025-10-02 11:48:51,076 - root - INFO - new node test roc_auc, 0.8184
2025-10-02 11:48:51,076 - root - INFO - save model ./saved_models/JODIE/mooc/JODIE_kan_mammote_seed0/JODIE_kan_mammote_seed0.pkl
2025-10-02 11:49:55,092 - root - INFO - Epoch: 14, learning rate: 0.0001, train loss: 0.3430
2025-10-02 11:49:55,092 - root - INFO - train average_precision, 0.8762
2025-10-02 11:49:55,093 - root - INFO - train roc_auc, 0.9099
2025-10-02 11:49:55,093 - root - INFO - validate loss: 0.4908
2025-10-02 11:49:55,093 - root - INFO - validate average_precision, 0.7933
2025-10-02 11:49:55,093 - root - INFO - validate roc_auc, 0.8358
2025-10-02 11:49:55,093 - root - INFO - new node validate loss: 0.5823
2025-10-02 11:49:55,093 - root - INFO - new node validate average_precision, 0.7327
2025-10-02 11:49:55,093 - root - INFO - new node validate roc_auc, 0.7718
2025-10-02 11:50:05,710 - root - INFO - test loss: 0.6129
2025-10-02 11:50:05,710 - root - INFO - test average_precision, 0.7194
2025-10-02 11:50:05,710 - root - INFO - best test average_precision: 0.7679
2025-10-02 11:50:05,710 - root - INFO - test roc_auc, 0.7715
2025-10-02 11:50:05,710 - root - INFO - new node test loss: 0.5434
2025-10-02 11:50:05,710 - root - INFO - new node test average_precision, 0.7548
2025-10-02 11:50:05,710 - root - INFO - new node test roc_auc, 0.8025
2025-10-02 11:51:07,141 - root - INFO - Epoch: 15, learning rate: 0.0001, train loss: 0.3454
2025-10-02 11:51:07,141 - root - INFO - train average_precision, 0.8744
2025-10-02 11:51:07,141 - root - INFO - train roc_auc, 0.9084
2025-10-02 11:51:07,141 - root - INFO - validate loss: 0.4766
2025-10-02 11:51:07,142 - root - INFO - validate average_precision, 0.8042
2025-10-02 11:51:07,142 - root - INFO - validate roc_auc, 0.8460
2025-10-02 11:51:07,142 - root - INFO - new node validate loss: 0.5749
2025-10-02 11:51:07,142 - root - INFO - new node validate average_precision, 0.7361
2025-10-02 11:51:07,142 - root - INFO - new node validate roc_auc, 0.7763
2025-10-02 11:51:17,846 - root - INFO - test loss: 0.5196
2025-10-02 11:51:17,847 - root - INFO - test average_precision, 0.7627
2025-10-02 11:51:17,847 - root - INFO - best test average_precision: 0.7679
2025-10-02 11:51:17,847 - root - INFO - test roc_auc, 0.8152
2025-10-02 11:51:17,847 - root - INFO - new node test loss: 0.5199
2025-10-02 11:51:17,847 - root - INFO - new node test average_precision, 0.7640
2025-10-02 11:51:17,847 - root - INFO - new node test roc_auc, 0.8131
2025-10-02 11:52:19,368 - root - INFO - Epoch: 16, learning rate: 0.0001, train loss: 0.3417
2025-10-02 11:52:19,368 - root - INFO - train average_precision, 0.8781
2025-10-02 11:52:19,369 - root - INFO - train roc_auc, 0.9109
2025-10-02 11:52:19,369 - root - INFO - validate loss: 0.4754
2025-10-02 11:52:19,369 - root - INFO - validate average_precision, 0.8148
2025-10-02 11:52:19,369 - root - INFO - validate roc_auc, 0.8491
2025-10-02 11:52:19,369 - root - INFO - new node validate loss: 0.5736
2025-10-02 11:52:19,369 - root - INFO - new node validate average_precision, 0.7445
2025-10-02 11:52:19,369 - root - INFO - new node validate roc_auc, 0.7792
2025-10-02 11:52:29,941 - root - INFO - test loss: 0.5165
2025-10-02 11:52:29,941 - root - INFO - test average_precision, 0.7749
2025-10-02 11:52:29,941 - root - INFO - best test average_precision: 0.7749
2025-10-02 11:52:29,941 - root - INFO - test roc_auc, 0.8186
2025-10-02 11:52:29,941 - root - INFO - new node test loss: 0.5157
2025-10-02 11:52:29,942 - root - INFO - new node test average_precision, 0.7755
2025-10-02 11:52:29,942 - root - INFO - new node test roc_auc, 0.8176
2025-10-02 11:52:29,942 - root - INFO - save model ./saved_models/JODIE/mooc/JODIE_kan_mammote_seed0/JODIE_kan_mammote_seed0.pkl
2025-10-02 11:53:33,676 - root - INFO - Epoch: 17, learning rate: 0.0001, train loss: 0.3437
2025-10-02 11:53:33,677 - root - INFO - train average_precision, 0.8766
2025-10-02 11:53:33,677 - root - INFO - train roc_auc, 0.9097
2025-10-02 11:53:33,677 - root - INFO - validate loss: 0.4779
2025-10-02 11:53:33,677 - root - INFO - validate average_precision, 0.8110
2025-10-02 11:53:33,677 - root - INFO - validate roc_auc, 0.8456
2025-10-02 11:53:33,677 - root - INFO - new node validate loss: 0.5705
2025-10-02 11:53:33,677 - root - INFO - new node validate average_precision, 0.7450
2025-10-02 11:53:33,677 - root - INFO - new node validate roc_auc, 0.7800
2025-10-02 11:53:44,193 - root - INFO - test loss: 0.5265
2025-10-02 11:53:44,193 - root - INFO - test average_precision, 0.7695
2025-10-02 11:53:44,194 - root - INFO - best test average_precision: 0.7749
2025-10-02 11:53:44,194 - root - INFO - test roc_auc, 0.8106
2025-10-02 11:53:44,194 - root - INFO - new node test loss: 0.5176
2025-10-02 11:53:44,194 - root - INFO - new node test average_precision, 0.7744
2025-10-02 11:53:44,194 - root - INFO - new node test roc_auc, 0.8149
2025-10-02 11:54:45,737 - root - INFO - Epoch: 18, learning rate: 0.0001, train loss: 0.3407
2025-10-02 11:54:45,737 - root - INFO - train average_precision, 0.8789
2025-10-02 11:54:45,737 - root - INFO - train roc_auc, 0.9116
2025-10-02 11:54:45,737 - root - INFO - validate loss: 0.4866
2025-10-02 11:54:45,737 - root - INFO - validate average_precision, 0.8019
2025-10-02 11:54:45,738 - root - INFO - validate roc_auc, 0.8393
2025-10-02 11:54:45,738 - root - INFO - new node validate loss: 0.5671
2025-10-02 11:54:45,738 - root - INFO - new node validate average_precision, 0.7450
2025-10-02 11:54:45,738 - root - INFO - new node validate roc_auc, 0.7831
2025-10-02 11:54:56,430 - root - INFO - test loss: 0.5446
2025-10-02 11:54:56,430 - root - INFO - test average_precision, 0.7419
2025-10-02 11:54:56,430 - root - INFO - best test average_precision: 0.7749
2025-10-02 11:54:56,430 - root - INFO - test roc_auc, 0.7941
2025-10-02 11:54:56,430 - root - INFO - new node test loss: 0.5416
2025-10-02 11:54:56,430 - root - INFO - new node test average_precision, 0.7532
2025-10-02 11:54:56,430 - root - INFO - new node test roc_auc, 0.8003
2025-10-02 11:55:58,162 - root - INFO - Epoch: 19, learning rate: 0.0001, train loss: 0.3384
2025-10-02 11:55:58,162 - root - INFO - train average_precision, 0.8818
2025-10-02 11:55:58,163 - root - INFO - train roc_auc, 0.9131
2025-10-02 11:55:58,163 - root - INFO - validate loss: 0.4770
2025-10-02 11:55:58,163 - root - INFO - validate average_precision, 0.8140
2025-10-02 11:55:58,163 - root - INFO - validate roc_auc, 0.8466
2025-10-02 11:55:58,163 - root - INFO - new node validate loss: 0.5674
2025-10-02 11:55:58,163 - root - INFO - new node validate average_precision, 0.7500
2025-10-02 11:55:58,163 - root - INFO - new node validate roc_auc, 0.7815
2025-10-02 11:56:08,743 - root - INFO - test loss: 0.5141
2025-10-02 11:56:08,743 - root - INFO - test average_precision, 0.7729
2025-10-02 11:56:08,743 - root - INFO - best test average_precision: 0.7749
2025-10-02 11:56:08,743 - root - INFO - test roc_auc, 0.8163
2025-10-02 11:56:08,743 - root - INFO - new node test loss: 0.5286
2025-10-02 11:56:08,743 - root - INFO - new node test average_precision, 0.7699
2025-10-02 11:56:08,744 - root - INFO - new node test roc_auc, 0.8082
2025-10-02 11:57:10,222 - root - INFO - Epoch: 20, learning rate: 0.0001, train loss: 0.3366
2025-10-02 11:57:10,222 - root - INFO - train average_precision, 0.8822
2025-10-02 11:57:10,222 - root - INFO - train roc_auc, 0.9139
2025-10-02 11:57:10,222 - root - INFO - validate loss: 0.4955
2025-10-02 11:57:10,222 - root - INFO - validate average_precision, 0.7915
2025-10-02 11:57:10,223 - root - INFO - validate roc_auc, 0.8302
2025-10-02 11:57:10,223 - root - INFO - new node validate loss: 0.5826
2025-10-02 11:57:10,223 - root - INFO - new node validate average_precision, 0.7323
2025-10-02 11:57:10,223 - root - INFO - new node validate roc_auc, 0.7725
2025-10-02 11:57:20,819 - root - INFO - test loss: 0.5585
2025-10-02 11:57:20,819 - root - INFO - test average_precision, 0.7406
2025-10-02 11:57:20,819 - root - INFO - best test average_precision: 0.7749
2025-10-02 11:57:20,820 - root - INFO - test roc_auc, 0.7874
2025-10-02 11:57:20,820 - root - INFO - new node test loss: 0.5398
2025-10-02 11:57:20,820 - root - INFO - new node test average_precision, 0.7493
2025-10-02 11:57:20,820 - root - INFO - new node test roc_auc, 0.7982
2025-10-02 11:58:22,251 - root - INFO - Epoch: 21, learning rate: 0.0001, train loss: 0.3367
2025-10-02 11:58:22,252 - root - INFO - train average_precision, 0.8820
2025-10-02 11:58:22,252 - root - INFO - train roc_auc, 0.9137
2025-10-02 11:58:22,252 - root - INFO - validate loss: 0.4767
2025-10-02 11:58:22,252 - root - INFO - validate average_precision, 0.8181
2025-10-02 11:58:22,252 - root - INFO - validate roc_auc, 0.8498
2025-10-02 11:58:22,252 - root - INFO - new node validate loss: 0.5710
2025-10-02 11:58:22,252 - root - INFO - new node validate average_precision, 0.7475
2025-10-02 11:58:22,253 - root - INFO - new node validate roc_auc, 0.7805
2025-10-02 11:58:32,762 - root - INFO - test loss: 0.5217
2025-10-02 11:58:32,762 - root - INFO - test average_precision, 0.7669
2025-10-02 11:58:32,762 - root - INFO - best test average_precision: 0.7749
2025-10-02 11:58:32,762 - root - INFO - test roc_auc, 0.8178
2025-10-02 11:58:32,762 - root - INFO - new node test loss: 0.5328
2025-10-02 11:58:32,762 - root - INFO - new node test average_precision, 0.7614
2025-10-02 11:58:32,762 - root - INFO - new node test roc_auc, 0.8088
2025-10-02 11:58:32,763 - root - INFO - save model ./saved_models/JODIE/mooc/JODIE_kan_mammote_seed0/JODIE_kan_mammote_seed0.pkl
2025-10-02 11:59:36,305 - root - INFO - Epoch: 22, learning rate: 0.0001, train loss: 0.3324
2025-10-02 11:59:36,305 - root - INFO - train average_precision, 0.8848
2025-10-02 11:59:36,306 - root - INFO - train roc_auc, 0.9159
2025-10-02 11:59:36,306 - root - INFO - validate loss: 0.4766
2025-10-02 11:59:36,306 - root - INFO - validate average_precision, 0.8218
2025-10-02 11:59:36,306 - root - INFO - validate roc_auc, 0.8520
2025-10-02 11:59:36,306 - root - INFO - new node validate loss: 0.5786
2025-10-02 11:59:36,306 - root - INFO - new node validate average_precision, 0.7404
2025-10-02 11:59:36,306 - root - INFO - new node validate roc_auc, 0.7762
2025-10-02 11:59:47,015 - root - INFO - test loss: 0.5165
2025-10-02 11:59:47,016 - root - INFO - test average_precision, 0.7757
2025-10-02 11:59:47,016 - root - INFO - best test average_precision: 0.7757
2025-10-02 11:59:47,016 - root - INFO - test roc_auc, 0.8235
2025-10-02 11:59:47,016 - root - INFO - new node test loss: 0.5402
2025-10-02 11:59:47,016 - root - INFO - new node test average_precision, 0.7586
2025-10-02 11:59:47,016 - root - INFO - new node test roc_auc, 0.8023
2025-10-02 11:59:47,016 - root - INFO - save model ./saved_models/JODIE/mooc/JODIE_kan_mammote_seed0/JODIE_kan_mammote_seed0.pkl
2025-10-02 12:00:50,703 - root - INFO - Epoch: 23, learning rate: 0.0001, train loss: 0.3359
2025-10-02 12:00:50,704 - root - INFO - train average_precision, 0.8827
2025-10-02 12:00:50,704 - root - INFO - train roc_auc, 0.9141
2025-10-02 12:00:50,704 - root - INFO - validate loss: 0.4912
2025-10-02 12:00:50,704 - root - INFO - validate average_precision, 0.7983
2025-10-02 12:00:50,704 - root - INFO - validate roc_auc, 0.8341
2025-10-02 12:00:50,704 - root - INFO - new node validate loss: 0.5693
2025-10-02 12:00:50,704 - root - INFO - new node validate average_precision, 0.7469
2025-10-02 12:00:50,704 - root - INFO - new node validate roc_auc, 0.7823
2025-10-02 12:01:01,324 - root - INFO - test loss: 0.5673
2025-10-02 12:01:01,324 - root - INFO - test average_precision, 0.7303
2025-10-02 12:01:01,324 - root - INFO - best test average_precision: 0.7757
2025-10-02 12:01:01,324 - root - INFO - test roc_auc, 0.7815
2025-10-02 12:01:01,324 - root - INFO - new node test loss: 0.5348
2025-10-02 12:01:01,325 - root - INFO - new node test average_precision, 0.7561
2025-10-02 12:01:01,325 - root - INFO - new node test roc_auc, 0.8042
2025-10-02 12:02:02,989 - root - INFO - Epoch: 24, learning rate: 0.0001, train loss: 0.3336
2025-10-02 12:02:02,990 - root - INFO - train average_precision, 0.8846
2025-10-02 12:02:02,990 - root - INFO - train roc_auc, 0.9154
2025-10-02 12:02:02,990 - root - INFO - validate loss: 0.4684
2025-10-02 12:02:02,990 - root - INFO - validate average_precision, 0.8211
2025-10-02 12:02:02,990 - root - INFO - validate roc_auc, 0.8546
2025-10-02 12:02:02,990 - root - INFO - new node validate loss: 0.5694
2025-10-02 12:02:02,990 - root - INFO - new node validate average_precision, 0.7497
2025-10-02 12:02:02,990 - root - INFO - new node validate roc_auc, 0.7833
2025-10-02 12:02:13,555 - root - INFO - test loss: 0.5268
2025-10-02 12:02:13,556 - root - INFO - test average_precision, 0.7575
2025-10-02 12:02:13,556 - root - INFO - best test average_precision: 0.7757
2025-10-02 12:02:13,556 - root - INFO - test roc_auc, 0.8097
2025-10-02 12:02:13,556 - root - INFO - new node test loss: 0.5331
2025-10-02 12:02:13,556 - root - INFO - new node test average_precision, 0.7607
2025-10-02 12:02:13,556 - root - INFO - new node test roc_auc, 0.8084
2025-10-02 12:03:14,959 - root - INFO - Epoch: 25, learning rate: 0.0001, train loss: 0.3309
2025-10-02 12:03:14,960 - root - INFO - train average_precision, 0.8872
2025-10-02 12:03:14,960 - root - INFO - train roc_auc, 0.9171
2025-10-02 12:03:14,960 - root - INFO - validate loss: 0.4883
2025-10-02 12:03:14,960 - root - INFO - validate average_precision, 0.8020
2025-10-02 12:03:14,960 - root - INFO - validate roc_auc, 0.8416
2025-10-02 12:03:14,960 - root - INFO - new node validate loss: 0.5763
2025-10-02 12:03:14,960 - root - INFO - new node validate average_precision, 0.7442
2025-10-02 12:03:14,960 - root - INFO - new node validate roc_auc, 0.7805
2025-10-02 12:03:25,547 - root - INFO - test loss: 0.5585
2025-10-02 12:03:25,547 - root - INFO - test average_precision, 0.7362
2025-10-02 12:03:25,547 - root - INFO - best test average_precision: 0.7757
2025-10-02 12:03:25,547 - root - INFO - test roc_auc, 0.7935
2025-10-02 12:03:25,547 - root - INFO - new node test loss: 0.5572
2025-10-02 12:03:25,547 - root - INFO - new node test average_precision, 0.7358
2025-10-02 12:03:25,547 - root - INFO - new node test roc_auc, 0.7894
2025-10-02 12:04:27,232 - root - INFO - Epoch: 26, learning rate: 0.0001, train loss: 0.3310
2025-10-02 12:04:27,233 - root - INFO - train average_precision, 0.8863
2025-10-02 12:04:27,233 - root - INFO - train roc_auc, 0.9169
2025-10-02 12:04:27,233 - root - INFO - validate loss: 0.4708
2025-10-02 12:04:27,233 - root - INFO - validate average_precision, 0.8235
2025-10-02 12:04:27,233 - root - INFO - validate roc_auc, 0.8548
2025-10-02 12:04:27,233 - root - INFO - new node validate loss: 0.5723
2025-10-02 12:04:27,233 - root - INFO - new node validate average_precision, 0.7498
2025-10-02 12:04:27,234 - root - INFO - new node validate roc_auc, 0.7819
2025-10-02 12:04:37,900 - root - INFO - test loss: 0.5131
2025-10-02 12:04:37,901 - root - INFO - test average_precision, 0.7743
2025-10-02 12:04:37,901 - root - INFO - best test average_precision: 0.7757
2025-10-02 12:04:37,901 - root - INFO - test roc_auc, 0.8234
2025-10-02 12:04:37,901 - root - INFO - new node test loss: 0.5280
2025-10-02 12:04:37,901 - root - INFO - new node test average_precision, 0.7639
2025-10-02 12:04:37,901 - root - INFO - new node test roc_auc, 0.8117
2025-10-02 12:04:37,901 - root - INFO - save model ./saved_models/JODIE/mooc/JODIE_kan_mammote_seed0/JODIE_kan_mammote_seed0.pkl
2025-10-02 12:05:41,700 - root - INFO - Epoch: 27, learning rate: 0.0001, train loss: 0.3321
2025-10-02 12:05:41,700 - root - INFO - train average_precision, 0.8852
2025-10-02 12:05:41,701 - root - INFO - train roc_auc, 0.9160
2025-10-02 12:05:41,701 - root - INFO - validate loss: 0.4729
2025-10-02 12:05:41,701 - root - INFO - validate average_precision, 0.8235
2025-10-02 12:05:41,701 - root - INFO - validate roc_auc, 0.8540
2025-10-02 12:05:41,701 - root - INFO - new node validate loss: 0.5758
2025-10-02 12:05:41,701 - root - INFO - new node validate average_precision, 0.7428
2025-10-02 12:05:41,701 - root - INFO - new node validate roc_auc, 0.7781
2025-10-02 12:05:52,278 - root - INFO - test loss: 0.5296
2025-10-02 12:05:52,278 - root - INFO - test average_precision, 0.7593
2025-10-02 12:05:52,278 - root - INFO - best test average_precision: 0.7757
2025-10-02 12:05:52,279 - root - INFO - test roc_auc, 0.8107
2025-10-02 12:05:52,279 - root - INFO - new node test loss: 0.5352
2025-10-02 12:05:52,279 - root - INFO - new node test average_precision, 0.7585
2025-10-02 12:05:52,279 - root - INFO - new node test roc_auc, 0.8073
2025-10-02 12:06:53,899 - root - INFO - Epoch: 28, learning rate: 0.0001, train loss: 0.3305
2025-10-02 12:06:53,899 - root - INFO - train average_precision, 0.8864
2025-10-02 12:06:53,899 - root - INFO - train roc_auc, 0.9169
2025-10-02 12:06:53,899 - root - INFO - validate loss: 0.4794
2025-10-02 12:06:53,899 - root - INFO - validate average_precision, 0.8247
2025-10-02 12:06:53,899 - root - INFO - validate roc_auc, 0.8548
2025-10-02 12:06:53,900 - root - INFO - new node validate loss: 0.5731
2025-10-02 12:06:53,900 - root - INFO - new node validate average_precision, 0.7532
2025-10-02 12:06:53,900 - root - INFO - new node validate roc_auc, 0.7837
2025-10-02 12:07:04,479 - root - INFO - test loss: 0.5188
2025-10-02 12:07:04,479 - root - INFO - test average_precision, 0.7702
2025-10-02 12:07:04,479 - root - INFO - best test average_precision: 0.7757
2025-10-02 12:07:04,479 - root - INFO - test roc_auc, 0.8213
2025-10-02 12:07:04,479 - root - INFO - new node test loss: 0.5326
2025-10-02 12:07:04,479 - root - INFO - new node test average_precision, 0.7620
2025-10-02 12:07:04,479 - root - INFO - new node test roc_auc, 0.8120
2025-10-02 12:08:05,992 - root - INFO - Epoch: 29, learning rate: 0.0001, train loss: 0.3268
2025-10-02 12:08:05,993 - root - INFO - train average_precision, 0.8894
2025-10-02 12:08:05,993 - root - INFO - train roc_auc, 0.9191
2025-10-02 12:08:05,993 - root - INFO - validate loss: 0.4742
2025-10-02 12:08:05,993 - root - INFO - validate average_precision, 0.8216
2025-10-02 12:08:05,993 - root - INFO - validate roc_auc, 0.8544
2025-10-02 12:08:05,993 - root - INFO - new node validate loss: 0.5711
2025-10-02 12:08:05,993 - root - INFO - new node validate average_precision, 0.7519
2025-10-02 12:08:05,993 - root - INFO - new node validate roc_auc, 0.7845
2025-10-02 12:08:16,695 - root - INFO - test loss: 0.5185
2025-10-02 12:08:16,695 - root - INFO - test average_precision, 0.7685
2025-10-02 12:08:16,695 - root - INFO - best test average_precision: 0.7757
2025-10-02 12:08:16,695 - root - INFO - test roc_auc, 0.8208
2025-10-02 12:08:16,695 - root - INFO - new node test loss: 0.5290
2025-10-02 12:08:16,695 - root - INFO - new node test average_precision, 0.7644
2025-10-02 12:08:16,695 - root - INFO - new node test roc_auc, 0.8124
2025-10-02 12:09:18,115 - root - INFO - Epoch: 30, learning rate: 0.0001, train loss: 0.3277
2025-10-02 12:09:18,116 - root - INFO - train average_precision, 0.8891
2025-10-02 12:09:18,116 - root - INFO - train roc_auc, 0.9189
2025-10-02 12:09:18,116 - root - INFO - validate loss: 0.4802
2025-10-02 12:09:18,116 - root - INFO - validate average_precision, 0.8242
2025-10-02 12:09:18,116 - root - INFO - validate roc_auc, 0.8540
2025-10-02 12:09:18,116 - root - INFO - new node validate loss: 0.5811
2025-10-02 12:09:18,116 - root - INFO - new node validate average_precision, 0.7600
2025-10-02 12:09:18,116 - root - INFO - new node validate roc_auc, 0.7888
2025-10-02 12:09:28,679 - root - INFO - test loss: 0.5358
2025-10-02 12:09:28,679 - root - INFO - test average_precision, 0.7590
2025-10-02 12:09:28,679 - root - INFO - best test average_precision: 0.7757
2025-10-02 12:09:28,679 - root - INFO - test roc_auc, 0.8057
2025-10-02 12:09:28,679 - root - INFO - new node test loss: 0.5433
2025-10-02 12:09:28,679 - root - INFO - new node test average_precision, 0.7676
2025-10-02 12:09:28,679 - root - INFO - new node test roc_auc, 0.8104
2025-10-02 12:10:30,018 - root - INFO - Epoch: 31, learning rate: 0.0001, train loss: 0.3264
2025-10-02 12:10:30,019 - root - INFO - train average_precision, 0.8903
2025-10-02 12:10:30,019 - root - INFO - train roc_auc, 0.9198
2025-10-02 12:10:30,019 - root - INFO - validate loss: 0.4660
2025-10-02 12:10:30,019 - root - INFO - validate average_precision, 0.8250
2025-10-02 12:10:30,019 - root - INFO - validate roc_auc, 0.8594
2025-10-02 12:10:30,019 - root - INFO - new node validate loss: 0.6061
2025-10-02 12:10:30,019 - root - INFO - new node validate average_precision, 0.7424
2025-10-02 12:10:30,019 - root - INFO - new node validate roc_auc, 0.7731
2025-10-02 12:10:40,814 - root - INFO - test loss: 0.5139
2025-10-02 12:10:40,815 - root - INFO - test average_precision, 0.7779
2025-10-02 12:10:40,815 - root - INFO - best test average_precision: 0.7779
2025-10-02 12:10:40,815 - root - INFO - test roc_auc, 0.8243
2025-10-02 12:10:40,815 - root - INFO - new node test loss: 0.5257
2025-10-02 12:10:40,815 - root - INFO - new node test average_precision, 0.7694
2025-10-02 12:10:40,815 - root - INFO - new node test roc_auc, 0.8170
2025-10-02 12:10:40,815 - root - INFO - save model ./saved_models/JODIE/mooc/JODIE_kan_mammote_seed0/JODIE_kan_mammote_seed0.pkl
2025-10-02 12:11:44,458 - root - INFO - Epoch: 32, learning rate: 0.0001, train loss: 0.3265
2025-10-02 12:11:44,458 - root - INFO - train average_precision, 0.8903
2025-10-02 12:11:44,459 - root - INFO - train roc_auc, 0.9195
2025-10-02 12:11:44,459 - root - INFO - validate loss: 0.4787
2025-10-02 12:11:44,459 - root - INFO - validate average_precision, 0.8203
2025-10-02 12:11:44,459 - root - INFO - validate roc_auc, 0.8528
2025-10-02 12:11:44,459 - root - INFO - new node validate loss: 0.5700
2025-10-02 12:11:44,459 - root - INFO - new node validate average_precision, 0.7611
2025-10-02 12:11:44,459 - root - INFO - new node validate roc_auc, 0.7929
2025-10-02 12:11:54,991 - root - INFO - test loss: 0.5113
2025-10-02 12:11:54,991 - root - INFO - test average_precision, 0.7812
2025-10-02 12:11:54,991 - root - INFO - best test average_precision: 0.7812
2025-10-02 12:11:54,991 - root - INFO - test roc_auc, 0.8251
2025-10-02 12:11:54,991 - root - INFO - new node test loss: 0.5161
2025-10-02 12:11:54,991 - root - INFO - new node test average_precision, 0.7861
2025-10-02 12:11:54,991 - root - INFO - new node test roc_auc, 0.8265
2025-10-02 12:12:56,500 - root - INFO - Epoch: 33, learning rate: 0.0001, train loss: 0.3251
2025-10-02 12:12:56,500 - root - INFO - train average_precision, 0.8908
2025-10-02 12:12:56,500 - root - INFO - train roc_auc, 0.9202
2025-10-02 12:12:56,500 - root - INFO - validate loss: 0.4657
2025-10-02 12:12:56,501 - root - INFO - validate average_precision, 0.8381
2025-10-02 12:12:56,501 - root - INFO - validate roc_auc, 0.8662
2025-10-02 12:12:56,501 - root - INFO - new node validate loss: 0.6162
2025-10-02 12:12:56,501 - root - INFO - new node validate average_precision, 0.7476
2025-10-02 12:12:56,501 - root - INFO - new node validate roc_auc, 0.7745
2025-10-02 12:13:07,075 - root - INFO - test loss: 0.5001
2025-10-02 12:13:07,075 - root - INFO - test average_precision, 0.7981
2025-10-02 12:13:07,075 - root - INFO - best test average_precision: 0.7981
2025-10-02 12:13:07,075 - root - INFO - test roc_auc, 0.8377
2025-10-02 12:13:07,075 - root - INFO - new node test loss: 0.5246
2025-10-02 12:13:07,075 - root - INFO - new node test average_precision, 0.7882
2025-10-02 12:13:07,075 - root - INFO - new node test roc_auc, 0.8269
2025-10-02 12:13:07,076 - root - INFO - save model ./saved_models/JODIE/mooc/JODIE_kan_mammote_seed0/JODIE_kan_mammote_seed0.pkl
2025-10-02 12:14:10,680 - root - INFO - Epoch: 34, learning rate: 0.0001, train loss: 0.3254
2025-10-02 12:14:10,680 - root - INFO - train average_precision, 0.8901
2025-10-02 12:14:10,680 - root - INFO - train roc_auc, 0.9199
2025-10-02 12:14:10,681 - root - INFO - validate loss: 0.4595
2025-10-02 12:14:10,681 - root - INFO - validate average_precision, 0.8348
2025-10-02 12:14:10,681 - root - INFO - validate roc_auc, 0.8658
2025-10-02 12:14:10,681 - root - INFO - new node validate loss: 0.5695
2025-10-02 12:14:10,681 - root - INFO - new node validate average_precision, 0.7697
2025-10-02 12:14:10,681 - root - INFO - new node validate roc_auc, 0.7969
2025-10-02 12:14:21,314 - root - INFO - test loss: 0.5058
2025-10-02 12:14:21,314 - root - INFO - test average_precision, 0.7846
2025-10-02 12:14:21,315 - root - INFO - best test average_precision: 0.7981
2025-10-02 12:14:21,315 - root - INFO - test roc_auc, 0.8300
2025-10-02 12:14:21,315 - root - INFO - new node test loss: 0.5218
2025-10-02 12:14:21,315 - root - INFO - new node test average_precision, 0.7798
2025-10-02 12:14:21,315 - root - INFO - new node test roc_auc, 0.8219
2025-10-02 12:15:22,957 - root - INFO - Epoch: 35, learning rate: 0.0001, train loss: 0.3242
2025-10-02 12:15:22,958 - root - INFO - train average_precision, 0.8920
2025-10-02 12:15:22,958 - root - INFO - train roc_auc, 0.9207
2025-10-02 12:15:22,958 - root - INFO - validate loss: 0.4595
2025-10-02 12:15:22,958 - root - INFO - validate average_precision, 0.8385
2025-10-02 12:15:22,958 - root - INFO - validate roc_auc, 0.8694
2025-10-02 12:15:22,958 - root - INFO - new node validate loss: 0.6045
2025-10-02 12:15:22,958 - root - INFO - new node validate average_precision, 0.7535
2025-10-02 12:15:22,958 - root - INFO - new node validate roc_auc, 0.7824
2025-10-02 12:15:33,555 - root - INFO - test loss: 0.4872
2025-10-02 12:15:33,555 - root - INFO - test average_precision, 0.8040
2025-10-02 12:15:33,555 - root - INFO - best test average_precision: 0.8040
2025-10-02 12:15:33,555 - root - INFO - test roc_auc, 0.8447
2025-10-02 12:15:33,555 - root - INFO - new node test loss: 0.5114
2025-10-02 12:15:33,555 - root - INFO - new node test average_precision, 0.7902
2025-10-02 12:15:33,555 - root - INFO - new node test roc_auc, 0.8318
2025-10-02 12:15:33,556 - root - INFO - save model ./saved_models/JODIE/mooc/JODIE_kan_mammote_seed0/JODIE_kan_mammote_seed0.pkl
2025-10-02 12:16:37,271 - root - INFO - Epoch: 36, learning rate: 0.0001, train loss: 0.3226
2025-10-02 12:16:37,272 - root - INFO - train average_precision, 0.8932
2025-10-02 12:16:37,272 - root - INFO - train roc_auc, 0.9216
2025-10-02 12:16:37,272 - root - INFO - validate loss: 0.4490
2025-10-02 12:16:37,272 - root - INFO - validate average_precision, 0.8416
2025-10-02 12:16:37,272 - root - INFO - validate roc_auc, 0.8719
2025-10-02 12:16:37,272 - root - INFO - new node validate loss: 0.5674
2025-10-02 12:16:37,272 - root - INFO - new node validate average_precision, 0.7670
2025-10-02 12:16:37,272 - root - INFO - new node validate roc_auc, 0.7959
2025-10-02 12:16:47,970 - root - INFO - test loss: 0.4798
2025-10-02 12:16:47,970 - root - INFO - test average_precision, 0.8096
2025-10-02 12:16:47,970 - root - INFO - best test average_precision: 0.8096
2025-10-02 12:16:47,970 - root - INFO - test roc_auc, 0.8492
2025-10-02 12:16:47,970 - root - INFO - new node test loss: 0.5167
2025-10-02 12:16:47,970 - root - INFO - new node test average_precision, 0.7888
2025-10-02 12:16:47,971 - root - INFO - new node test roc_auc, 0.8273
2025-10-02 12:16:47,971 - root - INFO - save model ./saved_models/JODIE/mooc/JODIE_kan_mammote_seed0/JODIE_kan_mammote_seed0.pkl
2025-10-02 12:17:51,899 - root - INFO - Epoch: 37, learning rate: 0.0001, train loss: 0.3206
2025-10-02 12:17:51,899 - root - INFO - train average_precision, 0.8935
2025-10-02 12:17:51,899 - root - INFO - train roc_auc, 0.9223
2025-10-02 12:17:51,899 - root - INFO - validate loss: 0.4497
2025-10-02 12:17:51,899 - root - INFO - validate average_precision, 0.8411
2025-10-02 12:17:51,899 - root - INFO - validate roc_auc, 0.8722
2025-10-02 12:17:51,900 - root - INFO - new node validate loss: 0.5866
2025-10-02 12:17:51,900 - root - INFO - new node validate average_precision, 0.7600
2025-10-02 12:17:51,900 - root - INFO - new node validate roc_auc, 0.7900
2025-10-02 12:18:02,608 - root - INFO - test loss: 0.4735
2025-10-02 12:18:02,609 - root - INFO - test average_precision, 0.8129
2025-10-02 12:18:02,609 - root - INFO - best test average_precision: 0.8129
2025-10-02 12:18:02,609 - root - INFO - test roc_auc, 0.8529
2025-10-02 12:18:02,609 - root - INFO - new node test loss: 0.5073
2025-10-02 12:18:02,609 - root - INFO - new node test average_precision, 0.7937
2025-10-02 12:18:02,609 - root - INFO - new node test roc_auc, 0.8340
2025-10-02 12:19:04,330 - root - INFO - Epoch: 38, learning rate: 0.0001, train loss: 0.3261
2025-10-02 12:19:04,331 - root - INFO - train average_precision, 0.8898
2025-10-02 12:19:04,331 - root - INFO - train roc_auc, 0.9192
2025-10-02 12:19:04,331 - root - INFO - validate loss: 0.4573
2025-10-02 12:19:04,331 - root - INFO - validate average_precision, 0.8417
2025-10-02 12:19:04,331 - root - INFO - validate roc_auc, 0.8714
2025-10-02 12:19:04,331 - root - INFO - new node validate loss: 0.5740
2025-10-02 12:19:04,331 - root - INFO - new node validate average_precision, 0.7691
2025-10-02 12:19:04,331 - root - INFO - new node validate roc_auc, 0.7969
2025-10-02 12:19:14,929 - root - INFO - test loss: 0.4949
2025-10-02 12:19:14,929 - root - INFO - test average_precision, 0.8031
2025-10-02 12:19:14,929 - root - INFO - best test average_precision: 0.8129
2025-10-02 12:19:14,930 - root - INFO - test roc_auc, 0.8431
2025-10-02 12:19:14,930 - root - INFO - new node test loss: 0.5161
2025-10-02 12:19:14,930 - root - INFO - new node test average_precision, 0.7942
2025-10-02 12:19:14,930 - root - INFO - new node test roc_auc, 0.8330
2025-10-02 12:20:16,459 - root - INFO - Epoch: 39, learning rate: 0.0001, train loss: 0.3202
2025-10-02 12:20:16,460 - root - INFO - train average_precision, 0.8950
2025-10-02 12:20:16,460 - root - INFO - train roc_auc, 0.9230
2025-10-02 12:20:16,460 - root - INFO - validate loss: 0.4648
2025-10-02 12:20:16,460 - root - INFO - validate average_precision, 0.8258
2025-10-02 12:20:16,460 - root - INFO - validate roc_auc, 0.8627
2025-10-02 12:20:16,460 - root - INFO - new node validate loss: 0.5790
2025-10-02 12:20:16,460 - root - INFO - new node validate average_precision, 0.7640
2025-10-02 12:20:16,461 - root - INFO - new node validate roc_auc, 0.7925
2025-10-02 12:20:27,055 - root - INFO - test loss: 0.5192
2025-10-02 12:20:27,056 - root - INFO - test average_precision, 0.7759
2025-10-02 12:20:27,056 - root - INFO - best test average_precision: 0.8129
2025-10-02 12:20:27,056 - root - INFO - test roc_auc, 0.8240
2025-10-02 12:20:27,056 - root - INFO - new node test loss: 0.5214
2025-10-02 12:20:27,056 - root - INFO - new node test average_precision, 0.7726
2025-10-02 12:20:27,056 - root - INFO - new node test roc_auc, 0.8207
2025-10-02 12:21:28,648 - root - INFO - Epoch: 40, learning rate: 0.0001, train loss: 0.3241
2025-10-02 12:21:28,648 - root - INFO - train average_precision, 0.8914
2025-10-02 12:21:28,648 - root - INFO - train roc_auc, 0.9205
2025-10-02 12:21:28,648 - root - INFO - validate loss: 0.4716
2025-10-02 12:21:28,648 - root - INFO - validate average_precision, 0.8363
2025-10-02 12:21:28,648 - root - INFO - validate roc_auc, 0.8639
2025-10-02 12:21:28,649 - root - INFO - new node validate loss: 0.5788
2025-10-02 12:21:28,649 - root - INFO - new node validate average_precision, 0.7683
2025-10-02 12:21:28,649 - root - INFO - new node validate roc_auc, 0.7930
2025-10-02 12:21:39,287 - root - INFO - test loss: 0.5278
2025-10-02 12:21:39,287 - root - INFO - test average_precision, 0.7728
2025-10-02 12:21:39,287 - root - INFO - best test average_precision: 0.8129
2025-10-02 12:21:39,287 - root - INFO - test roc_auc, 0.8153
2025-10-02 12:21:39,287 - root - INFO - new node test loss: 0.5264
2025-10-02 12:21:39,287 - root - INFO - new node test average_precision, 0.7840
2025-10-02 12:21:39,287 - root - INFO - new node test roc_auc, 0.8248
2025-10-02 12:22:41,110 - root - INFO - Epoch: 41, learning rate: 0.0001, train loss: 0.3205
2025-10-02 12:22:41,110 - root - INFO - train average_precision, 0.8947
2025-10-02 12:22:41,110 - root - INFO - train roc_auc, 0.9227
2025-10-02 12:22:41,111 - root - INFO - validate loss: 0.4757
2025-10-02 12:22:41,111 - root - INFO - validate average_precision, 0.8255
2025-10-02 12:22:41,111 - root - INFO - validate roc_auc, 0.8576
2025-10-02 12:22:41,111 - root - INFO - new node validate loss: 0.5869
2025-10-02 12:22:41,111 - root - INFO - new node validate average_precision, 0.7504
2025-10-02 12:22:41,111 - root - INFO - new node validate roc_auc, 0.7844
2025-10-02 12:22:51,696 - root - INFO - test loss: 0.5016
2025-10-02 12:22:51,697 - root - INFO - test average_precision, 0.7948
2025-10-02 12:22:51,697 - root - INFO - best test average_precision: 0.8129
2025-10-02 12:22:51,697 - root - INFO - test roc_auc, 0.8346
2025-10-02 12:22:51,697 - root - INFO - new node test loss: 0.5264
2025-10-02 12:22:51,697 - root - INFO - new node test average_precision, 0.7786
2025-10-02 12:22:51,697 - root - INFO - new node test roc_auc, 0.8199
2025-10-02 12:23:53,398 - root - INFO - Epoch: 42, learning rate: 0.0001, train loss: 0.3172
2025-10-02 12:23:53,398 - root - INFO - train average_precision, 0.8966
2025-10-02 12:23:53,399 - root - INFO - train roc_auc, 0.9245
2025-10-02 12:23:53,399 - root - INFO - validate loss: 0.4780
2025-10-02 12:23:53,399 - root - INFO - validate average_precision, 0.8293
2025-10-02 12:23:53,399 - root - INFO - validate roc_auc, 0.8587
2025-10-02 12:23:53,399 - root - INFO - new node validate loss: 0.5743
2025-10-02 12:23:53,399 - root - INFO - new node validate average_precision, 0.7664
2025-10-02 12:23:53,399 - root - INFO - new node validate roc_auc, 0.7927
2025-10-02 12:24:04,112 - root - INFO - test loss: 0.5276
2025-10-02 12:24:04,112 - root - INFO - test average_precision, 0.7735
2025-10-02 12:24:04,112 - root - INFO - best test average_precision: 0.8129
2025-10-02 12:24:04,112 - root - INFO - test roc_auc, 0.8156
2025-10-02 12:24:04,112 - root - INFO - new node test loss: 0.5335
2025-10-02 12:24:04,112 - root - INFO - new node test average_precision, 0.7736
2025-10-02 12:24:04,112 - root - INFO - new node test roc_auc, 0.8157
2025-10-02 12:25:05,810 - root - INFO - Epoch: 43, learning rate: 0.0001, train loss: 0.3181
2025-10-02 12:25:05,810 - root - INFO - train average_precision, 0.8961
2025-10-02 12:25:05,810 - root - INFO - train roc_auc, 0.9237
2025-10-02 12:25:05,811 - root - INFO - validate loss: 0.4587
2025-10-02 12:25:05,811 - root - INFO - validate average_precision, 0.8386
2025-10-02 12:25:05,811 - root - INFO - validate roc_auc, 0.8682
2025-10-02 12:25:05,811 - root - INFO - new node validate loss: 0.5826
2025-10-02 12:25:05,811 - root - INFO - new node validate average_precision, 0.7603
2025-10-02 12:25:05,811 - root - INFO - new node validate roc_auc, 0.7882
2025-10-02 12:25:16,400 - root - INFO - test loss: 0.4818
2025-10-02 12:25:16,400 - root - INFO - test average_precision, 0.8092
2025-10-02 12:25:16,400 - root - INFO - best test average_precision: 0.8129
2025-10-02 12:25:16,400 - root - INFO - test roc_auc, 0.8474
2025-10-02 12:25:16,400 - root - INFO - new node test loss: 0.5212
2025-10-02 12:25:16,400 - root - INFO - new node test average_precision, 0.7864
2025-10-02 12:25:16,400 - root - INFO - new node test roc_auc, 0.8235
2025-10-02 12:26:18,217 - root - INFO - Epoch: 44, learning rate: 0.0001, train loss: 0.3216
2025-10-02 12:26:18,218 - root - INFO - train average_precision, 0.8932
2025-10-02 12:26:18,218 - root - INFO - train roc_auc, 0.9217
2025-10-02 12:26:18,218 - root - INFO - validate loss: 0.4727
2025-10-02 12:26:18,218 - root - INFO - validate average_precision, 0.8287
2025-10-02 12:26:18,218 - root - INFO - validate roc_auc, 0.8571
2025-10-02 12:26:18,218 - root - INFO - new node validate loss: 0.5694
2025-10-02 12:26:18,218 - root - INFO - new node validate average_precision, 0.7627
2025-10-02 12:26:18,218 - root - INFO - new node validate roc_auc, 0.7930
2025-10-02 12:26:28,788 - root - INFO - test loss: 0.5322
2025-10-02 12:26:28,788 - root - INFO - test average_precision, 0.7673
2025-10-02 12:26:28,788 - root - INFO - best test average_precision: 0.8129
2025-10-02 12:26:28,788 - root - INFO - test roc_auc, 0.8055
2025-10-02 12:26:28,788 - root - INFO - new node test loss: 0.5251
2025-10-02 12:26:28,789 - root - INFO - new node test average_precision, 0.7850
2025-10-02 12:26:28,789 - root - INFO - new node test roc_auc, 0.8202
2025-10-02 12:27:30,307 - root - INFO - Epoch: 45, learning rate: 0.0001, train loss: 0.3177
2025-10-02 12:27:30,308 - root - INFO - train average_precision, 0.8953
2025-10-02 12:27:30,308 - root - INFO - train roc_auc, 0.9238
2025-10-02 12:27:30,308 - root - INFO - validate loss: 0.4750
2025-10-02 12:27:30,308 - root - INFO - validate average_precision, 0.8314
2025-10-02 12:27:30,308 - root - INFO - validate roc_auc, 0.8598
2025-10-02 12:27:30,308 - root - INFO - new node validate loss: 0.5826
2025-10-02 12:27:30,308 - root - INFO - new node validate average_precision, 0.7680
2025-10-02 12:27:30,308 - root - INFO - new node validate roc_auc, 0.7939
2025-10-02 12:27:40,894 - root - INFO - test loss: 0.5186
2025-10-02 12:27:40,894 - root - INFO - test average_precision, 0.7842
2025-10-02 12:27:40,894 - root - INFO - best test average_precision: 0.8129
2025-10-02 12:27:40,894 - root - INFO - test roc_auc, 0.8159
2025-10-02 12:27:40,894 - root - INFO - new node test loss: 0.5251
2025-10-02 12:27:40,894 - root - INFO - new node test average_precision, 0.7985
2025-10-02 12:27:40,895 - root - INFO - new node test roc_auc, 0.8278
2025-10-02 12:28:42,751 - root - INFO - Epoch: 46, learning rate: 0.0001, train loss: 0.3198
2025-10-02 12:28:42,751 - root - INFO - train average_precision, 0.8942
2025-10-02 12:28:42,752 - root - INFO - train roc_auc, 0.9228
2025-10-02 12:28:42,752 - root - INFO - validate loss: 0.4783
2025-10-02 12:28:42,752 - root - INFO - validate average_precision, 0.8305
2025-10-02 12:28:42,752 - root - INFO - validate roc_auc, 0.8573
2025-10-02 12:28:42,752 - root - INFO - new node validate loss: 0.5986
2025-10-02 12:28:42,752 - root - INFO - new node validate average_precision, 0.7701
2025-10-02 12:28:42,752 - root - INFO - new node validate roc_auc, 0.7905
2025-10-02 12:28:53,378 - root - INFO - test loss: 0.5307
2025-10-02 12:28:53,378 - root - INFO - test average_precision, 0.7733
2025-10-02 12:28:53,378 - root - INFO - best test average_precision: 0.8129
2025-10-02 12:28:53,378 - root - INFO - test roc_auc, 0.8068
2025-10-02 12:28:53,378 - root - INFO - new node test loss: 0.5435
2025-10-02 12:28:53,379 - root - INFO - new node test average_precision, 0.7834
2025-10-02 12:28:53,379 - root - INFO - new node test roc_auc, 0.8160
2025-10-02 12:29:54,922 - root - INFO - Epoch: 47, learning rate: 0.0001, train loss: 0.3151
2025-10-02 12:29:54,922 - root - INFO - train average_precision, 0.8974
2025-10-02 12:29:54,922 - root - INFO - train roc_auc, 0.9252
2025-10-02 12:29:54,922 - root - INFO - validate loss: 0.4787
2025-10-02 12:29:54,923 - root - INFO - validate average_precision, 0.8273
2025-10-02 12:29:54,923 - root - INFO - validate roc_auc, 0.8554
2025-10-02 12:29:54,923 - root - INFO - new node validate loss: 0.6166
2025-10-02 12:29:54,923 - root - INFO - new node validate average_precision, 0.7493
2025-10-02 12:29:54,923 - root - INFO - new node validate roc_auc, 0.7785
2025-10-02 12:30:05,512 - root - INFO - test loss: 0.5279
2025-10-02 12:30:05,512 - root - INFO - test average_precision, 0.7776
2025-10-02 12:30:05,512 - root - INFO - best test average_precision: 0.8129
2025-10-02 12:30:05,512 - root - INFO - test roc_auc, 0.8137
2025-10-02 12:30:05,512 - root - INFO - new node test loss: 0.5401
2025-10-02 12:30:05,512 - root - INFO - new node test average_precision, 0.7836
2025-10-02 12:30:05,512 - root - INFO - new node test roc_auc, 0.8185
2025-10-02 12:31:07,316 - root - INFO - Epoch: 48, learning rate: 0.0001, train loss: 0.3183
2025-10-02 12:31:07,317 - root - INFO - train average_precision, 0.8947
2025-10-02 12:31:07,317 - root - INFO - train roc_auc, 0.9235
2025-10-02 12:31:07,317 - root - INFO - validate loss: 0.4659
2025-10-02 12:31:07,317 - root - INFO - validate average_precision, 0.8395
2025-10-02 12:31:07,317 - root - INFO - validate roc_auc, 0.8662
2025-10-02 12:31:07,317 - root - INFO - new node validate loss: 0.6115
2025-10-02 12:31:07,317 - root - INFO - new node validate average_precision, 0.7605
2025-10-02 12:31:07,317 - root - INFO - new node validate roc_auc, 0.7827
2025-10-02 12:31:17,894 - root - INFO - test loss: 0.5082
2025-10-02 12:31:17,894 - root - INFO - test average_precision, 0.7994
2025-10-02 12:31:17,895 - root - INFO - best test average_precision: 0.8129
2025-10-02 12:31:17,895 - root - INFO - test roc_auc, 0.8302
2025-10-02 12:31:17,895 - root - INFO - new node test loss: 0.5200
2025-10-02 12:31:17,895 - root - INFO - new node test average_precision, 0.8006
2025-10-02 12:31:17,895 - root - INFO - new node test roc_auc, 0.8312
2025-10-02 12:32:19,455 - root - INFO - Epoch: 49, learning rate: 0.0001, train loss: 0.3146
2025-10-02 12:32:19,456 - root - INFO - train average_precision, 0.8980
2025-10-02 12:32:19,456 - root - INFO - train roc_auc, 0.9255
2025-10-02 12:32:19,456 - root - INFO - validate loss: 0.4817
2025-10-02 12:32:19,456 - root - INFO - validate average_precision, 0.8285
2025-10-02 12:32:19,456 - root - INFO - validate roc_auc, 0.8556
2025-10-02 12:32:19,456 - root - INFO - new node validate loss: 0.6124
2025-10-02 12:32:19,456 - root - INFO - new node validate average_precision, 0.7549
2025-10-02 12:32:19,456 - root - INFO - new node validate roc_auc, 0.7792
2025-10-02 12:32:30,244 - root - INFO - test loss: 0.5305
2025-10-02 12:32:30,244 - root - INFO - test average_precision, 0.7747
2025-10-02 12:32:30,244 - root - INFO - best test average_precision: 0.8129
2025-10-02 12:32:30,244 - root - INFO - test roc_auc, 0.8077
2025-10-02 12:32:30,244 - root - INFO - new node test loss: 0.5372
2025-10-02 12:32:30,244 - root - INFO - new node test average_precision, 0.7880
2025-10-02 12:32:30,244 - root - INFO - new node test roc_auc, 0.8203
2025-10-02 12:33:31,980 - root - INFO - Epoch: 50, learning rate: 0.0001, train loss: 0.3132
2025-10-02 12:33:31,981 - root - INFO - train average_precision, 0.8992
2025-10-02 12:33:31,981 - root - INFO - train roc_auc, 0.9263
2025-10-02 12:33:31,981 - root - INFO - validate loss: 0.4872
2025-10-02 12:33:31,981 - root - INFO - validate average_precision, 0.8153
2025-10-02 12:33:31,981 - root - INFO - validate roc_auc, 0.8458
2025-10-02 12:33:31,982 - root - INFO - new node validate loss: 0.5950
2025-10-02 12:33:31,982 - root - INFO - new node validate average_precision, 0.7642
2025-10-02 12:33:31,982 - root - INFO - new node validate roc_auc, 0.7896
2025-10-02 12:33:42,580 - root - INFO - test loss: 0.5502
2025-10-02 12:33:42,580 - root - INFO - test average_precision, 0.7495
2025-10-02 12:33:42,580 - root - INFO - best test average_precision: 0.8129
2025-10-02 12:33:42,580 - root - INFO - test roc_auc, 0.7906
2025-10-02 12:33:42,580 - root - INFO - new node test loss: 0.5471
2025-10-02 12:33:42,580 - root - INFO - new node test average_precision, 0.7703
2025-10-02 12:33:42,580 - root - INFO - new node test roc_auc, 0.8084
2025-10-02 12:34:44,180 - root - INFO - Epoch: 51, learning rate: 0.0001, train loss: 0.3181
2025-10-02 12:34:44,181 - root - INFO - train average_precision, 0.8946
2025-10-02 12:34:44,181 - root - INFO - train roc_auc, 0.9233
2025-10-02 12:34:44,181 - root - INFO - validate loss: 0.4877
2025-10-02 12:34:44,181 - root - INFO - validate average_precision, 0.8215
2025-10-02 12:34:44,181 - root - INFO - validate roc_auc, 0.8500
2025-10-02 12:34:44,181 - root - INFO - new node validate loss: 0.6029
2025-10-02 12:34:44,181 - root - INFO - new node validate average_precision, 0.7674
2025-10-02 12:34:44,182 - root - INFO - new node validate roc_auc, 0.7887
2025-10-02 12:34:54,896 - root - INFO - test loss: 0.5428
2025-10-02 12:34:54,896 - root - INFO - test average_precision, 0.7626
2025-10-02 12:34:54,896 - root - INFO - best test average_precision: 0.8129
2025-10-02 12:34:54,896 - root - INFO - test roc_auc, 0.7960
2025-10-02 12:34:54,897 - root - INFO - new node test loss: 0.5364
2025-10-02 12:34:54,897 - root - INFO - new node test average_precision, 0.7863
2025-10-02 12:34:54,897 - root - INFO - new node test roc_auc, 0.8187
2025-10-02 12:35:56,467 - root - INFO - Epoch: 52, learning rate: 0.0001, train loss: 0.3140
2025-10-02 12:35:56,467 - root - INFO - train average_precision, 0.8983
2025-10-02 12:35:56,468 - root - INFO - train roc_auc, 0.9256
2025-10-02 12:35:56,468 - root - INFO - validate loss: 0.4717
2025-10-02 12:35:56,468 - root - INFO - validate average_precision, 0.8307
2025-10-02 12:35:56,468 - root - INFO - validate roc_auc, 0.8585
2025-10-02 12:35:56,468 - root - INFO - new node validate loss: 0.5936
2025-10-02 12:35:56,468 - root - INFO - new node validate average_precision, 0.7671
2025-10-02 12:35:56,468 - root - INFO - new node validate roc_auc, 0.7889
2025-10-02 12:36:07,099 - root - INFO - test loss: 0.5356
2025-10-02 12:36:07,099 - root - INFO - test average_precision, 0.7708
2025-10-02 12:36:07,100 - root - INFO - best test average_precision: 0.8129
2025-10-02 12:36:07,100 - root - INFO - test roc_auc, 0.8046
2025-10-02 12:36:07,100 - root - INFO - new node test loss: 0.5381
2025-10-02 12:36:07,100 - root - INFO - new node test average_precision, 0.7809
2025-10-02 12:36:07,100 - root - INFO - new node test roc_auc, 0.8150
2025-10-02 12:37:09,068 - root - INFO - Epoch: 53, learning rate: 0.0001, train loss: 0.3139
2025-10-02 12:37:09,069 - root - INFO - train average_precision, 0.8969
2025-10-02 12:37:09,069 - root - INFO - train roc_auc, 0.9254
2025-10-02 12:37:09,069 - root - INFO - validate loss: 0.4801
2025-10-02 12:37:09,069 - root - INFO - validate average_precision, 0.8233
2025-10-02 12:37:09,069 - root - INFO - validate roc_auc, 0.8516
2025-10-02 12:37:09,069 - root - INFO - new node validate loss: 0.6194
2025-10-02 12:37:09,069 - root - INFO - new node validate average_precision, 0.7545
2025-10-02 12:37:09,069 - root - INFO - new node validate roc_auc, 0.7771
2025-10-02 12:37:19,798 - root - INFO - test loss: 0.5360
2025-10-02 12:37:19,798 - root - INFO - test average_precision, 0.7750
2025-10-02 12:37:19,798 - root - INFO - best test average_precision: 0.8129
2025-10-02 12:37:19,798 - root - INFO - test roc_auc, 0.8071
2025-10-02 12:37:19,798 - root - INFO - new node test loss: 0.5480
2025-10-02 12:37:19,798 - root - INFO - new node test average_precision, 0.7768
2025-10-02 12:37:19,798 - root - INFO - new node test roc_auc, 0.8098
2025-10-02 12:38:21,410 - root - INFO - Epoch: 54, learning rate: 0.0001, train loss: 0.3145
2025-10-02 12:38:21,410 - root - INFO - train average_precision, 0.8976
2025-10-02 12:38:21,410 - root - INFO - train roc_auc, 0.9253
2025-10-02 12:38:21,410 - root - INFO - validate loss: 0.4714
2025-10-02 12:38:21,411 - root - INFO - validate average_precision, 0.8337
2025-10-02 12:38:21,411 - root - INFO - validate roc_auc, 0.8605
2025-10-02 12:38:21,411 - root - INFO - new node validate loss: 0.6050
2025-10-02 12:38:21,411 - root - INFO - new node validate average_precision, 0.7649
2025-10-02 12:38:21,411 - root - INFO - new node validate roc_auc, 0.7879
2025-10-02 12:38:32,146 - root - INFO - test loss: 0.5094
2025-10-02 12:38:32,146 - root - INFO - test average_precision, 0.8025
2025-10-02 12:38:32,146 - root - INFO - best test average_precision: 0.8129
2025-10-02 12:38:32,146 - root - INFO - test roc_auc, 0.8308
2025-10-02 12:38:32,146 - root - INFO - new node test loss: 0.5347
2025-10-02 12:38:32,146 - root - INFO - new node test average_precision, 0.7937
2025-10-02 12:38:32,146 - root - INFO - new node test roc_auc, 0.8231
2025-10-02 12:39:33,909 - root - INFO - Epoch: 55, learning rate: 0.0001, train loss: 0.3121
2025-10-02 12:39:33,909 - root - INFO - train average_precision, 0.8987
2025-10-02 12:39:33,909 - root - INFO - train roc_auc, 0.9263
2025-10-02 12:39:33,909 - root - INFO - validate loss: 0.4713
2025-10-02 12:39:33,909 - root - INFO - validate average_precision, 0.8327
2025-10-02 12:39:33,909 - root - INFO - validate roc_auc, 0.8613
2025-10-02 12:39:33,909 - root - INFO - new node validate loss: 0.5885
2025-10-02 12:39:33,910 - root - INFO - new node validate average_precision, 0.7706
2025-10-02 12:39:33,910 - root - INFO - new node validate roc_auc, 0.7938
2025-10-02 12:39:44,641 - root - INFO - test loss: 0.5226
2025-10-02 12:39:44,641 - root - INFO - test average_precision, 0.7827
2025-10-02 12:39:44,641 - root - INFO - best test average_precision: 0.8129
2025-10-02 12:39:44,641 - root - INFO - test roc_auc, 0.8172
2025-10-02 12:39:44,641 - root - INFO - new node test loss: 0.5348
2025-10-02 12:39:44,641 - root - INFO - new node test average_precision, 0.7772
2025-10-02 12:39:44,641 - root - INFO - new node test roc_auc, 0.8165
2025-10-02 12:40:46,535 - root - INFO - Epoch: 56, learning rate: 0.0001, train loss: 0.3186
2025-10-02 12:40:46,536 - root - INFO - train average_precision, 0.8958
2025-10-02 12:40:46,536 - root - INFO - train roc_auc, 0.9235
2025-10-02 12:40:46,536 - root - INFO - validate loss: 0.4884
2025-10-02 12:40:46,536 - root - INFO - validate average_precision, 0.8197
2025-10-02 12:40:46,536 - root - INFO - validate roc_auc, 0.8500
2025-10-02 12:40:46,536 - root - INFO - new node validate loss: 0.6063
2025-10-02 12:40:46,536 - root - INFO - new node validate average_precision, 0.7669
2025-10-02 12:40:46,536 - root - INFO - new node validate roc_auc, 0.7908
2025-10-02 12:40:57,092 - root - INFO - test loss: 0.5603
2025-10-02 12:40:57,093 - root - INFO - test average_precision, 0.7521
2025-10-02 12:40:57,093 - root - INFO - best test average_precision: 0.8129
2025-10-02 12:40:57,093 - root - INFO - test roc_auc, 0.7886
2025-10-02 12:40:57,093 - root - INFO - new node test loss: 0.5508
2025-10-02 12:40:57,093 - root - INFO - new node test average_precision, 0.7740
2025-10-02 12:40:57,093 - root - INFO - new node test roc_auc, 0.8115
2025-10-02 12:40:57,093 - root - INFO - load model ./saved_models/JODIE/mooc/JODIE_kan_mammote_seed0/JODIE_kan_mammote_seed0.pkl
2025-10-02 12:40:59,886 - root - INFO - get final performance on dataset mooc...
2025-10-02 12:41:11,155 - root - INFO - test loss: 0.4798
2025-10-02 12:41:11,155 - root - INFO - test average_precision, 0.8096
2025-10-02 12:41:11,155 - root - INFO - test roc_auc, 0.8492
2025-10-02 12:41:11,155 - root - INFO - new node test loss: 0.5167
2025-10-02 12:41:11,156 - root - INFO - new node test average_precision, 0.7888
2025-10-02 12:41:11,156 - root - INFO - new node test roc_auc, 0.8273
2025-10-02 12:41:11,156 - root - INFO - Run 1 cost 4087.00 seconds.
2025-10-02 12:41:11,162 - root - INFO - metrics over 1 runs:
2025-10-02 12:41:11,162 - root - INFO - test average_precision, [np.float64(0.809619293676912)]
2025-10-02 12:41:11,163 - root - INFO - average test average_precision, 0.8096 ± nan
2025-10-02 12:41:11,163 - root - INFO - test roc_auc, [np.float64(0.8492365986801051)]
2025-10-02 12:41:11,163 - root - INFO - average test roc_auc, 0.8492 ± nan
2025-10-02 12:41:11,163 - root - INFO - new node test average_precision, [np.float64(0.7888215861305317)]
2025-10-02 12:41:11,163 - root - INFO - average new node test average_precision, 0.7888 ± nan
2025-10-02 12:41:11,163 - root - INFO - new node test roc_auc, [np.float64(0.8272675927845872)]
2025-10-02 12:41:11,163 - root - INFO - average new node test roc_auc, 0.8273 ± nan
