2025-10-02 22:15:20,361 - root - INFO - ********** Run 1 starts. **********
2025-10-02 22:15:20,361 - root - INFO - configuration is Namespace(dataset_name='wikipedia', batch_size=200, model_name='DyGMamba', gpu=0, num_neighbors=20, sample_neighbor_strategy='uniform', time_scaling_factor=1e-06, num_walk_heads=8, num_heads=2, num_layers=2, walk_length=1, time_gap=2000, time_feat_dim=128, position_feat_dim=172, time_window_mode='fixed_proportion', time_encoder_type='kan_mammote', expert_dim=64, num_mixtures=4, patch_size=1, channel_embedding_dim=50, max_input_sequence_length=32, learning_rate=0.0001, dropout=0.1, gamma=0.5, num_epochs=2, optimizer='Adam', weight_decay=0.0, patience=20, val_ratio=0.15, test_ratio=0.15, num_runs=1, test_interval_epochs=1, negative_sample_strategy='random', max_interaction_times=5, load_best_configs=True, device='cuda:0', seed=0, save_model_name='DyGMamba_kan_mammote_seed0')
2025-10-02 22:15:20,368 - root - INFO - time encoder type: kan_mammote
2025-10-02 22:15:21,414 - root - INFO - model -> Sequential(
  (0): DyGMamba(
    (time_encoder): TimeEncoder(
      (w): Linear(in_features=1, out_features=128, bias=True)
    )
    (neighbor_co_occurrence_encoder): NIFEncoder(
      (nif_encode_layer): Sequential(
        (0): Linear(in_features=1, out_features=50, bias=True)
        (1): ReLU()
        (2): Linear(in_features=50, out_features=50, bias=True)
      )
    )
    (projection_layer): ModuleDict(
      (node): Linear(in_features=172, out_features=50, bias=True)
      (edge): Linear(in_features=172, out_features=50, bias=True)
      (time): Linear(in_features=128, out_features=50, bias=True)
      (neighbor_co_occurrence): Linear(in_features=50, out_features=50, bias=True)
    )
    (output_layer): Linear(in_features=100, out_features=172, bias=True)
    (output_layer_t_diff): Linear(in_features=25, out_features=172, bias=True)
    (mamba): ModuleList(
      (0-1): 2 x Mamba(
        (in_proj): Linear(in_features=100, out_features=200, bias=False)
        (conv1d): Conv1d(100, 100, kernel_size=(4,), stride=(1,), padding=(3,), groups=100)
        (act): SiLU()
        (x_proj): Linear(in_features=100, out_features=39, bias=False)
        (dt_proj): Linear(in_features=7, out_features=100, bias=True)
        (out_proj): Linear(in_features=100, out_features=100, bias=False)
      )
    )
    (mamba_t_diff): ModuleList(
      (0-1): 2 x Mamba(
        (in_proj): Linear(in_features=25, out_features=50, bias=False)
        (conv1d): Conv1d(25, 25, kernel_size=(4,), stride=(1,), padding=(3,), groups=25)
        (act): SiLU()
        (x_proj): Linear(in_features=25, out_features=34, bias=False)
        (dt_proj): Linear(in_features=2, out_features=25, bias=True)
        (out_proj): Linear(in_features=25, out_features=25, bias=False)
      )
    )
    (projection_layer_t_diff): Linear(in_features=128, out_features=25, bias=True)
    (projection_layer_t_diff_up): Linear(in_features=25, out_features=100, bias=True)
    (weightagg): Linear(in_features=100, out_features=1, bias=True)
    (reduce_layer): Linear(in_features=200, out_features=100, bias=True)
    (channel_norm): LayerNorm((100,), eps=1e-05, elementwise_affine=True)
    (channel_feedforward): FeedForwardNet(
      (ffn): Sequential(
        (0): Linear(in_features=100, out_features=400, bias=True)
        (1): GELU(approximate='none')
        (2): Dropout(p=0.1, inplace=False)
        (3): Linear(in_features=400, out_features=100, bias=True)
        (4): Dropout(p=0.1, inplace=False)
      )
    )
    (neighbor_selection_layer): Linear(in_features=100, out_features=100, bias=True)
  )
  (1): MergeLayerTD(
    (fc1): Linear(in_features=516, out_features=172, bias=True)
    (fc2): Linear(in_features=172, out_features=1, bias=True)
    (act): ReLU()
  )
)
2025-10-02 22:15:21,415 - root - INFO - model name: DyGMamba, #parameters: 1349892 B, 1318.25390625 KB, 1.2873573303222656 MB.
2025-10-02 22:16:52,988 - root - INFO - Epoch: 1, learning rate: 0.0001, train loss: 0.3883
2025-10-02 22:16:52,989 - root - INFO - train average_precision, 0.9338
2025-10-02 22:16:52,989 - root - INFO - train roc_auc, 0.9082
2025-10-02 22:16:52,989 - root - INFO - validate loss: 0.3384
2025-10-02 22:16:52,989 - root - INFO - validate average_precision, 0.9371
2025-10-02 22:16:52,990 - root - INFO - validate roc_auc, 0.9099
2025-10-02 22:16:52,990 - root - INFO - new node validate loss: 0.3379
2025-10-02 22:16:52,990 - root - INFO - new node validate average_precision, 0.9363
2025-10-02 22:16:52,990 - root - INFO - new node validate roc_auc, 0.9079
2025-10-02 22:17:15,149 - root - INFO - test loss: 0.3659
2025-10-02 22:17:15,150 - root - INFO - test average_precision, 0.9248
2025-10-02 22:17:15,150 - root - INFO - best test average_precision: 0.9248
2025-10-02 22:17:15,150 - root - INFO - test roc_auc, 0.8924
2025-10-02 22:17:15,150 - root - INFO - new node test loss: 0.3733
2025-10-02 22:17:15,150 - root - INFO - new node test average_precision, 0.9208
2025-10-02 22:17:15,151 - root - INFO - new node test roc_auc, 0.8877
2025-10-02 22:17:15,151 - root - INFO - save model ./saved_models/DyGMamba/wikipedia/DyGMamba_kan_mammote_seed0/DyGMamba_kan_mammote_seed0.pkl
2025-10-02 22:18:45,515 - root - INFO - Epoch: 2, learning rate: 0.0001, train loss: 0.2817
2025-10-02 22:18:45,515 - root - INFO - train average_precision, 0.9600
2025-10-02 22:18:45,515 - root - INFO - train roc_auc, 0.9469
2025-10-02 22:18:45,515 - root - INFO - validate loss: 0.1760
2025-10-02 22:18:45,516 - root - INFO - validate average_precision, 0.9875
2025-10-02 22:18:45,516 - root - INFO - validate roc_auc, 0.9853
2025-10-02 22:18:45,516 - root - INFO - new node validate loss: 0.1967
2025-10-02 22:18:45,516 - root - INFO - new node validate average_precision, 0.9853
2025-10-02 22:18:45,516 - root - INFO - new node validate roc_auc, 0.9833
2025-10-02 22:19:07,867 - root - INFO - test loss: 0.1973
2025-10-02 22:19:07,867 - root - INFO - test average_precision, 0.9856
2025-10-02 22:19:07,867 - root - INFO - best test average_precision: 0.9856
2025-10-02 22:19:07,867 - root - INFO - test roc_auc, 0.9826
2025-10-02 22:19:07,867 - root - INFO - new node test loss: 0.2315
2025-10-02 22:19:07,867 - root - INFO - new node test average_precision, 0.9806
2025-10-02 22:19:07,868 - root - INFO - new node test roc_auc, 0.9779
2025-10-02 22:19:07,868 - root - INFO - save model ./saved_models/DyGMamba/wikipedia/DyGMamba_kan_mammote_seed0/DyGMamba_kan_mammote_seed0.pkl
2025-10-02 22:19:07,890 - root - INFO - load model ./saved_models/DyGMamba/wikipedia/DyGMamba_kan_mammote_seed0/DyGMamba_kan_mammote_seed0.pkl
2025-10-02 22:19:07,906 - root - INFO - get final performance on dataset wikipedia...
2025-10-02 22:19:52,756 - root - INFO - validate loss: 0.1760
2025-10-02 22:19:52,756 - root - INFO - validate average_precision, 0.9875
2025-10-02 22:19:52,756 - root - INFO - validate roc_auc, 0.9853
2025-10-02 22:19:52,756 - root - INFO - new node validate loss: 0.1967
2025-10-02 22:19:52,756 - root - INFO - new node validate average_precision, 0.9853
2025-10-02 22:19:52,756 - root - INFO - new node validate roc_auc, 0.9833
2025-10-02 22:19:52,756 - root - INFO - test loss: 0.1973
2025-10-02 22:19:52,756 - root - INFO - test average_precision, 0.9856
2025-10-02 22:19:52,756 - root - INFO - test roc_auc, 0.9826
2025-10-02 22:19:52,756 - root - INFO - new node test loss: 0.2315
2025-10-02 22:19:52,756 - root - INFO - new node test average_precision, 0.9806
2025-10-02 22:19:52,756 - root - INFO - new node test roc_auc, 0.9779
2025-10-02 22:19:52,756 - root - INFO - Run 1 cost 272.40 seconds.
2025-10-02 22:19:52,769 - root - INFO - metrics over 1 runs:
2025-10-02 22:19:52,769 - root - INFO - validate average_precision, [np.float64(0.9875026405434167)]
2025-10-02 22:19:52,769 - root - INFO - average validate average_precision, 0.9875 ± nan
2025-10-02 22:19:52,770 - root - INFO - validate roc_auc, [np.float64(0.9853164260942471)]
2025-10-02 22:19:52,770 - root - INFO - average validate roc_auc, 0.9853 ± nan
2025-10-02 22:19:52,770 - root - INFO - new node validate average_precision, [np.float64(0.9853453144254428)]
2025-10-02 22:19:52,770 - root - INFO - average new node validate average_precision, 0.9853 ± nan
2025-10-02 22:19:52,771 - root - INFO - new node validate roc_auc, [np.float64(0.9833388319672131)]
2025-10-02 22:19:52,771 - root - INFO - average new node validate roc_auc, 0.9833 ± nan
2025-10-02 22:19:52,771 - root - INFO - test average_precision, [np.float64(0.9855786049176948)]
2025-10-02 22:19:52,771 - root - INFO - average test average_precision, 0.9856 ± nan
2025-10-02 22:19:52,771 - root - INFO - test roc_auc, [np.float64(0.982606217248804)]
2025-10-02 22:19:52,772 - root - INFO - average test roc_auc, 0.9826 ± nan
2025-10-02 22:19:52,772 - root - INFO - new node test average_precision, [np.float64(0.9805853190228466)]
2025-10-02 22:19:52,772 - root - INFO - average new node test average_precision, 0.9806 ± nan
2025-10-02 22:19:52,772 - root - INFO - new node test roc_auc, [np.float64(0.9778765106853353)]
2025-10-02 22:19:52,773 - root - INFO - average new node test roc_auc, 0.9779 ± nan
