2025-10-08 12:24:49,055 - root - INFO - ********** Run 2 starts. **********
2025-10-08 12:24:49,055 - root - INFO - configuration is Namespace(dataset_name='SocialEvo', batch_size=200, model_name='DyGFormer', gpu=0, num_neighbors=20, sample_neighbor_strategy='uniform', time_scaling_factor=1e-06, num_walk_heads=8, num_heads=2, num_layers=2, walk_length=1, time_gap=2000, time_feat_dim=100, position_feat_dim=172, time_window_mode='fixed_proportion', time_encoder_type='lete', expert_dim=128, num_mixtures=16, sort_neighbors_by_time=False, patch_size=1, channel_embedding_dim=50, max_input_sequence_length=32, learning_rate=0.0001, dropout=0.1, gamma=0.5, num_epochs=2, optimizer='Adam', weight_decay=0.0, patience=20, val_ratio=0.15, test_ratio=0.15, num_runs=2, test_interval_epochs=100, negative_sample_strategy='random', max_interaction_times=10, load_best_configs=True, data_ratio=0.05, seed=1, save_model_name_suffix='', ablation_dir='', mamba_d_state=256, mamba_d_conv=4, mamba_expand=2, mamba_headdim=64, resume_from_checkpoint=None, save_checkpoints=True, checkpoint_interval=20, start_from_seed=0, max_checkpoints_to_keep=3, checkpoint_strategy='minimal', validate_checkpoints=True, device='cuda:0', save_model_name='DyGFormer_lete_seed1')
2025-10-08 12:24:49,056 - root - INFO - Metrics will be saved to: ./saved_metrics/DyGFormer/SocialEvo/DyGFormer_lete_seed1
2025-10-08 12:24:49,058 - root - INFO - time encoder type: lete
2025-10-08 12:24:49,058 - root - INFO - Time encoder will be injected into DyGFormer model
2025-10-08 12:24:49,718 - root - INFO - model -> Sequential(
  (0): DyGFormer(
    (time_encoder): TimeEncoderWrapper(
      (encoder): LeTE(
        (w1_fourier): Linear(in_features=1, out_features=50, bias=True)
        (w2_fourier): FourierSeries()
        (w1_spline): Linear(in_features=1, out_features=50, bias=True)
        (w2_spline): Spline()
        (layernorm): LayerNorm((100,), eps=1e-05, elementwise_affine=True)
      )
    )
    (neighbor_co_occurrence_encoder): NeighborCooccurrenceEncoder(
      (neighbor_co_occurrence_encode_layer): Sequential(
        (0): Linear(in_features=1, out_features=50, bias=True)
        (1): ReLU()
        (2): Linear(in_features=50, out_features=50, bias=True)
      )
    )
    (projection_layer): ModuleDict(
      (node): Linear(in_features=172, out_features=50, bias=True)
      (edge): Linear(in_features=172, out_features=50, bias=True)
      (time): Linear(in_features=100, out_features=50, bias=True)
      (neighbor_co_occurrence): Linear(in_features=50, out_features=50, bias=True)
    )
    (transformers): ModuleList(
      (0-1): 2 x TransformerEncoder(
        (multi_head_attention): MultiheadAttention(
          (out_proj): NonDynamicallyQuantizableLinear(in_features=200, out_features=200, bias=True)
        )
        (dropout): Dropout(p=0.1, inplace=False)
        (linear_layers): ModuleList(
          (0): Linear(in_features=200, out_features=800, bias=True)
          (1): Linear(in_features=800, out_features=200, bias=True)
        )
        (norm_layers): ModuleList(
          (0-1): 2 x LayerNorm((200,), eps=1e-05, elementwise_affine=True)
        )
      )
    )
    (output_layer): Linear(in_features=200, out_features=172, bias=True)
  )
  (1): MergeLayer(
    (fc1): Linear(in_features=344, out_features=172, bias=True)
    (fc2): Linear(in_features=172, out_features=1, bias=True)
    (act): ReLU()
  )
)
2025-10-08 12:24:49,718 - root - INFO - model name: DyGFormer, #parameters: 4353012 B, 4250.98828125 KB, 4.151355743408203 MB.
2025-10-08 12:25:47,959 - root - INFO - Epoch: 1, learning rate: 0.0001, train loss: 0.3113
2025-10-08 12:25:47,960 - root - INFO - train average_precision, 0.8962
2025-10-08 12:25:47,960 - root - INFO - train roc_auc, 0.9187
2025-10-08 12:25:47,960 - root - INFO - validate loss: 0.2988
2025-10-08 12:25:47,960 - root - INFO - validate average_precision, 0.9229
2025-10-08 12:25:47,960 - root - INFO - validate roc_auc, 0.9417
2025-10-08 12:25:47,960 - root - INFO - new node validate loss: 0.3254
2025-10-08 12:25:47,960 - root - INFO - new node validate average_precision, 0.8998
2025-10-08 12:25:47,960 - root - INFO - new node validate roc_auc, 0.9237
2025-10-08 12:25:47,970 - root - INFO - save model ./saved_models/DyGFormer/SocialEvo/DyGFormer_lete_seed1/DyGFormer_lete_seed1.pkl
2025-10-08 12:26:46,088 - root - INFO - Epoch: 2, learning rate: 0.0001, train loss: 0.2652
2025-10-08 12:26:46,089 - root - INFO - train average_precision, 0.9252
2025-10-08 12:26:46,089 - root - INFO - train roc_auc, 0.9442
2025-10-08 12:26:46,089 - root - INFO - validate loss: 0.2813
2025-10-08 12:26:46,089 - root - INFO - validate average_precision, 0.9250
2025-10-08 12:26:46,089 - root - INFO - validate roc_auc, 0.9441
2025-10-08 12:26:46,089 - root - INFO - new node validate loss: 0.3148
2025-10-08 12:26:46,089 - root - INFO - new node validate average_precision, 0.9003
2025-10-08 12:26:46,089 - root - INFO - new node validate roc_auc, 0.9251
2025-10-08 12:26:46,096 - root - INFO - save model ./saved_models/DyGFormer/SocialEvo/DyGFormer_lete_seed1/DyGFormer_lete_seed1.pkl
2025-10-08 12:26:46,144 - root - INFO - load model ./saved_models/DyGFormer/SocialEvo/DyGFormer_lete_seed1/DyGFormer_lete_seed1.pkl
2025-10-08 12:26:46,164 - root - INFO - get final performance on dataset SocialEvo...
2025-10-08 12:27:07,667 - root - INFO - validate loss: 0.2813
2025-10-08 12:27:07,667 - root - INFO - validate average_precision, 0.9250
2025-10-08 12:27:07,667 - root - INFO - validate roc_auc, 0.9441
2025-10-08 12:27:07,667 - root - INFO - new node validate loss: 0.3148
2025-10-08 12:27:07,667 - root - INFO - new node validate average_precision, 0.9003
2025-10-08 12:27:07,667 - root - INFO - new node validate roc_auc, 0.9251
2025-10-08 12:27:07,667 - root - INFO - test loss: 0.2571
2025-10-08 12:27:07,667 - root - INFO - test average_precision, 0.9364
2025-10-08 12:27:07,668 - root - INFO - test roc_auc, 0.9513
2025-10-08 12:27:07,668 - root - INFO - new node test loss: 0.2975
2025-10-08 12:27:07,668 - root - INFO - new node test average_precision, 0.9127
2025-10-08 12:27:07,668 - root - INFO - new node test roc_auc, 0.9326
2025-10-08 12:27:07,678 - root - INFO - ✅ Metrics saved to: ./saved_metrics/DyGFormer/SocialEvo/DyGFormer_lete_seed1
2025-10-08 12:27:07,678 - root - INFO - Run 2 cost 138.62 seconds.
2025-10-08 12:27:07,682 - root - INFO - metrics over 2 runs:
2025-10-08 12:27:07,682 - root - INFO - validate average_precision, [np.float64(0.9238483076576602), np.float64(0.9249692230489905)]
2025-10-08 12:27:07,682 - root - INFO - average validate average_precision, 0.9244 ± 0.0008
2025-10-08 12:27:07,682 - root - INFO - validate roc_auc, [np.float64(0.9435070678607331), np.float64(0.9441216644732358)]
2025-10-08 12:27:07,682 - root - INFO - average validate roc_auc, 0.9438 ± 0.0004
2025-10-08 12:27:07,682 - root - INFO - new node validate average_precision, [np.float64(0.899904869255913), np.float64(0.9002844222900939)]
2025-10-08 12:27:07,683 - root - INFO - average new node validate average_precision, 0.9001 ± 0.0003
2025-10-08 12:27:07,683 - root - INFO - new node validate roc_auc, [np.float64(0.924584155953474), np.float64(0.925122459442914)]
2025-10-08 12:27:07,683 - root - INFO - average new node validate roc_auc, 0.9249 ± 0.0004
2025-10-08 12:27:07,683 - root - INFO - test average_precision, [np.float64(0.9358953385881326), np.float64(0.9363633222439752)]
2025-10-08 12:27:07,683 - root - INFO - average test average_precision, 0.9361 ± 0.0003
2025-10-08 12:27:07,683 - root - INFO - test roc_auc, [np.float64(0.9513027435240006), np.float64(0.9512799721429948)]
2025-10-08 12:27:07,683 - root - INFO - average test roc_auc, 0.9513 ± 0.0000
2025-10-08 12:27:07,683 - root - INFO - new node test average_precision, [np.float64(0.91475084121777), np.float64(0.9126731238335406)]
2025-10-08 12:27:07,683 - root - INFO - average new node test average_precision, 0.9137 ± 0.0015
2025-10-08 12:27:07,683 - root - INFO - new node test roc_auc, [np.float64(0.9324111966551327), np.float64(0.9325945991926184)]
2025-10-08 12:27:07,684 - root - INFO - average new node test roc_auc, 0.9325 ± 0.0001
