2025-10-08 10:09:33,588 - root - INFO - ********** Run 2 starts. **********
2025-10-08 10:09:33,588 - root - INFO - configuration is Namespace(dataset_name='lastfm', batch_size=200, model_name='JODIE', gpu=0, num_neighbors=10, sample_neighbor_strategy='uniform', time_scaling_factor=1e-06, num_walk_heads=8, num_heads=2, num_layers=1, walk_length=1, time_gap=2000, time_feat_dim=100, position_feat_dim=172, time_window_mode='fixed_proportion', time_encoder_type='time2vec', expert_dim=128, num_mixtures=16, sort_neighbors_by_time=False, patch_size=1, channel_embedding_dim=50, max_input_sequence_length=32, learning_rate=0.0001, dropout=0.3, gamma=0.5, num_epochs=2, optimizer='Adam', weight_decay=0.0, patience=20, val_ratio=0.15, test_ratio=0.15, num_runs=2, test_interval_epochs=100, negative_sample_strategy='random', max_interaction_times=10, load_best_configs=True, data_ratio=0.05, seed=1, save_model_name_suffix='', ablation_dir='', mamba_d_state=256, mamba_d_conv=4, mamba_expand=2, mamba_headdim=64, resume_from_checkpoint=None, save_checkpoints=True, checkpoint_interval=20, start_from_seed=0, max_checkpoints_to_keep=3, checkpoint_strategy='minimal', validate_checkpoints=True, device='cuda:0', save_model_name='JODIE_time2vec_seed1')
2025-10-08 10:09:33,589 - root - INFO - Metrics will be saved to: ./saved_metrics/JODIE/lastfm/JODIE_time2vec_seed1
2025-10-08 10:09:33,589 - root - INFO - time encoder type: time2vec
2025-10-08 10:09:33,589 - root - INFO - Time encoder will be injected into JODIE model
2025-10-08 10:09:34,026 - root - INFO - model -> Sequential(
  (0): MemoryModel(
    (time_encoder): TimeEncoder(
      (w): Linear(in_features=1, out_features=100, bias=True)
    )
    (message_aggregator): MessageAggregator()
    (memory_bank): MemoryBank(num_nodes=1981, memory_dim=172)
    (memory_updater): RNNMemoryUpdater(
      (memory_bank): MemoryBank(num_nodes=1981, memory_dim=172)
      (memory_updater): RNNCell(616, 172)
    )
    (embedding_module): TimeProjectionEmbedding(
      (dropout): Dropout(p=0.3, inplace=False)
      (linear_layer): Linear(in_features=1, out_features=172, bias=True)
    )
  )
  (1): MergeLayer(
    (fc1): Linear(in_features=344, out_features=172, bias=True)
    (fc2): Linear(in_features=172, out_features=1, bias=True)
    (act): ReLU()
  )
)
2025-10-08 10:09:34,026 - root - INFO - model name: JODIE, #parameters: 783748 B, 765.37890625 KB, 0.7474403381347656 MB.
2025-10-08 10:09:37,557 - root - INFO - Epoch: 1, learning rate: 0.0001, train loss: 0.6269
2025-10-08 10:09:37,558 - root - INFO - train average_precision, 0.6850
2025-10-08 10:09:37,558 - root - INFO - train roc_auc, 0.7126
2025-10-08 10:09:37,558 - root - INFO - validate loss: 0.6309
2025-10-08 10:09:37,558 - root - INFO - validate average_precision, 0.6834
2025-10-08 10:09:37,558 - root - INFO - validate roc_auc, 0.7009
2025-10-08 10:09:37,558 - root - INFO - new node validate loss: 0.6897
2025-10-08 10:09:37,558 - root - INFO - new node validate average_precision, 0.5932
2025-10-08 10:09:37,558 - root - INFO - new node validate roc_auc, 0.6094
2025-10-08 10:09:37,568 - root - INFO - save model ./saved_models/JODIE/lastfm/JODIE_time2vec_seed1/JODIE_time2vec_seed1.pkl
2025-10-08 10:09:41,281 - root - INFO - Epoch: 2, learning rate: 0.0001, train loss: 0.5962
2025-10-08 10:09:41,281 - root - INFO - train average_precision, 0.7194
2025-10-08 10:09:41,281 - root - INFO - train roc_auc, 0.7464
2025-10-08 10:09:41,281 - root - INFO - validate loss: 0.6583
2025-10-08 10:09:41,281 - root - INFO - validate average_precision, 0.6880
2025-10-08 10:09:41,281 - root - INFO - validate roc_auc, 0.7062
2025-10-08 10:09:41,281 - root - INFO - new node validate loss: 0.6859
2025-10-08 10:09:41,281 - root - INFO - new node validate average_precision, 0.5978
2025-10-08 10:09:41,281 - root - INFO - new node validate roc_auc, 0.6122
2025-10-08 10:09:41,286 - root - INFO - save model ./saved_models/JODIE/lastfm/JODIE_time2vec_seed1/JODIE_time2vec_seed1.pkl
2025-10-08 10:09:41,437 - root - INFO - load model ./saved_models/JODIE/lastfm/JODIE_time2vec_seed1/JODIE_time2vec_seed1.pkl
2025-10-08 10:09:41,588 - root - INFO - get final performance on dataset lastfm...
2025-10-08 10:09:42,277 - root - INFO - test loss: 0.6780
2025-10-08 10:09:42,277 - root - INFO - test average_precision, 0.6600
2025-10-08 10:09:42,277 - root - INFO - test roc_auc, 0.6832
2025-10-08 10:09:42,277 - root - INFO - new node test loss: 0.6737
2025-10-08 10:09:42,277 - root - INFO - new node test average_precision, 0.6207
2025-10-08 10:09:42,277 - root - INFO - new node test roc_auc, 0.6367
2025-10-08 10:09:42,284 - root - INFO - ✅ Metrics saved to: ./saved_metrics/JODIE/lastfm/JODIE_time2vec_seed1
2025-10-08 10:09:42,285 - root - INFO - Run 2 cost 8.70 seconds.
2025-10-08 10:09:42,287 - root - INFO - metrics over 2 runs:
2025-10-08 10:09:42,287 - root - INFO - test average_precision, [np.float64(0.6599246740082676), np.float64(0.6599969244061347)]
2025-10-08 10:09:42,288 - root - INFO - average test average_precision, 0.6600 ± 0.0001
2025-10-08 10:09:42,288 - root - INFO - test roc_auc, [np.float64(0.6820472306553476), np.float64(0.6831523790262968)]
2025-10-08 10:09:42,288 - root - INFO - average test roc_auc, 0.6826 ± 0.0008
2025-10-08 10:09:42,288 - root - INFO - new node test average_precision, [np.float64(0.6375154227539757), np.float64(0.62073073911296)]
2025-10-08 10:09:42,288 - root - INFO - average new node test average_precision, 0.6291 ± 0.0119
2025-10-08 10:09:42,288 - root - INFO - new node test roc_auc, [np.float64(0.64939698842155), np.float64(0.6367090158317581)]
2025-10-08 10:09:42,288 - root - INFO - average new node test roc_auc, 0.6431 ± 0.0090
