2025-10-08 10:49:17,161 - root - INFO - ********** Run 2 starts. **********
2025-10-08 10:49:17,161 - root - INFO - configuration is Namespace(dataset_name='Contacts', batch_size=200, model_name='DyGFormer', gpu=0, num_neighbors=20, sample_neighbor_strategy='uniform', time_scaling_factor=1e-06, num_walk_heads=8, num_heads=2, num_layers=2, walk_length=1, time_gap=2000, time_feat_dim=100, position_feat_dim=172, time_window_mode='fixed_proportion', time_encoder_type='time2vec', expert_dim=128, num_mixtures=16, sort_neighbors_by_time=False, patch_size=1, channel_embedding_dim=50, max_input_sequence_length=32, learning_rate=0.0001, dropout=0.0, gamma=0.5, num_epochs=2, optimizer='Adam', weight_decay=0.0, patience=20, val_ratio=0.15, test_ratio=0.15, num_runs=2, test_interval_epochs=100, negative_sample_strategy='random', max_interaction_times=10, load_best_configs=True, data_ratio=0.05, seed=1, save_model_name_suffix='', ablation_dir='', mamba_d_state=256, mamba_d_conv=4, mamba_expand=2, mamba_headdim=64, resume_from_checkpoint=None, save_checkpoints=True, checkpoint_interval=20, start_from_seed=0, max_checkpoints_to_keep=3, checkpoint_strategy='minimal', validate_checkpoints=True, device='cuda:0', save_model_name='DyGFormer_time2vec_seed1')
2025-10-08 10:49:17,163 - root - INFO - Metrics will be saved to: ./saved_metrics/DyGFormer/Contacts/DyGFormer_time2vec_seed1
2025-10-08 10:49:17,163 - root - INFO - time encoder type: time2vec
2025-10-08 10:49:17,163 - root - INFO - Time encoder will be injected into DyGFormer model
2025-10-08 10:49:17,901 - root - INFO - model -> Sequential(
  (0): DyGFormer(
    (time_encoder): TimeEncoderWrapper(
      (encoder): Time2VecEncoder(
        (time2vec_layer): SineActivation()
      )
    )
    (neighbor_co_occurrence_encoder): NeighborCooccurrenceEncoder(
      (neighbor_co_occurrence_encode_layer): Sequential(
        (0): Linear(in_features=1, out_features=50, bias=True)
        (1): ReLU()
        (2): Linear(in_features=50, out_features=50, bias=True)
      )
    )
    (projection_layer): ModuleDict(
      (node): Linear(in_features=172, out_features=50, bias=True)
      (edge): Linear(in_features=172, out_features=50, bias=True)
      (time): Linear(in_features=100, out_features=50, bias=True)
      (neighbor_co_occurrence): Linear(in_features=50, out_features=50, bias=True)
    )
    (transformers): ModuleList(
      (0-1): 2 x TransformerEncoder(
        (multi_head_attention): MultiheadAttention(
          (out_proj): NonDynamicallyQuantizableLinear(in_features=200, out_features=200, bias=True)
        )
        (dropout): Dropout(p=0.0, inplace=False)
        (linear_layers): ModuleList(
          (0): Linear(in_features=200, out_features=800, bias=True)
          (1): Linear(in_features=800, out_features=200, bias=True)
        )
        (norm_layers): ModuleList(
          (0-1): 2 x LayerNorm((200,), eps=1e-05, elementwise_affine=True)
        )
      )
    )
    (output_layer): Linear(in_features=200, out_features=172, bias=True)
  )
  (1): MergeLayer(
    (fc1): Linear(in_features=344, out_features=172, bias=True)
    (fc2): Linear(in_features=172, out_features=1, bias=True)
    (act): ReLU()
  )
)
2025-10-08 10:49:17,901 - root - INFO - model name: DyGFormer, #parameters: 4348140 B, 4246.23046875 KB, 4.146709442138672 MB.
2025-10-08 10:50:20,616 - root - INFO - Epoch: 1, learning rate: 0.0001, train loss: 0.5627
2025-10-08 10:50:20,617 - root - INFO - train average_precision, 0.9102
2025-10-08 10:50:20,617 - root - INFO - train roc_auc, 0.9278
2025-10-08 10:50:20,617 - root - INFO - validate loss: 0.2425
2025-10-08 10:50:20,617 - root - INFO - validate average_precision, 0.9601
2025-10-08 10:50:20,617 - root - INFO - validate roc_auc, 0.9634
2025-10-08 10:50:20,617 - root - INFO - new node validate loss: 0.2900
2025-10-08 10:50:20,617 - root - INFO - new node validate average_precision, 0.9310
2025-10-08 10:50:20,617 - root - INFO - new node validate roc_auc, 0.9388
2025-10-08 10:50:20,627 - root - INFO - save model ./saved_models/DyGFormer/Contacts/DyGFormer_time2vec_seed1/DyGFormer_time2vec_seed1.pkl
2025-10-08 10:51:23,080 - root - INFO - Epoch: 2, learning rate: 0.0001, train loss: 0.3290
2025-10-08 10:51:23,080 - root - INFO - train average_precision, 0.9411
2025-10-08 10:51:23,080 - root - INFO - train roc_auc, 0.9511
2025-10-08 10:51:23,080 - root - INFO - validate loss: 0.2340
2025-10-08 10:51:23,081 - root - INFO - validate average_precision, 0.9560
2025-10-08 10:51:23,081 - root - INFO - validate roc_auc, 0.9628
2025-10-08 10:51:23,081 - root - INFO - new node validate loss: 0.2821
2025-10-08 10:51:23,081 - root - INFO - new node validate average_precision, 0.9330
2025-10-08 10:51:23,081 - root - INFO - new node validate roc_auc, 0.9407
2025-10-08 10:51:23,089 - root - INFO - load model ./saved_models/DyGFormer/Contacts/DyGFormer_time2vec_seed1/DyGFormer_time2vec_seed1.pkl
2025-10-08 10:51:23,109 - root - INFO - get final performance on dataset Contacts...
2025-10-08 10:51:48,716 - root - INFO - validate loss: 0.2425
2025-10-08 10:51:48,717 - root - INFO - validate average_precision, 0.9601
2025-10-08 10:51:48,717 - root - INFO - validate roc_auc, 0.9634
2025-10-08 10:51:48,717 - root - INFO - new node validate loss: 0.2900
2025-10-08 10:51:48,717 - root - INFO - new node validate average_precision, 0.9310
2025-10-08 10:51:48,717 - root - INFO - new node validate roc_auc, 0.9388
2025-10-08 10:51:48,717 - root - INFO - test loss: 0.2617
2025-10-08 10:51:48,717 - root - INFO - test average_precision, 0.9694
2025-10-08 10:51:48,717 - root - INFO - test roc_auc, 0.9676
2025-10-08 10:51:48,717 - root - INFO - new node test loss: 0.3011
2025-10-08 10:51:48,717 - root - INFO - new node test average_precision, 0.9524
2025-10-08 10:51:48,717 - root - INFO - new node test roc_auc, 0.9510
2025-10-08 10:51:48,726 - root - INFO - ✅ Metrics saved to: ./saved_metrics/DyGFormer/Contacts/DyGFormer_time2vec_seed1
2025-10-08 10:51:48,726 - root - INFO - Run 2 cost 151.57 seconds.
2025-10-08 10:51:48,730 - root - INFO - metrics over 2 runs:
2025-10-08 10:51:48,730 - root - INFO - validate average_precision, [np.float64(0.9485078040249849), np.float64(0.9600767154676267)]
2025-10-08 10:51:48,730 - root - INFO - average validate average_precision, 0.9543 ± 0.0082
2025-10-08 10:51:48,730 - root - INFO - validate roc_auc, [np.float64(0.9598587590433733), np.float64(0.9634199043816302)]
2025-10-08 10:51:48,731 - root - INFO - average validate roc_auc, 0.9616 ± 0.0025
2025-10-08 10:51:48,731 - root - INFO - new node validate average_precision, [np.float64(0.9191451534426304), np.float64(0.93102946767762)]
2025-10-08 10:51:48,731 - root - INFO - average new node validate average_precision, 0.9251 ± 0.0084
2025-10-08 10:51:48,731 - root - INFO - new node validate roc_auc, [np.float64(0.932677380952381), np.float64(0.9388247691933916)]
2025-10-08 10:51:48,731 - root - INFO - average new node validate roc_auc, 0.9358 ± 0.0043
2025-10-08 10:51:48,731 - root - INFO - test average_precision, [np.float64(0.9434742369061666), np.float64(0.9693503824593571)]
2025-10-08 10:51:48,731 - root - INFO - average test average_precision, 0.9564 ± 0.0183
2025-10-08 10:51:48,731 - root - INFO - test roc_auc, [np.float64(0.954128212919123), np.float64(0.9676147286260529)]
2025-10-08 10:51:48,731 - root - INFO - average test roc_auc, 0.9609 ± 0.0095
2025-10-08 10:51:48,731 - root - INFO - new node test average_precision, [np.float64(0.9357066820537552), np.float64(0.9523501562743921)]
2025-10-08 10:51:48,732 - root - INFO - average new node test average_precision, 0.9440 ± 0.0118
2025-10-08 10:51:48,732 - root - INFO - new node test roc_auc, [np.float64(0.9409630708907494), np.float64(0.9509541182142373)]
2025-10-08 10:51:48,732 - root - INFO - average new node test roc_auc, 0.9460 ± 0.0071
