2025-10-02 14:41:02,721 - root - INFO - ********** Run 2 starts. **********
2025-10-02 14:41:02,721 - root - INFO - configuration is Namespace(dataset_name='lastfm', batch_size=200, model_name='JODIE', gpu=0, num_neighbors=10, sample_neighbor_strategy='uniform', time_scaling_factor=1e-06, num_walk_heads=8, num_heads=2, num_layers=1, walk_length=1, time_gap=2000, time_feat_dim=128, position_feat_dim=172, time_window_mode='fixed_proportion', time_encoder_type='mercer', expert_dim=64, num_mixtures=4, patch_size=1, channel_embedding_dim=50, max_input_sequence_length=32, learning_rate=0.0001, dropout=0.3, gamma=0.5, num_epochs=100, optimizer='Adam', weight_decay=0.0, patience=20, val_ratio=0.15, test_ratio=0.15, num_runs=5, test_interval_epochs=1, negative_sample_strategy='random', max_interaction_times=10, load_best_configs=True, device='cuda:0', seed=1, save_model_name='JODIE_mercer_seed1')
2025-10-02 14:41:02,722 - root - INFO - time encoder type: mercer
2025-10-02 14:41:03,819 - root - INFO - model -> Sequential(
  (0): MemoryModel(
    (time_encoder): TimeEncoder(
      (w): Linear(in_features=1, out_features=128, bias=True)
    )
    (message_aggregator): MessageAggregator()
    (memory_bank): MemoryBank(num_nodes=1981, memory_dim=172)
    (memory_updater): RNNMemoryUpdater(
      (memory_bank): MemoryBank(num_nodes=1981, memory_dim=172)
      (memory_updater): RNNCell(644, 172)
    )
    (embedding_module): TimeProjectionEmbedding(
      (dropout): Dropout(p=0.3, inplace=False)
      (linear_layer): Linear(in_features=1, out_features=172, bias=True)
    )
  )
  (1): MergeLayer(
    (fc1): Linear(in_features=344, out_features=172, bias=True)
    (fc2): Linear(in_features=172, out_features=1, bias=True)
    (act): ReLU()
  )
)
2025-10-02 14:41:03,819 - root - INFO - model name: JODIE, #parameters: 803236 B, 784.41015625 KB, 0.7660255432128906 MB.
2025-10-02 14:42:22,871 - root - INFO - Epoch: 1, learning rate: 0.0001, train loss: 0.6086
2025-10-02 14:42:22,872 - root - INFO - train average_precision, 0.6992
2025-10-02 14:42:22,873 - root - INFO - train roc_auc, 0.7083
2025-10-02 14:42:22,873 - root - INFO - validate loss: 0.7790
2025-10-02 14:42:22,873 - root - INFO - validate average_precision, 0.6537
2025-10-02 14:42:22,873 - root - INFO - validate roc_auc, 0.6507
2025-10-02 14:42:22,873 - root - INFO - new node validate loss: 0.6025
2025-10-02 14:42:22,873 - root - INFO - new node validate average_precision, 0.8054
2025-10-02 14:42:22,873 - root - INFO - new node validate roc_auc, 0.7966
2025-10-02 14:42:39,172 - root - INFO - test loss: 0.8101
2025-10-02 14:42:39,172 - root - INFO - test average_precision, 0.6838
2025-10-02 14:42:39,172 - root - INFO - best test average_precision: 0.6838
2025-10-02 14:42:39,173 - root - INFO - test roc_auc, 0.6849
2025-10-02 14:42:39,173 - root - INFO - new node test loss: 0.6466
2025-10-02 14:42:39,173 - root - INFO - new node test average_precision, 0.8117
2025-10-02 14:42:39,173 - root - INFO - new node test roc_auc, 0.8073
2025-10-02 14:42:39,173 - root - INFO - save model ./saved_models/JODIE/lastfm/JODIE_mercer_seed1/JODIE_mercer_seed1.pkl
2025-10-02 14:43:58,844 - root - INFO - Epoch: 2, learning rate: 0.0001, train loss: 0.5803
2025-10-02 14:43:58,845 - root - INFO - train average_precision, 0.7397
2025-10-02 14:43:58,846 - root - INFO - train roc_auc, 0.7436
2025-10-02 14:43:58,846 - root - INFO - validate loss: 0.8543
2025-10-02 14:43:58,846 - root - INFO - validate average_precision, 0.6733
2025-10-02 14:43:58,846 - root - INFO - validate roc_auc, 0.6616
2025-10-02 14:43:58,846 - root - INFO - new node validate loss: 0.5825
2025-10-02 14:43:58,846 - root - INFO - new node validate average_precision, 0.8155
2025-10-02 14:43:58,846 - root - INFO - new node validate roc_auc, 0.8039
2025-10-02 14:44:14,854 - root - INFO - test loss: 0.9146
2025-10-02 14:44:14,854 - root - INFO - test average_precision, 0.7191
2025-10-02 14:44:14,854 - root - INFO - best test average_precision: 0.7191
2025-10-02 14:44:14,855 - root - INFO - test roc_auc, 0.7070
2025-10-02 14:44:14,855 - root - INFO - new node test loss: 0.6569
2025-10-02 14:44:14,855 - root - INFO - new node test average_precision, 0.8301
2025-10-02 14:44:14,855 - root - INFO - new node test roc_auc, 0.8194
2025-10-02 14:44:14,855 - root - INFO - save model ./saved_models/JODIE/lastfm/JODIE_mercer_seed1/JODIE_mercer_seed1.pkl
2025-10-02 14:45:34,541 - root - INFO - Epoch: 3, learning rate: 0.0001, train loss: 0.5665
2025-10-02 14:45:34,542 - root - INFO - train average_precision, 0.7575
2025-10-02 14:45:34,542 - root - INFO - train roc_auc, 0.7599
2025-10-02 14:45:34,542 - root - INFO - validate loss: 1.4970
2025-10-02 14:45:34,542 - root - INFO - validate average_precision, 0.5937
2025-10-02 14:45:34,542 - root - INFO - validate roc_auc, 0.6111
2025-10-02 14:45:34,542 - root - INFO - new node validate loss: 0.6563
2025-10-02 14:45:34,543 - root - INFO - new node validate average_precision, 0.8165
2025-10-02 14:45:34,543 - root - INFO - new node validate roc_auc, 0.8069
2025-10-02 14:45:50,807 - root - INFO - test loss: 1.8084
2025-10-02 14:45:50,807 - root - INFO - test average_precision, 0.5646
2025-10-02 14:45:50,807 - root - INFO - best test average_precision: 0.7191
2025-10-02 14:45:50,808 - root - INFO - test roc_auc, 0.5990
2025-10-02 14:45:50,808 - root - INFO - new node test loss: 1.7747
2025-10-02 14:45:50,808 - root - INFO - new node test average_precision, 0.5706
2025-10-02 14:45:50,808 - root - INFO - new node test roc_auc, 0.6307
2025-10-02 14:47:09,931 - root - INFO - Epoch: 4, learning rate: 0.0001, train loss: 0.5605
2025-10-02 14:47:09,932 - root - INFO - train average_precision, 0.7639
2025-10-02 14:47:09,933 - root - INFO - train roc_auc, 0.7656
2025-10-02 14:47:09,933 - root - INFO - validate loss: 1.0235
2025-10-02 14:47:09,933 - root - INFO - validate average_precision, 0.6612
2025-10-02 14:47:09,933 - root - INFO - validate roc_auc, 0.6523
2025-10-02 14:47:09,933 - root - INFO - new node validate loss: 0.6190
2025-10-02 14:47:09,933 - root - INFO - new node validate average_precision, 0.8113
2025-10-02 14:47:09,933 - root - INFO - new node validate roc_auc, 0.7997
2025-10-02 14:47:26,042 - root - INFO - test loss: 1.0920
2025-10-02 14:47:26,043 - root - INFO - test average_precision, 0.7014
2025-10-02 14:47:26,043 - root - INFO - best test average_precision: 0.7191
2025-10-02 14:47:26,043 - root - INFO - test roc_auc, 0.6907
2025-10-02 14:47:26,043 - root - INFO - new node test loss: 0.7877
2025-10-02 14:47:26,043 - root - INFO - new node test average_precision, 0.8203
2025-10-02 14:47:26,043 - root - INFO - new node test roc_auc, 0.8084
2025-10-02 14:48:45,140 - root - INFO - Epoch: 5, learning rate: 0.0001, train loss: 0.5543
2025-10-02 14:48:45,141 - root - INFO - train average_precision, 0.7731
2025-10-02 14:48:45,142 - root - INFO - train roc_auc, 0.7741
2025-10-02 14:48:45,142 - root - INFO - validate loss: 1.2147
2025-10-02 14:48:45,142 - root - INFO - validate average_precision, 0.6652
2025-10-02 14:48:45,142 - root - INFO - validate roc_auc, 0.6586
2025-10-02 14:48:45,142 - root - INFO - new node validate loss: 0.5784
2025-10-02 14:48:45,142 - root - INFO - new node validate average_precision, 0.8285
2025-10-02 14:48:45,143 - root - INFO - new node validate roc_auc, 0.8188
2025-10-02 14:49:01,187 - root - INFO - test loss: 1.3689
2025-10-02 14:49:01,187 - root - INFO - test average_precision, 0.6948
2025-10-02 14:49:01,187 - root - INFO - best test average_precision: 0.7191
2025-10-02 14:49:01,188 - root - INFO - test roc_auc, 0.6901
2025-10-02 14:49:01,188 - root - INFO - new node test loss: 0.8397
2025-10-02 14:49:01,188 - root - INFO - new node test average_precision, 0.8186
2025-10-02 14:49:01,188 - root - INFO - new node test roc_auc, 0.8121
2025-10-02 14:50:20,367 - root - INFO - Epoch: 6, learning rate: 0.0001, train loss: 0.5518
2025-10-02 14:50:20,368 - root - INFO - train average_precision, 0.7749
2025-10-02 14:50:20,369 - root - INFO - train roc_auc, 0.7766
2025-10-02 14:50:20,369 - root - INFO - validate loss: 1.3164
2025-10-02 14:50:20,369 - root - INFO - validate average_precision, 0.6651
2025-10-02 14:50:20,369 - root - INFO - validate roc_auc, 0.6583
2025-10-02 14:50:20,369 - root - INFO - new node validate loss: 0.6697
2025-10-02 14:50:20,369 - root - INFO - new node validate average_precision, 0.8145
2025-10-02 14:50:20,369 - root - INFO - new node validate roc_auc, 0.8028
2025-10-02 14:50:36,509 - root - INFO - test loss: 1.4984
2025-10-02 14:50:36,509 - root - INFO - test average_precision, 0.6937
2025-10-02 14:50:36,510 - root - INFO - best test average_precision: 0.7191
2025-10-02 14:50:36,510 - root - INFO - test roc_auc, 0.6882
2025-10-02 14:50:36,510 - root - INFO - new node test loss: 0.9549
2025-10-02 14:50:36,510 - root - INFO - new node test average_precision, 0.8108
2025-10-02 14:50:36,510 - root - INFO - new node test roc_auc, 0.8019
2025-10-02 14:51:55,802 - root - INFO - Epoch: 7, learning rate: 0.0001, train loss: 0.5439
2025-10-02 14:51:55,803 - root - INFO - train average_precision, 0.7835
2025-10-02 14:51:55,804 - root - INFO - train roc_auc, 0.7849
2025-10-02 14:51:55,804 - root - INFO - validate loss: 1.6020
2025-10-02 14:51:55,804 - root - INFO - validate average_precision, 0.6474
2025-10-02 14:51:55,804 - root - INFO - validate roc_auc, 0.6556
2025-10-02 14:51:55,804 - root - INFO - new node validate loss: 0.6397
2025-10-02 14:51:55,804 - root - INFO - new node validate average_precision, 0.8281
2025-10-02 14:51:55,804 - root - INFO - new node validate roc_auc, 0.8186
2025-10-02 14:52:11,746 - root - INFO - test loss: 1.8465
2025-10-02 14:52:11,746 - root - INFO - test average_precision, 0.6651
2025-10-02 14:52:11,747 - root - INFO - best test average_precision: 0.7191
2025-10-02 14:52:11,747 - root - INFO - test roc_auc, 0.6802
2025-10-02 14:52:11,747 - root - INFO - new node test loss: 1.2343
2025-10-02 14:52:11,747 - root - INFO - new node test average_precision, 0.8007
2025-10-02 14:52:11,747 - root - INFO - new node test roc_auc, 0.7991
2025-10-02 14:53:31,013 - root - INFO - Epoch: 8, learning rate: 0.0001, train loss: 0.5510
2025-10-02 14:53:31,014 - root - INFO - train average_precision, 0.7758
2025-10-02 14:53:31,015 - root - INFO - train roc_auc, 0.7778
2025-10-02 14:53:31,015 - root - INFO - validate loss: 1.3990
2025-10-02 14:53:31,015 - root - INFO - validate average_precision, 0.6461
2025-10-02 14:53:31,015 - root - INFO - validate roc_auc, 0.6549
2025-10-02 14:53:31,015 - root - INFO - new node validate loss: 0.6809
2025-10-02 14:53:31,015 - root - INFO - new node validate average_precision, 0.8128
2025-10-02 14:53:31,016 - root - INFO - new node validate roc_auc, 0.8060
2025-10-02 14:53:47,267 - root - INFO - test loss: 1.5502
2025-10-02 14:53:47,267 - root - INFO - test average_precision, 0.6523
2025-10-02 14:53:47,268 - root - INFO - best test average_precision: 0.7191
2025-10-02 14:53:47,268 - root - INFO - test roc_auc, 0.6755
2025-10-02 14:53:47,268 - root - INFO - new node test loss: 1.2315
2025-10-02 14:53:47,268 - root - INFO - new node test average_precision, 0.7507
2025-10-02 14:53:47,268 - root - INFO - new node test roc_auc, 0.7862
2025-10-02 14:55:06,385 - root - INFO - Epoch: 9, learning rate: 0.0001, train loss: 0.5368
2025-10-02 14:55:06,386 - root - INFO - train average_precision, 0.7910
2025-10-02 14:55:06,386 - root - INFO - train roc_auc, 0.7924
2025-10-02 14:55:06,386 - root - INFO - validate loss: 1.4839
2025-10-02 14:55:06,387 - root - INFO - validate average_precision, 0.6513
2025-10-02 14:55:06,387 - root - INFO - validate roc_auc, 0.6568
2025-10-02 14:55:06,387 - root - INFO - new node validate loss: 0.7974
2025-10-02 14:55:06,387 - root - INFO - new node validate average_precision, 0.8016
2025-10-02 14:55:06,387 - root - INFO - new node validate roc_auc, 0.7848
2025-10-02 14:55:22,482 - root - INFO - test loss: 1.8635
2025-10-02 14:55:22,482 - root - INFO - test average_precision, 0.6604
2025-10-02 14:55:22,482 - root - INFO - best test average_precision: 0.7191
2025-10-02 14:55:22,482 - root - INFO - test roc_auc, 0.6809
2025-10-02 14:55:22,482 - root - INFO - new node test loss: 1.3940
2025-10-02 14:55:22,482 - root - INFO - new node test average_precision, 0.7923
2025-10-02 14:55:22,483 - root - INFO - new node test roc_auc, 0.7938
2025-10-02 14:56:41,698 - root - INFO - Epoch: 10, learning rate: 0.0001, train loss: 0.5412
2025-10-02 14:56:41,699 - root - INFO - train average_precision, 0.7859
2025-10-02 14:56:41,700 - root - INFO - train roc_auc, 0.7877
2025-10-02 14:56:41,700 - root - INFO - validate loss: 2.0451
2025-10-02 14:56:41,700 - root - INFO - validate average_precision, 0.6179
2025-10-02 14:56:41,700 - root - INFO - validate roc_auc, 0.6319
2025-10-02 14:56:41,700 - root - INFO - new node validate loss: 0.6833
2025-10-02 14:56:41,700 - root - INFO - new node validate average_precision, 0.8164
2025-10-02 14:56:41,700 - root - INFO - new node validate roc_auc, 0.8027
2025-10-02 14:56:57,644 - root - INFO - test loss: 2.6065
2025-10-02 14:56:57,645 - root - INFO - test average_precision, 0.5875
2025-10-02 14:56:57,645 - root - INFO - best test average_precision: 0.7191
2025-10-02 14:56:57,645 - root - INFO - test roc_auc, 0.6213
2025-10-02 14:56:57,645 - root - INFO - new node test loss: 2.2996
2025-10-02 14:56:57,645 - root - INFO - new node test average_precision, 0.7154
2025-10-02 14:56:57,645 - root - INFO - new node test roc_auc, 0.7525
2025-10-02 14:58:16,940 - root - INFO - Epoch: 11, learning rate: 0.0001, train loss: 0.5364
2025-10-02 14:58:16,940 - root - INFO - train average_precision, 0.7909
2025-10-02 14:58:16,941 - root - INFO - train roc_auc, 0.7928
2025-10-02 14:58:16,941 - root - INFO - validate loss: 1.6566
2025-10-02 14:58:16,941 - root - INFO - validate average_precision, 0.6615
2025-10-02 14:58:16,941 - root - INFO - validate roc_auc, 0.6535
2025-10-02 14:58:16,941 - root - INFO - new node validate loss: 0.6240
2025-10-02 14:58:16,942 - root - INFO - new node validate average_precision, 0.8132
2025-10-02 14:58:16,942 - root - INFO - new node validate roc_auc, 0.8020
2025-10-02 14:58:33,069 - root - INFO - test loss: 2.0432
2025-10-02 14:58:33,069 - root - INFO - test average_precision, 0.6855
2025-10-02 14:58:33,069 - root - INFO - best test average_precision: 0.7191
2025-10-02 14:58:33,069 - root - INFO - test roc_auc, 0.6788
2025-10-02 14:58:33,069 - root - INFO - new node test loss: 1.5174
2025-10-02 14:58:33,069 - root - INFO - new node test average_precision, 0.8075
2025-10-02 14:58:33,070 - root - INFO - new node test roc_auc, 0.7945
2025-10-02 14:59:52,246 - root - INFO - Epoch: 12, learning rate: 0.0001, train loss: 0.5450
2025-10-02 14:59:52,247 - root - INFO - train average_precision, 0.7821
2025-10-02 14:59:52,247 - root - INFO - train roc_auc, 0.7834
2025-10-02 14:59:52,247 - root - INFO - validate loss: 1.3100
2025-10-02 14:59:52,247 - root - INFO - validate average_precision, 0.6657
2025-10-02 14:59:52,247 - root - INFO - validate roc_auc, 0.6601
2025-10-02 14:59:52,247 - root - INFO - new node validate loss: 0.6618
2025-10-02 14:59:52,248 - root - INFO - new node validate average_precision, 0.8077
2025-10-02 14:59:52,248 - root - INFO - new node validate roc_auc, 0.7940
2025-10-02 15:00:08,396 - root - INFO - test loss: 1.5033
2025-10-02 15:00:08,396 - root - INFO - test average_precision, 0.6978
2025-10-02 15:00:08,396 - root - INFO - best test average_precision: 0.7191
2025-10-02 15:00:08,396 - root - INFO - test roc_auc, 0.6922
2025-10-02 15:00:08,396 - root - INFO - new node test loss: 1.0900
2025-10-02 15:00:08,397 - root - INFO - new node test average_precision, 0.8149
2025-10-02 15:00:08,397 - root - INFO - new node test roc_auc, 0.8063
2025-10-02 15:01:27,683 - root - INFO - Epoch: 13, learning rate: 0.0001, train loss: 0.5288
2025-10-02 15:01:27,684 - root - INFO - train average_precision, 0.7988
2025-10-02 15:01:27,685 - root - INFO - train roc_auc, 0.8001
2025-10-02 15:01:27,685 - root - INFO - validate loss: 1.3490
2025-10-02 15:01:27,685 - root - INFO - validate average_precision, 0.6606
2025-10-02 15:01:27,685 - root - INFO - validate roc_auc, 0.6650
2025-10-02 15:01:27,685 - root - INFO - new node validate loss: 0.5702
2025-10-02 15:01:27,686 - root - INFO - new node validate average_precision, 0.8246
2025-10-02 15:01:27,686 - root - INFO - new node validate roc_auc, 0.8137
2025-10-02 15:01:43,615 - root - INFO - test loss: 1.6995
2025-10-02 15:01:43,615 - root - INFO - test average_precision, 0.6507
2025-10-02 15:01:43,615 - root - INFO - best test average_precision: 0.7191
2025-10-02 15:01:43,616 - root - INFO - test roc_auc, 0.6771
2025-10-02 15:01:43,616 - root - INFO - new node test loss: 1.0997
2025-10-02 15:01:43,616 - root - INFO - new node test average_precision, 0.8056
2025-10-02 15:01:43,616 - root - INFO - new node test roc_auc, 0.8083
2025-10-02 15:03:02,669 - root - INFO - Epoch: 14, learning rate: 0.0001, train loss: 0.5310
2025-10-02 15:03:02,670 - root - INFO - train average_precision, 0.7967
2025-10-02 15:03:02,670 - root - INFO - train roc_auc, 0.7975
2025-10-02 15:03:02,670 - root - INFO - validate loss: 1.0899
2025-10-02 15:03:02,671 - root - INFO - validate average_precision, 0.6893
2025-10-02 15:03:02,671 - root - INFO - validate roc_auc, 0.6823
2025-10-02 15:03:02,671 - root - INFO - new node validate loss: 0.5824
2025-10-02 15:03:02,671 - root - INFO - new node validate average_precision, 0.8241
2025-10-02 15:03:02,671 - root - INFO - new node validate roc_auc, 0.8102
2025-10-02 15:03:18,738 - root - INFO - test loss: 1.7970
2025-10-02 15:03:18,738 - root - INFO - test average_precision, 0.6733
2025-10-02 15:03:18,738 - root - INFO - best test average_precision: 0.7191
2025-10-02 15:03:18,739 - root - INFO - test roc_auc, 0.6838
2025-10-02 15:03:18,739 - root - INFO - new node test loss: 1.1391
2025-10-02 15:03:18,739 - root - INFO - new node test average_precision, 0.8130
2025-10-02 15:03:18,739 - root - INFO - new node test roc_auc, 0.8063
2025-10-02 15:03:18,739 - root - INFO - save model ./saved_models/JODIE/lastfm/JODIE_mercer_seed1/JODIE_mercer_seed1.pkl
2025-10-02 15:04:38,119 - root - INFO - Epoch: 15, learning rate: 0.0001, train loss: 0.5352
2025-10-02 15:04:38,120 - root - INFO - train average_precision, 0.7930
2025-10-02 15:04:38,120 - root - INFO - train roc_auc, 0.7933
2025-10-02 15:04:38,120 - root - INFO - validate loss: 1.0114
2025-10-02 15:04:38,121 - root - INFO - validate average_precision, 0.6800
2025-10-02 15:04:38,121 - root - INFO - validate roc_auc, 0.6714
2025-10-02 15:04:38,121 - root - INFO - new node validate loss: 0.6400
2025-10-02 15:04:38,121 - root - INFO - new node validate average_precision, 0.8120
2025-10-02 15:04:38,121 - root - INFO - new node validate roc_auc, 0.8015
2025-10-02 15:04:54,319 - root - INFO - test loss: 1.1745
2025-10-02 15:04:54,319 - root - INFO - test average_precision, 0.6972
2025-10-02 15:04:54,319 - root - INFO - best test average_precision: 0.7191
2025-10-02 15:04:54,320 - root - INFO - test roc_auc, 0.6895
2025-10-02 15:04:54,320 - root - INFO - new node test loss: 0.8283
2025-10-02 15:04:54,320 - root - INFO - new node test average_precision, 0.8119
2025-10-02 15:04:54,320 - root - INFO - new node test roc_auc, 0.8050
2025-10-02 15:06:13,546 - root - INFO - Epoch: 16, learning rate: 0.0001, train loss: 0.5321
2025-10-02 15:06:13,547 - root - INFO - train average_precision, 0.7956
2025-10-02 15:06:13,547 - root - INFO - train roc_auc, 0.7965
2025-10-02 15:06:13,547 - root - INFO - validate loss: 2.1393
2025-10-02 15:06:13,548 - root - INFO - validate average_precision, 0.6196
2025-10-02 15:06:13,548 - root - INFO - validate roc_auc, 0.6323
2025-10-02 15:06:13,548 - root - INFO - new node validate loss: 0.7886
2025-10-02 15:06:13,548 - root - INFO - new node validate average_precision, 0.7918
2025-10-02 15:06:13,548 - root - INFO - new node validate roc_auc, 0.7830
2025-10-02 15:06:29,676 - root - INFO - test loss: 2.7331
2025-10-02 15:06:29,676 - root - INFO - test average_precision, 0.5828
2025-10-02 15:06:29,676 - root - INFO - best test average_precision: 0.7191
2025-10-02 15:06:29,676 - root - INFO - test roc_auc, 0.6070
2025-10-02 15:06:29,676 - root - INFO - new node test loss: 2.3920
2025-10-02 15:06:29,677 - root - INFO - new node test average_precision, 0.7059
2025-10-02 15:06:29,677 - root - INFO - new node test roc_auc, 0.7374
2025-10-02 15:07:48,866 - root - INFO - Epoch: 17, learning rate: 0.0001, train loss: 0.5277
2025-10-02 15:07:48,867 - root - INFO - train average_precision, 0.8008
2025-10-02 15:07:48,868 - root - INFO - train roc_auc, 0.8010
2025-10-02 15:07:48,868 - root - INFO - validate loss: 2.1125
2025-10-02 15:07:48,868 - root - INFO - validate average_precision, 0.6035
2025-10-02 15:07:48,868 - root - INFO - validate roc_auc, 0.6072
2025-10-02 15:07:48,868 - root - INFO - new node validate loss: 0.6063
2025-10-02 15:07:48,868 - root - INFO - new node validate average_precision, 0.8226
2025-10-02 15:07:48,869 - root - INFO - new node validate roc_auc, 0.8111
2025-10-02 15:08:05,089 - root - INFO - test loss: 3.0810
2025-10-02 15:08:05,089 - root - INFO - test average_precision, 0.5093
2025-10-02 15:08:05,089 - root - INFO - best test average_precision: 0.7191
2025-10-02 15:08:05,089 - root - INFO - test roc_auc, 0.5163
2025-10-02 15:08:05,089 - root - INFO - new node test loss: 3.0991
2025-10-02 15:08:05,090 - root - INFO - new node test average_precision, 0.4944
2025-10-02 15:08:05,090 - root - INFO - new node test roc_auc, 0.5195
2025-10-02 15:09:24,300 - root - INFO - Epoch: 18, learning rate: 0.0001, train loss: 0.5290
2025-10-02 15:09:24,301 - root - INFO - train average_precision, 0.7990
2025-10-02 15:09:24,301 - root - INFO - train roc_auc, 0.7996
2025-10-02 15:09:24,301 - root - INFO - validate loss: 1.5968
2025-10-02 15:09:24,301 - root - INFO - validate average_precision, 0.6449
2025-10-02 15:09:24,302 - root - INFO - validate roc_auc, 0.6555
2025-10-02 15:09:24,302 - root - INFO - new node validate loss: 0.5881
2025-10-02 15:09:24,302 - root - INFO - new node validate average_precision, 0.8150
2025-10-02 15:09:24,302 - root - INFO - new node validate roc_auc, 0.8033
2025-10-02 15:09:40,297 - root - INFO - test loss: 1.9149
2025-10-02 15:09:40,298 - root - INFO - test average_precision, 0.6572
2025-10-02 15:09:40,298 - root - INFO - best test average_precision: 0.7191
2025-10-02 15:09:40,298 - root - INFO - test roc_auc, 0.6799
2025-10-02 15:09:40,298 - root - INFO - new node test loss: 1.4238
2025-10-02 15:09:40,298 - root - INFO - new node test average_precision, 0.8057
2025-10-02 15:09:40,298 - root - INFO - new node test roc_auc, 0.8092
2025-10-02 15:10:59,413 - root - INFO - Epoch: 19, learning rate: 0.0001, train loss: 0.5312
2025-10-02 15:10:59,414 - root - INFO - train average_precision, 0.7974
2025-10-02 15:10:59,414 - root - INFO - train roc_auc, 0.7975
2025-10-02 15:10:59,414 - root - INFO - validate loss: 1.8913
2025-10-02 15:10:59,415 - root - INFO - validate average_precision, 0.6391
2025-10-02 15:10:59,415 - root - INFO - validate roc_auc, 0.6449
2025-10-02 15:10:59,415 - root - INFO - new node validate loss: 0.9659
2025-10-02 15:10:59,415 - root - INFO - new node validate average_precision, 0.8030
2025-10-02 15:10:59,415 - root - INFO - new node validate roc_auc, 0.7913
2025-10-02 15:11:15,485 - root - INFO - test loss: 2.1638
2025-10-02 15:11:15,485 - root - INFO - test average_precision, 0.6670
2025-10-02 15:11:15,485 - root - INFO - best test average_precision: 0.7191
2025-10-02 15:11:15,485 - root - INFO - test roc_auc, 0.6783
2025-10-02 15:11:15,485 - root - INFO - new node test loss: 1.7418
2025-10-02 15:11:15,485 - root - INFO - new node test average_precision, 0.7933
2025-10-02 15:11:15,485 - root - INFO - new node test roc_auc, 0.7925
2025-10-02 15:12:34,280 - root - INFO - Epoch: 20, learning rate: 0.0001, train loss: 0.5339
2025-10-02 15:12:34,281 - root - INFO - train average_precision, 0.7940
2025-10-02 15:12:34,282 - root - INFO - train roc_auc, 0.7942
2025-10-02 15:12:34,282 - root - INFO - validate loss: 0.7572
2025-10-02 15:12:34,282 - root - INFO - validate average_precision, 0.6756
2025-10-02 15:12:34,282 - root - INFO - validate roc_auc, 0.6738
2025-10-02 15:12:34,282 - root - INFO - new node validate loss: 0.6182
2025-10-02 15:12:34,282 - root - INFO - new node validate average_precision, 0.7950
2025-10-02 15:12:34,282 - root - INFO - new node validate roc_auc, 0.7849
2025-10-02 15:12:50,462 - root - INFO - test loss: 0.7187
2025-10-02 15:12:50,462 - root - INFO - test average_precision, 0.7216
2025-10-02 15:12:50,462 - root - INFO - best test average_precision: 0.7216
2025-10-02 15:12:50,463 - root - INFO - test roc_auc, 0.7188
2025-10-02 15:12:50,463 - root - INFO - new node test loss: 0.6060
2025-10-02 15:12:50,463 - root - INFO - new node test average_precision, 0.8153
2025-10-02 15:12:50,463 - root - INFO - new node test roc_auc, 0.8126
2025-10-02 15:14:09,708 - root - INFO - Epoch: 21, learning rate: 0.0001, train loss: 0.5277
2025-10-02 15:14:09,709 - root - INFO - train average_precision, 0.8016
2025-10-02 15:14:09,710 - root - INFO - train roc_auc, 0.8010
2025-10-02 15:14:09,710 - root - INFO - validate loss: 1.5968
2025-10-02 15:14:09,710 - root - INFO - validate average_precision, 0.6656
2025-10-02 15:14:09,710 - root - INFO - validate roc_auc, 0.6635
2025-10-02 15:14:09,710 - root - INFO - new node validate loss: 0.6217
2025-10-02 15:14:09,710 - root - INFO - new node validate average_precision, 0.8249
2025-10-02 15:14:09,710 - root - INFO - new node validate roc_auc, 0.8099
2025-10-02 15:14:25,715 - root - INFO - test loss: 2.0072
2025-10-02 15:14:25,715 - root - INFO - test average_precision, 0.6843
2025-10-02 15:14:25,715 - root - INFO - best test average_precision: 0.7216
2025-10-02 15:14:25,715 - root - INFO - test roc_auc, 0.6857
2025-10-02 15:14:25,715 - root - INFO - new node test loss: 1.3846
2025-10-02 15:14:25,716 - root - INFO - new node test average_precision, 0.8248
2025-10-02 15:14:25,716 - root - INFO - new node test roc_auc, 0.8195
2025-10-02 15:15:45,056 - root - INFO - Epoch: 22, learning rate: 0.0001, train loss: 0.5319
2025-10-02 15:15:45,057 - root - INFO - train average_precision, 0.7957
2025-10-02 15:15:45,057 - root - INFO - train roc_auc, 0.7960
2025-10-02 15:15:45,057 - root - INFO - validate loss: 0.9280
2025-10-02 15:15:45,057 - root - INFO - validate average_precision, 0.6709
2025-10-02 15:15:45,058 - root - INFO - validate roc_auc, 0.6644
2025-10-02 15:15:45,058 - root - INFO - new node validate loss: 0.6129
2025-10-02 15:15:45,058 - root - INFO - new node validate average_precision, 0.8123
2025-10-02 15:15:45,058 - root - INFO - new node validate roc_auc, 0.7991
2025-10-02 15:16:01,210 - root - INFO - test loss: 1.0180
2025-10-02 15:16:01,210 - root - INFO - test average_precision, 0.7013
2025-10-02 15:16:01,211 - root - INFO - best test average_precision: 0.7216
2025-10-02 15:16:01,211 - root - INFO - test roc_auc, 0.6918
2025-10-02 15:16:01,211 - root - INFO - new node test loss: 0.6439
2025-10-02 15:16:01,211 - root - INFO - new node test average_precision, 0.8361
2025-10-02 15:16:01,211 - root - INFO - new node test roc_auc, 0.8297
2025-10-02 15:17:20,206 - root - INFO - Epoch: 23, learning rate: 0.0001, train loss: 0.5293
2025-10-02 15:17:20,207 - root - INFO - train average_precision, 0.7983
2025-10-02 15:17:20,207 - root - INFO - train roc_auc, 0.7982
2025-10-02 15:17:20,207 - root - INFO - validate loss: 1.9065
2025-10-02 15:17:20,207 - root - INFO - validate average_precision, 0.6558
2025-10-02 15:17:20,207 - root - INFO - validate roc_auc, 0.6476
2025-10-02 15:17:20,207 - root - INFO - new node validate loss: 0.8541
2025-10-02 15:17:20,208 - root - INFO - new node validate average_precision, 0.8116
2025-10-02 15:17:20,208 - root - INFO - new node validate roc_auc, 0.7976
2025-10-02 15:17:36,358 - root - INFO - test loss: 2.2128
2025-10-02 15:17:36,358 - root - INFO - test average_precision, 0.6838
2025-10-02 15:17:36,358 - root - INFO - best test average_precision: 0.7216
2025-10-02 15:17:36,358 - root - INFO - test roc_auc, 0.6799
2025-10-02 15:17:36,358 - root - INFO - new node test loss: 1.6246
2025-10-02 15:17:36,358 - root - INFO - new node test average_precision, 0.8072
2025-10-02 15:17:36,358 - root - INFO - new node test roc_auc, 0.7970
2025-10-02 15:18:55,550 - root - INFO - Epoch: 24, learning rate: 0.0001, train loss: 0.5258
2025-10-02 15:18:55,551 - root - INFO - train average_precision, 0.8019
2025-10-02 15:18:55,551 - root - INFO - train roc_auc, 0.8021
2025-10-02 15:18:55,552 - root - INFO - validate loss: 1.5487
2025-10-02 15:18:55,552 - root - INFO - validate average_precision, 0.6538
2025-10-02 15:18:55,552 - root - INFO - validate roc_auc, 0.6582
2025-10-02 15:18:55,552 - root - INFO - new node validate loss: 0.7243
2025-10-02 15:18:55,552 - root - INFO - new node validate average_precision, 0.8187
2025-10-02 15:18:55,552 - root - INFO - new node validate roc_auc, 0.8049
2025-10-02 15:19:11,373 - root - INFO - test loss: 1.8995
2025-10-02 15:19:11,373 - root - INFO - test average_precision, 0.6683
2025-10-02 15:19:11,374 - root - INFO - best test average_precision: 0.7216
2025-10-02 15:19:11,374 - root - INFO - test roc_auc, 0.6765
2025-10-02 15:19:11,374 - root - INFO - new node test loss: 1.4168
2025-10-02 15:19:11,374 - root - INFO - new node test average_precision, 0.7978
2025-10-02 15:19:11,374 - root - INFO - new node test roc_auc, 0.7938
2025-10-02 15:20:30,398 - root - INFO - Epoch: 25, learning rate: 0.0001, train loss: 0.5242
2025-10-02 15:20:30,399 - root - INFO - train average_precision, 0.8042
2025-10-02 15:20:30,399 - root - INFO - train roc_auc, 0.8039
2025-10-02 15:20:30,399 - root - INFO - validate loss: 1.3565
2025-10-02 15:20:30,399 - root - INFO - validate average_precision, 0.6592
2025-10-02 15:20:30,399 - root - INFO - validate roc_auc, 0.6663
2025-10-02 15:20:30,400 - root - INFO - new node validate loss: 0.5777
2025-10-02 15:20:30,400 - root - INFO - new node validate average_precision, 0.8240
2025-10-02 15:20:30,400 - root - INFO - new node validate roc_auc, 0.8098
2025-10-02 15:20:46,535 - root - INFO - test loss: 2.0081
2025-10-02 15:20:46,536 - root - INFO - test average_precision, 0.6155
2025-10-02 15:20:46,536 - root - INFO - best test average_precision: 0.7216
2025-10-02 15:20:46,536 - root - INFO - test roc_auc, 0.6473
2025-10-02 15:20:46,536 - root - INFO - new node test loss: 1.7595
2025-10-02 15:20:46,536 - root - INFO - new node test average_precision, 0.6935
2025-10-02 15:20:46,536 - root - INFO - new node test roc_auc, 0.7316
2025-10-02 15:22:05,788 - root - INFO - Epoch: 26, learning rate: 0.0001, train loss: 0.5321
2025-10-02 15:22:05,789 - root - INFO - train average_precision, 0.7968
2025-10-02 15:22:05,790 - root - INFO - train roc_auc, 0.7964
2025-10-02 15:22:05,790 - root - INFO - validate loss: 1.4566
2025-10-02 15:22:05,790 - root - INFO - validate average_precision, 0.6632
2025-10-02 15:22:05,790 - root - INFO - validate roc_auc, 0.6614
2025-10-02 15:22:05,790 - root - INFO - new node validate loss: 0.6299
2025-10-02 15:22:05,790 - root - INFO - new node validate average_precision, 0.8153
2025-10-02 15:22:05,790 - root - INFO - new node validate roc_auc, 0.8024
2025-10-02 15:22:21,989 - root - INFO - test loss: 1.7320
2025-10-02 15:22:21,989 - root - INFO - test average_precision, 0.6886
2025-10-02 15:22:21,989 - root - INFO - best test average_precision: 0.7216
2025-10-02 15:22:21,989 - root - INFO - test roc_auc, 0.6987
2025-10-02 15:22:21,989 - root - INFO - new node test loss: 1.1772
2025-10-02 15:22:21,989 - root - INFO - new node test average_precision, 0.8172
2025-10-02 15:22:21,989 - root - INFO - new node test roc_auc, 0.8164
2025-10-02 15:23:41,349 - root - INFO - Epoch: 27, learning rate: 0.0001, train loss: 0.5226
2025-10-02 15:23:41,350 - root - INFO - train average_precision, 0.8061
2025-10-02 15:23:41,350 - root - INFO - train roc_auc, 0.8057
2025-10-02 15:23:41,350 - root - INFO - validate loss: 1.2509
2025-10-02 15:23:41,351 - root - INFO - validate average_precision, 0.6825
2025-10-02 15:23:41,351 - root - INFO - validate roc_auc, 0.6761
2025-10-02 15:23:41,351 - root - INFO - new node validate loss: 0.7270
2025-10-02 15:23:41,351 - root - INFO - new node validate average_precision, 0.8168
2025-10-02 15:23:41,351 - root - INFO - new node validate roc_auc, 0.8037
2025-10-02 15:23:57,192 - root - INFO - test loss: 1.5139
2025-10-02 15:23:57,192 - root - INFO - test average_precision, 0.7044
2025-10-02 15:23:57,192 - root - INFO - best test average_precision: 0.7216
2025-10-02 15:23:57,192 - root - INFO - test roc_auc, 0.6975
2025-10-02 15:23:57,192 - root - INFO - new node test loss: 1.0824
2025-10-02 15:23:57,193 - root - INFO - new node test average_precision, 0.8429
2025-10-02 15:23:57,193 - root - INFO - new node test roc_auc, 0.8337
2025-10-02 15:25:16,210 - root - INFO - Epoch: 28, learning rate: 0.0001, train loss: 0.5314
2025-10-02 15:25:16,211 - root - INFO - train average_precision, 0.7968
2025-10-02 15:25:16,212 - root - INFO - train roc_auc, 0.7960
2025-10-02 15:25:16,212 - root - INFO - validate loss: 0.9466
2025-10-02 15:25:16,212 - root - INFO - validate average_precision, 0.6924
2025-10-02 15:25:16,212 - root - INFO - validate roc_auc, 0.6814
2025-10-02 15:25:16,212 - root - INFO - new node validate loss: 0.5847
2025-10-02 15:25:16,212 - root - INFO - new node validate average_precision, 0.8367
2025-10-02 15:25:16,212 - root - INFO - new node validate roc_auc, 0.8277
2025-10-02 15:25:32,290 - root - INFO - test loss: 1.0558
2025-10-02 15:25:32,290 - root - INFO - test average_precision, 0.7155
2025-10-02 15:25:32,290 - root - INFO - best test average_precision: 0.7216
2025-10-02 15:25:32,290 - root - INFO - test roc_auc, 0.7045
2025-10-02 15:25:32,290 - root - INFO - new node test loss: 0.7996
2025-10-02 15:25:32,290 - root - INFO - new node test average_precision, 0.8237
2025-10-02 15:25:32,291 - root - INFO - new node test roc_auc, 0.8146
2025-10-02 15:26:51,437 - root - INFO - Epoch: 29, learning rate: 0.0001, train loss: 0.5243
2025-10-02 15:26:51,438 - root - INFO - train average_precision, 0.8042
2025-10-02 15:26:51,439 - root - INFO - train roc_auc, 0.8032
2025-10-02 15:26:51,439 - root - INFO - validate loss: 1.8790
2025-10-02 15:26:51,439 - root - INFO - validate average_precision, 0.6400
2025-10-02 15:26:51,439 - root - INFO - validate roc_auc, 0.6461
2025-10-02 15:26:51,439 - root - INFO - new node validate loss: 0.5665
2025-10-02 15:26:51,439 - root - INFO - new node validate average_precision, 0.8354
2025-10-02 15:26:51,439 - root - INFO - new node validate roc_auc, 0.8226
2025-10-02 15:27:07,638 - root - INFO - test loss: 2.8687
2025-10-02 15:27:07,639 - root - INFO - test average_precision, 0.6230
2025-10-02 15:27:07,639 - root - INFO - best test average_precision: 0.7216
2025-10-02 15:27:07,639 - root - INFO - test roc_auc, 0.6518
2025-10-02 15:27:07,639 - root - INFO - new node test loss: 2.5487
2025-10-02 15:27:07,639 - root - INFO - new node test average_precision, 0.7401
2025-10-02 15:27:07,639 - root - INFO - new node test roc_auc, 0.7734
2025-10-02 15:28:26,779 - root - INFO - Epoch: 30, learning rate: 0.0001, train loss: 0.5293
2025-10-02 15:28:26,780 - root - INFO - train average_precision, 0.7991
2025-10-02 15:28:26,780 - root - INFO - train roc_auc, 0.7987
2025-10-02 15:28:26,780 - root - INFO - validate loss: 1.1587
2025-10-02 15:28:26,781 - root - INFO - validate average_precision, 0.6762
2025-10-02 15:28:26,781 - root - INFO - validate roc_auc, 0.6661
2025-10-02 15:28:26,781 - root - INFO - new node validate loss: 0.5567
2025-10-02 15:28:26,781 - root - INFO - new node validate average_precision, 0.8417
2025-10-02 15:28:26,781 - root - INFO - new node validate roc_auc, 0.8323
2025-10-02 15:28:42,618 - root - INFO - test loss: 1.8622
2025-10-02 15:28:42,618 - root - INFO - test average_precision, 0.6661
2025-10-02 15:28:42,619 - root - INFO - best test average_precision: 0.7216
2025-10-02 15:28:42,619 - root - INFO - test roc_auc, 0.6701
2025-10-02 15:28:42,619 - root - INFO - new node test loss: 0.9027
2025-10-02 15:28:42,619 - root - INFO - new node test average_precision, 0.8053
2025-10-02 15:28:42,619 - root - INFO - new node test roc_auc, 0.8065
2025-10-02 15:30:01,702 - root - INFO - Epoch: 31, learning rate: 0.0001, train loss: 0.5302
2025-10-02 15:30:01,703 - root - INFO - train average_precision, 0.7988
2025-10-02 15:30:01,704 - root - INFO - train roc_auc, 0.7977
2025-10-02 15:30:01,704 - root - INFO - validate loss: 1.2579
2025-10-02 15:30:01,704 - root - INFO - validate average_precision, 0.6547
2025-10-02 15:30:01,704 - root - INFO - validate roc_auc, 0.6554
2025-10-02 15:30:01,704 - root - INFO - new node validate loss: 0.6370
2025-10-02 15:30:01,704 - root - INFO - new node validate average_precision, 0.8270
2025-10-02 15:30:01,704 - root - INFO - new node validate roc_auc, 0.8142
2025-10-02 15:30:17,772 - root - INFO - test loss: 1.3949
2025-10-02 15:30:17,772 - root - INFO - test average_precision, 0.6713
2025-10-02 15:30:17,772 - root - INFO - best test average_precision: 0.7216
2025-10-02 15:30:17,772 - root - INFO - test roc_auc, 0.6816
2025-10-02 15:30:17,772 - root - INFO - new node test loss: 0.9133
2025-10-02 15:30:17,772 - root - INFO - new node test average_precision, 0.8170
2025-10-02 15:30:17,772 - root - INFO - new node test roc_auc, 0.8117
2025-10-02 15:31:36,800 - root - INFO - Epoch: 32, learning rate: 0.0001, train loss: 0.5266
2025-10-02 15:31:36,801 - root - INFO - train average_precision, 0.8010
2025-10-02 15:31:36,802 - root - INFO - train roc_auc, 0.8003
2025-10-02 15:31:36,802 - root - INFO - validate loss: 1.3995
2025-10-02 15:31:36,802 - root - INFO - validate average_precision, 0.6728
2025-10-02 15:31:36,802 - root - INFO - validate roc_auc, 0.6643
2025-10-02 15:31:36,802 - root - INFO - new node validate loss: 0.5976
2025-10-02 15:31:36,802 - root - INFO - new node validate average_precision, 0.8251
2025-10-02 15:31:36,802 - root - INFO - new node validate roc_auc, 0.8147
2025-10-02 15:31:52,953 - root - INFO - test loss: 1.6916
2025-10-02 15:31:52,953 - root - INFO - test average_precision, 0.6947
2025-10-02 15:31:52,953 - root - INFO - best test average_precision: 0.7216
2025-10-02 15:31:52,953 - root - INFO - test roc_auc, 0.6883
2025-10-02 15:31:52,953 - root - INFO - new node test loss: 1.3514
2025-10-02 15:31:52,954 - root - INFO - new node test average_precision, 0.8032
2025-10-02 15:31:52,954 - root - INFO - new node test roc_auc, 0.7903
2025-10-02 15:33:12,084 - root - INFO - Epoch: 33, learning rate: 0.0001, train loss: 0.5310
2025-10-02 15:33:12,085 - root - INFO - train average_precision, 0.7978
2025-10-02 15:33:12,086 - root - INFO - train roc_auc, 0.7965
2025-10-02 15:33:12,086 - root - INFO - validate loss: 1.1052
2025-10-02 15:33:12,086 - root - INFO - validate average_precision, 0.6822
2025-10-02 15:33:12,086 - root - INFO - validate roc_auc, 0.6717
2025-10-02 15:33:12,086 - root - INFO - new node validate loss: 0.6045
2025-10-02 15:33:12,086 - root - INFO - new node validate average_precision, 0.8226
2025-10-02 15:33:12,087 - root - INFO - new node validate roc_auc, 0.8109
2025-10-02 15:33:28,023 - root - INFO - test loss: 1.3731
2025-10-02 15:33:28,023 - root - INFO - test average_precision, 0.7086
2025-10-02 15:33:28,023 - root - INFO - best test average_precision: 0.7216
2025-10-02 15:33:28,023 - root - INFO - test roc_auc, 0.6956
2025-10-02 15:33:28,023 - root - INFO - new node test loss: 0.9250
2025-10-02 15:33:28,023 - root - INFO - new node test average_precision, 0.8197
2025-10-02 15:33:28,023 - root - INFO - new node test roc_auc, 0.8081
2025-10-02 15:34:47,319 - root - INFO - Epoch: 34, learning rate: 0.0001, train loss: 0.5279
2025-10-02 15:34:47,320 - root - INFO - train average_precision, 0.8012
2025-10-02 15:34:47,321 - root - INFO - train roc_auc, 0.7998
2025-10-02 15:34:47,321 - root - INFO - validate loss: 1.3670
2025-10-02 15:34:47,321 - root - INFO - validate average_precision, 0.6410
2025-10-02 15:34:47,321 - root - INFO - validate roc_auc, 0.6486
2025-10-02 15:34:47,321 - root - INFO - new node validate loss: 0.8259
2025-10-02 15:34:47,321 - root - INFO - new node validate average_precision, 0.8024
2025-10-02 15:34:47,321 - root - INFO - new node validate roc_auc, 0.7901
2025-10-02 15:35:03,402 - root - INFO - test loss: 1.9792
2025-10-02 15:35:03,402 - root - INFO - test average_precision, 0.5574
2025-10-02 15:35:03,403 - root - INFO - best test average_precision: 0.7216
2025-10-02 15:35:03,403 - root - INFO - test roc_auc, 0.5926
2025-10-02 15:35:03,403 - root - INFO - new node test loss: 1.6636
2025-10-02 15:35:03,403 - root - INFO - new node test average_precision, 0.6805
2025-10-02 15:35:03,403 - root - INFO - new node test roc_auc, 0.7319
2025-10-02 15:35:03,403 - root - INFO - load model ./saved_models/JODIE/lastfm/JODIE_mercer_seed1/JODIE_mercer_seed1.pkl
2025-10-02 15:35:03,726 - root - INFO - get final performance on dataset lastfm...
2025-10-02 15:35:19,834 - root - INFO - test loss: 1.7970
2025-10-02 15:35:19,835 - root - INFO - test average_precision, 0.6733
2025-10-02 15:35:19,835 - root - INFO - test roc_auc, 0.6838
2025-10-02 15:35:19,835 - root - INFO - new node test loss: 1.1391
2025-10-02 15:35:19,835 - root - INFO - new node test average_precision, 0.8130
2025-10-02 15:35:19,835 - root - INFO - new node test roc_auc, 0.8063
2025-10-02 15:35:19,835 - root - INFO - Run 2 cost 3257.11 seconds.
