2025-10-08 05:53:44,341 - root - INFO - ********** Run 1 starts. **********
2025-10-08 05:53:44,342 - root - INFO - configuration is Namespace(dataset_name='CanParl', batch_size=200, model_name='GraphMixer', gpu=0, num_neighbors=20, sample_neighbor_strategy='uniform', time_scaling_factor=1e-06, num_walk_heads=8, num_heads=2, num_layers=2, walk_length=1, time_gap=2000, time_feat_dim=100, position_feat_dim=172, time_window_mode='fixed_proportion', time_encoder_type='mercer', expert_dim=128, num_mixtures=16, sort_neighbors_by_time=False, patch_size=1, channel_embedding_dim=50, max_input_sequence_length=32, learning_rate=0.0001, dropout=0.2, gamma=0.5, num_epochs=2, optimizer='Adam', weight_decay=0.0, patience=20, val_ratio=0.15, test_ratio=0.15, num_runs=2, test_interval_epochs=100, negative_sample_strategy='random', max_interaction_times=10, load_best_configs=True, data_ratio=0.05, seed=0, save_model_name_suffix='', ablation_dir='', mamba_d_state=256, mamba_d_conv=4, mamba_expand=2, mamba_headdim=64, resume_from_checkpoint=None, save_checkpoints=True, checkpoint_interval=5, start_from_seed=0, max_checkpoints_to_keep=3, checkpoint_strategy='minimal', validate_checkpoints=True, device='cuda:0', save_model_name='GraphMixer_mercer_seed0')
2025-10-08 05:53:44,342 - root - INFO - Metrics will be saved to: ./saved_metrics/GraphMixer/CanParl/GraphMixer_mercer_seed0
2025-10-08 05:53:44,343 - root - INFO - time encoder type: mercer
2025-10-08 05:53:44,343 - root - INFO - Time encoder will be injected into GraphMixer model
2025-10-08 05:53:44,578 - root - INFO - model -> Sequential(
  (0): GraphMixer(
    (time_encoder): TimeEncoderWrapper(
      (encoder): MercerTimeEncoder()
    )
    (projection_layer): Linear(in_features=272, out_features=172, bias=True)
    (mlp_mixers): ModuleList(
      (0-1): 2 x MLPMixer(
        (token_norm): LayerNorm((20,), eps=1e-05, elementwise_affine=True)
        (token_feedforward): FeedForwardNet(
          (ffn): Sequential(
            (0): Linear(in_features=20, out_features=10, bias=True)
            (1): GELU(approximate='none')
            (2): Dropout(p=0.2, inplace=False)
            (3): Linear(in_features=10, out_features=20, bias=True)
            (4): Dropout(p=0.2, inplace=False)
          )
        )
        (channel_norm): LayerNorm((172,), eps=1e-05, elementwise_affine=True)
        (channel_feedforward): FeedForwardNet(
          (ffn): Sequential(
            (0): Linear(in_features=172, out_features=688, bias=True)
            (1): GELU(approximate='none')
            (2): Dropout(p=0.2, inplace=False)
            (3): Linear(in_features=688, out_features=172, bias=True)
            (4): Dropout(p=0.2, inplace=False)
          )
        )
      )
    )
    (output_layer): Linear(in_features=344, out_features=172, bias=True)
  )
  (1): MergeLayer(
    (fc1): Linear(in_features=344, out_features=172, bias=True)
    (fc2): Linear(in_features=172, out_features=1, bias=True)
    (act): ReLU()
  )
)
2025-10-08 05:53:44,579 - root - INFO - model name: GraphMixer, #parameters: 2577204 B, 2516.80078125 KB, 2.457813262939453 MB.
2025-10-08 05:53:46,445 - root - INFO - Epoch: 1, learning rate: 0.0001, train loss: 0.6933
2025-10-08 05:53:46,445 - root - INFO - train average_precision, 0.5018
2025-10-08 05:53:46,445 - root - INFO - train roc_auc, 0.4907
2025-10-08 05:53:46,445 - root - INFO - validate loss: nan
2025-10-08 05:53:46,445 - root - INFO - new node validate loss: nan
2025-10-08 05:53:46,449 - root - INFO - save model ./saved_models/GraphMixer/CanParl/GraphMixer_mercer_seed0/GraphMixer_mercer_seed0.pkl
2025-10-08 05:53:47,684 - root - INFO - Epoch: 2, learning rate: 0.0001, train loss: 0.6932
2025-10-08 05:53:47,684 - root - INFO - train average_precision, 0.5018
2025-10-08 05:53:47,684 - root - INFO - train roc_auc, 0.4946
2025-10-08 05:53:47,685 - root - INFO - validate loss: nan
2025-10-08 05:53:47,685 - root - INFO - new node validate loss: nan
2025-10-08 05:53:47,687 - root - INFO - save model ./saved_models/GraphMixer/CanParl/GraphMixer_mercer_seed0/GraphMixer_mercer_seed0.pkl
2025-10-08 05:53:47,715 - root - INFO - load model ./saved_models/GraphMixer/CanParl/GraphMixer_mercer_seed0/GraphMixer_mercer_seed0.pkl
2025-10-08 05:53:47,729 - root - INFO - get final performance on dataset CanParl...
2025-10-08 05:53:47,732 - root - INFO - validate loss: nan
2025-10-08 05:53:47,732 - root - INFO - new node validate loss: nan
2025-10-08 05:53:47,732 - root - INFO - test loss: nan
