2025-10-01 20:59:33,596 - root - INFO - ********** Run 4 starts. **********
2025-10-01 20:59:33,596 - root - INFO - configuration is Namespace(dataset_name='wikipedia', batch_size=200, model_name='JODIE', gpu=0, num_neighbors=10, sample_neighbor_strategy='uniform', time_scaling_factor=1e-06, num_walk_heads=8, num_heads=2, num_layers=1, walk_length=1, time_gap=2000, time_feat_dim=128, position_feat_dim=172, time_window_mode='fixed_proportion', time_encoder_type='bochner', expert_dim=64, num_mixtures=4, patch_size=1, channel_embedding_dim=50, max_input_sequence_length=32, learning_rate=0.0001, dropout=0.1, gamma=0.5, num_epochs=100, optimizer='Adam', weight_decay=0.0, patience=20, val_ratio=0.15, test_ratio=0.15, num_runs=5, test_interval_epochs=1, negative_sample_strategy='random', max_interaction_times=10, load_best_configs=True, device='cuda:0', seed=3, save_model_name='JODIE_bochner_seed3')
2025-10-01 20:59:33,597 - root - INFO - time encoder type: bochner
2025-10-01 20:59:33,750 - root - INFO - model -> Sequential(
  (0): MemoryModel(
    (time_encoder): TimeEncoder(
      (w): Linear(in_features=1, out_features=128, bias=True)
    )
    (message_aggregator): MessageAggregator()
    (memory_bank): MemoryBank(num_nodes=9228, memory_dim=172)
    (memory_updater): RNNMemoryUpdater(
      (memory_bank): MemoryBank(num_nodes=9228, memory_dim=172)
      (memory_updater): RNNCell(644, 172)
    )
    (embedding_module): TimeProjectionEmbedding(
      (dropout): Dropout(p=0.1, inplace=False)
      (linear_layer): Linear(in_features=1, out_features=172, bias=True)
    )
  )
  (1): MergeLayer(
    (fc1): Linear(in_features=344, out_features=172, bias=True)
    (fc2): Linear(in_features=172, out_features=1, bias=True)
    (act): ReLU()
  )
)
2025-10-01 20:59:33,750 - root - INFO - model name: JODIE, #parameters: 803236 B, 784.41015625 KB, 0.7660255432128906 MB.
2025-10-01 20:59:52,215 - root - INFO - Epoch: 1, learning rate: 0.0001, train loss: 0.5270
2025-10-01 20:59:52,216 - root - INFO - train average_precision, 0.7879
2025-10-01 20:59:52,216 - root - INFO - train roc_auc, 0.8183
2025-10-01 20:59:52,216 - root - INFO - validate loss: 0.4573
2025-10-01 20:59:52,216 - root - INFO - validate average_precision, 0.8650
2025-10-01 20:59:52,216 - root - INFO - validate roc_auc, 0.8714
2025-10-01 20:59:52,216 - root - INFO - new node validate loss: 0.5115
2025-10-01 20:59:52,216 - root - INFO - new node validate average_precision, 0.8301
2025-10-01 20:59:52,216 - root - INFO - new node validate roc_auc, 0.8340
2025-10-01 20:59:57,021 - root - INFO - test loss: 0.4758
2025-10-01 20:59:57,021 - root - INFO - test average_precision, 0.8482
2025-10-01 20:59:57,022 - root - INFO - best test average_precision: 0.8482
2025-10-01 20:59:57,022 - root - INFO - test roc_auc, 0.8602
2025-10-01 20:59:57,022 - root - INFO - new node test loss: 0.5451
2025-10-01 20:59:57,022 - root - INFO - new node test average_precision, 0.8019
2025-10-01 20:59:57,022 - root - INFO - new node test roc_auc, 0.8101
2025-10-01 20:59:57,022 - root - INFO - save model ./saved_models/JODIE/wikipedia/JODIE_bochner_seed3/JODIE_bochner_seed3.pkl
2025-10-01 21:00:16,655 - root - INFO - Epoch: 2, learning rate: 0.0001, train loss: 0.4158
2025-10-01 21:00:16,655 - root - INFO - train average_precision, 0.8833
2025-10-01 21:00:16,655 - root - INFO - train roc_auc, 0.8923
2025-10-01 21:00:16,655 - root - INFO - validate loss: 0.3909
2025-10-01 21:00:16,655 - root - INFO - validate average_precision, 0.8992
2025-10-01 21:00:16,656 - root - INFO - validate roc_auc, 0.9062
2025-10-01 21:00:16,656 - root - INFO - new node validate loss: 0.4390
2025-10-01 21:00:16,656 - root - INFO - new node validate average_precision, 0.8765
2025-10-01 21:00:16,656 - root - INFO - new node validate roc_auc, 0.8740
2025-10-01 21:00:21,433 - root - INFO - test loss: 0.4052
2025-10-01 21:00:21,433 - root - INFO - test average_precision, 0.8897
2025-10-01 21:00:21,433 - root - INFO - best test average_precision: 0.8897
2025-10-01 21:00:21,434 - root - INFO - test roc_auc, 0.8992
2025-10-01 21:00:21,434 - root - INFO - new node test loss: 0.4379
2025-10-01 21:00:21,434 - root - INFO - new node test average_precision, 0.8785
2025-10-01 21:00:21,434 - root - INFO - new node test roc_auc, 0.8807
2025-10-01 21:00:21,434 - root - INFO - save model ./saved_models/JODIE/wikipedia/JODIE_bochner_seed3/JODIE_bochner_seed3.pkl
2025-10-01 21:00:41,099 - root - INFO - Epoch: 3, learning rate: 0.0001, train loss: 0.3788
2025-10-01 21:00:41,099 - root - INFO - train average_precision, 0.9055
2025-10-01 21:00:41,099 - root - INFO - train roc_auc, 0.9116
2025-10-01 21:00:41,099 - root - INFO - validate loss: 0.3632
2025-10-01 21:00:41,099 - root - INFO - validate average_precision, 0.9133
2025-10-01 21:00:41,099 - root - INFO - validate roc_auc, 0.9195
2025-10-01 21:00:41,099 - root - INFO - new node validate loss: 0.4215
2025-10-01 21:00:41,099 - root - INFO - new node validate average_precision, 0.8884
2025-10-01 21:00:41,099 - root - INFO - new node validate roc_auc, 0.8843
2025-10-01 21:00:45,799 - root - INFO - test loss: 0.3798
2025-10-01 21:00:45,799 - root - INFO - test average_precision, 0.9031
2025-10-01 21:00:45,799 - root - INFO - best test average_precision: 0.9031
2025-10-01 21:00:45,799 - root - INFO - test roc_auc, 0.9132
2025-10-01 21:00:45,799 - root - INFO - new node test loss: 0.4301
2025-10-01 21:00:45,799 - root - INFO - new node test average_precision, 0.8887
2025-10-01 21:00:45,799 - root - INFO - new node test roc_auc, 0.8898
2025-10-01 21:00:45,799 - root - INFO - save model ./saved_models/JODIE/wikipedia/JODIE_bochner_seed3/JODIE_bochner_seed3.pkl
2025-10-01 21:01:05,363 - root - INFO - Epoch: 4, learning rate: 0.0001, train loss: 0.3635
2025-10-01 21:01:05,364 - root - INFO - train average_precision, 0.9143
2025-10-01 21:01:05,364 - root - INFO - train roc_auc, 0.9184
2025-10-01 21:01:05,364 - root - INFO - validate loss: 0.3467
2025-10-01 21:01:05,364 - root - INFO - validate average_precision, 0.9242
2025-10-01 21:01:05,364 - root - INFO - validate roc_auc, 0.9271
2025-10-01 21:01:05,364 - root - INFO - new node validate loss: 0.4155
2025-10-01 21:01:05,364 - root - INFO - new node validate average_precision, 0.8939
2025-10-01 21:01:05,364 - root - INFO - new node validate roc_auc, 0.8873
2025-10-01 21:01:10,150 - root - INFO - test loss: 0.3648
2025-10-01 21:01:10,150 - root - INFO - test average_precision, 0.9131
2025-10-01 21:01:10,150 - root - INFO - best test average_precision: 0.9131
2025-10-01 21:01:10,150 - root - INFO - test roc_auc, 0.9202
2025-10-01 21:01:10,150 - root - INFO - new node test loss: 0.4338
2025-10-01 21:01:10,150 - root - INFO - new node test average_precision, 0.8911
2025-10-01 21:01:10,150 - root - INFO - new node test roc_auc, 0.8890
2025-10-01 21:01:10,150 - root - INFO - save model ./saved_models/JODIE/wikipedia/JODIE_bochner_seed3/JODIE_bochner_seed3.pkl
2025-10-01 21:01:29,683 - root - INFO - Epoch: 5, learning rate: 0.0001, train loss: 0.3525
2025-10-01 21:01:29,683 - root - INFO - train average_precision, 0.9212
2025-10-01 21:01:29,683 - root - INFO - train roc_auc, 0.9239
2025-10-01 21:01:29,683 - root - INFO - validate loss: 0.3349
2025-10-01 21:01:29,683 - root - INFO - validate average_precision, 0.9325
2025-10-01 21:01:29,683 - root - INFO - validate roc_auc, 0.9318
2025-10-01 21:01:29,683 - root - INFO - new node validate loss: 0.4053
2025-10-01 21:01:29,683 - root - INFO - new node validate average_precision, 0.9014
2025-10-01 21:01:29,683 - root - INFO - new node validate roc_auc, 0.8931
2025-10-01 21:01:34,434 - root - INFO - test loss: 0.3447
2025-10-01 21:01:34,434 - root - INFO - test average_precision, 0.9258
2025-10-01 21:01:34,434 - root - INFO - best test average_precision: 0.9258
2025-10-01 21:01:34,434 - root - INFO - test roc_auc, 0.9283
2025-10-01 21:01:34,434 - root - INFO - new node test loss: 0.4065
2025-10-01 21:01:34,434 - root - INFO - new node test average_precision, 0.9013
2025-10-01 21:01:34,434 - root - INFO - new node test roc_auc, 0.8975
2025-10-01 21:01:34,434 - root - INFO - save model ./saved_models/JODIE/wikipedia/JODIE_bochner_seed3/JODIE_bochner_seed3.pkl
2025-10-01 21:01:54,012 - root - INFO - Epoch: 6, learning rate: 0.0001, train loss: 0.3374
2025-10-01 21:01:54,013 - root - INFO - train average_precision, 0.9304
2025-10-01 21:01:54,013 - root - INFO - train roc_auc, 0.9303
2025-10-01 21:01:54,013 - root - INFO - validate loss: 0.3267
2025-10-01 21:01:54,013 - root - INFO - validate average_precision, 0.9364
2025-10-01 21:01:54,013 - root - INFO - validate roc_auc, 0.9352
2025-10-01 21:01:54,013 - root - INFO - new node validate loss: 0.3902
2025-10-01 21:01:54,013 - root - INFO - new node validate average_precision, 0.9088
2025-10-01 21:01:54,013 - root - INFO - new node validate roc_auc, 0.8993
2025-10-01 21:01:58,720 - root - INFO - test loss: 0.3524
2025-10-01 21:01:58,721 - root - INFO - test average_precision, 0.9252
2025-10-01 21:01:58,721 - root - INFO - best test average_precision: 0.9258
2025-10-01 21:01:58,721 - root - INFO - test roc_auc, 0.9268
2025-10-01 21:01:58,721 - root - INFO - new node test loss: 0.4055
2025-10-01 21:01:58,721 - root - INFO - new node test average_precision, 0.9050
2025-10-01 21:01:58,721 - root - INFO - new node test roc_auc, 0.9011
2025-10-01 21:01:58,721 - root - INFO - save model ./saved_models/JODIE/wikipedia/JODIE_bochner_seed3/JODIE_bochner_seed3.pkl
2025-10-01 21:02:18,260 - root - INFO - Epoch: 7, learning rate: 0.0001, train loss: 0.3302
2025-10-01 21:02:18,260 - root - INFO - train average_precision, 0.9340
2025-10-01 21:02:18,260 - root - INFO - train roc_auc, 0.9330
2025-10-01 21:02:18,260 - root - INFO - validate loss: 0.3201
2025-10-01 21:02:18,260 - root - INFO - validate average_precision, 0.9405
2025-10-01 21:02:18,260 - root - INFO - validate roc_auc, 0.9382
2025-10-01 21:02:18,260 - root - INFO - new node validate loss: 0.3903
2025-10-01 21:02:18,260 - root - INFO - new node validate average_precision, 0.9098
2025-10-01 21:02:18,260 - root - INFO - new node validate roc_auc, 0.8996
2025-10-01 21:02:23,018 - root - INFO - test loss: 0.3315
2025-10-01 21:02:23,018 - root - INFO - test average_precision, 0.9327
2025-10-01 21:02:23,018 - root - INFO - best test average_precision: 0.9327
2025-10-01 21:02:23,018 - root - INFO - test roc_auc, 0.9340
2025-10-01 21:02:23,018 - root - INFO - new node test loss: 0.3893
2025-10-01 21:02:23,018 - root - INFO - new node test average_precision, 0.9133
2025-10-01 21:02:23,018 - root - INFO - new node test roc_auc, 0.9077
2025-10-01 21:02:23,018 - root - INFO - save model ./saved_models/JODIE/wikipedia/JODIE_bochner_seed3/JODIE_bochner_seed3.pkl
2025-10-01 21:02:43,017 - root - INFO - Epoch: 8, learning rate: 0.0001, train loss: 0.3167
2025-10-01 21:02:43,017 - root - INFO - train average_precision, 0.9391
2025-10-01 21:02:43,018 - root - INFO - train roc_auc, 0.9377
2025-10-01 21:02:43,018 - root - INFO - validate loss: 0.3043
2025-10-01 21:02:43,018 - root - INFO - validate average_precision, 0.9465
2025-10-01 21:02:43,018 - root - INFO - validate roc_auc, 0.9440
2025-10-01 21:02:43,018 - root - INFO - new node validate loss: 0.3768
2025-10-01 21:02:43,018 - root - INFO - new node validate average_precision, 0.9144
2025-10-01 21:02:43,018 - root - INFO - new node validate roc_auc, 0.9050
2025-10-01 21:02:47,886 - root - INFO - test loss: 0.3085
2025-10-01 21:02:47,886 - root - INFO - test average_precision, 0.9440
2025-10-01 21:02:47,886 - root - INFO - best test average_precision: 0.9440
2025-10-01 21:02:47,886 - root - INFO - test roc_auc, 0.9431
2025-10-01 21:02:47,886 - root - INFO - new node test loss: 0.3660
2025-10-01 21:02:47,886 - root - INFO - new node test average_precision, 0.9251
2025-10-01 21:02:47,886 - root - INFO - new node test roc_auc, 0.9185
2025-10-01 21:02:47,886 - root - INFO - save model ./saved_models/JODIE/wikipedia/JODIE_bochner_seed3/JODIE_bochner_seed3.pkl
2025-10-01 21:03:07,752 - root - INFO - Epoch: 9, learning rate: 0.0001, train loss: 0.3101
2025-10-01 21:03:07,752 - root - INFO - train average_precision, 0.9413
2025-10-01 21:03:07,752 - root - INFO - train roc_auc, 0.9402
2025-10-01 21:03:07,752 - root - INFO - validate loss: 0.2981
2025-10-01 21:03:07,752 - root - INFO - validate average_precision, 0.9477
2025-10-01 21:03:07,752 - root - INFO - validate roc_auc, 0.9460
2025-10-01 21:03:07,752 - root - INFO - new node validate loss: 0.3724
2025-10-01 21:03:07,752 - root - INFO - new node validate average_precision, 0.9165
2025-10-01 21:03:07,752 - root - INFO - new node validate roc_auc, 0.9077
2025-10-01 21:03:12,594 - root - INFO - test loss: 0.3172
2025-10-01 21:03:12,594 - root - INFO - test average_precision, 0.9389
2025-10-01 21:03:12,595 - root - INFO - best test average_precision: 0.9440
2025-10-01 21:03:12,595 - root - INFO - test roc_auc, 0.9403
2025-10-01 21:03:12,595 - root - INFO - new node test loss: 0.3763
2025-10-01 21:03:12,595 - root - INFO - new node test average_precision, 0.9182
2025-10-01 21:03:12,595 - root - INFO - new node test roc_auc, 0.9154
2025-10-01 21:03:12,595 - root - INFO - save model ./saved_models/JODIE/wikipedia/JODIE_bochner_seed3/JODIE_bochner_seed3.pkl
2025-10-01 21:03:32,294 - root - INFO - Epoch: 10, learning rate: 0.0001, train loss: 0.3031
2025-10-01 21:03:32,294 - root - INFO - train average_precision, 0.9438
2025-10-01 21:03:32,294 - root - INFO - train roc_auc, 0.9424
2025-10-01 21:03:32,294 - root - INFO - validate loss: 0.2971
2025-10-01 21:03:32,294 - root - INFO - validate average_precision, 0.9489
2025-10-01 21:03:32,294 - root - INFO - validate roc_auc, 0.9464
2025-10-01 21:03:32,294 - root - INFO - new node validate loss: 0.3694
2025-10-01 21:03:32,295 - root - INFO - new node validate average_precision, 0.9180
2025-10-01 21:03:32,295 - root - INFO - new node validate roc_auc, 0.9087
2025-10-01 21:03:37,143 - root - INFO - test loss: 0.3167
2025-10-01 21:03:37,143 - root - INFO - test average_precision, 0.9413
2025-10-01 21:03:37,143 - root - INFO - best test average_precision: 0.9440
2025-10-01 21:03:37,143 - root - INFO - test roc_auc, 0.9408
2025-10-01 21:03:37,143 - root - INFO - new node test loss: 0.3737
2025-10-01 21:03:37,143 - root - INFO - new node test average_precision, 0.9211
2025-10-01 21:03:37,144 - root - INFO - new node test roc_auc, 0.9151
2025-10-01 21:03:37,144 - root - INFO - save model ./saved_models/JODIE/wikipedia/JODIE_bochner_seed3/JODIE_bochner_seed3.pkl
2025-10-01 21:03:56,970 - root - INFO - Epoch: 11, learning rate: 0.0001, train loss: 0.3009
2025-10-01 21:03:56,970 - root - INFO - train average_precision, 0.9439
2025-10-01 21:03:56,970 - root - INFO - train roc_auc, 0.9431
2025-10-01 21:03:56,971 - root - INFO - validate loss: 0.2881
2025-10-01 21:03:56,971 - root - INFO - validate average_precision, 0.9531
2025-10-01 21:03:56,971 - root - INFO - validate roc_auc, 0.9496
2025-10-01 21:03:56,971 - root - INFO - new node validate loss: 0.3729
2025-10-01 21:03:56,971 - root - INFO - new node validate average_precision, 0.9190
2025-10-01 21:03:56,971 - root - INFO - new node validate roc_auc, 0.9086
2025-10-01 21:04:01,753 - root - INFO - test loss: 0.3005
2025-10-01 21:04:01,753 - root - INFO - test average_precision, 0.9479
2025-10-01 21:04:01,753 - root - INFO - best test average_precision: 0.9479
2025-10-01 21:04:01,753 - root - INFO - test roc_auc, 0.9459
2025-10-01 21:04:01,753 - root - INFO - new node test loss: 0.3600
2025-10-01 21:04:01,753 - root - INFO - new node test average_precision, 0.9257
2025-10-01 21:04:01,753 - root - INFO - new node test roc_auc, 0.9191
2025-10-01 21:04:01,753 - root - INFO - save model ./saved_models/JODIE/wikipedia/JODIE_bochner_seed3/JODIE_bochner_seed3.pkl
2025-10-01 21:04:21,601 - root - INFO - Epoch: 12, learning rate: 0.0001, train loss: 0.2895
2025-10-01 21:04:21,601 - root - INFO - train average_precision, 0.9479
2025-10-01 21:04:21,601 - root - INFO - train roc_auc, 0.9468
2025-10-01 21:04:21,601 - root - INFO - validate loss: 0.2790
2025-10-01 21:04:21,601 - root - INFO - validate average_precision, 0.9554
2025-10-01 21:04:21,601 - root - INFO - validate roc_auc, 0.9524
2025-10-01 21:04:21,601 - root - INFO - new node validate loss: 0.3639
2025-10-01 21:04:21,601 - root - INFO - new node validate average_precision, 0.9216
2025-10-01 21:04:21,601 - root - INFO - new node validate roc_auc, 0.9117
2025-10-01 21:04:26,354 - root - INFO - test loss: 0.2880
2025-10-01 21:04:26,354 - root - INFO - test average_precision, 0.9524
2025-10-01 21:04:26,354 - root - INFO - best test average_precision: 0.9524
2025-10-01 21:04:26,355 - root - INFO - test roc_auc, 0.9501
2025-10-01 21:04:26,355 - root - INFO - new node test loss: 0.3548
2025-10-01 21:04:26,355 - root - INFO - new node test average_precision, 0.9290
2025-10-01 21:04:26,355 - root - INFO - new node test roc_auc, 0.9222
2025-10-01 21:04:26,355 - root - INFO - save model ./saved_models/JODIE/wikipedia/JODIE_bochner_seed3/JODIE_bochner_seed3.pkl
2025-10-01 21:04:45,811 - root - INFO - Epoch: 13, learning rate: 0.0001, train loss: 0.2850
2025-10-01 21:04:45,811 - root - INFO - train average_precision, 0.9499
2025-10-01 21:04:45,811 - root - INFO - train roc_auc, 0.9486
2025-10-01 21:04:45,811 - root - INFO - validate loss: 0.2769
2025-10-01 21:04:45,812 - root - INFO - validate average_precision, 0.9563
2025-10-01 21:04:45,812 - root - INFO - validate roc_auc, 0.9535
2025-10-01 21:04:45,812 - root - INFO - new node validate loss: 0.3690
2025-10-01 21:04:45,812 - root - INFO - new node validate average_precision, 0.9210
2025-10-01 21:04:45,812 - root - INFO - new node validate roc_auc, 0.9102
2025-10-01 21:04:50,537 - root - INFO - test loss: 0.2763
2025-10-01 21:04:50,537 - root - INFO - test average_precision, 0.9568
2025-10-01 21:04:50,537 - root - INFO - best test average_precision: 0.9568
2025-10-01 21:04:50,537 - root - INFO - test roc_auc, 0.9548
2025-10-01 21:04:50,537 - root - INFO - new node test loss: 0.3453
2025-10-01 21:04:50,537 - root - INFO - new node test average_precision, 0.9331
2025-10-01 21:04:50,537 - root - INFO - new node test roc_auc, 0.9266
2025-10-01 21:04:50,538 - root - INFO - save model ./saved_models/JODIE/wikipedia/JODIE_bochner_seed3/JODIE_bochner_seed3.pkl
2025-10-01 21:05:10,266 - root - INFO - Epoch: 14, learning rate: 0.0001, train loss: 0.2828
2025-10-01 21:05:10,266 - root - INFO - train average_precision, 0.9504
2025-10-01 21:05:10,266 - root - INFO - train roc_auc, 0.9492
2025-10-01 21:05:10,266 - root - INFO - validate loss: 0.2731
2025-10-01 21:05:10,266 - root - INFO - validate average_precision, 0.9573
2025-10-01 21:05:10,266 - root - INFO - validate roc_auc, 0.9544
2025-10-01 21:05:10,266 - root - INFO - new node validate loss: 0.3631
2025-10-01 21:05:10,267 - root - INFO - new node validate average_precision, 0.9217
2025-10-01 21:05:10,267 - root - INFO - new node validate roc_auc, 0.9128
2025-10-01 21:05:15,029 - root - INFO - test loss: 0.2844
2025-10-01 21:05:15,029 - root - INFO - test average_precision, 0.9538
2025-10-01 21:05:15,029 - root - INFO - best test average_precision: 0.9568
2025-10-01 21:05:15,029 - root - INFO - test roc_auc, 0.9523
2025-10-01 21:05:15,029 - root - INFO - new node test loss: 0.3487
2025-10-01 21:05:15,029 - root - INFO - new node test average_precision, 0.9322
2025-10-01 21:05:15,029 - root - INFO - new node test roc_auc, 0.9258
2025-10-01 21:05:15,029 - root - INFO - save model ./saved_models/JODIE/wikipedia/JODIE_bochner_seed3/JODIE_bochner_seed3.pkl
2025-10-01 21:05:34,470 - root - INFO - Epoch: 15, learning rate: 0.0001, train loss: 0.2815
2025-10-01 21:05:34,470 - root - INFO - train average_precision, 0.9509
2025-10-01 21:05:34,470 - root - INFO - train roc_auc, 0.9496
2025-10-01 21:05:34,470 - root - INFO - validate loss: 0.2738
2025-10-01 21:05:34,470 - root - INFO - validate average_precision, 0.9574
2025-10-01 21:05:34,470 - root - INFO - validate roc_auc, 0.9546
2025-10-01 21:05:34,470 - root - INFO - new node validate loss: 0.3650
2025-10-01 21:05:34,470 - root - INFO - new node validate average_precision, 0.9229
2025-10-01 21:05:34,470 - root - INFO - new node validate roc_auc, 0.9136
2025-10-01 21:05:39,209 - root - INFO - test loss: 0.2827
2025-10-01 21:05:39,210 - root - INFO - test average_precision, 0.9543
2025-10-01 21:05:39,210 - root - INFO - best test average_precision: 0.9568
2025-10-01 21:05:39,210 - root - INFO - test roc_auc, 0.9532
2025-10-01 21:05:39,210 - root - INFO - new node test loss: 0.3495
2025-10-01 21:05:39,210 - root - INFO - new node test average_precision, 0.9320
2025-10-01 21:05:39,210 - root - INFO - new node test roc_auc, 0.9256
2025-10-01 21:05:39,210 - root - INFO - save model ./saved_models/JODIE/wikipedia/JODIE_bochner_seed3/JODIE_bochner_seed3.pkl
2025-10-01 21:05:58,747 - root - INFO - Epoch: 16, learning rate: 0.0001, train loss: 0.2709
2025-10-01 21:05:58,747 - root - INFO - train average_precision, 0.9549
2025-10-01 21:05:58,747 - root - INFO - train roc_auc, 0.9531
2025-10-01 21:05:58,747 - root - INFO - validate loss: 0.2685
2025-10-01 21:05:58,747 - root - INFO - validate average_precision, 0.9591
2025-10-01 21:05:58,747 - root - INFO - validate roc_auc, 0.9559
2025-10-01 21:05:58,747 - root - INFO - new node validate loss: 0.3581
2025-10-01 21:05:58,747 - root - INFO - new node validate average_precision, 0.9238
2025-10-01 21:05:58,747 - root - INFO - new node validate roc_auc, 0.9153
2025-10-01 21:06:03,489 - root - INFO - test loss: 0.2830
2025-10-01 21:06:03,489 - root - INFO - test average_precision, 0.9548
2025-10-01 21:06:03,489 - root - INFO - best test average_precision: 0.9568
2025-10-01 21:06:03,490 - root - INFO - test roc_auc, 0.9528
2025-10-01 21:06:03,490 - root - INFO - new node test loss: 0.3422
2025-10-01 21:06:03,490 - root - INFO - new node test average_precision, 0.9339
2025-10-01 21:06:03,490 - root - INFO - new node test roc_auc, 0.9278
2025-10-01 21:06:03,490 - root - INFO - save model ./saved_models/JODIE/wikipedia/JODIE_bochner_seed3/JODIE_bochner_seed3.pkl
2025-10-01 21:06:23,007 - root - INFO - Epoch: 17, learning rate: 0.0001, train loss: 0.2659
2025-10-01 21:06:23,007 - root - INFO - train average_precision, 0.9562
2025-10-01 21:06:23,007 - root - INFO - train roc_auc, 0.9548
2025-10-01 21:06:23,007 - root - INFO - validate loss: 0.2677
2025-10-01 21:06:23,007 - root - INFO - validate average_precision, 0.9599
2025-10-01 21:06:23,007 - root - INFO - validate roc_auc, 0.9567
2025-10-01 21:06:23,007 - root - INFO - new node validate loss: 0.3605
2025-10-01 21:06:23,008 - root - INFO - new node validate average_precision, 0.9246
2025-10-01 21:06:23,008 - root - INFO - new node validate roc_auc, 0.9151
2025-10-01 21:06:27,732 - root - INFO - test loss: 0.2793
2025-10-01 21:06:27,732 - root - INFO - test average_precision, 0.9557
2025-10-01 21:06:27,732 - root - INFO - best test average_precision: 0.9568
2025-10-01 21:06:27,732 - root - INFO - test roc_auc, 0.9544
2025-10-01 21:06:27,732 - root - INFO - new node test loss: 0.3465
2025-10-01 21:06:27,733 - root - INFO - new node test average_precision, 0.9337
2025-10-01 21:06:27,733 - root - INFO - new node test roc_auc, 0.9275
2025-10-01 21:06:27,733 - root - INFO - save model ./saved_models/JODIE/wikipedia/JODIE_bochner_seed3/JODIE_bochner_seed3.pkl
2025-10-01 21:06:47,283 - root - INFO - Epoch: 18, learning rate: 0.0001, train loss: 0.2670
2025-10-01 21:06:47,284 - root - INFO - train average_precision, 0.9554
2025-10-01 21:06:47,284 - root - INFO - train roc_auc, 0.9543
2025-10-01 21:06:47,284 - root - INFO - validate loss: 0.2658
2025-10-01 21:06:47,284 - root - INFO - validate average_precision, 0.9604
2025-10-01 21:06:47,284 - root - INFO - validate roc_auc, 0.9569
2025-10-01 21:06:47,284 - root - INFO - new node validate loss: 0.3596
2025-10-01 21:06:47,284 - root - INFO - new node validate average_precision, 0.9251
2025-10-01 21:06:47,284 - root - INFO - new node validate roc_auc, 0.9152
2025-10-01 21:06:52,042 - root - INFO - test loss: 0.2710
2025-10-01 21:06:52,042 - root - INFO - test average_precision, 0.9587
2025-10-01 21:06:52,042 - root - INFO - best test average_precision: 0.9587
2025-10-01 21:06:52,042 - root - INFO - test roc_auc, 0.9564
2025-10-01 21:06:52,042 - root - INFO - new node test loss: 0.3404
2025-10-01 21:06:52,042 - root - INFO - new node test average_precision, 0.9352
2025-10-01 21:06:52,042 - root - INFO - new node test roc_auc, 0.9292
2025-10-01 21:06:52,043 - root - INFO - save model ./saved_models/JODIE/wikipedia/JODIE_bochner_seed3/JODIE_bochner_seed3.pkl
2025-10-01 21:07:11,669 - root - INFO - Epoch: 19, learning rate: 0.0001, train loss: 0.2625
2025-10-01 21:07:11,670 - root - INFO - train average_precision, 0.9571
2025-10-01 21:07:11,670 - root - INFO - train roc_auc, 0.9557
2025-10-01 21:07:11,670 - root - INFO - validate loss: 0.2659
2025-10-01 21:07:11,670 - root - INFO - validate average_precision, 0.9605
2025-10-01 21:07:11,670 - root - INFO - validate roc_auc, 0.9571
2025-10-01 21:07:11,670 - root - INFO - new node validate loss: 0.3603
2025-10-01 21:07:11,670 - root - INFO - new node validate average_precision, 0.9242
2025-10-01 21:07:11,670 - root - INFO - new node validate roc_auc, 0.9143
2025-10-01 21:07:16,396 - root - INFO - test loss: 0.2757
2025-10-01 21:07:16,396 - root - INFO - test average_precision, 0.9575
2025-10-01 21:07:16,396 - root - INFO - best test average_precision: 0.9587
2025-10-01 21:07:16,396 - root - INFO - test roc_auc, 0.9553
2025-10-01 21:07:16,396 - root - INFO - new node test loss: 0.3397
2025-10-01 21:07:16,396 - root - INFO - new node test average_precision, 0.9365
2025-10-01 21:07:16,396 - root - INFO - new node test roc_auc, 0.9294
2025-10-01 21:07:16,396 - root - INFO - save model ./saved_models/JODIE/wikipedia/JODIE_bochner_seed3/JODIE_bochner_seed3.pkl
2025-10-01 21:07:35,830 - root - INFO - Epoch: 20, learning rate: 0.0001, train loss: 0.2584
2025-10-01 21:07:35,831 - root - INFO - train average_precision, 0.9587
2025-10-01 21:07:35,831 - root - INFO - train roc_auc, 0.9570
2025-10-01 21:07:35,831 - root - INFO - validate loss: 0.2669
2025-10-01 21:07:35,831 - root - INFO - validate average_precision, 0.9599
2025-10-01 21:07:35,831 - root - INFO - validate roc_auc, 0.9572
2025-10-01 21:07:35,831 - root - INFO - new node validate loss: 0.3552
2025-10-01 21:07:35,831 - root - INFO - new node validate average_precision, 0.9251
2025-10-01 21:07:35,831 - root - INFO - new node validate roc_auc, 0.9160
2025-10-01 21:07:40,553 - root - INFO - test loss: 0.2789
2025-10-01 21:07:40,553 - root - INFO - test average_precision, 0.9550
2025-10-01 21:07:40,553 - root - INFO - best test average_precision: 0.9587
2025-10-01 21:07:40,553 - root - INFO - test roc_auc, 0.9541
2025-10-01 21:07:40,553 - root - INFO - new node test loss: 0.3424
2025-10-01 21:07:40,554 - root - INFO - new node test average_precision, 0.9332
2025-10-01 21:07:40,554 - root - INFO - new node test roc_auc, 0.9291
2025-10-01 21:07:59,126 - root - INFO - Epoch: 21, learning rate: 0.0001, train loss: 0.2588
2025-10-01 21:07:59,126 - root - INFO - train average_precision, 0.9578
2025-10-01 21:07:59,126 - root - INFO - train roc_auc, 0.9568
2025-10-01 21:07:59,126 - root - INFO - validate loss: 0.2639
2025-10-01 21:07:59,127 - root - INFO - validate average_precision, 0.9606
2025-10-01 21:07:59,127 - root - INFO - validate roc_auc, 0.9577
2025-10-01 21:07:59,127 - root - INFO - new node validate loss: 0.3510
2025-10-01 21:07:59,127 - root - INFO - new node validate average_precision, 0.9262
2025-10-01 21:07:59,127 - root - INFO - new node validate roc_auc, 0.9180
2025-10-01 21:08:03,890 - root - INFO - test loss: 0.2822
2025-10-01 21:08:03,890 - root - INFO - test average_precision, 0.9549
2025-10-01 21:08:03,890 - root - INFO - best test average_precision: 0.9587
2025-10-01 21:08:03,890 - root - INFO - test roc_auc, 0.9528
2025-10-01 21:08:03,891 - root - INFO - new node test loss: 0.3441
2025-10-01 21:08:03,891 - root - INFO - new node test average_precision, 0.9337
2025-10-01 21:08:03,891 - root - INFO - new node test roc_auc, 0.9270
2025-10-01 21:08:03,891 - root - INFO - save model ./saved_models/JODIE/wikipedia/JODIE_bochner_seed3/JODIE_bochner_seed3.pkl
2025-10-01 21:08:23,391 - root - INFO - Epoch: 22, learning rate: 0.0001, train loss: 0.2573
2025-10-01 21:08:23,392 - root - INFO - train average_precision, 0.9583
2025-10-01 21:08:23,392 - root - INFO - train roc_auc, 0.9573
2025-10-01 21:08:23,392 - root - INFO - validate loss: 0.2610
2025-10-01 21:08:23,392 - root - INFO - validate average_precision, 0.9622
2025-10-01 21:08:23,392 - root - INFO - validate roc_auc, 0.9589
2025-10-01 21:08:23,392 - root - INFO - new node validate loss: 0.3550
2025-10-01 21:08:23,392 - root - INFO - new node validate average_precision, 0.9247
2025-10-01 21:08:23,392 - root - INFO - new node validate roc_auc, 0.9178
2025-10-01 21:08:28,097 - root - INFO - test loss: 0.2703
2025-10-01 21:08:28,097 - root - INFO - test average_precision, 0.9588
2025-10-01 21:08:28,097 - root - INFO - best test average_precision: 0.9588
2025-10-01 21:08:28,097 - root - INFO - test roc_auc, 0.9572
2025-10-01 21:08:28,097 - root - INFO - new node test loss: 0.3412
2025-10-01 21:08:28,097 - root - INFO - new node test average_precision, 0.9359
2025-10-01 21:08:28,097 - root - INFO - new node test roc_auc, 0.9293
2025-10-01 21:08:28,098 - root - INFO - save model ./saved_models/JODIE/wikipedia/JODIE_bochner_seed3/JODIE_bochner_seed3.pkl
2025-10-01 21:08:47,509 - root - INFO - Epoch: 23, learning rate: 0.0001, train loss: 0.2532
2025-10-01 21:08:47,509 - root - INFO - train average_precision, 0.9594
2025-10-01 21:08:47,510 - root - INFO - train roc_auc, 0.9582
2025-10-01 21:08:47,510 - root - INFO - validate loss: 0.2635
2025-10-01 21:08:47,510 - root - INFO - validate average_precision, 0.9615
2025-10-01 21:08:47,510 - root - INFO - validate roc_auc, 0.9583
2025-10-01 21:08:47,510 - root - INFO - new node validate loss: 0.3577
2025-10-01 21:08:47,510 - root - INFO - new node validate average_precision, 0.9247
2025-10-01 21:08:47,510 - root - INFO - new node validate roc_auc, 0.9160
2025-10-01 21:08:52,255 - root - INFO - test loss: 0.2765
2025-10-01 21:08:52,255 - root - INFO - test average_precision, 0.9566
2025-10-01 21:08:52,255 - root - INFO - best test average_precision: 0.9588
2025-10-01 21:08:52,255 - root - INFO - test roc_auc, 0.9552
2025-10-01 21:08:52,255 - root - INFO - new node test loss: 0.3475
2025-10-01 21:08:52,256 - root - INFO - new node test average_precision, 0.9331
2025-10-01 21:08:52,256 - root - INFO - new node test roc_auc, 0.9266
2025-10-01 21:09:10,564 - root - INFO - Epoch: 24, learning rate: 0.0001, train loss: 0.2524
2025-10-01 21:09:10,564 - root - INFO - train average_precision, 0.9598
2025-10-01 21:09:10,564 - root - INFO - train roc_auc, 0.9587
2025-10-01 21:09:10,564 - root - INFO - validate loss: 0.2665
2025-10-01 21:09:10,565 - root - INFO - validate average_precision, 0.9606
2025-10-01 21:09:10,565 - root - INFO - validate roc_auc, 0.9576
2025-10-01 21:09:10,565 - root - INFO - new node validate loss: 0.3575
2025-10-01 21:09:10,565 - root - INFO - new node validate average_precision, 0.9261
2025-10-01 21:09:10,565 - root - INFO - new node validate roc_auc, 0.9169
2025-10-01 21:09:15,340 - root - INFO - test loss: 0.2879
2025-10-01 21:09:15,340 - root - INFO - test average_precision, 0.9537
2025-10-01 21:09:15,340 - root - INFO - best test average_precision: 0.9588
2025-10-01 21:09:15,340 - root - INFO - test roc_auc, 0.9528
2025-10-01 21:09:15,340 - root - INFO - new node test loss: 0.3471
2025-10-01 21:09:15,340 - root - INFO - new node test average_precision, 0.9339
2025-10-01 21:09:15,340 - root - INFO - new node test roc_auc, 0.9278
2025-10-01 21:09:33,831 - root - INFO - Epoch: 25, learning rate: 0.0001, train loss: 0.2513
2025-10-01 21:09:33,831 - root - INFO - train average_precision, 0.9596
2025-10-01 21:09:33,831 - root - INFO - train roc_auc, 0.9588
2025-10-01 21:09:33,831 - root - INFO - validate loss: 0.2594
2025-10-01 21:09:33,831 - root - INFO - validate average_precision, 0.9628
2025-10-01 21:09:33,831 - root - INFO - validate roc_auc, 0.9599
2025-10-01 21:09:33,831 - root - INFO - new node validate loss: 0.3508
2025-10-01 21:09:33,831 - root - INFO - new node validate average_precision, 0.9263
2025-10-01 21:09:33,831 - root - INFO - new node validate roc_auc, 0.9187
2025-10-01 21:09:38,595 - root - INFO - test loss: 0.2667
2025-10-01 21:09:38,595 - root - INFO - test average_precision, 0.9601
2025-10-01 21:09:38,595 - root - INFO - best test average_precision: 0.9601
2025-10-01 21:09:38,595 - root - INFO - test roc_auc, 0.9583
2025-10-01 21:09:38,595 - root - INFO - new node test loss: 0.3413
2025-10-01 21:09:38,596 - root - INFO - new node test average_precision, 0.9368
2025-10-01 21:09:38,596 - root - INFO - new node test roc_auc, 0.9298
2025-10-01 21:09:38,596 - root - INFO - save model ./saved_models/JODIE/wikipedia/JODIE_bochner_seed3/JODIE_bochner_seed3.pkl
2025-10-01 21:09:57,987 - root - INFO - Epoch: 26, learning rate: 0.0001, train loss: 0.2491
2025-10-01 21:09:57,988 - root - INFO - train average_precision, 0.9604
2025-10-01 21:09:57,988 - root - INFO - train roc_auc, 0.9597
2025-10-01 21:09:57,988 - root - INFO - validate loss: 0.2580
2025-10-01 21:09:57,988 - root - INFO - validate average_precision, 0.9625
2025-10-01 21:09:57,988 - root - INFO - validate roc_auc, 0.9598
2025-10-01 21:09:57,988 - root - INFO - new node validate loss: 0.3505
2025-10-01 21:09:57,988 - root - INFO - new node validate average_precision, 0.9247
2025-10-01 21:09:57,988 - root - INFO - new node validate roc_auc, 0.9167
2025-10-01 21:10:02,697 - root - INFO - test loss: 0.2640
2025-10-01 21:10:02,698 - root - INFO - test average_precision, 0.9597
2025-10-01 21:10:02,698 - root - INFO - best test average_precision: 0.9601
2025-10-01 21:10:02,698 - root - INFO - test roc_auc, 0.9584
2025-10-01 21:10:02,698 - root - INFO - new node test loss: 0.3314
2025-10-01 21:10:02,698 - root - INFO - new node test average_precision, 0.9383
2025-10-01 21:10:02,698 - root - INFO - new node test roc_auc, 0.9333
2025-10-01 21:10:20,979 - root - INFO - Epoch: 27, learning rate: 0.0001, train loss: 0.2435
2025-10-01 21:10:20,979 - root - INFO - train average_precision, 0.9618
2025-10-01 21:10:20,979 - root - INFO - train roc_auc, 0.9610
2025-10-01 21:10:20,979 - root - INFO - validate loss: 0.2606
2025-10-01 21:10:20,979 - root - INFO - validate average_precision, 0.9621
2025-10-01 21:10:20,980 - root - INFO - validate roc_auc, 0.9593
2025-10-01 21:10:20,980 - root - INFO - new node validate loss: 0.3544
2025-10-01 21:10:20,980 - root - INFO - new node validate average_precision, 0.9244
2025-10-01 21:10:20,980 - root - INFO - new node validate roc_auc, 0.9172
2025-10-01 21:10:25,688 - root - INFO - test loss: 0.2742
2025-10-01 21:10:25,688 - root - INFO - test average_precision, 0.9569
2025-10-01 21:10:25,688 - root - INFO - best test average_precision: 0.9601
2025-10-01 21:10:25,688 - root - INFO - test roc_auc, 0.9558
2025-10-01 21:10:25,688 - root - INFO - new node test loss: 0.3463
2025-10-01 21:10:25,688 - root - INFO - new node test average_precision, 0.9345
2025-10-01 21:10:25,688 - root - INFO - new node test roc_auc, 0.9278
2025-10-01 21:10:43,906 - root - INFO - Epoch: 28, learning rate: 0.0001, train loss: 0.2425
2025-10-01 21:10:43,906 - root - INFO - train average_precision, 0.9619
2025-10-01 21:10:43,906 - root - INFO - train roc_auc, 0.9614
2025-10-01 21:10:43,906 - root - INFO - validate loss: 0.2550
2025-10-01 21:10:43,906 - root - INFO - validate average_precision, 0.9649
2025-10-01 21:10:43,906 - root - INFO - validate roc_auc, 0.9616
2025-10-01 21:10:43,906 - root - INFO - new node validate loss: 0.3467
2025-10-01 21:10:43,906 - root - INFO - new node validate average_precision, 0.9280
2025-10-01 21:10:43,906 - root - INFO - new node validate roc_auc, 0.9220
2025-10-01 21:10:48,664 - root - INFO - test loss: 0.2592
2025-10-01 21:10:48,664 - root - INFO - test average_precision, 0.9625
2025-10-01 21:10:48,664 - root - INFO - best test average_precision: 0.9625
2025-10-01 21:10:48,664 - root - INFO - test roc_auc, 0.9613
2025-10-01 21:10:48,664 - root - INFO - new node test loss: 0.3261
2025-10-01 21:10:48,664 - root - INFO - new node test average_precision, 0.9421
2025-10-01 21:10:48,664 - root - INFO - new node test roc_auc, 0.9368
2025-10-01 21:10:48,664 - root - INFO - save model ./saved_models/JODIE/wikipedia/JODIE_bochner_seed3/JODIE_bochner_seed3.pkl
2025-10-01 21:11:08,354 - root - INFO - Epoch: 29, learning rate: 0.0001, train loss: 0.2393
2025-10-01 21:11:08,354 - root - INFO - train average_precision, 0.9627
2025-10-01 21:11:08,354 - root - INFO - train roc_auc, 0.9621
2025-10-01 21:11:08,354 - root - INFO - validate loss: 0.2536
2025-10-01 21:11:08,354 - root - INFO - validate average_precision, 0.9645
2025-10-01 21:11:08,354 - root - INFO - validate roc_auc, 0.9614
2025-10-01 21:11:08,354 - root - INFO - new node validate loss: 0.3455
2025-10-01 21:11:08,354 - root - INFO - new node validate average_precision, 0.9282
2025-10-01 21:11:08,354 - root - INFO - new node validate roc_auc, 0.9218
2025-10-01 21:11:13,086 - root - INFO - test loss: 0.2586
2025-10-01 21:11:13,087 - root - INFO - test average_precision, 0.9611
2025-10-01 21:11:13,087 - root - INFO - best test average_precision: 0.9625
2025-10-01 21:11:13,087 - root - INFO - test roc_auc, 0.9604
2025-10-01 21:11:13,087 - root - INFO - new node test loss: 0.3332
2025-10-01 21:11:13,087 - root - INFO - new node test average_precision, 0.9390
2025-10-01 21:11:13,087 - root - INFO - new node test roc_auc, 0.9332
2025-10-01 21:11:31,451 - root - INFO - Epoch: 30, learning rate: 0.0001, train loss: 0.2415
2025-10-01 21:11:31,451 - root - INFO - train average_precision, 0.9621
2025-10-01 21:11:31,451 - root - INFO - train roc_auc, 0.9616
2025-10-01 21:11:31,451 - root - INFO - validate loss: 0.2586
2025-10-01 21:11:31,452 - root - INFO - validate average_precision, 0.9635
2025-10-01 21:11:31,452 - root - INFO - validate roc_auc, 0.9604
2025-10-01 21:11:31,452 - root - INFO - new node validate loss: 0.3493
2025-10-01 21:11:31,452 - root - INFO - new node validate average_precision, 0.9262
2025-10-01 21:11:31,452 - root - INFO - new node validate roc_auc, 0.9197
2025-10-01 21:11:36,148 - root - INFO - test loss: 0.2759
2025-10-01 21:11:36,149 - root - INFO - test average_precision, 0.9582
2025-10-01 21:11:36,149 - root - INFO - best test average_precision: 0.9625
2025-10-01 21:11:36,149 - root - INFO - test roc_auc, 0.9563
2025-10-01 21:11:36,149 - root - INFO - new node test loss: 0.3426
2025-10-01 21:11:36,149 - root - INFO - new node test average_precision, 0.9368
2025-10-01 21:11:36,149 - root - INFO - new node test roc_auc, 0.9302
2025-10-01 21:11:54,463 - root - INFO - Epoch: 31, learning rate: 0.0001, train loss: 0.2362
2025-10-01 21:11:54,463 - root - INFO - train average_precision, 0.9635
2025-10-01 21:11:54,463 - root - INFO - train roc_auc, 0.9632
2025-10-01 21:11:54,463 - root - INFO - validate loss: 0.2608
2025-10-01 21:11:54,463 - root - INFO - validate average_precision, 0.9634
2025-10-01 21:11:54,463 - root - INFO - validate roc_auc, 0.9599
2025-10-01 21:11:54,463 - root - INFO - new node validate loss: 0.3563
2025-10-01 21:11:54,463 - root - INFO - new node validate average_precision, 0.9253
2025-10-01 21:11:54,464 - root - INFO - new node validate roc_auc, 0.9174
2025-10-01 21:11:59,223 - root - INFO - test loss: 0.2680
2025-10-01 21:11:59,223 - root - INFO - test average_precision, 0.9602
2025-10-01 21:11:59,223 - root - INFO - best test average_precision: 0.9625
2025-10-01 21:11:59,223 - root - INFO - test roc_auc, 0.9586
2025-10-01 21:11:59,223 - root - INFO - new node test loss: 0.3392
2025-10-01 21:11:59,223 - root - INFO - new node test average_precision, 0.9375
2025-10-01 21:11:59,223 - root - INFO - new node test roc_auc, 0.9316
2025-10-01 21:12:17,703 - root - INFO - Epoch: 32, learning rate: 0.0001, train loss: 0.2346
2025-10-01 21:12:17,703 - root - INFO - train average_precision, 0.9640
2025-10-01 21:12:17,704 - root - INFO - train roc_auc, 0.9636
2025-10-01 21:12:17,704 - root - INFO - validate loss: 0.2526
2025-10-01 21:12:17,704 - root - INFO - validate average_precision, 0.9649
2025-10-01 21:12:17,704 - root - INFO - validate roc_auc, 0.9616
2025-10-01 21:12:17,704 - root - INFO - new node validate loss: 0.3470
2025-10-01 21:12:17,704 - root - INFO - new node validate average_precision, 0.9261
2025-10-01 21:12:17,704 - root - INFO - new node validate roc_auc, 0.9200
2025-10-01 21:12:22,427 - root - INFO - test loss: 0.2606
2025-10-01 21:12:22,427 - root - INFO - test average_precision, 0.9618
2025-10-01 21:12:22,427 - root - INFO - best test average_precision: 0.9625
2025-10-01 21:12:22,427 - root - INFO - test roc_auc, 0.9602
2025-10-01 21:12:22,427 - root - INFO - new node test loss: 0.3333
2025-10-01 21:12:22,427 - root - INFO - new node test average_precision, 0.9392
2025-10-01 21:12:22,427 - root - INFO - new node test roc_auc, 0.9336
2025-10-01 21:12:40,640 - root - INFO - Epoch: 33, learning rate: 0.0001, train loss: 0.2328
2025-10-01 21:12:40,640 - root - INFO - train average_precision, 0.9644
2025-10-01 21:12:40,640 - root - INFO - train roc_auc, 0.9641
2025-10-01 21:12:40,640 - root - INFO - validate loss: 0.2515
2025-10-01 21:12:40,640 - root - INFO - validate average_precision, 0.9649
2025-10-01 21:12:40,641 - root - INFO - validate roc_auc, 0.9619
2025-10-01 21:12:40,641 - root - INFO - new node validate loss: 0.3432
2025-10-01 21:12:40,641 - root - INFO - new node validate average_precision, 0.9283
2025-10-01 21:12:40,641 - root - INFO - new node validate roc_auc, 0.9218
2025-10-01 21:12:45,401 - root - INFO - test loss: 0.2680
2025-10-01 21:12:45,401 - root - INFO - test average_precision, 0.9597
2025-10-01 21:12:45,401 - root - INFO - best test average_precision: 0.9625
2025-10-01 21:12:45,401 - root - INFO - test roc_auc, 0.9579
2025-10-01 21:12:45,401 - root - INFO - new node test loss: 0.3322
2025-10-01 21:12:45,401 - root - INFO - new node test average_precision, 0.9404
2025-10-01 21:12:45,401 - root - INFO - new node test roc_auc, 0.9339
2025-10-01 21:12:45,401 - root - INFO - save model ./saved_models/JODIE/wikipedia/JODIE_bochner_seed3/JODIE_bochner_seed3.pkl
2025-10-01 21:13:04,978 - root - INFO - Epoch: 34, learning rate: 0.0001, train loss: 0.2333
2025-10-01 21:13:04,979 - root - INFO - train average_precision, 0.9644
2025-10-01 21:13:04,979 - root - INFO - train roc_auc, 0.9640
2025-10-01 21:13:04,979 - root - INFO - validate loss: 0.2545
2025-10-01 21:13:04,979 - root - INFO - validate average_precision, 0.9646
2025-10-01 21:13:04,979 - root - INFO - validate roc_auc, 0.9615
2025-10-01 21:13:04,979 - root - INFO - new node validate loss: 0.3465
2025-10-01 21:13:04,979 - root - INFO - new node validate average_precision, 0.9273
2025-10-01 21:13:04,979 - root - INFO - new node validate roc_auc, 0.9205
2025-10-01 21:13:09,730 - root - INFO - test loss: 0.2627
2025-10-01 21:13:09,730 - root - INFO - test average_precision, 0.9602
2025-10-01 21:13:09,730 - root - INFO - best test average_precision: 0.9625
2025-10-01 21:13:09,730 - root - INFO - test roc_auc, 0.9601
2025-10-01 21:13:09,730 - root - INFO - new node test loss: 0.3342
2025-10-01 21:13:09,730 - root - INFO - new node test average_precision, 0.9396
2025-10-01 21:13:09,730 - root - INFO - new node test roc_auc, 0.9333
2025-10-01 21:13:28,228 - root - INFO - Epoch: 35, learning rate: 0.0001, train loss: 0.2326
2025-10-01 21:13:28,228 - root - INFO - train average_precision, 0.9640
2025-10-01 21:13:28,228 - root - INFO - train roc_auc, 0.9639
2025-10-01 21:13:28,228 - root - INFO - validate loss: 0.2577
2025-10-01 21:13:28,228 - root - INFO - validate average_precision, 0.9635
2025-10-01 21:13:28,229 - root - INFO - validate roc_auc, 0.9601
2025-10-01 21:13:28,229 - root - INFO - new node validate loss: 0.3463
2025-10-01 21:13:28,229 - root - INFO - new node validate average_precision, 0.9285
2025-10-01 21:13:28,229 - root - INFO - new node validate roc_auc, 0.9214
2025-10-01 21:13:32,956 - root - INFO - test loss: 0.2617
2025-10-01 21:13:32,956 - root - INFO - test average_precision, 0.9605
2025-10-01 21:13:32,956 - root - INFO - best test average_precision: 0.9625
2025-10-01 21:13:32,956 - root - INFO - test roc_auc, 0.9598
2025-10-01 21:13:32,956 - root - INFO - new node test loss: 0.3405
2025-10-01 21:13:32,956 - root - INFO - new node test average_precision, 0.9379
2025-10-01 21:13:32,956 - root - INFO - new node test roc_auc, 0.9315
2025-10-01 21:13:51,514 - root - INFO - Epoch: 36, learning rate: 0.0001, train loss: 0.2266
2025-10-01 21:13:51,514 - root - INFO - train average_precision, 0.9662
2025-10-01 21:13:51,514 - root - INFO - train roc_auc, 0.9659
2025-10-01 21:13:51,514 - root - INFO - validate loss: 0.2557
2025-10-01 21:13:51,514 - root - INFO - validate average_precision, 0.9642
2025-10-01 21:13:51,514 - root - INFO - validate roc_auc, 0.9613
2025-10-01 21:13:51,514 - root - INFO - new node validate loss: 0.3512
2025-10-01 21:13:51,514 - root - INFO - new node validate average_precision, 0.9273
2025-10-01 21:13:51,514 - root - INFO - new node validate roc_auc, 0.9203
2025-10-01 21:13:56,437 - root - INFO - test loss: 0.2648
2025-10-01 21:13:56,437 - root - INFO - test average_precision, 0.9613
2025-10-01 21:13:56,437 - root - INFO - best test average_precision: 0.9625
2025-10-01 21:13:56,437 - root - INFO - test roc_auc, 0.9601
2025-10-01 21:13:56,437 - root - INFO - new node test loss: 0.3420
2025-10-01 21:13:56,437 - root - INFO - new node test average_precision, 0.9379
2025-10-01 21:13:56,437 - root - INFO - new node test roc_auc, 0.9316
2025-10-01 21:14:14,752 - root - INFO - Epoch: 37, learning rate: 0.0001, train loss: 0.2265
2025-10-01 21:14:14,752 - root - INFO - train average_precision, 0.9659
2025-10-01 21:14:14,752 - root - INFO - train roc_auc, 0.9658
2025-10-01 21:14:14,752 - root - INFO - validate loss: 0.2501
2025-10-01 21:14:14,752 - root - INFO - validate average_precision, 0.9659
2025-10-01 21:14:14,752 - root - INFO - validate roc_auc, 0.9629
2025-10-01 21:14:14,752 - root - INFO - new node validate loss: 0.3462
2025-10-01 21:14:14,752 - root - INFO - new node validate average_precision, 0.9278
2025-10-01 21:14:14,752 - root - INFO - new node validate roc_auc, 0.9224
2025-10-01 21:14:19,596 - root - INFO - test loss: 0.2584
2025-10-01 21:14:19,596 - root - INFO - test average_precision, 0.9626
2025-10-01 21:14:19,596 - root - INFO - best test average_precision: 0.9626
2025-10-01 21:14:19,596 - root - INFO - test roc_auc, 0.9613
2025-10-01 21:14:19,596 - root - INFO - new node test loss: 0.3349
2025-10-01 21:14:19,596 - root - INFO - new node test average_precision, 0.9385
2025-10-01 21:14:19,596 - root - INFO - new node test roc_auc, 0.9336
2025-10-01 21:14:19,597 - root - INFO - save model ./saved_models/JODIE/wikipedia/JODIE_bochner_seed3/JODIE_bochner_seed3.pkl
2025-10-01 21:14:39,282 - root - INFO - Epoch: 38, learning rate: 0.0001, train loss: 0.2285
2025-10-01 21:14:39,282 - root - INFO - train average_precision, 0.9655
2025-10-01 21:14:39,282 - root - INFO - train roc_auc, 0.9653
2025-10-01 21:14:39,282 - root - INFO - validate loss: 0.2547
2025-10-01 21:14:39,282 - root - INFO - validate average_precision, 0.9644
2025-10-01 21:14:39,282 - root - INFO - validate roc_auc, 0.9614
2025-10-01 21:14:39,282 - root - INFO - new node validate loss: 0.3508
2025-10-01 21:14:39,283 - root - INFO - new node validate average_precision, 0.9264
2025-10-01 21:14:39,283 - root - INFO - new node validate roc_auc, 0.9201
2025-10-01 21:14:43,994 - root - INFO - test loss: 0.2641
2025-10-01 21:14:43,994 - root - INFO - test average_precision, 0.9617
2025-10-01 21:14:43,994 - root - INFO - best test average_precision: 0.9626
2025-10-01 21:14:43,994 - root - INFO - test roc_auc, 0.9599
2025-10-01 21:14:43,994 - root - INFO - new node test loss: 0.3338
2025-10-01 21:14:43,994 - root - INFO - new node test average_precision, 0.9395
2025-10-01 21:14:43,994 - root - INFO - new node test roc_auc, 0.9342
2025-10-01 21:15:02,282 - root - INFO - Epoch: 39, learning rate: 0.0001, train loss: 0.2241
2025-10-01 21:15:02,282 - root - INFO - train average_precision, 0.9664
2025-10-01 21:15:02,282 - root - INFO - train roc_auc, 0.9664
2025-10-01 21:15:02,283 - root - INFO - validate loss: 0.2546
2025-10-01 21:15:02,283 - root - INFO - validate average_precision, 0.9652
2025-10-01 21:15:02,283 - root - INFO - validate roc_auc, 0.9624
2025-10-01 21:15:02,283 - root - INFO - new node validate loss: 0.3440
2025-10-01 21:15:02,283 - root - INFO - new node validate average_precision, 0.9299
2025-10-01 21:15:02,283 - root - INFO - new node validate roc_auc, 0.9245
2025-10-01 21:15:07,027 - root - INFO - test loss: 0.2642
2025-10-01 21:15:07,027 - root - INFO - test average_precision, 0.9619
2025-10-01 21:15:07,027 - root - INFO - best test average_precision: 0.9626
2025-10-01 21:15:07,027 - root - INFO - test roc_auc, 0.9604
2025-10-01 21:15:07,028 - root - INFO - new node test loss: 0.3326
2025-10-01 21:15:07,028 - root - INFO - new node test average_precision, 0.9406
2025-10-01 21:15:07,028 - root - INFO - new node test roc_auc, 0.9359
2025-10-01 21:15:25,587 - root - INFO - Epoch: 40, learning rate: 0.0001, train loss: 0.2251
2025-10-01 21:15:25,587 - root - INFO - train average_precision, 0.9665
2025-10-01 21:15:25,588 - root - INFO - train roc_auc, 0.9663
2025-10-01 21:15:25,588 - root - INFO - validate loss: 0.2531
2025-10-01 21:15:25,588 - root - INFO - validate average_precision, 0.9652
2025-10-01 21:15:25,588 - root - INFO - validate roc_auc, 0.9621
2025-10-01 21:15:25,588 - root - INFO - new node validate loss: 0.3448
2025-10-01 21:15:25,588 - root - INFO - new node validate average_precision, 0.9286
2025-10-01 21:15:25,588 - root - INFO - new node validate roc_auc, 0.9225
2025-10-01 21:15:30,308 - root - INFO - test loss: 0.2589
2025-10-01 21:15:30,308 - root - INFO - test average_precision, 0.9631
2025-10-01 21:15:30,308 - root - INFO - best test average_precision: 0.9631
2025-10-01 21:15:30,308 - root - INFO - test roc_auc, 0.9615
2025-10-01 21:15:30,308 - root - INFO - new node test loss: 0.3274
2025-10-01 21:15:30,308 - root - INFO - new node test average_precision, 0.9418
2025-10-01 21:15:30,308 - root - INFO - new node test roc_auc, 0.9365
2025-10-01 21:15:48,561 - root - INFO - Epoch: 41, learning rate: 0.0001, train loss: 0.2231
2025-10-01 21:15:48,561 - root - INFO - train average_precision, 0.9668
2025-10-01 21:15:48,561 - root - INFO - train roc_auc, 0.9669
2025-10-01 21:15:48,562 - root - INFO - validate loss: 0.2532
2025-10-01 21:15:48,562 - root - INFO - validate average_precision, 0.9656
2025-10-01 21:15:48,562 - root - INFO - validate roc_auc, 0.9625
2025-10-01 21:15:48,562 - root - INFO - new node validate loss: 0.3466
2025-10-01 21:15:48,562 - root - INFO - new node validate average_precision, 0.9288
2025-10-01 21:15:48,562 - root - INFO - new node validate roc_auc, 0.9234
2025-10-01 21:15:53,291 - root - INFO - test loss: 0.2643
2025-10-01 21:15:53,291 - root - INFO - test average_precision, 0.9615
2025-10-01 21:15:53,291 - root - INFO - best test average_precision: 0.9631
2025-10-01 21:15:53,291 - root - INFO - test roc_auc, 0.9603
2025-10-01 21:15:53,291 - root - INFO - new node test loss: 0.3332
2025-10-01 21:15:53,292 - root - INFO - new node test average_precision, 0.9406
2025-10-01 21:15:53,292 - root - INFO - new node test roc_auc, 0.9355
2025-10-01 21:16:11,652 - root - INFO - Epoch: 42, learning rate: 0.0001, train loss: 0.2193
2025-10-01 21:16:11,652 - root - INFO - train average_precision, 0.9680
2025-10-01 21:16:11,653 - root - INFO - train roc_auc, 0.9678
2025-10-01 21:16:11,653 - root - INFO - validate loss: 0.2495
2025-10-01 21:16:11,653 - root - INFO - validate average_precision, 0.9664
2025-10-01 21:16:11,653 - root - INFO - validate roc_auc, 0.9634
2025-10-01 21:16:11,653 - root - INFO - new node validate loss: 0.3446
2025-10-01 21:16:11,653 - root - INFO - new node validate average_precision, 0.9299
2025-10-01 21:16:11,653 - root - INFO - new node validate roc_auc, 0.9239
2025-10-01 21:16:16,408 - root - INFO - test loss: 0.2619
2025-10-01 21:16:16,408 - root - INFO - test average_precision, 0.9627
2025-10-01 21:16:16,408 - root - INFO - best test average_precision: 0.9631
2025-10-01 21:16:16,409 - root - INFO - test roc_auc, 0.9609
2025-10-01 21:16:16,409 - root - INFO - new node test loss: 0.3334
2025-10-01 21:16:16,409 - root - INFO - new node test average_precision, 0.9404
2025-10-01 21:16:16,409 - root - INFO - new node test roc_auc, 0.9351
2025-10-01 21:16:16,409 - root - INFO - save model ./saved_models/JODIE/wikipedia/JODIE_bochner_seed3/JODIE_bochner_seed3.pkl
2025-10-01 21:16:35,938 - root - INFO - Epoch: 43, learning rate: 0.0001, train loss: 0.2216
2025-10-01 21:16:35,938 - root - INFO - train average_precision, 0.9675
2025-10-01 21:16:35,938 - root - INFO - train roc_auc, 0.9671
2025-10-01 21:16:35,938 - root - INFO - validate loss: 0.2495
2025-10-01 21:16:35,938 - root - INFO - validate average_precision, 0.9667
2025-10-01 21:16:35,938 - root - INFO - validate roc_auc, 0.9634
2025-10-01 21:16:35,938 - root - INFO - new node validate loss: 0.3505
2025-10-01 21:16:35,938 - root - INFO - new node validate average_precision, 0.9290
2025-10-01 21:16:35,938 - root - INFO - new node validate roc_auc, 0.9234
2025-10-01 21:16:40,740 - root - INFO - test loss: 0.2528
2025-10-01 21:16:40,741 - root - INFO - test average_precision, 0.9654
2025-10-01 21:16:40,741 - root - INFO - best test average_precision: 0.9654
2025-10-01 21:16:40,741 - root - INFO - test roc_auc, 0.9633
2025-10-01 21:16:40,741 - root - INFO - new node test loss: 0.3256
2025-10-01 21:16:40,741 - root - INFO - new node test average_precision, 0.9435
2025-10-01 21:16:40,741 - root - INFO - new node test roc_auc, 0.9382
2025-10-01 21:16:59,092 - root - INFO - Epoch: 44, learning rate: 0.0001, train loss: 0.2166
2025-10-01 21:16:59,093 - root - INFO - train average_precision, 0.9685
2025-10-01 21:16:59,093 - root - INFO - train roc_auc, 0.9685
2025-10-01 21:16:59,093 - root - INFO - validate loss: 0.2522
2025-10-01 21:16:59,093 - root - INFO - validate average_precision, 0.9664
2025-10-01 21:16:59,093 - root - INFO - validate roc_auc, 0.9632
2025-10-01 21:16:59,093 - root - INFO - new node validate loss: 0.3505
2025-10-01 21:16:59,093 - root - INFO - new node validate average_precision, 0.9285
2025-10-01 21:16:59,093 - root - INFO - new node validate roc_auc, 0.9231
2025-10-01 21:17:03,784 - root - INFO - test loss: 0.2534
2025-10-01 21:17:03,784 - root - INFO - test average_precision, 0.9645
2025-10-01 21:17:03,784 - root - INFO - best test average_precision: 0.9654
2025-10-01 21:17:03,784 - root - INFO - test roc_auc, 0.9630
2025-10-01 21:17:03,784 - root - INFO - new node test loss: 0.3279
2025-10-01 21:17:03,784 - root - INFO - new node test average_precision, 0.9432
2025-10-01 21:17:03,784 - root - INFO - new node test roc_auc, 0.9376
2025-10-01 21:17:22,103 - root - INFO - Epoch: 45, learning rate: 0.0001, train loss: 0.2151
2025-10-01 21:17:22,103 - root - INFO - train average_precision, 0.9687
2025-10-01 21:17:22,103 - root - INFO - train roc_auc, 0.9688
2025-10-01 21:17:22,104 - root - INFO - validate loss: 0.2578
2025-10-01 21:17:22,104 - root - INFO - validate average_precision, 0.9642
2025-10-01 21:17:22,104 - root - INFO - validate roc_auc, 0.9611
2025-10-01 21:17:22,104 - root - INFO - new node validate loss: 0.3419
2025-10-01 21:17:22,104 - root - INFO - new node validate average_precision, 0.9294
2025-10-01 21:17:22,104 - root - INFO - new node validate roc_auc, 0.9236
2025-10-01 21:17:26,862 - root - INFO - test loss: 0.2657
2025-10-01 21:17:26,862 - root - INFO - test average_precision, 0.9616
2025-10-01 21:17:26,862 - root - INFO - best test average_precision: 0.9654
2025-10-01 21:17:26,862 - root - INFO - test roc_auc, 0.9596
2025-10-01 21:17:26,862 - root - INFO - new node test loss: 0.3278
2025-10-01 21:17:26,862 - root - INFO - new node test average_precision, 0.9427
2025-10-01 21:17:26,862 - root - INFO - new node test roc_auc, 0.9366
2025-10-01 21:17:45,420 - root - INFO - Epoch: 46, learning rate: 0.0001, train loss: 0.2164
2025-10-01 21:17:45,420 - root - INFO - train average_precision, 0.9685
2025-10-01 21:17:45,420 - root - INFO - train roc_auc, 0.9685
2025-10-01 21:17:45,420 - root - INFO - validate loss: 0.2524
2025-10-01 21:17:45,420 - root - INFO - validate average_precision, 0.9666
2025-10-01 21:17:45,421 - root - INFO - validate roc_auc, 0.9637
2025-10-01 21:17:45,421 - root - INFO - new node validate loss: 0.3476
2025-10-01 21:17:45,421 - root - INFO - new node validate average_precision, 0.9317
2025-10-01 21:17:45,421 - root - INFO - new node validate roc_auc, 0.9255
2025-10-01 21:17:50,131 - root - INFO - test loss: 0.2563
2025-10-01 21:17:50,132 - root - INFO - test average_precision, 0.9644
2025-10-01 21:17:50,132 - root - INFO - best test average_precision: 0.9654
2025-10-01 21:17:50,132 - root - INFO - test roc_auc, 0.9632
2025-10-01 21:17:50,132 - root - INFO - new node test loss: 0.3292
2025-10-01 21:17:50,132 - root - INFO - new node test average_precision, 0.9450
2025-10-01 21:17:50,132 - root - INFO - new node test roc_auc, 0.9394
2025-10-01 21:17:50,132 - root - INFO - save model ./saved_models/JODIE/wikipedia/JODIE_bochner_seed3/JODIE_bochner_seed3.pkl
2025-10-01 21:18:09,541 - root - INFO - Epoch: 47, learning rate: 0.0001, train loss: 0.2113
2025-10-01 21:18:09,541 - root - INFO - train average_precision, 0.9697
2025-10-01 21:18:09,542 - root - INFO - train roc_auc, 0.9698
2025-10-01 21:18:09,542 - root - INFO - validate loss: 0.2593
2025-10-01 21:18:09,542 - root - INFO - validate average_precision, 0.9658
2025-10-01 21:18:09,542 - root - INFO - validate roc_auc, 0.9625
2025-10-01 21:18:09,542 - root - INFO - new node validate loss: 0.3549
2025-10-01 21:18:09,542 - root - INFO - new node validate average_precision, 0.9287
2025-10-01 21:18:09,542 - root - INFO - new node validate roc_auc, 0.9228
2025-10-01 21:18:14,248 - root - INFO - test loss: 0.2691
2025-10-01 21:18:14,249 - root - INFO - test average_precision, 0.9627
2025-10-01 21:18:14,249 - root - INFO - best test average_precision: 0.9654
2025-10-01 21:18:14,249 - root - INFO - test roc_auc, 0.9607
2025-10-01 21:18:14,249 - root - INFO - new node test loss: 0.3417
2025-10-01 21:18:14,249 - root - INFO - new node test average_precision, 0.9405
2025-10-01 21:18:14,249 - root - INFO - new node test roc_auc, 0.9349
2025-10-01 21:18:32,656 - root - INFO - Epoch: 48, learning rate: 0.0001, train loss: 0.2106
2025-10-01 21:18:32,656 - root - INFO - train average_precision, 0.9697
2025-10-01 21:18:32,656 - root - INFO - train roc_auc, 0.9699
2025-10-01 21:18:32,656 - root - INFO - validate loss: 0.2573
2025-10-01 21:18:32,656 - root - INFO - validate average_precision, 0.9649
2025-10-01 21:18:32,656 - root - INFO - validate roc_auc, 0.9616
2025-10-01 21:18:32,656 - root - INFO - new node validate loss: 0.3466
2025-10-01 21:18:32,656 - root - INFO - new node validate average_precision, 0.9298
2025-10-01 21:18:32,656 - root - INFO - new node validate roc_auc, 0.9235
2025-10-01 21:18:37,396 - root - INFO - test loss: 0.2723
2025-10-01 21:18:37,396 - root - INFO - test average_precision, 0.9599
2025-10-01 21:18:37,396 - root - INFO - best test average_precision: 0.9654
2025-10-01 21:18:37,396 - root - INFO - test roc_auc, 0.9581
2025-10-01 21:18:37,396 - root - INFO - new node test loss: 0.3423
2025-10-01 21:18:37,396 - root - INFO - new node test average_precision, 0.9388
2025-10-01 21:18:37,397 - root - INFO - new node test roc_auc, 0.9326
2025-10-01 21:18:55,704 - root - INFO - Epoch: 49, learning rate: 0.0001, train loss: 0.2097
2025-10-01 21:18:55,705 - root - INFO - train average_precision, 0.9698
2025-10-01 21:18:55,705 - root - INFO - train roc_auc, 0.9701
2025-10-01 21:18:55,705 - root - INFO - validate loss: 0.2591
2025-10-01 21:18:55,705 - root - INFO - validate average_precision, 0.9657
2025-10-01 21:18:55,705 - root - INFO - validate roc_auc, 0.9623
2025-10-01 21:18:55,705 - root - INFO - new node validate loss: 0.3515
2025-10-01 21:18:55,705 - root - INFO - new node validate average_precision, 0.9300
2025-10-01 21:18:55,705 - root - INFO - new node validate roc_auc, 0.9228
2025-10-01 21:19:00,454 - root - INFO - test loss: 0.2622
2025-10-01 21:19:00,454 - root - INFO - test average_precision, 0.9635
2025-10-01 21:19:00,454 - root - INFO - best test average_precision: 0.9654
2025-10-01 21:19:00,454 - root - INFO - test roc_auc, 0.9614
2025-10-01 21:19:00,454 - root - INFO - new node test loss: 0.3397
2025-10-01 21:19:00,454 - root - INFO - new node test average_precision, 0.9418
2025-10-01 21:19:00,454 - root - INFO - new node test roc_auc, 0.9351
2025-10-01 21:19:18,802 - root - INFO - Epoch: 50, learning rate: 0.0001, train loss: 0.2086
2025-10-01 21:19:18,803 - root - INFO - train average_precision, 0.9702
2025-10-01 21:19:18,803 - root - INFO - train roc_auc, 0.9705
2025-10-01 21:19:18,803 - root - INFO - validate loss: 0.2542
2025-10-01 21:19:18,803 - root - INFO - validate average_precision, 0.9663
2025-10-01 21:19:18,803 - root - INFO - validate roc_auc, 0.9630
2025-10-01 21:19:18,803 - root - INFO - new node validate loss: 0.3448
2025-10-01 21:19:18,803 - root - INFO - new node validate average_precision, 0.9322
2025-10-01 21:19:18,803 - root - INFO - new node validate roc_auc, 0.9254
2025-10-01 21:19:23,507 - root - INFO - test loss: 0.2664
2025-10-01 21:19:23,507 - root - INFO - test average_precision, 0.9620
2025-10-01 21:19:23,507 - root - INFO - best test average_precision: 0.9654
2025-10-01 21:19:23,507 - root - INFO - test roc_auc, 0.9602
2025-10-01 21:19:23,507 - root - INFO - new node test loss: 0.3405
2025-10-01 21:19:23,507 - root - INFO - new node test average_precision, 0.9397
2025-10-01 21:19:23,507 - root - INFO - new node test roc_auc, 0.9341
2025-10-01 21:19:41,715 - root - INFO - Epoch: 51, learning rate: 0.0001, train loss: 0.2086
2025-10-01 21:19:41,715 - root - INFO - train average_precision, 0.9701
2025-10-01 21:19:41,715 - root - INFO - train roc_auc, 0.9704
2025-10-01 21:19:41,715 - root - INFO - validate loss: 0.2572
2025-10-01 21:19:41,715 - root - INFO - validate average_precision, 0.9651
2025-10-01 21:19:41,716 - root - INFO - validate roc_auc, 0.9620
2025-10-01 21:19:41,716 - root - INFO - new node validate loss: 0.3517
2025-10-01 21:19:41,716 - root - INFO - new node validate average_precision, 0.9302
2025-10-01 21:19:41,716 - root - INFO - new node validate roc_auc, 0.9220
2025-10-01 21:19:46,464 - root - INFO - test loss: 0.2781
2025-10-01 21:19:46,464 - root - INFO - test average_precision, 0.9598
2025-10-01 21:19:46,464 - root - INFO - best test average_precision: 0.9654
2025-10-01 21:19:46,464 - root - INFO - test roc_auc, 0.9574
2025-10-01 21:19:46,464 - root - INFO - new node test loss: 0.3459
2025-10-01 21:19:46,465 - root - INFO - new node test average_precision, 0.9397
2025-10-01 21:19:46,465 - root - INFO - new node test roc_auc, 0.9325
2025-10-01 21:20:04,885 - root - INFO - Epoch: 52, learning rate: 0.0001, train loss: 0.2067
2025-10-01 21:20:04,885 - root - INFO - train average_precision, 0.9705
2025-10-01 21:20:04,885 - root - INFO - train roc_auc, 0.9709
2025-10-01 21:20:04,885 - root - INFO - validate loss: 0.2584
2025-10-01 21:20:04,885 - root - INFO - validate average_precision, 0.9656
2025-10-01 21:20:04,885 - root - INFO - validate roc_auc, 0.9625
2025-10-01 21:20:04,885 - root - INFO - new node validate loss: 0.3506
2025-10-01 21:20:04,885 - root - INFO - new node validate average_precision, 0.9307
2025-10-01 21:20:04,885 - root - INFO - new node validate roc_auc, 0.9238
2025-10-01 21:20:09,640 - root - INFO - test loss: 0.2734
2025-10-01 21:20:09,640 - root - INFO - test average_precision, 0.9606
2025-10-01 21:20:09,641 - root - INFO - best test average_precision: 0.9654
2025-10-01 21:20:09,641 - root - INFO - test roc_auc, 0.9591
2025-10-01 21:20:09,641 - root - INFO - new node test loss: 0.3574
2025-10-01 21:20:09,641 - root - INFO - new node test average_precision, 0.9371
2025-10-01 21:20:09,641 - root - INFO - new node test roc_auc, 0.9300
2025-10-01 21:20:28,132 - root - INFO - Epoch: 53, learning rate: 0.0001, train loss: 0.2061
2025-10-01 21:20:28,132 - root - INFO - train average_precision, 0.9705
2025-10-01 21:20:28,132 - root - INFO - train roc_auc, 0.9711
2025-10-01 21:20:28,132 - root - INFO - validate loss: 0.2565
2025-10-01 21:20:28,132 - root - INFO - validate average_precision, 0.9666
2025-10-01 21:20:28,132 - root - INFO - validate roc_auc, 0.9634
2025-10-01 21:20:28,132 - root - INFO - new node validate loss: 0.3503
2025-10-01 21:20:28,133 - root - INFO - new node validate average_precision, 0.9326
2025-10-01 21:20:28,133 - root - INFO - new node validate roc_auc, 0.9250
2025-10-01 21:20:32,861 - root - INFO - test loss: 0.2569
2025-10-01 21:20:32,861 - root - INFO - test average_precision, 0.9655
2025-10-01 21:20:32,862 - root - INFO - best test average_precision: 0.9655
2025-10-01 21:20:32,862 - root - INFO - test roc_auc, 0.9636
2025-10-01 21:20:32,862 - root - INFO - new node test loss: 0.3386
2025-10-01 21:20:32,862 - root - INFO - new node test average_precision, 0.9438
2025-10-01 21:20:32,862 - root - INFO - new node test roc_auc, 0.9374
2025-10-01 21:20:51,195 - root - INFO - Epoch: 54, learning rate: 0.0001, train loss: 0.2049
2025-10-01 21:20:51,196 - root - INFO - train average_precision, 0.9706
2025-10-01 21:20:51,196 - root - INFO - train roc_auc, 0.9712
2025-10-01 21:20:51,196 - root - INFO - validate loss: 0.2599
2025-10-01 21:20:51,196 - root - INFO - validate average_precision, 0.9656
2025-10-01 21:20:51,196 - root - INFO - validate roc_auc, 0.9625
2025-10-01 21:20:51,196 - root - INFO - new node validate loss: 0.3491
2025-10-01 21:20:51,196 - root - INFO - new node validate average_precision, 0.9306
2025-10-01 21:20:51,196 - root - INFO - new node validate roc_auc, 0.9241
2025-10-01 21:20:55,926 - root - INFO - test loss: 0.2712
2025-10-01 21:20:55,926 - root - INFO - test average_precision, 0.9613
2025-10-01 21:20:55,926 - root - INFO - best test average_precision: 0.9655
2025-10-01 21:20:55,926 - root - INFO - test roc_auc, 0.9598
2025-10-01 21:20:55,926 - root - INFO - new node test loss: 0.3471
2025-10-01 21:20:55,926 - root - INFO - new node test average_precision, 0.9397
2025-10-01 21:20:55,926 - root - INFO - new node test roc_auc, 0.9329
2025-10-01 21:21:14,219 - root - INFO - Epoch: 55, learning rate: 0.0001, train loss: 0.2014
2025-10-01 21:21:14,220 - root - INFO - train average_precision, 0.9715
2025-10-01 21:21:14,220 - root - INFO - train roc_auc, 0.9722
2025-10-01 21:21:14,220 - root - INFO - validate loss: 0.2562
2025-10-01 21:21:14,220 - root - INFO - validate average_precision, 0.9669
2025-10-01 21:21:14,220 - root - INFO - validate roc_auc, 0.9638
2025-10-01 21:21:14,220 - root - INFO - new node validate loss: 0.3448
2025-10-01 21:21:14,220 - root - INFO - new node validate average_precision, 0.9341
2025-10-01 21:21:14,220 - root - INFO - new node validate roc_auc, 0.9268
2025-10-01 21:21:18,929 - root - INFO - test loss: 0.2597
2025-10-01 21:21:18,929 - root - INFO - test average_precision, 0.9649
2025-10-01 21:21:18,929 - root - INFO - best test average_precision: 0.9655
2025-10-01 21:21:18,929 - root - INFO - test roc_auc, 0.9630
2025-10-01 21:21:18,929 - root - INFO - new node test loss: 0.3382
2025-10-01 21:21:18,929 - root - INFO - new node test average_precision, 0.9440
2025-10-01 21:21:18,929 - root - INFO - new node test roc_auc, 0.9376
2025-10-01 21:21:18,929 - root - INFO - save model ./saved_models/JODIE/wikipedia/JODIE_bochner_seed3/JODIE_bochner_seed3.pkl
2025-10-01 21:21:38,346 - root - INFO - Epoch: 56, learning rate: 0.0001, train loss: 0.2027
2025-10-01 21:21:38,346 - root - INFO - train average_precision, 0.9709
2025-10-01 21:21:38,346 - root - INFO - train roc_auc, 0.9716
2025-10-01 21:21:38,346 - root - INFO - validate loss: 0.2584
2025-10-01 21:21:38,346 - root - INFO - validate average_precision, 0.9654
2025-10-01 21:21:38,346 - root - INFO - validate roc_auc, 0.9620
2025-10-01 21:21:38,346 - root - INFO - new node validate loss: 0.3452
2025-10-01 21:21:38,346 - root - INFO - new node validate average_precision, 0.9326
2025-10-01 21:21:38,346 - root - INFO - new node validate roc_auc, 0.9254
2025-10-01 21:21:43,064 - root - INFO - test loss: 0.2731
2025-10-01 21:21:43,064 - root - INFO - test average_precision, 0.9600
2025-10-01 21:21:43,064 - root - INFO - best test average_precision: 0.9655
2025-10-01 21:21:43,064 - root - INFO - test roc_auc, 0.9578
2025-10-01 21:21:43,064 - root - INFO - new node test loss: 0.3482
2025-10-01 21:21:43,064 - root - INFO - new node test average_precision, 0.9383
2025-10-01 21:21:43,064 - root - INFO - new node test roc_auc, 0.9308
2025-10-01 21:22:01,353 - root - INFO - Epoch: 57, learning rate: 0.0001, train loss: 0.2020
2025-10-01 21:22:01,354 - root - INFO - train average_precision, 0.9714
2025-10-01 21:22:01,354 - root - INFO - train roc_auc, 0.9720
2025-10-01 21:22:01,354 - root - INFO - validate loss: 0.2560
2025-10-01 21:22:01,354 - root - INFO - validate average_precision, 0.9667
2025-10-01 21:22:01,354 - root - INFO - validate roc_auc, 0.9636
2025-10-01 21:22:01,354 - root - INFO - new node validate loss: 0.3457
2025-10-01 21:22:01,354 - root - INFO - new node validate average_precision, 0.9337
2025-10-01 21:22:01,354 - root - INFO - new node validate roc_auc, 0.9261
2025-10-01 21:22:06,126 - root - INFO - test loss: 0.2619
2025-10-01 21:22:06,126 - root - INFO - test average_precision, 0.9644
2025-10-01 21:22:06,126 - root - INFO - best test average_precision: 0.9655
2025-10-01 21:22:06,126 - root - INFO - test roc_auc, 0.9624
2025-10-01 21:22:06,126 - root - INFO - new node test loss: 0.3385
2025-10-01 21:22:06,126 - root - INFO - new node test average_precision, 0.9428
2025-10-01 21:22:06,126 - root - INFO - new node test roc_auc, 0.9369
2025-10-01 21:22:24,724 - root - INFO - Epoch: 58, learning rate: 0.0001, train loss: 0.1997
2025-10-01 21:22:24,724 - root - INFO - train average_precision, 0.9722
2025-10-01 21:22:24,724 - root - INFO - train roc_auc, 0.9726
2025-10-01 21:22:24,724 - root - INFO - validate loss: 0.2602
2025-10-01 21:22:24,724 - root - INFO - validate average_precision, 0.9671
2025-10-01 21:22:24,724 - root - INFO - validate roc_auc, 0.9640
2025-10-01 21:22:24,724 - root - INFO - new node validate loss: 0.3507
2025-10-01 21:22:24,724 - root - INFO - new node validate average_precision, 0.9346
2025-10-01 21:22:24,724 - root - INFO - new node validate roc_auc, 0.9280
2025-10-01 21:22:29,520 - root - INFO - test loss: 0.2581
2025-10-01 21:22:29,520 - root - INFO - test average_precision, 0.9667
2025-10-01 21:22:29,520 - root - INFO - best test average_precision: 0.9667
2025-10-01 21:22:29,521 - root - INFO - test roc_auc, 0.9647
2025-10-01 21:22:29,521 - root - INFO - new node test loss: 0.3372
2025-10-01 21:22:29,521 - root - INFO - new node test average_precision, 0.9449
2025-10-01 21:22:29,521 - root - INFO - new node test roc_auc, 0.9394
2025-10-01 21:22:29,521 - root - INFO - save model ./saved_models/JODIE/wikipedia/JODIE_bochner_seed3/JODIE_bochner_seed3.pkl
2025-10-01 21:22:49,328 - root - INFO - Epoch: 59, learning rate: 0.0001, train loss: 0.1992
2025-10-01 21:22:49,329 - root - INFO - train average_precision, 0.9720
2025-10-01 21:22:49,329 - root - INFO - train roc_auc, 0.9727
2025-10-01 21:22:49,329 - root - INFO - validate loss: 0.2588
2025-10-01 21:22:49,329 - root - INFO - validate average_precision, 0.9661
2025-10-01 21:22:49,329 - root - INFO - validate roc_auc, 0.9629
2025-10-01 21:22:49,329 - root - INFO - new node validate loss: 0.3429
2025-10-01 21:22:49,329 - root - INFO - new node validate average_precision, 0.9338
2025-10-01 21:22:49,329 - root - INFO - new node validate roc_auc, 0.9271
2025-10-01 21:22:54,053 - root - INFO - test loss: 0.2678
2025-10-01 21:22:54,053 - root - INFO - test average_precision, 0.9626
2025-10-01 21:22:54,053 - root - INFO - best test average_precision: 0.9667
2025-10-01 21:22:54,053 - root - INFO - test roc_auc, 0.9607
2025-10-01 21:22:54,053 - root - INFO - new node test loss: 0.3379
2025-10-01 21:22:54,053 - root - INFO - new node test average_precision, 0.9434
2025-10-01 21:22:54,053 - root - INFO - new node test roc_auc, 0.9371
2025-10-01 21:23:12,323 - root - INFO - Epoch: 60, learning rate: 0.0001, train loss: 0.1980
2025-10-01 21:23:12,323 - root - INFO - train average_precision, 0.9726
2025-10-01 21:23:12,323 - root - INFO - train roc_auc, 0.9729
2025-10-01 21:23:12,323 - root - INFO - validate loss: 0.2620
2025-10-01 21:23:12,323 - root - INFO - validate average_precision, 0.9662
2025-10-01 21:23:12,323 - root - INFO - validate roc_auc, 0.9631
2025-10-01 21:23:12,323 - root - INFO - new node validate loss: 0.3507
2025-10-01 21:23:12,324 - root - INFO - new node validate average_precision, 0.9327
2025-10-01 21:23:12,324 - root - INFO - new node validate roc_auc, 0.9262
2025-10-01 21:23:17,035 - root - INFO - test loss: 0.2635
2025-10-01 21:23:17,035 - root - INFO - test average_precision, 0.9648
2025-10-01 21:23:17,035 - root - INFO - best test average_precision: 0.9667
2025-10-01 21:23:17,035 - root - INFO - test roc_auc, 0.9630
2025-10-01 21:23:17,035 - root - INFO - new node test loss: 0.3415
2025-10-01 21:23:17,035 - root - INFO - new node test average_precision, 0.9436
2025-10-01 21:23:17,035 - root - INFO - new node test roc_auc, 0.9369
2025-10-01 21:23:35,248 - root - INFO - Epoch: 61, learning rate: 0.0001, train loss: 0.1977
2025-10-01 21:23:35,248 - root - INFO - train average_precision, 0.9725
2025-10-01 21:23:35,248 - root - INFO - train roc_auc, 0.9730
2025-10-01 21:23:35,248 - root - INFO - validate loss: 0.2578
2025-10-01 21:23:35,248 - root - INFO - validate average_precision, 0.9666
2025-10-01 21:23:35,248 - root - INFO - validate roc_auc, 0.9634
2025-10-01 21:23:35,248 - root - INFO - new node validate loss: 0.3410
2025-10-01 21:23:35,248 - root - INFO - new node validate average_precision, 0.9336
2025-10-01 21:23:35,248 - root - INFO - new node validate roc_auc, 0.9275
2025-10-01 21:23:39,990 - root - INFO - test loss: 0.2591
2025-10-01 21:23:39,990 - root - INFO - test average_precision, 0.9641
2025-10-01 21:23:39,990 - root - INFO - best test average_precision: 0.9667
2025-10-01 21:23:39,991 - root - INFO - test roc_auc, 0.9627
2025-10-01 21:23:39,991 - root - INFO - new node test loss: 0.3351
2025-10-01 21:23:39,991 - root - INFO - new node test average_precision, 0.9430
2025-10-01 21:23:39,991 - root - INFO - new node test roc_auc, 0.9374
2025-10-01 21:23:58,370 - root - INFO - Epoch: 62, learning rate: 0.0001, train loss: 0.1967
2025-10-01 21:23:58,370 - root - INFO - train average_precision, 0.9723
2025-10-01 21:23:58,370 - root - INFO - train roc_auc, 0.9731
2025-10-01 21:23:58,370 - root - INFO - validate loss: 0.2574
2025-10-01 21:23:58,370 - root - INFO - validate average_precision, 0.9667
2025-10-01 21:23:58,370 - root - INFO - validate roc_auc, 0.9636
2025-10-01 21:23:58,370 - root - INFO - new node validate loss: 0.3426
2025-10-01 21:23:58,370 - root - INFO - new node validate average_precision, 0.9333
2025-10-01 21:23:58,370 - root - INFO - new node validate roc_auc, 0.9271
2025-10-01 21:24:03,132 - root - INFO - test loss: 0.2663
2025-10-01 21:24:03,132 - root - INFO - test average_precision, 0.9634
2025-10-01 21:24:03,132 - root - INFO - best test average_precision: 0.9667
2025-10-01 21:24:03,132 - root - INFO - test roc_auc, 0.9614
2025-10-01 21:24:03,132 - root - INFO - new node test loss: 0.3294
2025-10-01 21:24:03,133 - root - INFO - new node test average_precision, 0.9449
2025-10-01 21:24:03,133 - root - INFO - new node test roc_auc, 0.9392
2025-10-01 21:24:21,655 - root - INFO - Epoch: 63, learning rate: 0.0001, train loss: 0.1965
2025-10-01 21:24:21,655 - root - INFO - train average_precision, 0.9725
2025-10-01 21:24:21,655 - root - INFO - train roc_auc, 0.9732
2025-10-01 21:24:21,655 - root - INFO - validate loss: 0.2554
2025-10-01 21:24:21,655 - root - INFO - validate average_precision, 0.9666
2025-10-01 21:24:21,656 - root - INFO - validate roc_auc, 0.9635
2025-10-01 21:24:21,656 - root - INFO - new node validate loss: 0.3439
2025-10-01 21:24:21,656 - root - INFO - new node validate average_precision, 0.9327
2025-10-01 21:24:21,656 - root - INFO - new node validate roc_auc, 0.9263
2025-10-01 21:24:26,372 - root - INFO - test loss: 0.2604
2025-10-01 21:24:26,372 - root - INFO - test average_precision, 0.9641
2025-10-01 21:24:26,372 - root - INFO - best test average_precision: 0.9667
2025-10-01 21:24:26,373 - root - INFO - test roc_auc, 0.9624
2025-10-01 21:24:26,373 - root - INFO - new node test loss: 0.3398
2025-10-01 21:24:26,373 - root - INFO - new node test average_precision, 0.9424
2025-10-01 21:24:26,373 - root - INFO - new node test roc_auc, 0.9363
2025-10-01 21:24:44,769 - root - INFO - Epoch: 64, learning rate: 0.0001, train loss: 0.1948
2025-10-01 21:24:44,769 - root - INFO - train average_precision, 0.9731
2025-10-01 21:24:44,769 - root - INFO - train roc_auc, 0.9736
2025-10-01 21:24:44,769 - root - INFO - validate loss: 0.2613
2025-10-01 21:24:44,769 - root - INFO - validate average_precision, 0.9663
2025-10-01 21:24:44,769 - root - INFO - validate roc_auc, 0.9631
2025-10-01 21:24:44,770 - root - INFO - new node validate loss: 0.3465
2025-10-01 21:24:44,770 - root - INFO - new node validate average_precision, 0.9347
2025-10-01 21:24:44,770 - root - INFO - new node validate roc_auc, 0.9274
2025-10-01 21:24:49,520 - root - INFO - test loss: 0.2622
2025-10-01 21:24:49,520 - root - INFO - test average_precision, 0.9646
2025-10-01 21:24:49,520 - root - INFO - best test average_precision: 0.9667
2025-10-01 21:24:49,520 - root - INFO - test roc_auc, 0.9626
2025-10-01 21:24:49,520 - root - INFO - new node test loss: 0.3344
2025-10-01 21:24:49,520 - root - INFO - new node test average_precision, 0.9432
2025-10-01 21:24:49,520 - root - INFO - new node test roc_auc, 0.9371
2025-10-01 21:25:07,942 - root - INFO - Epoch: 65, learning rate: 0.0001, train loss: 0.1940
2025-10-01 21:25:07,942 - root - INFO - train average_precision, 0.9729
2025-10-01 21:25:07,943 - root - INFO - train roc_auc, 0.9738
2025-10-01 21:25:07,943 - root - INFO - validate loss: 0.2571
2025-10-01 21:25:07,943 - root - INFO - validate average_precision, 0.9663
2025-10-01 21:25:07,943 - root - INFO - validate roc_auc, 0.9632
2025-10-01 21:25:07,943 - root - INFO - new node validate loss: 0.3464
2025-10-01 21:25:07,943 - root - INFO - new node validate average_precision, 0.9338
2025-10-01 21:25:07,943 - root - INFO - new node validate roc_auc, 0.9262
2025-10-01 21:25:12,646 - root - INFO - test loss: 0.2682
2025-10-01 21:25:12,647 - root - INFO - test average_precision, 0.9617
2025-10-01 21:25:12,647 - root - INFO - best test average_precision: 0.9667
2025-10-01 21:25:12,647 - root - INFO - test roc_auc, 0.9599
2025-10-01 21:25:12,647 - root - INFO - new node test loss: 0.3316
2025-10-01 21:25:12,647 - root - INFO - new node test average_precision, 0.9426
2025-10-01 21:25:12,647 - root - INFO - new node test roc_auc, 0.9370
2025-10-01 21:25:31,241 - root - INFO - Epoch: 66, learning rate: 0.0001, train loss: 0.1920
2025-10-01 21:25:31,242 - root - INFO - train average_precision, 0.9734
2025-10-01 21:25:31,242 - root - INFO - train roc_auc, 0.9743
2025-10-01 21:25:31,242 - root - INFO - validate loss: 0.2637
2025-10-01 21:25:31,242 - root - INFO - validate average_precision, 0.9664
2025-10-01 21:25:31,242 - root - INFO - validate roc_auc, 0.9630
2025-10-01 21:25:31,242 - root - INFO - new node validate loss: 0.3482
2025-10-01 21:25:31,242 - root - INFO - new node validate average_precision, 0.9348
2025-10-01 21:25:31,242 - root - INFO - new node validate roc_auc, 0.9281
2025-10-01 21:25:35,994 - root - INFO - test loss: 0.2664
2025-10-01 21:25:35,995 - root - INFO - test average_precision, 0.9643
2025-10-01 21:25:35,995 - root - INFO - best test average_precision: 0.9667
2025-10-01 21:25:35,995 - root - INFO - test roc_auc, 0.9622
2025-10-01 21:25:35,995 - root - INFO - new node test loss: 0.3328
2025-10-01 21:25:35,995 - root - INFO - new node test average_precision, 0.9445
2025-10-01 21:25:35,995 - root - INFO - new node test roc_auc, 0.9390
2025-10-01 21:25:54,586 - root - INFO - Epoch: 67, learning rate: 0.0001, train loss: 0.1922
2025-10-01 21:25:54,586 - root - INFO - train average_precision, 0.9733
2025-10-01 21:25:54,587 - root - INFO - train roc_auc, 0.9742
2025-10-01 21:25:54,587 - root - INFO - validate loss: 0.2652
2025-10-01 21:25:54,587 - root - INFO - validate average_precision, 0.9665
2025-10-01 21:25:54,587 - root - INFO - validate roc_auc, 0.9632
2025-10-01 21:25:54,587 - root - INFO - new node validate loss: 0.3510
2025-10-01 21:25:54,587 - root - INFO - new node validate average_precision, 0.9338
2025-10-01 21:25:54,587 - root - INFO - new node validate roc_auc, 0.9277
2025-10-01 21:25:59,452 - root - INFO - test loss: 0.2694
2025-10-01 21:25:59,452 - root - INFO - test average_precision, 0.9642
2025-10-01 21:25:59,452 - root - INFO - best test average_precision: 0.9667
2025-10-01 21:25:59,452 - root - INFO - test roc_auc, 0.9625
2025-10-01 21:25:59,452 - root - INFO - new node test loss: 0.3383
2025-10-01 21:25:59,452 - root - INFO - new node test average_precision, 0.9453
2025-10-01 21:25:59,452 - root - INFO - new node test roc_auc, 0.9396
2025-10-01 21:26:18,032 - root - INFO - Epoch: 68, learning rate: 0.0001, train loss: 0.1917
2025-10-01 21:26:18,033 - root - INFO - train average_precision, 0.9738
2025-10-01 21:26:18,033 - root - INFO - train roc_auc, 0.9742
2025-10-01 21:26:18,033 - root - INFO - validate loss: 0.2588
2025-10-01 21:26:18,033 - root - INFO - validate average_precision, 0.9667
2025-10-01 21:26:18,033 - root - INFO - validate roc_auc, 0.9636
2025-10-01 21:26:18,033 - root - INFO - new node validate loss: 0.3475
2025-10-01 21:26:18,033 - root - INFO - new node validate average_precision, 0.9339
2025-10-01 21:26:18,033 - root - INFO - new node validate roc_auc, 0.9280
2025-10-01 21:26:22,834 - root - INFO - test loss: 0.2637
2025-10-01 21:26:22,834 - root - INFO - test average_precision, 0.9641
2025-10-01 21:26:22,834 - root - INFO - best test average_precision: 0.9667
2025-10-01 21:26:22,834 - root - INFO - test roc_auc, 0.9622
2025-10-01 21:26:22,834 - root - INFO - new node test loss: 0.3422
2025-10-01 21:26:22,834 - root - INFO - new node test average_precision, 0.9420
2025-10-01 21:26:22,834 - root - INFO - new node test roc_auc, 0.9364
2025-10-01 21:26:41,332 - root - INFO - Epoch: 69, learning rate: 0.0001, train loss: 0.1905
2025-10-01 21:26:41,333 - root - INFO - train average_precision, 0.9740
2025-10-01 21:26:41,333 - root - INFO - train roc_auc, 0.9746
2025-10-01 21:26:41,333 - root - INFO - validate loss: 0.2611
2025-10-01 21:26:41,333 - root - INFO - validate average_precision, 0.9667
2025-10-01 21:26:41,333 - root - INFO - validate roc_auc, 0.9636
2025-10-01 21:26:41,333 - root - INFO - new node validate loss: 0.3548
2025-10-01 21:26:41,333 - root - INFO - new node validate average_precision, 0.9323
2025-10-01 21:26:41,333 - root - INFO - new node validate roc_auc, 0.9259
2025-10-01 21:26:46,100 - root - INFO - test loss: 0.2699
2025-10-01 21:26:46,101 - root - INFO - test average_precision, 0.9628
2025-10-01 21:26:46,101 - root - INFO - best test average_precision: 0.9667
2025-10-01 21:26:46,101 - root - INFO - test roc_auc, 0.9610
2025-10-01 21:26:46,101 - root - INFO - new node test loss: 0.3398
2025-10-01 21:26:46,101 - root - INFO - new node test average_precision, 0.9427
2025-10-01 21:26:46,101 - root - INFO - new node test roc_auc, 0.9368
2025-10-01 21:27:04,367 - root - INFO - Epoch: 70, learning rate: 0.0001, train loss: 0.1893
2025-10-01 21:27:04,367 - root - INFO - train average_precision, 0.9740
2025-10-01 21:27:04,367 - root - INFO - train roc_auc, 0.9747
2025-10-01 21:27:04,367 - root - INFO - validate loss: 0.2593
2025-10-01 21:27:04,367 - root - INFO - validate average_precision, 0.9670
2025-10-01 21:27:04,367 - root - INFO - validate roc_auc, 0.9638
2025-10-01 21:27:04,367 - root - INFO - new node validate loss: 0.3532
2025-10-01 21:27:04,367 - root - INFO - new node validate average_precision, 0.9336
2025-10-01 21:27:04,367 - root - INFO - new node validate roc_auc, 0.9265
2025-10-01 21:27:09,074 - root - INFO - test loss: 0.2669
2025-10-01 21:27:09,074 - root - INFO - test average_precision, 0.9632
2025-10-01 21:27:09,074 - root - INFO - best test average_precision: 0.9667
2025-10-01 21:27:09,074 - root - INFO - test roc_auc, 0.9620
2025-10-01 21:27:09,074 - root - INFO - new node test loss: 0.3362
2025-10-01 21:27:09,074 - root - INFO - new node test average_precision, 0.9435
2025-10-01 21:27:09,074 - root - INFO - new node test roc_auc, 0.9382
2025-10-01 21:27:27,393 - root - INFO - Epoch: 71, learning rate: 0.0001, train loss: 0.1889
2025-10-01 21:27:27,393 - root - INFO - train average_precision, 0.9743
2025-10-01 21:27:27,393 - root - INFO - train roc_auc, 0.9750
2025-10-01 21:27:27,393 - root - INFO - validate loss: 0.2643
2025-10-01 21:27:27,394 - root - INFO - validate average_precision, 0.9662
2025-10-01 21:27:27,394 - root - INFO - validate roc_auc, 0.9633
2025-10-01 21:27:27,394 - root - INFO - new node validate loss: 0.3511
2025-10-01 21:27:27,394 - root - INFO - new node validate average_precision, 0.9351
2025-10-01 21:27:27,394 - root - INFO - new node validate roc_auc, 0.9284
2025-10-01 21:27:32,126 - root - INFO - test loss: 0.2706
2025-10-01 21:27:32,126 - root - INFO - test average_precision, 0.9640
2025-10-01 21:27:32,126 - root - INFO - best test average_precision: 0.9667
2025-10-01 21:27:32,126 - root - INFO - test roc_auc, 0.9624
2025-10-01 21:27:32,126 - root - INFO - new node test loss: 0.3426
2025-10-01 21:27:32,126 - root - INFO - new node test average_precision, 0.9437
2025-10-01 21:27:32,126 - root - INFO - new node test roc_auc, 0.9380
2025-10-01 21:27:50,574 - root - INFO - Epoch: 72, learning rate: 0.0001, train loss: 0.1872
2025-10-01 21:27:50,574 - root - INFO - train average_precision, 0.9745
2025-10-01 21:27:50,574 - root - INFO - train roc_auc, 0.9753
2025-10-01 21:27:50,574 - root - INFO - validate loss: 0.2621
2025-10-01 21:27:50,574 - root - INFO - validate average_precision, 0.9663
2025-10-01 21:27:50,575 - root - INFO - validate roc_auc, 0.9628
2025-10-01 21:27:50,575 - root - INFO - new node validate loss: 0.3587
2025-10-01 21:27:50,575 - root - INFO - new node validate average_precision, 0.9331
2025-10-01 21:27:50,575 - root - INFO - new node validate roc_auc, 0.9255
2025-10-01 21:27:55,301 - root - INFO - test loss: 0.2691
2025-10-01 21:27:55,301 - root - INFO - test average_precision, 0.9626
2025-10-01 21:27:55,301 - root - INFO - best test average_precision: 0.9667
2025-10-01 21:27:55,301 - root - INFO - test roc_auc, 0.9608
2025-10-01 21:27:55,301 - root - INFO - new node test loss: 0.3414
2025-10-01 21:27:55,301 - root - INFO - new node test average_precision, 0.9419
2025-10-01 21:27:55,301 - root - INFO - new node test roc_auc, 0.9359
2025-10-01 21:28:13,640 - root - INFO - Epoch: 73, learning rate: 0.0001, train loss: 0.1897
2025-10-01 21:28:13,641 - root - INFO - train average_precision, 0.9741
2025-10-01 21:28:13,641 - root - INFO - train roc_auc, 0.9747
2025-10-01 21:28:13,641 - root - INFO - validate loss: 0.2642
2025-10-01 21:28:13,641 - root - INFO - validate average_precision, 0.9651
2025-10-01 21:28:13,641 - root - INFO - validate roc_auc, 0.9615
2025-10-01 21:28:13,641 - root - INFO - new node validate loss: 0.3412
2025-10-01 21:28:13,641 - root - INFO - new node validate average_precision, 0.9342
2025-10-01 21:28:13,641 - root - INFO - new node validate roc_auc, 0.9278
2025-10-01 21:28:18,354 - root - INFO - test loss: 0.2752
2025-10-01 21:28:18,355 - root - INFO - test average_precision, 0.9604
2025-10-01 21:28:18,355 - root - INFO - best test average_precision: 0.9667
2025-10-01 21:28:18,355 - root - INFO - test roc_auc, 0.9589
2025-10-01 21:28:18,355 - root - INFO - new node test loss: 0.3313
2025-10-01 21:28:18,355 - root - INFO - new node test average_precision, 0.9438
2025-10-01 21:28:18,355 - root - INFO - new node test roc_auc, 0.9383
2025-10-01 21:28:36,745 - root - INFO - Epoch: 74, learning rate: 0.0001, train loss: 0.1871
2025-10-01 21:28:36,745 - root - INFO - train average_precision, 0.9744
2025-10-01 21:28:36,745 - root - INFO - train roc_auc, 0.9753
2025-10-01 21:28:36,745 - root - INFO - validate loss: 0.2622
2025-10-01 21:28:36,745 - root - INFO - validate average_precision, 0.9668
2025-10-01 21:28:36,745 - root - INFO - validate roc_auc, 0.9631
2025-10-01 21:28:36,745 - root - INFO - new node validate loss: 0.3467
2025-10-01 21:28:36,745 - root - INFO - new node validate average_precision, 0.9358
2025-10-01 21:28:36,746 - root - INFO - new node validate roc_auc, 0.9279
2025-10-01 21:28:41,477 - root - INFO - test loss: 0.2645
2025-10-01 21:28:41,477 - root - INFO - test average_precision, 0.9641
2025-10-01 21:28:41,477 - root - INFO - best test average_precision: 0.9667
2025-10-01 21:28:41,477 - root - INFO - test roc_auc, 0.9621
2025-10-01 21:28:41,477 - root - INFO - new node test loss: 0.3344
2025-10-01 21:28:41,477 - root - INFO - new node test average_precision, 0.9447
2025-10-01 21:28:41,477 - root - INFO - new node test roc_auc, 0.9383
2025-10-01 21:28:59,708 - root - INFO - Epoch: 75, learning rate: 0.0001, train loss: 0.1857
2025-10-01 21:28:59,708 - root - INFO - train average_precision, 0.9749
2025-10-01 21:28:59,708 - root - INFO - train roc_auc, 0.9757
2025-10-01 21:28:59,708 - root - INFO - validate loss: 0.2695
2025-10-01 21:28:59,708 - root - INFO - validate average_precision, 0.9670
2025-10-01 21:28:59,708 - root - INFO - validate roc_auc, 0.9635
2025-10-01 21:28:59,708 - root - INFO - new node validate loss: 0.3576
2025-10-01 21:28:59,708 - root - INFO - new node validate average_precision, 0.9360
2025-10-01 21:28:59,708 - root - INFO - new node validate roc_auc, 0.9285
2025-10-01 21:29:04,431 - root - INFO - test loss: 0.2766
2025-10-01 21:29:04,431 - root - INFO - test average_precision, 0.9635
2025-10-01 21:29:04,431 - root - INFO - best test average_precision: 0.9667
2025-10-01 21:29:04,431 - root - INFO - test roc_auc, 0.9616
2025-10-01 21:29:04,431 - root - INFO - new node test loss: 0.3419
2025-10-01 21:29:04,431 - root - INFO - new node test average_precision, 0.9450
2025-10-01 21:29:04,431 - root - INFO - new node test roc_auc, 0.9394
2025-10-01 21:29:23,103 - root - INFO - Epoch: 76, learning rate: 0.0001, train loss: 0.1873
2025-10-01 21:29:23,103 - root - INFO - train average_precision, 0.9741
2025-10-01 21:29:23,103 - root - INFO - train roc_auc, 0.9751
2025-10-01 21:29:23,103 - root - INFO - validate loss: 0.2657
2025-10-01 21:29:23,103 - root - INFO - validate average_precision, 0.9656
2025-10-01 21:29:23,103 - root - INFO - validate roc_auc, 0.9623
2025-10-01 21:29:23,103 - root - INFO - new node validate loss: 0.3534
2025-10-01 21:29:23,104 - root - INFO - new node validate average_precision, 0.9345
2025-10-01 21:29:23,104 - root - INFO - new node validate roc_auc, 0.9269
2025-10-01 21:29:27,808 - root - INFO - test loss: 0.2752
2025-10-01 21:29:27,808 - root - INFO - test average_precision, 0.9600
2025-10-01 21:29:27,808 - root - INFO - best test average_precision: 0.9667
2025-10-01 21:29:27,808 - root - INFO - test roc_auc, 0.9587
2025-10-01 21:29:27,808 - root - INFO - new node test loss: 0.3462
2025-10-01 21:29:27,808 - root - INFO - new node test average_precision, 0.9400
2025-10-01 21:29:27,808 - root - INFO - new node test roc_auc, 0.9336
2025-10-01 21:29:46,294 - root - INFO - Epoch: 77, learning rate: 0.0001, train loss: 0.1838
2025-10-01 21:29:46,294 - root - INFO - train average_precision, 0.9752
2025-10-01 21:29:46,294 - root - INFO - train roc_auc, 0.9760
2025-10-01 21:29:46,294 - root - INFO - validate loss: 0.2685
2025-10-01 21:29:46,294 - root - INFO - validate average_precision, 0.9657
2025-10-01 21:29:46,294 - root - INFO - validate roc_auc, 0.9622
2025-10-01 21:29:46,294 - root - INFO - new node validate loss: 0.3573
2025-10-01 21:29:46,294 - root - INFO - new node validate average_precision, 0.9343
2025-10-01 21:29:46,294 - root - INFO - new node validate roc_auc, 0.9270
2025-10-01 21:29:51,015 - root - INFO - test loss: 0.2803
2025-10-01 21:29:51,015 - root - INFO - test average_precision, 0.9610
2025-10-01 21:29:51,015 - root - INFO - best test average_precision: 0.9667
2025-10-01 21:29:51,015 - root - INFO - test roc_auc, 0.9591
2025-10-01 21:29:51,015 - root - INFO - new node test loss: 0.3525
2025-10-01 21:29:51,015 - root - INFO - new node test average_precision, 0.9396
2025-10-01 21:29:51,015 - root - INFO - new node test roc_auc, 0.9331
2025-10-01 21:30:09,252 - root - INFO - Epoch: 78, learning rate: 0.0001, train loss: 0.1845
2025-10-01 21:30:09,253 - root - INFO - train average_precision, 0.9752
2025-10-01 21:30:09,253 - root - INFO - train roc_auc, 0.9758
2025-10-01 21:30:09,253 - root - INFO - validate loss: 0.2678
2025-10-01 21:30:09,253 - root - INFO - validate average_precision, 0.9663
2025-10-01 21:30:09,253 - root - INFO - validate roc_auc, 0.9629
2025-10-01 21:30:09,253 - root - INFO - new node validate loss: 0.3535
2025-10-01 21:30:09,253 - root - INFO - new node validate average_precision, 0.9351
2025-10-01 21:30:09,253 - root - INFO - new node validate roc_auc, 0.9285
2025-10-01 21:30:13,938 - root - INFO - test loss: 0.2762
2025-10-01 21:30:13,938 - root - INFO - test average_precision, 0.9625
2025-10-01 21:30:13,938 - root - INFO - best test average_precision: 0.9667
2025-10-01 21:30:13,938 - root - INFO - test roc_auc, 0.9606
2025-10-01 21:30:13,938 - root - INFO - new node test loss: 0.3491
2025-10-01 21:30:13,938 - root - INFO - new node test average_precision, 0.9416
2025-10-01 21:30:13,938 - root - INFO - new node test roc_auc, 0.9359
2025-10-01 21:30:13,938 - root - INFO - load model ./saved_models/JODIE/wikipedia/JODIE_bochner_seed3/JODIE_bochner_seed3.pkl
2025-10-01 21:30:15,198 - root - INFO - get final performance on dataset wikipedia...
2025-10-01 21:30:20,195 - root - INFO - test loss: 0.2581
2025-10-01 21:30:20,195 - root - INFO - test average_precision, 0.9667
2025-10-01 21:30:20,195 - root - INFO - test roc_auc, 0.9647
2025-10-01 21:30:20,195 - root - INFO - new node test loss: 0.3372
2025-10-01 21:30:20,195 - root - INFO - new node test average_precision, 0.9449
2025-10-01 21:30:20,195 - root - INFO - new node test roc_auc, 0.9394
2025-10-01 21:30:20,195 - root - INFO - Run 4 cost 1846.60 seconds.
