2025-10-08 11:40:29,844 - root - INFO - ********** Run 2 starts. **********
2025-10-08 11:40:29,844 - root - INFO - configuration is Namespace(dataset_name='Flights', batch_size=200, model_name='TGAT', gpu=0, num_neighbors=20, sample_neighbor_strategy='recent', time_scaling_factor=1e-06, num_walk_heads=8, num_heads=2, num_layers=2, walk_length=1, time_gap=2000, time_feat_dim=100, position_feat_dim=172, time_window_mode='fixed_proportion', time_encoder_type='lete', expert_dim=128, num_mixtures=16, sort_neighbors_by_time=False, patch_size=1, channel_embedding_dim=50, max_input_sequence_length=32, learning_rate=0.0001, dropout=0.1, gamma=0.5, num_epochs=2, optimizer='Adam', weight_decay=0.0, patience=20, val_ratio=0.15, test_ratio=0.15, num_runs=2, test_interval_epochs=100, negative_sample_strategy='random', max_interaction_times=10, load_best_configs=True, data_ratio=0.05, seed=1, save_model_name_suffix='', ablation_dir='', mamba_d_state=256, mamba_d_conv=4, mamba_expand=2, mamba_headdim=64, resume_from_checkpoint=None, save_checkpoints=True, checkpoint_interval=20, start_from_seed=0, max_checkpoints_to_keep=3, checkpoint_strategy='minimal', validate_checkpoints=True, device='cuda:0', save_model_name='TGAT_lete_seed1')
2025-10-08 11:40:29,845 - root - INFO - Metrics will be saved to: ./saved_metrics/TGAT/Flights/TGAT_lete_seed1
2025-10-08 11:40:29,846 - root - INFO - time encoder type: lete
2025-10-08 11:40:29,846 - root - INFO - Time encoder will be injected into TGAT model
2025-10-08 11:40:30,434 - root - INFO - model -> Sequential(
  (0): TGAT(
    (time_encoder): TimeEncoderWrapper(
      (encoder): LeTE(
        (w1_fourier): Linear(in_features=1, out_features=50, bias=True)
        (w2_fourier): FourierSeries()
        (w1_spline): Linear(in_features=1, out_features=50, bias=True)
        (w2_spline): Spline()
        (layernorm): LayerNorm((100,), eps=1e-05, elementwise_affine=True)
      )
    )
    (temporal_conv_layers): ModuleList(
      (0-1): 2 x MultiHeadAttention(
        (query_projection): Linear(in_features=272, out_features=272, bias=False)
        (key_projection): Linear(in_features=444, out_features=272, bias=False)
        (value_projection): Linear(in_features=444, out_features=272, bias=False)
        (layer_norm): LayerNorm((272,), eps=1e-05, elementwise_affine=True)
        (residual_fc): Linear(in_features=272, out_features=272, bias=True)
        (dropout): Dropout(p=0.1, inplace=False)
      )
    )
    (merge_layers): ModuleList(
      (0-1): 2 x MergeLayer(
        (fc1): Linear(in_features=444, out_features=172, bias=True)
        (fc2): Linear(in_features=172, out_features=172, bias=True)
        (act): ReLU()
      )
    )
  )
  (1): MergeLayer(
    (fc1): Linear(in_features=344, out_features=172, bias=True)
    (fc2): Linear(in_features=172, out_features=1, bias=True)
    (act): ReLU()
  )
)
2025-10-08 11:40:30,434 - root - INFO - model name: TGAT, #parameters: 4216652 B, 4117.82421875 KB, 4.021312713623047 MB.
2025-10-08 11:41:26,600 - root - INFO - Epoch: 1, learning rate: 0.0001, train loss: 0.6041
2025-10-08 11:41:26,601 - root - INFO - train average_precision, 0.6837
2025-10-08 11:41:26,601 - root - INFO - train roc_auc, 0.6925
2025-10-08 11:41:26,601 - root - INFO - validate loss: 0.4887
2025-10-08 11:41:26,601 - root - INFO - validate average_precision, 0.8250
2025-10-08 11:41:26,601 - root - INFO - validate roc_auc, 0.8455
2025-10-08 11:41:26,601 - root - INFO - new node validate loss: 0.6985
2025-10-08 11:41:26,601 - root - INFO - new node validate average_precision, 0.6880
2025-10-08 11:41:26,601 - root - INFO - new node validate roc_auc, 0.7122
2025-10-08 11:41:26,611 - root - INFO - save model ./saved_models/TGAT/Flights/TGAT_lete_seed1/TGAT_lete_seed1.pkl
2025-10-08 11:42:22,155 - root - INFO - Epoch: 2, learning rate: 0.0001, train loss: 0.5728
2025-10-08 11:42:22,156 - root - INFO - train average_precision, 0.7035
2025-10-08 11:42:22,156 - root - INFO - train roc_auc, 0.7111
2025-10-08 11:42:22,156 - root - INFO - validate loss: 0.4886
2025-10-08 11:42:22,156 - root - INFO - validate average_precision, 0.8315
2025-10-08 11:42:22,156 - root - INFO - validate roc_auc, 0.8504
2025-10-08 11:42:22,156 - root - INFO - new node validate loss: 0.6998
2025-10-08 11:42:22,157 - root - INFO - new node validate average_precision, 0.6915
2025-10-08 11:42:22,157 - root - INFO - new node validate roc_auc, 0.7175
2025-10-08 11:42:22,164 - root - INFO - save model ./saved_models/TGAT/Flights/TGAT_lete_seed1/TGAT_lete_seed1.pkl
2025-10-08 11:42:22,208 - root - INFO - load model ./saved_models/TGAT/Flights/TGAT_lete_seed1/TGAT_lete_seed1.pkl
2025-10-08 11:42:22,226 - root - INFO - get final performance on dataset Flights...
2025-10-08 11:42:43,718 - root - INFO - validate loss: 0.4886
2025-10-08 11:42:43,718 - root - INFO - validate average_precision, 0.8315
2025-10-08 11:42:43,718 - root - INFO - validate roc_auc, 0.8504
2025-10-08 11:42:43,718 - root - INFO - new node validate loss: 0.6998
2025-10-08 11:42:43,719 - root - INFO - new node validate average_precision, 0.6915
2025-10-08 11:42:43,719 - root - INFO - new node validate roc_auc, 0.7175
2025-10-08 11:42:43,719 - root - INFO - test loss: 0.5269
2025-10-08 11:42:43,719 - root - INFO - test average_precision, 0.7994
2025-10-08 11:42:43,719 - root - INFO - test roc_auc, 0.8051
2025-10-08 11:42:43,719 - root - INFO - new node test loss: 0.7869
2025-10-08 11:42:43,719 - root - INFO - new node test average_precision, 0.5916
2025-10-08 11:42:43,719 - root - INFO - new node test roc_auc, 0.6058
2025-10-08 11:42:43,728 - root - INFO - ✅ Metrics saved to: ./saved_metrics/TGAT/Flights/TGAT_lete_seed1
2025-10-08 11:42:43,728 - root - INFO - Run 2 cost 133.88 seconds.
2025-10-08 11:42:43,732 - root - INFO - metrics over 2 runs:
2025-10-08 11:42:43,733 - root - INFO - validate average_precision, [np.float64(0.8345213035007003), np.float64(0.8314634328888095)]
2025-10-08 11:42:43,733 - root - INFO - average validate average_precision, 0.8330 ± 0.0022
2025-10-08 11:42:43,733 - root - INFO - validate roc_auc, [np.float64(0.8486815037947695), np.float64(0.8503826040097618)]
2025-10-08 11:42:43,734 - root - INFO - average validate roc_auc, 0.8495 ± 0.0012
2025-10-08 11:42:43,734 - root - INFO - new node validate average_precision, [np.float64(0.6983363729447326), np.float64(0.6915065919567803)]
2025-10-08 11:42:43,734 - root - INFO - average new node validate average_precision, 0.6949 ± 0.0048
2025-10-08 11:42:43,735 - root - INFO - new node validate roc_auc, [np.float64(0.7206713160516731), np.float64(0.7174806491788634)]
2025-10-08 11:42:43,735 - root - INFO - average new node validate roc_auc, 0.7191 ± 0.0023
2025-10-08 11:42:43,735 - root - INFO - test average_precision, [np.float64(0.7896812168547883), np.float64(0.7993717115981769)]
2025-10-08 11:42:43,735 - root - INFO - average test average_precision, 0.7945 ± 0.0069
2025-10-08 11:42:43,736 - root - INFO - test roc_auc, [np.float64(0.7906631249999999), np.float64(0.805119375)]
2025-10-08 11:42:43,736 - root - INFO - average test roc_auc, 0.7979 ± 0.0102
2025-10-08 11:42:43,736 - root - INFO - new node test average_precision, [np.float64(0.5993669041824674), np.float64(0.5915820519149904)]
2025-10-08 11:42:43,736 - root - INFO - average new node test average_precision, 0.5955 ± 0.0055
2025-10-08 11:42:43,737 - root - INFO - new node test roc_auc, [np.float64(0.6085982090795502), np.float64(0.6057538768568652)]
2025-10-08 11:42:43,737 - root - INFO - average new node test roc_auc, 0.6072 ± 0.0020
