2025-10-08 13:00:11,069 - root - INFO - ********** Run 2 starts. **********
2025-10-08 13:00:11,069 - root - INFO - configuration is Namespace(dataset_name='SocialEvo', batch_size=200, model_name='DyGMamba', gpu=0, num_neighbors=20, sample_neighbor_strategy='uniform', time_scaling_factor=1e-06, num_walk_heads=8, num_heads=2, num_layers=2, walk_length=1, time_gap=2000, time_feat_dim=100, position_feat_dim=172, time_window_mode='fixed_proportion', time_encoder_type='lete', expert_dim=128, num_mixtures=16, sort_neighbors_by_time=False, patch_size=1, channel_embedding_dim=50, max_input_sequence_length=32, learning_rate=0.0001, dropout=0.1, gamma=0.5, num_epochs=2, optimizer='Adam', weight_decay=0.0, patience=20, val_ratio=0.15, test_ratio=0.15, num_runs=2, test_interval_epochs=100, negative_sample_strategy='random', max_interaction_times=5, load_best_configs=True, data_ratio=0.05, seed=1, save_model_name_suffix='', ablation_dir='', mamba_d_state=256, mamba_d_conv=4, mamba_expand=2, mamba_headdim=64, resume_from_checkpoint=None, save_checkpoints=True, checkpoint_interval=20, start_from_seed=0, max_checkpoints_to_keep=3, checkpoint_strategy='minimal', validate_checkpoints=True, device='cuda:0', save_model_name='DyGMamba_lete_seed1')
2025-10-08 13:00:11,071 - root - INFO - Metrics will be saved to: ./saved_metrics/DyGMamba/SocialEvo/DyGMamba_lete_seed1
2025-10-08 13:00:11,073 - root - INFO - time encoder type: lete
2025-10-08 13:00:11,073 - root - INFO - Time encoder will be injected into DyGMamba model
2025-10-08 13:00:11,710 - root - INFO - model -> Sequential(
  (0): DyGMamba(
    (time_encoder): TimeEncoderWrapper(
      (encoder): LeTE(
        (w1_fourier): Linear(in_features=1, out_features=50, bias=True)
        (w2_fourier): FourierSeries()
        (w1_spline): Linear(in_features=1, out_features=50, bias=True)
        (w2_spline): Spline()
        (layernorm): LayerNorm((100,), eps=1e-05, elementwise_affine=True)
      )
    )
    (neighbor_co_occurrence_encoder): NIFEncoder(
      (nif_encode_layer): Sequential(
        (0): Linear(in_features=1, out_features=50, bias=True)
        (1): ReLU()
        (2): Linear(in_features=50, out_features=50, bias=True)
      )
    )
    (projection_layer): ModuleDict(
      (node): Linear(in_features=172, out_features=50, bias=True)
      (edge): Linear(in_features=172, out_features=50, bias=True)
      (time): Linear(in_features=100, out_features=50, bias=True)
      (neighbor_co_occurrence): Linear(in_features=50, out_features=50, bias=True)
    )
    (output_layer): Linear(in_features=100, out_features=172, bias=True)
    (output_layer_t_diff): Linear(in_features=25, out_features=172, bias=True)
    (mamba): ModuleList(
      (0-1): 2 x Mamba(
        (in_proj): Linear(in_features=100, out_features=200, bias=False)
        (conv1d): Conv1d(100, 100, kernel_size=(4,), stride=(1,), padding=(3,), groups=100)
        (act): SiLU()
        (x_proj): Linear(in_features=100, out_features=39, bias=False)
        (dt_proj): Linear(in_features=7, out_features=100, bias=True)
        (out_proj): Linear(in_features=100, out_features=100, bias=False)
      )
    )
    (mamba_t_diff): ModuleList(
      (0-1): 2 x Mamba(
        (in_proj): Linear(in_features=25, out_features=50, bias=False)
        (conv1d): Conv1d(25, 25, kernel_size=(4,), stride=(1,), padding=(3,), groups=25)
        (act): SiLU()
        (x_proj): Linear(in_features=25, out_features=34, bias=False)
        (dt_proj): Linear(in_features=2, out_features=25, bias=True)
        (out_proj): Linear(in_features=25, out_features=25, bias=False)
      )
    )
    (projection_layer_t_diff): Linear(in_features=100, out_features=25, bias=True)
    (projection_layer_t_diff_up): Linear(in_features=25, out_features=100, bias=True)
    (weightagg): Linear(in_features=100, out_features=1, bias=True)
    (reduce_layer): Linear(in_features=200, out_features=100, bias=True)
    (channel_norm): LayerNorm((100,), eps=1e-05, elementwise_affine=True)
    (channel_feedforward): FeedForwardNet(
      (ffn): Sequential(
        (0): Linear(in_features=100, out_features=400, bias=True)
        (1): GELU(approximate='none')
        (2): Dropout(p=0.1, inplace=False)
        (3): Linear(in_features=400, out_features=100, bias=True)
        (4): Dropout(p=0.1, inplace=False)
      )
    )
    (neighbor_selection_layer): Linear(in_features=100, out_features=100, bias=True)
  )
  (1): MergeLayerTD(
    (fc1): Linear(in_features=516, out_features=172, bias=True)
    (fc2): Linear(in_features=172, out_features=1, bias=True)
    (act): ReLU()
  )
)
2025-10-08 13:00:11,710 - root - INFO - model name: DyGMamba, #parameters: 1346140 B, 1314.58984375 KB, 1.2837791442871094 MB.
2025-10-08 13:01:23,382 - root - INFO - Epoch: 1, learning rate: 0.0001, train loss: 0.3289
2025-10-08 13:01:23,383 - root - INFO - train average_precision, 0.8941
2025-10-08 13:01:23,383 - root - INFO - train roc_auc, 0.9195
2025-10-08 13:01:23,383 - root - INFO - validate loss: 0.2967
2025-10-08 13:01:23,383 - root - INFO - validate average_precision, 0.9014
2025-10-08 13:01:23,383 - root - INFO - validate roc_auc, 0.9283
2025-10-08 13:01:23,383 - root - INFO - new node validate loss: 0.3466
2025-10-08 13:01:23,383 - root - INFO - new node validate average_precision, 0.8775
2025-10-08 13:01:23,383 - root - INFO - new node validate roc_auc, 0.9067
2025-10-08 13:01:23,393 - root - INFO - save model ./saved_models/DyGMamba/SocialEvo/DyGMamba_lete_seed1/DyGMamba_lete_seed1.pkl
2025-10-08 13:02:35,101 - root - INFO - Epoch: 2, learning rate: 0.0001, train loss: 0.2945
2025-10-08 13:02:35,102 - root - INFO - train average_precision, 0.9108
2025-10-08 13:02:35,102 - root - INFO - train roc_auc, 0.9322
2025-10-08 13:02:35,102 - root - INFO - validate loss: 0.2964
2025-10-08 13:02:35,102 - root - INFO - validate average_precision, 0.9101
2025-10-08 13:02:35,102 - root - INFO - validate roc_auc, 0.9303
2025-10-08 13:02:35,102 - root - INFO - new node validate loss: 0.3477
2025-10-08 13:02:35,102 - root - INFO - new node validate average_precision, 0.8894
2025-10-08 13:02:35,102 - root - INFO - new node validate roc_auc, 0.9107
2025-10-08 13:02:35,110 - root - INFO - save model ./saved_models/DyGMamba/SocialEvo/DyGMamba_lete_seed1/DyGMamba_lete_seed1.pkl
2025-10-08 13:02:35,132 - root - INFO - load model ./saved_models/DyGMamba/SocialEvo/DyGMamba_lete_seed1/DyGMamba_lete_seed1.pkl
2025-10-08 13:02:35,150 - root - INFO - get final performance on dataset SocialEvo...
2025-10-08 13:03:01,308 - root - INFO - validate loss: 0.2964
2025-10-08 13:03:01,308 - root - INFO - validate average_precision, 0.9101
2025-10-08 13:03:01,308 - root - INFO - validate roc_auc, 0.9303
2025-10-08 13:03:01,308 - root - INFO - new node validate loss: 0.3477
2025-10-08 13:03:01,308 - root - INFO - new node validate average_precision, 0.8894
2025-10-08 13:03:01,308 - root - INFO - new node validate roc_auc, 0.9107
2025-10-08 13:03:01,308 - root - INFO - test loss: 0.2726
2025-10-08 13:03:01,308 - root - INFO - test average_precision, 0.9238
2025-10-08 13:03:01,309 - root - INFO - test roc_auc, 0.9401
2025-10-08 13:03:01,309 - root - INFO - new node test loss: 0.3168
2025-10-08 13:03:01,309 - root - INFO - new node test average_precision, 0.9003
2025-10-08 13:03:01,309 - root - INFO - new node test roc_auc, 0.9168
2025-10-08 13:03:01,318 - root - INFO - ✅ Metrics saved to: ./saved_metrics/DyGMamba/SocialEvo/DyGMamba_lete_seed1
2025-10-08 13:03:01,318 - root - INFO - Run 2 cost 170.25 seconds.
2025-10-08 13:03:01,322 - root - INFO - metrics over 2 runs:
2025-10-08 13:03:01,323 - root - INFO - validate average_precision, [np.float64(0.9199956347222138), np.float64(0.9101336901439133)]
2025-10-08 13:03:01,323 - root - INFO - average validate average_precision, 0.9151 ± 0.0070
2025-10-08 13:03:01,323 - root - INFO - validate roc_auc, [np.float64(0.9356021269353285), np.float64(0.9303252625511031)]
2025-10-08 13:03:01,323 - root - INFO - average validate roc_auc, 0.9330 ± 0.0037
2025-10-08 13:03:01,323 - root - INFO - new node validate average_precision, [np.float64(0.8947164532734562), np.float64(0.8893605513504957)]
2025-10-08 13:03:01,323 - root - INFO - average new node validate average_precision, 0.8920 ± 0.0038
2025-10-08 13:03:01,323 - root - INFO - new node validate roc_auc, [np.float64(0.9153505218855219), np.float64(0.9107363047138047)]
2025-10-08 13:03:01,323 - root - INFO - average new node validate roc_auc, 0.9130 ± 0.0033
2025-10-08 13:03:01,323 - root - INFO - test average_precision, [np.float64(0.9306472579258017), np.float64(0.9238098500453134)]
2025-10-08 13:03:01,324 - root - INFO - average test average_precision, 0.9272 ± 0.0048
2025-10-08 13:03:01,324 - root - INFO - test roc_auc, [np.float64(0.9440652022408033), np.float64(0.940079318216566)]
2025-10-08 13:03:01,324 - root - INFO - average test roc_auc, 0.9421 ± 0.0028
2025-10-08 13:03:01,324 - root - INFO - new node test average_precision, [np.float64(0.9016184081033526), np.float64(0.9002586976535497)]
2025-10-08 13:03:01,324 - root - INFO - average new node test average_precision, 0.9009 ± 0.0010
2025-10-08 13:03:01,324 - root - INFO - new node test roc_auc, [np.float64(0.9223243627450981), np.float64(0.9168086966551326)]
2025-10-08 13:03:01,324 - root - INFO - average new node test roc_auc, 0.9196 ± 0.0039
