2025-10-06 18:59:02,482 - root - INFO - ********** Run 1 starts. **********
2025-10-06 18:59:02,482 - root - INFO - configuration is Namespace(dataset_name='lastfm', batch_size=200, model_name='TGAT', gpu=0, num_neighbors=20, sample_neighbor_strategy='recent', time_scaling_factor=1e-06, num_walk_heads=8, num_heads=2, num_layers=2, walk_length=1, time_gap=2000, time_feat_dim=100, position_feat_dim=172, time_window_mode='fixed_proportion', time_encoder_type='time2vec', expert_dim=128, num_mixtures=16, sort_neighbors_by_time=False, patch_size=1, channel_embedding_dim=50, max_input_sequence_length=32, learning_rate=0.0001, dropout=0.1, gamma=0.5, num_epochs=1000, optimizer='Adam', weight_decay=0.0, patience=20, val_ratio=0.15, test_ratio=0.15, num_runs=1, test_interval_epochs=100, negative_sample_strategy='random', max_interaction_times=10, load_best_configs=True, data_ratio=1.0, seed=0, save_model_name_suffix='', ablation_dir='', mamba_d_state=256, mamba_d_conv=4, mamba_expand=2, mamba_headdim=64, device='cuda:0', save_model_name='TGAT_time2vec_seed0')
2025-10-06 18:59:02,487 - root - INFO - Metrics will be saved to: ./saved_metrics/TGAT/lastfm/TGAT_time2vec_seed0
2025-10-06 18:59:02,489 - root - INFO - time encoder type: time2vec
2025-10-06 18:59:03,050 - root - INFO - model -> Sequential(
  (0): TGAT(
    (time_encoder): TimeEncoderWrapper(
      (encoder): Time2VecEncoder(
        (time2vec_layer): SineActivation()
      )
    )
    (temporal_conv_layers): ModuleList(
      (0-1): 2 x MultiHeadAttention(
        (query_projection): Linear(in_features=272, out_features=272, bias=False)
        (key_projection): Linear(in_features=444, out_features=272, bias=False)
        (value_projection): Linear(in_features=444, out_features=272, bias=False)
        (layer_norm): LayerNorm((272,), eps=1e-05, elementwise_affine=True)
        (residual_fc): Linear(in_features=272, out_features=272, bias=True)
        (dropout): Dropout(p=0.1, inplace=False)
      )
    )
    (merge_layers): ModuleList(
      (0-1): 2 x MergeLayer(
        (fc1): Linear(in_features=444, out_features=172, bias=True)
        (fc2): Linear(in_features=172, out_features=172, bias=True)
        (act): ReLU()
      )
    )
  )
  (1): MergeLayer(
    (fc1): Linear(in_features=344, out_features=172, bias=True)
    (fc2): Linear(in_features=172, out_features=1, bias=True)
    (act): ReLU()
  )
)
2025-10-06 18:59:03,051 - root - INFO - model name: TGAT, #parameters: 4211780 B, 4113.06640625 KB, 4.016666412353516 MB.
2025-10-06 19:10:47,497 - root - INFO - Epoch: 1, learning rate: 0.0001, train loss: 0.6267
2025-10-06 19:10:47,498 - root - INFO - train average_precision, 0.6885
2025-10-06 19:10:47,499 - root - INFO - train roc_auc, 0.6834
2025-10-06 19:10:47,499 - root - INFO - validate loss: 0.6450
2025-10-06 19:10:47,499 - root - INFO - validate average_precision, 0.6739
2025-10-06 19:10:47,499 - root - INFO - validate roc_auc, 0.6555
2025-10-06 19:10:47,499 - root - INFO - new node validate loss: 0.6262
2025-10-06 19:10:47,499 - root - INFO - new node validate average_precision, 0.7141
2025-10-06 19:10:47,499 - root - INFO - new node validate roc_auc, 0.6893
2025-10-06 19:10:47,512 - root - INFO - save model ./saved_models/TGAT/lastfm/TGAT_time2vec_seed0/TGAT_time2vec_seed0.pkl
2025-10-06 19:22:31,950 - root - INFO - Epoch: 2, learning rate: 0.0001, train loss: 0.6103
2025-10-06 19:22:31,951 - root - INFO - train average_precision, 0.7030
2025-10-06 19:22:31,952 - root - INFO - train roc_auc, 0.6986
2025-10-06 19:22:31,952 - root - INFO - validate loss: 0.6439
2025-10-06 19:22:31,952 - root - INFO - validate average_precision, 0.6750
2025-10-06 19:22:31,952 - root - INFO - validate roc_auc, 0.6564
2025-10-06 19:22:31,952 - root - INFO - new node validate loss: 0.6229
2025-10-06 19:22:31,952 - root - INFO - new node validate average_precision, 0.7164
2025-10-06 19:22:31,952 - root - INFO - new node validate roc_auc, 0.6913
2025-10-06 19:22:31,961 - root - INFO - save model ./saved_models/TGAT/lastfm/TGAT_time2vec_seed0/TGAT_time2vec_seed0.pkl
2025-10-06 19:34:16,308 - root - INFO - Epoch: 3, learning rate: 0.0001, train loss: 0.6080
2025-10-06 19:34:16,309 - root - INFO - train average_precision, 0.7049
2025-10-06 19:34:16,309 - root - INFO - train roc_auc, 0.7024
2025-10-06 19:34:16,310 - root - INFO - validate loss: 0.6392
2025-10-06 19:34:16,310 - root - INFO - validate average_precision, 0.6866
2025-10-06 19:34:16,310 - root - INFO - validate roc_auc, 0.6766
2025-10-06 19:34:16,310 - root - INFO - new node validate loss: 0.6189
2025-10-06 19:34:16,310 - root - INFO - new node validate average_precision, 0.7314
2025-10-06 19:34:16,310 - root - INFO - new node validate roc_auc, 0.7106
2025-10-06 19:34:16,320 - root - INFO - save model ./saved_models/TGAT/lastfm/TGAT_time2vec_seed0/TGAT_time2vec_seed0.pkl
2025-10-06 19:46:00,517 - root - INFO - Epoch: 4, learning rate: 0.0001, train loss: 0.5957
2025-10-06 19:46:00,518 - root - INFO - train average_precision, 0.7177
2025-10-06 19:46:00,518 - root - INFO - train roc_auc, 0.7176
2025-10-06 19:46:00,519 - root - INFO - validate loss: 0.6318
2025-10-06 19:46:00,519 - root - INFO - validate average_precision, 0.6994
2025-10-06 19:46:00,519 - root - INFO - validate roc_auc, 0.6877
2025-10-06 19:46:00,519 - root - INFO - new node validate loss: 0.6100
2025-10-06 19:46:00,519 - root - INFO - new node validate average_precision, 0.7439
2025-10-06 19:46:00,519 - root - INFO - new node validate roc_auc, 0.7235
2025-10-06 19:46:00,526 - root - INFO - save model ./saved_models/TGAT/lastfm/TGAT_time2vec_seed0/TGAT_time2vec_seed0.pkl
2025-10-06 19:57:43,645 - root - INFO - Epoch: 5, learning rate: 0.0001, train loss: 0.5921
2025-10-06 19:57:43,647 - root - INFO - train average_precision, 0.7231
2025-10-06 19:57:43,647 - root - INFO - train roc_auc, 0.7217
2025-10-06 19:57:43,647 - root - INFO - validate loss: 0.6308
2025-10-06 19:57:43,647 - root - INFO - validate average_precision, 0.7025
2025-10-06 19:57:43,647 - root - INFO - validate roc_auc, 0.6894
2025-10-06 19:57:43,647 - root - INFO - new node validate loss: 0.6072
2025-10-06 19:57:43,647 - root - INFO - new node validate average_precision, 0.7479
2025-10-06 19:57:43,648 - root - INFO - new node validate roc_auc, 0.7256
2025-10-06 19:57:43,655 - root - INFO - save model ./saved_models/TGAT/lastfm/TGAT_time2vec_seed0/TGAT_time2vec_seed0.pkl
2025-10-06 20:09:28,381 - root - INFO - Epoch: 6, learning rate: 0.0001, train loss: 0.5902
2025-10-06 20:09:28,382 - root - INFO - train average_precision, 0.7254
2025-10-06 20:09:28,383 - root - INFO - train roc_auc, 0.7238
2025-10-06 20:09:28,383 - root - INFO - validate loss: 0.6283
2025-10-06 20:09:28,383 - root - INFO - validate average_precision, 0.7046
2025-10-06 20:09:28,383 - root - INFO - validate roc_auc, 0.6912
2025-10-06 20:09:28,383 - root - INFO - new node validate loss: 0.6047
2025-10-06 20:09:28,383 - root - INFO - new node validate average_precision, 0.7498
2025-10-06 20:09:28,383 - root - INFO - new node validate roc_auc, 0.7274
2025-10-06 20:09:28,390 - root - INFO - save model ./saved_models/TGAT/lastfm/TGAT_time2vec_seed0/TGAT_time2vec_seed0.pkl
2025-10-06 20:21:12,483 - root - INFO - Epoch: 7, learning rate: 0.0001, train loss: 0.5891
2025-10-06 20:21:12,484 - root - INFO - train average_precision, 0.7273
2025-10-06 20:21:12,484 - root - INFO - train roc_auc, 0.7249
2025-10-06 20:21:12,484 - root - INFO - validate loss: 0.6278
2025-10-06 20:21:12,484 - root - INFO - validate average_precision, 0.7054
2025-10-06 20:21:12,485 - root - INFO - validate roc_auc, 0.6922
2025-10-06 20:21:12,485 - root - INFO - new node validate loss: 0.6037
2025-10-06 20:21:12,485 - root - INFO - new node validate average_precision, 0.7503
2025-10-06 20:21:12,485 - root - INFO - new node validate roc_auc, 0.7287
2025-10-06 20:21:12,492 - root - INFO - save model ./saved_models/TGAT/lastfm/TGAT_time2vec_seed0/TGAT_time2vec_seed0.pkl
2025-10-06 20:32:56,418 - root - INFO - Epoch: 8, learning rate: 0.0001, train loss: 0.5880
2025-10-06 20:32:56,419 - root - INFO - train average_precision, 0.7285
2025-10-06 20:32:56,420 - root - INFO - train roc_auc, 0.7260
2025-10-06 20:32:56,420 - root - INFO - validate loss: 0.6257
2025-10-06 20:32:56,420 - root - INFO - validate average_precision, 0.7076
2025-10-06 20:32:56,420 - root - INFO - validate roc_auc, 0.6934
2025-10-06 20:32:56,420 - root - INFO - new node validate loss: 0.6013
2025-10-06 20:32:56,420 - root - INFO - new node validate average_precision, 0.7528
2025-10-06 20:32:56,420 - root - INFO - new node validate roc_auc, 0.7299
2025-10-06 20:32:56,427 - root - INFO - save model ./saved_models/TGAT/lastfm/TGAT_time2vec_seed0/TGAT_time2vec_seed0.pkl
2025-10-06 20:44:43,747 - root - INFO - Epoch: 9, learning rate: 0.0001, train loss: 0.5872
2025-10-06 20:44:43,748 - root - INFO - train average_precision, 0.7302
2025-10-06 20:44:43,748 - root - INFO - train roc_auc, 0.7269
2025-10-06 20:44:43,748 - root - INFO - validate loss: 0.6254
2025-10-06 20:44:43,748 - root - INFO - validate average_precision, 0.7082
2025-10-06 20:44:43,748 - root - INFO - validate roc_auc, 0.6932
2025-10-06 20:44:43,748 - root - INFO - new node validate loss: 0.5997
2025-10-06 20:44:43,749 - root - INFO - new node validate average_precision, 0.7530
2025-10-06 20:44:43,749 - root - INFO - new node validate roc_auc, 0.7299
2025-10-06 20:56:27,805 - root - INFO - Epoch: 10, learning rate: 0.0001, train loss: 0.5867
2025-10-06 20:56:27,806 - root - INFO - train average_precision, 0.7306
2025-10-06 20:56:27,807 - root - INFO - train roc_auc, 0.7274
2025-10-06 20:56:27,807 - root - INFO - validate loss: 0.6246
2025-10-06 20:56:27,807 - root - INFO - validate average_precision, 0.7087
2025-10-06 20:56:27,807 - root - INFO - validate roc_auc, 0.6931
2025-10-06 20:56:27,807 - root - INFO - new node validate loss: 0.6003
2025-10-06 20:56:27,807 - root - INFO - new node validate average_precision, 0.7533
2025-10-06 20:56:27,807 - root - INFO - new node validate roc_auc, 0.7296
2025-10-06 21:08:09,593 - root - INFO - Epoch: 11, learning rate: 0.0001, train loss: 0.5857
2025-10-06 21:08:09,594 - root - INFO - train average_precision, 0.7324
2025-10-06 21:08:09,594 - root - INFO - train roc_auc, 0.7285
2025-10-06 21:08:09,594 - root - INFO - validate loss: 0.6247
2025-10-06 21:08:09,595 - root - INFO - validate average_precision, 0.7084
2025-10-06 21:08:09,595 - root - INFO - validate roc_auc, 0.6927
2025-10-06 21:08:09,595 - root - INFO - new node validate loss: 0.5998
2025-10-06 21:08:09,595 - root - INFO - new node validate average_precision, 0.7531
2025-10-06 21:08:09,595 - root - INFO - new node validate roc_auc, 0.7295
2025-10-06 21:19:55,325 - root - INFO - Epoch: 12, learning rate: 0.0001, train loss: 0.5859
2025-10-06 21:19:55,326 - root - INFO - train average_precision, 0.7319
2025-10-06 21:19:55,326 - root - INFO - train roc_auc, 0.7282
2025-10-06 21:19:55,326 - root - INFO - validate loss: 0.6247
2025-10-06 21:19:55,327 - root - INFO - validate average_precision, 0.7089
2025-10-06 21:19:55,327 - root - INFO - validate roc_auc, 0.6928
2025-10-06 21:19:55,327 - root - INFO - new node validate loss: 0.5996
2025-10-06 21:19:55,327 - root - INFO - new node validate average_precision, 0.7530
2025-10-06 21:19:55,327 - root - INFO - new node validate roc_auc, 0.7293
2025-10-06 21:31:43,062 - root - INFO - Epoch: 13, learning rate: 0.0001, train loss: 0.5860
2025-10-06 21:31:43,063 - root - INFO - train average_precision, 0.7318
2025-10-06 21:31:43,063 - root - INFO - train roc_auc, 0.7277
2025-10-06 21:31:43,063 - root - INFO - validate loss: 0.6243
2025-10-06 21:31:43,064 - root - INFO - validate average_precision, 0.7088
2025-10-06 21:31:43,064 - root - INFO - validate roc_auc, 0.6925
2025-10-06 21:31:43,064 - root - INFO - new node validate loss: 0.5980
2025-10-06 21:31:43,064 - root - INFO - new node validate average_precision, 0.7531
2025-10-06 21:31:43,064 - root - INFO - new node validate roc_auc, 0.7290
2025-10-06 21:43:28,010 - root - INFO - Epoch: 14, learning rate: 0.0001, train loss: 0.5854
2025-10-06 21:43:28,011 - root - INFO - train average_precision, 0.7326
2025-10-06 21:43:28,011 - root - INFO - train roc_auc, 0.7284
2025-10-06 21:43:28,012 - root - INFO - validate loss: 0.6249
2025-10-06 21:43:28,012 - root - INFO - validate average_precision, 0.7079
2025-10-06 21:43:28,012 - root - INFO - validate roc_auc, 0.6919
2025-10-06 21:43:28,012 - root - INFO - new node validate loss: 0.6000
2025-10-06 21:43:28,012 - root - INFO - new node validate average_precision, 0.7508
2025-10-06 21:43:28,012 - root - INFO - new node validate roc_auc, 0.7278
2025-10-06 21:55:12,307 - root - INFO - Epoch: 15, learning rate: 0.0001, train loss: 0.5873
2025-10-06 21:55:12,308 - root - INFO - train average_precision, 0.7324
2025-10-06 21:55:12,309 - root - INFO - train roc_auc, 0.7281
2025-10-06 21:55:12,309 - root - INFO - validate loss: 0.6237
2025-10-06 21:55:12,309 - root - INFO - validate average_precision, 0.7097
2025-10-06 21:55:12,309 - root - INFO - validate roc_auc, 0.6934
2025-10-06 21:55:12,309 - root - INFO - new node validate loss: 0.5981
2025-10-06 21:55:12,309 - root - INFO - new node validate average_precision, 0.7538
2025-10-06 21:55:12,309 - root - INFO - new node validate roc_auc, 0.7297
2025-10-06 22:06:55,565 - root - INFO - Epoch: 16, learning rate: 0.0001, train loss: 0.5869
2025-10-06 22:06:55,566 - root - INFO - train average_precision, 0.7324
2025-10-06 22:06:55,567 - root - INFO - train roc_auc, 0.7279
2025-10-06 22:06:55,567 - root - INFO - validate loss: 0.6243
2025-10-06 22:06:55,567 - root - INFO - validate average_precision, 0.7096
2025-10-06 22:06:55,567 - root - INFO - validate roc_auc, 0.6928
2025-10-06 22:06:55,567 - root - INFO - new node validate loss: 0.5974
2025-10-06 22:06:55,567 - root - INFO - new node validate average_precision, 0.7541
2025-10-06 22:06:55,567 - root - INFO - new node validate roc_auc, 0.7297
2025-10-06 22:18:37,812 - root - INFO - Epoch: 17, learning rate: 0.0001, train loss: 0.5936
2025-10-06 22:18:37,813 - root - INFO - train average_precision, 0.7221
2025-10-06 22:18:37,813 - root - INFO - train roc_auc, 0.7170
2025-10-06 22:18:37,813 - root - INFO - validate loss: 0.6415
2025-10-06 22:18:37,814 - root - INFO - validate average_precision, 0.6766
2025-10-06 22:18:37,814 - root - INFO - validate roc_auc, 0.6573
2025-10-06 22:18:37,814 - root - INFO - new node validate loss: 0.6202
2025-10-06 22:18:37,814 - root - INFO - new node validate average_precision, 0.7171
2025-10-06 22:18:37,814 - root - INFO - new node validate roc_auc, 0.6920
2025-10-06 22:30:23,298 - root - INFO - Epoch: 18, learning rate: 0.0001, train loss: 0.6091
2025-10-06 22:30:23,299 - root - INFO - train average_precision, 0.7046
2025-10-06 22:30:23,300 - root - INFO - train roc_auc, 0.6989
2025-10-06 22:30:23,300 - root - INFO - validate loss: 0.6420
2025-10-06 22:30:23,300 - root - INFO - validate average_precision, 0.6761
2025-10-06 22:30:23,300 - root - INFO - validate roc_auc, 0.6571
2025-10-06 22:30:23,300 - root - INFO - new node validate loss: 0.6210
2025-10-06 22:30:23,300 - root - INFO - new node validate average_precision, 0.7162
2025-10-06 22:30:23,301 - root - INFO - new node validate roc_auc, 0.6915
2025-10-06 22:42:09,812 - root - INFO - Epoch: 19, learning rate: 0.0001, train loss: 0.6099
2025-10-06 22:42:09,813 - root - INFO - train average_precision, 0.7039
2025-10-06 22:42:09,814 - root - INFO - train roc_auc, 0.6983
2025-10-06 22:42:09,814 - root - INFO - validate loss: 0.6418
2025-10-06 22:42:09,814 - root - INFO - validate average_precision, 0.6773
2025-10-06 22:42:09,814 - root - INFO - validate roc_auc, 0.6573
2025-10-06 22:42:09,814 - root - INFO - new node validate loss: 0.6206
2025-10-06 22:42:09,814 - root - INFO - new node validate average_precision, 0.7176
2025-10-06 22:42:09,814 - root - INFO - new node validate roc_auc, 0.6916
2025-10-06 22:53:51,458 - root - INFO - Epoch: 20, learning rate: 0.0001, train loss: 0.6071
2025-10-06 22:53:51,459 - root - INFO - train average_precision, 0.7050
2025-10-06 22:53:51,459 - root - INFO - train roc_auc, 0.6993
2025-10-06 22:53:51,459 - root - INFO - validate loss: 0.6407
2025-10-06 22:53:51,459 - root - INFO - validate average_precision, 0.6778
2025-10-06 22:53:51,459 - root - INFO - validate roc_auc, 0.6573
2025-10-06 22:53:51,459 - root - INFO - new node validate loss: 0.6201
2025-10-06 22:53:51,460 - root - INFO - new node validate average_precision, 0.7181
2025-10-06 22:53:51,460 - root - INFO - new node validate roc_auc, 0.6917
2025-10-06 23:05:34,069 - root - INFO - Epoch: 21, learning rate: 0.0001, train loss: 0.6066
2025-10-06 23:05:34,070 - root - INFO - train average_precision, 0.7062
2025-10-06 23:05:34,071 - root - INFO - train roc_auc, 0.7000
2025-10-06 23:05:34,071 - root - INFO - validate loss: 0.6398
2025-10-06 23:05:34,071 - root - INFO - validate average_precision, 0.6787
2025-10-06 23:05:34,071 - root - INFO - validate roc_auc, 0.6580
2025-10-06 23:05:34,071 - root - INFO - new node validate loss: 0.6182
2025-10-06 23:05:34,071 - root - INFO - new node validate average_precision, 0.7202
2025-10-06 23:05:34,071 - root - INFO - new node validate roc_auc, 0.6934
2025-10-06 23:17:17,519 - root - INFO - Epoch: 22, learning rate: 0.0001, train loss: 0.5950
2025-10-06 23:17:17,520 - root - INFO - train average_precision, 0.7207
2025-10-06 23:17:17,520 - root - INFO - train roc_auc, 0.7191
2025-10-06 23:17:17,520 - root - INFO - validate loss: 0.6259
2025-10-06 23:17:17,520 - root - INFO - validate average_precision, 0.7070
2025-10-06 23:17:17,521 - root - INFO - validate roc_auc, 0.6932
2025-10-06 23:17:17,521 - root - INFO - new node validate loss: 0.6027
2025-10-06 23:17:17,521 - root - INFO - new node validate average_precision, 0.7517
2025-10-06 23:17:17,521 - root - INFO - new node validate roc_auc, 0.7292
2025-10-06 23:29:00,042 - root - INFO - Epoch: 23, learning rate: 0.0001, train loss: 0.5901
2025-10-06 23:29:00,043 - root - INFO - train average_precision, 0.7262
2025-10-06 23:29:00,043 - root - INFO - train roc_auc, 0.7240
2025-10-06 23:29:00,043 - root - INFO - validate loss: 0.6452
2025-10-06 23:29:00,043 - root - INFO - validate average_precision, 0.6754
2025-10-06 23:29:00,044 - root - INFO - validate roc_auc, 0.6560
2025-10-06 23:29:00,044 - root - INFO - new node validate loss: 0.6292
2025-10-06 23:29:00,044 - root - INFO - new node validate average_precision, 0.7170
2025-10-06 23:29:00,044 - root - INFO - new node validate roc_auc, 0.6906
2025-10-06 23:40:44,196 - root - INFO - Epoch: 24, learning rate: 0.0001, train loss: 0.6035
2025-10-06 23:40:44,197 - root - INFO - train average_precision, 0.7107
2025-10-06 23:40:44,197 - root - INFO - train roc_auc, 0.7063
2025-10-06 23:40:44,197 - root - INFO - validate loss: 0.6245
2025-10-06 23:40:44,198 - root - INFO - validate average_precision, 0.7094
2025-10-06 23:40:44,198 - root - INFO - validate roc_auc, 0.6939
2025-10-06 23:40:44,198 - root - INFO - new node validate loss: 0.6028
2025-10-06 23:40:44,198 - root - INFO - new node validate average_precision, 0.7541
2025-10-06 23:40:44,198 - root - INFO - new node validate roc_auc, 0.7290
2025-10-06 23:40:44,205 - root - INFO - save model ./saved_models/TGAT/lastfm/TGAT_time2vec_seed0/TGAT_time2vec_seed0.pkl
2025-10-06 23:52:26,316 - root - INFO - Epoch: 25, learning rate: 0.0001, train loss: 0.6017
2025-10-06 23:52:26,317 - root - INFO - train average_precision, 0.7108
2025-10-06 23:52:26,317 - root - INFO - train roc_auc, 0.7047
2025-10-06 23:52:26,317 - root - INFO - validate loss: 0.6415
2025-10-06 23:52:26,317 - root - INFO - validate average_precision, 0.6789
2025-10-06 23:52:26,317 - root - INFO - validate roc_auc, 0.6582
2025-10-06 23:52:26,318 - root - INFO - new node validate loss: 0.6207
2025-10-06 23:52:26,318 - root - INFO - new node validate average_precision, 0.7229
2025-10-06 23:52:26,318 - root - INFO - new node validate roc_auc, 0.6953
2025-10-07 00:04:10,640 - root - INFO - Epoch: 26, learning rate: 0.0001, train loss: 0.6038
2025-10-07 00:04:10,642 - root - INFO - train average_precision, 0.7095
2025-10-07 00:04:10,642 - root - INFO - train roc_auc, 0.7025
2025-10-07 00:04:10,642 - root - INFO - validate loss: 0.6429
2025-10-07 00:04:10,642 - root - INFO - validate average_precision, 0.6765
2025-10-07 00:04:10,642 - root - INFO - validate roc_auc, 0.6570
2025-10-07 00:04:10,642 - root - INFO - new node validate loss: 0.6243
2025-10-07 00:04:10,643 - root - INFO - new node validate average_precision, 0.7183
2025-10-07 00:04:10,643 - root - INFO - new node validate roc_auc, 0.6917
2025-10-07 00:15:53,285 - root - INFO - Epoch: 27, learning rate: 0.0001, train loss: 0.6040
2025-10-07 00:15:53,286 - root - INFO - train average_precision, 0.7097
2025-10-07 00:15:53,287 - root - INFO - train roc_auc, 0.7027
2025-10-07 00:15:53,287 - root - INFO - validate loss: 0.6409
2025-10-07 00:15:53,287 - root - INFO - validate average_precision, 0.6778
2025-10-07 00:15:53,287 - root - INFO - validate roc_auc, 0.6576
2025-10-07 00:15:53,287 - root - INFO - new node validate loss: 0.6217
2025-10-07 00:15:53,287 - root - INFO - new node validate average_precision, 0.7191
2025-10-07 00:15:53,287 - root - INFO - new node validate roc_auc, 0.6923
2025-10-07 00:27:37,441 - root - INFO - Epoch: 28, learning rate: 0.0001, train loss: 0.6041
2025-10-07 00:27:37,442 - root - INFO - train average_precision, 0.7096
2025-10-07 00:27:37,443 - root - INFO - train roc_auc, 0.7020
2025-10-07 00:27:37,443 - root - INFO - validate loss: 0.6402
2025-10-07 00:27:37,443 - root - INFO - validate average_precision, 0.6773
2025-10-07 00:27:37,443 - root - INFO - validate roc_auc, 0.6570
2025-10-07 00:27:37,443 - root - INFO - new node validate loss: 0.6207
2025-10-07 00:27:37,443 - root - INFO - new node validate average_precision, 0.7183
2025-10-07 00:27:37,443 - root - INFO - new node validate roc_auc, 0.6912
2025-10-07 00:39:20,812 - root - INFO - Epoch: 29, learning rate: 0.0001, train loss: 0.6042
2025-10-07 00:39:20,813 - root - INFO - train average_precision, 0.7095
2025-10-07 00:39:20,814 - root - INFO - train roc_auc, 0.7019
2025-10-07 00:39:20,814 - root - INFO - validate loss: 0.6407
2025-10-07 00:39:20,814 - root - INFO - validate average_precision, 0.6782
2025-10-07 00:39:20,814 - root - INFO - validate roc_auc, 0.6573
2025-10-07 00:39:20,814 - root - INFO - new node validate loss: 0.6214
2025-10-07 00:39:20,814 - root - INFO - new node validate average_precision, 0.7195
2025-10-07 00:39:20,814 - root - INFO - new node validate roc_auc, 0.6918
2025-10-07 00:51:02,859 - root - INFO - Epoch: 30, learning rate: 0.0001, train loss: 0.6051
2025-10-07 00:51:02,860 - root - INFO - train average_precision, 0.7075
2025-10-07 00:51:02,860 - root - INFO - train roc_auc, 0.7004
2025-10-07 00:51:02,860 - root - INFO - validate loss: 0.6394
2025-10-07 00:51:02,860 - root - INFO - validate average_precision, 0.6782
2025-10-07 00:51:02,861 - root - INFO - validate roc_auc, 0.6574
2025-10-07 00:51:02,861 - root - INFO - new node validate loss: 0.6177
2025-10-07 00:51:02,861 - root - INFO - new node validate average_precision, 0.7185
2025-10-07 00:51:02,861 - root - INFO - new node validate roc_auc, 0.6920
2025-10-07 01:02:47,060 - root - INFO - Epoch: 31, learning rate: 0.0001, train loss: 0.6061
2025-10-07 01:02:47,061 - root - INFO - train average_precision, 0.7067
2025-10-07 01:02:47,062 - root - INFO - train roc_auc, 0.7000
2025-10-07 01:02:47,062 - root - INFO - validate loss: 0.6393
2025-10-07 01:02:47,062 - root - INFO - validate average_precision, 0.6787
2025-10-07 01:02:47,062 - root - INFO - validate roc_auc, 0.6577
2025-10-07 01:02:47,062 - root - INFO - new node validate loss: 0.6176
2025-10-07 01:02:47,062 - root - INFO - new node validate average_precision, 0.7191
2025-10-07 01:02:47,062 - root - INFO - new node validate roc_auc, 0.6922
2025-10-07 01:14:32,602 - root - INFO - Epoch: 32, learning rate: 0.0001, train loss: 0.6057
2025-10-07 01:14:32,603 - root - INFO - train average_precision, 0.7071
2025-10-07 01:14:32,603 - root - INFO - train roc_auc, 0.7001
2025-10-07 01:14:32,604 - root - INFO - validate loss: 0.6389
2025-10-07 01:14:32,604 - root - INFO - validate average_precision, 0.6792
2025-10-07 01:14:32,604 - root - INFO - validate roc_auc, 0.6579
2025-10-07 01:14:32,604 - root - INFO - new node validate loss: 0.6179
2025-10-07 01:14:32,604 - root - INFO - new node validate average_precision, 0.7197
2025-10-07 01:14:32,604 - root - INFO - new node validate roc_auc, 0.6924
2025-10-07 01:26:15,337 - root - INFO - Epoch: 33, learning rate: 0.0001, train loss: 0.6055
2025-10-07 01:26:15,338 - root - INFO - train average_precision, 0.7071
2025-10-07 01:26:15,338 - root - INFO - train roc_auc, 0.6998
2025-10-07 01:26:15,338 - root - INFO - validate loss: 0.6389
2025-10-07 01:26:15,339 - root - INFO - validate average_precision, 0.6793
2025-10-07 01:26:15,339 - root - INFO - validate roc_auc, 0.6577
2025-10-07 01:26:15,339 - root - INFO - new node validate loss: 0.6187
2025-10-07 01:26:15,339 - root - INFO - new node validate average_precision, 0.7195
2025-10-07 01:26:15,339 - root - INFO - new node validate roc_auc, 0.6920
2025-10-07 01:37:59,297 - root - INFO - Epoch: 34, learning rate: 0.0001, train loss: 0.6043
2025-10-07 01:37:59,298 - root - INFO - train average_precision, 0.7093
2025-10-07 01:37:59,299 - root - INFO - train roc_auc, 0.7011
2025-10-07 01:37:59,299 - root - INFO - validate loss: 0.6390
2025-10-07 01:37:59,299 - root - INFO - validate average_precision, 0.6788
2025-10-07 01:37:59,299 - root - INFO - validate roc_auc, 0.6574
2025-10-07 01:37:59,299 - root - INFO - new node validate loss: 0.6187
2025-10-07 01:37:59,299 - root - INFO - new node validate average_precision, 0.7191
2025-10-07 01:37:59,299 - root - INFO - new node validate roc_auc, 0.6915
2025-10-07 01:49:43,736 - root - INFO - Epoch: 35, learning rate: 0.0001, train loss: 0.6043
2025-10-07 01:49:43,738 - root - INFO - train average_precision, 0.7093
2025-10-07 01:49:43,738 - root - INFO - train roc_auc, 0.7016
2025-10-07 01:49:43,738 - root - INFO - validate loss: 0.6402
2025-10-07 01:49:43,738 - root - INFO - validate average_precision, 0.6782
2025-10-07 01:49:43,738 - root - INFO - validate roc_auc, 0.6574
2025-10-07 01:49:43,738 - root - INFO - new node validate loss: 0.6207
2025-10-07 01:49:43,739 - root - INFO - new node validate average_precision, 0.7191
2025-10-07 01:49:43,739 - root - INFO - new node validate roc_auc, 0.6917
2025-10-07 02:01:28,234 - root - INFO - Epoch: 36, learning rate: 0.0001, train loss: 0.6031
2025-10-07 02:01:28,235 - root - INFO - train average_precision, 0.7102
2025-10-07 02:01:28,235 - root - INFO - train roc_auc, 0.7024
2025-10-07 02:01:28,236 - root - INFO - validate loss: 0.6398
2025-10-07 02:01:28,236 - root - INFO - validate average_precision, 0.6782
2025-10-07 02:01:28,236 - root - INFO - validate roc_auc, 0.6575
2025-10-07 02:01:28,236 - root - INFO - new node validate loss: 0.6195
2025-10-07 02:01:28,236 - root - INFO - new node validate average_precision, 0.7197
2025-10-07 02:01:28,236 - root - INFO - new node validate roc_auc, 0.6924
2025-10-07 02:13:10,976 - root - INFO - Epoch: 37, learning rate: 0.0001, train loss: 0.6034
2025-10-07 02:13:10,977 - root - INFO - train average_precision, 0.7100
2025-10-07 02:13:10,977 - root - INFO - train roc_auc, 0.7025
2025-10-07 02:13:10,977 - root - INFO - validate loss: 0.6390
2025-10-07 02:13:10,977 - root - INFO - validate average_precision, 0.6785
2025-10-07 02:13:10,978 - root - INFO - validate roc_auc, 0.6574
2025-10-07 02:13:10,978 - root - INFO - new node validate loss: 0.6178
2025-10-07 02:13:10,978 - root - INFO - new node validate average_precision, 0.7186
2025-10-07 02:13:10,978 - root - INFO - new node validate roc_auc, 0.6913
2025-10-07 02:24:54,235 - root - INFO - Epoch: 38, learning rate: 0.0001, train loss: 0.6048
2025-10-07 02:24:54,236 - root - INFO - train average_precision, 0.7084
2025-10-07 02:24:54,237 - root - INFO - train roc_auc, 0.7011
2025-10-07 02:24:54,237 - root - INFO - validate loss: 0.6396
2025-10-07 02:24:54,237 - root - INFO - validate average_precision, 0.6791
2025-10-07 02:24:54,237 - root - INFO - validate roc_auc, 0.6580
2025-10-07 02:24:54,237 - root - INFO - new node validate loss: 0.6168
2025-10-07 02:24:54,237 - root - INFO - new node validate average_precision, 0.7201
2025-10-07 02:24:54,237 - root - INFO - new node validate roc_auc, 0.6928
2025-10-07 02:36:36,350 - root - INFO - Epoch: 39, learning rate: 0.0001, train loss: 0.6056
2025-10-07 02:36:36,351 - root - INFO - train average_precision, 0.7077
2025-10-07 02:36:36,351 - root - INFO - train roc_auc, 0.7005
2025-10-07 02:36:36,351 - root - INFO - validate loss: 0.6386
2025-10-07 02:36:36,352 - root - INFO - validate average_precision, 0.6794
2025-10-07 02:36:36,352 - root - INFO - validate roc_auc, 0.6580
2025-10-07 02:36:36,352 - root - INFO - new node validate loss: 0.6174
2025-10-07 02:36:36,352 - root - INFO - new node validate average_precision, 0.7197
2025-10-07 02:36:36,352 - root - INFO - new node validate roc_auc, 0.6923
2025-10-07 02:48:20,000 - root - INFO - Epoch: 40, learning rate: 0.0001, train loss: 0.6077
2025-10-07 02:48:20,001 - root - INFO - train average_precision, 0.7047
2025-10-07 02:48:20,002 - root - INFO - train roc_auc, 0.6989
2025-10-07 02:48:20,002 - root - INFO - validate loss: 0.6398
2025-10-07 02:48:20,002 - root - INFO - validate average_precision, 0.6789
2025-10-07 02:48:20,002 - root - INFO - validate roc_auc, 0.6576
2025-10-07 02:48:20,002 - root - INFO - new node validate loss: 0.6174
2025-10-07 02:48:20,002 - root - INFO - new node validate average_precision, 0.7197
2025-10-07 02:48:20,003 - root - INFO - new node validate roc_auc, 0.6923
2025-10-07 03:00:03,864 - root - INFO - Epoch: 41, learning rate: 0.0001, train loss: 0.6062
2025-10-07 03:00:03,865 - root - INFO - train average_precision, 0.7073
2025-10-07 03:00:03,866 - root - INFO - train roc_auc, 0.7000
2025-10-07 03:00:03,866 - root - INFO - validate loss: 0.6399
2025-10-07 03:00:03,866 - root - INFO - validate average_precision, 0.6788
2025-10-07 03:00:03,866 - root - INFO - validate roc_auc, 0.6579
2025-10-07 03:00:03,866 - root - INFO - new node validate loss: 0.6177
2025-10-07 03:00:03,866 - root - INFO - new node validate average_precision, 0.7199
2025-10-07 03:00:03,866 - root - INFO - new node validate roc_auc, 0.6926
2025-10-07 03:11:49,162 - root - INFO - Epoch: 42, learning rate: 0.0001, train loss: 0.6055
2025-10-07 03:11:49,163 - root - INFO - train average_precision, 0.7081
2025-10-07 03:11:49,163 - root - INFO - train roc_auc, 0.7008
2025-10-07 03:11:49,163 - root - INFO - validate loss: 0.6386
2025-10-07 03:11:49,163 - root - INFO - validate average_precision, 0.6798
2025-10-07 03:11:49,163 - root - INFO - validate roc_auc, 0.6581
2025-10-07 03:11:49,163 - root - INFO - new node validate loss: 0.6173
2025-10-07 03:11:49,164 - root - INFO - new node validate average_precision, 0.7204
2025-10-07 03:11:49,164 - root - INFO - new node validate roc_auc, 0.6926
2025-10-07 03:23:34,822 - root - INFO - Epoch: 43, learning rate: 0.0001, train loss: 0.6063
2025-10-07 03:23:34,823 - root - INFO - train average_precision, 0.7068
2025-10-07 03:23:34,824 - root - INFO - train roc_auc, 0.6996
2025-10-07 03:23:34,824 - root - INFO - validate loss: 0.6400
2025-10-07 03:23:34,824 - root - INFO - validate average_precision, 0.6788
2025-10-07 03:23:34,824 - root - INFO - validate roc_auc, 0.6575
2025-10-07 03:23:34,824 - root - INFO - new node validate loss: 0.6180
2025-10-07 03:23:34,824 - root - INFO - new node validate average_precision, 0.7196
2025-10-07 03:23:34,824 - root - INFO - new node validate roc_auc, 0.6919
2025-10-07 03:35:18,265 - root - INFO - Epoch: 44, learning rate: 0.0001, train loss: 0.6093
2025-10-07 03:35:18,266 - root - INFO - train average_precision, 0.7023
2025-10-07 03:35:18,266 - root - INFO - train roc_auc, 0.6978
2025-10-07 03:35:18,266 - root - INFO - validate loss: 0.6421
2025-10-07 03:35:18,267 - root - INFO - validate average_precision, 0.6749
2025-10-07 03:35:18,267 - root - INFO - validate roc_auc, 0.6556
2025-10-07 03:35:18,267 - root - INFO - new node validate loss: 0.6231
2025-10-07 03:35:18,267 - root - INFO - new node validate average_precision, 0.7134
2025-10-07 03:35:18,267 - root - INFO - new node validate roc_auc, 0.6889
2025-10-07 03:35:18,275 - root - INFO - load model ./saved_models/TGAT/lastfm/TGAT_time2vec_seed0/TGAT_time2vec_seed0.pkl
2025-10-07 03:35:18,297 - root - INFO - get final performance on dataset lastfm...
2025-10-07 03:40:33,458 - root - INFO - validate loss: 0.6245
2025-10-07 03:40:33,459 - root - INFO - validate average_precision, 0.7094
2025-10-07 03:40:33,459 - root - INFO - validate roc_auc, 0.6939
2025-10-07 03:40:33,459 - root - INFO - new node validate loss: 0.6028
2025-10-07 03:40:33,459 - root - INFO - new node validate average_precision, 0.7541
2025-10-07 03:40:33,459 - root - INFO - new node validate roc_auc, 0.7290
2025-10-07 03:40:33,459 - root - INFO - test loss: 0.5935
2025-10-07 03:40:33,460 - root - INFO - test average_precision, 0.7493
2025-10-07 03:40:33,460 - root - INFO - test roc_auc, 0.7352
2025-10-07 03:40:33,460 - root - INFO - new node test loss: 0.5393
2025-10-07 03:40:33,460 - root - INFO - new node test average_precision, 0.8171
2025-10-07 03:40:33,460 - root - INFO - new node test roc_auc, 0.8025
2025-10-07 03:40:33,471 - root - INFO - ✅ Metrics saved to: ./saved_metrics/TGAT/lastfm/TGAT_time2vec_seed0
2025-10-07 03:40:33,471 - root - INFO - Run 1 cost 31290.99 seconds.
2025-10-07 03:40:33,478 - root - INFO - metrics over 1 runs:
2025-10-07 03:40:33,478 - root - INFO - validate average_precision, [np.float64(0.7093845439315688)]
2025-10-07 03:40:33,478 - root - INFO - average validate average_precision, 0.7094 ± nan
2025-10-07 03:40:33,478 - root - INFO - validate roc_auc, [np.float64(0.6939166958242217)]
2025-10-07 03:40:33,478 - root - INFO - average validate roc_auc, 0.6939 ± nan
2025-10-07 03:40:33,479 - root - INFO - new node validate average_precision, [np.float64(0.754119723518543)]
2025-10-07 03:40:33,479 - root - INFO - average new node validate average_precision, 0.7541 ± nan
2025-10-07 03:40:33,479 - root - INFO - new node validate roc_auc, [np.float64(0.7290319206157726)]
2025-10-07 03:40:33,479 - root - INFO - average new node validate roc_auc, 0.7290 ± nan
2025-10-07 03:40:33,479 - root - INFO - test average_precision, [np.float64(0.7493163539280293)]
2025-10-07 03:40:33,479 - root - INFO - average test average_precision, 0.7493 ± nan
2025-10-07 03:40:33,479 - root - INFO - test roc_auc, [np.float64(0.735154969647563)]
2025-10-07 03:40:33,479 - root - INFO - average test roc_auc, 0.7352 ± nan
2025-10-07 03:40:33,480 - root - INFO - new node test average_precision, [np.float64(0.817102521041224)]
2025-10-07 03:40:33,480 - root - INFO - average new node test average_precision, 0.8171 ± nan
2025-10-07 03:40:33,480 - root - INFO - new node test roc_auc, [np.float64(0.8024626857050627)]
2025-10-07 03:40:33,480 - root - INFO - average new node test roc_auc, 0.8025 ± nan
