2025-10-03 08:05:49,487 - root - INFO - ********** Run 1 starts. **********
2025-10-03 08:05:49,487 - root - INFO - configuration is Namespace(dataset_name='lastfm', batch_size=200, model_name='TGN', gpu=0, num_neighbors=10, sample_neighbor_strategy='recent', time_scaling_factor=1e-06, num_walk_heads=8, num_heads=2, num_layers=1, walk_length=1, time_gap=2000, time_feat_dim=128, position_feat_dim=172, time_window_mode='fixed_proportion', time_encoder_type='kan_mammote', expert_dim=64, num_mixtures=4, patch_size=1, channel_embedding_dim=50, max_input_sequence_length=32, learning_rate=0.0001, dropout=0.3, gamma=0.5, num_epochs=10, optimizer='Adam', weight_decay=0.0, patience=20, val_ratio=0.15, test_ratio=0.15, num_runs=1, test_interval_epochs=1, negative_sample_strategy='random', max_interaction_times=10, load_best_configs=True, device='cuda:0', seed=0, save_model_name='TGN_kan_mammote_seed0')
2025-10-03 08:05:49,505 - root - INFO - time encoder type: kan_mammote
2025-10-03 08:05:50,785 - root - INFO - model -> Sequential(
  (0): MemoryModel(
    (time_encoder): TimeEncoder(
      (w): Linear(in_features=1, out_features=128, bias=True)
    )
    (message_aggregator): MessageAggregator()
    (memory_bank): MemoryBank(num_nodes=1981, memory_dim=172)
    (memory_updater): GRUMemoryUpdater(
      (memory_bank): MemoryBank(num_nodes=1981, memory_dim=172)
      (memory_updater): GRUCell(644, 172)
    )
    (embedding_module): GraphAttentionEmbedding(
      (time_encoder): TimeEncoder(
        (w): Linear(in_features=1, out_features=128, bias=True)
      )
      (temporal_conv_layers): ModuleList(
        (0): MultiHeadAttention(
          (query_projection): Linear(in_features=300, out_features=300, bias=False)
          (key_projection): Linear(in_features=472, out_features=300, bias=False)
          (value_projection): Linear(in_features=472, out_features=300, bias=False)
          (layer_norm): LayerNorm((300,), eps=1e-05, elementwise_affine=True)
          (residual_fc): Linear(in_features=300, out_features=300, bias=True)
          (dropout): Dropout(p=0.3, inplace=False)
        )
      )
      (merge_layers): ModuleList(
        (0): MergeLayer(
          (fc1): Linear(in_features=472, out_features=172, bias=True)
          (fc2): Linear(in_features=172, out_features=172, bias=True)
          (act): ReLU()
        )
      )
    )
  )
  (1): MergeLayer(
    (fc1): Linear(in_features=344, out_features=172, bias=True)
    (fc2): Linear(in_features=172, out_features=1, bias=True)
    (act): ReLU()
  )
)
2025-10-03 08:05:50,786 - root - INFO - model name: TGN, #parameters: 4228276 B, 4129.17578125 KB, 4.032398223876953 MB.
2025-10-03 08:08:05,316 - root - INFO - Epoch: 1, learning rate: 0.0001, train loss: 0.5683
2025-10-03 08:08:05,317 - root - INFO - train average_precision, 0.7395
2025-10-03 08:08:05,318 - root - INFO - train roc_auc, 0.7508
2025-10-03 08:08:05,318 - root - INFO - validate loss: 0.6029
2025-10-03 08:08:05,318 - root - INFO - validate average_precision, 0.7246
2025-10-03 08:08:05,318 - root - INFO - validate roc_auc, 0.7277
2025-10-03 08:08:05,318 - root - INFO - new node validate loss: 0.6582
2025-10-03 08:08:05,318 - root - INFO - new node validate average_precision, 0.6653
2025-10-03 08:08:05,319 - root - INFO - new node validate roc_auc, 0.6474
2025-10-03 08:08:30,150 - root - INFO - test loss: 0.5930
2025-10-03 08:08:30,151 - root - INFO - test average_precision, 0.7611
2025-10-03 08:08:30,151 - root - INFO - best test average_precision: 0.7611
2025-10-03 08:08:30,151 - root - INFO - test roc_auc, 0.7673
2025-10-03 08:08:30,151 - root - INFO - new node test loss: 0.5249
2025-10-03 08:08:30,151 - root - INFO - new node test average_precision, 0.8044
2025-10-03 08:08:30,152 - root - INFO - new node test roc_auc, 0.8022
2025-10-03 08:08:30,152 - root - INFO - save model ./saved_models/TGN/lastfm/TGN_kan_mammote_seed0/TGN_kan_mammote_seed0.pkl
2025-10-03 08:10:44,420 - root - INFO - Epoch: 2, learning rate: 0.0001, train loss: 0.5392
2025-10-03 08:10:44,422 - root - INFO - train average_precision, 0.7759
2025-10-03 08:10:44,422 - root - INFO - train roc_auc, 0.7856
2025-10-03 08:10:44,422 - root - INFO - validate loss: 2.1102
2025-10-03 08:10:44,422 - root - INFO - validate average_precision, 0.6034
2025-10-03 08:10:44,423 - root - INFO - validate roc_auc, 0.5956
2025-10-03 08:10:44,423 - root - INFO - new node validate loss: 1.1577
2025-10-03 08:10:44,423 - root - INFO - new node validate average_precision, 0.7339
2025-10-03 08:10:44,423 - root - INFO - new node validate roc_auc, 0.7172
2025-10-03 08:11:09,384 - root - INFO - test loss: 2.5462
2025-10-03 08:11:09,384 - root - INFO - test average_precision, 0.4922
2025-10-03 08:11:09,385 - root - INFO - best test average_precision: 0.7611
2025-10-03 08:11:09,385 - root - INFO - test roc_auc, 0.5002
2025-10-03 08:11:09,385 - root - INFO - new node test loss: 2.5598
2025-10-03 08:11:09,385 - root - INFO - new node test average_precision, 0.4515
2025-10-03 08:11:09,385 - root - INFO - new node test roc_auc, 0.4174
2025-10-03 08:13:23,403 - root - INFO - Epoch: 3, learning rate: 0.0001, train loss: 0.5009
2025-10-03 08:13:23,404 - root - INFO - train average_precision, 0.8185
2025-10-03 08:13:23,405 - root - INFO - train roc_auc, 0.8236
2025-10-03 08:13:23,405 - root - INFO - validate loss: 1.8462
2025-10-03 08:13:23,405 - root - INFO - validate average_precision, 0.6532
2025-10-03 08:13:23,405 - root - INFO - validate roc_auc, 0.6581
2025-10-03 08:13:23,405 - root - INFO - new node validate loss: 0.9468
2025-10-03 08:13:23,406 - root - INFO - new node validate average_precision, 0.7229
2025-10-03 08:13:23,406 - root - INFO - new node validate roc_auc, 0.7174
2025-10-03 08:13:48,409 - root - INFO - test loss: 2.9195
2025-10-03 08:13:48,409 - root - INFO - test average_precision, 0.4517
2025-10-03 08:13:48,410 - root - INFO - best test average_precision: 0.7611
2025-10-03 08:13:48,410 - root - INFO - test roc_auc, 0.4240
2025-10-03 08:13:48,410 - root - INFO - new node test loss: 3.0177
2025-10-03 08:13:48,410 - root - INFO - new node test average_precision, 0.4284
2025-10-03 08:13:48,410 - root - INFO - new node test roc_auc, 0.3689
2025-10-03 08:16:02,549 - root - INFO - Epoch: 4, learning rate: 0.0001, train loss: 0.4878
2025-10-03 08:16:02,551 - root - INFO - train average_precision, 0.8301
2025-10-03 08:16:02,551 - root - INFO - train roc_auc, 0.8343
2025-10-03 08:16:02,551 - root - INFO - validate loss: 1.9586
2025-10-03 08:16:02,552 - root - INFO - validate average_precision, 0.6192
2025-10-03 08:16:02,552 - root - INFO - validate roc_auc, 0.6152
2025-10-03 08:16:02,552 - root - INFO - new node validate loss: 0.7332
2025-10-03 08:16:02,552 - root - INFO - new node validate average_precision, 0.7567
2025-10-03 08:16:02,552 - root - INFO - new node validate roc_auc, 0.7484
2025-10-03 08:16:27,403 - root - INFO - test loss: 3.1233
2025-10-03 08:16:27,403 - root - INFO - test average_precision, 0.4294
2025-10-03 08:16:27,403 - root - INFO - best test average_precision: 0.7611
2025-10-03 08:16:27,403 - root - INFO - test roc_auc, 0.3917
2025-10-03 08:16:27,403 - root - INFO - new node test loss: 3.4139
2025-10-03 08:16:27,403 - root - INFO - new node test average_precision, 0.3853
2025-10-03 08:16:27,404 - root - INFO - new node test roc_auc, 0.2835
