2025-10-08 08:13:53,271 - root - INFO - ********** Run 2 starts. **********
2025-10-08 08:13:53,271 - root - INFO - configuration is Namespace(dataset_name='Contacts', batch_size=200, model_name='GraphMixer', gpu=0, num_neighbors=20, sample_neighbor_strategy='recent', time_scaling_factor=1e-06, num_walk_heads=8, num_heads=2, num_layers=2, walk_length=1, time_gap=2000, time_feat_dim=100, position_feat_dim=172, time_window_mode='fixed_proportion', time_encoder_type='bochner', expert_dim=128, num_mixtures=16, sort_neighbors_by_time=False, patch_size=1, channel_embedding_dim=50, max_input_sequence_length=32, learning_rate=0.0001, dropout=0.1, gamma=0.5, num_epochs=2, optimizer='Adam', weight_decay=0.0, patience=20, val_ratio=0.15, test_ratio=0.15, num_runs=2, test_interval_epochs=100, negative_sample_strategy='random', max_interaction_times=10, load_best_configs=True, data_ratio=0.05, seed=1, save_model_name_suffix='', ablation_dir='', mamba_d_state=256, mamba_d_conv=4, mamba_expand=2, mamba_headdim=64, resume_from_checkpoint=None, save_checkpoints=True, checkpoint_interval=20, start_from_seed=0, max_checkpoints_to_keep=3, checkpoint_strategy='minimal', validate_checkpoints=True, device='cuda:0', save_model_name='GraphMixer_bochner_seed1')
2025-10-08 08:13:53,273 - root - INFO - Metrics will be saved to: ./saved_metrics/GraphMixer/Contacts/GraphMixer_bochner_seed1
2025-10-08 08:13:53,273 - root - INFO - time encoder type: bochner
2025-10-08 08:13:53,273 - root - INFO - Time encoder will be injected into GraphMixer model
2025-10-08 08:13:53,997 - root - INFO - model -> Sequential(
  (0): GraphMixer(
    (time_encoder): TimeEncoderWrapper(
      (encoder): BochnerTimeEncoder()
    )
    (projection_layer): Linear(in_features=272, out_features=172, bias=True)
    (mlp_mixers): ModuleList(
      (0-1): 2 x MLPMixer(
        (token_norm): LayerNorm((20,), eps=1e-05, elementwise_affine=True)
        (token_feedforward): FeedForwardNet(
          (ffn): Sequential(
            (0): Linear(in_features=20, out_features=10, bias=True)
            (1): GELU(approximate='none')
            (2): Dropout(p=0.1, inplace=False)
            (3): Linear(in_features=10, out_features=20, bias=True)
            (4): Dropout(p=0.1, inplace=False)
          )
        )
        (channel_norm): LayerNorm((172,), eps=1e-05, elementwise_affine=True)
        (channel_feedforward): FeedForwardNet(
          (ffn): Sequential(
            (0): Linear(in_features=172, out_features=688, bias=True)
            (1): GELU(approximate='none')
            (2): Dropout(p=0.1, inplace=False)
            (3): Linear(in_features=688, out_features=172, bias=True)
            (4): Dropout(p=0.1, inplace=False)
          )
        )
      )
    )
    (output_layer): Linear(in_features=344, out_features=172, bias=True)
  )
  (1): MergeLayer(
    (fc1): Linear(in_features=344, out_features=172, bias=True)
    (fc2): Linear(in_features=172, out_features=1, bias=True)
    (act): ReLU()
  )
)
2025-10-08 08:13:53,997 - root - INFO - model name: GraphMixer, #parameters: 2570404 B, 2510.16015625 KB, 2.4513282775878906 MB.
2025-10-08 08:14:11,073 - root - INFO - Epoch: 1, learning rate: 0.0001, train loss: 0.5469
2025-10-08 08:14:11,073 - root - INFO - train average_precision, 0.7180
2025-10-08 08:14:11,074 - root - INFO - train roc_auc, 0.7865
2025-10-08 08:14:11,074 - root - INFO - validate loss: 0.4944
2025-10-08 08:14:11,074 - root - INFO - validate average_precision, 0.7310
2025-10-08 08:14:11,074 - root - INFO - validate roc_auc, 0.8133
2025-10-08 08:14:11,074 - root - INFO - new node validate loss: 0.6898
2025-10-08 08:14:11,074 - root - INFO - new node validate average_precision, 0.6148
2025-10-08 08:14:11,074 - root - INFO - new node validate roc_auc, 0.6725
2025-10-08 08:14:11,083 - root - INFO - save model ./saved_models/GraphMixer/Contacts/GraphMixer_bochner_seed1/GraphMixer_bochner_seed1.pkl
2025-10-08 08:14:28,736 - root - INFO - Epoch: 2, learning rate: 0.0001, train loss: 0.4303
2025-10-08 08:14:28,737 - root - INFO - train average_precision, 0.8031
2025-10-08 08:14:28,737 - root - INFO - train roc_auc, 0.8642
2025-10-08 08:14:28,737 - root - INFO - validate loss: 0.4726
2025-10-08 08:14:28,737 - root - INFO - validate average_precision, 0.7690
2025-10-08 08:14:28,737 - root - INFO - validate roc_auc, 0.8257
2025-10-08 08:14:28,737 - root - INFO - new node validate loss: 0.6479
2025-10-08 08:14:28,737 - root - INFO - new node validate average_precision, 0.6607
2025-10-08 08:14:28,738 - root - INFO - new node validate roc_auc, 0.6899
2025-10-08 08:14:28,743 - root - INFO - save model ./saved_models/GraphMixer/Contacts/GraphMixer_bochner_seed1/GraphMixer_bochner_seed1.pkl
2025-10-08 08:14:28,773 - root - INFO - load model ./saved_models/GraphMixer/Contacts/GraphMixer_bochner_seed1/GraphMixer_bochner_seed1.pkl
2025-10-08 08:14:28,789 - root - INFO - get final performance on dataset Contacts...
2025-10-08 08:14:34,976 - root - INFO - validate loss: 0.4726
2025-10-08 08:14:34,976 - root - INFO - validate average_precision, 0.7690
2025-10-08 08:14:34,976 - root - INFO - validate roc_auc, 0.8257
2025-10-08 08:14:34,977 - root - INFO - new node validate loss: 0.6479
2025-10-08 08:14:34,977 - root - INFO - new node validate average_precision, 0.6607
2025-10-08 08:14:34,977 - root - INFO - new node validate roc_auc, 0.6899
2025-10-08 08:14:34,977 - root - INFO - test loss: 0.4695
2025-10-08 08:14:34,977 - root - INFO - test average_precision, 0.8298
2025-10-08 08:14:34,977 - root - INFO - test roc_auc, 0.8767
2025-10-08 08:14:34,977 - root - INFO - new node test loss: 0.5241
2025-10-08 08:14:34,977 - root - INFO - new node test average_precision, 0.7755
2025-10-08 08:14:34,977 - root - INFO - new node test roc_auc, 0.8226
2025-10-08 08:14:34,986 - root - INFO - ✅ Metrics saved to: ./saved_metrics/GraphMixer/Contacts/GraphMixer_bochner_seed1
2025-10-08 08:14:34,986 - root - INFO - Run 2 cost 41.71 seconds.
2025-10-08 08:14:34,989 - root - INFO - metrics over 2 runs:
2025-10-08 08:14:34,989 - root - INFO - validate average_precision, [np.float64(0.781485913858673), np.float64(0.7689977401532062)]
2025-10-08 08:14:34,990 - root - INFO - average validate average_precision, 0.7752 ± 0.0088
2025-10-08 08:14:34,990 - root - INFO - validate roc_auc, [np.float64(0.8331983080169454), np.float64(0.8257400270505502)]
2025-10-08 08:14:34,990 - root - INFO - average validate roc_auc, 0.8295 ± 0.0053
2025-10-08 08:14:34,990 - root - INFO - new node validate average_precision, [np.float64(0.6625255455435441), np.float64(0.6607263665488478)]
2025-10-08 08:14:34,990 - root - INFO - average new node validate average_precision, 0.6616 ± 0.0013
2025-10-08 08:14:34,990 - root - INFO - new node validate roc_auc, [np.float64(0.7001405612244899), np.float64(0.6898855563654033)]
2025-10-08 08:14:34,990 - root - INFO - average new node validate roc_auc, 0.6950 ± 0.0073
2025-10-08 08:14:34,990 - root - INFO - test average_precision, [np.float64(0.8356798172816716), np.float64(0.8298169890233948)]
2025-10-08 08:14:34,990 - root - INFO - average test average_precision, 0.8327 ± 0.0041
2025-10-08 08:14:34,991 - root - INFO - test roc_auc, [np.float64(0.8716090804967799), np.float64(0.8767265953089104)]
2025-10-08 08:14:34,991 - root - INFO - average test roc_auc, 0.8742 ± 0.0036
2025-10-08 08:14:34,991 - root - INFO - new node test average_precision, [np.float64(0.7867184909141055), np.float64(0.7755057829371862)]
2025-10-08 08:14:34,991 - root - INFO - average new node test average_precision, 0.7811 ± 0.0079
2025-10-08 08:14:34,991 - root - INFO - new node test roc_auc, [np.float64(0.8223476954813264), np.float64(0.8225927933067815)]
2025-10-08 08:14:34,991 - root - INFO - average new node test roc_auc, 0.8225 ± 0.0002
