2025-10-08 12:02:31,202 - root - INFO - ********** Run 2 starts. **********
2025-10-08 12:02:31,202 - root - INFO - configuration is Namespace(dataset_name='wikipedia', batch_size=200, model_name='GraphMixer', gpu=0, num_neighbors=30, sample_neighbor_strategy='recent', time_scaling_factor=1e-06, num_walk_heads=8, num_heads=2, num_layers=2, walk_length=1, time_gap=2000, time_feat_dim=100, position_feat_dim=172, time_window_mode='fixed_proportion', time_encoder_type='lete', expert_dim=128, num_mixtures=16, sort_neighbors_by_time=False, patch_size=1, channel_embedding_dim=50, max_input_sequence_length=32, learning_rate=0.0001, dropout=0.5, gamma=0.5, num_epochs=2, optimizer='Adam', weight_decay=0.0, patience=20, val_ratio=0.15, test_ratio=0.15, num_runs=2, test_interval_epochs=100, negative_sample_strategy='random', max_interaction_times=10, load_best_configs=True, data_ratio=0.05, seed=1, save_model_name_suffix='', ablation_dir='', mamba_d_state=256, mamba_d_conv=4, mamba_expand=2, mamba_headdim=64, resume_from_checkpoint=None, save_checkpoints=True, checkpoint_interval=20, start_from_seed=0, max_checkpoints_to_keep=3, checkpoint_strategy='minimal', validate_checkpoints=True, device='cuda:0', save_model_name='GraphMixer_lete_seed1')
2025-10-08 12:02:31,204 - root - INFO - Metrics will be saved to: ./saved_metrics/GraphMixer/wikipedia/GraphMixer_lete_seed1
2025-10-08 12:02:31,205 - root - INFO - time encoder type: lete
2025-10-08 12:02:31,205 - root - INFO - Time encoder will be injected into GraphMixer model
2025-10-08 12:02:31,262 - root - INFO - model -> Sequential(
  (0): GraphMixer(
    (time_encoder): TimeEncoderWrapper(
      (encoder): LeTE(
        (w1_fourier): Linear(in_features=1, out_features=50, bias=True)
        (w2_fourier): FourierSeries()
        (w1_spline): Linear(in_features=1, out_features=50, bias=True)
        (w2_spline): Spline()
        (layernorm): LayerNorm((100,), eps=1e-05, elementwise_affine=True)
      )
    )
    (projection_layer): Linear(in_features=272, out_features=172, bias=True)
    (mlp_mixers): ModuleList(
      (0-1): 2 x MLPMixer(
        (token_norm): LayerNorm((30,), eps=1e-05, elementwise_affine=True)
        (token_feedforward): FeedForwardNet(
          (ffn): Sequential(
            (0): Linear(in_features=30, out_features=15, bias=True)
            (1): GELU(approximate='none')
            (2): Dropout(p=0.5, inplace=False)
            (3): Linear(in_features=15, out_features=30, bias=True)
            (4): Dropout(p=0.5, inplace=False)
          )
        )
        (channel_norm): LayerNorm((172,), eps=1e-05, elementwise_affine=True)
        (channel_feedforward): FeedForwardNet(
          (ffn): Sequential(
            (0): Linear(in_features=172, out_features=688, bias=True)
            (1): GELU(approximate='none')
            (2): Dropout(p=0.5, inplace=False)
            (3): Linear(in_features=688, out_features=172, bias=True)
            (4): Dropout(p=0.5, inplace=False)
          )
        )
      )
    )
    (output_layer): Linear(in_features=344, out_features=172, bias=True)
  )
  (1): MergeLayer(
    (fc1): Linear(in_features=344, out_features=172, bias=True)
    (fc2): Linear(in_features=172, out_features=1, bias=True)
    (act): ReLU()
  )
)
2025-10-08 12:02:31,262 - root - INFO - model name: GraphMixer, #parameters: 2579956 B, 2519.48828125 KB, 2.460437774658203 MB.
2025-10-08 12:02:32,595 - root - INFO - Epoch: 1, learning rate: 0.0001, train loss: 0.6626
2025-10-08 12:02:32,595 - root - INFO - train average_precision, 0.7696
2025-10-08 12:02:32,595 - root - INFO - train roc_auc, 0.7820
2025-10-08 12:02:32,595 - root - INFO - validate loss: 0.5703
2025-10-08 12:02:32,595 - root - INFO - validate average_precision, 0.8097
2025-10-08 12:02:32,595 - root - INFO - validate roc_auc, 0.8301
2025-10-08 12:02:32,595 - root - INFO - new node validate loss: 0.6304
2025-10-08 12:02:32,595 - root - INFO - new node validate average_precision, 0.7067
2025-10-08 12:02:32,596 - root - INFO - new node validate roc_auc, 0.7090
2025-10-08 12:02:32,605 - root - INFO - save model ./saved_models/GraphMixer/wikipedia/GraphMixer_lete_seed1/GraphMixer_lete_seed1.pkl
2025-10-08 12:02:33,984 - root - INFO - Epoch: 2, learning rate: 0.0001, train loss: 0.5329
2025-10-08 12:02:33,984 - root - INFO - train average_precision, 0.8243
2025-10-08 12:02:33,984 - root - INFO - train roc_auc, 0.8573
2025-10-08 12:02:33,984 - root - INFO - validate loss: 0.4633
2025-10-08 12:02:33,984 - root - INFO - validate average_precision, 0.8338
2025-10-08 12:02:33,984 - root - INFO - validate roc_auc, 0.8648
2025-10-08 12:02:33,984 - root - INFO - new node validate loss: 0.7008
2025-10-08 12:02:33,984 - root - INFO - new node validate average_precision, 0.6936
2025-10-08 12:02:33,984 - root - INFO - new node validate roc_auc, 0.7319
2025-10-08 12:02:33,989 - root - INFO - save model ./saved_models/GraphMixer/wikipedia/GraphMixer_lete_seed1/GraphMixer_lete_seed1.pkl
2025-10-08 12:02:34,018 - root - INFO - load model ./saved_models/GraphMixer/wikipedia/GraphMixer_lete_seed1/GraphMixer_lete_seed1.pkl
2025-10-08 12:02:34,034 - root - INFO - get final performance on dataset wikipedia...
2025-10-08 12:02:34,555 - root - INFO - validate loss: 0.4633
2025-10-08 12:02:34,556 - root - INFO - validate average_precision, 0.8338
2025-10-08 12:02:34,556 - root - INFO - validate roc_auc, 0.8648
2025-10-08 12:02:34,556 - root - INFO - new node validate loss: 0.7008
2025-10-08 12:02:34,556 - root - INFO - new node validate average_precision, 0.6936
2025-10-08 12:02:34,556 - root - INFO - new node validate roc_auc, 0.7319
2025-10-08 12:02:34,556 - root - INFO - test loss: 0.5346
2025-10-08 12:02:34,556 - root - INFO - test average_precision, 0.7728
2025-10-08 12:02:34,556 - root - INFO - test roc_auc, 0.8175
2025-10-08 12:02:34,556 - root - INFO - new node test loss: 0.6614
2025-10-08 12:02:34,556 - root - INFO - new node test average_precision, 0.6898
2025-10-08 12:02:34,556 - root - INFO - new node test roc_auc, 0.7391
2025-10-08 12:02:34,564 - root - INFO - ✅ Metrics saved to: ./saved_metrics/GraphMixer/wikipedia/GraphMixer_lete_seed1
2025-10-08 12:02:34,564 - root - INFO - Run 2 cost 3.36 seconds.
2025-10-08 12:02:34,567 - root - INFO - metrics over 2 runs:
2025-10-08 12:02:34,567 - root - INFO - validate average_precision, [np.float64(0.8557772253958836), np.float64(0.8338126313361012)]
2025-10-08 12:02:34,567 - root - INFO - average validate average_precision, 0.8448 ± 0.0155
2025-10-08 12:02:34,567 - root - INFO - validate roc_auc, [np.float64(0.8756535999358994), np.float64(0.8647878395805989)]
2025-10-08 12:02:34,568 - root - INFO - average validate roc_auc, 0.8702 ± 0.0077
2025-10-08 12:02:34,568 - root - INFO - new node validate average_precision, [np.float64(0.740459031262356), np.float64(0.6936414970121696)]
2025-10-08 12:02:34,568 - root - INFO - average new node validate average_precision, 0.7171 ± 0.0331
2025-10-08 12:02:34,568 - root - INFO - new node validate roc_auc, [np.float64(0.7460485451101928), np.float64(0.7318706582874197)]
2025-10-08 12:02:34,568 - root - INFO - average new node validate roc_auc, 0.7390 ± 0.0100
2025-10-08 12:02:34,568 - root - INFO - test average_precision, [np.float64(0.8004233246762252), np.float64(0.7727828047893371)]
2025-10-08 12:02:34,568 - root - INFO - average test average_precision, 0.7866 ± 0.0195
2025-10-08 12:02:34,568 - root - INFO - test roc_auc, [np.float64(0.8358566971780471), np.float64(0.8175019015877619)]
2025-10-08 12:02:34,568 - root - INFO - average test roc_auc, 0.8267 ± 0.0130
2025-10-08 12:02:34,568 - root - INFO - new node test average_precision, [np.float64(0.7284293070769813), np.float64(0.6897768556368415)]
2025-10-08 12:02:34,568 - root - INFO - average new node test average_precision, 0.7091 ± 0.0273
2025-10-08 12:02:34,568 - root - INFO - new node test roc_auc, [np.float64(0.7620970608932257), np.float64(0.7391023186808032)]
2025-10-08 12:02:34,568 - root - INFO - average new node test roc_auc, 0.7506 ± 0.0163
