2025-10-01 09:09:08,778 - root - INFO - ********** Run 1 starts. **********
2025-10-01 09:09:08,778 - root - INFO - configuration is Namespace(dataset_name='SocialEvo', batch_size=200, model_name='TGAT', gpu=0, num_neighbors=20, sample_neighbor_strategy='recent', time_scaling_factor=1e-06, num_walk_heads=8, num_heads=2, num_layers=2, walk_length=1, time_gap=2000, time_feat_dim=128, position_feat_dim=172, time_window_mode='fixed_proportion', time_encoder_type='original', expert_dim=64, num_mixtures=4, patch_size=1, channel_embedding_dim=50, max_input_sequence_length=32, learning_rate=0.0001, dropout=0.1, gamma=0.5, num_epochs=100, optimizer='Adam', weight_decay=0.0, patience=20, val_ratio=0.15, test_ratio=0.15, num_runs=5, test_interval_epochs=1, negative_sample_strategy='random', max_interaction_times=10, load_best_configs=True, device='cuda:0', seed=0, save_model_name='TGAT_seed0')
2025-10-01 09:09:08,780 - root - INFO - time encoder type: original
2025-10-01 09:09:09,625 - root - INFO - model -> Sequential(
  (0): TGAT(
    (time_encoder): TimeEncoderWrapper(
      (encoder): TimeEncoder(
        (w): Linear(in_features=1, out_features=128, bias=True)
      )
    )
    (temporal_conv_layers): ModuleList(
      (0-1): 2 x MultiHeadAttention(
        (query_projection): Linear(in_features=300, out_features=300, bias=False)
        (key_projection): Linear(in_features=472, out_features=300, bias=False)
        (value_projection): Linear(in_features=472, out_features=300, bias=False)
        (layer_norm): LayerNorm((300,), eps=1e-05, elementwise_affine=True)
        (residual_fc): Linear(in_features=300, out_features=300, bias=True)
        (dropout): Dropout(p=0.1, inplace=False)
      )
    )
    (merge_layers): ModuleList(
      (0-1): 2 x MergeLayer(
        (fc1): Linear(in_features=472, out_features=172, bias=True)
        (fc2): Linear(in_features=172, out_features=172, bias=True)
        (act): ReLU()
      )
    )
  )
  (1): MergeLayer(
    (fc1): Linear(in_features=344, out_features=172, bias=True)
    (fc2): Linear(in_features=172, out_features=1, bias=True)
    (act): ReLU()
  )
)
2025-10-01 09:09:09,625 - root - INFO - model name: TGAT, #parameters: 4840772 B, 4727.31640625 KB, 4.616519927978516 MB.
2025-10-01 09:27:51,927 - root - INFO - Epoch: 1, learning rate: 0.0001, train loss: 0.5976
2025-10-01 09:27:51,929 - root - INFO - train average_precision, 0.6925
2025-10-01 09:27:51,930 - root - INFO - train roc_auc, 0.7246
2025-10-01 09:27:51,930 - root - INFO - validate loss: 0.5818
2025-10-01 09:27:51,930 - root - INFO - validate average_precision, 0.7156
2025-10-01 09:27:51,930 - root - INFO - validate roc_auc, 0.7498
2025-10-01 09:27:51,930 - root - INFO - new node validate loss: 0.5991
2025-10-01 09:27:51,930 - root - INFO - new node validate average_precision, 0.6835
2025-10-01 09:27:51,930 - root - INFO - new node validate roc_auc, 0.7279
2025-10-01 09:31:12,693 - root - INFO - test loss: 0.5748
2025-10-01 09:31:12,694 - root - INFO - test average_precision, 0.7262
2025-10-01 09:31:12,694 - root - INFO - best test average_precision: 0.7262
2025-10-01 09:31:12,694 - root - INFO - test roc_auc, 0.7586
2025-10-01 09:31:12,694 - root - INFO - new node test loss: 0.5954
2025-10-01 09:31:12,694 - root - INFO - new node test average_precision, 0.6834
2025-10-01 09:31:12,694 - root - INFO - new node test roc_auc, 0.7300
2025-10-01 09:31:12,695 - root - INFO - save model ./saved_models/TGAT/SocialEvo/TGAT_seed0/TGAT_seed0.pkl
2025-10-01 09:49:57,468 - root - INFO - Epoch: 2, learning rate: 0.0001, train loss: 0.5560
2025-10-01 09:49:57,470 - root - INFO - train average_precision, 0.7460
2025-10-01 09:49:57,470 - root - INFO - train roc_auc, 0.7762
2025-10-01 09:49:57,470 - root - INFO - validate loss: 0.5740
2025-10-01 09:49:57,471 - root - INFO - validate average_precision, 0.7303
2025-10-01 09:49:57,471 - root - INFO - validate roc_auc, 0.7619
2025-10-01 09:49:57,471 - root - INFO - new node validate loss: 0.6012
2025-10-01 09:49:57,471 - root - INFO - new node validate average_precision, 0.6939
2025-10-01 09:49:57,471 - root - INFO - new node validate roc_auc, 0.7309
2025-10-01 09:53:18,689 - root - INFO - test loss: 0.5624
2025-10-01 09:53:18,690 - root - INFO - test average_precision, 0.7454
2025-10-01 09:53:18,690 - root - INFO - best test average_precision: 0.7454
2025-10-01 09:53:18,690 - root - INFO - test roc_auc, 0.7750
2025-10-01 09:53:18,690 - root - INFO - new node test loss: 0.5828
2025-10-01 09:53:18,690 - root - INFO - new node test average_precision, 0.7116
2025-10-01 09:53:18,690 - root - INFO - new node test roc_auc, 0.7492
2025-10-01 09:53:18,691 - root - INFO - save model ./saved_models/TGAT/SocialEvo/TGAT_seed0/TGAT_seed0.pkl
2025-10-01 10:11:59,038 - root - INFO - Epoch: 3, learning rate: 0.0001, train loss: 0.5327
2025-10-01 10:11:59,040 - root - INFO - train average_precision, 0.7723
2025-10-01 10:11:59,041 - root - INFO - train roc_auc, 0.8017
2025-10-01 10:11:59,041 - root - INFO - validate loss: 0.5380
2025-10-01 10:11:59,041 - root - INFO - validate average_precision, 0.7678
2025-10-01 10:11:59,041 - root - INFO - validate roc_auc, 0.8008
2025-10-01 10:11:59,041 - root - INFO - new node validate loss: 0.5706
2025-10-01 10:11:59,041 - root - INFO - new node validate average_precision, 0.7264
2025-10-01 10:11:59,042 - root - INFO - new node validate roc_auc, 0.7671
2025-10-01 10:15:19,953 - root - INFO - test loss: 0.5188
2025-10-01 10:15:19,954 - root - INFO - test average_precision, 0.7838
2025-10-01 10:15:19,954 - root - INFO - best test average_precision: 0.7838
2025-10-01 10:15:19,954 - root - INFO - test roc_auc, 0.8172
2025-10-01 10:15:19,954 - root - INFO - new node test loss: 0.5412
2025-10-01 10:15:19,954 - root - INFO - new node test average_precision, 0.7471
2025-10-01 10:15:19,954 - root - INFO - new node test roc_auc, 0.7909
2025-10-01 10:15:19,955 - root - INFO - save model ./saved_models/TGAT/SocialEvo/TGAT_seed0/TGAT_seed0.pkl
2025-10-01 10:34:01,392 - root - INFO - Epoch: 4, learning rate: 0.0001, train loss: 0.4897
2025-10-01 10:34:01,394 - root - INFO - train average_precision, 0.8118
2025-10-01 10:34:01,395 - root - INFO - train roc_auc, 0.8391
2025-10-01 10:34:01,395 - root - INFO - validate loss: 0.5056
2025-10-01 10:34:01,395 - root - INFO - validate average_precision, 0.8013
2025-10-01 10:34:01,395 - root - INFO - validate roc_auc, 0.8304
2025-10-01 10:34:01,395 - root - INFO - new node validate loss: 0.5387
2025-10-01 10:34:01,395 - root - INFO - new node validate average_precision, 0.7678
2025-10-01 10:34:01,396 - root - INFO - new node validate roc_auc, 0.8029
2025-10-01 10:37:22,364 - root - INFO - test loss: 0.4878
2025-10-01 10:37:22,365 - root - INFO - test average_precision, 0.8147
2025-10-01 10:37:22,365 - root - INFO - best test average_precision: 0.8147
2025-10-01 10:37:22,365 - root - INFO - test roc_auc, 0.8430
2025-10-01 10:37:22,365 - root - INFO - new node test loss: 0.5131
2025-10-01 10:37:22,365 - root - INFO - new node test average_precision, 0.7875
2025-10-01 10:37:22,365 - root - INFO - new node test roc_auc, 0.8229
2025-10-01 10:37:22,366 - root - INFO - save model ./saved_models/TGAT/SocialEvo/TGAT_seed0/TGAT_seed0.pkl
2025-10-01 10:56:04,534 - root - INFO - Epoch: 5, learning rate: 0.0001, train loss: 0.4816
2025-10-01 10:56:04,536 - root - INFO - train average_precision, 0.8210
2025-10-01 10:56:04,536 - root - INFO - train roc_auc, 0.8461
2025-10-01 10:56:04,537 - root - INFO - validate loss: 0.4993
2025-10-01 10:56:04,537 - root - INFO - validate average_precision, 0.8062
2025-10-01 10:56:04,537 - root - INFO - validate roc_auc, 0.8363
2025-10-01 10:56:04,537 - root - INFO - new node validate loss: 0.5317
2025-10-01 10:56:04,537 - root - INFO - new node validate average_precision, 0.7726
2025-10-01 10:56:04,537 - root - INFO - new node validate roc_auc, 0.8096
2025-10-01 10:59:25,470 - root - INFO - test loss: 0.4808
2025-10-01 10:59:25,471 - root - INFO - test average_precision, 0.8195
2025-10-01 10:59:25,471 - root - INFO - best test average_precision: 0.8195
2025-10-01 10:59:25,471 - root - INFO - test roc_auc, 0.8484
2025-10-01 10:59:25,471 - root - INFO - new node test loss: 0.5030
2025-10-01 10:59:25,471 - root - INFO - new node test average_precision, 0.7919
2025-10-01 10:59:25,472 - root - INFO - new node test roc_auc, 0.8290
2025-10-01 10:59:25,472 - root - INFO - save model ./saved_models/TGAT/SocialEvo/TGAT_seed0/TGAT_seed0.pkl
2025-10-01 11:18:09,174 - root - INFO - Epoch: 6, learning rate: 0.0001, train loss: 0.4720
2025-10-01 11:18:09,176 - root - INFO - train average_precision, 0.8289
2025-10-01 11:18:09,176 - root - INFO - train roc_auc, 0.8528
2025-10-01 11:18:09,176 - root - INFO - validate loss: 0.4885
2025-10-01 11:18:09,177 - root - INFO - validate average_precision, 0.8172
2025-10-01 11:18:09,177 - root - INFO - validate roc_auc, 0.8482
2025-10-01 11:18:09,177 - root - INFO - new node validate loss: 0.5265
2025-10-01 11:18:09,177 - root - INFO - new node validate average_precision, 0.7796
2025-10-01 11:18:09,177 - root - INFO - new node validate roc_auc, 0.8195
2025-10-01 11:21:30,033 - root - INFO - test loss: 0.4628
2025-10-01 11:21:30,034 - root - INFO - test average_precision, 0.8337
2025-10-01 11:21:30,035 - root - INFO - best test average_precision: 0.8337
2025-10-01 11:21:30,035 - root - INFO - test roc_auc, 0.8625
2025-10-01 11:21:30,035 - root - INFO - new node test loss: 0.4885
2025-10-01 11:21:30,035 - root - INFO - new node test average_precision, 0.8092
2025-10-01 11:21:30,035 - root - INFO - new node test roc_auc, 0.8438
2025-10-01 11:21:30,036 - root - INFO - save model ./saved_models/TGAT/SocialEvo/TGAT_seed0/TGAT_seed0.pkl
2025-10-01 11:40:12,394 - root - INFO - Epoch: 7, learning rate: 0.0001, train loss: 0.4643
2025-10-01 11:40:12,396 - root - INFO - train average_precision, 0.8351
2025-10-01 11:40:12,396 - root - INFO - train roc_auc, 0.8583
2025-10-01 11:40:12,397 - root - INFO - validate loss: 0.4804
2025-10-01 11:40:12,397 - root - INFO - validate average_precision, 0.8269
2025-10-01 11:40:12,397 - root - INFO - validate roc_auc, 0.8535
2025-10-01 11:40:12,397 - root - INFO - new node validate loss: 0.5247
2025-10-01 11:40:12,397 - root - INFO - new node validate average_precision, 0.7900
2025-10-01 11:40:12,397 - root - INFO - new node validate roc_auc, 0.8228
2025-10-01 11:43:33,623 - root - INFO - test loss: 0.4602
2025-10-01 11:43:33,624 - root - INFO - test average_precision, 0.8386
2025-10-01 11:43:33,625 - root - INFO - best test average_precision: 0.8386
2025-10-01 11:43:33,625 - root - INFO - test roc_auc, 0.8644
2025-10-01 11:43:33,625 - root - INFO - new node test loss: 0.4854
2025-10-01 11:43:33,625 - root - INFO - new node test average_precision, 0.8185
2025-10-01 11:43:33,625 - root - INFO - new node test roc_auc, 0.8482
2025-10-01 11:43:33,625 - root - INFO - save model ./saved_models/TGAT/SocialEvo/TGAT_seed0/TGAT_seed0.pkl
2025-10-01 12:02:16,878 - root - INFO - Epoch: 8, learning rate: 0.0001, train loss: 0.4598
2025-10-01 12:02:16,879 - root - INFO - train average_precision, 0.8387
2025-10-01 12:02:16,880 - root - INFO - train roc_auc, 0.8614
2025-10-01 12:02:16,880 - root - INFO - validate loss: 0.4740
2025-10-01 12:02:16,881 - root - INFO - validate average_precision, 0.8270
2025-10-01 12:02:16,881 - root - INFO - validate roc_auc, 0.8541
2025-10-01 12:02:16,881 - root - INFO - new node validate loss: 0.5152
2025-10-01 12:02:16,881 - root - INFO - new node validate average_precision, 0.7877
2025-10-01 12:02:16,881 - root - INFO - new node validate roc_auc, 0.8241
2025-10-01 12:05:38,301 - root - INFO - test loss: 0.4483
2025-10-01 12:05:38,303 - root - INFO - test average_precision, 0.8426
2025-10-01 12:05:38,303 - root - INFO - best test average_precision: 0.8426
2025-10-01 12:05:38,303 - root - INFO - test roc_auc, 0.8690
2025-10-01 12:05:38,303 - root - INFO - new node test loss: 0.4764
2025-10-01 12:05:38,303 - root - INFO - new node test average_precision, 0.8182
2025-10-01 12:05:38,303 - root - INFO - new node test roc_auc, 0.8504
2025-10-01 12:05:38,304 - root - INFO - save model ./saved_models/TGAT/SocialEvo/TGAT_seed0/TGAT_seed0.pkl
2025-10-01 12:24:23,918 - root - INFO - Epoch: 9, learning rate: 0.0001, train loss: 0.4450
2025-10-01 12:24:23,920 - root - INFO - train average_precision, 0.8482
2025-10-01 12:24:23,920 - root - INFO - train roc_auc, 0.8703
2025-10-01 12:24:23,920 - root - INFO - validate loss: 0.4624
2025-10-01 12:24:23,921 - root - INFO - validate average_precision, 0.8373
2025-10-01 12:24:23,921 - root - INFO - validate roc_auc, 0.8633
2025-10-01 12:24:23,921 - root - INFO - new node validate loss: 0.5084
2025-10-01 12:24:23,921 - root - INFO - new node validate average_precision, 0.7984
2025-10-01 12:24:23,921 - root - INFO - new node validate roc_auc, 0.8315
2025-10-01 12:27:45,645 - root - INFO - test loss: 0.4349
2025-10-01 12:27:45,646 - root - INFO - test average_precision, 0.8534
2025-10-01 12:27:45,646 - root - INFO - best test average_precision: 0.8534
2025-10-01 12:27:45,646 - root - INFO - test roc_auc, 0.8783
2025-10-01 12:27:45,646 - root - INFO - new node test loss: 0.4651
2025-10-01 12:27:45,646 - root - INFO - new node test average_precision, 0.8289
2025-10-01 12:27:45,646 - root - INFO - new node test roc_auc, 0.8580
2025-10-01 12:27:45,647 - root - INFO - save model ./saved_models/TGAT/SocialEvo/TGAT_seed0/TGAT_seed0.pkl
2025-10-01 12:46:28,901 - root - INFO - Epoch: 10, learning rate: 0.0001, train loss: 0.4426
2025-10-01 12:46:28,903 - root - INFO - train average_precision, 0.8500
2025-10-01 12:46:28,903 - root - INFO - train roc_auc, 0.8715
2025-10-01 12:46:28,903 - root - INFO - validate loss: 0.4734
2025-10-01 12:46:28,904 - root - INFO - validate average_precision, 0.8305
2025-10-01 12:46:28,904 - root - INFO - validate roc_auc, 0.8547
2025-10-01 12:46:28,904 - root - INFO - new node validate loss: 0.5185
2025-10-01 12:46:28,904 - root - INFO - new node validate average_precision, 0.7912
2025-10-01 12:46:28,904 - root - INFO - new node validate roc_auc, 0.8230
2025-10-01 12:49:49,888 - root - INFO - test loss: 0.4511
2025-10-01 12:49:49,889 - root - INFO - test average_precision, 0.8446
2025-10-01 12:49:49,889 - root - INFO - best test average_precision: 0.8534
2025-10-01 12:49:49,889 - root - INFO - test roc_auc, 0.8677
2025-10-01 12:49:49,889 - root - INFO - new node test loss: 0.4832
2025-10-01 12:49:49,889 - root - INFO - new node test average_precision, 0.8172
2025-10-01 12:49:49,889 - root - INFO - new node test roc_auc, 0.8464
2025-10-01 13:08:32,373 - root - INFO - Epoch: 11, learning rate: 0.0001, train loss: 0.4499
2025-10-01 13:08:32,375 - root - INFO - train average_precision, 0.8465
2025-10-01 13:08:32,375 - root - INFO - train roc_auc, 0.8677
2025-10-01 13:08:32,375 - root - INFO - validate loss: 0.4915
2025-10-01 13:08:32,376 - root - INFO - validate average_precision, 0.8202
2025-10-01 13:08:32,376 - root - INFO - validate roc_auc, 0.8440
2025-10-01 13:08:32,376 - root - INFO - new node validate loss: 0.5352
2025-10-01 13:08:32,376 - root - INFO - new node validate average_precision, 0.7811
2025-10-01 13:08:32,376 - root - INFO - new node validate roc_auc, 0.8117
2025-10-01 13:11:53,547 - root - INFO - test loss: 0.4636
2025-10-01 13:11:53,548 - root - INFO - test average_precision, 0.8387
2025-10-01 13:11:53,548 - root - INFO - best test average_precision: 0.8534
2025-10-01 13:11:53,548 - root - INFO - test roc_auc, 0.8616
2025-10-01 13:11:53,548 - root - INFO - new node test loss: 0.4898
2025-10-01 13:11:53,548 - root - INFO - new node test average_precision, 0.8142
2025-10-01 13:11:53,548 - root - INFO - new node test roc_auc, 0.8419
2025-10-01 13:30:36,031 - root - INFO - Epoch: 12, learning rate: 0.0001, train loss: 0.4419
2025-10-01 13:30:36,032 - root - INFO - train average_precision, 0.8517
2025-10-01 13:30:36,033 - root - INFO - train roc_auc, 0.8728
2025-10-01 13:30:36,033 - root - INFO - validate loss: 0.4671
2025-10-01 13:30:36,033 - root - INFO - validate average_precision, 0.8375
2025-10-01 13:30:36,033 - root - INFO - validate roc_auc, 0.8594
2025-10-01 13:30:36,034 - root - INFO - new node validate loss: 0.5098
2025-10-01 13:30:36,034 - root - INFO - new node validate average_precision, 0.8004
2025-10-01 13:30:36,034 - root - INFO - new node validate roc_auc, 0.8294
2025-10-01 13:33:57,583 - root - INFO - test loss: 0.4423
2025-10-01 13:33:57,584 - root - INFO - test average_precision, 0.8522
2025-10-01 13:33:57,584 - root - INFO - best test average_precision: 0.8534
2025-10-01 13:33:57,585 - root - INFO - test roc_auc, 0.8739
2025-10-01 13:33:57,585 - root - INFO - new node test loss: 0.4722
2025-10-01 13:33:57,585 - root - INFO - new node test average_precision, 0.8267
2025-10-01 13:33:57,585 - root - INFO - new node test roc_auc, 0.8536
2025-10-01 13:52:42,922 - root - INFO - Epoch: 13, learning rate: 0.0001, train loss: 0.4415
2025-10-01 13:52:42,924 - root - INFO - train average_precision, 0.8530
2025-10-01 13:52:42,924 - root - INFO - train roc_auc, 0.8734
2025-10-01 13:52:42,925 - root - INFO - validate loss: 0.4716
2025-10-01 13:52:42,925 - root - INFO - validate average_precision, 0.8349
2025-10-01 13:52:42,925 - root - INFO - validate roc_auc, 0.8569
2025-10-01 13:52:42,925 - root - INFO - new node validate loss: 0.5171
2025-10-01 13:52:42,925 - root - INFO - new node validate average_precision, 0.7971
2025-10-01 13:52:42,925 - root - INFO - new node validate roc_auc, 0.8248
2025-10-01 13:56:04,305 - root - INFO - test loss: 0.4480
2025-10-01 13:56:04,306 - root - INFO - test average_precision, 0.8493
2025-10-01 13:56:04,306 - root - INFO - best test average_precision: 0.8534
2025-10-01 13:56:04,307 - root - INFO - test roc_auc, 0.8710
2025-10-01 13:56:04,307 - root - INFO - new node test loss: 0.4781
2025-10-01 13:56:04,307 - root - INFO - new node test average_precision, 0.8246
2025-10-01 13:56:04,307 - root - INFO - new node test roc_auc, 0.8511
2025-10-01 14:14:47,526 - root - INFO - Epoch: 14, learning rate: 0.0001, train loss: 0.4268
2025-10-01 14:14:47,527 - root - INFO - train average_precision, 0.8621
2025-10-01 14:14:47,528 - root - INFO - train roc_auc, 0.8823
2025-10-01 14:14:47,528 - root - INFO - validate loss: 0.4429
2025-10-01 14:14:47,528 - root - INFO - validate average_precision, 0.8548
2025-10-01 14:14:47,529 - root - INFO - validate roc_auc, 0.8748
2025-10-01 14:14:47,529 - root - INFO - new node validate loss: 0.4853
2025-10-01 14:14:47,529 - root - INFO - new node validate average_precision, 0.8236
2025-10-01 14:14:47,529 - root - INFO - new node validate roc_auc, 0.8478
2025-10-01 14:18:09,031 - root - INFO - test loss: 0.4228
2025-10-01 14:18:09,032 - root - INFO - test average_precision, 0.8667
2025-10-01 14:18:09,032 - root - INFO - best test average_precision: 0.8667
2025-10-01 14:18:09,032 - root - INFO - test roc_auc, 0.8861
2025-10-01 14:18:09,032 - root - INFO - new node test loss: 0.4562
2025-10-01 14:18:09,033 - root - INFO - new node test average_precision, 0.8414
2025-10-01 14:18:09,033 - root - INFO - new node test roc_auc, 0.8658
2025-10-01 14:18:09,033 - root - INFO - save model ./saved_models/TGAT/SocialEvo/TGAT_seed0/TGAT_seed0.pkl
2025-10-01 14:36:55,964 - root - INFO - Epoch: 15, learning rate: 0.0001, train loss: 0.4246
2025-10-01 14:36:55,965 - root - INFO - train average_precision, 0.8623
2025-10-01 14:36:55,966 - root - INFO - train roc_auc, 0.8828
2025-10-01 14:36:55,966 - root - INFO - validate loss: 0.4478
2025-10-01 14:36:55,966 - root - INFO - validate average_precision, 0.8495
2025-10-01 14:36:55,966 - root - INFO - validate roc_auc, 0.8711
2025-10-01 14:36:55,966 - root - INFO - new node validate loss: 0.4889
2025-10-01 14:36:55,966 - root - INFO - new node validate average_precision, 0.8178
2025-10-01 14:36:55,966 - root - INFO - new node validate roc_auc, 0.8455
2025-10-01 14:40:16,907 - root - INFO - test loss: 0.4272
2025-10-01 14:40:16,908 - root - INFO - test average_precision, 0.8621
2025-10-01 14:40:16,908 - root - INFO - best test average_precision: 0.8667
2025-10-01 14:40:16,909 - root - INFO - test roc_auc, 0.8831
2025-10-01 14:40:16,909 - root - INFO - new node test loss: 0.4540
2025-10-01 14:40:16,909 - root - INFO - new node test average_precision, 0.8414
2025-10-01 14:40:16,909 - root - INFO - new node test roc_auc, 0.8672
2025-10-01 14:59:04,640 - root - INFO - Epoch: 16, learning rate: 0.0001, train loss: 0.4234
2025-10-01 14:59:04,642 - root - INFO - train average_precision, 0.8643
2025-10-01 14:59:04,642 - root - INFO - train roc_auc, 0.8841
2025-10-01 14:59:04,642 - root - INFO - validate loss: 0.4453
2025-10-01 14:59:04,643 - root - INFO - validate average_precision, 0.8518
2025-10-01 14:59:04,643 - root - INFO - validate roc_auc, 0.8733
2025-10-01 14:59:04,643 - root - INFO - new node validate loss: 0.4902
2025-10-01 14:59:04,643 - root - INFO - new node validate average_precision, 0.8201
2025-10-01 14:59:04,643 - root - INFO - new node validate roc_auc, 0.8460
2025-10-01 15:02:25,800 - root - INFO - test loss: 0.4240
2025-10-01 15:02:25,801 - root - INFO - test average_precision, 0.8645
2025-10-01 15:02:25,801 - root - INFO - best test average_precision: 0.8667
2025-10-01 15:02:25,801 - root - INFO - test roc_auc, 0.8850
2025-10-01 15:02:25,801 - root - INFO - new node test loss: 0.4532
2025-10-01 15:02:25,801 - root - INFO - new node test average_precision, 0.8413
2025-10-01 15:02:25,801 - root - INFO - new node test roc_auc, 0.8669
2025-10-01 15:21:09,124 - root - INFO - Epoch: 17, learning rate: 0.0001, train loss: 0.4119
2025-10-01 15:21:09,126 - root - INFO - train average_precision, 0.8707
2025-10-01 15:21:09,127 - root - INFO - train roc_auc, 0.8903
2025-10-01 15:21:09,127 - root - INFO - validate loss: 0.4458
2025-10-01 15:21:09,127 - root - INFO - validate average_precision, 0.8513
2025-10-01 15:21:09,127 - root - INFO - validate roc_auc, 0.8728
2025-10-01 15:21:09,128 - root - INFO - new node validate loss: 0.4857
2025-10-01 15:21:09,128 - root - INFO - new node validate average_precision, 0.8187
2025-10-01 15:21:09,128 - root - INFO - new node validate roc_auc, 0.8477
2025-10-01 15:24:30,634 - root - INFO - test loss: 0.4237
2025-10-01 15:24:30,635 - root - INFO - test average_precision, 0.8640
2025-10-01 15:24:30,635 - root - INFO - best test average_precision: 0.8667
2025-10-01 15:24:30,635 - root - INFO - test roc_auc, 0.8848
2025-10-01 15:24:30,635 - root - INFO - new node test loss: 0.4472
2025-10-01 15:24:30,635 - root - INFO - new node test average_precision, 0.8467
2025-10-01 15:24:30,635 - root - INFO - new node test roc_auc, 0.8711
2025-10-01 15:43:14,219 - root - INFO - Epoch: 18, learning rate: 0.0001, train loss: 0.4145
2025-10-01 15:43:14,221 - root - INFO - train average_precision, 0.8684
2025-10-01 15:43:14,222 - root - INFO - train roc_auc, 0.8886
2025-10-01 15:43:14,222 - root - INFO - validate loss: 0.4498
2025-10-01 15:43:14,222 - root - INFO - validate average_precision, 0.8481
2025-10-01 15:43:14,222 - root - INFO - validate roc_auc, 0.8694
2025-10-01 15:43:14,222 - root - INFO - new node validate loss: 0.4891
2025-10-01 15:43:14,222 - root - INFO - new node validate average_precision, 0.8184
2025-10-01 15:43:14,223 - root - INFO - new node validate roc_auc, 0.8451
2025-10-01 15:46:35,806 - root - INFO - test loss: 0.4305
2025-10-01 15:46:35,807 - root - INFO - test average_precision, 0.8599
2025-10-01 15:46:35,807 - root - INFO - best test average_precision: 0.8667
2025-10-01 15:46:35,807 - root - INFO - test roc_auc, 0.8805
2025-10-01 15:46:35,807 - root - INFO - new node test loss: 0.4575
2025-10-01 15:46:35,807 - root - INFO - new node test average_precision, 0.8369
2025-10-01 15:46:35,807 - root - INFO - new node test roc_auc, 0.8638
2025-10-01 16:05:20,134 - root - INFO - Epoch: 19, learning rate: 0.0001, train loss: 0.4150
2025-10-01 16:05:20,135 - root - INFO - train average_precision, 0.8683
2025-10-01 16:05:20,136 - root - INFO - train roc_auc, 0.8883
2025-10-01 16:05:20,136 - root - INFO - validate loss: 0.4380
2025-10-01 16:05:20,136 - root - INFO - validate average_precision, 0.8576
2025-10-01 16:05:20,137 - root - INFO - validate roc_auc, 0.8784
2025-10-01 16:05:20,137 - root - INFO - new node validate loss: 0.4820
2025-10-01 16:05:20,137 - root - INFO - new node validate average_precision, 0.8246
2025-10-01 16:05:20,137 - root - INFO - new node validate roc_auc, 0.8513
2025-10-01 16:08:41,153 - root - INFO - test loss: 0.4168
2025-10-01 16:08:41,154 - root - INFO - test average_precision, 0.8700
2025-10-01 16:08:41,154 - root - INFO - best test average_precision: 0.8700
2025-10-01 16:08:41,154 - root - INFO - test roc_auc, 0.8893
2025-10-01 16:08:41,154 - root - INFO - new node test loss: 0.4452
2025-10-01 16:08:41,154 - root - INFO - new node test average_precision, 0.8514
2025-10-01 16:08:41,154 - root - INFO - new node test roc_auc, 0.8731
2025-10-01 16:08:41,155 - root - INFO - save model ./saved_models/TGAT/SocialEvo/TGAT_seed0/TGAT_seed0.pkl
2025-10-01 16:27:27,866 - root - INFO - Epoch: 20, learning rate: 0.0001, train loss: 0.4127
2025-10-01 16:27:27,867 - root - INFO - train average_precision, 0.8697
2025-10-01 16:27:27,868 - root - INFO - train roc_auc, 0.8897
2025-10-01 16:27:27,868 - root - INFO - validate loss: 0.4320
2025-10-01 16:27:27,868 - root - INFO - validate average_precision, 0.8607
2025-10-01 16:27:27,868 - root - INFO - validate roc_auc, 0.8811
2025-10-01 16:27:27,868 - root - INFO - new node validate loss: 0.4754
2025-10-01 16:27:27,868 - root - INFO - new node validate average_precision, 0.8294
2025-10-01 16:27:27,868 - root - INFO - new node validate roc_auc, 0.8550
2025-10-01 16:30:49,080 - root - INFO - test loss: 0.4103
2025-10-01 16:30:49,080 - root - INFO - test average_precision, 0.8732
2025-10-01 16:30:49,081 - root - INFO - best test average_precision: 0.8732
2025-10-01 16:30:49,081 - root - INFO - test roc_auc, 0.8926
2025-10-01 16:30:49,081 - root - INFO - new node test loss: 0.4438
2025-10-01 16:30:49,081 - root - INFO - new node test average_precision, 0.8499
2025-10-01 16:30:49,081 - root - INFO - new node test roc_auc, 0.8731
2025-10-01 16:30:49,082 - root - INFO - save model ./saved_models/TGAT/SocialEvo/TGAT_seed0/TGAT_seed0.pkl
2025-10-01 16:49:34,381 - root - INFO - Epoch: 21, learning rate: 0.0001, train loss: 0.4070
2025-10-01 16:49:34,382 - root - INFO - train average_precision, 0.8736
2025-10-01 16:49:34,383 - root - INFO - train roc_auc, 0.8931
2025-10-01 16:49:34,383 - root - INFO - validate loss: 0.4324
2025-10-01 16:49:34,383 - root - INFO - validate average_precision, 0.8621
2025-10-01 16:49:34,383 - root - INFO - validate roc_auc, 0.8820
2025-10-01 16:49:34,384 - root - INFO - new node validate loss: 0.4725
2025-10-01 16:49:34,384 - root - INFO - new node validate average_precision, 0.8336
2025-10-01 16:49:34,384 - root - INFO - new node validate roc_auc, 0.8579
2025-10-01 16:52:55,181 - root - INFO - test loss: 0.4097
2025-10-01 16:52:55,182 - root - INFO - test average_precision, 0.8749
2025-10-01 16:52:55,182 - root - INFO - best test average_precision: 0.8749
2025-10-01 16:52:55,182 - root - INFO - test roc_auc, 0.8936
2025-10-01 16:52:55,182 - root - INFO - new node test loss: 0.4349
2025-10-01 16:52:55,182 - root - INFO - new node test average_precision, 0.8556
2025-10-01 16:52:55,182 - root - INFO - new node test roc_auc, 0.8789
2025-10-01 16:52:55,183 - root - INFO - save model ./saved_models/TGAT/SocialEvo/TGAT_seed0/TGAT_seed0.pkl
2025-10-01 17:11:40,817 - root - INFO - Epoch: 22, learning rate: 0.0001, train loss: 0.4055
2025-10-01 17:11:40,818 - root - INFO - train average_precision, 0.8740
2025-10-01 17:11:40,819 - root - INFO - train roc_auc, 0.8935
2025-10-01 17:11:40,819 - root - INFO - validate loss: 0.4247
2025-10-01 17:11:40,819 - root - INFO - validate average_precision, 0.8638
2025-10-01 17:11:40,819 - root - INFO - validate roc_auc, 0.8851
2025-10-01 17:11:40,819 - root - INFO - new node validate loss: 0.4671
2025-10-01 17:11:40,819 - root - INFO - new node validate average_precision, 0.8326
2025-10-01 17:11:40,819 - root - INFO - new node validate roc_auc, 0.8599
2025-10-01 17:15:02,046 - root - INFO - test loss: 0.3983
2025-10-01 17:15:02,047 - root - INFO - test average_precision, 0.8786
2025-10-01 17:15:02,048 - root - INFO - best test average_precision: 0.8786
2025-10-01 17:15:02,048 - root - INFO - test roc_auc, 0.8987
2025-10-01 17:15:02,048 - root - INFO - new node test loss: 0.4281
2025-10-01 17:15:02,048 - root - INFO - new node test average_precision, 0.8578
2025-10-01 17:15:02,048 - root - INFO - new node test roc_auc, 0.8820
2025-10-01 17:15:02,049 - root - INFO - save model ./saved_models/TGAT/SocialEvo/TGAT_seed0/TGAT_seed0.pkl
2025-10-01 17:33:46,715 - root - INFO - Epoch: 23, learning rate: 0.0001, train loss: 0.4017
2025-10-01 17:33:46,716 - root - INFO - train average_precision, 0.8753
2025-10-01 17:33:46,717 - root - INFO - train roc_auc, 0.8954
2025-10-01 17:33:46,717 - root - INFO - validate loss: 0.4406
2025-10-01 17:33:46,717 - root - INFO - validate average_precision, 0.8545
2025-10-01 17:33:46,718 - root - INFO - validate roc_auc, 0.8757
2025-10-01 17:33:46,718 - root - INFO - new node validate loss: 0.4778
2025-10-01 17:33:46,718 - root - INFO - new node validate average_precision, 0.8271
2025-10-01 17:33:46,718 - root - INFO - new node validate roc_auc, 0.8529
2025-10-01 17:37:07,832 - root - INFO - test loss: 0.4187
2025-10-01 17:37:07,833 - root - INFO - test average_precision, 0.8675
2025-10-01 17:37:07,833 - root - INFO - best test average_precision: 0.8786
2025-10-01 17:37:07,834 - root - INFO - test roc_auc, 0.8876
2025-10-01 17:37:07,834 - root - INFO - new node test loss: 0.4431
2025-10-01 17:37:07,834 - root - INFO - new node test average_precision, 0.8494
2025-10-01 17:37:07,834 - root - INFO - new node test roc_auc, 0.8736
2025-10-01 17:55:49,509 - root - INFO - Epoch: 24, learning rate: 0.0001, train loss: 0.4039
2025-10-01 17:55:49,511 - root - INFO - train average_precision, 0.8752
2025-10-01 17:55:49,512 - root - INFO - train roc_auc, 0.8948
2025-10-01 17:55:49,512 - root - INFO - validate loss: 0.4244
2025-10-01 17:55:49,512 - root - INFO - validate average_precision, 0.8650
2025-10-01 17:55:49,512 - root - INFO - validate roc_auc, 0.8853
2025-10-01 17:55:49,512 - root - INFO - new node validate loss: 0.4626
2025-10-01 17:55:49,513 - root - INFO - new node validate average_precision, 0.8368
2025-10-01 17:55:49,513 - root - INFO - new node validate roc_auc, 0.8625
2025-10-01 17:59:10,307 - root - INFO - test loss: 0.4061
2025-10-01 17:59:10,308 - root - INFO - test average_precision, 0.8762
2025-10-01 17:59:10,308 - root - INFO - best test average_precision: 0.8786
2025-10-01 17:59:10,309 - root - INFO - test roc_auc, 0.8953
2025-10-01 17:59:10,309 - root - INFO - new node test loss: 0.4354
2025-10-01 17:59:10,309 - root - INFO - new node test average_precision, 0.8559
2025-10-01 17:59:10,309 - root - INFO - new node test roc_auc, 0.8786
2025-10-01 17:59:10,309 - root - INFO - save model ./saved_models/TGAT/SocialEvo/TGAT_seed0/TGAT_seed0.pkl
2025-10-01 18:17:52,538 - root - INFO - Epoch: 25, learning rate: 0.0001, train loss: 0.4017
2025-10-01 18:17:52,540 - root - INFO - train average_precision, 0.8764
2025-10-01 18:17:52,540 - root - INFO - train roc_auc, 0.8959
2025-10-01 18:17:52,541 - root - INFO - validate loss: 0.4288
2025-10-01 18:17:52,541 - root - INFO - validate average_precision, 0.8625
2025-10-01 18:17:52,541 - root - INFO - validate roc_auc, 0.8825
2025-10-01 18:17:52,541 - root - INFO - new node validate loss: 0.4704
2025-10-01 18:17:52,541 - root - INFO - new node validate average_precision, 0.8335
2025-10-01 18:17:52,541 - root - INFO - new node validate roc_auc, 0.8576
2025-10-01 18:21:13,596 - root - INFO - test loss: 0.4063
2025-10-01 18:21:13,597 - root - INFO - test average_precision, 0.8761
2025-10-01 18:21:13,597 - root - INFO - best test average_precision: 0.8786
2025-10-01 18:21:13,597 - root - INFO - test roc_auc, 0.8950
2025-10-01 18:21:13,597 - root - INFO - new node test loss: 0.4396
2025-10-01 18:21:13,598 - root - INFO - new node test average_precision, 0.8533
2025-10-01 18:21:13,598 - root - INFO - new node test roc_auc, 0.8760
2025-10-01 18:39:56,122 - root - INFO - Epoch: 26, learning rate: 0.0001, train loss: 0.3949
2025-10-01 18:39:56,124 - root - INFO - train average_precision, 0.8795
2025-10-01 18:39:56,125 - root - INFO - train roc_auc, 0.8991
2025-10-01 18:39:56,125 - root - INFO - validate loss: 0.4243
2025-10-01 18:39:56,125 - root - INFO - validate average_precision, 0.8659
2025-10-01 18:39:56,125 - root - INFO - validate roc_auc, 0.8859
2025-10-01 18:39:56,125 - root - INFO - new node validate loss: 0.4670
2025-10-01 18:39:56,125 - root - INFO - new node validate average_precision, 0.8372
2025-10-01 18:39:56,125 - root - INFO - new node validate roc_auc, 0.8610
2025-10-01 18:43:17,432 - root - INFO - test loss: 0.3955
2025-10-01 18:43:17,433 - root - INFO - test average_precision, 0.8809
2025-10-01 18:43:17,434 - root - INFO - best test average_precision: 0.8809
2025-10-01 18:43:17,434 - root - INFO - test roc_auc, 0.9002
2025-10-01 18:43:17,434 - root - INFO - new node test loss: 0.4246
2025-10-01 18:43:17,434 - root - INFO - new node test average_precision, 0.8596
2025-10-01 18:43:17,434 - root - INFO - new node test roc_auc, 0.8840
2025-10-01 18:43:17,434 - root - INFO - save model ./saved_models/TGAT/SocialEvo/TGAT_seed0/TGAT_seed0.pkl
2025-10-01 19:02:01,244 - root - INFO - Epoch: 27, learning rate: 0.0001, train loss: 0.3953
2025-10-01 19:02:01,246 - root - INFO - train average_precision, 0.8794
2025-10-01 19:02:01,246 - root - INFO - train roc_auc, 0.8989
2025-10-01 19:02:01,246 - root - INFO - validate loss: 0.4198
2025-10-01 19:02:01,247 - root - INFO - validate average_precision, 0.8678
2025-10-01 19:02:01,247 - root - INFO - validate roc_auc, 0.8891
2025-10-01 19:02:01,247 - root - INFO - new node validate loss: 0.4636
2025-10-01 19:02:01,247 - root - INFO - new node validate average_precision, 0.8386
2025-10-01 19:02:01,247 - root - INFO - new node validate roc_auc, 0.8637
2025-10-01 19:05:22,228 - root - INFO - test loss: 0.3970
2025-10-01 19:05:22,229 - root - INFO - test average_precision, 0.8804
2025-10-01 19:05:22,230 - root - INFO - best test average_precision: 0.8809
2025-10-01 19:05:22,230 - root - INFO - test roc_auc, 0.9005
2025-10-01 19:05:22,230 - root - INFO - new node test loss: 0.4251
2025-10-01 19:05:22,230 - root - INFO - new node test average_precision, 0.8590
2025-10-01 19:05:22,230 - root - INFO - new node test roc_auc, 0.8843
2025-10-01 19:05:22,230 - root - INFO - save model ./saved_models/TGAT/SocialEvo/TGAT_seed0/TGAT_seed0.pkl
2025-10-01 19:24:07,512 - root - INFO - Epoch: 28, learning rate: 0.0001, train loss: 0.3932
2025-10-01 19:24:07,514 - root - INFO - train average_precision, 0.8804
2025-10-01 19:24:07,515 - root - INFO - train roc_auc, 0.8999
2025-10-01 19:24:07,515 - root - INFO - validate loss: 0.4136
2025-10-01 19:24:07,515 - root - INFO - validate average_precision, 0.8716
2025-10-01 19:24:07,515 - root - INFO - validate roc_auc, 0.8913
2025-10-01 19:24:07,515 - root - INFO - new node validate loss: 0.4582
2025-10-01 19:24:07,515 - root - INFO - new node validate average_precision, 0.8413
2025-10-01 19:24:07,515 - root - INFO - new node validate roc_auc, 0.8655
2025-10-01 19:27:28,579 - root - INFO - test loss: 0.3902
2025-10-01 19:27:28,580 - root - INFO - test average_precision, 0.8850
2025-10-01 19:27:28,580 - root - INFO - best test average_precision: 0.8850
2025-10-01 19:27:28,580 - root - INFO - test roc_auc, 0.9035
2025-10-01 19:27:28,580 - root - INFO - new node test loss: 0.4221
2025-10-01 19:27:28,580 - root - INFO - new node test average_precision, 0.8627
2025-10-01 19:27:28,581 - root - INFO - new node test roc_auc, 0.8862
2025-10-01 19:27:28,581 - root - INFO - save model ./saved_models/TGAT/SocialEvo/TGAT_seed0/TGAT_seed0.pkl
2025-10-01 19:46:10,082 - root - INFO - Epoch: 29, learning rate: 0.0001, train loss: 0.3939
2025-10-01 19:46:10,084 - root - INFO - train average_precision, 0.8805
2025-10-01 19:46:10,084 - root - INFO - train roc_auc, 0.8997
2025-10-01 19:46:10,084 - root - INFO - validate loss: 0.4144
2025-10-01 19:46:10,085 - root - INFO - validate average_precision, 0.8714
2025-10-01 19:46:10,085 - root - INFO - validate roc_auc, 0.8915
2025-10-01 19:46:10,085 - root - INFO - new node validate loss: 0.4591
2025-10-01 19:46:10,085 - root - INFO - new node validate average_precision, 0.8417
2025-10-01 19:46:10,085 - root - INFO - new node validate roc_auc, 0.8658
2025-10-01 19:49:30,520 - root - INFO - test loss: 0.3891
2025-10-01 19:49:30,521 - root - INFO - test average_precision, 0.8852
2025-10-01 19:49:30,522 - root - INFO - best test average_precision: 0.8852
2025-10-01 19:49:30,522 - root - INFO - test roc_auc, 0.9038
2025-10-01 19:49:30,522 - root - INFO - new node test loss: 0.4191
2025-10-01 19:49:30,522 - root - INFO - new node test average_precision, 0.8668
2025-10-01 19:49:30,522 - root - INFO - new node test roc_auc, 0.8881
2025-10-01 20:08:12,073 - root - INFO - Epoch: 30, learning rate: 0.0001, train loss: 0.3917
2025-10-01 20:08:12,075 - root - INFO - train average_precision, 0.8818
2025-10-01 20:08:12,075 - root - INFO - train roc_auc, 0.9007
2025-10-01 20:08:12,076 - root - INFO - validate loss: 0.4260
2025-10-01 20:08:12,076 - root - INFO - validate average_precision, 0.8646
2025-10-01 20:08:12,076 - root - INFO - validate roc_auc, 0.8847
2025-10-01 20:08:12,076 - root - INFO - new node validate loss: 0.4679
2025-10-01 20:08:12,076 - root - INFO - new node validate average_precision, 0.8337
2025-10-01 20:08:12,076 - root - INFO - new node validate roc_auc, 0.8597
2025-10-01 20:11:33,101 - root - INFO - test loss: 0.4034
2025-10-01 20:11:33,102 - root - INFO - test average_precision, 0.8775
2025-10-01 20:11:33,102 - root - INFO - best test average_precision: 0.8852
2025-10-01 20:11:33,102 - root - INFO - test roc_auc, 0.8962
2025-10-01 20:11:33,102 - root - INFO - new node test loss: 0.4304
2025-10-01 20:11:33,102 - root - INFO - new node test average_precision, 0.8576
2025-10-01 20:11:33,102 - root - INFO - new node test roc_auc, 0.8811
2025-10-01 20:30:14,952 - root - INFO - Epoch: 31, learning rate: 0.0001, train loss: 0.4013
2025-10-01 20:30:14,954 - root - INFO - train average_precision, 0.8767
2025-10-01 20:30:14,955 - root - INFO - train roc_auc, 0.8960
2025-10-01 20:30:14,955 - root - INFO - validate loss: 0.4244
2025-10-01 20:30:14,955 - root - INFO - validate average_precision, 0.8664
2025-10-01 20:30:14,955 - root - INFO - validate roc_auc, 0.8864
2025-10-01 20:30:14,955 - root - INFO - new node validate loss: 0.4689
2025-10-01 20:30:14,955 - root - INFO - new node validate average_precision, 0.8360
2025-10-01 20:30:14,955 - root - INFO - new node validate roc_auc, 0.8601
2025-10-01 20:33:35,622 - root - INFO - test loss: 0.3996
2025-10-01 20:33:35,623 - root - INFO - test average_precision, 0.8799
2025-10-01 20:33:35,623 - root - INFO - best test average_precision: 0.8852
2025-10-01 20:33:35,623 - root - INFO - test roc_auc, 0.8988
2025-10-01 20:33:35,623 - root - INFO - new node test loss: 0.4298
2025-10-01 20:33:35,623 - root - INFO - new node test average_precision, 0.8575
2025-10-01 20:33:35,624 - root - INFO - new node test roc_auc, 0.8813
2025-10-01 20:52:17,311 - root - INFO - Epoch: 32, learning rate: 0.0001, train loss: 0.3880
2025-10-01 20:52:17,313 - root - INFO - train average_precision, 0.8834
2025-10-01 20:52:17,313 - root - INFO - train roc_auc, 0.9025
2025-10-01 20:52:17,314 - root - INFO - validate loss: 0.4125
2025-10-01 20:52:17,314 - root - INFO - validate average_precision, 0.8735
2025-10-01 20:52:17,314 - root - INFO - validate roc_auc, 0.8924
2025-10-01 20:52:17,314 - root - INFO - new node validate loss: 0.4500
2025-10-01 20:52:17,314 - root - INFO - new node validate average_precision, 0.8487
2025-10-01 20:52:17,314 - root - INFO - new node validate roc_auc, 0.8716
2025-10-01 20:55:38,173 - root - INFO - test loss: 0.3900
2025-10-01 20:55:38,174 - root - INFO - test average_precision, 0.8859
2025-10-01 20:55:38,175 - root - INFO - best test average_precision: 0.8859
2025-10-01 20:55:38,175 - root - INFO - test roc_auc, 0.9035
2025-10-01 20:55:38,175 - root - INFO - new node test loss: 0.4158
2025-10-01 20:55:38,175 - root - INFO - new node test average_precision, 0.8667
2025-10-01 20:55:38,175 - root - INFO - new node test roc_auc, 0.8888
2025-10-01 20:55:38,175 - root - INFO - save model ./saved_models/TGAT/SocialEvo/TGAT_seed0/TGAT_seed0.pkl
