2025-10-01 15:32:10,452 - root - INFO - ********** Run 3 starts. **********
2025-10-01 15:32:10,452 - root - INFO - configuration is Namespace(dataset_name='uci', batch_size=200, model_name='TGAT', gpu=0, num_neighbors=20, sample_neighbor_strategy='recent', time_scaling_factor=1e-06, num_walk_heads=8, num_heads=2, num_layers=2, walk_length=1, time_gap=2000, time_feat_dim=128, position_feat_dim=172, time_window_mode='fixed_proportion', time_encoder_type='mercer', expert_dim=64, num_mixtures=4, patch_size=1, channel_embedding_dim=50, max_input_sequence_length=32, learning_rate=0.0001, dropout=0.1, gamma=0.5, num_epochs=100, optimizer='Adam', weight_decay=0.0, patience=20, val_ratio=0.15, test_ratio=0.15, num_runs=5, test_interval_epochs=1, negative_sample_strategy='random', max_interaction_times=10, load_best_configs=True, device='cuda:0', seed=2, save_model_name='TGAT_seed2')
2025-10-01 15:32:10,453 - root - INFO - time encoder type: mercer
2025-10-01 15:32:10,486 - root - INFO - model -> Sequential(
  (0): TGAT(
    (time_encoder): TimeEncoderWrapper(
      (encoder): MercerTimeEncoder(
        (projection): Linear(in_features=16, out_features=128, bias=True)
        (layer_norm): LayerNorm((128,), eps=1e-05, elementwise_affine=True)
      )
    )
    (temporal_conv_layers): ModuleList(
      (0-1): 2 x MultiHeadAttention(
        (query_projection): Linear(in_features=300, out_features=300, bias=False)
        (key_projection): Linear(in_features=472, out_features=300, bias=False)
        (value_projection): Linear(in_features=472, out_features=300, bias=False)
        (layer_norm): LayerNorm((300,), eps=1e-05, elementwise_affine=True)
        (residual_fc): Linear(in_features=300, out_features=300, bias=True)
        (dropout): Dropout(p=0.1, inplace=False)
      )
    )
    (merge_layers): ModuleList(
      (0-1): 2 x MergeLayer(
        (fc1): Linear(in_features=472, out_features=172, bias=True)
        (fc2): Linear(in_features=172, out_features=172, bias=True)
        (act): ReLU()
      )
    )
  )
  (1): MergeLayer(
    (fc1): Linear(in_features=344, out_features=172, bias=True)
    (fc2): Linear(in_features=172, out_features=1, bias=True)
    (act): ReLU()
  )
)
2025-10-01 15:32:10,486 - root - INFO - model name: TGAT, #parameters: 4849572 B, 4735.91015625 KB, 4.624912261962891 MB.
2025-10-01 15:32:45,364 - root - INFO - Epoch: 1, learning rate: 0.0001, train loss: 0.5578
2025-10-01 15:32:45,364 - root - INFO - train average_precision, 0.7768
2025-10-01 15:32:45,364 - root - INFO - train roc_auc, 0.7999
2025-10-01 15:32:45,364 - root - INFO - validate loss: 0.5719
2025-10-01 15:32:45,364 - root - INFO - validate average_precision, 0.7735
2025-10-01 15:32:45,364 - root - INFO - validate roc_auc, 0.7713
2025-10-01 15:32:45,364 - root - INFO - new node validate loss: 0.6340
2025-10-01 15:32:45,364 - root - INFO - new node validate average_precision, 0.7546
2025-10-01 15:32:45,364 - root - INFO - new node validate roc_auc, 0.7286
2025-10-01 15:32:53,703 - root - INFO - test loss: 0.6010
2025-10-01 15:32:53,703 - root - INFO - test average_precision, 0.7462
2025-10-01 15:32:53,703 - root - INFO - best test average_precision: 0.7462
2025-10-01 15:32:53,703 - root - INFO - test roc_auc, 0.7471
2025-10-01 15:32:53,703 - root - INFO - new node test loss: 0.6211
2025-10-01 15:32:53,703 - root - INFO - new node test average_precision, 0.7445
2025-10-01 15:32:53,703 - root - INFO - new node test roc_auc, 0.7311
2025-10-01 15:32:53,703 - root - INFO - save model ./saved_models/TGAT/uci/TGAT_seed2/TGAT_seed2.pkl
2025-10-01 15:33:28,541 - root - INFO - Epoch: 2, learning rate: 0.0001, train loss: 0.4453
2025-10-01 15:33:28,541 - root - INFO - train average_precision, 0.8731
2025-10-01 15:33:28,541 - root - INFO - train roc_auc, 0.8681
2025-10-01 15:33:28,541 - root - INFO - validate loss: 0.5434
2025-10-01 15:33:28,541 - root - INFO - validate average_precision, 0.7832
2025-10-01 15:33:28,541 - root - INFO - validate roc_auc, 0.7840
2025-10-01 15:33:28,541 - root - INFO - new node validate loss: 0.6053
2025-10-01 15:33:28,542 - root - INFO - new node validate average_precision, 0.7487
2025-10-01 15:33:28,542 - root - INFO - new node validate roc_auc, 0.7135
2025-10-01 15:33:36,865 - root - INFO - test loss: 0.5646
2025-10-01 15:33:36,866 - root - INFO - test average_precision, 0.7602
2025-10-01 15:33:36,866 - root - INFO - best test average_precision: 0.7602
2025-10-01 15:33:36,866 - root - INFO - test roc_auc, 0.7624
2025-10-01 15:33:36,866 - root - INFO - new node test loss: 0.5807
2025-10-01 15:33:36,866 - root - INFO - new node test average_precision, 0.7518
2025-10-01 15:33:36,866 - root - INFO - new node test roc_auc, 0.7401
2025-10-01 15:33:36,866 - root - INFO - save model ./saved_models/TGAT/uci/TGAT_seed2/TGAT_seed2.pkl
2025-10-01 15:34:11,864 - root - INFO - Epoch: 3, learning rate: 0.0001, train loss: 0.4374
2025-10-01 15:34:11,864 - root - INFO - train average_precision, 0.8781
2025-10-01 15:34:11,864 - root - INFO - train roc_auc, 0.8735
2025-10-01 15:34:11,864 - root - INFO - validate loss: 0.5303
2025-10-01 15:34:11,864 - root - INFO - validate average_precision, 0.8005
2025-10-01 15:34:11,864 - root - INFO - validate roc_auc, 0.7982
2025-10-01 15:34:11,864 - root - INFO - new node validate loss: 0.5915
2025-10-01 15:34:11,864 - root - INFO - new node validate average_precision, 0.7590
2025-10-01 15:34:11,864 - root - INFO - new node validate roc_auc, 0.7308
2025-10-01 15:34:20,210 - root - INFO - test loss: 0.5575
2025-10-01 15:34:20,210 - root - INFO - test average_precision, 0.7676
2025-10-01 15:34:20,210 - root - INFO - best test average_precision: 0.7676
2025-10-01 15:34:20,210 - root - INFO - test roc_auc, 0.7694
2025-10-01 15:34:20,210 - root - INFO - new node test loss: 0.5739
2025-10-01 15:34:20,210 - root - INFO - new node test average_precision, 0.7590
2025-10-01 15:34:20,210 - root - INFO - new node test roc_auc, 0.7475
2025-10-01 15:34:20,211 - root - INFO - save model ./saved_models/TGAT/uci/TGAT_seed2/TGAT_seed2.pkl
2025-10-01 15:34:54,997 - root - INFO - Epoch: 4, learning rate: 0.0001, train loss: 0.4280
2025-10-01 15:34:54,997 - root - INFO - train average_precision, 0.8830
2025-10-01 15:34:54,997 - root - INFO - train roc_auc, 0.8786
2025-10-01 15:34:54,997 - root - INFO - validate loss: 0.5262
2025-10-01 15:34:54,997 - root - INFO - validate average_precision, 0.7994
2025-10-01 15:34:54,997 - root - INFO - validate roc_auc, 0.7994
2025-10-01 15:34:54,997 - root - INFO - new node validate loss: 0.6049
2025-10-01 15:34:54,997 - root - INFO - new node validate average_precision, 0.7443
2025-10-01 15:34:54,997 - root - INFO - new node validate roc_auc, 0.7144
2025-10-01 15:35:03,350 - root - INFO - test loss: 0.5519
2025-10-01 15:35:03,350 - root - INFO - test average_precision, 0.7703
2025-10-01 15:35:03,350 - root - INFO - best test average_precision: 0.7703
2025-10-01 15:35:03,351 - root - INFO - test roc_auc, 0.7763
2025-10-01 15:35:03,351 - root - INFO - new node test loss: 0.5789
2025-10-01 15:35:03,351 - root - INFO - new node test average_precision, 0.7523
2025-10-01 15:35:03,351 - root - INFO - new node test roc_auc, 0.7421
2025-10-01 15:35:38,197 - root - INFO - Epoch: 5, learning rate: 0.0001, train loss: 0.4265
2025-10-01 15:35:38,197 - root - INFO - train average_precision, 0.8820
2025-10-01 15:35:38,197 - root - INFO - train roc_auc, 0.8793
2025-10-01 15:35:38,197 - root - INFO - validate loss: 0.5238
2025-10-01 15:35:38,197 - root - INFO - validate average_precision, 0.8042
2025-10-01 15:35:38,197 - root - INFO - validate roc_auc, 0.8020
2025-10-01 15:35:38,197 - root - INFO - new node validate loss: 0.5966
2025-10-01 15:35:38,197 - root - INFO - new node validate average_precision, 0.7577
2025-10-01 15:35:38,197 - root - INFO - new node validate roc_auc, 0.7302
2025-10-01 15:35:46,518 - root - INFO - test loss: 0.5442
2025-10-01 15:35:46,518 - root - INFO - test average_precision, 0.7792
2025-10-01 15:35:46,518 - root - INFO - best test average_precision: 0.7792
2025-10-01 15:35:46,518 - root - INFO - test roc_auc, 0.7821
2025-10-01 15:35:46,518 - root - INFO - new node test loss: 0.5656
2025-10-01 15:35:46,518 - root - INFO - new node test average_precision, 0.7646
2025-10-01 15:35:46,518 - root - INFO - new node test roc_auc, 0.7543
2025-10-01 15:35:46,518 - root - INFO - save model ./saved_models/TGAT/uci/TGAT_seed2/TGAT_seed2.pkl
2025-10-01 15:36:21,350 - root - INFO - Epoch: 6, learning rate: 0.0001, train loss: 0.4190
2025-10-01 15:36:21,351 - root - INFO - train average_precision, 0.8865
2025-10-01 15:36:21,351 - root - INFO - train roc_auc, 0.8831
2025-10-01 15:36:21,351 - root - INFO - validate loss: 0.5227
2025-10-01 15:36:21,351 - root - INFO - validate average_precision, 0.7992
2025-10-01 15:36:21,351 - root - INFO - validate roc_auc, 0.8016
2025-10-01 15:36:21,351 - root - INFO - new node validate loss: 0.5896
2025-10-01 15:36:21,351 - root - INFO - new node validate average_precision, 0.7673
2025-10-01 15:36:21,351 - root - INFO - new node validate roc_auc, 0.7438
2025-10-01 15:36:29,670 - root - INFO - test loss: 0.5423
2025-10-01 15:36:29,670 - root - INFO - test average_precision, 0.7758
2025-10-01 15:36:29,670 - root - INFO - best test average_precision: 0.7792
2025-10-01 15:36:29,671 - root - INFO - test roc_auc, 0.7804
2025-10-01 15:36:29,671 - root - INFO - new node test loss: 0.5713
2025-10-01 15:36:29,671 - root - INFO - new node test average_precision, 0.7600
2025-10-01 15:36:29,671 - root - INFO - new node test roc_auc, 0.7483
2025-10-01 15:37:04,389 - root - INFO - Epoch: 7, learning rate: 0.0001, train loss: 0.4146
2025-10-01 15:37:04,389 - root - INFO - train average_precision, 0.8883
2025-10-01 15:37:04,389 - root - INFO - train roc_auc, 0.8850
2025-10-01 15:37:04,389 - root - INFO - validate loss: 0.5195
2025-10-01 15:37:04,389 - root - INFO - validate average_precision, 0.8019
2025-10-01 15:37:04,389 - root - INFO - validate roc_auc, 0.8033
2025-10-01 15:37:04,389 - root - INFO - new node validate loss: 0.5824
2025-10-01 15:37:04,389 - root - INFO - new node validate average_precision, 0.7699
2025-10-01 15:37:04,389 - root - INFO - new node validate roc_auc, 0.7451
2025-10-01 15:37:12,728 - root - INFO - test loss: 0.5360
2025-10-01 15:37:12,728 - root - INFO - test average_precision, 0.7839
2025-10-01 15:37:12,728 - root - INFO - best test average_precision: 0.7839
2025-10-01 15:37:12,728 - root - INFO - test roc_auc, 0.7865
2025-10-01 15:37:12,728 - root - INFO - new node test loss: 0.5626
2025-10-01 15:37:12,728 - root - INFO - new node test average_precision, 0.7675
2025-10-01 15:37:12,728 - root - INFO - new node test roc_auc, 0.7553
2025-10-01 15:37:47,372 - root - INFO - Epoch: 8, learning rate: 0.0001, train loss: 0.4124
2025-10-01 15:37:47,372 - root - INFO - train average_precision, 0.8904
2025-10-01 15:37:47,372 - root - INFO - train roc_auc, 0.8857
2025-10-01 15:37:47,372 - root - INFO - validate loss: 0.5211
2025-10-01 15:37:47,372 - root - INFO - validate average_precision, 0.8084
2025-10-01 15:37:47,372 - root - INFO - validate roc_auc, 0.8075
2025-10-01 15:37:47,372 - root - INFO - new node validate loss: 0.5767
2025-10-01 15:37:47,372 - root - INFO - new node validate average_precision, 0.7760
2025-10-01 15:37:47,373 - root - INFO - new node validate roc_auc, 0.7503
2025-10-01 15:37:55,721 - root - INFO - test loss: 0.5350
2025-10-01 15:37:55,721 - root - INFO - test average_precision, 0.7905
2025-10-01 15:37:55,721 - root - INFO - best test average_precision: 0.7905
2025-10-01 15:37:55,721 - root - INFO - test roc_auc, 0.7932
2025-10-01 15:37:55,721 - root - INFO - new node test loss: 0.5559
2025-10-01 15:37:55,721 - root - INFO - new node test average_precision, 0.7736
2025-10-01 15:37:55,721 - root - INFO - new node test roc_auc, 0.7623
2025-10-01 15:37:55,721 - root - INFO - save model ./saved_models/TGAT/uci/TGAT_seed2/TGAT_seed2.pkl
2025-10-01 15:38:30,548 - root - INFO - Epoch: 9, learning rate: 0.0001, train loss: 0.4097
2025-10-01 15:38:30,549 - root - INFO - train average_precision, 0.8914
2025-10-01 15:38:30,549 - root - INFO - train roc_auc, 0.8869
2025-10-01 15:38:30,549 - root - INFO - validate loss: 0.5134
2025-10-01 15:38:30,549 - root - INFO - validate average_precision, 0.8094
2025-10-01 15:38:30,549 - root - INFO - validate roc_auc, 0.8075
2025-10-01 15:38:30,549 - root - INFO - new node validate loss: 0.5729
2025-10-01 15:38:30,549 - root - INFO - new node validate average_precision, 0.7793
2025-10-01 15:38:30,549 - root - INFO - new node validate roc_auc, 0.7526
2025-10-01 15:38:38,880 - root - INFO - test loss: 0.5374
2025-10-01 15:38:38,880 - root - INFO - test average_precision, 0.7803
2025-10-01 15:38:38,880 - root - INFO - best test average_precision: 0.7905
2025-10-01 15:38:38,880 - root - INFO - test roc_auc, 0.7817
2025-10-01 15:38:38,880 - root - INFO - new node test loss: 0.5583
2025-10-01 15:38:38,880 - root - INFO - new node test average_precision, 0.7725
2025-10-01 15:38:38,880 - root - INFO - new node test roc_auc, 0.7597
2025-10-01 15:38:38,880 - root - INFO - save model ./saved_models/TGAT/uci/TGAT_seed2/TGAT_seed2.pkl
2025-10-01 15:39:14,158 - root - INFO - Epoch: 10, learning rate: 0.0001, train loss: 0.4012
2025-10-01 15:39:14,158 - root - INFO - train average_precision, 0.8959
2025-10-01 15:39:14,158 - root - INFO - train roc_auc, 0.8906
2025-10-01 15:39:14,159 - root - INFO - validate loss: 0.5103
2025-10-01 15:39:14,159 - root - INFO - validate average_precision, 0.8158
2025-10-01 15:39:14,159 - root - INFO - validate roc_auc, 0.8134
2025-10-01 15:39:14,159 - root - INFO - new node validate loss: 0.5702
2025-10-01 15:39:14,159 - root - INFO - new node validate average_precision, 0.7865
2025-10-01 15:39:14,159 - root - INFO - new node validate roc_auc, 0.7572
2025-10-01 15:39:22,490 - root - INFO - test loss: 0.5262
2025-10-01 15:39:22,490 - root - INFO - test average_precision, 0.7953
2025-10-01 15:39:22,490 - root - INFO - best test average_precision: 0.7953
2025-10-01 15:39:22,491 - root - INFO - test roc_auc, 0.7958
2025-10-01 15:39:22,491 - root - INFO - new node test loss: 0.5501
2025-10-01 15:39:22,491 - root - INFO - new node test average_precision, 0.7779
2025-10-01 15:39:22,491 - root - INFO - new node test roc_auc, 0.7662
2025-10-01 15:39:22,491 - root - INFO - save model ./saved_models/TGAT/uci/TGAT_seed2/TGAT_seed2.pkl
2025-10-01 15:39:57,426 - root - INFO - Epoch: 11, learning rate: 0.0001, train loss: 0.4011
2025-10-01 15:39:57,426 - root - INFO - train average_precision, 0.8971
2025-10-01 15:39:57,426 - root - INFO - train roc_auc, 0.8918
2025-10-01 15:39:57,426 - root - INFO - validate loss: 0.5079
2025-10-01 15:39:57,426 - root - INFO - validate average_precision, 0.8188
2025-10-01 15:39:57,426 - root - INFO - validate roc_auc, 0.8139
2025-10-01 15:39:57,426 - root - INFO - new node validate loss: 0.5709
2025-10-01 15:39:57,426 - root - INFO - new node validate average_precision, 0.7785
2025-10-01 15:39:57,426 - root - INFO - new node validate roc_auc, 0.7475
2025-10-01 15:40:05,771 - root - INFO - test loss: 0.5260
2025-10-01 15:40:05,771 - root - INFO - test average_precision, 0.7940
2025-10-01 15:40:05,771 - root - INFO - best test average_precision: 0.7953
2025-10-01 15:40:05,771 - root - INFO - test roc_auc, 0.7925
2025-10-01 15:40:05,771 - root - INFO - new node test loss: 0.5450
2025-10-01 15:40:05,771 - root - INFO - new node test average_precision, 0.7823
2025-10-01 15:40:05,771 - root - INFO - new node test roc_auc, 0.7684
2025-10-01 15:40:05,772 - root - INFO - save model ./saved_models/TGAT/uci/TGAT_seed2/TGAT_seed2.pkl
2025-10-01 15:40:40,710 - root - INFO - Epoch: 12, learning rate: 0.0001, train loss: 0.4013
2025-10-01 15:40:40,710 - root - INFO - train average_precision, 0.8971
2025-10-01 15:40:40,710 - root - INFO - train roc_auc, 0.8927
2025-10-01 15:40:40,710 - root - INFO - validate loss: 0.5064
2025-10-01 15:40:40,710 - root - INFO - validate average_precision, 0.8161
2025-10-01 15:40:40,710 - root - INFO - validate roc_auc, 0.8122
2025-10-01 15:40:40,710 - root - INFO - new node validate loss: 0.5765
2025-10-01 15:40:40,710 - root - INFO - new node validate average_precision, 0.7871
2025-10-01 15:40:40,711 - root - INFO - new node validate roc_auc, 0.7576
2025-10-01 15:40:49,046 - root - INFO - test loss: 0.5291
2025-10-01 15:40:49,046 - root - INFO - test average_precision, 0.7909
2025-10-01 15:40:49,046 - root - INFO - best test average_precision: 0.7953
2025-10-01 15:40:49,046 - root - INFO - test roc_auc, 0.7895
2025-10-01 15:40:49,046 - root - INFO - new node test loss: 0.5538
2025-10-01 15:40:49,046 - root - INFO - new node test average_precision, 0.7757
2025-10-01 15:40:49,047 - root - INFO - new node test roc_auc, 0.7623
2025-10-01 15:41:23,739 - root - INFO - Epoch: 13, learning rate: 0.0001, train loss: 0.3954
2025-10-01 15:41:23,739 - root - INFO - train average_precision, 0.8999
2025-10-01 15:41:23,739 - root - INFO - train roc_auc, 0.8945
2025-10-01 15:41:23,739 - root - INFO - validate loss: 0.5082
2025-10-01 15:41:23,740 - root - INFO - validate average_precision, 0.8158
2025-10-01 15:41:23,740 - root - INFO - validate roc_auc, 0.8133
2025-10-01 15:41:23,740 - root - INFO - new node validate loss: 0.5752
2025-10-01 15:41:23,740 - root - INFO - new node validate average_precision, 0.7897
2025-10-01 15:41:23,740 - root - INFO - new node validate roc_auc, 0.7613
2025-10-01 15:41:32,075 - root - INFO - test loss: 0.5256
2025-10-01 15:41:32,075 - root - INFO - test average_precision, 0.7939
2025-10-01 15:41:32,075 - root - INFO - best test average_precision: 0.7953
2025-10-01 15:41:32,075 - root - INFO - test roc_auc, 0.7945
2025-10-01 15:41:32,075 - root - INFO - new node test loss: 0.5531
2025-10-01 15:41:32,075 - root - INFO - new node test average_precision, 0.7779
2025-10-01 15:41:32,076 - root - INFO - new node test roc_auc, 0.7663
2025-10-01 15:42:06,678 - root - INFO - Epoch: 14, learning rate: 0.0001, train loss: 0.3953
2025-10-01 15:42:06,678 - root - INFO - train average_precision, 0.8989
2025-10-01 15:42:06,678 - root - INFO - train roc_auc, 0.8935
2025-10-01 15:42:06,678 - root - INFO - validate loss: 0.5067
2025-10-01 15:42:06,678 - root - INFO - validate average_precision, 0.8154
2025-10-01 15:42:06,678 - root - INFO - validate roc_auc, 0.8128
2025-10-01 15:42:06,678 - root - INFO - new node validate loss: 0.5787
2025-10-01 15:42:06,678 - root - INFO - new node validate average_precision, 0.7700
2025-10-01 15:42:06,678 - root - INFO - new node validate roc_auc, 0.7373
2025-10-01 15:42:15,012 - root - INFO - test loss: 0.5222
2025-10-01 15:42:15,012 - root - INFO - test average_precision, 0.7956
2025-10-01 15:42:15,012 - root - INFO - best test average_precision: 0.7956
2025-10-01 15:42:15,012 - root - INFO - test roc_auc, 0.7970
2025-10-01 15:42:15,012 - root - INFO - new node test loss: 0.5472
2025-10-01 15:42:15,012 - root - INFO - new node test average_precision, 0.7795
2025-10-01 15:42:15,012 - root - INFO - new node test roc_auc, 0.7665
2025-10-01 15:42:50,055 - root - INFO - Epoch: 15, learning rate: 0.0001, train loss: 0.3945
2025-10-01 15:42:50,055 - root - INFO - train average_precision, 0.9005
2025-10-01 15:42:50,055 - root - INFO - train roc_auc, 0.8955
2025-10-01 15:42:50,055 - root - INFO - validate loss: 0.5026
2025-10-01 15:42:50,055 - root - INFO - validate average_precision, 0.8229
2025-10-01 15:42:50,055 - root - INFO - validate roc_auc, 0.8172
2025-10-01 15:42:50,056 - root - INFO - new node validate loss: 0.5609
2025-10-01 15:42:50,056 - root - INFO - new node validate average_precision, 0.7968
2025-10-01 15:42:50,056 - root - INFO - new node validate roc_auc, 0.7663
2025-10-01 15:42:58,369 - root - INFO - test loss: 0.5173
2025-10-01 15:42:58,370 - root - INFO - test average_precision, 0.8008
2025-10-01 15:42:58,370 - root - INFO - best test average_precision: 0.8008
2025-10-01 15:42:58,370 - root - INFO - test roc_auc, 0.8006
2025-10-01 15:42:58,370 - root - INFO - new node test loss: 0.5425
2025-10-01 15:42:58,370 - root - INFO - new node test average_precision, 0.7851
2025-10-01 15:42:58,370 - root - INFO - new node test roc_auc, 0.7720
2025-10-01 15:42:58,370 - root - INFO - save model ./saved_models/TGAT/uci/TGAT_seed2/TGAT_seed2.pkl
2025-10-01 15:43:33,118 - root - INFO - Epoch: 16, learning rate: 0.0001, train loss: 0.3977
2025-10-01 15:43:33,118 - root - INFO - train average_precision, 0.8983
2025-10-01 15:43:33,118 - root - INFO - train roc_auc, 0.8930
2025-10-01 15:43:33,118 - root - INFO - validate loss: 0.5010
2025-10-01 15:43:33,118 - root - INFO - validate average_precision, 0.8234
2025-10-01 15:43:33,118 - root - INFO - validate roc_auc, 0.8192
2025-10-01 15:43:33,118 - root - INFO - new node validate loss: 0.5588
2025-10-01 15:43:33,118 - root - INFO - new node validate average_precision, 0.7994
2025-10-01 15:43:33,118 - root - INFO - new node validate roc_auc, 0.7704
2025-10-01 15:43:41,442 - root - INFO - test loss: 0.5230
2025-10-01 15:43:41,443 - root - INFO - test average_precision, 0.7952
2025-10-01 15:43:41,443 - root - INFO - best test average_precision: 0.8008
2025-10-01 15:43:41,443 - root - INFO - test roc_auc, 0.7924
2025-10-01 15:43:41,443 - root - INFO - new node test loss: 0.5438
2025-10-01 15:43:41,443 - root - INFO - new node test average_precision, 0.7896
2025-10-01 15:43:41,443 - root - INFO - new node test roc_auc, 0.7745
2025-10-01 15:43:41,443 - root - INFO - save model ./saved_models/TGAT/uci/TGAT_seed2/TGAT_seed2.pkl
2025-10-01 15:44:16,308 - root - INFO - Epoch: 17, learning rate: 0.0001, train loss: 0.3870
2025-10-01 15:44:16,308 - root - INFO - train average_precision, 0.9048
2025-10-01 15:44:16,308 - root - INFO - train roc_auc, 0.8990
2025-10-01 15:44:16,308 - root - INFO - validate loss: 0.4991
2025-10-01 15:44:16,308 - root - INFO - validate average_precision, 0.8258
2025-10-01 15:44:16,308 - root - INFO - validate roc_auc, 0.8195
2025-10-01 15:44:16,308 - root - INFO - new node validate loss: 0.5584
2025-10-01 15:44:16,308 - root - INFO - new node validate average_precision, 0.7982
2025-10-01 15:44:16,308 - root - INFO - new node validate roc_auc, 0.7678
2025-10-01 15:44:24,627 - root - INFO - test loss: 0.5169
2025-10-01 15:44:24,627 - root - INFO - test average_precision, 0.7991
2025-10-01 15:44:24,627 - root - INFO - best test average_precision: 0.8008
2025-10-01 15:44:24,627 - root - INFO - test roc_auc, 0.8000
2025-10-01 15:44:24,627 - root - INFO - new node test loss: 0.5421
2025-10-01 15:44:24,627 - root - INFO - new node test average_precision, 0.7844
2025-10-01 15:44:24,627 - root - INFO - new node test roc_auc, 0.7717
2025-10-01 15:44:24,627 - root - INFO - save model ./saved_models/TGAT/uci/TGAT_seed2/TGAT_seed2.pkl
2025-10-01 15:44:59,339 - root - INFO - Epoch: 18, learning rate: 0.0001, train loss: 0.3895
2025-10-01 15:44:59,340 - root - INFO - train average_precision, 0.9035
2025-10-01 15:44:59,340 - root - INFO - train roc_auc, 0.8975
2025-10-01 15:44:59,340 - root - INFO - validate loss: 0.4962
2025-10-01 15:44:59,340 - root - INFO - validate average_precision, 0.8308
2025-10-01 15:44:59,340 - root - INFO - validate roc_auc, 0.8237
2025-10-01 15:44:59,340 - root - INFO - new node validate loss: 0.5565
2025-10-01 15:44:59,340 - root - INFO - new node validate average_precision, 0.7991
2025-10-01 15:44:59,340 - root - INFO - new node validate roc_auc, 0.7697
2025-10-01 15:45:07,674 - root - INFO - test loss: 0.5167
2025-10-01 15:45:07,674 - root - INFO - test average_precision, 0.8078
2025-10-01 15:45:07,674 - root - INFO - best test average_precision: 0.8078
2025-10-01 15:45:07,674 - root - INFO - test roc_auc, 0.8033
2025-10-01 15:45:07,674 - root - INFO - new node test loss: 0.5374
2025-10-01 15:45:07,674 - root - INFO - new node test average_precision, 0.7968
2025-10-01 15:45:07,674 - root - INFO - new node test roc_auc, 0.7807
2025-10-01 15:45:07,674 - root - INFO - save model ./saved_models/TGAT/uci/TGAT_seed2/TGAT_seed2.pkl
2025-10-01 15:45:42,444 - root - INFO - Epoch: 19, learning rate: 0.0001, train loss: 0.3867
2025-10-01 15:45:42,444 - root - INFO - train average_precision, 0.9055
2025-10-01 15:45:42,445 - root - INFO - train roc_auc, 0.8995
2025-10-01 15:45:42,445 - root - INFO - validate loss: 0.4782
2025-10-01 15:45:42,445 - root - INFO - validate average_precision, 0.8466
2025-10-01 15:45:42,445 - root - INFO - validate roc_auc, 0.8413
2025-10-01 15:45:42,445 - root - INFO - new node validate loss: 0.5507
2025-10-01 15:45:42,445 - root - INFO - new node validate average_precision, 0.8083
2025-10-01 15:45:42,445 - root - INFO - new node validate roc_auc, 0.7808
2025-10-01 15:45:50,777 - root - INFO - test loss: 0.4924
2025-10-01 15:45:50,777 - root - INFO - test average_precision, 0.8295
2025-10-01 15:45:50,777 - root - INFO - best test average_precision: 0.8295
2025-10-01 15:45:50,777 - root - INFO - test roc_auc, 0.8283
2025-10-01 15:45:50,777 - root - INFO - new node test loss: 0.5184
2025-10-01 15:45:50,777 - root - INFO - new node test average_precision, 0.8168
2025-10-01 15:45:50,777 - root - INFO - new node test roc_auc, 0.8042
2025-10-01 15:45:50,777 - root - INFO - save model ./saved_models/TGAT/uci/TGAT_seed2/TGAT_seed2.pkl
2025-10-01 15:46:25,879 - root - INFO - Epoch: 20, learning rate: 0.0001, train loss: 0.3896
2025-10-01 15:46:25,879 - root - INFO - train average_precision, 0.9041
2025-10-01 15:46:25,879 - root - INFO - train roc_auc, 0.8983
2025-10-01 15:46:25,879 - root - INFO - validate loss: 0.4916
2025-10-01 15:46:25,879 - root - INFO - validate average_precision, 0.8333
2025-10-01 15:46:25,879 - root - INFO - validate roc_auc, 0.8254
2025-10-01 15:46:25,880 - root - INFO - new node validate loss: 0.5624
2025-10-01 15:46:25,880 - root - INFO - new node validate average_precision, 0.7972
2025-10-01 15:46:25,880 - root - INFO - new node validate roc_auc, 0.7640
2025-10-01 15:46:34,201 - root - INFO - test loss: 0.5134
2025-10-01 15:46:34,201 - root - INFO - test average_precision, 0.8083
2025-10-01 15:46:34,201 - root - INFO - best test average_precision: 0.8295
2025-10-01 15:46:34,201 - root - INFO - test roc_auc, 0.8037
2025-10-01 15:46:34,201 - root - INFO - new node test loss: 0.5403
2025-10-01 15:46:34,201 - root - INFO - new node test average_precision, 0.7946
2025-10-01 15:46:34,201 - root - INFO - new node test roc_auc, 0.7781
2025-10-01 15:47:09,595 - root - INFO - Epoch: 21, learning rate: 0.0001, train loss: 0.3851
2025-10-01 15:47:09,596 - root - INFO - train average_precision, 0.9051
2025-10-01 15:47:09,596 - root - INFO - train roc_auc, 0.8991
2025-10-01 15:47:09,596 - root - INFO - validate loss: 0.4917
2025-10-01 15:47:09,596 - root - INFO - validate average_precision, 0.8385
2025-10-01 15:47:09,596 - root - INFO - validate roc_auc, 0.8312
2025-10-01 15:47:09,596 - root - INFO - new node validate loss: 0.5367
2025-10-01 15:47:09,596 - root - INFO - new node validate average_precision, 0.8142
2025-10-01 15:47:09,596 - root - INFO - new node validate roc_auc, 0.7865
2025-10-01 15:47:17,918 - root - INFO - test loss: 0.5109
2025-10-01 15:47:17,918 - root - INFO - test average_precision, 0.8099
2025-10-01 15:47:17,918 - root - INFO - best test average_precision: 0.8295
2025-10-01 15:47:17,918 - root - INFO - test roc_auc, 0.8086
2025-10-01 15:47:17,918 - root - INFO - new node test loss: 0.5339
2025-10-01 15:47:17,918 - root - INFO - new node test average_precision, 0.7940
2025-10-01 15:47:17,918 - root - INFO - new node test roc_auc, 0.7798
2025-10-01 15:47:53,056 - root - INFO - Epoch: 22, learning rate: 0.0001, train loss: 0.3878
2025-10-01 15:47:53,056 - root - INFO - train average_precision, 0.9037
2025-10-01 15:47:53,056 - root - INFO - train roc_auc, 0.8982
2025-10-01 15:47:53,056 - root - INFO - validate loss: 0.4976
2025-10-01 15:47:53,056 - root - INFO - validate average_precision, 0.8279
2025-10-01 15:47:53,056 - root - INFO - validate roc_auc, 0.8219
2025-10-01 15:47:53,056 - root - INFO - new node validate loss: 0.5497
2025-10-01 15:47:53,056 - root - INFO - new node validate average_precision, 0.7981
2025-10-01 15:47:53,056 - root - INFO - new node validate roc_auc, 0.7670
2025-10-01 15:48:01,399 - root - INFO - test loss: 0.5161
2025-10-01 15:48:01,399 - root - INFO - test average_precision, 0.8003
2025-10-01 15:48:01,399 - root - INFO - best test average_precision: 0.8295
2025-10-01 15:48:01,400 - root - INFO - test roc_auc, 0.7997
2025-10-01 15:48:01,400 - root - INFO - new node test loss: 0.5390
2025-10-01 15:48:01,400 - root - INFO - new node test average_precision, 0.7862
2025-10-01 15:48:01,400 - root - INFO - new node test roc_auc, 0.7711
2025-10-01 15:48:36,104 - root - INFO - Epoch: 23, learning rate: 0.0001, train loss: 0.3897
2025-10-01 15:48:36,104 - root - INFO - train average_precision, 0.9018
2025-10-01 15:48:36,105 - root - INFO - train roc_auc, 0.8966
2025-10-01 15:48:36,105 - root - INFO - validate loss: 0.4941
2025-10-01 15:48:36,105 - root - INFO - validate average_precision, 0.8313
2025-10-01 15:48:36,105 - root - INFO - validate roc_auc, 0.8250
2025-10-01 15:48:36,105 - root - INFO - new node validate loss: 0.5502
2025-10-01 15:48:36,105 - root - INFO - new node validate average_precision, 0.8036
2025-10-01 15:48:36,105 - root - INFO - new node validate roc_auc, 0.7730
2025-10-01 15:48:44,434 - root - INFO - test loss: 0.5138
2025-10-01 15:48:44,434 - root - INFO - test average_precision, 0.8037
2025-10-01 15:48:44,434 - root - INFO - best test average_precision: 0.8295
2025-10-01 15:48:44,434 - root - INFO - test roc_auc, 0.8024
2025-10-01 15:48:44,434 - root - INFO - new node test loss: 0.5375
2025-10-01 15:48:44,434 - root - INFO - new node test average_precision, 0.7926
2025-10-01 15:48:44,434 - root - INFO - new node test roc_auc, 0.7779
2025-10-01 15:49:19,092 - root - INFO - Epoch: 24, learning rate: 0.0001, train loss: 0.3896
2025-10-01 15:49:19,092 - root - INFO - train average_precision, 0.9029
2025-10-01 15:49:19,092 - root - INFO - train roc_auc, 0.8968
2025-10-01 15:49:19,092 - root - INFO - validate loss: 0.4953
2025-10-01 15:49:19,092 - root - INFO - validate average_precision, 0.8260
2025-10-01 15:49:19,093 - root - INFO - validate roc_auc, 0.8205
2025-10-01 15:49:19,093 - root - INFO - new node validate loss: 0.5463
2025-10-01 15:49:19,093 - root - INFO - new node validate average_precision, 0.8027
2025-10-01 15:49:19,093 - root - INFO - new node validate roc_auc, 0.7732
2025-10-01 15:49:27,414 - root - INFO - test loss: 0.5171
2025-10-01 15:49:27,414 - root - INFO - test average_precision, 0.7986
2025-10-01 15:49:27,414 - root - INFO - best test average_precision: 0.8295
2025-10-01 15:49:27,414 - root - INFO - test roc_auc, 0.7961
2025-10-01 15:49:27,414 - root - INFO - new node test loss: 0.5378
2025-10-01 15:49:27,414 - root - INFO - new node test average_precision, 0.7869
2025-10-01 15:49:27,414 - root - INFO - new node test roc_auc, 0.7733
2025-10-01 15:50:02,120 - root - INFO - Epoch: 25, learning rate: 0.0001, train loss: 0.3874
2025-10-01 15:50:02,120 - root - INFO - train average_precision, 0.9047
2025-10-01 15:50:02,120 - root - INFO - train roc_auc, 0.8985
2025-10-01 15:50:02,120 - root - INFO - validate loss: 0.4962
2025-10-01 15:50:02,120 - root - INFO - validate average_precision, 0.8296
2025-10-01 15:50:02,121 - root - INFO - validate roc_auc, 0.8227
2025-10-01 15:50:02,121 - root - INFO - new node validate loss: 0.5579
2025-10-01 15:50:02,121 - root - INFO - new node validate average_precision, 0.8013
2025-10-01 15:50:02,121 - root - INFO - new node validate roc_auc, 0.7687
2025-10-01 15:50:10,445 - root - INFO - test loss: 0.5134
2025-10-01 15:50:10,445 - root - INFO - test average_precision, 0.8060
2025-10-01 15:50:10,445 - root - INFO - best test average_precision: 0.8295
2025-10-01 15:50:10,445 - root - INFO - test roc_auc, 0.8045
2025-10-01 15:50:10,446 - root - INFO - new node test loss: 0.5379
2025-10-01 15:50:10,446 - root - INFO - new node test average_precision, 0.7914
2025-10-01 15:50:10,446 - root - INFO - new node test roc_auc, 0.7758
2025-10-01 15:50:45,246 - root - INFO - Epoch: 26, learning rate: 0.0001, train loss: 0.3873
2025-10-01 15:50:45,246 - root - INFO - train average_precision, 0.9048
2025-10-01 15:50:45,246 - root - INFO - train roc_auc, 0.8988
2025-10-01 15:50:45,246 - root - INFO - validate loss: 0.4951
2025-10-01 15:50:45,246 - root - INFO - validate average_precision, 0.8270
2025-10-01 15:50:45,246 - root - INFO - validate roc_auc, 0.8214
2025-10-01 15:50:45,246 - root - INFO - new node validate loss: 0.5515
2025-10-01 15:50:45,246 - root - INFO - new node validate average_precision, 0.8004
2025-10-01 15:50:45,246 - root - INFO - new node validate roc_auc, 0.7712
2025-10-01 15:50:53,586 - root - INFO - test loss: 0.5122
2025-10-01 15:50:53,586 - root - INFO - test average_precision, 0.8016
2025-10-01 15:50:53,586 - root - INFO - best test average_precision: 0.8295
2025-10-01 15:50:53,586 - root - INFO - test roc_auc, 0.8016
2025-10-01 15:50:53,586 - root - INFO - new node test loss: 0.5394
2025-10-01 15:50:53,586 - root - INFO - new node test average_precision, 0.7885
2025-10-01 15:50:53,586 - root - INFO - new node test roc_auc, 0.7748
2025-10-01 15:51:28,193 - root - INFO - Epoch: 27, learning rate: 0.0001, train loss: 0.3853
2025-10-01 15:51:28,193 - root - INFO - train average_precision, 0.9048
2025-10-01 15:51:28,193 - root - INFO - train roc_auc, 0.8999
2025-10-01 15:51:28,193 - root - INFO - validate loss: 0.5012
2025-10-01 15:51:28,193 - root - INFO - validate average_precision, 0.8206
2025-10-01 15:51:28,193 - root - INFO - validate roc_auc, 0.8186
2025-10-01 15:51:28,193 - root - INFO - new node validate loss: 0.5670
2025-10-01 15:51:28,193 - root - INFO - new node validate average_precision, 0.7946
2025-10-01 15:51:28,193 - root - INFO - new node validate roc_auc, 0.7658
2025-10-01 15:51:36,517 - root - INFO - test loss: 0.4743
2025-10-01 15:51:36,518 - root - INFO - test average_precision, 0.8484
2025-10-01 15:51:36,518 - root - INFO - best test average_precision: 0.8484
2025-10-01 15:51:36,518 - root - INFO - test roc_auc, 0.8465
2025-10-01 15:51:36,518 - root - INFO - new node test loss: 0.5202
2025-10-01 15:51:36,518 - root - INFO - new node test average_precision, 0.8144
2025-10-01 15:51:36,518 - root - INFO - new node test roc_auc, 0.8047
2025-10-01 15:52:11,287 - root - INFO - Epoch: 28, learning rate: 0.0001, train loss: 0.3818
2025-10-01 15:52:11,287 - root - INFO - train average_precision, 0.9072
2025-10-01 15:52:11,288 - root - INFO - train roc_auc, 0.9017
2025-10-01 15:52:11,288 - root - INFO - validate loss: 0.4901
2025-10-01 15:52:11,288 - root - INFO - validate average_precision, 0.8296
2025-10-01 15:52:11,288 - root - INFO - validate roc_auc, 0.8246
2025-10-01 15:52:11,288 - root - INFO - new node validate loss: 0.5557
2025-10-01 15:52:11,288 - root - INFO - new node validate average_precision, 0.8034
2025-10-01 15:52:11,288 - root - INFO - new node validate roc_auc, 0.7733
2025-10-01 15:52:19,621 - root - INFO - test loss: 0.5068
2025-10-01 15:52:19,621 - root - INFO - test average_precision, 0.8060
2025-10-01 15:52:19,621 - root - INFO - best test average_precision: 0.8484
2025-10-01 15:52:19,621 - root - INFO - test roc_auc, 0.8058
2025-10-01 15:52:19,621 - root - INFO - new node test loss: 0.5361
2025-10-01 15:52:19,621 - root - INFO - new node test average_precision, 0.7951
2025-10-01 15:52:19,621 - root - INFO - new node test roc_auc, 0.7806
2025-10-01 15:52:54,389 - root - INFO - Epoch: 29, learning rate: 0.0001, train loss: 0.3872
2025-10-01 15:52:54,390 - root - INFO - train average_precision, 0.9038
2025-10-01 15:52:54,390 - root - INFO - train roc_auc, 0.8985
2025-10-01 15:52:54,390 - root - INFO - validate loss: 0.4912
2025-10-01 15:52:54,390 - root - INFO - validate average_precision, 0.8283
2025-10-01 15:52:54,390 - root - INFO - validate roc_auc, 0.8232
2025-10-01 15:52:54,390 - root - INFO - new node validate loss: 0.5475
2025-10-01 15:52:54,390 - root - INFO - new node validate average_precision, 0.8050
2025-10-01 15:52:54,390 - root - INFO - new node validate roc_auc, 0.7747
2025-10-01 15:53:02,726 - root - INFO - test loss: 0.5085
2025-10-01 15:53:02,726 - root - INFO - test average_precision, 0.8075
2025-10-01 15:53:02,726 - root - INFO - best test average_precision: 0.8484
2025-10-01 15:53:02,726 - root - INFO - test roc_auc, 0.8041
2025-10-01 15:53:02,726 - root - INFO - new node test loss: 0.5347
2025-10-01 15:53:02,726 - root - INFO - new node test average_precision, 0.7906
2025-10-01 15:53:02,726 - root - INFO - new node test roc_auc, 0.7761
2025-10-01 15:53:37,337 - root - INFO - Epoch: 30, learning rate: 0.0001, train loss: 0.3845
2025-10-01 15:53:37,337 - root - INFO - train average_precision, 0.9054
2025-10-01 15:53:37,337 - root - INFO - train roc_auc, 0.8994
2025-10-01 15:53:37,337 - root - INFO - validate loss: 0.4873
2025-10-01 15:53:37,337 - root - INFO - validate average_precision, 0.8354
2025-10-01 15:53:37,337 - root - INFO - validate roc_auc, 0.8282
2025-10-01 15:53:37,337 - root - INFO - new node validate loss: 0.5403
2025-10-01 15:53:37,337 - root - INFO - new node validate average_precision, 0.8079
2025-10-01 15:53:37,338 - root - INFO - new node validate roc_auc, 0.7776
2025-10-01 15:53:45,674 - root - INFO - test loss: 0.5110
2025-10-01 15:53:45,674 - root - INFO - test average_precision, 0.8052
2025-10-01 15:53:45,674 - root - INFO - best test average_precision: 0.8484
2025-10-01 15:53:45,675 - root - INFO - test roc_auc, 0.8035
2025-10-01 15:53:45,675 - root - INFO - new node test loss: 0.5306
2025-10-01 15:53:45,675 - root - INFO - new node test average_precision, 0.7948
2025-10-01 15:53:45,675 - root - INFO - new node test roc_auc, 0.7803
2025-10-01 15:54:20,643 - root - INFO - Epoch: 31, learning rate: 0.0001, train loss: 0.3839
2025-10-01 15:54:20,643 - root - INFO - train average_precision, 0.9065
2025-10-01 15:54:20,643 - root - INFO - train roc_auc, 0.9008
2025-10-01 15:54:20,643 - root - INFO - validate loss: 0.4872
2025-10-01 15:54:20,643 - root - INFO - validate average_precision, 0.8344
2025-10-01 15:54:20,643 - root - INFO - validate roc_auc, 0.8277
2025-10-01 15:54:20,643 - root - INFO - new node validate loss: 0.5486
2025-10-01 15:54:20,643 - root - INFO - new node validate average_precision, 0.8096
2025-10-01 15:54:20,644 - root - INFO - new node validate roc_auc, 0.7789
2025-10-01 15:54:28,968 - root - INFO - test loss: 0.5107
2025-10-01 15:54:28,968 - root - INFO - test average_precision, 0.8069
2025-10-01 15:54:28,968 - root - INFO - best test average_precision: 0.8484
2025-10-01 15:54:28,968 - root - INFO - test roc_auc, 0.8047
2025-10-01 15:54:28,968 - root - INFO - new node test loss: 0.5355
2025-10-01 15:54:28,968 - root - INFO - new node test average_precision, 0.7953
2025-10-01 15:54:28,968 - root - INFO - new node test roc_auc, 0.7810
2025-10-01 15:55:03,737 - root - INFO - Epoch: 32, learning rate: 0.0001, train loss: 0.3790
2025-10-01 15:55:03,737 - root - INFO - train average_precision, 0.9085
2025-10-01 15:55:03,737 - root - INFO - train roc_auc, 0.9029
2025-10-01 15:55:03,737 - root - INFO - validate loss: 0.4902
2025-10-01 15:55:03,737 - root - INFO - validate average_precision, 0.8313
2025-10-01 15:55:03,737 - root - INFO - validate roc_auc, 0.8240
2025-10-01 15:55:03,738 - root - INFO - new node validate loss: 0.5541
2025-10-01 15:55:03,738 - root - INFO - new node validate average_precision, 0.8081
2025-10-01 15:55:03,738 - root - INFO - new node validate roc_auc, 0.7783
2025-10-01 15:55:12,075 - root - INFO - test loss: 0.5117
2025-10-01 15:55:12,075 - root - INFO - test average_precision, 0.8054
2025-10-01 15:55:12,075 - root - INFO - best test average_precision: 0.8484
2025-10-01 15:55:12,075 - root - INFO - test roc_auc, 0.8027
2025-10-01 15:55:12,075 - root - INFO - new node test loss: 0.5306
2025-10-01 15:55:12,075 - root - INFO - new node test average_precision, 0.7998
2025-10-01 15:55:12,075 - root - INFO - new node test roc_auc, 0.7849
2025-10-01 15:55:46,693 - root - INFO - Epoch: 33, learning rate: 0.0001, train loss: 0.3803
2025-10-01 15:55:46,693 - root - INFO - train average_precision, 0.9079
2025-10-01 15:55:46,693 - root - INFO - train roc_auc, 0.9022
2025-10-01 15:55:46,693 - root - INFO - validate loss: 0.4862
2025-10-01 15:55:46,693 - root - INFO - validate average_precision, 0.8333
2025-10-01 15:55:46,693 - root - INFO - validate roc_auc, 0.8270
2025-10-01 15:55:46,693 - root - INFO - new node validate loss: 0.5480
2025-10-01 15:55:46,693 - root - INFO - new node validate average_precision, 0.8092
2025-10-01 15:55:46,693 - root - INFO - new node validate roc_auc, 0.7789
2025-10-01 15:55:55,020 - root - INFO - test loss: 0.5078
2025-10-01 15:55:55,021 - root - INFO - test average_precision, 0.8080
2025-10-01 15:55:55,021 - root - INFO - best test average_precision: 0.8484
2025-10-01 15:55:55,021 - root - INFO - test roc_auc, 0.8051
2025-10-01 15:55:55,021 - root - INFO - new node test loss: 0.5358
2025-10-01 15:55:55,021 - root - INFO - new node test average_precision, 0.7939
2025-10-01 15:55:55,021 - root - INFO - new node test roc_auc, 0.7789
2025-10-01 15:56:29,977 - root - INFO - Epoch: 34, learning rate: 0.0001, train loss: 0.3806
2025-10-01 15:56:29,977 - root - INFO - train average_precision, 0.9076
2025-10-01 15:56:29,977 - root - INFO - train roc_auc, 0.9013
2025-10-01 15:56:29,977 - root - INFO - validate loss: 0.4891
2025-10-01 15:56:29,977 - root - INFO - validate average_precision, 0.8321
2025-10-01 15:56:29,977 - root - INFO - validate roc_auc, 0.8263
2025-10-01 15:56:29,977 - root - INFO - new node validate loss: 0.5435
2025-10-01 15:56:29,977 - root - INFO - new node validate average_precision, 0.8061
2025-10-01 15:56:29,978 - root - INFO - new node validate roc_auc, 0.7770
2025-10-01 15:56:38,324 - root - INFO - test loss: 0.5109
2025-10-01 15:56:38,325 - root - INFO - test average_precision, 0.8039
2025-10-01 15:56:38,325 - root - INFO - best test average_precision: 0.8484
2025-10-01 15:56:38,325 - root - INFO - test roc_auc, 0.8026
2025-10-01 15:56:38,325 - root - INFO - new node test loss: 0.5333
2025-10-01 15:56:38,325 - root - INFO - new node test average_precision, 0.7963
2025-10-01 15:56:38,325 - root - INFO - new node test roc_auc, 0.7797
2025-10-01 15:57:12,993 - root - INFO - Epoch: 35, learning rate: 0.0001, train loss: 0.3803
2025-10-01 15:57:12,993 - root - INFO - train average_precision, 0.9078
2025-10-01 15:57:12,993 - root - INFO - train roc_auc, 0.9022
2025-10-01 15:57:12,994 - root - INFO - validate loss: 0.4875
2025-10-01 15:57:12,994 - root - INFO - validate average_precision, 0.8376
2025-10-01 15:57:12,994 - root - INFO - validate roc_auc, 0.8310
2025-10-01 15:57:12,994 - root - INFO - new node validate loss: 0.5418
2025-10-01 15:57:12,994 - root - INFO - new node validate average_precision, 0.8103
2025-10-01 15:57:12,994 - root - INFO - new node validate roc_auc, 0.7797
2025-10-01 15:57:21,341 - root - INFO - test loss: 0.5062
2025-10-01 15:57:21,341 - root - INFO - test average_precision, 0.8145
2025-10-01 15:57:21,341 - root - INFO - best test average_precision: 0.8484
2025-10-01 15:57:21,341 - root - INFO - test roc_auc, 0.8111
2025-10-01 15:57:21,341 - root - INFO - new node test loss: 0.5287
2025-10-01 15:57:21,341 - root - INFO - new node test average_precision, 0.7996
2025-10-01 15:57:21,341 - root - INFO - new node test roc_auc, 0.7845
2025-10-01 15:57:56,049 - root - INFO - Epoch: 36, learning rate: 0.0001, train loss: 0.3765
2025-10-01 15:57:56,049 - root - INFO - train average_precision, 0.9109
2025-10-01 15:57:56,049 - root - INFO - train roc_auc, 0.9047
2025-10-01 15:57:56,049 - root - INFO - validate loss: 0.4817
2025-10-01 15:57:56,049 - root - INFO - validate average_precision, 0.8401
2025-10-01 15:57:56,049 - root - INFO - validate roc_auc, 0.8333
2025-10-01 15:57:56,049 - root - INFO - new node validate loss: 0.5446
2025-10-01 15:57:56,049 - root - INFO - new node validate average_precision, 0.8116
2025-10-01 15:57:56,049 - root - INFO - new node validate roc_auc, 0.7814
2025-10-01 15:58:04,386 - root - INFO - test loss: 0.5027
2025-10-01 15:58:04,386 - root - INFO - test average_precision, 0.8130
2025-10-01 15:58:04,386 - root - INFO - best test average_precision: 0.8484
2025-10-01 15:58:04,386 - root - INFO - test roc_auc, 0.8108
2025-10-01 15:58:04,386 - root - INFO - new node test loss: 0.5294
2025-10-01 15:58:04,387 - root - INFO - new node test average_precision, 0.8021
2025-10-01 15:58:04,387 - root - INFO - new node test roc_auc, 0.7883
2025-10-01 15:58:39,587 - root - INFO - Epoch: 37, learning rate: 0.0001, train loss: 0.3746
2025-10-01 15:58:39,587 - root - INFO - train average_precision, 0.9109
2025-10-01 15:58:39,588 - root - INFO - train roc_auc, 0.9049
2025-10-01 15:58:39,588 - root - INFO - validate loss: 0.4881
2025-10-01 15:58:39,588 - root - INFO - validate average_precision, 0.8333
2025-10-01 15:58:39,588 - root - INFO - validate roc_auc, 0.8268
2025-10-01 15:58:39,588 - root - INFO - new node validate loss: 0.5512
2025-10-01 15:58:39,588 - root - INFO - new node validate average_precision, 0.8071
2025-10-01 15:58:39,588 - root - INFO - new node validate roc_auc, 0.7763
2025-10-01 15:58:47,926 - root - INFO - test loss: 0.5039
2025-10-01 15:58:47,926 - root - INFO - test average_precision, 0.8094
2025-10-01 15:58:47,926 - root - INFO - best test average_precision: 0.8484
2025-10-01 15:58:47,926 - root - INFO - test roc_auc, 0.8082
2025-10-01 15:58:47,926 - root - INFO - new node test loss: 0.5321
2025-10-01 15:58:47,926 - root - INFO - new node test average_precision, 0.7955
2025-10-01 15:58:47,926 - root - INFO - new node test roc_auc, 0.7795
2025-10-01 15:59:23,120 - root - INFO - Epoch: 38, learning rate: 0.0001, train loss: 0.3761
2025-10-01 15:59:23,120 - root - INFO - train average_precision, 0.9100
2025-10-01 15:59:23,121 - root - INFO - train roc_auc, 0.9042
2025-10-01 15:59:23,121 - root - INFO - validate loss: 0.4863
2025-10-01 15:59:23,121 - root - INFO - validate average_precision, 0.8374
2025-10-01 15:59:23,121 - root - INFO - validate roc_auc, 0.8296
2025-10-01 15:59:23,121 - root - INFO - new node validate loss: 0.5424
2025-10-01 15:59:23,121 - root - INFO - new node validate average_precision, 0.8110
2025-10-01 15:59:23,121 - root - INFO - new node validate roc_auc, 0.7806
2025-10-01 15:59:31,499 - root - INFO - test loss: 0.5058
2025-10-01 15:59:31,499 - root - INFO - test average_precision, 0.8098
2025-10-01 15:59:31,500 - root - INFO - best test average_precision: 0.8484
2025-10-01 15:59:31,500 - root - INFO - test roc_auc, 0.8078
2025-10-01 15:59:31,500 - root - INFO - new node test loss: 0.5322
2025-10-01 15:59:31,500 - root - INFO - new node test average_precision, 0.7974
2025-10-01 15:59:31,500 - root - INFO - new node test roc_auc, 0.7827
2025-10-01 16:00:06,791 - root - INFO - Epoch: 39, learning rate: 0.0001, train loss: 0.3765
2025-10-01 16:00:06,792 - root - INFO - train average_precision, 0.9111
2025-10-01 16:00:06,792 - root - INFO - train roc_auc, 0.9050
2025-10-01 16:00:06,792 - root - INFO - validate loss: 0.4878
2025-10-01 16:00:06,792 - root - INFO - validate average_precision, 0.8346
2025-10-01 16:00:06,792 - root - INFO - validate roc_auc, 0.8276
2025-10-01 16:00:06,792 - root - INFO - new node validate loss: 0.5439
2025-10-01 16:00:06,792 - root - INFO - new node validate average_precision, 0.8119
2025-10-01 16:00:06,792 - root - INFO - new node validate roc_auc, 0.7818
2025-10-01 16:00:15,144 - root - INFO - test loss: 0.5074
2025-10-01 16:00:15,144 - root - INFO - test average_precision, 0.8116
2025-10-01 16:00:15,144 - root - INFO - best test average_precision: 0.8484
2025-10-01 16:00:15,144 - root - INFO - test roc_auc, 0.8060
2025-10-01 16:00:15,144 - root - INFO - new node test loss: 0.5304
2025-10-01 16:00:15,144 - root - INFO - new node test average_precision, 0.7998
2025-10-01 16:00:15,144 - root - INFO - new node test roc_auc, 0.7841
2025-10-01 16:00:15,144 - root - INFO - load model ./saved_models/TGAT/uci/TGAT_seed2/TGAT_seed2.pkl
2025-10-01 16:00:15,166 - root - INFO - get final performance on dataset uci...
2025-10-01 16:00:31,210 - root - INFO - validate loss: 0.4782
2025-10-01 16:00:31,210 - root - INFO - validate average_precision, 0.8466
2025-10-01 16:00:31,210 - root - INFO - validate roc_auc, 0.8413
2025-10-01 16:00:31,210 - root - INFO - new node validate loss: 0.5507
2025-10-01 16:00:31,210 - root - INFO - new node validate average_precision, 0.8083
2025-10-01 16:00:31,210 - root - INFO - new node validate roc_auc, 0.7808
2025-10-01 16:00:31,210 - root - INFO - test loss: 0.4924
2025-10-01 16:00:31,210 - root - INFO - test average_precision, 0.8295
2025-10-01 16:00:31,211 - root - INFO - test roc_auc, 0.8283
2025-10-01 16:00:31,211 - root - INFO - new node test loss: 0.5184
2025-10-01 16:00:31,211 - root - INFO - new node test average_precision, 0.8168
2025-10-01 16:00:31,211 - root - INFO - new node test roc_auc, 0.8042
2025-10-01 16:00:31,211 - root - INFO - Run 3 cost 1700.76 seconds.
