2025-10-01 06:58:36,412 - root - INFO - ********** Run 5 starts. **********
2025-10-01 06:58:36,413 - root - INFO - configuration is Namespace(dataset_name='uci', batch_size=200, model_name='JODIE', gpu=0, num_neighbors=10, sample_neighbor_strategy='uniform', time_scaling_factor=1e-06, num_walk_heads=8, num_heads=2, num_layers=1, walk_length=1, time_gap=2000, time_feat_dim=128, position_feat_dim=172, time_window_mode='fixed_proportion', time_encoder_type='lete', expert_dim=64, num_mixtures=4, patch_size=1, channel_embedding_dim=50, max_input_sequence_length=32, learning_rate=0.0001, dropout=0.4, gamma=0.5, num_epochs=100, optimizer='Adam', weight_decay=0.0, patience=20, val_ratio=0.15, test_ratio=0.15, num_runs=5, test_interval_epochs=1, negative_sample_strategy='random', max_interaction_times=10, load_best_configs=True, device='cuda:0', seed=4, save_model_name='JODIE_seed4')
2025-10-01 06:58:36,414 - root - INFO - time encoder type: lete
2025-10-01 06:58:36,479 - root - INFO - model -> Sequential(
  (0): MemoryModel(
    (time_encoder): TimeEncoder(
      (w): Linear(in_features=1, out_features=128, bias=True)
    )
    (message_aggregator): MessageAggregator()
    (memory_bank): MemoryBank(num_nodes=1900, memory_dim=172)
    (memory_updater): RNNMemoryUpdater(
      (memory_bank): MemoryBank(num_nodes=1900, memory_dim=172)
      (memory_updater): RNNCell(644, 172)
    )
    (embedding_module): TimeProjectionEmbedding(
      (dropout): Dropout(p=0.4, inplace=False)
      (linear_layer): Linear(in_features=1, out_features=172, bias=True)
    )
  )
  (1): MergeLayer(
    (fc1): Linear(in_features=344, out_features=172, bias=True)
    (fc2): Linear(in_features=172, out_features=1, bias=True)
    (act): ReLU()
  )
)
2025-10-01 06:58:36,479 - root - INFO - model name: JODIE, #parameters: 803236 B, 784.41015625 KB, 0.7660255432128906 MB.
2025-10-01 06:58:40,210 - root - INFO - Epoch: 1, learning rate: 0.0001, train loss: 0.5274
2025-10-01 06:58:40,210 - root - INFO - train average_precision, 0.7867
2025-10-01 06:58:40,210 - root - INFO - train roc_auc, 0.8234
2025-10-01 06:58:40,210 - root - INFO - validate loss: 0.5598
2025-10-01 06:58:40,210 - root - INFO - validate average_precision, 0.8217
2025-10-01 06:58:40,210 - root - INFO - validate roc_auc, 0.8463
2025-10-01 06:58:40,210 - root - INFO - new node validate loss: 0.7041
2025-10-01 06:58:40,210 - root - INFO - new node validate average_precision, 0.7103
2025-10-01 06:58:40,210 - root - INFO - new node validate roc_auc, 0.7138
2025-10-01 06:58:41,184 - root - INFO - test loss: 0.9343
2025-10-01 06:58:41,184 - root - INFO - test average_precision, 0.8799
2025-10-01 06:58:41,184 - root - INFO - best test average_precision: 0.8799
2025-10-01 06:58:41,184 - root - INFO - test roc_auc, 0.8991
2025-10-01 06:58:41,184 - root - INFO - new node test loss: 1.1427
2025-10-01 06:58:41,184 - root - INFO - new node test average_precision, 0.7464
2025-10-01 06:58:41,184 - root - INFO - new node test roc_auc, 0.7611
2025-10-01 06:58:41,185 - root - INFO - save model ./saved_models/JODIE/uci/JODIE_seed4/JODIE_seed4.pkl
2025-10-01 06:58:45,151 - root - INFO - Epoch: 2, learning rate: 0.0001, train loss: 0.4821
2025-10-01 06:58:45,151 - root - INFO - train average_precision, 0.8195
2025-10-01 06:58:45,151 - root - INFO - train roc_auc, 0.8465
2025-10-01 06:58:45,151 - root - INFO - validate loss: 0.5518
2025-10-01 06:58:45,151 - root - INFO - validate average_precision, 0.8243
2025-10-01 06:58:45,151 - root - INFO - validate roc_auc, 0.8464
2025-10-01 06:58:45,151 - root - INFO - new node validate loss: 0.6867
2025-10-01 06:58:45,151 - root - INFO - new node validate average_precision, 0.7228
2025-10-01 06:58:45,151 - root - INFO - new node validate roc_auc, 0.7200
2025-10-01 06:58:46,111 - root - INFO - test loss: 0.9072
2025-10-01 06:58:46,111 - root - INFO - test average_precision, 0.8729
2025-10-01 06:58:46,111 - root - INFO - best test average_precision: 0.8799
2025-10-01 06:58:46,111 - root - INFO - test roc_auc, 0.8953
2025-10-01 06:58:46,111 - root - INFO - new node test loss: 1.0873
2025-10-01 06:58:46,111 - root - INFO - new node test average_precision, 0.7310
2025-10-01 06:58:46,111 - root - INFO - new node test roc_auc, 0.7491
2025-10-01 06:58:46,111 - root - INFO - save model ./saved_models/JODIE/uci/JODIE_seed4/JODIE_seed4.pkl
2025-10-01 06:58:50,218 - root - INFO - Epoch: 3, learning rate: 0.0001, train loss: 0.4751
2025-10-01 06:58:50,218 - root - INFO - train average_precision, 0.8259
2025-10-01 06:58:50,218 - root - INFO - train roc_auc, 0.8511
2025-10-01 06:58:50,218 - root - INFO - validate loss: 0.5556
2025-10-01 06:58:50,218 - root - INFO - validate average_precision, 0.8242
2025-10-01 06:58:50,218 - root - INFO - validate roc_auc, 0.8461
2025-10-01 06:58:50,218 - root - INFO - new node validate loss: 0.6829
2025-10-01 06:58:50,219 - root - INFO - new node validate average_precision, 0.7254
2025-10-01 06:58:50,219 - root - INFO - new node validate roc_auc, 0.7225
2025-10-01 06:58:51,081 - root - INFO - test loss: 0.8853
2025-10-01 06:58:51,081 - root - INFO - test average_precision, 0.8640
2025-10-01 06:58:51,082 - root - INFO - best test average_precision: 0.8799
2025-10-01 06:58:51,082 - root - INFO - test roc_auc, 0.8920
2025-10-01 06:58:51,082 - root - INFO - new node test loss: 1.0431
2025-10-01 06:58:51,082 - root - INFO - new node test average_precision, 0.7101
2025-10-01 06:58:51,082 - root - INFO - new node test roc_auc, 0.7392
2025-10-01 06:58:54,924 - root - INFO - Epoch: 4, learning rate: 0.0001, train loss: 0.4674
2025-10-01 06:58:54,924 - root - INFO - train average_precision, 0.8327
2025-10-01 06:58:54,924 - root - INFO - train roc_auc, 0.8564
2025-10-01 06:58:54,924 - root - INFO - validate loss: 0.5311
2025-10-01 06:58:54,924 - root - INFO - validate average_precision, 0.8274
2025-10-01 06:58:54,924 - root - INFO - validate roc_auc, 0.8495
2025-10-01 06:58:54,924 - root - INFO - new node validate loss: 0.6614
2025-10-01 06:58:54,924 - root - INFO - new node validate average_precision, 0.7279
2025-10-01 06:58:54,924 - root - INFO - new node validate roc_auc, 0.7256
2025-10-01 06:58:55,785 - root - INFO - test loss: 0.8253
2025-10-01 06:58:55,785 - root - INFO - test average_precision, 0.8647
2025-10-01 06:58:55,785 - root - INFO - best test average_precision: 0.8799
2025-10-01 06:58:55,785 - root - INFO - test roc_auc, 0.8929
2025-10-01 06:58:55,785 - root - INFO - new node test loss: 0.9739
2025-10-01 06:58:55,785 - root - INFO - new node test average_precision, 0.7096
2025-10-01 06:58:55,785 - root - INFO - new node test roc_auc, 0.7396
2025-10-01 06:58:55,785 - root - INFO - save model ./saved_models/JODIE/uci/JODIE_seed4/JODIE_seed4.pkl
2025-10-01 06:58:59,869 - root - INFO - Epoch: 5, learning rate: 0.0001, train loss: 0.4644
2025-10-01 06:58:59,869 - root - INFO - train average_precision, 0.8341
2025-10-01 06:58:59,870 - root - INFO - train roc_auc, 0.8577
2025-10-01 06:58:59,870 - root - INFO - validate loss: 0.5332
2025-10-01 06:58:59,870 - root - INFO - validate average_precision, 0.8276
2025-10-01 06:58:59,870 - root - INFO - validate roc_auc, 0.8494
2025-10-01 06:58:59,870 - root - INFO - new node validate loss: 0.6623
2025-10-01 06:58:59,870 - root - INFO - new node validate average_precision, 0.7298
2025-10-01 06:58:59,870 - root - INFO - new node validate roc_auc, 0.7265
2025-10-01 06:59:00,748 - root - INFO - test loss: 0.8287
2025-10-01 06:59:00,749 - root - INFO - test average_precision, 0.8608
2025-10-01 06:59:00,749 - root - INFO - best test average_precision: 0.8799
2025-10-01 06:59:00,749 - root - INFO - test roc_auc, 0.8913
2025-10-01 06:59:00,749 - root - INFO - new node test loss: 0.9764
2025-10-01 06:59:00,749 - root - INFO - new node test average_precision, 0.7044
2025-10-01 06:59:00,749 - root - INFO - new node test roc_auc, 0.7363
2025-10-01 06:59:04,517 - root - INFO - Epoch: 6, learning rate: 0.0001, train loss: 0.4650
2025-10-01 06:59:04,518 - root - INFO - train average_precision, 0.8340
2025-10-01 06:59:04,518 - root - INFO - train roc_auc, 0.8577
2025-10-01 06:59:04,518 - root - INFO - validate loss: 0.5160
2025-10-01 06:59:04,518 - root - INFO - validate average_precision, 0.8308
2025-10-01 06:59:04,518 - root - INFO - validate roc_auc, 0.8521
2025-10-01 06:59:04,518 - root - INFO - new node validate loss: 0.6461
2025-10-01 06:59:04,518 - root - INFO - new node validate average_precision, 0.7314
2025-10-01 06:59:04,518 - root - INFO - new node validate roc_auc, 0.7282
2025-10-01 06:59:05,386 - root - INFO - test loss: 0.7785
2025-10-01 06:59:05,386 - root - INFO - test average_precision, 0.8679
2025-10-01 06:59:05,386 - root - INFO - best test average_precision: 0.8799
2025-10-01 06:59:05,386 - root - INFO - test roc_auc, 0.8944
2025-10-01 06:59:05,386 - root - INFO - new node test loss: 0.9277
2025-10-01 06:59:05,386 - root - INFO - new node test average_precision, 0.7174
2025-10-01 06:59:05,386 - root - INFO - new node test roc_auc, 0.7428
2025-10-01 06:59:05,386 - root - INFO - save model ./saved_models/JODIE/uci/JODIE_seed4/JODIE_seed4.pkl
2025-10-01 06:59:09,557 - root - INFO - Epoch: 7, learning rate: 0.0001, train loss: 0.4596
2025-10-01 06:59:09,557 - root - INFO - train average_precision, 0.8387
2025-10-01 06:59:09,557 - root - INFO - train roc_auc, 0.8614
2025-10-01 06:59:09,557 - root - INFO - validate loss: 0.5256
2025-10-01 06:59:09,557 - root - INFO - validate average_precision, 0.8298
2025-10-01 06:59:09,557 - root - INFO - validate roc_auc, 0.8500
2025-10-01 06:59:09,557 - root - INFO - new node validate loss: 0.6553
2025-10-01 06:59:09,557 - root - INFO - new node validate average_precision, 0.7338
2025-10-01 06:59:09,558 - root - INFO - new node validate roc_auc, 0.7282
2025-10-01 06:59:10,421 - root - INFO - test loss: 0.8134
2025-10-01 06:59:10,422 - root - INFO - test average_precision, 0.8629
2025-10-01 06:59:10,422 - root - INFO - best test average_precision: 0.8799
2025-10-01 06:59:10,422 - root - INFO - test roc_auc, 0.8922
2025-10-01 06:59:10,422 - root - INFO - new node test loss: 0.9672
2025-10-01 06:59:10,422 - root - INFO - new node test average_precision, 0.7076
2025-10-01 06:59:10,422 - root - INFO - new node test roc_auc, 0.7370
2025-10-01 06:59:14,290 - root - INFO - Epoch: 8, learning rate: 0.0001, train loss: 0.4584
2025-10-01 06:59:14,290 - root - INFO - train average_precision, 0.8403
2025-10-01 06:59:14,290 - root - INFO - train roc_auc, 0.8619
2025-10-01 06:59:14,290 - root - INFO - validate loss: 0.5160
2025-10-01 06:59:14,290 - root - INFO - validate average_precision, 0.8305
2025-10-01 06:59:14,290 - root - INFO - validate roc_auc, 0.8521
2025-10-01 06:59:14,290 - root - INFO - new node validate loss: 0.6473
2025-10-01 06:59:14,290 - root - INFO - new node validate average_precision, 0.7331
2025-10-01 06:59:14,290 - root - INFO - new node validate roc_auc, 0.7285
2025-10-01 06:59:15,148 - root - INFO - test loss: 0.7923
2025-10-01 06:59:15,149 - root - INFO - test average_precision, 0.8708
2025-10-01 06:59:15,149 - root - INFO - best test average_precision: 0.8799
2025-10-01 06:59:15,149 - root - INFO - test roc_auc, 0.8955
2025-10-01 06:59:15,149 - root - INFO - new node test loss: 0.9477
2025-10-01 06:59:15,149 - root - INFO - new node test average_precision, 0.7195
2025-10-01 06:59:15,149 - root - INFO - new node test roc_auc, 0.7437
2025-10-01 06:59:18,936 - root - INFO - Epoch: 9, learning rate: 0.0001, train loss: 0.4594
2025-10-01 06:59:18,936 - root - INFO - train average_precision, 0.8404
2025-10-01 06:59:18,937 - root - INFO - train roc_auc, 0.8613
2025-10-01 06:59:18,937 - root - INFO - validate loss: 0.5294
2025-10-01 06:59:18,937 - root - INFO - validate average_precision, 0.8297
2025-10-01 06:59:18,937 - root - INFO - validate roc_auc, 0.8502
2025-10-01 06:59:18,937 - root - INFO - new node validate loss: 0.6556
2025-10-01 06:59:18,937 - root - INFO - new node validate average_precision, 0.7345
2025-10-01 06:59:18,937 - root - INFO - new node validate roc_auc, 0.7280
2025-10-01 06:59:19,803 - root - INFO - test loss: 0.8098
2025-10-01 06:59:19,803 - root - INFO - test average_precision, 0.8654
2025-10-01 06:59:19,803 - root - INFO - best test average_precision: 0.8799
2025-10-01 06:59:19,803 - root - INFO - test roc_auc, 0.8927
2025-10-01 06:59:19,803 - root - INFO - new node test loss: 0.9671
2025-10-01 06:59:19,803 - root - INFO - new node test average_precision, 0.7104
2025-10-01 06:59:19,803 - root - INFO - new node test roc_auc, 0.7373
2025-10-01 06:59:23,703 - root - INFO - Epoch: 10, learning rate: 0.0001, train loss: 0.4590
2025-10-01 06:59:23,703 - root - INFO - train average_precision, 0.8427
2025-10-01 06:59:23,704 - root - INFO - train roc_auc, 0.8622
2025-10-01 06:59:23,704 - root - INFO - validate loss: 0.5276
2025-10-01 06:59:23,704 - root - INFO - validate average_precision, 0.8290
2025-10-01 06:59:23,704 - root - INFO - validate roc_auc, 0.8489
2025-10-01 06:59:23,704 - root - INFO - new node validate loss: 0.6523
2025-10-01 06:59:23,704 - root - INFO - new node validate average_precision, 0.7327
2025-10-01 06:59:23,704 - root - INFO - new node validate roc_auc, 0.7272
2025-10-01 06:59:24,564 - root - INFO - test loss: 0.7886
2025-10-01 06:59:24,564 - root - INFO - test average_precision, 0.8639
2025-10-01 06:59:24,564 - root - INFO - best test average_precision: 0.8799
2025-10-01 06:59:24,564 - root - INFO - test roc_auc, 0.8919
2025-10-01 06:59:24,564 - root - INFO - new node test loss: 0.9431
2025-10-01 06:59:24,564 - root - INFO - new node test average_precision, 0.7064
2025-10-01 06:59:24,564 - root - INFO - new node test roc_auc, 0.7349
2025-10-01 06:59:28,426 - root - INFO - Epoch: 11, learning rate: 0.0001, train loss: 0.4571
2025-10-01 06:59:28,426 - root - INFO - train average_precision, 0.8429
2025-10-01 06:59:28,426 - root - INFO - train roc_auc, 0.8628
2025-10-01 06:59:28,426 - root - INFO - validate loss: 0.5249
2025-10-01 06:59:28,426 - root - INFO - validate average_precision, 0.8301
2025-10-01 06:59:28,426 - root - INFO - validate roc_auc, 0.8498
2025-10-01 06:59:28,426 - root - INFO - new node validate loss: 0.6487
2025-10-01 06:59:28,426 - root - INFO - new node validate average_precision, 0.7348
2025-10-01 06:59:28,426 - root - INFO - new node validate roc_auc, 0.7279
2025-10-01 06:59:29,285 - root - INFO - test loss: 0.7742
2025-10-01 06:59:29,285 - root - INFO - test average_precision, 0.8677
2025-10-01 06:59:29,285 - root - INFO - best test average_precision: 0.8799
2025-10-01 06:59:29,285 - root - INFO - test roc_auc, 0.8933
2025-10-01 06:59:29,285 - root - INFO - new node test loss: 0.9307
2025-10-01 06:59:29,285 - root - INFO - new node test average_precision, 0.7136
2025-10-01 06:59:29,286 - root - INFO - new node test roc_auc, 0.7390
2025-10-01 06:59:33,025 - root - INFO - Epoch: 12, learning rate: 0.0001, train loss: 0.4528
2025-10-01 06:59:33,025 - root - INFO - train average_precision, 0.8446
2025-10-01 06:59:33,025 - root - INFO - train roc_auc, 0.8657
2025-10-01 06:59:33,025 - root - INFO - validate loss: 0.5205
2025-10-01 06:59:33,025 - root - INFO - validate average_precision, 0.8301
2025-10-01 06:59:33,025 - root - INFO - validate roc_auc, 0.8493
2025-10-01 06:59:33,025 - root - INFO - new node validate loss: 0.6443
2025-10-01 06:59:33,025 - root - INFO - new node validate average_precision, 0.7328
2025-10-01 06:59:33,025 - root - INFO - new node validate roc_auc, 0.7272
2025-10-01 06:59:33,890 - root - INFO - test loss: 0.7529
2025-10-01 06:59:33,890 - root - INFO - test average_precision, 0.8718
2025-10-01 06:59:33,890 - root - INFO - best test average_precision: 0.8799
2025-10-01 06:59:33,890 - root - INFO - test roc_auc, 0.8946
2025-10-01 06:59:33,890 - root - INFO - new node test loss: 0.9119
2025-10-01 06:59:33,890 - root - INFO - new node test average_precision, 0.7188
2025-10-01 06:59:33,890 - root - INFO - new node test roc_auc, 0.7403
2025-10-01 06:59:37,787 - root - INFO - Epoch: 13, learning rate: 0.0001, train loss: 0.4552
2025-10-01 06:59:37,787 - root - INFO - train average_precision, 0.8447
2025-10-01 06:59:37,787 - root - INFO - train roc_auc, 0.8645
2025-10-01 06:59:37,787 - root - INFO - validate loss: 0.5226
2025-10-01 06:59:37,787 - root - INFO - validate average_precision, 0.8296
2025-10-01 06:59:37,788 - root - INFO - validate roc_auc, 0.8486
2025-10-01 06:59:37,788 - root - INFO - new node validate loss: 0.6442
2025-10-01 06:59:37,788 - root - INFO - new node validate average_precision, 0.7333
2025-10-01 06:59:37,788 - root - INFO - new node validate roc_auc, 0.7273
2025-10-01 06:59:38,649 - root - INFO - test loss: 0.7483
2025-10-01 06:59:38,649 - root - INFO - test average_precision, 0.8715
2025-10-01 06:59:38,649 - root - INFO - best test average_precision: 0.8799
2025-10-01 06:59:38,649 - root - INFO - test roc_auc, 0.8942
2025-10-01 06:59:38,650 - root - INFO - new node test loss: 0.9121
2025-10-01 06:59:38,650 - root - INFO - new node test average_precision, 0.7207
2025-10-01 06:59:38,650 - root - INFO - new node test roc_auc, 0.7411
2025-10-01 06:59:42,525 - root - INFO - Epoch: 14, learning rate: 0.0001, train loss: 0.4508
2025-10-01 06:59:42,525 - root - INFO - train average_precision, 0.8489
2025-10-01 06:59:42,525 - root - INFO - train roc_auc, 0.8673
2025-10-01 06:59:42,525 - root - INFO - validate loss: 0.5208
2025-10-01 06:59:42,525 - root - INFO - validate average_precision, 0.8282
2025-10-01 06:59:42,525 - root - INFO - validate roc_auc, 0.8469
2025-10-01 06:59:42,525 - root - INFO - new node validate loss: 0.6419
2025-10-01 06:59:42,525 - root - INFO - new node validate average_precision, 0.7335
2025-10-01 06:59:42,525 - root - INFO - new node validate roc_auc, 0.7269
2025-10-01 06:59:43,387 - root - INFO - test loss: 0.7399
2025-10-01 06:59:43,387 - root - INFO - test average_precision, 0.8746
2025-10-01 06:59:43,387 - root - INFO - best test average_precision: 0.8799
2025-10-01 06:59:43,387 - root - INFO - test roc_auc, 0.8947
2025-10-01 06:59:43,387 - root - INFO - new node test loss: 0.9119
2025-10-01 06:59:43,387 - root - INFO - new node test average_precision, 0.7275
2025-10-01 06:59:43,387 - root - INFO - new node test roc_auc, 0.7435
2025-10-01 06:59:47,117 - root - INFO - Epoch: 15, learning rate: 0.0001, train loss: 0.4542
2025-10-01 06:59:47,117 - root - INFO - train average_precision, 0.8455
2025-10-01 06:59:47,117 - root - INFO - train roc_auc, 0.8655
2025-10-01 06:59:47,117 - root - INFO - validate loss: 0.5190
2025-10-01 06:59:47,117 - root - INFO - validate average_precision, 0.8324
2025-10-01 06:59:47,117 - root - INFO - validate roc_auc, 0.8502
2025-10-01 06:59:47,117 - root - INFO - new node validate loss: 0.6411
2025-10-01 06:59:47,117 - root - INFO - new node validate average_precision, 0.7350
2025-10-01 06:59:47,117 - root - INFO - new node validate roc_auc, 0.7271
2025-10-01 06:59:48,104 - root - INFO - test loss: 0.7181
2025-10-01 06:59:48,104 - root - INFO - test average_precision, 0.8773
2025-10-01 06:59:48,104 - root - INFO - best test average_precision: 0.8799
2025-10-01 06:59:48,104 - root - INFO - test roc_auc, 0.8960
2025-10-01 06:59:48,104 - root - INFO - new node test loss: 0.8762
2025-10-01 06:59:48,104 - root - INFO - new node test average_precision, 0.7325
2025-10-01 06:59:48,104 - root - INFO - new node test roc_auc, 0.7457
2025-10-01 06:59:51,831 - root - INFO - Epoch: 16, learning rate: 0.0001, train loss: 0.4510
2025-10-01 06:59:51,831 - root - INFO - train average_precision, 0.8500
2025-10-01 06:59:51,831 - root - INFO - train roc_auc, 0.8671
2025-10-01 06:59:51,831 - root - INFO - validate loss: 0.5176
2025-10-01 06:59:51,831 - root - INFO - validate average_precision, 0.8292
2025-10-01 06:59:51,831 - root - INFO - validate roc_auc, 0.8470
2025-10-01 06:59:51,831 - root - INFO - new node validate loss: 0.6382
2025-10-01 06:59:51,831 - root - INFO - new node validate average_precision, 0.7324
2025-10-01 06:59:51,831 - root - INFO - new node validate roc_auc, 0.7252
2025-10-01 06:59:52,687 - root - INFO - test loss: 0.7182
2025-10-01 06:59:52,687 - root - INFO - test average_precision, 0.8755
2025-10-01 06:59:52,687 - root - INFO - best test average_precision: 0.8799
2025-10-01 06:59:52,687 - root - INFO - test roc_auc, 0.8939
2025-10-01 06:59:52,687 - root - INFO - new node test loss: 0.8888
2025-10-01 06:59:52,687 - root - INFO - new node test average_precision, 0.7321
2025-10-01 06:59:52,687 - root - INFO - new node test roc_auc, 0.7437
2025-10-01 06:59:56,546 - root - INFO - Epoch: 17, learning rate: 0.0001, train loss: 0.4495
2025-10-01 06:59:56,546 - root - INFO - train average_precision, 0.8523
2025-10-01 06:59:56,546 - root - INFO - train roc_auc, 0.8691
2025-10-01 06:59:56,546 - root - INFO - validate loss: 0.5257
2025-10-01 06:59:56,547 - root - INFO - validate average_precision, 0.8275
2025-10-01 06:59:56,547 - root - INFO - validate roc_auc, 0.8459
2025-10-01 06:59:56,547 - root - INFO - new node validate loss: 0.6491
2025-10-01 06:59:56,547 - root - INFO - new node validate average_precision, 0.7302
2025-10-01 06:59:56,547 - root - INFO - new node validate roc_auc, 0.7233
2025-10-01 06:59:57,404 - root - INFO - test loss: 0.7626
2025-10-01 06:59:57,405 - root - INFO - test average_precision, 0.8747
2025-10-01 06:59:57,405 - root - INFO - best test average_precision: 0.8799
2025-10-01 06:59:57,405 - root - INFO - test roc_auc, 0.8929
2025-10-01 06:59:57,405 - root - INFO - new node test loss: 0.9372
2025-10-01 06:59:57,405 - root - INFO - new node test average_precision, 0.7295
2025-10-01 06:59:57,405 - root - INFO - new node test roc_auc, 0.7408
2025-10-01 07:00:01,141 - root - INFO - Epoch: 18, learning rate: 0.0001, train loss: 0.4503
2025-10-01 07:00:01,141 - root - INFO - train average_precision, 0.8484
2025-10-01 07:00:01,141 - root - INFO - train roc_auc, 0.8676
2025-10-01 07:00:01,141 - root - INFO - validate loss: 0.5263
2025-10-01 07:00:01,141 - root - INFO - validate average_precision, 0.8272
2025-10-01 07:00:01,141 - root - INFO - validate roc_auc, 0.8445
2025-10-01 07:00:01,141 - root - INFO - new node validate loss: 0.6457
2025-10-01 07:00:01,141 - root - INFO - new node validate average_precision, 0.7314
2025-10-01 07:00:01,141 - root - INFO - new node validate roc_auc, 0.7232
2025-10-01 07:00:02,000 - root - INFO - test loss: 0.7452
2025-10-01 07:00:02,000 - root - INFO - test average_precision, 0.8751
2025-10-01 07:00:02,000 - root - INFO - best test average_precision: 0.8799
2025-10-01 07:00:02,000 - root - INFO - test roc_auc, 0.8929
2025-10-01 07:00:02,000 - root - INFO - new node test loss: 0.9218
2025-10-01 07:00:02,000 - root - INFO - new node test average_precision, 0.7322
2025-10-01 07:00:02,000 - root - INFO - new node test roc_auc, 0.7416
2025-10-01 07:00:05,894 - root - INFO - Epoch: 19, learning rate: 0.0001, train loss: 0.4472
2025-10-01 07:00:05,895 - root - INFO - train average_precision, 0.8518
2025-10-01 07:00:05,895 - root - INFO - train roc_auc, 0.8698
2025-10-01 07:00:05,895 - root - INFO - validate loss: 0.5275
2025-10-01 07:00:05,895 - root - INFO - validate average_precision, 0.8274
2025-10-01 07:00:05,895 - root - INFO - validate roc_auc, 0.8448
2025-10-01 07:00:05,895 - root - INFO - new node validate loss: 0.6496
2025-10-01 07:00:05,895 - root - INFO - new node validate average_precision, 0.7284
2025-10-01 07:00:05,895 - root - INFO - new node validate roc_auc, 0.7212
2025-10-01 07:00:06,757 - root - INFO - test loss: 0.7527
2025-10-01 07:00:06,757 - root - INFO - test average_precision, 0.8771
2025-10-01 07:00:06,757 - root - INFO - best test average_precision: 0.8799
2025-10-01 07:00:06,757 - root - INFO - test roc_auc, 0.8927
2025-10-01 07:00:06,757 - root - INFO - new node test loss: 0.9293
2025-10-01 07:00:06,757 - root - INFO - new node test average_precision, 0.7388
2025-10-01 07:00:06,757 - root - INFO - new node test roc_auc, 0.7435
2025-10-01 07:00:10,583 - root - INFO - Epoch: 20, learning rate: 0.0001, train loss: 0.4464
2025-10-01 07:00:10,584 - root - INFO - train average_precision, 0.8535
2025-10-01 07:00:10,584 - root - INFO - train roc_auc, 0.8704
2025-10-01 07:00:10,584 - root - INFO - validate loss: 0.5283
2025-10-01 07:00:10,584 - root - INFO - validate average_precision, 0.8287
2025-10-01 07:00:10,584 - root - INFO - validate roc_auc, 0.8462
2025-10-01 07:00:10,584 - root - INFO - new node validate loss: 0.6524
2025-10-01 07:00:10,584 - root - INFO - new node validate average_precision, 0.7283
2025-10-01 07:00:10,584 - root - INFO - new node validate roc_auc, 0.7218
2025-10-01 07:00:11,449 - root - INFO - test loss: 0.7623
2025-10-01 07:00:11,449 - root - INFO - test average_precision, 0.8796
2025-10-01 07:00:11,449 - root - INFO - best test average_precision: 0.8799
2025-10-01 07:00:11,450 - root - INFO - test roc_auc, 0.8945
2025-10-01 07:00:11,450 - root - INFO - new node test loss: 0.9357
2025-10-01 07:00:11,450 - root - INFO - new node test average_precision, 0.7467
2025-10-01 07:00:11,450 - root - INFO - new node test roc_auc, 0.7494
2025-10-01 07:00:15,210 - root - INFO - Epoch: 21, learning rate: 0.0001, train loss: 0.4457
2025-10-01 07:00:15,210 - root - INFO - train average_precision, 0.8539
2025-10-01 07:00:15,210 - root - INFO - train roc_auc, 0.8709
2025-10-01 07:00:15,211 - root - INFO - validate loss: 0.5228
2025-10-01 07:00:15,211 - root - INFO - validate average_precision, 0.8305
2025-10-01 07:00:15,211 - root - INFO - validate roc_auc, 0.8474
2025-10-01 07:00:15,211 - root - INFO - new node validate loss: 0.6523
2025-10-01 07:00:15,211 - root - INFO - new node validate average_precision, 0.7291
2025-10-01 07:00:15,211 - root - INFO - new node validate roc_auc, 0.7192
2025-10-01 07:00:16,073 - root - INFO - test loss: 0.7573
2025-10-01 07:00:16,073 - root - INFO - test average_precision, 0.8813
2025-10-01 07:00:16,073 - root - INFO - best test average_precision: 0.8813
2025-10-01 07:00:16,073 - root - INFO - test roc_auc, 0.8947
2025-10-01 07:00:16,073 - root - INFO - new node test loss: 0.9347
2025-10-01 07:00:16,073 - root - INFO - new node test average_precision, 0.7537
2025-10-01 07:00:16,074 - root - INFO - new node test roc_auc, 0.7526
2025-10-01 07:00:19,931 - root - INFO - Epoch: 22, learning rate: 0.0001, train loss: 0.4437
2025-10-01 07:00:19,931 - root - INFO - train average_precision, 0.8546
2025-10-01 07:00:19,932 - root - INFO - train roc_auc, 0.8716
2025-10-01 07:00:19,932 - root - INFO - validate loss: 0.5241
2025-10-01 07:00:19,932 - root - INFO - validate average_precision, 0.8319
2025-10-01 07:00:19,932 - root - INFO - validate roc_auc, 0.8491
2025-10-01 07:00:19,932 - root - INFO - new node validate loss: 0.6536
2025-10-01 07:00:19,932 - root - INFO - new node validate average_precision, 0.7288
2025-10-01 07:00:19,932 - root - INFO - new node validate roc_auc, 0.7207
2025-10-01 07:00:20,793 - root - INFO - test loss: 0.7567
2025-10-01 07:00:20,793 - root - INFO - test average_precision, 0.8822
2025-10-01 07:00:20,793 - root - INFO - best test average_precision: 0.8822
2025-10-01 07:00:20,793 - root - INFO - test roc_auc, 0.8954
2025-10-01 07:00:20,793 - root - INFO - new node test loss: 0.9311
2025-10-01 07:00:20,793 - root - INFO - new node test average_precision, 0.7583
2025-10-01 07:00:20,793 - root - INFO - new node test roc_auc, 0.7562
2025-10-01 07:00:24,538 - root - INFO - Epoch: 23, learning rate: 0.0001, train loss: 0.4468
2025-10-01 07:00:24,538 - root - INFO - train average_precision, 0.8525
2025-10-01 07:00:24,538 - root - INFO - train roc_auc, 0.8702
2025-10-01 07:00:24,538 - root - INFO - validate loss: 0.5367
2025-10-01 07:00:24,538 - root - INFO - validate average_precision, 0.8283
2025-10-01 07:00:24,538 - root - INFO - validate roc_auc, 0.8441
2025-10-01 07:00:24,538 - root - INFO - new node validate loss: 0.6645
2025-10-01 07:00:24,538 - root - INFO - new node validate average_precision, 0.7241
2025-10-01 07:00:24,538 - root - INFO - new node validate roc_auc, 0.7152
2025-10-01 07:00:25,508 - root - INFO - test loss: 0.7785
2025-10-01 07:00:25,508 - root - INFO - test average_precision, 0.8683
2025-10-01 07:00:25,508 - root - INFO - best test average_precision: 0.8822
2025-10-01 07:00:25,508 - root - INFO - test roc_auc, 0.8870
2025-10-01 07:00:25,508 - root - INFO - new node test loss: 0.9449
2025-10-01 07:00:25,508 - root - INFO - new node test average_precision, 0.7437
2025-10-01 07:00:25,508 - root - INFO - new node test roc_auc, 0.7448
2025-10-01 07:00:29,215 - root - INFO - Epoch: 24, learning rate: 0.0001, train loss: 0.4445
2025-10-01 07:00:29,215 - root - INFO - train average_precision, 0.8559
2025-10-01 07:00:29,215 - root - INFO - train roc_auc, 0.8718
2025-10-01 07:00:29,216 - root - INFO - validate loss: 0.5293
2025-10-01 07:00:29,216 - root - INFO - validate average_precision, 0.8330
2025-10-01 07:00:29,216 - root - INFO - validate roc_auc, 0.8500
2025-10-01 07:00:29,216 - root - INFO - new node validate loss: 0.6615
2025-10-01 07:00:29,216 - root - INFO - new node validate average_precision, 0.7268
2025-10-01 07:00:29,216 - root - INFO - new node validate roc_auc, 0.7157
2025-10-01 07:00:30,071 - root - INFO - test loss: 0.7584
2025-10-01 07:00:30,071 - root - INFO - test average_precision, 0.8769
2025-10-01 07:00:30,071 - root - INFO - best test average_precision: 0.8822
2025-10-01 07:00:30,071 - root - INFO - test roc_auc, 0.8944
2025-10-01 07:00:30,071 - root - INFO - new node test loss: 0.9224
2025-10-01 07:00:30,071 - root - INFO - new node test average_precision, 0.7583
2025-10-01 07:00:30,071 - root - INFO - new node test roc_auc, 0.7589
2025-10-01 07:00:33,897 - root - INFO - Epoch: 25, learning rate: 0.0001, train loss: 0.4392
2025-10-01 07:00:33,897 - root - INFO - train average_precision, 0.8594
2025-10-01 07:00:33,897 - root - INFO - train roc_auc, 0.8744
2025-10-01 07:00:33,897 - root - INFO - validate loss: 0.5334
2025-10-01 07:00:33,897 - root - INFO - validate average_precision, 0.8307
2025-10-01 07:00:33,897 - root - INFO - validate roc_auc, 0.8474
2025-10-01 07:00:33,897 - root - INFO - new node validate loss: 0.6668
2025-10-01 07:00:33,897 - root - INFO - new node validate average_precision, 0.7258
2025-10-01 07:00:33,897 - root - INFO - new node validate roc_auc, 0.7165
2025-10-01 07:00:34,755 - root - INFO - test loss: 0.7924
2025-10-01 07:00:34,755 - root - INFO - test average_precision, 0.8716
2025-10-01 07:00:34,755 - root - INFO - best test average_precision: 0.8822
2025-10-01 07:00:34,755 - root - INFO - test roc_auc, 0.8906
2025-10-01 07:00:34,755 - root - INFO - new node test loss: 0.9593
2025-10-01 07:00:34,755 - root - INFO - new node test average_precision, 0.7526
2025-10-01 07:00:34,755 - root - INFO - new node test roc_auc, 0.7533
2025-10-01 07:00:38,461 - root - INFO - Epoch: 26, learning rate: 0.0001, train loss: 0.4406
2025-10-01 07:00:38,461 - root - INFO - train average_precision, 0.8568
2025-10-01 07:00:38,461 - root - INFO - train roc_auc, 0.8724
2025-10-01 07:00:38,462 - root - INFO - validate loss: 0.5343
2025-10-01 07:00:38,462 - root - INFO - validate average_precision, 0.8320
2025-10-01 07:00:38,462 - root - INFO - validate roc_auc, 0.8486
2025-10-01 07:00:38,462 - root - INFO - new node validate loss: 0.6701
2025-10-01 07:00:38,462 - root - INFO - new node validate average_precision, 0.7269
2025-10-01 07:00:38,462 - root - INFO - new node validate roc_auc, 0.7162
2025-10-01 07:00:39,428 - root - INFO - test loss: 0.7807
2025-10-01 07:00:39,428 - root - INFO - test average_precision, 0.8657
2025-10-01 07:00:39,428 - root - INFO - best test average_precision: 0.8822
2025-10-01 07:00:39,428 - root - INFO - test roc_auc, 0.8886
2025-10-01 07:00:39,428 - root - INFO - new node test loss: 0.9483
2025-10-01 07:00:39,428 - root - INFO - new node test average_precision, 0.7544
2025-10-01 07:00:39,428 - root - INFO - new node test roc_auc, 0.7533
2025-10-01 07:00:39,428 - root - INFO - load model ./saved_models/JODIE/uci/JODIE_seed4/JODIE_seed4.pkl
2025-10-01 07:00:39,715 - root - INFO - get final performance on dataset uci...
2025-10-01 07:00:40,585 - root - INFO - test loss: 0.7785
2025-10-01 07:00:40,585 - root - INFO - test average_precision, 0.8679
2025-10-01 07:00:40,585 - root - INFO - test roc_auc, 0.8944
2025-10-01 07:00:40,585 - root - INFO - new node test loss: 0.9277
2025-10-01 07:00:40,585 - root - INFO - new node test average_precision, 0.7174
2025-10-01 07:00:40,585 - root - INFO - new node test roc_auc, 0.7428
2025-10-01 07:00:40,586 - root - INFO - Run 5 cost 124.17 seconds.
2025-10-01 07:00:40,590 - root - INFO - metrics over 5 runs:
2025-10-01 07:00:40,590 - root - INFO - test average_precision, [np.float64(0.8737993073200657), np.float64(0.875900707575477), np.float64(0.8950454453400263), np.float64(0.8790112775180364), np.float64(0.8679055087538075)]
2025-10-01 07:00:40,590 - root - INFO - average test average_precision, 0.8783 ± 0.0102
2025-10-01 07:00:40,590 - root - INFO - test roc_auc, [np.float64(0.8959640036730946), np.float64(0.896024979338843), np.float64(0.904593786730946), np.float64(0.8920428799357207), np.float64(0.8943989818640955)]
2025-10-01 07:00:40,591 - root - INFO - average test roc_auc, 0.8966 ± 0.0047
2025-10-01 07:00:40,591 - root - INFO - new node test average_precision, [np.float64(0.7248131427275354), np.float64(0.7852485436860909), np.float64(0.7848071171074389), np.float64(0.7858169550107241), np.float64(0.7174492185618858)]
2025-10-01 07:00:40,591 - root - INFO - average new node test average_precision, 0.7596 ± 0.0352
2025-10-01 07:00:40,591 - root - INFO - new node test roc_auc, [np.float64(0.7455499192684419), np.float64(0.7857457812978266), np.float64(0.7881532262014079), np.float64(0.7736822719620446), np.float64(0.7428405907560452)]
2025-10-01 07:00:40,591 - root - INFO - average new node test roc_auc, 0.7672 ± 0.0217
