2025-10-08 10:08:21,157 - root - INFO - ********** Run 1 starts. **********
2025-10-08 10:08:21,158 - root - INFO - configuration is Namespace(dataset_name='wikipedia', batch_size=200, model_name='JODIE', gpu=0, num_neighbors=10, sample_neighbor_strategy='uniform', time_scaling_factor=1e-06, num_walk_heads=8, num_heads=2, num_layers=1, walk_length=1, time_gap=2000, time_feat_dim=100, position_feat_dim=172, time_window_mode='fixed_proportion', time_encoder_type='time2vec', expert_dim=128, num_mixtures=16, sort_neighbors_by_time=False, patch_size=1, channel_embedding_dim=50, max_input_sequence_length=32, learning_rate=0.0001, dropout=0.1, gamma=0.5, num_epochs=2, optimizer='Adam', weight_decay=0.0, patience=20, val_ratio=0.15, test_ratio=0.15, num_runs=2, test_interval_epochs=100, negative_sample_strategy='random', max_interaction_times=10, load_best_configs=True, data_ratio=0.05, seed=0, save_model_name_suffix='', ablation_dir='', mamba_d_state=256, mamba_d_conv=4, mamba_expand=2, mamba_headdim=64, resume_from_checkpoint=None, save_checkpoints=True, checkpoint_interval=5, start_from_seed=0, max_checkpoints_to_keep=3, checkpoint_strategy='minimal', validate_checkpoints=True, device='cuda:0', save_model_name='JODIE_time2vec_seed0')
2025-10-08 10:08:21,162 - root - INFO - Metrics will be saved to: ./saved_metrics/JODIE/wikipedia/JODIE_time2vec_seed0
2025-10-08 10:08:21,163 - root - INFO - time encoder type: time2vec
2025-10-08 10:08:21,163 - root - INFO - Time encoder will be injected into JODIE model
2025-10-08 10:08:21,475 - root - INFO - model -> Sequential(
  (0): MemoryModel(
    (time_encoder): TimeEncoder(
      (w): Linear(in_features=1, out_features=100, bias=True)
    )
    (message_aggregator): MessageAggregator()
    (memory_bank): MemoryBank(num_nodes=9228, memory_dim=172)
    (memory_updater): RNNMemoryUpdater(
      (memory_bank): MemoryBank(num_nodes=9228, memory_dim=172)
      (memory_updater): RNNCell(616, 172)
    )
    (embedding_module): TimeProjectionEmbedding(
      (dropout): Dropout(p=0.1, inplace=False)
      (linear_layer): Linear(in_features=1, out_features=172, bias=True)
    )
  )
  (1): MergeLayer(
    (fc1): Linear(in_features=344, out_features=172, bias=True)
    (fc2): Linear(in_features=172, out_features=1, bias=True)
    (act): ReLU()
  )
)
2025-10-08 10:08:21,475 - root - INFO - model name: JODIE, #parameters: 783748 B, 765.37890625 KB, 0.7474403381347656 MB.
2025-10-08 10:08:23,181 - root - INFO - Epoch: 1, learning rate: 0.0001, train loss: 0.6788
2025-10-08 10:08:23,181 - root - INFO - train average_precision, 0.6180
2025-10-08 10:08:23,181 - root - INFO - train roc_auc, 0.6214
2025-10-08 10:08:23,181 - root - INFO - validate loss: 0.6481
2025-10-08 10:08:23,181 - root - INFO - validate average_precision, 0.6734
2025-10-08 10:08:23,181 - root - INFO - validate roc_auc, 0.7129
2025-10-08 10:08:23,181 - root - INFO - new node validate loss: 0.7026
2025-10-08 10:08:23,181 - root - INFO - new node validate average_precision, 0.5324
2025-10-08 10:08:23,182 - root - INFO - new node validate roc_auc, 0.4867
2025-10-08 10:08:23,192 - root - INFO - save model ./saved_models/JODIE/wikipedia/JODIE_time2vec_seed0/JODIE_time2vec_seed0.pkl
2025-10-08 10:08:24,376 - root - INFO - Epoch: 2, learning rate: 0.0001, train loss: 0.6381
2025-10-08 10:08:24,376 - root - INFO - train average_precision, 0.7269
2025-10-08 10:08:24,376 - root - INFO - train roc_auc, 0.7431
2025-10-08 10:08:24,376 - root - INFO - validate loss: 0.6068
2025-10-08 10:08:24,376 - root - INFO - validate average_precision, 0.6796
2025-10-08 10:08:24,377 - root - INFO - validate roc_auc, 0.7319
2025-10-08 10:08:24,377 - root - INFO - new node validate loss: 0.7238
2025-10-08 10:08:24,377 - root - INFO - new node validate average_precision, 0.5186
2025-10-08 10:08:24,377 - root - INFO - new node validate roc_auc, 0.4911
2025-10-08 10:08:24,381 - root - INFO - save model ./saved_models/JODIE/wikipedia/JODIE_time2vec_seed0/JODIE_time2vec_seed0.pkl
2025-10-08 10:08:24,676 - root - INFO - load model ./saved_models/JODIE/wikipedia/JODIE_time2vec_seed0/JODIE_time2vec_seed0.pkl
2025-10-08 10:08:24,976 - root - INFO - get final performance on dataset wikipedia...
2025-10-08 10:08:25,185 - root - INFO - test loss: 0.5813
2025-10-08 10:08:25,185 - root - INFO - test average_precision, 0.7094
2025-10-08 10:08:25,185 - root - INFO - test roc_auc, 0.7658
2025-10-08 10:08:25,185 - root - INFO - new node test loss: 0.6970
2025-10-08 10:08:25,185 - root - INFO - new node test average_precision, 0.5461
2025-10-08 10:08:25,185 - root - INFO - new node test roc_auc, 0.5632
2025-10-08 10:08:25,193 - root - INFO - ✅ Metrics saved to: ./saved_metrics/JODIE/wikipedia/JODIE_time2vec_seed0
2025-10-08 10:08:25,193 - root - INFO - Run 1 cost 4.04 seconds.
