2025-10-08 05:37:36,510 - root - INFO - ********** Run 2 starts. **********
2025-10-08 05:37:36,511 - root - INFO - configuration is Namespace(dataset_name='enron', batch_size=200, model_name='JODIE', gpu=0, num_neighbors=10, sample_neighbor_strategy='uniform', time_scaling_factor=1e-06, num_walk_heads=8, num_heads=2, num_layers=1, walk_length=1, time_gap=2000, time_feat_dim=100, position_feat_dim=172, time_window_mode='fixed_proportion', time_encoder_type='mercer', expert_dim=128, num_mixtures=16, sort_neighbors_by_time=False, patch_size=1, channel_embedding_dim=50, max_input_sequence_length=32, learning_rate=0.0001, dropout=0.1, gamma=0.5, num_epochs=2, optimizer='Adam', weight_decay=0.0, patience=20, val_ratio=0.15, test_ratio=0.15, num_runs=2, test_interval_epochs=100, negative_sample_strategy='random', max_interaction_times=10, load_best_configs=True, data_ratio=0.05, seed=1, save_model_name_suffix='', ablation_dir='', mamba_d_state=256, mamba_d_conv=4, mamba_expand=2, mamba_headdim=64, resume_from_checkpoint=None, save_checkpoints=True, checkpoint_interval=20, start_from_seed=0, max_checkpoints_to_keep=3, checkpoint_strategy='minimal', validate_checkpoints=True, device='cuda:0', save_model_name='JODIE_mercer_seed1')
2025-10-08 05:37:36,512 - root - INFO - Metrics will be saved to: ./saved_metrics/JODIE/enron/JODIE_mercer_seed1
2025-10-08 05:37:36,512 - root - INFO - time encoder type: mercer
2025-10-08 05:37:36,512 - root - INFO - Time encoder will be injected into JODIE model
2025-10-08 05:37:36,562 - root - INFO - model -> Sequential(
  (0): MemoryModel(
    (time_encoder): TimeEncoder(
      (w): Linear(in_features=1, out_features=100, bias=True)
    )
    (message_aggregator): MessageAggregator()
    (memory_bank): MemoryBank(num_nodes=185, memory_dim=172)
    (memory_updater): RNNMemoryUpdater(
      (memory_bank): MemoryBank(num_nodes=185, memory_dim=172)
      (memory_updater): RNNCell(616, 172)
    )
    (embedding_module): TimeProjectionEmbedding(
      (dropout): Dropout(p=0.1, inplace=False)
      (linear_layer): Linear(in_features=1, out_features=172, bias=True)
    )
  )
  (1): MergeLayer(
    (fc1): Linear(in_features=344, out_features=172, bias=True)
    (fc2): Linear(in_features=172, out_features=1, bias=True)
    (act): ReLU()
  )
)
2025-10-08 05:37:36,563 - root - INFO - model name: JODIE, #parameters: 783748 B, 765.37890625 KB, 0.7474403381347656 MB.
2025-10-08 05:37:36,864 - root - INFO - Epoch: 1, learning rate: 0.0001, train loss: 0.6815
2025-10-08 05:37:36,864 - root - INFO - train average_precision, 0.6130
2025-10-08 05:37:36,865 - root - INFO - train roc_auc, 0.6506
2025-10-08 05:37:36,865 - root - INFO - validate loss: 0.6747
2025-10-08 05:37:36,865 - root - INFO - validate average_precision, 0.6484
2025-10-08 05:37:36,865 - root - INFO - validate roc_auc, 0.6971
2025-10-08 05:37:36,865 - root - INFO - new node validate loss: 0.7021
2025-10-08 05:37:36,865 - root - INFO - new node validate average_precision, 0.4772
2025-10-08 05:37:36,865 - root - INFO - new node validate roc_auc, 0.4458
2025-10-08 05:37:36,875 - root - INFO - save model ./saved_models/JODIE/enron/JODIE_mercer_seed1/JODIE_mercer_seed1.pkl
2025-10-08 05:37:37,225 - root - INFO - Epoch: 2, learning rate: 0.0001, train loss: 0.6410
2025-10-08 05:37:37,225 - root - INFO - train average_precision, 0.7333
2025-10-08 05:37:37,225 - root - INFO - train roc_auc, 0.7809
2025-10-08 05:37:37,225 - root - INFO - validate loss: 0.6366
2025-10-08 05:37:37,225 - root - INFO - validate average_precision, 0.6738
2025-10-08 05:37:37,225 - root - INFO - validate roc_auc, 0.7468
2025-10-08 05:37:37,225 - root - INFO - new node validate loss: 0.7236
2025-10-08 05:37:37,225 - root - INFO - new node validate average_precision, 0.4699
2025-10-08 05:37:37,225 - root - INFO - new node validate roc_auc, 0.4388
2025-10-08 05:37:37,230 - root - INFO - save model ./saved_models/JODIE/enron/JODIE_mercer_seed1/JODIE_mercer_seed1.pkl
2025-10-08 05:37:37,295 - root - INFO - load model ./saved_models/JODIE/enron/JODIE_mercer_seed1/JODIE_mercer_seed1.pkl
2025-10-08 05:37:37,354 - root - INFO - get final performance on dataset enron...
2025-10-08 05:37:37,411 - root - INFO - test loss: 0.6532
2025-10-08 05:37:37,411 - root - INFO - test average_precision, 0.6829
2025-10-08 05:37:37,411 - root - INFO - test roc_auc, 0.7380
2025-10-08 05:37:37,411 - root - INFO - new node test loss: 0.6685
2025-10-08 05:37:37,411 - root - INFO - new node test average_precision, 0.6064
2025-10-08 05:37:37,411 - root - INFO - new node test roc_auc, 0.6330
2025-10-08 05:37:37,419 - root - INFO - ✅ Metrics saved to: ./saved_metrics/JODIE/enron/JODIE_mercer_seed1
2025-10-08 05:37:37,419 - root - INFO - Run 2 cost 0.91 seconds.
2025-10-08 05:37:37,422 - root - INFO - metrics over 2 runs:
2025-10-08 05:37:37,422 - root - INFO - test average_precision, [np.float64(0.6607968582503867), np.float64(0.682949108764914)]
2025-10-08 05:37:37,422 - root - INFO - average test average_precision, 0.6719 ± 0.0157
2025-10-08 05:37:37,423 - root - INFO - test roc_auc, [np.float64(0.7258044102104988), np.float64(0.7380353137828631)]
2025-10-08 05:37:37,423 - root - INFO - average test roc_auc, 0.7319 ± 0.0086
2025-10-08 05:37:37,423 - root - INFO - new node test average_precision, [np.float64(0.5796984382184598), np.float64(0.6063749389467876)]
2025-10-08 05:37:37,423 - root - INFO - average new node test average_precision, 0.5930 ± 0.0189
2025-10-08 05:37:37,423 - root - INFO - new node test roc_auc, [np.float64(0.6325739644970415), np.float64(0.6330473372781066)]
2025-10-08 05:37:37,423 - root - INFO - average new node test roc_auc, 0.6328 ± 0.0003
