2025-10-02 18:35:16,591 - root - INFO - ********** Run 2 starts. **********
2025-10-02 18:35:16,592 - root - INFO - configuration is Namespace(dataset_name='enron', batch_size=200, model_name='JODIE', gpu=0, num_neighbors=10, sample_neighbor_strategy='uniform', time_scaling_factor=1e-06, num_walk_heads=8, num_heads=2, num_layers=1, walk_length=1, time_gap=2000, time_feat_dim=128, position_feat_dim=172, time_window_mode='fixed_proportion', time_encoder_type='mercer', expert_dim=64, num_mixtures=4, patch_size=1, channel_embedding_dim=50, max_input_sequence_length=32, learning_rate=0.0001, dropout=0.1, gamma=0.5, num_epochs=100, optimizer='Adam', weight_decay=0.0, patience=20, val_ratio=0.15, test_ratio=0.15, num_runs=5, test_interval_epochs=1, negative_sample_strategy='random', max_interaction_times=10, load_best_configs=True, device='cuda:0', seed=1, save_model_name='JODIE_mercer_seed1')
2025-10-02 18:35:16,592 - root - INFO - time encoder type: mercer
2025-10-02 18:35:16,700 - root - INFO - model -> Sequential(
  (0): MemoryModel(
    (time_encoder): TimeEncoder(
      (w): Linear(in_features=1, out_features=128, bias=True)
    )
    (message_aggregator): MessageAggregator()
    (memory_bank): MemoryBank(num_nodes=185, memory_dim=172)
    (memory_updater): RNNMemoryUpdater(
      (memory_bank): MemoryBank(num_nodes=185, memory_dim=172)
      (memory_updater): RNNCell(644, 172)
    )
    (embedding_module): TimeProjectionEmbedding(
      (dropout): Dropout(p=0.1, inplace=False)
      (linear_layer): Linear(in_features=1, out_features=172, bias=True)
    )
  )
  (1): MergeLayer(
    (fc1): Linear(in_features=344, out_features=172, bias=True)
    (fc2): Linear(in_features=172, out_features=1, bias=True)
    (act): ReLU()
  )
)
2025-10-02 18:35:16,700 - root - INFO - model name: JODIE, #parameters: 803236 B, 784.41015625 KB, 0.7660255432128906 MB.
2025-10-02 18:35:21,850 - root - INFO - Epoch: 1, learning rate: 0.0001, train loss: 0.5416
2025-10-02 18:35:21,851 - root - INFO - train average_precision, 0.7373
2025-10-02 18:35:21,851 - root - INFO - train roc_auc, 0.8002
2025-10-02 18:35:21,851 - root - INFO - validate loss: 0.5862
2025-10-02 18:35:21,851 - root - INFO - validate average_precision, 0.6760
2025-10-02 18:35:21,851 - root - INFO - validate roc_auc, 0.7470
2025-10-02 18:35:21,851 - root - INFO - new node validate loss: 0.6407
2025-10-02 18:35:21,851 - root - INFO - new node validate average_precision, 0.6887
2025-10-02 18:35:21,851 - root - INFO - new node validate roc_auc, 0.7239
2025-10-02 18:35:22,688 - root - INFO - test loss: 0.5618
2025-10-02 18:35:22,688 - root - INFO - test average_precision, 0.7152
2025-10-02 18:35:22,688 - root - INFO - best test average_precision: 0.7152
2025-10-02 18:35:22,688 - root - INFO - test roc_auc, 0.7811
2025-10-02 18:35:22,689 - root - INFO - new node test loss: 0.6405
2025-10-02 18:35:22,689 - root - INFO - new node test average_precision, 0.7090
2025-10-02 18:35:22,689 - root - INFO - new node test roc_auc, 0.7366
2025-10-02 18:35:22,689 - root - INFO - save model ./saved_models/JODIE/enron/JODIE_mercer_seed1/JODIE_mercer_seed1.pkl
2025-10-02 18:35:27,942 - root - INFO - Epoch: 2, learning rate: 0.0001, train loss: 0.4910
2025-10-02 18:35:27,943 - root - INFO - train average_precision, 0.7728
2025-10-02 18:35:27,943 - root - INFO - train roc_auc, 0.8315
2025-10-02 18:35:27,943 - root - INFO - validate loss: 0.5310
2025-10-02 18:35:27,943 - root - INFO - validate average_precision, 0.7296
2025-10-02 18:35:27,943 - root - INFO - validate roc_auc, 0.7901
2025-10-02 18:35:27,943 - root - INFO - new node validate loss: 0.6226
2025-10-02 18:35:27,943 - root - INFO - new node validate average_precision, 0.7046
2025-10-02 18:35:27,943 - root - INFO - new node validate roc_auc, 0.7325
2025-10-02 18:35:28,778 - root - INFO - test loss: 0.5282
2025-10-02 18:35:28,778 - root - INFO - test average_precision, 0.7608
2025-10-02 18:35:28,779 - root - INFO - best test average_precision: 0.7608
2025-10-02 18:35:28,779 - root - INFO - test roc_auc, 0.8121
2025-10-02 18:35:28,779 - root - INFO - new node test loss: 0.6351
2025-10-02 18:35:28,779 - root - INFO - new node test average_precision, 0.7178
2025-10-02 18:35:28,779 - root - INFO - new node test roc_auc, 0.7372
2025-10-02 18:35:28,779 - root - INFO - save model ./saved_models/JODIE/enron/JODIE_mercer_seed1/JODIE_mercer_seed1.pkl
2025-10-02 18:35:34,028 - root - INFO - Epoch: 3, learning rate: 0.0001, train loss: 0.4339
2025-10-02 18:35:34,028 - root - INFO - train average_precision, 0.8442
2025-10-02 18:35:34,028 - root - INFO - train roc_auc, 0.8765
2025-10-02 18:35:34,028 - root - INFO - validate loss: 0.6011
2025-10-02 18:35:34,028 - root - INFO - validate average_precision, 0.6912
2025-10-02 18:35:34,028 - root - INFO - validate roc_auc, 0.7502
2025-10-02 18:35:34,028 - root - INFO - new node validate loss: 0.6594
2025-10-02 18:35:34,028 - root - INFO - new node validate average_precision, 0.7049
2025-10-02 18:35:34,028 - root - INFO - new node validate roc_auc, 0.7338
2025-10-02 18:35:34,858 - root - INFO - test loss: 0.5680
2025-10-02 18:35:34,858 - root - INFO - test average_precision, 0.7325
2025-10-02 18:35:34,858 - root - INFO - best test average_precision: 0.7608
2025-10-02 18:35:34,858 - root - INFO - test roc_auc, 0.7911
2025-10-02 18:35:34,858 - root - INFO - new node test loss: 0.6459
2025-10-02 18:35:34,858 - root - INFO - new node test average_precision, 0.7136
2025-10-02 18:35:34,858 - root - INFO - new node test roc_auc, 0.7441
2025-10-02 18:35:40,017 - root - INFO - Epoch: 4, learning rate: 0.0001, train loss: 0.4091
2025-10-02 18:35:40,017 - root - INFO - train average_precision, 0.8634
2025-10-02 18:35:40,017 - root - INFO - train roc_auc, 0.8921
2025-10-02 18:35:40,018 - root - INFO - validate loss: 0.5163
2025-10-02 18:35:40,018 - root - INFO - validate average_precision, 0.7969
2025-10-02 18:35:40,018 - root - INFO - validate roc_auc, 0.8311
2025-10-02 18:35:40,018 - root - INFO - new node validate loss: 0.6648
2025-10-02 18:35:40,018 - root - INFO - new node validate average_precision, 0.7437
2025-10-02 18:35:40,018 - root - INFO - new node validate roc_auc, 0.7641
2025-10-02 18:35:40,986 - root - INFO - test loss: 0.5320
2025-10-02 18:35:40,987 - root - INFO - test average_precision, 0.8012
2025-10-02 18:35:40,987 - root - INFO - best test average_precision: 0.8012
2025-10-02 18:35:40,987 - root - INFO - test roc_auc, 0.8402
2025-10-02 18:35:40,987 - root - INFO - new node test loss: 0.5812
2025-10-02 18:35:40,987 - root - INFO - new node test average_precision, 0.7783
2025-10-02 18:35:40,987 - root - INFO - new node test roc_auc, 0.8017
2025-10-02 18:35:40,987 - root - INFO - save model ./saved_models/JODIE/enron/JODIE_mercer_seed1/JODIE_mercer_seed1.pkl
2025-10-02 18:35:46,254 - root - INFO - Epoch: 5, learning rate: 0.0001, train loss: 0.3944
2025-10-02 18:35:46,255 - root - INFO - train average_precision, 0.8744
2025-10-02 18:35:46,255 - root - INFO - train roc_auc, 0.8994
2025-10-02 18:35:46,255 - root - INFO - validate loss: 0.6406
2025-10-02 18:35:46,255 - root - INFO - validate average_precision, 0.7109
2025-10-02 18:35:46,255 - root - INFO - validate roc_auc, 0.7639
2025-10-02 18:35:46,255 - root - INFO - new node validate loss: 0.7266
2025-10-02 18:35:46,255 - root - INFO - new node validate average_precision, 0.6974
2025-10-02 18:35:46,255 - root - INFO - new node validate roc_auc, 0.7250
2025-10-02 18:35:47,085 - root - INFO - test loss: 0.6452
2025-10-02 18:35:47,085 - root - INFO - test average_precision, 0.7322
2025-10-02 18:35:47,085 - root - INFO - best test average_precision: 0.8012
2025-10-02 18:35:47,085 - root - INFO - test roc_auc, 0.7917
2025-10-02 18:35:47,085 - root - INFO - new node test loss: 0.7347
2025-10-02 18:35:47,085 - root - INFO - new node test average_precision, 0.7253
2025-10-02 18:35:47,085 - root - INFO - new node test roc_auc, 0.7541
2025-10-02 18:35:52,180 - root - INFO - Epoch: 6, learning rate: 0.0001, train loss: 0.3942
2025-10-02 18:35:52,181 - root - INFO - train average_precision, 0.8789
2025-10-02 18:35:52,181 - root - INFO - train roc_auc, 0.8986
2025-10-02 18:35:52,181 - root - INFO - validate loss: 0.6852
2025-10-02 18:35:52,181 - root - INFO - validate average_precision, 0.7428
2025-10-02 18:35:52,181 - root - INFO - validate roc_auc, 0.7875
2025-10-02 18:35:52,181 - root - INFO - new node validate loss: 0.7004
2025-10-02 18:35:52,181 - root - INFO - new node validate average_precision, 0.7344
2025-10-02 18:35:52,181 - root - INFO - new node validate roc_auc, 0.7464
2025-10-02 18:35:53,012 - root - INFO - test loss: 0.7006
2025-10-02 18:35:53,012 - root - INFO - test average_precision, 0.7568
2025-10-02 18:35:53,012 - root - INFO - best test average_precision: 0.8012
2025-10-02 18:35:53,012 - root - INFO - test roc_auc, 0.8061
2025-10-02 18:35:53,012 - root - INFO - new node test loss: 0.7587
2025-10-02 18:35:53,012 - root - INFO - new node test average_precision, 0.7430
2025-10-02 18:35:53,012 - root - INFO - new node test roc_auc, 0.7576
2025-10-02 18:35:58,149 - root - INFO - Epoch: 7, learning rate: 0.0001, train loss: 0.3830
2025-10-02 18:35:58,149 - root - INFO - train average_precision, 0.8925
2025-10-02 18:35:58,149 - root - INFO - train roc_auc, 0.9074
2025-10-02 18:35:58,149 - root - INFO - validate loss: 0.9395
2025-10-02 18:35:58,150 - root - INFO - validate average_precision, 0.7606
2025-10-02 18:35:58,150 - root - INFO - validate roc_auc, 0.7956
2025-10-02 18:35:58,150 - root - INFO - new node validate loss: 0.6243
2025-10-02 18:35:58,150 - root - INFO - new node validate average_precision, 0.7741
2025-10-02 18:35:58,150 - root - INFO - new node validate roc_auc, 0.7891
2025-10-02 18:35:58,985 - root - INFO - test loss: 1.1338
2025-10-02 18:35:58,985 - root - INFO - test average_precision, 0.7622
2025-10-02 18:35:58,986 - root - INFO - best test average_precision: 0.8012
2025-10-02 18:35:58,986 - root - INFO - test roc_auc, 0.8066
2025-10-02 18:35:58,986 - root - INFO - new node test loss: 1.1190
2025-10-02 18:35:58,986 - root - INFO - new node test average_precision, 0.7348
2025-10-02 18:35:58,986 - root - INFO - new node test roc_auc, 0.7503
2025-10-02 18:36:04,151 - root - INFO - Epoch: 8, learning rate: 0.0001, train loss: 0.3807
2025-10-02 18:36:04,151 - root - INFO - train average_precision, 0.8929
2025-10-02 18:36:04,151 - root - INFO - train roc_auc, 0.9069
2025-10-02 18:36:04,151 - root - INFO - validate loss: 1.0988
2025-10-02 18:36:04,152 - root - INFO - validate average_precision, 0.7407
2025-10-02 18:36:04,152 - root - INFO - validate roc_auc, 0.7819
2025-10-02 18:36:04,152 - root - INFO - new node validate loss: 0.7976
2025-10-02 18:36:04,152 - root - INFO - new node validate average_precision, 0.7503
2025-10-02 18:36:04,152 - root - INFO - new node validate roc_auc, 0.7629
2025-10-02 18:36:04,988 - root - INFO - test loss: 1.1451
2025-10-02 18:36:04,988 - root - INFO - test average_precision, 0.7582
2025-10-02 18:36:04,989 - root - INFO - best test average_precision: 0.8012
2025-10-02 18:36:04,989 - root - INFO - test roc_auc, 0.8048
2025-10-02 18:36:04,989 - root - INFO - new node test loss: 1.1419
2025-10-02 18:36:04,989 - root - INFO - new node test average_precision, 0.7378
2025-10-02 18:36:04,989 - root - INFO - new node test roc_auc, 0.7550
2025-10-02 18:36:10,109 - root - INFO - Epoch: 9, learning rate: 0.0001, train loss: 0.4081
2025-10-02 18:36:10,109 - root - INFO - train average_precision, 0.8654
2025-10-02 18:36:10,109 - root - INFO - train roc_auc, 0.8903
2025-10-02 18:36:10,109 - root - INFO - validate loss: 0.6043
2025-10-02 18:36:10,109 - root - INFO - validate average_precision, 0.6993
2025-10-02 18:36:10,109 - root - INFO - validate roc_auc, 0.7642
2025-10-02 18:36:10,109 - root - INFO - new node validate loss: 0.6907
2025-10-02 18:36:10,109 - root - INFO - new node validate average_precision, 0.7069
2025-10-02 18:36:10,109 - root - INFO - new node validate roc_auc, 0.7273
2025-10-02 18:36:10,939 - root - INFO - test loss: 0.5680
2025-10-02 18:36:10,939 - root - INFO - test average_precision, 0.7328
2025-10-02 18:36:10,939 - root - INFO - best test average_precision: 0.8012
2025-10-02 18:36:10,939 - root - INFO - test roc_auc, 0.7968
2025-10-02 18:36:10,939 - root - INFO - new node test loss: 0.6646
2025-10-02 18:36:10,939 - root - INFO - new node test average_precision, 0.7207
2025-10-02 18:36:10,939 - root - INFO - new node test roc_auc, 0.7545
2025-10-02 18:36:16,286 - root - INFO - Epoch: 10, learning rate: 0.0001, train loss: 0.4061
2025-10-02 18:36:16,286 - root - INFO - train average_precision, 0.8632
2025-10-02 18:36:16,286 - root - INFO - train roc_auc, 0.8922
2025-10-02 18:36:16,286 - root - INFO - validate loss: 0.6754
2025-10-02 18:36:16,286 - root - INFO - validate average_precision, 0.7440
2025-10-02 18:36:16,286 - root - INFO - validate roc_auc, 0.7856
2025-10-02 18:36:16,286 - root - INFO - new node validate loss: 0.7130
2025-10-02 18:36:16,286 - root - INFO - new node validate average_precision, 0.7356
2025-10-02 18:36:16,286 - root - INFO - new node validate roc_auc, 0.7421
2025-10-02 18:36:17,117 - root - INFO - test loss: 0.6817
2025-10-02 18:36:17,117 - root - INFO - test average_precision, 0.7571
2025-10-02 18:36:17,117 - root - INFO - best test average_precision: 0.8012
2025-10-02 18:36:17,117 - root - INFO - test roc_auc, 0.8075
2025-10-02 18:36:17,117 - root - INFO - new node test loss: 0.7705
2025-10-02 18:36:17,117 - root - INFO - new node test average_precision, 0.7253
2025-10-02 18:36:17,117 - root - INFO - new node test roc_auc, 0.7540
2025-10-02 18:36:22,230 - root - INFO - Epoch: 11, learning rate: 0.0001, train loss: 0.3861
2025-10-02 18:36:22,230 - root - INFO - train average_precision, 0.8867
2025-10-02 18:36:22,231 - root - INFO - train roc_auc, 0.9048
2025-10-02 18:36:22,231 - root - INFO - validate loss: 0.6075
2025-10-02 18:36:22,231 - root - INFO - validate average_precision, 0.7220
2025-10-02 18:36:22,231 - root - INFO - validate roc_auc, 0.7741
2025-10-02 18:36:22,231 - root - INFO - new node validate loss: 0.6957
2025-10-02 18:36:22,231 - root - INFO - new node validate average_precision, 0.7077
2025-10-02 18:36:22,231 - root - INFO - new node validate roc_auc, 0.7279
2025-10-02 18:36:23,060 - root - INFO - test loss: 0.6062
2025-10-02 18:36:23,060 - root - INFO - test average_precision, 0.7259
2025-10-02 18:36:23,060 - root - INFO - best test average_precision: 0.8012
2025-10-02 18:36:23,060 - root - INFO - test roc_auc, 0.7837
2025-10-02 18:36:23,060 - root - INFO - new node test loss: 0.7094
2025-10-02 18:36:23,060 - root - INFO - new node test average_precision, 0.6963
2025-10-02 18:36:23,061 - root - INFO - new node test roc_auc, 0.7324
2025-10-02 18:36:28,178 - root - INFO - Epoch: 12, learning rate: 0.0001, train loss: 0.3983
2025-10-02 18:36:28,178 - root - INFO - train average_precision, 0.8748
2025-10-02 18:36:28,178 - root - INFO - train roc_auc, 0.8968
2025-10-02 18:36:28,178 - root - INFO - validate loss: 0.4774
2025-10-02 18:36:28,178 - root - INFO - validate average_precision, 0.8285
2025-10-02 18:36:28,178 - root - INFO - validate roc_auc, 0.8580
2025-10-02 18:36:28,178 - root - INFO - new node validate loss: 0.7303
2025-10-02 18:36:28,178 - root - INFO - new node validate average_precision, 0.7331
2025-10-02 18:36:28,178 - root - INFO - new node validate roc_auc, 0.7445
2025-10-02 18:36:29,008 - root - INFO - test loss: 0.4836
2025-10-02 18:36:29,008 - root - INFO - test average_precision, 0.8312
2025-10-02 18:36:29,008 - root - INFO - best test average_precision: 0.8312
2025-10-02 18:36:29,009 - root - INFO - test roc_auc, 0.8628
2025-10-02 18:36:29,009 - root - INFO - new node test loss: 0.5499
2025-10-02 18:36:29,009 - root - INFO - new node test average_precision, 0.7856
2025-10-02 18:36:29,009 - root - INFO - new node test roc_auc, 0.8092
2025-10-02 18:36:29,009 - root - INFO - save model ./saved_models/JODIE/enron/JODIE_mercer_seed1/JODIE_mercer_seed1.pkl
2025-10-02 18:36:34,299 - root - INFO - Epoch: 13, learning rate: 0.0001, train loss: 0.3815
2025-10-02 18:36:34,299 - root - INFO - train average_precision, 0.8873
2025-10-02 18:36:34,299 - root - INFO - train roc_auc, 0.9069
2025-10-02 18:36:34,299 - root - INFO - validate loss: 0.6062
2025-10-02 18:36:34,299 - root - INFO - validate average_precision, 0.7084
2025-10-02 18:36:34,299 - root - INFO - validate roc_auc, 0.7609
2025-10-02 18:36:34,299 - root - INFO - new node validate loss: 0.6847
2025-10-02 18:36:34,299 - root - INFO - new node validate average_precision, 0.7106
2025-10-02 18:36:34,299 - root - INFO - new node validate roc_auc, 0.7300
2025-10-02 18:36:35,134 - root - INFO - test loss: 0.5803
2025-10-02 18:36:35,134 - root - INFO - test average_precision, 0.7368
2025-10-02 18:36:35,134 - root - INFO - best test average_precision: 0.8312
2025-10-02 18:36:35,134 - root - INFO - test roc_auc, 0.7944
2025-10-02 18:36:35,134 - root - INFO - new node test loss: 0.6691
2025-10-02 18:36:35,134 - root - INFO - new node test average_precision, 0.7245
2025-10-02 18:36:35,134 - root - INFO - new node test roc_auc, 0.7575
2025-10-02 18:36:40,239 - root - INFO - Epoch: 14, learning rate: 0.0001, train loss: 0.3901
2025-10-02 18:36:40,240 - root - INFO - train average_precision, 0.8782
2025-10-02 18:36:40,240 - root - INFO - train roc_auc, 0.9018
2025-10-02 18:36:40,240 - root - INFO - validate loss: 0.6446
2025-10-02 18:36:40,240 - root - INFO - validate average_precision, 0.7716
2025-10-02 18:36:40,240 - root - INFO - validate roc_auc, 0.8088
2025-10-02 18:36:40,240 - root - INFO - new node validate loss: 0.6221
2025-10-02 18:36:40,240 - root - INFO - new node validate average_precision, 0.7655
2025-10-02 18:36:40,240 - root - INFO - new node validate roc_auc, 0.7764
2025-10-02 18:36:41,071 - root - INFO - test loss: 0.7094
2025-10-02 18:36:41,071 - root - INFO - test average_precision, 0.7657
2025-10-02 18:36:41,071 - root - INFO - best test average_precision: 0.8312
2025-10-02 18:36:41,071 - root - INFO - test roc_auc, 0.8140
2025-10-02 18:36:41,071 - root - INFO - new node test loss: 0.7530
2025-10-02 18:36:41,071 - root - INFO - new node test average_precision, 0.7382
2025-10-02 18:36:41,071 - root - INFO - new node test roc_auc, 0.7573
2025-10-02 18:36:46,228 - root - INFO - Epoch: 15, learning rate: 0.0001, train loss: 0.3827
2025-10-02 18:36:46,229 - root - INFO - train average_precision, 0.8849
2025-10-02 18:36:46,229 - root - INFO - train roc_auc, 0.9061
2025-10-02 18:36:46,229 - root - INFO - validate loss: 0.5665
2025-10-02 18:36:46,229 - root - INFO - validate average_precision, 0.8088
2025-10-02 18:36:46,229 - root - INFO - validate roc_auc, 0.8374
2025-10-02 18:36:46,229 - root - INFO - new node validate loss: 0.6550
2025-10-02 18:36:46,229 - root - INFO - new node validate average_precision, 0.7490
2025-10-02 18:36:46,229 - root - INFO - new node validate roc_auc, 0.7606
2025-10-02 18:36:47,059 - root - INFO - test loss: 0.6642
2025-10-02 18:36:47,060 - root - INFO - test average_precision, 0.7683
2025-10-02 18:36:47,060 - root - INFO - best test average_precision: 0.8312
2025-10-02 18:36:47,060 - root - INFO - test roc_auc, 0.8150
2025-10-02 18:36:47,060 - root - INFO - new node test loss: 0.6406
2025-10-02 18:36:47,060 - root - INFO - new node test average_precision, 0.7698
2025-10-02 18:36:47,060 - root - INFO - new node test roc_auc, 0.7897
2025-10-02 18:36:52,285 - root - INFO - Epoch: 16, learning rate: 0.0001, train loss: 0.3886
2025-10-02 18:36:52,285 - root - INFO - train average_precision, 0.8849
2025-10-02 18:36:52,285 - root - INFO - train roc_auc, 0.9030
2025-10-02 18:36:52,285 - root - INFO - validate loss: 0.5713
2025-10-02 18:36:52,285 - root - INFO - validate average_precision, 0.7190
2025-10-02 18:36:52,286 - root - INFO - validate roc_auc, 0.7736
2025-10-02 18:36:52,286 - root - INFO - new node validate loss: 0.6434
2025-10-02 18:36:52,286 - root - INFO - new node validate average_precision, 0.7350
2025-10-02 18:36:52,286 - root - INFO - new node validate roc_auc, 0.7509
2025-10-02 18:36:53,117 - root - INFO - test loss: 0.5483
2025-10-02 18:36:53,117 - root - INFO - test average_precision, 0.7373
2025-10-02 18:36:53,117 - root - INFO - best test average_precision: 0.8312
2025-10-02 18:36:53,117 - root - INFO - test roc_auc, 0.7955
2025-10-02 18:36:53,117 - root - INFO - new node test loss: 0.6277
2025-10-02 18:36:53,117 - root - INFO - new node test average_precision, 0.7226
2025-10-02 18:36:53,117 - root - INFO - new node test roc_auc, 0.7452
2025-10-02 18:36:58,279 - root - INFO - Epoch: 17, learning rate: 0.0001, train loss: 0.3736
2025-10-02 18:36:58,279 - root - INFO - train average_precision, 0.8908
2025-10-02 18:36:58,279 - root - INFO - train roc_auc, 0.9097
2025-10-02 18:36:58,279 - root - INFO - validate loss: 0.5402
2025-10-02 18:36:58,279 - root - INFO - validate average_precision, 0.7731
2025-10-02 18:36:58,279 - root - INFO - validate roc_auc, 0.8161
2025-10-02 18:36:58,279 - root - INFO - new node validate loss: 0.6925
2025-10-02 18:36:58,280 - root - INFO - new node validate average_precision, 0.7305
2025-10-02 18:36:58,280 - root - INFO - new node validate roc_auc, 0.7433
2025-10-02 18:36:59,109 - root - INFO - test loss: 0.5204
2025-10-02 18:36:59,109 - root - INFO - test average_precision, 0.7877
2025-10-02 18:36:59,109 - root - INFO - best test average_precision: 0.8312
2025-10-02 18:36:59,109 - root - INFO - test roc_auc, 0.8306
2025-10-02 18:36:59,109 - root - INFO - new node test loss: 0.5753
2025-10-02 18:36:59,109 - root - INFO - new node test average_precision, 0.7904
2025-10-02 18:36:59,109 - root - INFO - new node test roc_auc, 0.8055
2025-10-02 18:37:04,290 - root - INFO - Epoch: 18, learning rate: 0.0001, train loss: 0.3842
2025-10-02 18:37:04,290 - root - INFO - train average_precision, 0.8808
2025-10-02 18:37:04,290 - root - INFO - train roc_auc, 0.9020
2025-10-02 18:37:04,290 - root - INFO - validate loss: 0.5605
2025-10-02 18:37:04,290 - root - INFO - validate average_precision, 0.7655
2025-10-02 18:37:04,290 - root - INFO - validate roc_auc, 0.8089
2025-10-02 18:37:04,290 - root - INFO - new node validate loss: 0.7323
2025-10-02 18:37:04,290 - root - INFO - new node validate average_precision, 0.7117
2025-10-02 18:37:04,290 - root - INFO - new node validate roc_auc, 0.7184
2025-10-02 18:37:05,120 - root - INFO - test loss: 0.6355
2025-10-02 18:37:05,120 - root - INFO - test average_precision, 0.8003
2025-10-02 18:37:05,120 - root - INFO - best test average_precision: 0.8312
2025-10-02 18:37:05,120 - root - INFO - test roc_auc, 0.8280
2025-10-02 18:37:05,121 - root - INFO - new node test loss: 0.7356
2025-10-02 18:37:05,121 - root - INFO - new node test average_precision, 0.7117
2025-10-02 18:37:05,121 - root - INFO - new node test roc_auc, 0.7250
2025-10-02 18:37:10,307 - root - INFO - Epoch: 19, learning rate: 0.0001, train loss: 0.3943
2025-10-02 18:37:10,308 - root - INFO - train average_precision, 0.8780
2025-10-02 18:37:10,308 - root - INFO - train roc_auc, 0.8999
2025-10-02 18:37:10,308 - root - INFO - validate loss: 0.7780
2025-10-02 18:37:10,308 - root - INFO - validate average_precision, 0.7464
2025-10-02 18:37:10,308 - root - INFO - validate roc_auc, 0.7937
2025-10-02 18:37:10,308 - root - INFO - new node validate loss: 0.7483
2025-10-02 18:37:10,308 - root - INFO - new node validate average_precision, 0.7621
2025-10-02 18:37:10,308 - root - INFO - new node validate roc_auc, 0.7611
2025-10-02 18:37:11,137 - root - INFO - test loss: 0.7775
2025-10-02 18:37:11,137 - root - INFO - test average_precision, 0.7643
2025-10-02 18:37:11,137 - root - INFO - best test average_precision: 0.8312
2025-10-02 18:37:11,137 - root - INFO - test roc_auc, 0.8140
2025-10-02 18:37:11,137 - root - INFO - new node test loss: 0.8780
2025-10-02 18:37:11,137 - root - INFO - new node test average_precision, 0.7499
2025-10-02 18:37:11,137 - root - INFO - new node test roc_auc, 0.7689
2025-10-02 18:37:16,316 - root - INFO - Epoch: 20, learning rate: 0.0001, train loss: 0.3769
2025-10-02 18:37:16,316 - root - INFO - train average_precision, 0.8882
2025-10-02 18:37:16,317 - root - INFO - train roc_auc, 0.9091
2025-10-02 18:37:16,317 - root - INFO - validate loss: 0.6609
2025-10-02 18:37:16,317 - root - INFO - validate average_precision, 0.8085
2025-10-02 18:37:16,317 - root - INFO - validate roc_auc, 0.8382
2025-10-02 18:37:16,317 - root - INFO - new node validate loss: 0.6483
2025-10-02 18:37:16,317 - root - INFO - new node validate average_precision, 0.7753
2025-10-02 18:37:16,317 - root - INFO - new node validate roc_auc, 0.7858
2025-10-02 18:37:17,147 - root - INFO - test loss: 0.7583
2025-10-02 18:37:17,147 - root - INFO - test average_precision, 0.7793
2025-10-02 18:37:17,147 - root - INFO - best test average_precision: 0.8312
2025-10-02 18:37:17,147 - root - INFO - test roc_auc, 0.8220
2025-10-02 18:37:17,147 - root - INFO - new node test loss: 0.7960
2025-10-02 18:37:17,147 - root - INFO - new node test average_precision, 0.7584
2025-10-02 18:37:17,147 - root - INFO - new node test roc_auc, 0.7758
2025-10-02 18:37:22,337 - root - INFO - Epoch: 21, learning rate: 0.0001, train loss: 0.3677
2025-10-02 18:37:22,337 - root - INFO - train average_precision, 0.8966
2025-10-02 18:37:22,337 - root - INFO - train roc_auc, 0.9136
2025-10-02 18:37:22,337 - root - INFO - validate loss: 0.6278
2025-10-02 18:37:22,337 - root - INFO - validate average_precision, 0.7969
2025-10-02 18:37:22,337 - root - INFO - validate roc_auc, 0.8313
2025-10-02 18:37:22,337 - root - INFO - new node validate loss: 0.9160
2025-10-02 18:37:22,337 - root - INFO - new node validate average_precision, 0.7293
2025-10-02 18:37:22,337 - root - INFO - new node validate roc_auc, 0.7474
2025-10-02 18:37:23,170 - root - INFO - test loss: 0.5127
2025-10-02 18:37:23,170 - root - INFO - test average_precision, 0.8294
2025-10-02 18:37:23,170 - root - INFO - best test average_precision: 0.8312
2025-10-02 18:37:23,171 - root - INFO - test roc_auc, 0.8606
2025-10-02 18:37:23,171 - root - INFO - new node test loss: 0.6567
2025-10-02 18:37:23,171 - root - INFO - new node test average_precision, 0.7871
2025-10-02 18:37:23,171 - root - INFO - new node test roc_auc, 0.7926
2025-10-02 18:37:28,430 - root - INFO - Epoch: 22, learning rate: 0.0001, train loss: 0.3871
2025-10-02 18:37:28,431 - root - INFO - train average_precision, 0.8845
2025-10-02 18:37:28,431 - root - INFO - train roc_auc, 0.9020
2025-10-02 18:37:28,431 - root - INFO - validate loss: 0.5382
2025-10-02 18:37:28,431 - root - INFO - validate average_precision, 0.8019
2025-10-02 18:37:28,431 - root - INFO - validate roc_auc, 0.8337
2025-10-02 18:37:28,431 - root - INFO - new node validate loss: 0.6374
2025-10-02 18:37:28,431 - root - INFO - new node validate average_precision, 0.7282
2025-10-02 18:37:28,431 - root - INFO - new node validate roc_auc, 0.7611
2025-10-02 18:37:29,262 - root - INFO - test loss: 0.5812
2025-10-02 18:37:29,263 - root - INFO - test average_precision, 0.7943
2025-10-02 18:37:29,263 - root - INFO - best test average_precision: 0.8312
2025-10-02 18:37:29,263 - root - INFO - test roc_auc, 0.8242
2025-10-02 18:37:29,263 - root - INFO - new node test loss: 0.6333
2025-10-02 18:37:29,263 - root - INFO - new node test average_precision, 0.7874
2025-10-02 18:37:29,263 - root - INFO - new node test roc_auc, 0.7952
2025-10-02 18:37:34,435 - root - INFO - Epoch: 23, learning rate: 0.0001, train loss: 0.3810
2025-10-02 18:37:34,435 - root - INFO - train average_precision, 0.8841
2025-10-02 18:37:34,435 - root - INFO - train roc_auc, 0.9063
2025-10-02 18:37:34,435 - root - INFO - validate loss: 0.6331
2025-10-02 18:37:34,435 - root - INFO - validate average_precision, 0.7960
2025-10-02 18:37:34,435 - root - INFO - validate roc_auc, 0.8241
2025-10-02 18:37:34,435 - root - INFO - new node validate loss: 0.6039
2025-10-02 18:37:34,435 - root - INFO - new node validate average_precision, 0.7609
2025-10-02 18:37:34,435 - root - INFO - new node validate roc_auc, 0.7769
2025-10-02 18:37:35,267 - root - INFO - test loss: 0.6954
2025-10-02 18:37:35,267 - root - INFO - test average_precision, 0.7997
2025-10-02 18:37:35,267 - root - INFO - best test average_precision: 0.8312
2025-10-02 18:37:35,267 - root - INFO - test roc_auc, 0.8359
2025-10-02 18:37:35,267 - root - INFO - new node test loss: 0.6868
2025-10-02 18:37:35,267 - root - INFO - new node test average_precision, 0.7762
2025-10-02 18:37:35,267 - root - INFO - new node test roc_auc, 0.7923
2025-10-02 18:37:40,465 - root - INFO - Epoch: 24, learning rate: 0.0001, train loss: 0.3619
2025-10-02 18:37:40,465 - root - INFO - train average_precision, 0.8966
2025-10-02 18:37:40,465 - root - INFO - train roc_auc, 0.9142
2025-10-02 18:37:40,465 - root - INFO - validate loss: 0.6949
2025-10-02 18:37:40,465 - root - INFO - validate average_precision, 0.7985
2025-10-02 18:37:40,465 - root - INFO - validate roc_auc, 0.8333
2025-10-02 18:37:40,465 - root - INFO - new node validate loss: 0.6653
2025-10-02 18:37:40,465 - root - INFO - new node validate average_precision, 0.7735
2025-10-02 18:37:40,465 - root - INFO - new node validate roc_auc, 0.7840
2025-10-02 18:37:41,295 - root - INFO - test loss: 0.7106
2025-10-02 18:37:41,295 - root - INFO - test average_precision, 0.8160
2025-10-02 18:37:41,295 - root - INFO - best test average_precision: 0.8312
2025-10-02 18:37:41,295 - root - INFO - test roc_auc, 0.8528
2025-10-02 18:37:41,295 - root - INFO - new node test loss: 0.6954
2025-10-02 18:37:41,295 - root - INFO - new node test average_precision, 0.8130
2025-10-02 18:37:41,295 - root - INFO - new node test roc_auc, 0.8203
2025-10-02 18:37:46,564 - root - INFO - Epoch: 25, learning rate: 0.0001, train loss: 0.3695
2025-10-02 18:37:46,564 - root - INFO - train average_precision, 0.8918
2025-10-02 18:37:46,564 - root - INFO - train roc_auc, 0.9109
2025-10-02 18:37:46,564 - root - INFO - validate loss: 0.7143
2025-10-02 18:37:46,564 - root - INFO - validate average_precision, 0.7445
2025-10-02 18:37:46,565 - root - INFO - validate roc_auc, 0.7897
2025-10-02 18:37:46,565 - root - INFO - new node validate loss: 0.8081
2025-10-02 18:37:46,565 - root - INFO - new node validate average_precision, 0.7175
2025-10-02 18:37:46,565 - root - INFO - new node validate roc_auc, 0.7350
2025-10-02 18:37:47,402 - root - INFO - test loss: 0.7343
2025-10-02 18:37:47,402 - root - INFO - test average_precision, 0.7585
2025-10-02 18:37:47,402 - root - INFO - best test average_precision: 0.8312
2025-10-02 18:37:47,402 - root - INFO - test roc_auc, 0.8126
2025-10-02 18:37:47,402 - root - INFO - new node test loss: 0.8866
2025-10-02 18:37:47,402 - root - INFO - new node test average_precision, 0.7423
2025-10-02 18:37:47,402 - root - INFO - new node test roc_auc, 0.7695
2025-10-02 18:37:52,527 - root - INFO - Epoch: 26, learning rate: 0.0001, train loss: 0.3651
2025-10-02 18:37:52,528 - root - INFO - train average_precision, 0.8939
2025-10-02 18:37:52,528 - root - INFO - train roc_auc, 0.9128
2025-10-02 18:37:52,528 - root - INFO - validate loss: 0.7860
2025-10-02 18:37:52,528 - root - INFO - validate average_precision, 0.7660
2025-10-02 18:37:52,528 - root - INFO - validate roc_auc, 0.8077
2025-10-02 18:37:52,528 - root - INFO - new node validate loss: 0.8984
2025-10-02 18:37:52,528 - root - INFO - new node validate average_precision, 0.7453
2025-10-02 18:37:52,528 - root - INFO - new node validate roc_auc, 0.7618
2025-10-02 18:37:53,363 - root - INFO - test loss: 0.7909
2025-10-02 18:37:53,363 - root - INFO - test average_precision, 0.7767
2025-10-02 18:37:53,363 - root - INFO - best test average_precision: 0.8312
2025-10-02 18:37:53,363 - root - INFO - test roc_auc, 0.8220
2025-10-02 18:37:53,363 - root - INFO - new node test loss: 0.8084
2025-10-02 18:37:53,363 - root - INFO - new node test average_precision, 0.7535
2025-10-02 18:37:53,363 - root - INFO - new node test roc_auc, 0.7766
2025-10-02 18:37:58,584 - root - INFO - Epoch: 27, learning rate: 0.0001, train loss: 0.3611
2025-10-02 18:37:58,584 - root - INFO - train average_precision, 0.8983
2025-10-02 18:37:58,584 - root - INFO - train roc_auc, 0.9157
2025-10-02 18:37:58,584 - root - INFO - validate loss: 0.5248
2025-10-02 18:37:58,584 - root - INFO - validate average_precision, 0.7773
2025-10-02 18:37:58,584 - root - INFO - validate roc_auc, 0.8143
2025-10-02 18:37:58,584 - root - INFO - new node validate loss: 0.6657
2025-10-02 18:37:58,585 - root - INFO - new node validate average_precision, 0.6961
2025-10-02 18:37:58,585 - root - INFO - new node validate roc_auc, 0.7169
2025-10-02 18:37:59,419 - root - INFO - test loss: 0.5791
2025-10-02 18:37:59,419 - root - INFO - test average_precision, 0.7249
2025-10-02 18:37:59,419 - root - INFO - best test average_precision: 0.8312
2025-10-02 18:37:59,419 - root - INFO - test roc_auc, 0.7821
2025-10-02 18:37:59,419 - root - INFO - new node test loss: 0.6200
2025-10-02 18:37:59,419 - root - INFO - new node test average_precision, 0.7249
2025-10-02 18:37:59,419 - root - INFO - new node test roc_auc, 0.7456
2025-10-02 18:38:04,631 - root - INFO - Epoch: 28, learning rate: 0.0001, train loss: 0.3835
2025-10-02 18:38:04,631 - root - INFO - train average_precision, 0.8823
2025-10-02 18:38:04,631 - root - INFO - train roc_auc, 0.9043
2025-10-02 18:38:04,631 - root - INFO - validate loss: 0.6297
2025-10-02 18:38:04,631 - root - INFO - validate average_precision, 0.7840
2025-10-02 18:38:04,632 - root - INFO - validate roc_auc, 0.8217
2025-10-02 18:38:04,632 - root - INFO - new node validate loss: 0.6284
2025-10-02 18:38:04,632 - root - INFO - new node validate average_precision, 0.7276
2025-10-02 18:38:04,632 - root - INFO - new node validate roc_auc, 0.7396
2025-10-02 18:38:05,463 - root - INFO - test loss: 0.6810
2025-10-02 18:38:05,463 - root - INFO - test average_precision, 0.7797
2025-10-02 18:38:05,463 - root - INFO - best test average_precision: 0.8312
2025-10-02 18:38:05,463 - root - INFO - test roc_auc, 0.8259
2025-10-02 18:38:05,463 - root - INFO - new node test loss: 0.7142
2025-10-02 18:38:05,463 - root - INFO - new node test average_precision, 0.7694
2025-10-02 18:38:05,463 - root - INFO - new node test roc_auc, 0.7839
2025-10-02 18:38:10,640 - root - INFO - Epoch: 29, learning rate: 0.0001, train loss: 0.3468
2025-10-02 18:38:10,641 - root - INFO - train average_precision, 0.9082
2025-10-02 18:38:10,641 - root - INFO - train roc_auc, 0.9221
2025-10-02 18:38:10,641 - root - INFO - validate loss: 0.7503
2025-10-02 18:38:10,641 - root - INFO - validate average_precision, 0.8144
2025-10-02 18:38:10,641 - root - INFO - validate roc_auc, 0.8425
2025-10-02 18:38:10,641 - root - INFO - new node validate loss: 0.8355
2025-10-02 18:38:10,641 - root - INFO - new node validate average_precision, 0.7609
2025-10-02 18:38:10,641 - root - INFO - new node validate roc_auc, 0.7729
2025-10-02 18:38:11,477 - root - INFO - test loss: 0.7047
2025-10-02 18:38:11,477 - root - INFO - test average_precision, 0.8320
2025-10-02 18:38:11,477 - root - INFO - best test average_precision: 0.8320
2025-10-02 18:38:11,477 - root - INFO - test roc_auc, 0.8697
2025-10-02 18:38:11,477 - root - INFO - new node test loss: 0.7636
2025-10-02 18:38:11,477 - root - INFO - new node test average_precision, 0.7982
2025-10-02 18:38:11,477 - root - INFO - new node test roc_auc, 0.8193
2025-10-02 18:38:16,576 - root - INFO - Epoch: 30, learning rate: 0.0001, train loss: 0.3545
2025-10-02 18:38:16,576 - root - INFO - train average_precision, 0.9051
2025-10-02 18:38:16,576 - root - INFO - train roc_auc, 0.9188
2025-10-02 18:38:16,576 - root - INFO - validate loss: 0.5994
2025-10-02 18:38:16,576 - root - INFO - validate average_precision, 0.8073
2025-10-02 18:38:16,576 - root - INFO - validate roc_auc, 0.8433
2025-10-02 18:38:16,576 - root - INFO - new node validate loss: 0.6304
2025-10-02 18:38:16,576 - root - INFO - new node validate average_precision, 0.7421
2025-10-02 18:38:16,576 - root - INFO - new node validate roc_auc, 0.7586
2025-10-02 18:38:17,411 - root - INFO - test loss: 0.8095
2025-10-02 18:38:17,411 - root - INFO - test average_precision, 0.7789
2025-10-02 18:38:17,411 - root - INFO - best test average_precision: 0.8320
2025-10-02 18:38:17,411 - root - INFO - test roc_auc, 0.8237
2025-10-02 18:38:17,411 - root - INFO - new node test loss: 0.8516
2025-10-02 18:38:17,412 - root - INFO - new node test average_precision, 0.7585
2025-10-02 18:38:17,412 - root - INFO - new node test roc_auc, 0.7761
2025-10-02 18:38:22,542 - root - INFO - Epoch: 31, learning rate: 0.0001, train loss: 0.3630
2025-10-02 18:38:22,542 - root - INFO - train average_precision, 0.9025
2025-10-02 18:38:22,542 - root - INFO - train roc_auc, 0.9139
2025-10-02 18:38:22,542 - root - INFO - validate loss: 0.7556
2025-10-02 18:38:22,542 - root - INFO - validate average_precision, 0.7432
2025-10-02 18:38:22,542 - root - INFO - validate roc_auc, 0.7936
2025-10-02 18:38:22,542 - root - INFO - new node validate loss: 0.6460
2025-10-02 18:38:22,542 - root - INFO - new node validate average_precision, 0.7595
2025-10-02 18:38:22,542 - root - INFO - new node validate roc_auc, 0.7808
2025-10-02 18:38:23,372 - root - INFO - test loss: 0.7760
2025-10-02 18:38:23,372 - root - INFO - test average_precision, 0.7557
2025-10-02 18:38:23,372 - root - INFO - best test average_precision: 0.8320
2025-10-02 18:38:23,372 - root - INFO - test roc_auc, 0.8111
2025-10-02 18:38:23,372 - root - INFO - new node test loss: 0.8896
2025-10-02 18:38:23,372 - root - INFO - new node test average_precision, 0.6794
2025-10-02 18:38:23,372 - root - INFO - new node test roc_auc, 0.7067
2025-10-02 18:38:28,459 - root - INFO - Epoch: 32, learning rate: 0.0001, train loss: 0.3826
2025-10-02 18:38:28,459 - root - INFO - train average_precision, 0.8776
2025-10-02 18:38:28,459 - root - INFO - train roc_auc, 0.9019
2025-10-02 18:38:28,459 - root - INFO - validate loss: 0.9971
2025-10-02 18:38:28,459 - root - INFO - validate average_precision, 0.7474
2025-10-02 18:38:28,459 - root - INFO - validate roc_auc, 0.7913
2025-10-02 18:38:28,459 - root - INFO - new node validate loss: 0.8598
2025-10-02 18:38:28,460 - root - INFO - new node validate average_precision, 0.7506
2025-10-02 18:38:28,460 - root - INFO - new node validate roc_auc, 0.7616
2025-10-02 18:38:29,286 - root - INFO - test loss: 1.0517
2025-10-02 18:38:29,286 - root - INFO - test average_precision, 0.7610
2025-10-02 18:38:29,286 - root - INFO - best test average_precision: 0.8320
2025-10-02 18:38:29,286 - root - INFO - test roc_auc, 0.8144
2025-10-02 18:38:29,286 - root - INFO - new node test loss: 1.2030
2025-10-02 18:38:29,286 - root - INFO - new node test average_precision, 0.7208
2025-10-02 18:38:29,286 - root - INFO - new node test roc_auc, 0.7449
2025-10-02 18:38:29,286 - root - INFO - load model ./saved_models/JODIE/enron/JODIE_mercer_seed1/JODIE_mercer_seed1.pkl
2025-10-02 18:38:29,390 - root - INFO - get final performance on dataset enron...
2025-10-02 18:38:30,220 - root - INFO - test loss: 0.4836
2025-10-02 18:38:30,220 - root - INFO - test average_precision, 0.8312
2025-10-02 18:38:30,220 - root - INFO - test roc_auc, 0.8628
2025-10-02 18:38:30,220 - root - INFO - new node test loss: 0.5499
2025-10-02 18:38:30,220 - root - INFO - new node test average_precision, 0.7856
2025-10-02 18:38:30,220 - root - INFO - new node test roc_auc, 0.8092
2025-10-02 18:38:30,220 - root - INFO - Run 2 cost 193.63 seconds.
