2025-10-02 04:51:28,757 - root - INFO - ********** Run 1 starts. **********
2025-10-02 04:51:28,757 - root - INFO - configuration is Namespace(dataset_name='reddit', batch_size=200, model_name='JODIE', gpu=0, num_neighbors=10, sample_neighbor_strategy='uniform', time_scaling_factor=1e-06, num_walk_heads=8, num_heads=2, num_layers=1, walk_length=1, time_gap=2000, time_feat_dim=128, position_feat_dim=172, time_window_mode='fixed_proportion', time_encoder_type='original', expert_dim=64, num_mixtures=4, patch_size=1, channel_embedding_dim=50, max_input_sequence_length=32, learning_rate=0.0001, dropout=0.1, gamma=0.5, num_epochs=100, optimizer='Adam', weight_decay=0.0, patience=20, val_ratio=0.15, test_ratio=0.15, num_runs=5, test_interval_epochs=1, negative_sample_strategy='random', max_interaction_times=10, load_best_configs=True, device='cuda:0', seed=0, save_model_name='JODIE_original_seed0')
2025-10-02 04:51:28,759 - root - INFO - time encoder type: original
2025-10-02 04:51:29,582 - root - INFO - model -> Sequential(
  (0): MemoryModel(
    (time_encoder): TimeEncoder(
      (w): Linear(in_features=1, out_features=128, bias=True)
    )
    (message_aggregator): MessageAggregator()
    (memory_bank): MemoryBank(num_nodes=10985, memory_dim=172)
    (memory_updater): RNNMemoryUpdater(
      (memory_bank): MemoryBank(num_nodes=10985, memory_dim=172)
      (memory_updater): RNNCell(644, 172)
    )
    (embedding_module): TimeProjectionEmbedding(
      (dropout): Dropout(p=0.1, inplace=False)
      (linear_layer): Linear(in_features=1, out_features=172, bias=True)
    )
  )
  (1): MergeLayer(
    (fc1): Linear(in_features=344, out_features=172, bias=True)
    (fc2): Linear(in_features=172, out_features=1, bias=True)
    (act): ReLU()
  )
)
2025-10-02 04:51:29,582 - root - INFO - model name: JODIE, #parameters: 803236 B, 784.41015625 KB, 0.7660255432128906 MB.
2025-10-02 04:53:19,922 - root - INFO - Epoch: 1, learning rate: 0.0001, train loss: 0.2969
2025-10-02 04:53:19,922 - root - INFO - train average_precision, 0.9404
2025-10-02 04:53:19,923 - root - INFO - train roc_auc, 0.9430
2025-10-02 04:53:19,923 - root - INFO - validate loss: 0.2475
2025-10-02 04:53:19,923 - root - INFO - validate average_precision, 0.9650
2025-10-02 04:53:19,923 - root - INFO - validate roc_auc, 0.9651
2025-10-02 04:53:19,923 - root - INFO - new node validate loss: 0.3996
2025-10-02 04:53:19,923 - root - INFO - new node validate average_precision, 0.9106
2025-10-02 04:53:19,923 - root - INFO - new node validate roc_auc, 0.9067
2025-10-02 04:53:39,029 - root - INFO - test loss: 0.2453
2025-10-02 04:53:39,029 - root - INFO - test average_precision, 0.9668
2025-10-02 04:53:39,030 - root - INFO - best test average_precision: 0.9668
2025-10-02 04:53:39,030 - root - INFO - test roc_auc, 0.9669
2025-10-02 04:53:39,030 - root - INFO - new node test loss: 0.3251
2025-10-02 04:53:39,030 - root - INFO - new node test average_precision, 0.9423
2025-10-02 04:53:39,030 - root - INFO - new node test roc_auc, 0.9421
2025-10-02 04:53:39,030 - root - INFO - save model ./saved_models/JODIE/reddit/JODIE_original_seed0/JODIE_original_seed0.pkl
2025-10-02 04:55:31,340 - root - INFO - Epoch: 2, learning rate: 0.0001, train loss: 0.2268
2025-10-02 04:55:31,341 - root - INFO - train average_precision, 0.9675
2025-10-02 04:55:31,341 - root - INFO - train roc_auc, 0.9675
2025-10-02 04:55:31,341 - root - INFO - validate loss: 0.2149
2025-10-02 04:55:31,341 - root - INFO - validate average_precision, 0.9721
2025-10-02 04:55:31,341 - root - INFO - validate roc_auc, 0.9720
2025-10-02 04:55:31,341 - root - INFO - new node validate loss: 0.3882
2025-10-02 04:55:31,342 - root - INFO - new node validate average_precision, 0.9182
2025-10-02 04:55:31,342 - root - INFO - new node validate roc_auc, 0.9140
2025-10-02 04:55:50,269 - root - INFO - test loss: 0.2163
2025-10-02 04:55:50,269 - root - INFO - test average_precision, 0.9718
2025-10-02 04:55:50,269 - root - INFO - best test average_precision: 0.9718
2025-10-02 04:55:50,269 - root - INFO - test roc_auc, 0.9719
2025-10-02 04:55:50,269 - root - INFO - new node test loss: 0.3008
2025-10-02 04:55:50,269 - root - INFO - new node test average_precision, 0.9487
2025-10-02 04:55:50,269 - root - INFO - new node test roc_auc, 0.9488
2025-10-02 04:55:50,270 - root - INFO - save model ./saved_models/JODIE/reddit/JODIE_original_seed0/JODIE_original_seed0.pkl
2025-10-02 04:57:42,767 - root - INFO - Epoch: 3, learning rate: 0.0001, train loss: 0.2144
2025-10-02 04:57:42,767 - root - INFO - train average_precision, 0.9713
2025-10-02 04:57:42,768 - root - INFO - train roc_auc, 0.9710
2025-10-02 04:57:42,768 - root - INFO - validate loss: 0.2133
2025-10-02 04:57:42,768 - root - INFO - validate average_precision, 0.9731
2025-10-02 04:57:42,768 - root - INFO - validate roc_auc, 0.9730
2025-10-02 04:57:42,768 - root - INFO - new node validate loss: 0.3739
2025-10-02 04:57:42,768 - root - INFO - new node validate average_precision, 0.9215
2025-10-02 04:57:42,768 - root - INFO - new node validate roc_auc, 0.9181
2025-10-02 04:58:01,830 - root - INFO - test loss: 0.2198
2025-10-02 04:58:01,830 - root - INFO - test average_precision, 0.9718
2025-10-02 04:58:01,830 - root - INFO - best test average_precision: 0.9718
2025-10-02 04:58:01,830 - root - INFO - test roc_auc, 0.9721
2025-10-02 04:58:01,830 - root - INFO - new node test loss: 0.2947
2025-10-02 04:58:01,830 - root - INFO - new node test average_precision, 0.9503
2025-10-02 04:58:01,830 - root - INFO - new node test roc_auc, 0.9502
2025-10-02 04:58:01,831 - root - INFO - save model ./saved_models/JODIE/reddit/JODIE_original_seed0/JODIE_original_seed0.pkl
2025-10-02 04:59:54,351 - root - INFO - Epoch: 4, learning rate: 0.0001, train loss: 0.2079
2025-10-02 04:59:54,352 - root - INFO - train average_precision, 0.9729
2025-10-02 04:59:54,352 - root - INFO - train roc_auc, 0.9726
2025-10-02 04:59:54,352 - root - INFO - validate loss: 0.2067
2025-10-02 04:59:54,352 - root - INFO - validate average_precision, 0.9746
2025-10-02 04:59:54,352 - root - INFO - validate roc_auc, 0.9741
2025-10-02 04:59:54,352 - root - INFO - new node validate loss: 0.3827
2025-10-02 04:59:54,352 - root - INFO - new node validate average_precision, 0.9217
2025-10-02 04:59:54,353 - root - INFO - new node validate roc_auc, 0.9165
2025-10-02 05:00:13,569 - root - INFO - test loss: 0.2130
2025-10-02 05:00:13,570 - root - INFO - test average_precision, 0.9726
2025-10-02 05:00:13,570 - root - INFO - best test average_precision: 0.9726
2025-10-02 05:00:13,570 - root - INFO - test roc_auc, 0.9725
2025-10-02 05:00:13,570 - root - INFO - new node test loss: 0.3039
2025-10-02 05:00:13,570 - root - INFO - new node test average_precision, 0.9462
2025-10-02 05:00:13,570 - root - INFO - new node test roc_auc, 0.9468
2025-10-02 05:00:13,570 - root - INFO - save model ./saved_models/JODIE/reddit/JODIE_original_seed0/JODIE_original_seed0.pkl
2025-10-02 05:02:06,367 - root - INFO - Epoch: 5, learning rate: 0.0001, train loss: 0.2035
2025-10-02 05:02:06,368 - root - INFO - train average_precision, 0.9741
2025-10-02 05:02:06,368 - root - INFO - train roc_auc, 0.9738
2025-10-02 05:02:06,368 - root - INFO - validate loss: 0.1997
2025-10-02 05:02:06,368 - root - INFO - validate average_precision, 0.9769
2025-10-02 05:02:06,368 - root - INFO - validate roc_auc, 0.9764
2025-10-02 05:02:06,368 - root - INFO - new node validate loss: 0.3623
2025-10-02 05:02:06,368 - root - INFO - new node validate average_precision, 0.9288
2025-10-02 05:02:06,368 - root - INFO - new node validate roc_auc, 0.9239
2025-10-02 05:02:25,806 - root - INFO - test loss: 0.1957
2025-10-02 05:02:25,807 - root - INFO - test average_precision, 0.9780
2025-10-02 05:02:25,807 - root - INFO - best test average_precision: 0.9780
2025-10-02 05:02:25,807 - root - INFO - test roc_auc, 0.9777
2025-10-02 05:02:25,807 - root - INFO - new node test loss: 0.2714
2025-10-02 05:02:25,807 - root - INFO - new node test average_precision, 0.9573
2025-10-02 05:02:25,807 - root - INFO - new node test roc_auc, 0.9574
2025-10-02 05:02:25,807 - root - INFO - save model ./saved_models/JODIE/reddit/JODIE_original_seed0/JODIE_original_seed0.pkl
2025-10-02 05:04:18,022 - root - INFO - Epoch: 6, learning rate: 0.0001, train loss: 0.1996
2025-10-02 05:04:18,023 - root - INFO - train average_precision, 0.9750
2025-10-02 05:04:18,023 - root - INFO - train roc_auc, 0.9747
2025-10-02 05:04:18,023 - root - INFO - validate loss: 0.1955
2025-10-02 05:04:18,023 - root - INFO - validate average_precision, 0.9774
2025-10-02 05:04:18,023 - root - INFO - validate roc_auc, 0.9770
2025-10-02 05:04:18,023 - root - INFO - new node validate loss: 0.3532
2025-10-02 05:04:18,024 - root - INFO - new node validate average_precision, 0.9313
2025-10-02 05:04:18,024 - root - INFO - new node validate roc_auc, 0.9266
2025-10-02 05:04:37,137 - root - INFO - test loss: 0.1917
2025-10-02 05:04:37,137 - root - INFO - test average_precision, 0.9783
2025-10-02 05:04:37,137 - root - INFO - best test average_precision: 0.9783
2025-10-02 05:04:37,137 - root - INFO - test roc_auc, 0.9780
2025-10-02 05:04:37,137 - root - INFO - new node test loss: 0.2741
2025-10-02 05:04:37,137 - root - INFO - new node test average_precision, 0.9563
2025-10-02 05:04:37,137 - root - INFO - new node test roc_auc, 0.9559
2025-10-02 05:04:37,138 - root - INFO - save model ./saved_models/JODIE/reddit/JODIE_original_seed0/JODIE_original_seed0.pkl
2025-10-02 05:06:30,042 - root - INFO - Epoch: 7, learning rate: 0.0001, train loss: 0.1971
2025-10-02 05:06:30,043 - root - INFO - train average_precision, 0.9754
2025-10-02 05:06:30,043 - root - INFO - train roc_auc, 0.9752
2025-10-02 05:06:30,043 - root - INFO - validate loss: 0.1998
2025-10-02 05:06:30,043 - root - INFO - validate average_precision, 0.9763
2025-10-02 05:06:30,043 - root - INFO - validate roc_auc, 0.9762
2025-10-02 05:06:30,044 - root - INFO - new node validate loss: 0.3474
2025-10-02 05:06:30,044 - root - INFO - new node validate average_precision, 0.9334
2025-10-02 05:06:30,044 - root - INFO - new node validate roc_auc, 0.9294
2025-10-02 05:06:49,420 - root - INFO - test loss: 0.2071
2025-10-02 05:06:49,420 - root - INFO - test average_precision, 0.9752
2025-10-02 05:06:49,420 - root - INFO - best test average_precision: 0.9783
2025-10-02 05:06:49,420 - root - INFO - test roc_auc, 0.9752
2025-10-02 05:06:49,420 - root - INFO - new node test loss: 0.2790
2025-10-02 05:06:49,420 - root - INFO - new node test average_precision, 0.9560
2025-10-02 05:06:49,420 - root - INFO - new node test roc_auc, 0.9553
2025-10-02 05:08:40,648 - root - INFO - Epoch: 8, learning rate: 0.0001, train loss: 0.1951
2025-10-02 05:08:40,649 - root - INFO - train average_precision, 0.9759
2025-10-02 05:08:40,649 - root - INFO - train roc_auc, 0.9757
2025-10-02 05:08:40,649 - root - INFO - validate loss: 0.1918
2025-10-02 05:08:40,649 - root - INFO - validate average_precision, 0.9782
2025-10-02 05:08:40,649 - root - INFO - validate roc_auc, 0.9778
2025-10-02 05:08:40,649 - root - INFO - new node validate loss: 0.3450
2025-10-02 05:08:40,649 - root - INFO - new node validate average_precision, 0.9325
2025-10-02 05:08:40,649 - root - INFO - new node validate roc_auc, 0.9290
2025-10-02 05:09:00,032 - root - INFO - test loss: 0.1931
2025-10-02 05:09:00,033 - root - INFO - test average_precision, 0.9778
2025-10-02 05:09:00,033 - root - INFO - best test average_precision: 0.9783
2025-10-02 05:09:00,033 - root - INFO - test roc_auc, 0.9776
2025-10-02 05:09:00,033 - root - INFO - new node test loss: 0.2685
2025-10-02 05:09:00,033 - root - INFO - new node test average_precision, 0.9563
2025-10-02 05:09:00,033 - root - INFO - new node test roc_auc, 0.9571
2025-10-02 05:09:00,033 - root - INFO - save model ./saved_models/JODIE/reddit/JODIE_original_seed0/JODIE_original_seed0.pkl
2025-10-02 05:10:53,422 - root - INFO - Epoch: 9, learning rate: 0.0001, train loss: 0.1926
2025-10-02 05:10:53,423 - root - INFO - train average_precision, 0.9765
2025-10-02 05:10:53,423 - root - INFO - train roc_auc, 0.9763
2025-10-02 05:10:53,423 - root - INFO - validate loss: 0.1954
2025-10-02 05:10:53,424 - root - INFO - validate average_precision, 0.9775
2025-10-02 05:10:53,424 - root - INFO - validate roc_auc, 0.9771
2025-10-02 05:10:53,424 - root - INFO - new node validate loss: 0.3518
2025-10-02 05:10:53,424 - root - INFO - new node validate average_precision, 0.9296
2025-10-02 05:10:53,424 - root - INFO - new node validate roc_auc, 0.9263
2025-10-02 05:11:13,037 - root - INFO - test loss: 0.1980
2025-10-02 05:11:13,037 - root - INFO - test average_precision, 0.9763
2025-10-02 05:11:13,037 - root - INFO - best test average_precision: 0.9783
2025-10-02 05:11:13,037 - root - INFO - test roc_auc, 0.9767
2025-10-02 05:11:13,037 - root - INFO - new node test loss: 0.2687
2025-10-02 05:11:13,037 - root - INFO - new node test average_precision, 0.9561
2025-10-02 05:11:13,037 - root - INFO - new node test roc_auc, 0.9575
2025-10-02 05:13:03,760 - root - INFO - Epoch: 10, learning rate: 0.0001, train loss: 0.1904
2025-10-02 05:13:03,761 - root - INFO - train average_precision, 0.9771
2025-10-02 05:13:03,762 - root - INFO - train roc_auc, 0.9768
2025-10-02 05:13:03,762 - root - INFO - validate loss: 0.1932
2025-10-02 05:13:03,762 - root - INFO - validate average_precision, 0.9785
2025-10-02 05:13:03,762 - root - INFO - validate roc_auc, 0.9778
2025-10-02 05:13:03,762 - root - INFO - new node validate loss: 0.3620
2025-10-02 05:13:03,762 - root - INFO - new node validate average_precision, 0.9280
2025-10-02 05:13:03,762 - root - INFO - new node validate roc_auc, 0.9217
2025-10-02 05:13:23,252 - root - INFO - test loss: 0.1968
2025-10-02 05:13:23,253 - root - INFO - test average_precision, 0.9785
2025-10-02 05:13:23,253 - root - INFO - best test average_precision: 0.9785
2025-10-02 05:13:23,253 - root - INFO - test roc_auc, 0.9777
2025-10-02 05:13:23,253 - root - INFO - new node test loss: 0.2912
2025-10-02 05:13:23,253 - root - INFO - new node test average_precision, 0.9522
2025-10-02 05:13:23,253 - root - INFO - new node test roc_auc, 0.9500
2025-10-02 05:13:23,253 - root - INFO - save model ./saved_models/JODIE/reddit/JODIE_original_seed0/JODIE_original_seed0.pkl
2025-10-02 05:15:16,210 - root - INFO - Epoch: 11, learning rate: 0.0001, train loss: 0.1875
2025-10-02 05:15:16,211 - root - INFO - train average_precision, 0.9779
2025-10-02 05:15:16,211 - root - INFO - train roc_auc, 0.9775
2025-10-02 05:15:16,212 - root - INFO - validate loss: 0.1908
2025-10-02 05:15:16,212 - root - INFO - validate average_precision, 0.9788
2025-10-02 05:15:16,212 - root - INFO - validate roc_auc, 0.9781
2025-10-02 05:15:16,212 - root - INFO - new node validate loss: 0.3542
2025-10-02 05:15:16,212 - root - INFO - new node validate average_precision, 0.9313
2025-10-02 05:15:16,212 - root - INFO - new node validate roc_auc, 0.9254
2025-10-02 05:15:35,547 - root - INFO - test loss: 0.1978
2025-10-02 05:15:35,547 - root - INFO - test average_precision, 0.9775
2025-10-02 05:15:35,547 - root - INFO - best test average_precision: 0.9785
2025-10-02 05:15:35,547 - root - INFO - test roc_auc, 0.9769
2025-10-02 05:15:35,547 - root - INFO - new node test loss: 0.2796
2025-10-02 05:15:35,548 - root - INFO - new node test average_precision, 0.9545
2025-10-02 05:15:35,548 - root - INFO - new node test roc_auc, 0.9535
2025-10-02 05:15:35,548 - root - INFO - save model ./saved_models/JODIE/reddit/JODIE_original_seed0/JODIE_original_seed0.pkl
2025-10-02 05:17:28,024 - root - INFO - Epoch: 12, learning rate: 0.0001, train loss: 0.1850
2025-10-02 05:17:28,025 - root - INFO - train average_precision, 0.9783
2025-10-02 05:17:28,025 - root - INFO - train roc_auc, 0.9780
2025-10-02 05:17:28,026 - root - INFO - validate loss: 0.1907
2025-10-02 05:17:28,026 - root - INFO - validate average_precision, 0.9792
2025-10-02 05:17:28,026 - root - INFO - validate roc_auc, 0.9786
2025-10-02 05:17:28,026 - root - INFO - new node validate loss: 0.3409
2025-10-02 05:17:28,026 - root - INFO - new node validate average_precision, 0.9345
2025-10-02 05:17:28,026 - root - INFO - new node validate roc_auc, 0.9296
2025-10-02 05:17:47,439 - root - INFO - test loss: 0.1911
2025-10-02 05:17:47,440 - root - INFO - test average_precision, 0.9797
2025-10-02 05:17:47,440 - root - INFO - best test average_precision: 0.9797
2025-10-02 05:17:47,440 - root - INFO - test roc_auc, 0.9794
2025-10-02 05:17:47,440 - root - INFO - new node test loss: 0.2627
2025-10-02 05:17:47,440 - root - INFO - new node test average_precision, 0.9583
2025-10-02 05:17:47,440 - root - INFO - new node test roc_auc, 0.9588
2025-10-02 05:17:47,440 - root - INFO - save model ./saved_models/JODIE/reddit/JODIE_original_seed0/JODIE_original_seed0.pkl
2025-10-02 05:19:39,400 - root - INFO - Epoch: 13, learning rate: 0.0001, train loss: 0.1840
2025-10-02 05:19:39,400 - root - INFO - train average_precision, 0.9786
2025-10-02 05:19:39,401 - root - INFO - train roc_auc, 0.9783
2025-10-02 05:19:39,401 - root - INFO - validate loss: 0.1885
2025-10-02 05:19:39,401 - root - INFO - validate average_precision, 0.9790
2025-10-02 05:19:39,401 - root - INFO - validate roc_auc, 0.9784
2025-10-02 05:19:39,401 - root - INFO - new node validate loss: 0.3485
2025-10-02 05:19:39,401 - root - INFO - new node validate average_precision, 0.9327
2025-10-02 05:19:39,401 - root - INFO - new node validate roc_auc, 0.9273
2025-10-02 05:19:58,774 - root - INFO - test loss: 0.1926
2025-10-02 05:19:58,774 - root - INFO - test average_precision, 0.9784
2025-10-02 05:19:58,774 - root - INFO - best test average_precision: 0.9797
2025-10-02 05:19:58,774 - root - INFO - test roc_auc, 0.9779
2025-10-02 05:19:58,774 - root - INFO - new node test loss: 0.2711
2025-10-02 05:19:58,774 - root - INFO - new node test average_precision, 0.9567
2025-10-02 05:19:58,774 - root - INFO - new node test roc_auc, 0.9562
2025-10-02 05:21:49,875 - root - INFO - Epoch: 14, learning rate: 0.0001, train loss: 0.1821
2025-10-02 05:21:49,876 - root - INFO - train average_precision, 0.9790
2025-10-02 05:21:49,876 - root - INFO - train roc_auc, 0.9786
2025-10-02 05:21:49,876 - root - INFO - validate loss: 0.1860
2025-10-02 05:21:49,876 - root - INFO - validate average_precision, 0.9795
2025-10-02 05:21:49,876 - root - INFO - validate roc_auc, 0.9790
2025-10-02 05:21:49,876 - root - INFO - new node validate loss: 0.3335
2025-10-02 05:21:49,876 - root - INFO - new node validate average_precision, 0.9378
2025-10-02 05:21:49,876 - root - INFO - new node validate roc_auc, 0.9334
2025-10-02 05:22:09,142 - root - INFO - test loss: 0.1900
2025-10-02 05:22:09,142 - root - INFO - test average_precision, 0.9787
2025-10-02 05:22:09,142 - root - INFO - best test average_precision: 0.9797
2025-10-02 05:22:09,142 - root - INFO - test roc_auc, 0.9785
2025-10-02 05:22:09,143 - root - INFO - new node test loss: 0.2539
2025-10-02 05:22:09,143 - root - INFO - new node test average_precision, 0.9617
2025-10-02 05:22:09,143 - root - INFO - new node test roc_auc, 0.9613
2025-10-02 05:22:09,143 - root - INFO - save model ./saved_models/JODIE/reddit/JODIE_original_seed0/JODIE_original_seed0.pkl
2025-10-02 05:24:00,853 - root - INFO - Epoch: 15, learning rate: 0.0001, train loss: 0.1799
2025-10-02 05:24:00,854 - root - INFO - train average_precision, 0.9793
2025-10-02 05:24:00,854 - root - INFO - train roc_auc, 0.9791
2025-10-02 05:24:00,854 - root - INFO - validate loss: 0.1852
2025-10-02 05:24:00,854 - root - INFO - validate average_precision, 0.9798
2025-10-02 05:24:00,854 - root - INFO - validate roc_auc, 0.9792
2025-10-02 05:24:00,854 - root - INFO - new node validate loss: 0.3392
2025-10-02 05:24:00,854 - root - INFO - new node validate average_precision, 0.9369
2025-10-02 05:24:00,854 - root - INFO - new node validate roc_auc, 0.9309
2025-10-02 05:24:20,592 - root - INFO - test loss: 0.1848
2025-10-02 05:24:20,593 - root - INFO - test average_precision, 0.9799
2025-10-02 05:24:20,593 - root - INFO - best test average_precision: 0.9799
2025-10-02 05:24:20,593 - root - INFO - test roc_auc, 0.9794
2025-10-02 05:24:20,593 - root - INFO - new node test loss: 0.2547
2025-10-02 05:24:20,593 - root - INFO - new node test average_precision, 0.9620
2025-10-02 05:24:20,593 - root - INFO - new node test roc_auc, 0.9612
2025-10-02 05:24:20,593 - root - INFO - save model ./saved_models/JODIE/reddit/JODIE_original_seed0/JODIE_original_seed0.pkl
2025-10-02 05:26:13,071 - root - INFO - Epoch: 16, learning rate: 0.0001, train loss: 0.1796
2025-10-02 05:26:13,072 - root - INFO - train average_precision, 0.9795
2025-10-02 05:26:13,072 - root - INFO - train roc_auc, 0.9792
2025-10-02 05:26:13,072 - root - INFO - validate loss: 0.1813
2025-10-02 05:26:13,072 - root - INFO - validate average_precision, 0.9803
2025-10-02 05:26:13,072 - root - INFO - validate roc_auc, 0.9799
2025-10-02 05:26:13,072 - root - INFO - new node validate loss: 0.3492
2025-10-02 05:26:13,072 - root - INFO - new node validate average_precision, 0.9364
2025-10-02 05:26:13,072 - root - INFO - new node validate roc_auc, 0.9308
2025-10-02 05:26:32,474 - root - INFO - test loss: 0.1808
2025-10-02 05:26:32,474 - root - INFO - test average_precision, 0.9800
2025-10-02 05:26:32,474 - root - INFO - best test average_precision: 0.9800
2025-10-02 05:26:32,474 - root - INFO - test roc_auc, 0.9799
2025-10-02 05:26:32,475 - root - INFO - new node test loss: 0.2574
2025-10-02 05:26:32,475 - root - INFO - new node test average_precision, 0.9631
2025-10-02 05:26:32,475 - root - INFO - new node test roc_auc, 0.9628
2025-10-02 05:26:32,475 - root - INFO - save model ./saved_models/JODIE/reddit/JODIE_original_seed0/JODIE_original_seed0.pkl
2025-10-02 05:28:24,924 - root - INFO - Epoch: 17, learning rate: 0.0001, train loss: 0.1788
2025-10-02 05:28:24,925 - root - INFO - train average_precision, 0.9797
2025-10-02 05:28:24,925 - root - INFO - train roc_auc, 0.9794
2025-10-02 05:28:24,925 - root - INFO - validate loss: 0.1914
2025-10-02 05:28:24,925 - root - INFO - validate average_precision, 0.9787
2025-10-02 05:28:24,926 - root - INFO - validate roc_auc, 0.9780
2025-10-02 05:28:24,926 - root - INFO - new node validate loss: 0.3549
2025-10-02 05:28:24,926 - root - INFO - new node validate average_precision, 0.9322
2025-10-02 05:28:24,926 - root - INFO - new node validate roc_auc, 0.9253
2025-10-02 05:28:44,561 - root - INFO - test loss: 0.2110
2025-10-02 05:28:44,561 - root - INFO - test average_precision, 0.9755
2025-10-02 05:28:44,561 - root - INFO - best test average_precision: 0.9800
2025-10-02 05:28:44,561 - root - INFO - test roc_auc, 0.9747
2025-10-02 05:28:44,561 - root - INFO - new node test loss: 0.2817
2025-10-02 05:28:44,561 - root - INFO - new node test average_precision, 0.9536
2025-10-02 05:28:44,561 - root - INFO - new node test roc_auc, 0.9526
2025-10-02 05:30:35,681 - root - INFO - Epoch: 18, learning rate: 0.0001, train loss: 0.1765
2025-10-02 05:30:35,681 - root - INFO - train average_precision, 0.9802
2025-10-02 05:30:35,682 - root - INFO - train roc_auc, 0.9799
2025-10-02 05:30:35,682 - root - INFO - validate loss: 0.1836
2025-10-02 05:30:35,682 - root - INFO - validate average_precision, 0.9803
2025-10-02 05:30:35,682 - root - INFO - validate roc_auc, 0.9797
2025-10-02 05:30:35,682 - root - INFO - new node validate loss: 0.3403
2025-10-02 05:30:35,682 - root - INFO - new node validate average_precision, 0.9375
2025-10-02 05:30:35,682 - root - INFO - new node validate roc_auc, 0.9314
2025-10-02 05:30:55,185 - root - INFO - test loss: 0.1964
2025-10-02 05:30:55,186 - root - INFO - test average_precision, 0.9783
2025-10-02 05:30:55,186 - root - INFO - best test average_precision: 0.9800
2025-10-02 05:30:55,186 - root - INFO - test roc_auc, 0.9777
2025-10-02 05:30:55,186 - root - INFO - new node test loss: 0.2685
2025-10-02 05:30:55,186 - root - INFO - new node test average_precision, 0.9579
2025-10-02 05:30:55,186 - root - INFO - new node test roc_auc, 0.9569
2025-10-02 05:32:46,322 - root - INFO - Epoch: 19, learning rate: 0.0001, train loss: 0.1754
2025-10-02 05:32:46,323 - root - INFO - train average_precision, 0.9804
2025-10-02 05:32:46,323 - root - INFO - train roc_auc, 0.9801
2025-10-02 05:32:46,324 - root - INFO - validate loss: 0.1755
2025-10-02 05:32:46,324 - root - INFO - validate average_precision, 0.9818
2025-10-02 05:32:46,324 - root - INFO - validate roc_auc, 0.9812
2025-10-02 05:32:46,324 - root - INFO - new node validate loss: 0.3491
2025-10-02 05:32:46,324 - root - INFO - new node validate average_precision, 0.9358
2025-10-02 05:32:46,324 - root - INFO - new node validate roc_auc, 0.9306
2025-10-02 05:33:05,549 - root - INFO - test loss: 0.1742
2025-10-02 05:33:05,550 - root - INFO - test average_precision, 0.9820
2025-10-02 05:33:05,550 - root - INFO - best test average_precision: 0.9820
2025-10-02 05:33:05,550 - root - INFO - test roc_auc, 0.9815
2025-10-02 05:33:05,550 - root - INFO - new node test loss: 0.2472
2025-10-02 05:33:05,550 - root - INFO - new node test average_precision, 0.9652
2025-10-02 05:33:05,550 - root - INFO - new node test roc_auc, 0.9647
2025-10-02 05:33:05,550 - root - INFO - save model ./saved_models/JODIE/reddit/JODIE_original_seed0/JODIE_original_seed0.pkl
2025-10-02 05:34:58,092 - root - INFO - Epoch: 20, learning rate: 0.0001, train loss: 0.1757
2025-10-02 05:34:58,093 - root - INFO - train average_precision, 0.9804
2025-10-02 05:34:58,093 - root - INFO - train roc_auc, 0.9801
2025-10-02 05:34:58,093 - root - INFO - validate loss: 0.1866
2025-10-02 05:34:58,093 - root - INFO - validate average_precision, 0.9797
2025-10-02 05:34:58,093 - root - INFO - validate roc_auc, 0.9790
2025-10-02 05:34:58,093 - root - INFO - new node validate loss: 0.3470
2025-10-02 05:34:58,093 - root - INFO - new node validate average_precision, 0.9352
2025-10-02 05:34:58,093 - root - INFO - new node validate roc_auc, 0.9287
2025-10-02 05:35:17,726 - root - INFO - test loss: 0.2122
2025-10-02 05:35:17,726 - root - INFO - test average_precision, 0.9751
2025-10-02 05:35:17,726 - root - INFO - best test average_precision: 0.9820
2025-10-02 05:35:17,726 - root - INFO - test roc_auc, 0.9744
2025-10-02 05:35:17,726 - root - INFO - new node test loss: 0.2779
2025-10-02 05:35:17,726 - root - INFO - new node test average_precision, 0.9560
2025-10-02 05:35:17,726 - root - INFO - new node test roc_auc, 0.9542
2025-10-02 05:37:08,710 - root - INFO - Epoch: 21, learning rate: 0.0001, train loss: 0.1735
2025-10-02 05:37:08,711 - root - INFO - train average_precision, 0.9808
2025-10-02 05:37:08,711 - root - INFO - train roc_auc, 0.9805
2025-10-02 05:37:08,711 - root - INFO - validate loss: 0.1784
2025-10-02 05:37:08,711 - root - INFO - validate average_precision, 0.9813
2025-10-02 05:37:08,712 - root - INFO - validate roc_auc, 0.9808
2025-10-02 05:37:08,712 - root - INFO - new node validate loss: 0.3328
2025-10-02 05:37:08,712 - root - INFO - new node validate average_precision, 0.9390
2025-10-02 05:37:08,712 - root - INFO - new node validate roc_auc, 0.9333
2025-10-02 05:37:28,059 - root - INFO - test loss: 0.1808
2025-10-02 05:37:28,059 - root - INFO - test average_precision, 0.9810
2025-10-02 05:37:28,059 - root - INFO - best test average_precision: 0.9820
2025-10-02 05:37:28,059 - root - INFO - test roc_auc, 0.9807
2025-10-02 05:37:28,059 - root - INFO - new node test loss: 0.2435
2025-10-02 05:37:28,059 - root - INFO - new node test average_precision, 0.9649
2025-10-02 05:37:28,059 - root - INFO - new node test roc_auc, 0.9643
2025-10-02 05:39:19,599 - root - INFO - Epoch: 22, learning rate: 0.0001, train loss: 0.1728
2025-10-02 05:39:19,600 - root - INFO - train average_precision, 0.9810
2025-10-02 05:39:19,600 - root - INFO - train roc_auc, 0.9807
2025-10-02 05:39:19,601 - root - INFO - validate loss: 0.1804
2025-10-02 05:39:19,601 - root - INFO - validate average_precision, 0.9809
2025-10-02 05:39:19,601 - root - INFO - validate roc_auc, 0.9803
2025-10-02 05:39:19,601 - root - INFO - new node validate loss: 0.3416
2025-10-02 05:39:19,601 - root - INFO - new node validate average_precision, 0.9365
2025-10-02 05:39:19,601 - root - INFO - new node validate roc_auc, 0.9308
2025-10-02 05:39:39,230 - root - INFO - test loss: 0.1854
2025-10-02 05:39:39,230 - root - INFO - test average_precision, 0.9801
2025-10-02 05:39:39,230 - root - INFO - best test average_precision: 0.9820
2025-10-02 05:39:39,231 - root - INFO - test roc_auc, 0.9797
2025-10-02 05:39:39,231 - root - INFO - new node test loss: 0.2617
2025-10-02 05:39:39,231 - root - INFO - new node test average_precision, 0.9595
2025-10-02 05:39:39,231 - root - INFO - new node test roc_auc, 0.9589
2025-10-02 05:41:30,662 - root - INFO - Epoch: 23, learning rate: 0.0001, train loss: 0.1725
2025-10-02 05:41:30,663 - root - INFO - train average_precision, 0.9811
2025-10-02 05:41:30,663 - root - INFO - train roc_auc, 0.9807
2025-10-02 05:41:30,663 - root - INFO - validate loss: 0.1774
2025-10-02 05:41:30,663 - root - INFO - validate average_precision, 0.9813
2025-10-02 05:41:30,663 - root - INFO - validate roc_auc, 0.9808
2025-10-02 05:41:30,663 - root - INFO - new node validate loss: 0.3438
2025-10-02 05:41:30,663 - root - INFO - new node validate average_precision, 0.9357
2025-10-02 05:41:30,663 - root - INFO - new node validate roc_auc, 0.9297
2025-10-02 05:41:50,046 - root - INFO - test loss: 0.1784
2025-10-02 05:41:50,046 - root - INFO - test average_precision, 0.9814
2025-10-02 05:41:50,046 - root - INFO - best test average_precision: 0.9820
2025-10-02 05:41:50,046 - root - INFO - test roc_auc, 0.9809
2025-10-02 05:41:50,046 - root - INFO - new node test loss: 0.2543
2025-10-02 05:41:50,046 - root - INFO - new node test average_precision, 0.9613
2025-10-02 05:41:50,046 - root - INFO - new node test roc_auc, 0.9611
2025-10-02 05:43:41,778 - root - INFO - Epoch: 24, learning rate: 0.0001, train loss: 0.1709
2025-10-02 05:43:41,779 - root - INFO - train average_precision, 0.9814
2025-10-02 05:43:41,779 - root - INFO - train roc_auc, 0.9811
2025-10-02 05:43:41,779 - root - INFO - validate loss: 0.1800
2025-10-02 05:43:41,780 - root - INFO - validate average_precision, 0.9806
2025-10-02 05:43:41,780 - root - INFO - validate roc_auc, 0.9803
2025-10-02 05:43:41,780 - root - INFO - new node validate loss: 0.3371
2025-10-02 05:43:41,780 - root - INFO - new node validate average_precision, 0.9376
2025-10-02 05:43:41,780 - root - INFO - new node validate roc_auc, 0.9322
2025-10-02 05:44:01,161 - root - INFO - test loss: 0.1869
2025-10-02 05:44:01,161 - root - INFO - test average_precision, 0.9789
2025-10-02 05:44:01,161 - root - INFO - best test average_precision: 0.9820
2025-10-02 05:44:01,161 - root - INFO - test roc_auc, 0.9791
2025-10-02 05:44:01,161 - root - INFO - new node test loss: 0.2512
2025-10-02 05:44:01,161 - root - INFO - new node test average_precision, 0.9617
2025-10-02 05:44:01,162 - root - INFO - new node test roc_auc, 0.9618
2025-10-02 05:45:52,033 - root - INFO - Epoch: 25, learning rate: 0.0001, train loss: 0.1703
2025-10-02 05:45:52,034 - root - INFO - train average_precision, 0.9815
2025-10-02 05:45:52,034 - root - INFO - train roc_auc, 0.9812
2025-10-02 05:45:52,034 - root - INFO - validate loss: 0.1744
2025-10-02 05:45:52,035 - root - INFO - validate average_precision, 0.9818
2025-10-02 05:45:52,035 - root - INFO - validate roc_auc, 0.9813
2025-10-02 05:45:52,035 - root - INFO - new node validate loss: 0.3334
2025-10-02 05:45:52,035 - root - INFO - new node validate average_precision, 0.9402
2025-10-02 05:45:52,035 - root - INFO - new node validate roc_auc, 0.9346
2025-10-02 05:46:11,339 - root - INFO - test loss: 0.1762
2025-10-02 05:46:11,340 - root - INFO - test average_precision, 0.9816
2025-10-02 05:46:11,340 - root - INFO - best test average_precision: 0.9820
2025-10-02 05:46:11,340 - root - INFO - test roc_auc, 0.9812
2025-10-02 05:46:11,340 - root - INFO - new node test loss: 0.2471
2025-10-02 05:46:11,340 - root - INFO - new node test average_precision, 0.9643
2025-10-02 05:46:11,340 - root - INFO - new node test roc_auc, 0.9637
2025-10-02 05:46:11,340 - root - INFO - save model ./saved_models/JODIE/reddit/JODIE_original_seed0/JODIE_original_seed0.pkl
2025-10-02 05:48:04,770 - root - INFO - Epoch: 26, learning rate: 0.0001, train loss: 0.1696
2025-10-02 05:48:04,771 - root - INFO - train average_precision, 0.9815
2025-10-02 05:48:04,771 - root - INFO - train roc_auc, 0.9813
2025-10-02 05:48:04,771 - root - INFO - validate loss: 0.1765
2025-10-02 05:48:04,771 - root - INFO - validate average_precision, 0.9814
2025-10-02 05:48:04,771 - root - INFO - validate roc_auc, 0.9809
2025-10-02 05:48:04,771 - root - INFO - new node validate loss: 0.3351
2025-10-02 05:48:04,772 - root - INFO - new node validate average_precision, 0.9398
2025-10-02 05:48:04,772 - root - INFO - new node validate roc_auc, 0.9344
2025-10-02 05:48:24,274 - root - INFO - test loss: 0.1837
2025-10-02 05:48:24,274 - root - INFO - test average_precision, 0.9799
2025-10-02 05:48:24,274 - root - INFO - best test average_precision: 0.9820
2025-10-02 05:48:24,274 - root - INFO - test roc_auc, 0.9795
2025-10-02 05:48:24,275 - root - INFO - new node test loss: 0.2461
2025-10-02 05:48:24,275 - root - INFO - new node test average_precision, 0.9651
2025-10-02 05:48:24,275 - root - INFO - new node test roc_auc, 0.9644
2025-10-02 05:50:15,250 - root - INFO - Epoch: 27, learning rate: 0.0001, train loss: 0.1679
2025-10-02 05:50:15,250 - root - INFO - train average_precision, 0.9819
2025-10-02 05:50:15,251 - root - INFO - train roc_auc, 0.9817
2025-10-02 05:50:15,251 - root - INFO - validate loss: 0.1857
2025-10-02 05:50:15,251 - root - INFO - validate average_precision, 0.9794
2025-10-02 05:50:15,251 - root - INFO - validate roc_auc, 0.9790
2025-10-02 05:50:15,251 - root - INFO - new node validate loss: 0.3555
2025-10-02 05:50:15,251 - root - INFO - new node validate average_precision, 0.9324
2025-10-02 05:50:15,251 - root - INFO - new node validate roc_auc, 0.9270
2025-10-02 05:50:34,506 - root - INFO - test loss: 0.2091
2025-10-02 05:50:34,507 - root - INFO - test average_precision, 0.9747
2025-10-02 05:50:34,507 - root - INFO - best test average_precision: 0.9820
2025-10-02 05:50:34,507 - root - INFO - test roc_auc, 0.9746
2025-10-02 05:50:34,507 - root - INFO - new node test loss: 0.2914
2025-10-02 05:50:34,507 - root - INFO - new node test average_precision, 0.9511
2025-10-02 05:50:34,507 - root - INFO - new node test roc_auc, 0.9507
2025-10-02 05:52:26,380 - root - INFO - Epoch: 28, learning rate: 0.0001, train loss: 0.1675
2025-10-02 05:52:26,381 - root - INFO - train average_precision, 0.9820
2025-10-02 05:52:26,381 - root - INFO - train roc_auc, 0.9818
2025-10-02 05:52:26,381 - root - INFO - validate loss: 0.1771
2025-10-02 05:52:26,381 - root - INFO - validate average_precision, 0.9813
2025-10-02 05:52:26,381 - root - INFO - validate roc_auc, 0.9808
2025-10-02 05:52:26,381 - root - INFO - new node validate loss: 0.3260
2025-10-02 05:52:26,382 - root - INFO - new node validate average_precision, 0.9411
2025-10-02 05:52:26,382 - root - INFO - new node validate roc_auc, 0.9361
2025-10-02 05:52:45,840 - root - INFO - test loss: 0.1829
2025-10-02 05:52:45,840 - root - INFO - test average_precision, 0.9803
2025-10-02 05:52:45,840 - root - INFO - best test average_precision: 0.9820
2025-10-02 05:52:45,840 - root - INFO - test roc_auc, 0.9801
2025-10-02 05:52:45,840 - root - INFO - new node test loss: 0.2497
2025-10-02 05:52:45,840 - root - INFO - new node test average_precision, 0.9628
2025-10-02 05:52:45,840 - root - INFO - new node test roc_auc, 0.9627
2025-10-02 05:54:37,272 - root - INFO - Epoch: 29, learning rate: 0.0001, train loss: 0.1671
2025-10-02 05:54:37,273 - root - INFO - train average_precision, 0.9821
2025-10-02 05:54:37,273 - root - INFO - train roc_auc, 0.9818
2025-10-02 05:54:37,274 - root - INFO - validate loss: 0.1771
2025-10-02 05:54:37,274 - root - INFO - validate average_precision, 0.9814
2025-10-02 05:54:37,274 - root - INFO - validate roc_auc, 0.9809
2025-10-02 05:54:37,274 - root - INFO - new node validate loss: 0.3384
2025-10-02 05:54:37,274 - root - INFO - new node validate average_precision, 0.9370
2025-10-02 05:54:37,274 - root - INFO - new node validate roc_auc, 0.9318
2025-10-02 05:54:56,856 - root - INFO - test loss: 0.1844
2025-10-02 05:54:56,856 - root - INFO - test average_precision, 0.9801
2025-10-02 05:54:56,856 - root - INFO - best test average_precision: 0.9820
2025-10-02 05:54:56,856 - root - INFO - test roc_auc, 0.9796
2025-10-02 05:54:56,856 - root - INFO - new node test loss: 0.2616
2025-10-02 05:54:56,857 - root - INFO - new node test average_precision, 0.9590
2025-10-02 05:54:56,857 - root - INFO - new node test roc_auc, 0.9586
2025-10-02 05:56:47,740 - root - INFO - Epoch: 30, learning rate: 0.0001, train loss: 0.1668
2025-10-02 05:56:47,741 - root - INFO - train average_precision, 0.9822
2025-10-02 05:56:47,741 - root - INFO - train roc_auc, 0.9820
2025-10-02 05:56:47,741 - root - INFO - validate loss: 0.1749
2025-10-02 05:56:47,741 - root - INFO - validate average_precision, 0.9819
2025-10-02 05:56:47,741 - root - INFO - validate roc_auc, 0.9813
2025-10-02 05:56:47,741 - root - INFO - new node validate loss: 0.3432
2025-10-02 05:56:47,741 - root - INFO - new node validate average_precision, 0.9386
2025-10-02 05:56:47,741 - root - INFO - new node validate roc_auc, 0.9324
2025-10-02 05:57:07,224 - root - INFO - test loss: 0.1717
2025-10-02 05:57:07,224 - root - INFO - test average_precision, 0.9823
2025-10-02 05:57:07,224 - root - INFO - best test average_precision: 0.9823
2025-10-02 05:57:07,224 - root - INFO - test roc_auc, 0.9819
2025-10-02 05:57:07,228 - root - INFO - new node test loss: 0.2525
2025-10-02 05:57:07,228 - root - INFO - new node test average_precision, 0.9632
2025-10-02 05:57:07,228 - root - INFO - new node test roc_auc, 0.9626
2025-10-02 05:57:07,228 - root - INFO - save model ./saved_models/JODIE/reddit/JODIE_original_seed0/JODIE_original_seed0.pkl
2025-10-02 05:58:59,321 - root - INFO - Epoch: 31, learning rate: 0.0001, train loss: 0.1667
2025-10-02 05:58:59,321 - root - INFO - train average_precision, 0.9822
2025-10-02 05:58:59,322 - root - INFO - train roc_auc, 0.9820
2025-10-02 05:58:59,322 - root - INFO - validate loss: 0.1723
2025-10-02 05:58:59,322 - root - INFO - validate average_precision, 0.9824
2025-10-02 05:58:59,322 - root - INFO - validate roc_auc, 0.9818
2025-10-02 05:58:59,322 - root - INFO - new node validate loss: 0.3326
2025-10-02 05:58:59,322 - root - INFO - new node validate average_precision, 0.9403
2025-10-02 05:58:59,322 - root - INFO - new node validate roc_auc, 0.9354
2025-10-02 05:59:18,789 - root - INFO - test loss: 0.1722
2025-10-02 05:59:18,790 - root - INFO - test average_precision, 0.9822
2025-10-02 05:59:18,790 - root - INFO - best test average_precision: 0.9823
2025-10-02 05:59:18,790 - root - INFO - test roc_auc, 0.9818
2025-10-02 05:59:18,790 - root - INFO - new node test loss: 0.2350
2025-10-02 05:59:18,790 - root - INFO - new node test average_precision, 0.9680
2025-10-02 05:59:18,790 - root - INFO - new node test roc_auc, 0.9673
2025-10-02 05:59:18,790 - root - INFO - save model ./saved_models/JODIE/reddit/JODIE_original_seed0/JODIE_original_seed0.pkl
2025-10-02 06:01:11,622 - root - INFO - Epoch: 32, learning rate: 0.0001, train loss: 0.1648
2025-10-02 06:01:11,622 - root - INFO - train average_precision, 0.9826
2025-10-02 06:01:11,623 - root - INFO - train roc_auc, 0.9824
2025-10-02 06:01:11,623 - root - INFO - validate loss: 0.1769
2025-10-02 06:01:11,623 - root - INFO - validate average_precision, 0.9818
2025-10-02 06:01:11,623 - root - INFO - validate roc_auc, 0.9812
2025-10-02 06:01:11,623 - root - INFO - new node validate loss: 0.3291
2025-10-02 06:01:11,623 - root - INFO - new node validate average_precision, 0.9405
2025-10-02 06:01:11,623 - root - INFO - new node validate roc_auc, 0.9350
2025-10-02 06:01:31,229 - root - INFO - test loss: 0.1807
2025-10-02 06:01:31,229 - root - INFO - test average_precision, 0.9811
2025-10-02 06:01:31,229 - root - INFO - best test average_precision: 0.9823
2025-10-02 06:01:31,230 - root - INFO - test roc_auc, 0.9810
2025-10-02 06:01:31,230 - root - INFO - new node test loss: 0.2468
2025-10-02 06:01:31,230 - root - INFO - new node test average_precision, 0.9641
2025-10-02 06:01:31,230 - root - INFO - new node test roc_auc, 0.9633
2025-10-02 06:03:21,483 - root - INFO - Epoch: 33, learning rate: 0.0001, train loss: 0.1645
2025-10-02 06:03:21,483 - root - INFO - train average_precision, 0.9826
2025-10-02 06:03:21,484 - root - INFO - train roc_auc, 0.9824
2025-10-02 06:03:21,484 - root - INFO - validate loss: 0.1775
2025-10-02 06:03:21,484 - root - INFO - validate average_precision, 0.9816
2025-10-02 06:03:21,484 - root - INFO - validate roc_auc, 0.9810
2025-10-02 06:03:21,484 - root - INFO - new node validate loss: 0.3297
2025-10-02 06:03:21,484 - root - INFO - new node validate average_precision, 0.9407
2025-10-02 06:03:21,484 - root - INFO - new node validate roc_auc, 0.9356
2025-10-02 06:03:40,984 - root - INFO - test loss: 0.1888
2025-10-02 06:03:40,985 - root - INFO - test average_precision, 0.9801
2025-10-02 06:03:40,985 - root - INFO - best test average_precision: 0.9823
2025-10-02 06:03:40,985 - root - INFO - test roc_auc, 0.9797
2025-10-02 06:03:40,985 - root - INFO - new node test loss: 0.2540
2025-10-02 06:03:40,985 - root - INFO - new node test average_precision, 0.9625
2025-10-02 06:03:40,985 - root - INFO - new node test roc_auc, 0.9612
2025-10-02 06:05:32,258 - root - INFO - Epoch: 34, learning rate: 0.0001, train loss: 0.1650
2025-10-02 06:05:32,259 - root - INFO - train average_precision, 0.9825
2025-10-02 06:05:32,259 - root - INFO - train roc_auc, 0.9823
2025-10-02 06:05:32,259 - root - INFO - validate loss: 0.1744
2025-10-02 06:05:32,259 - root - INFO - validate average_precision, 0.9820
2025-10-02 06:05:32,259 - root - INFO - validate roc_auc, 0.9814
2025-10-02 06:05:32,259 - root - INFO - new node validate loss: 0.3473
2025-10-02 06:05:32,259 - root - INFO - new node validate average_precision, 0.9361
2025-10-02 06:05:32,260 - root - INFO - new node validate roc_auc, 0.9306
2025-10-02 06:05:51,611 - root - INFO - test loss: 0.1797
2025-10-02 06:05:51,611 - root - INFO - test average_precision, 0.9810
2025-10-02 06:05:51,611 - root - INFO - best test average_precision: 0.9823
2025-10-02 06:05:51,611 - root - INFO - test roc_auc, 0.9804
2025-10-02 06:05:51,611 - root - INFO - new node test loss: 0.2533
2025-10-02 06:05:51,611 - root - INFO - new node test average_precision, 0.9621
2025-10-02 06:05:51,611 - root - INFO - new node test roc_auc, 0.9618
2025-10-02 06:07:41,914 - root - INFO - Epoch: 35, learning rate: 0.0001, train loss: 0.1642
2025-10-02 06:07:41,915 - root - INFO - train average_precision, 0.9826
2025-10-02 06:07:41,915 - root - INFO - train roc_auc, 0.9825
2025-10-02 06:07:41,915 - root - INFO - validate loss: 0.1760
2025-10-02 06:07:41,915 - root - INFO - validate average_precision, 0.9816
2025-10-02 06:07:41,915 - root - INFO - validate roc_auc, 0.9811
2025-10-02 06:07:41,915 - root - INFO - new node validate loss: 0.3543
2025-10-02 06:07:41,915 - root - INFO - new node validate average_precision, 0.9354
2025-10-02 06:07:41,915 - root - INFO - new node validate roc_auc, 0.9287
2025-10-02 06:08:01,306 - root - INFO - test loss: 0.1796
2025-10-02 06:08:01,307 - root - INFO - test average_precision, 0.9811
2025-10-02 06:08:01,307 - root - INFO - best test average_precision: 0.9823
2025-10-02 06:08:01,307 - root - INFO - test roc_auc, 0.9805
2025-10-02 06:08:01,307 - root - INFO - new node test loss: 0.2596
2025-10-02 06:08:01,307 - root - INFO - new node test average_precision, 0.9619
2025-10-02 06:08:01,307 - root - INFO - new node test roc_auc, 0.9603
2025-10-02 06:09:52,922 - root - INFO - Epoch: 36, learning rate: 0.0001, train loss: 0.1636
2025-10-02 06:09:52,923 - root - INFO - train average_precision, 0.9827
2025-10-02 06:09:52,923 - root - INFO - train roc_auc, 0.9825
2025-10-02 06:09:52,923 - root - INFO - validate loss: 0.1765
2025-10-02 06:09:52,924 - root - INFO - validate average_precision, 0.9818
2025-10-02 06:09:52,924 - root - INFO - validate roc_auc, 0.9812
2025-10-02 06:09:52,924 - root - INFO - new node validate loss: 0.3359
2025-10-02 06:09:52,924 - root - INFO - new node validate average_precision, 0.9372
2025-10-02 06:09:52,924 - root - INFO - new node validate roc_auc, 0.9325
2025-10-02 06:10:12,377 - root - INFO - test loss: 0.1859
2025-10-02 06:10:12,377 - root - INFO - test average_precision, 0.9806
2025-10-02 06:10:12,377 - root - INFO - best test average_precision: 0.9823
2025-10-02 06:10:12,377 - root - INFO - test roc_auc, 0.9802
2025-10-02 06:10:12,377 - root - INFO - new node test loss: 0.2707
2025-10-02 06:10:12,377 - root - INFO - new node test average_precision, 0.9576
2025-10-02 06:10:12,377 - root - INFO - new node test roc_auc, 0.9575
2025-10-02 06:12:02,945 - root - INFO - Epoch: 37, learning rate: 0.0001, train loss: 0.1632
2025-10-02 06:12:02,946 - root - INFO - train average_precision, 0.9829
2025-10-02 06:12:02,946 - root - INFO - train roc_auc, 0.9827
2025-10-02 06:12:02,946 - root - INFO - validate loss: 0.1775
2025-10-02 06:12:02,946 - root - INFO - validate average_precision, 0.9815
2025-10-02 06:12:02,947 - root - INFO - validate roc_auc, 0.9809
2025-10-02 06:12:02,947 - root - INFO - new node validate loss: 0.3369
2025-10-02 06:12:02,947 - root - INFO - new node validate average_precision, 0.9389
2025-10-02 06:12:02,947 - root - INFO - new node validate roc_auc, 0.9330
2025-10-02 06:12:22,456 - root - INFO - test loss: 0.1924
2025-10-02 06:12:22,456 - root - INFO - test average_precision, 0.9790
2025-10-02 06:12:22,456 - root - INFO - best test average_precision: 0.9823
2025-10-02 06:12:22,456 - root - INFO - test roc_auc, 0.9785
2025-10-02 06:12:22,456 - root - INFO - new node test loss: 0.2635
2025-10-02 06:12:22,456 - root - INFO - new node test average_precision, 0.9601
2025-10-02 06:12:22,456 - root - INFO - new node test roc_auc, 0.9590
2025-10-02 06:14:14,718 - root - INFO - Epoch: 38, learning rate: 0.0001, train loss: 0.1627
2025-10-02 06:14:14,719 - root - INFO - train average_precision, 0.9829
2025-10-02 06:14:14,720 - root - INFO - train roc_auc, 0.9827
2025-10-02 06:14:14,720 - root - INFO - validate loss: 0.1787
2025-10-02 06:14:14,720 - root - INFO - validate average_precision, 0.9819
2025-10-02 06:14:14,720 - root - INFO - validate roc_auc, 0.9812
2025-10-02 06:14:14,720 - root - INFO - new node validate loss: 0.3299
2025-10-02 06:14:14,720 - root - INFO - new node validate average_precision, 0.9407
2025-10-02 06:14:14,720 - root - INFO - new node validate roc_auc, 0.9349
2025-10-02 06:14:34,043 - root - INFO - test loss: 0.1948
2025-10-02 06:14:34,043 - root - INFO - test average_precision, 0.9799
2025-10-02 06:14:34,043 - root - INFO - best test average_precision: 0.9823
2025-10-02 06:14:34,043 - root - INFO - test roc_auc, 0.9794
2025-10-02 06:14:34,043 - root - INFO - new node test loss: 0.2688
2025-10-02 06:14:34,043 - root - INFO - new node test average_precision, 0.9595
2025-10-02 06:14:34,043 - root - INFO - new node test roc_auc, 0.9579
2025-10-02 06:16:25,183 - root - INFO - Epoch: 39, learning rate: 0.0001, train loss: 0.1631
2025-10-02 06:16:25,184 - root - INFO - train average_precision, 0.9828
2025-10-02 06:16:25,184 - root - INFO - train roc_auc, 0.9827
2025-10-02 06:16:25,184 - root - INFO - validate loss: 0.1764
2025-10-02 06:16:25,184 - root - INFO - validate average_precision, 0.9821
2025-10-02 06:16:25,184 - root - INFO - validate roc_auc, 0.9814
2025-10-02 06:16:25,184 - root - INFO - new node validate loss: 0.3352
2025-10-02 06:16:25,184 - root - INFO - new node validate average_precision, 0.9389
2025-10-02 06:16:25,185 - root - INFO - new node validate roc_auc, 0.9333
2025-10-02 06:16:45,058 - root - INFO - test loss: 0.1874
2025-10-02 06:16:45,058 - root - INFO - test average_precision, 0.9804
2025-10-02 06:16:45,058 - root - INFO - best test average_precision: 0.9823
2025-10-02 06:16:45,059 - root - INFO - test roc_auc, 0.9800
2025-10-02 06:16:45,059 - root - INFO - new node test loss: 0.2614
2025-10-02 06:16:45,059 - root - INFO - new node test average_precision, 0.9609
2025-10-02 06:16:45,059 - root - INFO - new node test roc_auc, 0.9599
2025-10-02 06:18:36,268 - root - INFO - Epoch: 40, learning rate: 0.0001, train loss: 0.1613
2025-10-02 06:18:36,269 - root - INFO - train average_precision, 0.9831
2025-10-02 06:18:36,269 - root - INFO - train roc_auc, 0.9830
2025-10-02 06:18:36,269 - root - INFO - validate loss: 0.1744
2025-10-02 06:18:36,269 - root - INFO - validate average_precision, 0.9822
2025-10-02 06:18:36,269 - root - INFO - validate roc_auc, 0.9816
2025-10-02 06:18:36,269 - root - INFO - new node validate loss: 0.3258
2025-10-02 06:18:36,269 - root - INFO - new node validate average_precision, 0.9422
2025-10-02 06:18:36,270 - root - INFO - new node validate roc_auc, 0.9366
2025-10-02 06:18:55,800 - root - INFO - test loss: 0.1750
2025-10-02 06:18:55,800 - root - INFO - test average_precision, 0.9823
2025-10-02 06:18:55,801 - root - INFO - best test average_precision: 0.9823
2025-10-02 06:18:55,801 - root - INFO - test roc_auc, 0.9819
2025-10-02 06:18:55,801 - root - INFO - new node test loss: 0.2416
2025-10-02 06:18:55,801 - root - INFO - new node test average_precision, 0.9656
2025-10-02 06:18:55,801 - root - INFO - new node test roc_auc, 0.9650
2025-10-02 06:20:47,025 - root - INFO - Epoch: 41, learning rate: 0.0001, train loss: 0.1607
2025-10-02 06:20:47,026 - root - INFO - train average_precision, 0.9833
2025-10-02 06:20:47,026 - root - INFO - train roc_auc, 0.9832
2025-10-02 06:20:47,026 - root - INFO - validate loss: 0.1742
2025-10-02 06:20:47,027 - root - INFO - validate average_precision, 0.9824
2025-10-02 06:20:47,027 - root - INFO - validate roc_auc, 0.9818
2025-10-02 06:20:47,027 - root - INFO - new node validate loss: 0.3244
2025-10-02 06:20:47,027 - root - INFO - new node validate average_precision, 0.9412
2025-10-02 06:20:47,027 - root - INFO - new node validate roc_auc, 0.9363
2025-10-02 06:21:06,276 - root - INFO - test loss: 0.1757
2025-10-02 06:21:06,277 - root - INFO - test average_precision, 0.9822
2025-10-02 06:21:06,277 - root - INFO - best test average_precision: 0.9823
2025-10-02 06:21:06,277 - root - INFO - test roc_auc, 0.9819
2025-10-02 06:21:06,277 - root - INFO - new node test loss: 0.2410
2025-10-02 06:21:06,277 - root - INFO - new node test average_precision, 0.9649
2025-10-02 06:21:06,277 - root - INFO - new node test roc_auc, 0.9650
2025-10-02 06:21:06,277 - root - INFO - save model ./saved_models/JODIE/reddit/JODIE_original_seed0/JODIE_original_seed0.pkl
2025-10-02 06:22:59,549 - root - INFO - Epoch: 42, learning rate: 0.0001, train loss: 0.1609
2025-10-02 06:22:59,550 - root - INFO - train average_precision, 0.9831
2025-10-02 06:22:59,550 - root - INFO - train roc_auc, 0.9831
2025-10-02 06:22:59,550 - root - INFO - validate loss: 0.1759
2025-10-02 06:22:59,550 - root - INFO - validate average_precision, 0.9819
2025-10-02 06:22:59,550 - root - INFO - validate roc_auc, 0.9813
2025-10-02 06:22:59,550 - root - INFO - new node validate loss: 0.3400
2025-10-02 06:22:59,550 - root - INFO - new node validate average_precision, 0.9383
2025-10-02 06:22:59,550 - root - INFO - new node validate roc_auc, 0.9326
2025-10-02 06:23:19,138 - root - INFO - test loss: 0.1854
2025-10-02 06:23:19,138 - root - INFO - test average_precision, 0.9801
2025-10-02 06:23:19,138 - root - INFO - best test average_precision: 0.9823
2025-10-02 06:23:19,139 - root - INFO - test roc_auc, 0.9798
2025-10-02 06:23:19,139 - root - INFO - new node test loss: 0.2616
2025-10-02 06:23:19,139 - root - INFO - new node test average_precision, 0.9603
2025-10-02 06:23:19,139 - root - INFO - new node test roc_auc, 0.9600
2025-10-02 06:25:10,765 - root - INFO - Epoch: 43, learning rate: 0.0001, train loss: 0.1603
2025-10-02 06:25:10,766 - root - INFO - train average_precision, 0.9832
2025-10-02 06:25:10,766 - root - INFO - train roc_auc, 0.9833
2025-10-02 06:25:10,766 - root - INFO - validate loss: 0.1729
2025-10-02 06:25:10,766 - root - INFO - validate average_precision, 0.9826
2025-10-02 06:25:10,766 - root - INFO - validate roc_auc, 0.9820
2025-10-02 06:25:10,767 - root - INFO - new node validate loss: 0.3310
2025-10-02 06:25:10,767 - root - INFO - new node validate average_precision, 0.9385
2025-10-02 06:25:10,767 - root - INFO - new node validate roc_auc, 0.9339
2025-10-02 06:25:30,131 - root - INFO - test loss: 0.1755
2025-10-02 06:25:30,131 - root - INFO - test average_precision, 0.9816
2025-10-02 06:25:30,131 - root - INFO - best test average_precision: 0.9823
2025-10-02 06:25:30,131 - root - INFO - test roc_auc, 0.9817
2025-10-02 06:25:30,131 - root - INFO - new node test loss: 0.2550
2025-10-02 06:25:30,131 - root - INFO - new node test average_precision, 0.9603
2025-10-02 06:25:30,131 - root - INFO - new node test roc_auc, 0.9609
2025-10-02 06:25:30,131 - root - INFO - save model ./saved_models/JODIE/reddit/JODIE_original_seed0/JODIE_original_seed0.pkl
2025-10-02 06:27:22,159 - root - INFO - Epoch: 44, learning rate: 0.0001, train loss: 0.1593
2025-10-02 06:27:22,160 - root - INFO - train average_precision, 0.9834
2025-10-02 06:27:22,160 - root - INFO - train roc_auc, 0.9834
2025-10-02 06:27:22,161 - root - INFO - validate loss: 0.1765
2025-10-02 06:27:22,161 - root - INFO - validate average_precision, 0.9818
2025-10-02 06:27:22,161 - root - INFO - validate roc_auc, 0.9812
2025-10-02 06:27:22,161 - root - INFO - new node validate loss: 0.3311
2025-10-02 06:27:22,161 - root - INFO - new node validate average_precision, 0.9406
2025-10-02 06:27:22,161 - root - INFO - new node validate roc_auc, 0.9356
2025-10-02 06:27:41,524 - root - INFO - test loss: 0.1864
2025-10-02 06:27:41,525 - root - INFO - test average_precision, 0.9797
2025-10-02 06:27:41,525 - root - INFO - best test average_precision: 0.9823
2025-10-02 06:27:41,525 - root - INFO - test roc_auc, 0.9797
2025-10-02 06:27:41,525 - root - INFO - new node test loss: 0.2449
2025-10-02 06:27:41,525 - root - INFO - new node test average_precision, 0.9636
2025-10-02 06:27:41,525 - root - INFO - new node test roc_auc, 0.9645
2025-10-02 06:29:32,582 - root - INFO - Epoch: 45, learning rate: 0.0001, train loss: 0.1595
2025-10-02 06:29:32,583 - root - INFO - train average_precision, 0.9836
2025-10-02 06:29:32,584 - root - INFO - train roc_auc, 0.9834
2025-10-02 06:29:32,584 - root - INFO - validate loss: 0.1722
2025-10-02 06:29:32,584 - root - INFO - validate average_precision, 0.9827
2025-10-02 06:29:32,584 - root - INFO - validate roc_auc, 0.9821
2025-10-02 06:29:32,584 - root - INFO - new node validate loss: 0.3299
2025-10-02 06:29:32,584 - root - INFO - new node validate average_precision, 0.9432
2025-10-02 06:29:32,584 - root - INFO - new node validate roc_auc, 0.9384
2025-10-02 06:29:52,110 - root - INFO - test loss: 0.1719
2025-10-02 06:29:52,110 - root - INFO - test average_precision, 0.9824
2025-10-02 06:29:52,110 - root - INFO - best test average_precision: 0.9824
2025-10-02 06:29:52,110 - root - INFO - test roc_auc, 0.9822
2025-10-02 06:29:52,110 - root - INFO - new node test loss: 0.2414
2025-10-02 06:29:52,110 - root - INFO - new node test average_precision, 0.9658
2025-10-02 06:29:52,110 - root - INFO - new node test roc_auc, 0.9666
2025-10-02 06:29:52,110 - root - INFO - save model ./saved_models/JODIE/reddit/JODIE_original_seed0/JODIE_original_seed0.pkl
2025-10-02 06:31:44,048 - root - INFO - Epoch: 46, learning rate: 0.0001, train loss: 0.1587
2025-10-02 06:31:44,049 - root - INFO - train average_precision, 0.9837
2025-10-02 06:31:44,049 - root - INFO - train roc_auc, 0.9836
2025-10-02 06:31:44,049 - root - INFO - validate loss: 0.1762
2025-10-02 06:31:44,049 - root - INFO - validate average_precision, 0.9820
2025-10-02 06:31:44,049 - root - INFO - validate roc_auc, 0.9813
2025-10-02 06:31:44,049 - root - INFO - new node validate loss: 0.3423
2025-10-02 06:31:44,049 - root - INFO - new node validate average_precision, 0.9370
2025-10-02 06:31:44,049 - root - INFO - new node validate roc_auc, 0.9311
2025-10-02 06:32:03,547 - root - INFO - test loss: 0.1862
2025-10-02 06:32:03,547 - root - INFO - test average_precision, 0.9805
2025-10-02 06:32:03,547 - root - INFO - best test average_precision: 0.9824
2025-10-02 06:32:03,547 - root - INFO - test roc_auc, 0.9800
2025-10-02 06:32:03,547 - root - INFO - new node test loss: 0.2700
2025-10-02 06:32:03,547 - root - INFO - new node test average_precision, 0.9566
2025-10-02 06:32:03,547 - root - INFO - new node test roc_auc, 0.9567
2025-10-02 06:33:54,264 - root - INFO - Epoch: 47, learning rate: 0.0001, train loss: 0.1584
2025-10-02 06:33:54,264 - root - INFO - train average_precision, 0.9838
2025-10-02 06:33:54,265 - root - INFO - train roc_auc, 0.9836
2025-10-02 06:33:54,265 - root - INFO - validate loss: 0.1732
2025-10-02 06:33:54,265 - root - INFO - validate average_precision, 0.9825
2025-10-02 06:33:54,265 - root - INFO - validate roc_auc, 0.9818
2025-10-02 06:33:54,265 - root - INFO - new node validate loss: 0.3465
2025-10-02 06:33:54,265 - root - INFO - new node validate average_precision, 0.9365
2025-10-02 06:33:54,265 - root - INFO - new node validate roc_auc, 0.9311
2025-10-02 06:34:13,690 - root - INFO - test loss: 0.1802
2025-10-02 06:34:13,690 - root - INFO - test average_precision, 0.9808
2025-10-02 06:34:13,690 - root - INFO - best test average_precision: 0.9824
2025-10-02 06:34:13,690 - root - INFO - test roc_auc, 0.9806
2025-10-02 06:34:13,690 - root - INFO - new node test loss: 0.2688
2025-10-02 06:34:13,690 - root - INFO - new node test average_precision, 0.9575
2025-10-02 06:34:13,690 - root - INFO - new node test roc_auc, 0.9574
2025-10-02 06:36:04,839 - root - INFO - Epoch: 48, learning rate: 0.0001, train loss: 0.1589
2025-10-02 06:36:04,840 - root - INFO - train average_precision, 0.9836
2025-10-02 06:36:04,840 - root - INFO - train roc_auc, 0.9835
2025-10-02 06:36:04,840 - root - INFO - validate loss: 0.1769
2025-10-02 06:36:04,840 - root - INFO - validate average_precision, 0.9819
2025-10-02 06:36:04,840 - root - INFO - validate roc_auc, 0.9812
2025-10-02 06:36:04,841 - root - INFO - new node validate loss: 0.3344
2025-10-02 06:36:04,841 - root - INFO - new node validate average_precision, 0.9384
2025-10-02 06:36:04,841 - root - INFO - new node validate roc_auc, 0.9333
2025-10-02 06:36:24,363 - root - INFO - test loss: 0.1873
2025-10-02 06:36:24,363 - root - INFO - test average_precision, 0.9802
2025-10-02 06:36:24,363 - root - INFO - best test average_precision: 0.9824
2025-10-02 06:36:24,363 - root - INFO - test roc_auc, 0.9799
2025-10-02 06:36:24,363 - root - INFO - new node test loss: 0.2535
2025-10-02 06:36:24,363 - root - INFO - new node test average_precision, 0.9610
2025-10-02 06:36:24,364 - root - INFO - new node test roc_auc, 0.9618
2025-10-02 06:38:15,530 - root - INFO - Epoch: 49, learning rate: 0.0001, train loss: 0.1582
2025-10-02 06:38:15,531 - root - INFO - train average_precision, 0.9837
2025-10-02 06:38:15,531 - root - INFO - train roc_auc, 0.9836
2025-10-02 06:38:15,531 - root - INFO - validate loss: 0.1748
2025-10-02 06:38:15,531 - root - INFO - validate average_precision, 0.9822
2025-10-02 06:38:15,531 - root - INFO - validate roc_auc, 0.9815
2025-10-02 06:38:15,531 - root - INFO - new node validate loss: 0.3353
2025-10-02 06:38:15,531 - root - INFO - new node validate average_precision, 0.9384
2025-10-02 06:38:15,532 - root - INFO - new node validate roc_auc, 0.9335
2025-10-02 06:38:35,135 - root - INFO - test loss: 0.1790
2025-10-02 06:38:35,135 - root - INFO - test average_precision, 0.9812
2025-10-02 06:38:35,135 - root - INFO - best test average_precision: 0.9824
2025-10-02 06:38:35,135 - root - INFO - test roc_auc, 0.9811
2025-10-02 06:38:35,135 - root - INFO - new node test loss: 0.2615
2025-10-02 06:38:35,135 - root - INFO - new node test average_precision, 0.9577
2025-10-02 06:38:35,136 - root - INFO - new node test roc_auc, 0.9592
2025-10-02 06:40:26,012 - root - INFO - Epoch: 50, learning rate: 0.0001, train loss: 0.1579
2025-10-02 06:40:26,013 - root - INFO - train average_precision, 0.9837
2025-10-02 06:40:26,014 - root - INFO - train roc_auc, 0.9837
2025-10-02 06:40:26,014 - root - INFO - validate loss: 0.1751
2025-10-02 06:40:26,014 - root - INFO - validate average_precision, 0.9823
2025-10-02 06:40:26,014 - root - INFO - validate roc_auc, 0.9816
2025-10-02 06:40:26,014 - root - INFO - new node validate loss: 0.3307
2025-10-02 06:40:26,014 - root - INFO - new node validate average_precision, 0.9410
2025-10-02 06:40:26,014 - root - INFO - new node validate roc_auc, 0.9357
2025-10-02 06:40:45,414 - root - INFO - test loss: 0.1810
2025-10-02 06:40:45,415 - root - INFO - test average_precision, 0.9810
2025-10-02 06:40:45,415 - root - INFO - best test average_precision: 0.9824
2025-10-02 06:40:45,415 - root - INFO - test roc_auc, 0.9809
2025-10-02 06:40:45,415 - root - INFO - new node test loss: 0.2524
2025-10-02 06:40:45,415 - root - INFO - new node test average_precision, 0.9614
2025-10-02 06:40:45,415 - root - INFO - new node test roc_auc, 0.9618
2025-10-02 06:42:36,379 - root - INFO - Epoch: 51, learning rate: 0.0001, train loss: 0.1572
2025-10-02 06:42:36,379 - root - INFO - train average_precision, 0.9839
2025-10-02 06:42:36,380 - root - INFO - train roc_auc, 0.9839
2025-10-02 06:42:36,380 - root - INFO - validate loss: 0.1719
2025-10-02 06:42:36,380 - root - INFO - validate average_precision, 0.9829
2025-10-02 06:42:36,380 - root - INFO - validate roc_auc, 0.9822
2025-10-02 06:42:36,380 - root - INFO - new node validate loss: 0.3331
2025-10-02 06:42:36,380 - root - INFO - new node validate average_precision, 0.9398
2025-10-02 06:42:36,380 - root - INFO - new node validate roc_auc, 0.9344
2025-10-02 06:42:55,702 - root - INFO - test loss: 0.1734
2025-10-02 06:42:55,703 - root - INFO - test average_precision, 0.9821
2025-10-02 06:42:55,703 - root - INFO - best test average_precision: 0.9824
2025-10-02 06:42:55,703 - root - INFO - test roc_auc, 0.9823
2025-10-02 06:42:55,703 - root - INFO - new node test loss: 0.2498
2025-10-02 06:42:55,703 - root - INFO - new node test average_precision, 0.9624
2025-10-02 06:42:55,703 - root - INFO - new node test roc_auc, 0.9626
2025-10-02 06:42:55,703 - root - INFO - save model ./saved_models/JODIE/reddit/JODIE_original_seed0/JODIE_original_seed0.pkl
2025-10-02 06:44:49,298 - root - INFO - Epoch: 52, learning rate: 0.0001, train loss: 0.1574
2025-10-02 06:44:49,298 - root - INFO - train average_precision, 0.9839
2025-10-02 06:44:49,299 - root - INFO - train roc_auc, 0.9838
2025-10-02 06:44:49,299 - root - INFO - validate loss: 0.1781
2025-10-02 06:44:49,299 - root - INFO - validate average_precision, 0.9816
2025-10-02 06:44:49,299 - root - INFO - validate roc_auc, 0.9809
2025-10-02 06:44:49,299 - root - INFO - new node validate loss: 0.3477
2025-10-02 06:44:49,299 - root - INFO - new node validate average_precision, 0.9363
2025-10-02 06:44:49,299 - root - INFO - new node validate roc_auc, 0.9305
2025-10-02 06:45:08,799 - root - INFO - test loss: 0.1927
2025-10-02 06:45:08,799 - root - INFO - test average_precision, 0.9786
2025-10-02 06:45:08,799 - root - INFO - best test average_precision: 0.9824
2025-10-02 06:45:08,799 - root - INFO - test roc_auc, 0.9784
2025-10-02 06:45:08,799 - root - INFO - new node test loss: 0.2817
2025-10-02 06:45:08,799 - root - INFO - new node test average_precision, 0.9541
2025-10-02 06:45:08,799 - root - INFO - new node test roc_auc, 0.9546
2025-10-02 06:46:59,598 - root - INFO - Epoch: 53, learning rate: 0.0001, train loss: 0.1574
2025-10-02 06:46:59,599 - root - INFO - train average_precision, 0.9838
2025-10-02 06:46:59,599 - root - INFO - train roc_auc, 0.9838
2025-10-02 06:46:59,599 - root - INFO - validate loss: 0.1783
2025-10-02 06:46:59,600 - root - INFO - validate average_precision, 0.9816
2025-10-02 06:46:59,600 - root - INFO - validate roc_auc, 0.9809
2025-10-02 06:46:59,600 - root - INFO - new node validate loss: 0.3399
2025-10-02 06:46:59,600 - root - INFO - new node validate average_precision, 0.9386
2025-10-02 06:46:59,600 - root - INFO - new node validate roc_auc, 0.9333
2025-10-02 06:47:18,821 - root - INFO - test loss: 0.1996
2025-10-02 06:47:18,821 - root - INFO - test average_precision, 0.9777
2025-10-02 06:47:18,821 - root - INFO - best test average_precision: 0.9824
2025-10-02 06:47:18,821 - root - INFO - test roc_auc, 0.9774
2025-10-02 06:47:18,821 - root - INFO - new node test loss: 0.2771
2025-10-02 06:47:18,821 - root - INFO - new node test average_precision, 0.9568
2025-10-02 06:47:18,821 - root - INFO - new node test roc_auc, 0.9563
2025-10-02 06:49:09,022 - root - INFO - Epoch: 54, learning rate: 0.0001, train loss: 0.1572
2025-10-02 06:49:09,023 - root - INFO - train average_precision, 0.9838
2025-10-02 06:49:09,024 - root - INFO - train roc_auc, 0.9839
2025-10-02 06:49:09,024 - root - INFO - validate loss: 0.1729
2025-10-02 06:49:09,024 - root - INFO - validate average_precision, 0.9824
2025-10-02 06:49:09,024 - root - INFO - validate roc_auc, 0.9818
2025-10-02 06:49:09,024 - root - INFO - new node validate loss: 0.3470
2025-10-02 06:49:09,024 - root - INFO - new node validate average_precision, 0.9365
2025-10-02 06:49:09,024 - root - INFO - new node validate roc_auc, 0.9307
2025-10-02 06:49:28,477 - root - INFO - test loss: 0.1762
2025-10-02 06:49:28,477 - root - INFO - test average_precision, 0.9804
2025-10-02 06:49:28,477 - root - INFO - best test average_precision: 0.9824
2025-10-02 06:49:28,478 - root - INFO - test roc_auc, 0.9812
2025-10-02 06:49:28,478 - root - INFO - new node test loss: 0.2580
2025-10-02 06:49:28,478 - root - INFO - new node test average_precision, 0.9596
2025-10-02 06:49:28,478 - root - INFO - new node test roc_auc, 0.9607
2025-10-02 06:51:19,172 - root - INFO - Epoch: 55, learning rate: 0.0001, train loss: 0.1571
2025-10-02 06:51:19,172 - root - INFO - train average_precision, 0.9839
2025-10-02 06:51:19,173 - root - INFO - train roc_auc, 0.9839
2025-10-02 06:51:19,173 - root - INFO - validate loss: 0.1750
2025-10-02 06:51:19,173 - root - INFO - validate average_precision, 0.9825
2025-10-02 06:51:19,173 - root - INFO - validate roc_auc, 0.9818
2025-10-02 06:51:19,173 - root - INFO - new node validate loss: 0.3378
2025-10-02 06:51:19,173 - root - INFO - new node validate average_precision, 0.9371
2025-10-02 06:51:19,173 - root - INFO - new node validate roc_auc, 0.9319
2025-10-02 06:51:38,647 - root - INFO - test loss: 0.1850
2025-10-02 06:51:38,647 - root - INFO - test average_precision, 0.9805
2025-10-02 06:51:38,647 - root - INFO - best test average_precision: 0.9824
2025-10-02 06:51:38,647 - root - INFO - test roc_auc, 0.9806
2025-10-02 06:51:38,647 - root - INFO - new node test loss: 0.2619
2025-10-02 06:51:38,647 - root - INFO - new node test average_precision, 0.9579
2025-10-02 06:51:38,647 - root - INFO - new node test roc_auc, 0.9598
2025-10-02 06:53:30,029 - root - INFO - Epoch: 56, learning rate: 0.0001, train loss: 0.1565
2025-10-02 06:53:30,030 - root - INFO - train average_precision, 0.9839
2025-10-02 06:53:30,030 - root - INFO - train roc_auc, 0.9840
2025-10-02 06:53:30,030 - root - INFO - validate loss: 0.1745
2025-10-02 06:53:30,030 - root - INFO - validate average_precision, 0.9825
2025-10-02 06:53:30,031 - root - INFO - validate roc_auc, 0.9817
2025-10-02 06:53:30,031 - root - INFO - new node validate loss: 0.3367
2025-10-02 06:53:30,031 - root - INFO - new node validate average_precision, 0.9408
2025-10-02 06:53:30,031 - root - INFO - new node validate roc_auc, 0.9348
2025-10-02 06:53:49,520 - root - INFO - test loss: 0.1837
2025-10-02 06:53:49,520 - root - INFO - test average_precision, 0.9804
2025-10-02 06:53:49,520 - root - INFO - best test average_precision: 0.9824
2025-10-02 06:53:49,520 - root - INFO - test roc_auc, 0.9804
2025-10-02 06:53:49,521 - root - INFO - new node test loss: 0.2693
2025-10-02 06:53:49,521 - root - INFO - new node test average_precision, 0.9584
2025-10-02 06:53:49,521 - root - INFO - new node test roc_auc, 0.9591
2025-10-02 06:55:41,665 - root - INFO - Epoch: 57, learning rate: 0.0001, train loss: 0.1556
2025-10-02 06:55:41,666 - root - INFO - train average_precision, 0.9841
2025-10-02 06:55:41,666 - root - INFO - train roc_auc, 0.9842
2025-10-02 06:55:41,666 - root - INFO - validate loss: 0.1774
2025-10-02 06:55:41,666 - root - INFO - validate average_precision, 0.9817
2025-10-02 06:55:41,666 - root - INFO - validate roc_auc, 0.9811
2025-10-02 06:55:41,666 - root - INFO - new node validate loss: 0.3276
2025-10-02 06:55:41,666 - root - INFO - new node validate average_precision, 0.9416
2025-10-02 06:55:41,666 - root - INFO - new node validate roc_auc, 0.9365
2025-10-02 06:56:01,013 - root - INFO - test loss: 0.1855
2025-10-02 06:56:01,014 - root - INFO - test average_precision, 0.9798
2025-10-02 06:56:01,014 - root - INFO - best test average_precision: 0.9824
2025-10-02 06:56:01,014 - root - INFO - test roc_auc, 0.9798
2025-10-02 06:56:01,014 - root - INFO - new node test loss: 0.2446
2025-10-02 06:56:01,014 - root - INFO - new node test average_precision, 0.9645
2025-10-02 06:56:01,014 - root - INFO - new node test roc_auc, 0.9643
2025-10-02 06:57:52,493 - root - INFO - Epoch: 58, learning rate: 0.0001, train loss: 0.1553
2025-10-02 06:57:52,494 - root - INFO - train average_precision, 0.9841
2025-10-02 06:57:52,494 - root - INFO - train roc_auc, 0.9842
2025-10-02 06:57:52,494 - root - INFO - validate loss: 0.1755
2025-10-02 06:57:52,495 - root - INFO - validate average_precision, 0.9822
2025-10-02 06:57:52,495 - root - INFO - validate roc_auc, 0.9815
2025-10-02 06:57:52,495 - root - INFO - new node validate loss: 0.3328
2025-10-02 06:57:52,495 - root - INFO - new node validate average_precision, 0.9396
2025-10-02 06:57:52,495 - root - INFO - new node validate roc_auc, 0.9343
2025-10-02 06:58:12,010 - root - INFO - test loss: 0.1844
2025-10-02 06:58:12,010 - root - INFO - test average_precision, 0.9804
2025-10-02 06:58:12,010 - root - INFO - best test average_precision: 0.9824
2025-10-02 06:58:12,011 - root - INFO - test roc_auc, 0.9801
2025-10-02 06:58:12,011 - root - INFO - new node test loss: 0.2603
2025-10-02 06:58:12,011 - root - INFO - new node test average_precision, 0.9590
2025-10-02 06:58:12,011 - root - INFO - new node test roc_auc, 0.9599
2025-10-02 07:00:03,708 - root - INFO - Epoch: 59, learning rate: 0.0001, train loss: 0.1549
2025-10-02 07:00:03,709 - root - INFO - train average_precision, 0.9843
2025-10-02 07:00:03,709 - root - INFO - train roc_auc, 0.9843
2025-10-02 07:00:03,709 - root - INFO - validate loss: 0.1769
2025-10-02 07:00:03,709 - root - INFO - validate average_precision, 0.9822
2025-10-02 07:00:03,709 - root - INFO - validate roc_auc, 0.9814
2025-10-02 07:00:03,709 - root - INFO - new node validate loss: 0.3398
2025-10-02 07:00:03,709 - root - INFO - new node validate average_precision, 0.9363
2025-10-02 07:00:03,710 - root - INFO - new node validate roc_auc, 0.9319
2025-10-02 07:00:23,246 - root - INFO - test loss: 0.1791
2025-10-02 07:00:23,246 - root - INFO - test average_precision, 0.9820
2025-10-02 07:00:23,246 - root - INFO - best test average_precision: 0.9824
2025-10-02 07:00:23,246 - root - INFO - test roc_auc, 0.9816
2025-10-02 07:00:23,246 - root - INFO - new node test loss: 0.2621
2025-10-02 07:00:23,246 - root - INFO - new node test average_precision, 0.9593
2025-10-02 07:00:23,246 - root - INFO - new node test roc_auc, 0.9594
2025-10-02 07:02:15,411 - root - INFO - Epoch: 60, learning rate: 0.0001, train loss: 0.1557
2025-10-02 07:02:15,412 - root - INFO - train average_precision, 0.9841
2025-10-02 07:02:15,412 - root - INFO - train roc_auc, 0.9842
2025-10-02 07:02:15,412 - root - INFO - validate loss: 0.1752
2025-10-02 07:02:15,412 - root - INFO - validate average_precision, 0.9825
2025-10-02 07:02:15,413 - root - INFO - validate roc_auc, 0.9817
2025-10-02 07:02:15,413 - root - INFO - new node validate loss: 0.3461
2025-10-02 07:02:15,413 - root - INFO - new node validate average_precision, 0.9362
2025-10-02 07:02:15,413 - root - INFO - new node validate roc_auc, 0.9307
2025-10-02 07:02:34,978 - root - INFO - test loss: 0.1781
2025-10-02 07:02:34,978 - root - INFO - test average_precision, 0.9823
2025-10-02 07:02:34,979 - root - INFO - best test average_precision: 0.9824
2025-10-02 07:02:34,979 - root - INFO - test roc_auc, 0.9818
2025-10-02 07:02:34,979 - root - INFO - new node test loss: 0.2567
2025-10-02 07:02:34,979 - root - INFO - new node test average_precision, 0.9604
2025-10-02 07:02:34,979 - root - INFO - new node test roc_auc, 0.9610
2025-10-02 07:04:26,828 - root - INFO - Epoch: 61, learning rate: 0.0001, train loss: 0.1540
2025-10-02 07:04:26,829 - root - INFO - train average_precision, 0.9844
2025-10-02 07:04:26,829 - root - INFO - train roc_auc, 0.9845
2025-10-02 07:04:26,829 - root - INFO - validate loss: 0.1762
2025-10-02 07:04:26,829 - root - INFO - validate average_precision, 0.9822
2025-10-02 07:04:26,829 - root - INFO - validate roc_auc, 0.9814
2025-10-02 07:04:26,829 - root - INFO - new node validate loss: 0.3528
2025-10-02 07:04:26,829 - root - INFO - new node validate average_precision, 0.9342
2025-10-02 07:04:26,830 - root - INFO - new node validate roc_auc, 0.9294
2025-10-02 07:04:46,114 - root - INFO - test loss: 0.1907
2025-10-02 07:04:46,114 - root - INFO - test average_precision, 0.9789
2025-10-02 07:04:46,115 - root - INFO - best test average_precision: 0.9824
2025-10-02 07:04:46,115 - root - INFO - test roc_auc, 0.9790
2025-10-02 07:04:46,115 - root - INFO - new node test loss: 0.2743
2025-10-02 07:04:46,115 - root - INFO - new node test average_precision, 0.9554
2025-10-02 07:04:46,115 - root - INFO - new node test roc_auc, 0.9572
2025-10-02 07:06:37,230 - root - INFO - Epoch: 62, learning rate: 0.0001, train loss: 0.1544
2025-10-02 07:06:37,230 - root - INFO - train average_precision, 0.9842
2025-10-02 07:06:37,231 - root - INFO - train roc_auc, 0.9844
2025-10-02 07:06:37,231 - root - INFO - validate loss: 0.1776
2025-10-02 07:06:37,231 - root - INFO - validate average_precision, 0.9819
2025-10-02 07:06:37,231 - root - INFO - validate roc_auc, 0.9811
2025-10-02 07:06:37,231 - root - INFO - new node validate loss: 0.3438
2025-10-02 07:06:37,231 - root - INFO - new node validate average_precision, 0.9372
2025-10-02 07:06:37,231 - root - INFO - new node validate roc_auc, 0.9320
2025-10-02 07:06:56,671 - root - INFO - test loss: 0.1932
2025-10-02 07:06:56,671 - root - INFO - test average_precision, 0.9787
2025-10-02 07:06:56,671 - root - INFO - best test average_precision: 0.9824
2025-10-02 07:06:56,671 - root - INFO - test roc_auc, 0.9786
2025-10-02 07:06:56,671 - root - INFO - new node test loss: 0.2709
2025-10-02 07:06:56,671 - root - INFO - new node test average_precision, 0.9567
2025-10-02 07:06:56,671 - root - INFO - new node test roc_auc, 0.9581
2025-10-02 07:08:47,956 - root - INFO - Epoch: 63, learning rate: 0.0001, train loss: 0.1557
2025-10-02 07:08:47,957 - root - INFO - train average_precision, 0.9840
2025-10-02 07:08:47,957 - root - INFO - train roc_auc, 0.9841
2025-10-02 07:08:47,957 - root - INFO - validate loss: 0.1725
2025-10-02 07:08:47,958 - root - INFO - validate average_precision, 0.9827
2025-10-02 07:08:47,958 - root - INFO - validate roc_auc, 0.9820
2025-10-02 07:08:47,958 - root - INFO - new node validate loss: 0.3496
2025-10-02 07:08:47,958 - root - INFO - new node validate average_precision, 0.9362
2025-10-02 07:08:47,958 - root - INFO - new node validate roc_auc, 0.9304
2025-10-02 07:09:07,393 - root - INFO - test loss: 0.1724
2025-10-02 07:09:07,393 - root - INFO - test average_precision, 0.9825
2025-10-02 07:09:07,393 - root - INFO - best test average_precision: 0.9825
2025-10-02 07:09:07,393 - root - INFO - test roc_auc, 0.9821
2025-10-02 07:09:07,393 - root - INFO - new node test loss: 0.2526
2025-10-02 07:09:07,393 - root - INFO - new node test average_precision, 0.9610
2025-10-02 07:09:07,393 - root - INFO - new node test roc_auc, 0.9620
2025-10-02 07:10:59,109 - root - INFO - Epoch: 64, learning rate: 0.0001, train loss: 0.1538
2025-10-02 07:10:59,109 - root - INFO - train average_precision, 0.9844
2025-10-02 07:10:59,110 - root - INFO - train roc_auc, 0.9845
2025-10-02 07:10:59,110 - root - INFO - validate loss: 0.1770
2025-10-02 07:10:59,110 - root - INFO - validate average_precision, 0.9819
2025-10-02 07:10:59,110 - root - INFO - validate roc_auc, 0.9813
2025-10-02 07:10:59,110 - root - INFO - new node validate loss: 0.3483
2025-10-02 07:10:59,110 - root - INFO - new node validate average_precision, 0.9350
2025-10-02 07:10:59,110 - root - INFO - new node validate roc_auc, 0.9303
2025-10-02 07:11:18,579 - root - INFO - test loss: 0.1909
2025-10-02 07:11:18,579 - root - INFO - test average_precision, 0.9786
2025-10-02 07:11:18,579 - root - INFO - best test average_precision: 0.9825
2025-10-02 07:11:18,579 - root - INFO - test roc_auc, 0.9791
2025-10-02 07:11:18,579 - root - INFO - new node test loss: 0.2690
2025-10-02 07:11:18,580 - root - INFO - new node test average_precision, 0.9561
2025-10-02 07:11:18,580 - root - INFO - new node test roc_auc, 0.9584
2025-10-02 07:13:09,507 - root - INFO - Epoch: 65, learning rate: 0.0001, train loss: 0.1540
2025-10-02 07:13:09,508 - root - INFO - train average_precision, 0.9843
2025-10-02 07:13:09,508 - root - INFO - train roc_auc, 0.9845
2025-10-02 07:13:09,508 - root - INFO - validate loss: 0.1785
2025-10-02 07:13:09,508 - root - INFO - validate average_precision, 0.9819
2025-10-02 07:13:09,508 - root - INFO - validate roc_auc, 0.9811
2025-10-02 07:13:09,508 - root - INFO - new node validate loss: 0.3551
2025-10-02 07:13:09,509 - root - INFO - new node validate average_precision, 0.9362
2025-10-02 07:13:09,509 - root - INFO - new node validate roc_auc, 0.9303
2025-10-02 07:13:28,876 - root - INFO - test loss: 0.1941
2025-10-02 07:13:28,876 - root - INFO - test average_precision, 0.9777
2025-10-02 07:13:28,876 - root - INFO - best test average_precision: 0.9825
2025-10-02 07:13:28,876 - root - INFO - test roc_auc, 0.9783
2025-10-02 07:13:28,876 - root - INFO - new node test loss: 0.2773
2025-10-02 07:13:28,876 - root - INFO - new node test average_precision, 0.9556
2025-10-02 07:13:28,876 - root - INFO - new node test roc_auc, 0.9565
2025-10-02 07:15:21,219 - root - INFO - Epoch: 66, learning rate: 0.0001, train loss: 0.1539
2025-10-02 07:15:21,220 - root - INFO - train average_precision, 0.9844
2025-10-02 07:15:21,220 - root - INFO - train roc_auc, 0.9845
2025-10-02 07:15:21,220 - root - INFO - validate loss: 0.1734
2025-10-02 07:15:21,221 - root - INFO - validate average_precision, 0.9828
2025-10-02 07:15:21,221 - root - INFO - validate roc_auc, 0.9820
2025-10-02 07:15:21,221 - root - INFO - new node validate loss: 0.3428
2025-10-02 07:15:21,221 - root - INFO - new node validate average_precision, 0.9375
2025-10-02 07:15:21,221 - root - INFO - new node validate roc_auc, 0.9326
2025-10-02 07:15:41,019 - root - INFO - test loss: 0.1783
2025-10-02 07:15:41,019 - root - INFO - test average_precision, 0.9815
2025-10-02 07:15:41,019 - root - INFO - best test average_precision: 0.9825
2025-10-02 07:15:41,019 - root - INFO - test roc_auc, 0.9814
2025-10-02 07:15:41,019 - root - INFO - new node test loss: 0.2603
2025-10-02 07:15:41,019 - root - INFO - new node test average_precision, 0.9571
2025-10-02 07:15:41,019 - root - INFO - new node test roc_auc, 0.9599
2025-10-02 07:17:33,182 - root - INFO - Epoch: 67, learning rate: 0.0001, train loss: 0.1538
2025-10-02 07:17:33,183 - root - INFO - train average_precision, 0.9844
2025-10-02 07:17:33,183 - root - INFO - train roc_auc, 0.9845
2025-10-02 07:17:33,183 - root - INFO - validate loss: 0.1734
2025-10-02 07:17:33,183 - root - INFO - validate average_precision, 0.9828
2025-10-02 07:17:33,183 - root - INFO - validate roc_auc, 0.9819
2025-10-02 07:17:33,183 - root - INFO - new node validate loss: 0.3465
2025-10-02 07:17:33,183 - root - INFO - new node validate average_precision, 0.9371
2025-10-02 07:17:33,183 - root - INFO - new node validate roc_auc, 0.9316
2025-10-02 07:17:52,610 - root - INFO - test loss: 0.1794
2025-10-02 07:17:52,610 - root - INFO - test average_precision, 0.9814
2025-10-02 07:17:52,610 - root - INFO - best test average_precision: 0.9825
2025-10-02 07:17:52,610 - root - INFO - test roc_auc, 0.9810
2025-10-02 07:17:52,610 - root - INFO - new node test loss: 0.2662
2025-10-02 07:17:52,610 - root - INFO - new node test average_precision, 0.9571
2025-10-02 07:17:52,610 - root - INFO - new node test roc_auc, 0.9603
2025-10-02 07:19:44,564 - root - INFO - Epoch: 68, learning rate: 0.0001, train loss: 0.1537
2025-10-02 07:19:44,565 - root - INFO - train average_precision, 0.9843
2025-10-02 07:19:44,565 - root - INFO - train roc_auc, 0.9845
2025-10-02 07:19:44,565 - root - INFO - validate loss: 0.1782
2025-10-02 07:19:44,565 - root - INFO - validate average_precision, 0.9819
2025-10-02 07:19:44,566 - root - INFO - validate roc_auc, 0.9811
2025-10-02 07:19:44,566 - root - INFO - new node validate loss: 0.3513
2025-10-02 07:19:44,566 - root - INFO - new node validate average_precision, 0.9351
2025-10-02 07:19:44,566 - root - INFO - new node validate roc_auc, 0.9307
2025-10-02 07:20:04,042 - root - INFO - test loss: 0.2053
2025-10-02 07:20:04,042 - root - INFO - test average_precision, 0.9771
2025-10-02 07:20:04,042 - root - INFO - best test average_precision: 0.9825
2025-10-02 07:20:04,042 - root - INFO - test roc_auc, 0.9769
2025-10-02 07:20:04,042 - root - INFO - new node test loss: 0.2979
2025-10-02 07:20:04,042 - root - INFO - new node test average_precision, 0.9502
2025-10-02 07:20:04,042 - root - INFO - new node test roc_auc, 0.9525
2025-10-02 07:21:55,257 - root - INFO - Epoch: 69, learning rate: 0.0001, train loss: 0.1540
2025-10-02 07:21:55,258 - root - INFO - train average_precision, 0.9842
2025-10-02 07:21:55,259 - root - INFO - train roc_auc, 0.9845
2025-10-02 07:21:55,259 - root - INFO - validate loss: 0.1813
2025-10-02 07:21:55,259 - root - INFO - validate average_precision, 0.9810
2025-10-02 07:21:55,259 - root - INFO - validate roc_auc, 0.9804
2025-10-02 07:21:55,259 - root - INFO - new node validate loss: 0.3519
2025-10-02 07:21:55,259 - root - INFO - new node validate average_precision, 0.9364
2025-10-02 07:21:55,259 - root - INFO - new node validate roc_auc, 0.9308
2025-10-02 07:22:14,479 - root - INFO - test loss: 0.2098
2025-10-02 07:22:14,479 - root - INFO - test average_precision, 0.9744
2025-10-02 07:22:14,479 - root - INFO - best test average_precision: 0.9825
2025-10-02 07:22:14,479 - root - INFO - test roc_auc, 0.9763
2025-10-02 07:22:14,479 - root - INFO - new node test loss: 0.2864
2025-10-02 07:22:14,479 - root - INFO - new node test average_precision, 0.9522
2025-10-02 07:22:14,479 - root - INFO - new node test roc_auc, 0.9546
2025-10-02 07:24:06,269 - root - INFO - Epoch: 70, learning rate: 0.0001, train loss: 0.1523
2025-10-02 07:24:06,270 - root - INFO - train average_precision, 0.9846
2025-10-02 07:24:06,270 - root - INFO - train roc_auc, 0.9848
2025-10-02 07:24:06,270 - root - INFO - validate loss: 0.1779
2025-10-02 07:24:06,270 - root - INFO - validate average_precision, 0.9816
2025-10-02 07:24:06,270 - root - INFO - validate roc_auc, 0.9809
2025-10-02 07:24:06,271 - root - INFO - new node validate loss: 0.3561
2025-10-02 07:24:06,271 - root - INFO - new node validate average_precision, 0.9337
2025-10-02 07:24:06,271 - root - INFO - new node validate roc_auc, 0.9296
2025-10-02 07:24:26,034 - root - INFO - test loss: 0.1980
2025-10-02 07:24:26,034 - root - INFO - test average_precision, 0.9767
2025-10-02 07:24:26,034 - root - INFO - best test average_precision: 0.9825
2025-10-02 07:24:26,035 - root - INFO - test roc_auc, 0.9771
2025-10-02 07:24:26,035 - root - INFO - new node test loss: 0.2885
2025-10-02 07:24:26,035 - root - INFO - new node test average_precision, 0.9487
2025-10-02 07:24:26,035 - root - INFO - new node test roc_auc, 0.9522
2025-10-02 07:26:16,418 - root - INFO - Epoch: 71, learning rate: 0.0001, train loss: 0.1520
2025-10-02 07:26:16,419 - root - INFO - train average_precision, 0.9848
2025-10-02 07:26:16,419 - root - INFO - train roc_auc, 0.9849
2025-10-02 07:26:16,419 - root - INFO - validate loss: 0.1786
2025-10-02 07:26:16,419 - root - INFO - validate average_precision, 0.9817
2025-10-02 07:26:16,419 - root - INFO - validate roc_auc, 0.9810
2025-10-02 07:26:16,419 - root - INFO - new node validate loss: 0.3487
2025-10-02 07:26:16,419 - root - INFO - new node validate average_precision, 0.9357
2025-10-02 07:26:16,419 - root - INFO - new node validate roc_auc, 0.9310
2025-10-02 07:26:35,967 - root - INFO - test loss: 0.2162
2025-10-02 07:26:35,968 - root - INFO - test average_precision, 0.9738
2025-10-02 07:26:35,968 - root - INFO - best test average_precision: 0.9825
2025-10-02 07:26:35,968 - root - INFO - test roc_auc, 0.9765
2025-10-02 07:26:35,968 - root - INFO - new node test loss: 0.2738
2025-10-02 07:26:35,968 - root - INFO - new node test average_precision, 0.9550
2025-10-02 07:26:35,968 - root - INFO - new node test roc_auc, 0.9575
2025-10-02 07:26:35,968 - root - INFO - load model ./saved_models/JODIE/reddit/JODIE_original_seed0/JODIE_original_seed0.pkl
2025-10-02 07:26:37,438 - root - INFO - get final performance on dataset reddit...
2025-10-02 07:26:58,093 - root - INFO - test loss: 0.1734
2025-10-02 07:26:58,093 - root - INFO - test average_precision, 0.9821
2025-10-02 07:26:58,093 - root - INFO - test roc_auc, 0.9823
2025-10-02 07:26:58,093 - root - INFO - new node test loss: 0.2498
2025-10-02 07:26:58,094 - root - INFO - new node test average_precision, 0.9624
2025-10-02 07:26:58,094 - root - INFO - new node test roc_auc, 0.9626
2025-10-02 07:26:58,094 - root - INFO - Run 1 cost 9329.34 seconds.
