2025-10-08 05:54:39,340 - root - INFO - ********** Run 2 starts. **********
2025-10-08 05:54:39,340 - root - INFO - configuration is Namespace(dataset_name='Contacts', batch_size=200, model_name='GraphMixer', gpu=0, num_neighbors=20, sample_neighbor_strategy='recent', time_scaling_factor=1e-06, num_walk_heads=8, num_heads=2, num_layers=2, walk_length=1, time_gap=2000, time_feat_dim=100, position_feat_dim=172, time_window_mode='fixed_proportion', time_encoder_type='mercer', expert_dim=128, num_mixtures=16, sort_neighbors_by_time=False, patch_size=1, channel_embedding_dim=50, max_input_sequence_length=32, learning_rate=0.0001, dropout=0.1, gamma=0.5, num_epochs=2, optimizer='Adam', weight_decay=0.0, patience=20, val_ratio=0.15, test_ratio=0.15, num_runs=2, test_interval_epochs=100, negative_sample_strategy='random', max_interaction_times=10, load_best_configs=True, data_ratio=0.05, seed=1, save_model_name_suffix='', ablation_dir='', mamba_d_state=256, mamba_d_conv=4, mamba_expand=2, mamba_headdim=64, resume_from_checkpoint=None, save_checkpoints=True, checkpoint_interval=20, start_from_seed=0, max_checkpoints_to_keep=3, checkpoint_strategy='minimal', validate_checkpoints=True, device='cuda:0', save_model_name='GraphMixer_mercer_seed1')
2025-10-08 05:54:39,342 - root - INFO - Metrics will be saved to: ./saved_metrics/GraphMixer/Contacts/GraphMixer_mercer_seed1
2025-10-08 05:54:39,343 - root - INFO - time encoder type: mercer
2025-10-08 05:54:39,343 - root - INFO - Time encoder will be injected into GraphMixer model
2025-10-08 05:54:40,279 - root - INFO - model -> Sequential(
  (0): GraphMixer(
    (time_encoder): TimeEncoderWrapper(
      (encoder): MercerTimeEncoder()
    )
    (projection_layer): Linear(in_features=272, out_features=172, bias=True)
    (mlp_mixers): ModuleList(
      (0-1): 2 x MLPMixer(
        (token_norm): LayerNorm((20,), eps=1e-05, elementwise_affine=True)
        (token_feedforward): FeedForwardNet(
          (ffn): Sequential(
            (0): Linear(in_features=20, out_features=10, bias=True)
            (1): GELU(approximate='none')
            (2): Dropout(p=0.1, inplace=False)
            (3): Linear(in_features=10, out_features=20, bias=True)
            (4): Dropout(p=0.1, inplace=False)
          )
        )
        (channel_norm): LayerNorm((172,), eps=1e-05, elementwise_affine=True)
        (channel_feedforward): FeedForwardNet(
          (ffn): Sequential(
            (0): Linear(in_features=172, out_features=688, bias=True)
            (1): GELU(approximate='none')
            (2): Dropout(p=0.1, inplace=False)
            (3): Linear(in_features=688, out_features=172, bias=True)
            (4): Dropout(p=0.1, inplace=False)
          )
        )
      )
    )
    (output_layer): Linear(in_features=344, out_features=172, bias=True)
  )
  (1): MergeLayer(
    (fc1): Linear(in_features=344, out_features=172, bias=True)
    (fc2): Linear(in_features=172, out_features=1, bias=True)
    (act): ReLU()
  )
)
2025-10-08 05:54:40,280 - root - INFO - model name: GraphMixer, #parameters: 2577204 B, 2516.80078125 KB, 2.457813262939453 MB.
2025-10-08 05:54:58,605 - root - INFO - Epoch: 1, learning rate: 0.0001, train loss: 0.4862
2025-10-08 05:54:58,606 - root - INFO - train average_precision, 0.7551
2025-10-08 05:54:58,606 - root - INFO - train roc_auc, 0.8280
2025-10-08 05:54:58,606 - root - INFO - validate loss: 0.4829
2025-10-08 05:54:58,606 - root - INFO - validate average_precision, 0.7475
2025-10-08 05:54:58,606 - root - INFO - validate roc_auc, 0.8232
2025-10-08 05:54:58,606 - root - INFO - new node validate loss: 0.6397
2025-10-08 05:54:58,606 - root - INFO - new node validate average_precision, 0.6425
2025-10-08 05:54:58,606 - root - INFO - new node validate roc_auc, 0.6909
2025-10-08 05:54:58,622 - root - INFO - save model ./saved_models/GraphMixer/Contacts/GraphMixer_mercer_seed1/GraphMixer_mercer_seed1.pkl
2025-10-08 05:55:16,608 - root - INFO - Epoch: 2, learning rate: 0.0001, train loss: 0.3942
2025-10-08 05:55:16,609 - root - INFO - train average_precision, 0.8422
2025-10-08 05:55:16,609 - root - INFO - train roc_auc, 0.8835
2025-10-08 05:55:16,609 - root - INFO - validate loss: 0.4566
2025-10-08 05:55:16,609 - root - INFO - validate average_precision, 0.7989
2025-10-08 05:55:16,609 - root - INFO - validate roc_auc, 0.8476
2025-10-08 05:55:16,609 - root - INFO - new node validate loss: 0.6459
2025-10-08 05:55:16,610 - root - INFO - new node validate average_precision, 0.6792
2025-10-08 05:55:16,610 - root - INFO - new node validate roc_auc, 0.7121
2025-10-08 05:55:16,616 - root - INFO - save model ./saved_models/GraphMixer/Contacts/GraphMixer_mercer_seed1/GraphMixer_mercer_seed1.pkl
2025-10-08 05:55:16,646 - root - INFO - load model ./saved_models/GraphMixer/Contacts/GraphMixer_mercer_seed1/GraphMixer_mercer_seed1.pkl
2025-10-08 05:55:16,661 - root - INFO - get final performance on dataset Contacts...
2025-10-08 05:55:22,919 - root - INFO - validate loss: 0.4566
2025-10-08 05:55:22,919 - root - INFO - validate average_precision, 0.7989
2025-10-08 05:55:22,920 - root - INFO - validate roc_auc, 0.8476
2025-10-08 05:55:22,920 - root - INFO - new node validate loss: 0.6459
2025-10-08 05:55:22,920 - root - INFO - new node validate average_precision, 0.6792
2025-10-08 05:55:22,920 - root - INFO - new node validate roc_auc, 0.7121
2025-10-08 05:55:22,920 - root - INFO - test loss: 0.4267
2025-10-08 05:55:22,920 - root - INFO - test average_precision, 0.8644
2025-10-08 05:55:22,920 - root - INFO - test roc_auc, 0.8917
2025-10-08 05:55:22,920 - root - INFO - new node test loss: 0.4922
2025-10-08 05:55:22,920 - root - INFO - new node test average_precision, 0.8065
2025-10-08 05:55:22,920 - root - INFO - new node test roc_auc, 0.8373
2025-10-08 05:55:22,930 - root - INFO - ✅ Metrics saved to: ./saved_metrics/GraphMixer/Contacts/GraphMixer_mercer_seed1
2025-10-08 05:55:22,930 - root - INFO - Run 2 cost 43.59 seconds.
2025-10-08 05:55:22,934 - root - INFO - metrics over 2 runs:
2025-10-08 05:55:22,934 - root - INFO - validate average_precision, [np.float64(0.7961244122238662), np.float64(0.7989195278970503)]
2025-10-08 05:55:22,934 - root - INFO - average validate average_precision, 0.7975 ± 0.0020
2025-10-08 05:55:22,934 - root - INFO - validate roc_auc, [np.float64(0.8469002202207474), np.float64(0.8475721671806689)]
2025-10-08 05:55:22,934 - root - INFO - average validate roc_auc, 0.8472 ± 0.0005
2025-10-08 05:55:22,934 - root - INFO - new node validate average_precision, [np.float64(0.6777126591894267), np.float64(0.6791500001096804)]
2025-10-08 05:55:22,935 - root - INFO - average new node validate average_precision, 0.6784 ± 0.0010
2025-10-08 05:55:22,935 - root - INFO - new node validate roc_auc, [np.float64(0.7101178206997085), np.float64(0.7121344023323616)]
2025-10-08 05:55:22,935 - root - INFO - average new node validate roc_auc, 0.7111 ± 0.0014
2025-10-08 05:55:22,935 - root - INFO - test average_precision, [np.float64(0.8690210103541941), np.float64(0.864433876426828)]
2025-10-08 05:55:22,935 - root - INFO - average test average_precision, 0.8667 ± 0.0032
2025-10-08 05:55:22,935 - root - INFO - test roc_auc, [np.float64(0.8961252994157568), np.float64(0.8916614271679449)]
2025-10-08 05:55:22,935 - root - INFO - average test roc_auc, 0.8939 ± 0.0032
2025-10-08 05:55:22,935 - root - INFO - new node test average_precision, [np.float64(0.80998436491486), np.float64(0.8064508119169426)]
2025-10-08 05:55:22,935 - root - INFO - average new node test average_precision, 0.8082 ± 0.0025
2025-10-08 05:55:22,936 - root - INFO - new node test roc_auc, [np.float64(0.842003684201601), np.float64(0.8372994739277477)]
2025-10-08 05:55:22,936 - root - INFO - average new node test roc_auc, 0.8397 ± 0.0033
