2025-10-08 06:36:00,274 - root - INFO - ********** Run 2 starts. **********
2025-10-08 06:36:00,274 - root - INFO - configuration is Namespace(dataset_name='mooc', batch_size=200, model_name='DyGMamba', gpu=0, num_neighbors=20, sample_neighbor_strategy='uniform', time_scaling_factor=1e-06, num_walk_heads=8, num_heads=2, num_layers=2, walk_length=1, time_gap=2000, time_feat_dim=100, position_feat_dim=172, time_window_mode='fixed_proportion', time_encoder_type='mercer', expert_dim=128, num_mixtures=16, sort_neighbors_by_time=False, patch_size=8, channel_embedding_dim=50, max_input_sequence_length=256, learning_rate=0.0001, dropout=0.1, gamma=0.5, num_epochs=2, optimizer='Adam', weight_decay=0.0, patience=20, val_ratio=0.15, test_ratio=0.15, num_runs=2, test_interval_epochs=100, negative_sample_strategy='random', max_interaction_times=10, load_best_configs=True, data_ratio=0.05, seed=1, save_model_name_suffix='', ablation_dir='', mamba_d_state=256, mamba_d_conv=4, mamba_expand=2, mamba_headdim=64, resume_from_checkpoint=None, save_checkpoints=True, checkpoint_interval=20, start_from_seed=0, max_checkpoints_to_keep=3, checkpoint_strategy='minimal', validate_checkpoints=True, device='cuda:0', save_model_name='DyGMamba_mercer_seed1')
2025-10-08 06:36:00,275 - root - INFO - Metrics will be saved to: ./saved_metrics/DyGMamba/mooc/DyGMamba_mercer_seed1
2025-10-08 06:36:00,276 - root - INFO - time encoder type: mercer
2025-10-08 06:36:00,276 - root - INFO - Time encoder will be injected into DyGMamba model
2025-10-08 06:36:00,414 - root - INFO - model -> Sequential(
  (0): DyGMamba(
    (time_encoder): TimeEncoderWrapper(
      (encoder): MercerTimeEncoder()
    )
    (neighbor_co_occurrence_encoder): NIFEncoder(
      (nif_encode_layer): Sequential(
        (0): Linear(in_features=1, out_features=50, bias=True)
        (1): ReLU()
        (2): Linear(in_features=50, out_features=50, bias=True)
      )
    )
    (projection_layer): ModuleDict(
      (node): Linear(in_features=1376, out_features=50, bias=True)
      (edge): Linear(in_features=1376, out_features=50, bias=True)
      (time): Linear(in_features=800, out_features=50, bias=True)
      (neighbor_co_occurrence): Linear(in_features=400, out_features=50, bias=True)
    )
    (output_layer): Linear(in_features=100, out_features=172, bias=True)
    (output_layer_t_diff): Linear(in_features=25, out_features=172, bias=True)
    (mamba): ModuleList(
      (0-1): 2 x Mamba(
        (in_proj): Linear(in_features=100, out_features=200, bias=False)
        (conv1d): Conv1d(100, 100, kernel_size=(4,), stride=(1,), padding=(3,), groups=100)
        (act): SiLU()
        (x_proj): Linear(in_features=100, out_features=39, bias=False)
        (dt_proj): Linear(in_features=7, out_features=100, bias=True)
        (out_proj): Linear(in_features=100, out_features=100, bias=False)
      )
    )
    (mamba_t_diff): ModuleList(
      (0-1): 2 x Mamba(
        (in_proj): Linear(in_features=25, out_features=50, bias=False)
        (conv1d): Conv1d(25, 25, kernel_size=(4,), stride=(1,), padding=(3,), groups=25)
        (act): SiLU()
        (x_proj): Linear(in_features=25, out_features=34, bias=False)
        (dt_proj): Linear(in_features=2, out_features=25, bias=True)
        (out_proj): Linear(in_features=25, out_features=25, bias=False)
      )
    )
    (projection_layer_t_diff): Linear(in_features=100, out_features=25, bias=True)
    (projection_layer_t_diff_up): Linear(in_features=25, out_features=100, bias=True)
    (weightagg): Linear(in_features=100, out_features=1, bias=True)
    (reduce_layer): Linear(in_features=200, out_features=100, bias=True)
    (channel_norm): LayerNorm((100,), eps=1e-05, elementwise_affine=True)
    (channel_feedforward): FeedForwardNet(
      (ffn): Sequential(
        (0): Linear(in_features=100, out_features=400, bias=True)
        (1): GELU(approximate='none')
        (2): Dropout(p=0.1, inplace=False)
        (3): Linear(in_features=400, out_features=100, bias=True)
        (4): Dropout(p=0.1, inplace=False)
      )
    )
    (neighbor_selection_layer): Linear(in_features=100, out_features=100, bias=True)
  )
  (1): MergeLayerTD(
    (fc1): Linear(in_features=516, out_features=172, bias=True)
    (fc2): Linear(in_features=172, out_features=1, bias=True)
    (act): ReLU()
  )
)
2025-10-08 06:36:00,414 - root - INFO - model name: DyGMamba, #parameters: 2039268 B, 1991.47265625 KB, 1.9447975158691406 MB.
2025-10-08 06:36:21,763 - root - INFO - Epoch: 1, learning rate: 0.0001, train loss: 0.6345
2025-10-08 06:36:21,764 - root - INFO - train average_precision, 0.5947
2025-10-08 06:36:21,764 - root - INFO - train roc_auc, 0.6420
2025-10-08 06:36:21,764 - root - INFO - validate loss: 0.6173
2025-10-08 06:36:21,764 - root - INFO - validate average_precision, 0.6177
2025-10-08 06:36:21,764 - root - INFO - validate roc_auc, 0.6557
2025-10-08 06:36:21,764 - root - INFO - new node validate loss: 0.6927
2025-10-08 06:36:21,764 - root - INFO - new node validate average_precision, 0.5665
2025-10-08 06:36:21,764 - root - INFO - new node validate roc_auc, 0.5712
2025-10-08 06:36:21,773 - root - INFO - save model ./saved_models/DyGMamba/mooc/DyGMamba_mercer_seed1/DyGMamba_mercer_seed1.pkl
2025-10-08 06:36:42,403 - root - INFO - Epoch: 2, learning rate: 0.0001, train loss: 0.6173
2025-10-08 06:36:42,404 - root - INFO - train average_precision, 0.6282
2025-10-08 06:36:42,404 - root - INFO - train roc_auc, 0.6737
2025-10-08 06:36:42,404 - root - INFO - validate loss: 0.6190
2025-10-08 06:36:42,404 - root - INFO - validate average_precision, 0.6163
2025-10-08 06:36:42,404 - root - INFO - validate roc_auc, 0.6534
2025-10-08 06:36:42,404 - root - INFO - new node validate loss: 0.6869
2025-10-08 06:36:42,404 - root - INFO - new node validate average_precision, 0.5583
2025-10-08 06:36:42,404 - root - INFO - new node validate roc_auc, 0.5645
2025-10-08 06:36:42,410 - root - INFO - load model ./saved_models/DyGMamba/mooc/DyGMamba_mercer_seed1/DyGMamba_mercer_seed1.pkl
2025-10-08 06:36:42,421 - root - INFO - get final performance on dataset mooc...
2025-10-08 06:36:54,215 - root - INFO - validate loss: 0.6173
2025-10-08 06:36:54,215 - root - INFO - validate average_precision, 0.6177
2025-10-08 06:36:54,216 - root - INFO - validate roc_auc, 0.6557
2025-10-08 06:36:54,216 - root - INFO - new node validate loss: 0.6927
2025-10-08 06:36:54,216 - root - INFO - new node validate average_precision, 0.5665
2025-10-08 06:36:54,216 - root - INFO - new node validate roc_auc, 0.5712
2025-10-08 06:36:54,216 - root - INFO - test loss: 0.6238
2025-10-08 06:36:54,216 - root - INFO - test average_precision, 0.6013
2025-10-08 06:36:54,216 - root - INFO - test roc_auc, 0.6403
2025-10-08 06:36:54,216 - root - INFO - new node test loss: 0.6977
2025-10-08 06:36:54,216 - root - INFO - new node test average_precision, 0.5400
2025-10-08 06:36:54,216 - root - INFO - new node test roc_auc, 0.5353
2025-10-08 06:36:54,225 - root - INFO - ✅ Metrics saved to: ./saved_metrics/DyGMamba/mooc/DyGMamba_mercer_seed1
2025-10-08 06:36:54,225 - root - INFO - Run 2 cost 53.95 seconds.
2025-10-08 06:36:54,229 - root - INFO - metrics over 2 runs:
2025-10-08 06:36:54,229 - root - INFO - validate average_precision, [np.float64(0.5996641777080896), np.float64(0.6176601215716415)]
2025-10-08 06:36:54,229 - root - INFO - average validate average_precision, 0.6087 ± 0.0127
2025-10-08 06:36:54,229 - root - INFO - validate roc_auc, [np.float64(0.6209424715909091), np.float64(0.6557454803719008)]
2025-10-08 06:36:54,229 - root - INFO - average validate roc_auc, 0.6383 ± 0.0246
2025-10-08 06:36:54,230 - root - INFO - new node validate average_precision, [np.float64(0.5482216403713964), np.float64(0.5664960125726907)]
2025-10-08 06:36:54,230 - root - INFO - average new node validate average_precision, 0.5574 ± 0.0129
2025-10-08 06:36:54,230 - root - INFO - new node validate roc_auc, [np.float64(0.5389199362041467), np.float64(0.5712426648759058)]
2025-10-08 06:36:54,230 - root - INFO - average new node validate roc_auc, 0.5551 ± 0.0229
2025-10-08 06:36:54,230 - root - INFO - test average_precision, [np.float64(0.5584331322654059), np.float64(0.601272628225487)]
2025-10-08 06:36:54,230 - root - INFO - average test average_precision, 0.5799 ± 0.0303
2025-10-08 06:36:54,230 - root - INFO - test roc_auc, [np.float64(0.5915895209194215), np.float64(0.6402761815599174)]
2025-10-08 06:36:54,230 - root - INFO - average test roc_auc, 0.6159 ± 0.0344
2025-10-08 06:36:54,230 - root - INFO - new node test average_precision, [np.float64(0.5018150605011806), np.float64(0.5399630153946555)]
2025-10-08 06:36:54,230 - root - INFO - average new node test average_precision, 0.5209 ± 0.0270
2025-10-08 06:36:54,231 - root - INFO - new node test roc_auc, [np.float64(0.48800272876951567), np.float64(0.5352897424567605)]
2025-10-08 06:36:54,231 - root - INFO - average new node test roc_auc, 0.5116 ± 0.0334
