2025-10-08 11:52:43,509 - root - INFO - ********** Run 2 starts. **********
2025-10-08 11:52:43,509 - root - INFO - configuration is Namespace(dataset_name='Flights', batch_size=200, model_name='JODIE', gpu=0, num_neighbors=10, sample_neighbor_strategy='uniform', time_scaling_factor=1e-06, num_walk_heads=8, num_heads=2, num_layers=1, walk_length=1, time_gap=2000, time_feat_dim=100, position_feat_dim=172, time_window_mode='fixed_proportion', time_encoder_type='lete', expert_dim=128, num_mixtures=16, sort_neighbors_by_time=False, patch_size=1, channel_embedding_dim=50, max_input_sequence_length=32, learning_rate=0.0001, dropout=0.1, gamma=0.5, num_epochs=2, optimizer='Adam', weight_decay=0.0, patience=20, val_ratio=0.15, test_ratio=0.15, num_runs=2, test_interval_epochs=100, negative_sample_strategy='random', max_interaction_times=10, load_best_configs=True, data_ratio=0.05, seed=1, save_model_name_suffix='', ablation_dir='', mamba_d_state=256, mamba_d_conv=4, mamba_expand=2, mamba_headdim=64, resume_from_checkpoint=None, save_checkpoints=True, checkpoint_interval=20, start_from_seed=0, max_checkpoints_to_keep=3, checkpoint_strategy='minimal', validate_checkpoints=True, device='cuda:0', save_model_name='JODIE_lete_seed1')
2025-10-08 11:52:43,510 - root - INFO - Metrics will be saved to: ./saved_metrics/JODIE/Flights/JODIE_lete_seed1
2025-10-08 11:52:43,512 - root - INFO - time encoder type: lete
2025-10-08 11:52:43,512 - root - INFO - Time encoder will be injected into JODIE model
2025-10-08 11:52:44,183 - root - INFO - model -> Sequential(
  (0): MemoryModel(
    (time_encoder): TimeEncoder(
      (w): Linear(in_features=1, out_features=100, bias=True)
    )
    (message_aggregator): MessageAggregator()
    (memory_bank): MemoryBank(num_nodes=13170, memory_dim=172)
    (memory_updater): RNNMemoryUpdater(
      (memory_bank): MemoryBank(num_nodes=13170, memory_dim=172)
      (memory_updater): RNNCell(616, 172)
    )
    (embedding_module): TimeProjectionEmbedding(
      (dropout): Dropout(p=0.1, inplace=False)
      (linear_layer): Linear(in_features=1, out_features=172, bias=True)
    )
  )
  (1): MergeLayer(
    (fc1): Linear(in_features=344, out_features=172, bias=True)
    (fc2): Linear(in_features=172, out_features=1, bias=True)
    (act): ReLU()
  )
)
2025-10-08 11:52:44,184 - root - INFO - model name: JODIE, #parameters: 783748 B, 765.37890625 KB, 0.7474403381347656 MB.
2025-10-08 11:52:58,959 - root - INFO - Epoch: 1, learning rate: 0.0001, train loss: 0.5160
2025-10-08 11:52:58,960 - root - INFO - train average_precision, 0.7994
2025-10-08 11:52:58,960 - root - INFO - train roc_auc, 0.8206
2025-10-08 11:52:58,960 - root - INFO - validate loss: 0.6771
2025-10-08 11:52:58,960 - root - INFO - validate average_precision, 0.6019
2025-10-08 11:52:58,960 - root - INFO - validate roc_auc, 0.6272
2025-10-08 11:52:58,960 - root - INFO - new node validate loss: 0.7490
2025-10-08 11:52:58,961 - root - INFO - new node validate average_precision, 0.4957
2025-10-08 11:52:58,961 - root - INFO - new node validate roc_auc, 0.4829
2025-10-08 11:52:58,970 - root - INFO - save model ./saved_models/JODIE/Flights/JODIE_lete_seed1/JODIE_lete_seed1.pkl
2025-10-08 11:53:14,853 - root - INFO - Epoch: 2, learning rate: 0.0001, train loss: 0.5076
2025-10-08 11:53:14,854 - root - INFO - train average_precision, 0.8152
2025-10-08 11:53:14,854 - root - INFO - train roc_auc, 0.8207
2025-10-08 11:53:14,855 - root - INFO - validate loss: 0.5702
2025-10-08 11:53:14,855 - root - INFO - validate average_precision, 0.7726
2025-10-08 11:53:14,855 - root - INFO - validate roc_auc, 0.7749
2025-10-08 11:53:14,855 - root - INFO - new node validate loss: 0.7889
2025-10-08 11:53:14,855 - root - INFO - new node validate average_precision, 0.5283
2025-10-08 11:53:14,855 - root - INFO - new node validate roc_auc, 0.5123
2025-10-08 11:53:14,862 - root - INFO - save model ./saved_models/JODIE/Flights/JODIE_lete_seed1/JODIE_lete_seed1.pkl
2025-10-08 11:53:15,920 - root - INFO - load model ./saved_models/JODIE/Flights/JODIE_lete_seed1/JODIE_lete_seed1.pkl
2025-10-08 11:53:17,168 - root - INFO - get final performance on dataset Flights...
2025-10-08 11:53:18,187 - root - INFO - test loss: 0.6035
2025-10-08 11:53:18,187 - root - INFO - test average_precision, 0.7207
2025-10-08 11:53:18,187 - root - INFO - test roc_auc, 0.7240
2025-10-08 11:53:18,187 - root - INFO - new node test loss: 0.7391
2025-10-08 11:53:18,187 - root - INFO - new node test average_precision, 0.5639
2025-10-08 11:53:18,187 - root - INFO - new node test roc_auc, 0.5670
2025-10-08 11:53:18,197 - root - INFO - ✅ Metrics saved to: ./saved_metrics/JODIE/Flights/JODIE_lete_seed1
2025-10-08 11:53:18,197 - root - INFO - Run 2 cost 34.69 seconds.
2025-10-08 11:53:18,200 - root - INFO - metrics over 2 runs:
2025-10-08 11:53:18,201 - root - INFO - test average_precision, [np.float64(0.8075228891093673), np.float64(0.7207122535082716)]
2025-10-08 11:53:18,201 - root - INFO - average test average_precision, 0.7641 ± 0.0614
2025-10-08 11:53:18,201 - root - INFO - test roc_auc, [np.float64(0.808664375), np.float64(0.7239856250000001)]
2025-10-08 11:53:18,201 - root - INFO - average test roc_auc, 0.7663 ± 0.0599
2025-10-08 11:53:18,201 - root - INFO - new node test average_precision, [np.float64(0.5646675519657558), np.float64(0.5638670978154252)]
2025-10-08 11:53:18,201 - root - INFO - average new node test average_precision, 0.5643 ± 0.0006
2025-10-08 11:53:18,201 - root - INFO - new node test roc_auc, [np.float64(0.5862846053727614), np.float64(0.5669568027210884)]
2025-10-08 11:53:18,201 - root - INFO - average new node test roc_auc, 0.5766 ± 0.0137
