2025-10-05 03:03:12,928 - root - INFO - ********** Run 1 starts. **********
2025-10-05 03:03:12,928 - root - INFO - configuration is Namespace(dataset_name='wikipedia', batch_size=200, model_name='TGAT', gpu=0, num_neighbors=20, sample_neighbor_strategy='uniform', time_scaling_factor=1e-06, num_walk_heads=8, num_heads=2, num_layers=2, walk_length=1, time_gap=2000, time_feat_dim=128, position_feat_dim=172, time_window_mode='fixed_proportion', time_encoder_type='lete', expert_dim=64, num_mixtures=16, sort_neighbors_by_time=True, patch_size=1, channel_embedding_dim=50, max_input_sequence_length=32, learning_rate=0.0001, dropout=0.1, gamma=0.5, num_epochs=10, optimizer='Adam', weight_decay=0.0, patience=5, val_ratio=0.15, test_ratio=0.15, num_runs=1, test_interval_epochs=1, negative_sample_strategy='random', max_interaction_times=10, load_best_configs=False, data_ratio=1.0, save_model_name_suffix='lete', mamba_d_state=256, mamba_d_conv=4, mamba_expand=2, mamba_headdim=64, device='cuda:0', seed=0, save_model_name='TGAT_lete_seed0_lete')
2025-10-05 03:03:12,928 - root - INFO - Metrics will be saved to: ./saved_metrics/TGAT/wikipedia/TGAT_lete_seed0
2025-10-05 03:03:12,930 - root - INFO - time encoder type: lete
2025-10-05 03:03:13,182 - root - INFO - model -> Sequential(
  (0): TGAT(
    (time_encoder): TimeEncoderWrapper(
      (encoder): LeTE(
        (w1_fourier): Linear(in_features=1, out_features=64, bias=True)
        (w2_fourier): FourierSeries()
        (w1_spline): Linear(in_features=1, out_features=64, bias=True)
        (w2_spline): Spline()
        (layernorm): LayerNorm((128,), eps=1e-05, elementwise_affine=True)
      )
    )
    (temporal_conv_layers): ModuleList(
      (0-1): 2 x MultiHeadAttention(
        (query_projection): Linear(in_features=300, out_features=300, bias=False)
        (key_projection): Linear(in_features=472, out_features=300, bias=False)
        (value_projection): Linear(in_features=472, out_features=300, bias=False)
        (layer_norm): LayerNorm((300,), eps=1e-05, elementwise_affine=True)
        (residual_fc): Linear(in_features=300, out_features=300, bias=True)
        (dropout): Dropout(p=0.1, inplace=False)
      )
    )
    (merge_layers): ModuleList(
      (0-1): 2 x MergeLayer(
        (fc1): Linear(in_features=472, out_features=172, bias=True)
        (fc2): Linear(in_features=172, out_features=172, bias=True)
        (act): ReLU()
      )
    )
  )
  (1): MergeLayer(
    (fc1): Linear(in_features=344, out_features=172, bias=True)
    (fc2): Linear(in_features=172, out_features=1, bias=True)
    (act): ReLU()
  )
)
2025-10-05 03:03:13,183 - root - INFO - model name: TGAT, #parameters: 4846988 B, 4733.38671875 KB, 4.622447967529297 MB.
2025-10-05 03:07:11,513 - root - INFO - Epoch: 1, learning rate: 0.0001, train loss: 0.4211
2025-10-05 03:07:11,514 - root - INFO - train average_precision, 0.8927
2025-10-05 03:07:11,514 - root - INFO - train roc_auc, 0.8942
2025-10-05 03:07:11,514 - root - INFO - validate loss: 0.4322
2025-10-05 03:07:11,514 - root - INFO - validate average_precision, 0.8819
2025-10-05 03:07:11,514 - root - INFO - validate roc_auc, 0.8760
2025-10-05 03:07:11,514 - root - INFO - new node validate loss: 0.4276
2025-10-05 03:07:11,514 - root - INFO - new node validate average_precision, 0.8820
2025-10-05 03:07:11,514 - root - INFO - new node validate roc_auc, 0.8758
2025-10-05 03:08:18,085 - root - INFO - test loss: 0.5657
2025-10-05 03:08:18,086 - root - INFO - test average_precision, 0.7913
2025-10-05 03:08:18,086 - root - INFO - best test average_precision: 0.7913
2025-10-05 03:08:18,086 - root - INFO - test roc_auc, 0.7823
2025-10-05 03:08:18,086 - root - INFO - new node test loss: 0.5532
2025-10-05 03:08:18,086 - root - INFO - new node test average_precision, 0.8143
2025-10-05 03:08:18,087 - root - INFO - new node test roc_auc, 0.7969
2025-10-05 03:08:18,093 - root - INFO - save model ./saved_models/TGAT/wikipedia/TGAT_lete_seed0_lete/TGAT_lete_seed0_lete.pkl
2025-10-05 03:12:14,803 - root - INFO - Epoch: 2, learning rate: 0.0001, train loss: 0.3524
2025-10-05 03:12:14,804 - root - INFO - train average_precision, 0.9197
2025-10-05 03:12:14,804 - root - INFO - train roc_auc, 0.9201
2025-10-05 03:12:14,804 - root - INFO - validate loss: 0.3913
2025-10-05 03:12:14,804 - root - INFO - validate average_precision, 0.9047
2025-10-05 03:12:14,804 - root - INFO - validate roc_auc, 0.9027
2025-10-05 03:12:14,804 - root - INFO - new node validate loss: 0.4105
2025-10-05 03:12:14,804 - root - INFO - new node validate average_precision, 0.8999
2025-10-05 03:12:14,804 - root - INFO - new node validate roc_auc, 0.8960
2025-10-05 03:13:21,410 - root - INFO - test loss: 0.4211
2025-10-05 03:13:21,411 - root - INFO - test average_precision, 0.8872
2025-10-05 03:13:21,411 - root - INFO - best test average_precision: 0.8872
2025-10-05 03:13:21,411 - root - INFO - test roc_auc, 0.8859
2025-10-05 03:13:21,411 - root - INFO - new node test loss: 0.4305
2025-10-05 03:13:21,411 - root - INFO - new node test average_precision, 0.8868
2025-10-05 03:13:21,411 - root - INFO - new node test roc_auc, 0.8792
2025-10-05 03:13:21,416 - root - INFO - save model ./saved_models/TGAT/wikipedia/TGAT_lete_seed0_lete/TGAT_lete_seed0_lete.pkl
2025-10-05 03:17:19,261 - root - INFO - Epoch: 3, learning rate: 0.0001, train loss: 0.3322
2025-10-05 03:17:19,262 - root - INFO - train average_precision, 0.9306
2025-10-05 03:17:19,262 - root - INFO - train roc_auc, 0.9311
2025-10-05 03:17:19,262 - root - INFO - validate loss: 0.3443
2025-10-05 03:17:19,263 - root - INFO - validate average_precision, 0.9257
2025-10-05 03:17:19,263 - root - INFO - validate roc_auc, 0.9259
2025-10-05 03:17:19,263 - root - INFO - new node validate loss: 0.3643
2025-10-05 03:17:19,263 - root - INFO - new node validate average_precision, 0.9191
2025-10-05 03:17:19,263 - root - INFO - new node validate roc_auc, 0.9181
2025-10-05 03:18:25,807 - root - INFO - test loss: 0.3860
2025-10-05 03:18:25,808 - root - INFO - test average_precision, 0.9076
2025-10-05 03:18:25,808 - root - INFO - best test average_precision: 0.9076
2025-10-05 03:18:25,808 - root - INFO - test roc_auc, 0.9054
2025-10-05 03:18:25,808 - root - INFO - new node test loss: 0.4014
2025-10-05 03:18:25,808 - root - INFO - new node test average_precision, 0.9039
2025-10-05 03:18:25,808 - root - INFO - new node test roc_auc, 0.8984
2025-10-05 03:18:25,813 - root - INFO - save model ./saved_models/TGAT/wikipedia/TGAT_lete_seed0_lete/TGAT_lete_seed0_lete.pkl
2025-10-05 03:22:22,038 - root - INFO - Epoch: 4, learning rate: 0.0001, train loss: 0.2952
2025-10-05 03:22:22,039 - root - INFO - train average_precision, 0.9444
2025-10-05 03:22:22,039 - root - INFO - train roc_auc, 0.9459
2025-10-05 03:22:22,039 - root - INFO - validate loss: 0.3135
2025-10-05 03:22:22,039 - root - INFO - validate average_precision, 0.9377
2025-10-05 03:22:22,039 - root - INFO - validate roc_auc, 0.9394
2025-10-05 03:22:22,039 - root - INFO - new node validate loss: 0.3259
2025-10-05 03:22:22,040 - root - INFO - new node validate average_precision, 0.9323
2025-10-05 03:22:22,040 - root - INFO - new node validate roc_auc, 0.9321
2025-10-05 03:23:28,681 - root - INFO - test loss: 0.3464
2025-10-05 03:23:28,682 - root - INFO - test average_precision, 0.9258
2025-10-05 03:23:28,682 - root - INFO - best test average_precision: 0.9258
2025-10-05 03:23:28,682 - root - INFO - test roc_auc, 0.9273
2025-10-05 03:23:28,682 - root - INFO - new node test loss: 0.3567
2025-10-05 03:23:28,682 - root - INFO - new node test average_precision, 0.9204
2025-10-05 03:23:28,682 - root - INFO - new node test roc_auc, 0.9197
2025-10-05 03:23:28,686 - root - INFO - save model ./saved_models/TGAT/wikipedia/TGAT_lete_seed0_lete/TGAT_lete_seed0_lete.pkl
2025-10-05 03:27:24,778 - root - INFO - Epoch: 5, learning rate: 0.0001, train loss: 0.2751
2025-10-05 03:27:24,779 - root - INFO - train average_precision, 0.9524
2025-10-05 03:27:24,780 - root - INFO - train roc_auc, 0.9530
2025-10-05 03:27:24,780 - root - INFO - validate loss: 0.2957
2025-10-05 03:27:24,780 - root - INFO - validate average_precision, 0.9465
2025-10-05 03:27:24,780 - root - INFO - validate roc_auc, 0.9470
2025-10-05 03:27:24,780 - root - INFO - new node validate loss: 0.3182
2025-10-05 03:27:24,780 - root - INFO - new node validate average_precision, 0.9424
2025-10-05 03:27:24,780 - root - INFO - new node validate roc_auc, 0.9409
2025-10-05 03:28:31,109 - root - INFO - test loss: 0.3252
2025-10-05 03:28:31,110 - root - INFO - test average_precision, 0.9355
2025-10-05 03:28:31,110 - root - INFO - best test average_precision: 0.9355
2025-10-05 03:28:31,110 - root - INFO - test roc_auc, 0.9356
2025-10-05 03:28:31,110 - root - INFO - new node test loss: 0.3480
2025-10-05 03:28:31,110 - root - INFO - new node test average_precision, 0.9297
2025-10-05 03:28:31,110 - root - INFO - new node test roc_auc, 0.9277
2025-10-05 03:28:31,114 - root - INFO - save model ./saved_models/TGAT/wikipedia/TGAT_lete_seed0_lete/TGAT_lete_seed0_lete.pkl
2025-10-05 03:32:29,328 - root - INFO - Epoch: 6, learning rate: 0.0001, train loss: 0.2572
2025-10-05 03:32:29,329 - root - INFO - train average_precision, 0.9594
2025-10-05 03:32:29,329 - root - INFO - train roc_auc, 0.9596
2025-10-05 03:32:29,329 - root - INFO - validate loss: 0.2827
2025-10-05 03:32:29,329 - root - INFO - validate average_precision, 0.9516
2025-10-05 03:32:29,329 - root - INFO - validate roc_auc, 0.9520
2025-10-05 03:32:29,329 - root - INFO - new node validate loss: 0.3077
2025-10-05 03:32:29,329 - root - INFO - new node validate average_precision, 0.9466
2025-10-05 03:32:29,329 - root - INFO - new node validate roc_auc, 0.9456
2025-10-05 03:33:36,056 - root - INFO - test loss: 0.3086
2025-10-05 03:33:36,056 - root - INFO - test average_precision, 0.9428
2025-10-05 03:33:36,056 - root - INFO - best test average_precision: 0.9428
2025-10-05 03:33:36,056 - root - INFO - test roc_auc, 0.9420
2025-10-05 03:33:36,056 - root - INFO - new node test loss: 0.3333
2025-10-05 03:33:36,056 - root - INFO - new node test average_precision, 0.9363
2025-10-05 03:33:36,056 - root - INFO - new node test roc_auc, 0.9339
2025-10-05 03:33:36,061 - root - INFO - save model ./saved_models/TGAT/wikipedia/TGAT_lete_seed0_lete/TGAT_lete_seed0_lete.pkl
2025-10-05 03:37:32,582 - root - INFO - Epoch: 7, learning rate: 0.0001, train loss: 0.2431
2025-10-05 03:37:32,583 - root - INFO - train average_precision, 0.9636
2025-10-05 03:37:32,583 - root - INFO - train roc_auc, 0.9639
2025-10-05 03:37:32,583 - root - INFO - validate loss: 0.2608
2025-10-05 03:37:32,583 - root - INFO - validate average_precision, 0.9582
2025-10-05 03:37:32,583 - root - INFO - validate roc_auc, 0.9586
2025-10-05 03:37:32,583 - root - INFO - new node validate loss: 0.2840
2025-10-05 03:37:32,583 - root - INFO - new node validate average_precision, 0.9530
2025-10-05 03:37:32,583 - root - INFO - new node validate roc_auc, 0.9520
2025-10-05 03:38:39,107 - root - INFO - test loss: 0.2909
2025-10-05 03:38:39,107 - root - INFO - test average_precision, 0.9490
2025-10-05 03:38:39,107 - root - INFO - best test average_precision: 0.9490
2025-10-05 03:38:39,107 - root - INFO - test roc_auc, 0.9490
2025-10-05 03:38:39,107 - root - INFO - new node test loss: 0.3136
2025-10-05 03:38:39,107 - root - INFO - new node test average_precision, 0.9438
2025-10-05 03:38:39,107 - root - INFO - new node test roc_auc, 0.9419
2025-10-05 03:38:39,112 - root - INFO - save model ./saved_models/TGAT/wikipedia/TGAT_lete_seed0_lete/TGAT_lete_seed0_lete.pkl
2025-10-05 03:42:35,844 - root - INFO - Epoch: 8, learning rate: 0.0001, train loss: 0.2334
2025-10-05 03:42:35,845 - root - INFO - train average_precision, 0.9664
2025-10-05 03:42:35,845 - root - INFO - train roc_auc, 0.9664
2025-10-05 03:42:35,845 - root - INFO - validate loss: 0.2592
2025-10-05 03:42:35,846 - root - INFO - validate average_precision, 0.9589
2025-10-05 03:42:35,846 - root - INFO - validate roc_auc, 0.9594
2025-10-05 03:42:35,846 - root - INFO - new node validate loss: 0.2852
2025-10-05 03:42:35,846 - root - INFO - new node validate average_precision, 0.9533
2025-10-05 03:42:35,846 - root - INFO - new node validate roc_auc, 0.9525
2025-10-05 03:43:42,468 - root - INFO - test loss: 0.2880
2025-10-05 03:43:42,469 - root - INFO - test average_precision, 0.9498
2025-10-05 03:43:42,469 - root - INFO - best test average_precision: 0.9498
2025-10-05 03:43:42,469 - root - INFO - test roc_auc, 0.9500
2025-10-05 03:43:42,469 - root - INFO - new node test loss: 0.3130
2025-10-05 03:43:42,469 - root - INFO - new node test average_precision, 0.9444
2025-10-05 03:43:42,469 - root - INFO - new node test roc_auc, 0.9427
2025-10-05 03:43:42,474 - root - INFO - save model ./saved_models/TGAT/wikipedia/TGAT_lete_seed0_lete/TGAT_lete_seed0_lete.pkl
2025-10-05 03:47:38,825 - root - INFO - Epoch: 9, learning rate: 0.0001, train loss: 0.2273
2025-10-05 03:47:38,826 - root - INFO - train average_precision, 0.9678
2025-10-05 03:47:38,826 - root - INFO - train roc_auc, 0.9682
2025-10-05 03:47:38,826 - root - INFO - validate loss: 0.2606
2025-10-05 03:47:38,826 - root - INFO - validate average_precision, 0.9593
2025-10-05 03:47:38,826 - root - INFO - validate roc_auc, 0.9600
2025-10-05 03:47:38,826 - root - INFO - new node validate loss: 0.2888
2025-10-05 03:47:38,826 - root - INFO - new node validate average_precision, 0.9547
2025-10-05 03:47:38,826 - root - INFO - new node validate roc_auc, 0.9545
2025-10-05 03:48:45,331 - root - INFO - test loss: 0.2804
2025-10-05 03:48:45,331 - root - INFO - test average_precision, 0.9522
2025-10-05 03:48:45,332 - root - INFO - best test average_precision: 0.9522
2025-10-05 03:48:45,332 - root - INFO - test roc_auc, 0.9528
2025-10-05 03:48:45,332 - root - INFO - new node test loss: 0.3120
2025-10-05 03:48:45,332 - root - INFO - new node test average_precision, 0.9449
2025-10-05 03:48:45,332 - root - INFO - new node test roc_auc, 0.9443
2025-10-05 03:48:45,337 - root - INFO - save model ./saved_models/TGAT/wikipedia/TGAT_lete_seed0_lete/TGAT_lete_seed0_lete.pkl
2025-10-05 03:52:41,205 - root - INFO - Epoch: 10, learning rate: 0.0001, train loss: 0.2244
2025-10-05 03:52:41,206 - root - INFO - train average_precision, 0.9691
2025-10-05 03:52:41,206 - root - INFO - train roc_auc, 0.9691
2025-10-05 03:52:41,206 - root - INFO - validate loss: 0.2476
2025-10-05 03:52:41,206 - root - INFO - validate average_precision, 0.9625
2025-10-05 03:52:41,206 - root - INFO - validate roc_auc, 0.9630
2025-10-05 03:52:41,206 - root - INFO - new node validate loss: 0.2720
2025-10-05 03:52:41,206 - root - INFO - new node validate average_precision, 0.9573
2025-10-05 03:52:41,206 - root - INFO - new node validate roc_auc, 0.9569
2025-10-05 03:53:47,579 - root - INFO - test loss: 0.2721
2025-10-05 03:53:47,580 - root - INFO - test average_precision, 0.9547
2025-10-05 03:53:47,580 - root - INFO - best test average_precision: 0.9547
2025-10-05 03:53:47,580 - root - INFO - test roc_auc, 0.9550
2025-10-05 03:53:47,580 - root - INFO - new node test loss: 0.2981
2025-10-05 03:53:47,580 - root - INFO - new node test average_precision, 0.9485
2025-10-05 03:53:47,580 - root - INFO - new node test roc_auc, 0.9477
2025-10-05 03:53:47,584 - root - INFO - save model ./saved_models/TGAT/wikipedia/TGAT_lete_seed0_lete/TGAT_lete_seed0_lete.pkl
2025-10-05 03:53:47,632 - root - INFO - load model ./saved_models/TGAT/wikipedia/TGAT_lete_seed0_lete/TGAT_lete_seed0_lete.pkl
2025-10-05 03:53:47,652 - root - INFO - get final performance on dataset wikipedia...
2025-10-05 03:56:00,961 - root - INFO - validate loss: 0.2476
2025-10-05 03:56:00,962 - root - INFO - validate average_precision, 0.9625
2025-10-05 03:56:00,962 - root - INFO - validate roc_auc, 0.9630
2025-10-05 03:56:00,962 - root - INFO - new node validate loss: 0.2720
2025-10-05 03:56:00,962 - root - INFO - new node validate average_precision, 0.9573
2025-10-05 03:56:00,963 - root - INFO - new node validate roc_auc, 0.9569
2025-10-05 03:56:00,963 - root - INFO - test loss: 0.2721
2025-10-05 03:56:00,963 - root - INFO - test average_precision, 0.9547
2025-10-05 03:56:00,963 - root - INFO - test roc_auc, 0.9550
2025-10-05 03:56:00,963 - root - INFO - new node test loss: 0.2981
2025-10-05 03:56:00,963 - root - INFO - new node test average_precision, 0.9485
2025-10-05 03:56:00,963 - root - INFO - new node test roc_auc, 0.9477
2025-10-05 03:56:00,975 - root - INFO - ✅ Metrics saved to: ./saved_metrics/TGAT/wikipedia/TGAT_lete_seed0
2025-10-05 03:56:00,976 - root - INFO - Run 1 cost 3168.05 seconds.
2025-10-05 03:56:00,983 - root - INFO - metrics over 1 runs:
2025-10-05 03:56:00,983 - root - INFO - validate average_precision, [np.float64(0.9625478367961281)]
2025-10-05 03:56:00,984 - root - INFO - average validate average_precision, 0.9625 ± nan
2025-10-05 03:56:00,984 - root - INFO - validate roc_auc, [np.float64(0.9630245736389794)]
2025-10-05 03:56:00,984 - root - INFO - average validate roc_auc, 0.9630 ± nan
2025-10-05 03:56:00,984 - root - INFO - new node validate average_precision, [np.float64(0.9573367975610882)]
2025-10-05 03:56:00,984 - root - INFO - average new node validate average_precision, 0.9573 ± nan
2025-10-05 03:56:00,984 - root - INFO - new node validate roc_auc, [np.float64(0.9569272540983607)]
2025-10-05 03:56:00,984 - root - INFO - average new node validate roc_auc, 0.9569 ± nan
2025-10-05 03:56:00,984 - root - INFO - test average_precision, [np.float64(0.9547267503681287)]
2025-10-05 03:56:00,985 - root - INFO - average test average_precision, 0.9547 ± nan
2025-10-05 03:56:00,985 - root - INFO - test roc_auc, [np.float64(0.9550295563463481)]
2025-10-05 03:56:00,985 - root - INFO - average test roc_auc, 0.9550 ± nan
2025-10-05 03:56:00,985 - root - INFO - new node test average_precision, [np.float64(0.9484835157111126)]
2025-10-05 03:56:00,985 - root - INFO - average new node test average_precision, 0.9485 ± nan
2025-10-05 03:56:00,985 - root - INFO - new node test roc_auc, [np.float64(0.9476962433116528)]
2025-10-05 03:56:00,985 - root - INFO - average new node test roc_auc, 0.9477 ± nan
