2025-10-07 04:28:29,907 - root - INFO - ********** Run 1 starts. **********
2025-10-07 04:28:29,907 - root - INFO - configuration is Namespace(dataset_name='wikipedia', batch_size=200, model_name='TGAT', gpu=0, num_neighbors=20, sample_neighbor_strategy='uniform', time_scaling_factor=1e-06, num_walk_heads=8, num_heads=2, num_layers=2, walk_length=1, time_gap=2000, time_feat_dim=100, position_feat_dim=172, time_window_mode='fixed_proportion', time_encoder_type='lete', expert_dim=128, num_mixtures=16, sort_neighbors_by_time=True, patch_size=1, channel_embedding_dim=50, max_input_sequence_length=32, learning_rate=0.0001, dropout=0.1, gamma=0.5, num_epochs=1, optimizer='Adam', weight_decay=0.0, patience=30, val_ratio=0.15, test_ratio=0.15, num_runs=1, test_interval_epochs=100, negative_sample_strategy='random', max_interaction_times=10, load_best_configs=False, data_ratio=0.1, seed=0, save_model_name_suffix='lete', ablation_dir='ablation_20251007_042823', mamba_d_state=256, mamba_d_conv=4, mamba_expand=2, mamba_headdim=64, device='cuda:0', save_model_name='TGAT_lete_seed0_lete')
2025-10-07 04:28:29,915 - root - INFO - Metrics will be saved to: ablation_20251007_042823/saved_metrics/TGAT/wikipedia/TGAT_lete_seed0
2025-10-07 04:28:29,919 - root - INFO - time encoder type: lete
2025-10-07 04:28:29,919 - root - INFO - Time encoder will be injected into TGAT model
2025-10-07 04:28:30,169 - root - INFO - model -> Sequential(
  (0): TGAT(
    (time_encoder): TimeEncoderWrapper(
      (encoder): LeTE(
        (w1_fourier): Linear(in_features=1, out_features=50, bias=True)
        (w2_fourier): FourierSeries()
        (w1_spline): Linear(in_features=1, out_features=50, bias=True)
        (w2_spline): Spline()
        (layernorm): LayerNorm((100,), eps=1e-05, elementwise_affine=True)
      )
    )
    (temporal_conv_layers): ModuleList(
      (0-1): 2 x MultiHeadAttention(
        (query_projection): Linear(in_features=272, out_features=272, bias=False)
        (key_projection): Linear(in_features=444, out_features=272, bias=False)
        (value_projection): Linear(in_features=444, out_features=272, bias=False)
        (layer_norm): LayerNorm((272,), eps=1e-05, elementwise_affine=True)
        (residual_fc): Linear(in_features=272, out_features=272, bias=True)
        (dropout): Dropout(p=0.1, inplace=False)
      )
    )
    (merge_layers): ModuleList(
      (0-1): 2 x MergeLayer(
        (fc1): Linear(in_features=444, out_features=172, bias=True)
        (fc2): Linear(in_features=172, out_features=172, bias=True)
        (act): ReLU()
      )
    )
  )
  (1): MergeLayer(
    (fc1): Linear(in_features=344, out_features=172, bias=True)
    (fc2): Linear(in_features=172, out_features=1, bias=True)
    (act): ReLU()
  )
)
2025-10-07 04:28:30,170 - root - INFO - model name: TGAT, #parameters: 4216652 B, 4117.82421875 KB, 4.021312713623047 MB.
2025-10-07 04:28:51,761 - root - INFO - Epoch: 1, learning rate: 0.0001, train loss: 0.6260
2025-10-07 04:28:51,762 - root - INFO - train average_precision, 0.8072
2025-10-07 04:28:51,762 - root - INFO - train roc_auc, 0.8078
2025-10-07 04:28:51,762 - root - INFO - validate loss: 0.5008
2025-10-07 04:28:51,762 - root - INFO - validate average_precision, 0.8488
2025-10-07 04:28:51,762 - root - INFO - validate roc_auc, 0.8502
2025-10-07 04:28:51,762 - root - INFO - new node validate loss: 0.5760
2025-10-07 04:28:51,762 - root - INFO - new node validate average_precision, 0.7807
2025-10-07 04:28:51,762 - root - INFO - new node validate roc_auc, 0.7897
2025-10-07 04:28:51,771 - root - INFO - save model ablation_20251007_042823/saved_models/TGAT/wikipedia/TGAT_lete_seed0_lete/TGAT_lete_seed0_lete.pkl
2025-10-07 04:28:51,816 - root - INFO - load model ablation_20251007_042823/saved_models/TGAT/wikipedia/TGAT_lete_seed0_lete/TGAT_lete_seed0_lete.pkl
2025-10-07 04:28:51,836 - root - INFO - get final performance on dataset wikipedia...
2025-10-07 04:29:04,567 - root - INFO - validate loss: 0.5008
2025-10-07 04:29:04,567 - root - INFO - validate average_precision, 0.8488
2025-10-07 04:29:04,567 - root - INFO - validate roc_auc, 0.8502
2025-10-07 04:29:04,567 - root - INFO - new node validate loss: 0.5760
2025-10-07 04:29:04,567 - root - INFO - new node validate average_precision, 0.7807
2025-10-07 04:29:04,567 - root - INFO - new node validate roc_auc, 0.7897
2025-10-07 04:29:04,567 - root - INFO - test loss: 0.6209
2025-10-07 04:29:04,567 - root - INFO - test average_precision, 0.7315
2025-10-07 04:29:04,567 - root - INFO - test roc_auc, 0.7288
2025-10-07 04:29:04,567 - root - INFO - new node test loss: 0.6598
2025-10-07 04:29:04,567 - root - INFO - new node test average_precision, 0.7479
2025-10-07 04:29:04,567 - root - INFO - new node test roc_auc, 0.7129
2025-10-07 04:29:04,577 - root - INFO - ✅ Metrics saved to: ablation_20251007_042823/saved_metrics/TGAT/wikipedia/TGAT_lete_seed0
2025-10-07 04:29:04,577 - root - INFO - Run 1 cost 34.67 seconds.
2025-10-07 04:29:04,586 - root - INFO - metrics over 1 runs:
2025-10-07 04:29:04,586 - root - INFO - validate average_precision, [np.float64(0.8487507154409294)]
2025-10-07 04:29:04,586 - root - INFO - average validate average_precision, 0.8488 ± nan
2025-10-07 04:29:04,586 - root - INFO - validate roc_auc, [np.float64(0.8502155116407559)]
2025-10-07 04:29:04,587 - root - INFO - average validate roc_auc, 0.8502 ± nan
2025-10-07 04:29:04,587 - root - INFO - new node validate average_precision, [np.float64(0.7807372580816461)]
2025-10-07 04:29:04,587 - root - INFO - average new node validate average_precision, 0.7807 ± nan
2025-10-07 04:29:04,587 - root - INFO - new node validate roc_auc, [np.float64(0.7897158131410731)]
2025-10-07 04:29:04,587 - root - INFO - average new node validate roc_auc, 0.7897 ± nan
2025-10-07 04:29:04,587 - root - INFO - test average_precision, [np.float64(0.7315301922083878)]
2025-10-07 04:29:04,587 - root - INFO - average test average_precision, 0.7315 ± nan
2025-10-07 04:29:04,587 - root - INFO - test roc_auc, [np.float64(0.7287816297693442)]
2025-10-07 04:29:04,587 - root - INFO - average test roc_auc, 0.7288 ± nan
2025-10-07 04:29:04,587 - root - INFO - new node test average_precision, [np.float64(0.7478884439894705)]
2025-10-07 04:29:04,588 - root - INFO - average new node test average_precision, 0.7479 ± nan
2025-10-07 04:29:04,588 - root - INFO - new node test roc_auc, [np.float64(0.7128792399599043)]
2025-10-07 04:29:04,588 - root - INFO - average new node test roc_auc, 0.7129 ± nan
