2025-10-07 03:22:19,001 - root - INFO - ********** Run 1 starts. **********
2025-10-07 03:22:19,002 - root - INFO - configuration is Namespace(dataset_name='wikipedia', batch_size=200, model_name='TGAT', gpu=0, num_neighbors=20, sample_neighbor_strategy='uniform', time_scaling_factor=1e-06, num_walk_heads=8, num_heads=2, num_layers=2, walk_length=1, time_gap=2000, time_feat_dim=100, position_feat_dim=172, time_window_mode='fixed_proportion', time_encoder_type='kan_mammote_dual_kmote', expert_dim=128, num_mixtures=16, sort_neighbors_by_time=False, patch_size=1, channel_embedding_dim=50, max_input_sequence_length=32, learning_rate=0.0001, dropout=0.1, gamma=0.5, num_epochs=50, optimizer='Adam', weight_decay=0.0, patience=10, val_ratio=0.15, test_ratio=0.15, num_runs=1, test_interval_epochs=100, negative_sample_strategy='random', max_interaction_times=10, load_best_configs=False, data_ratio=0.1, seed=0, save_model_name_suffix='', ablation_dir='', mamba_d_state=256, mamba_d_conv=4, mamba_expand=2, mamba_headdim=64, device='cuda:0', save_model_name='TGAT_kan_mammote_dual_kmote_seed0')
2025-10-07 03:22:19,005 - root - INFO - Metrics will be saved to: ./saved_metrics/TGAT/wikipedia/TGAT_kan_mammote_dual_kmote_seed0
2025-10-07 03:22:19,014 - root - INFO - time encoder type: kan_mammote_dual_kmote
2025-10-07 03:22:19,015 - root - INFO - Time encoder will be injected into TGAT model
2025-10-07 03:22:19,253 - root - INFO - model -> Sequential(
  (0): TGAT(
    (time_encoder): KAN_MAMMOTE(
      (k_mote_abs): KMOTE(
        (experts): ModuleList(
          (0): SplineKANLayer(
            (input_projection): Linear(in_features=1, out_features=1, bias=True)
            (global_branch): Sequential(
              (0): Linear(in_features=1, out_features=32, bias=True)
              (1): GELU(approximate='none')
              (2): Linear(in_features=32, out_features=128, bias=True)
            )
          )
          (1): FourierKANLayer()
          (2): WaveletKANLayer(
            (linear): Linear(in_features=16, out_features=128, bias=True)
          )
          (3): SplineKANLayer(
            (input_projection): Linear(in_features=1, out_features=1, bias=True)
            (global_branch): Sequential(
              (0): Linear(in_features=1, out_features=32, bias=True)
              (1): GELU(approximate='none')
              (2): Linear(in_features=32, out_features=128, bias=True)
            )
            (local_linear): Linear(in_features=8, out_features=128, bias=True)
          )
        )
        (gating_network): Sequential(
          (0): Linear(in_features=1, out_features=64, bias=True)
          (1): GELU(approximate='none')
          (2): Linear(in_features=64, out_features=4, bias=True)
        )
        (layer_norm): LayerNorm((128,), eps=1e-05, elementwise_affine=True)
      )
      (k_mote_rel): KMOTE(
        (experts): ModuleList(
          (0): SplineKANLayer(
            (input_projection): Linear(in_features=1, out_features=1, bias=True)
            (global_branch): Sequential(
              (0): Linear(in_features=1, out_features=32, bias=True)
              (1): GELU(approximate='none')
              (2): Linear(in_features=32, out_features=128, bias=True)
            )
          )
          (1): FourierKANLayer()
          (2): WaveletKANLayer(
            (linear): Linear(in_features=16, out_features=128, bias=True)
          )
          (3): SplineKANLayer(
            (input_projection): Linear(in_features=1, out_features=1, bias=True)
            (global_branch): Sequential(
              (0): Linear(in_features=1, out_features=32, bias=True)
              (1): GELU(approximate='none')
              (2): Linear(in_features=32, out_features=128, bias=True)
            )
            (local_linear): Linear(in_features=8, out_features=128, bias=True)
          )
        )
        (gating_network): Sequential(
          (0): Linear(in_features=1, out_features=64, bias=True)
          (1): GELU(approximate='none')
          (2): Linear(in_features=64, out_features=4, bias=True)
        )
        (layer_norm): LayerNorm((128,), eps=1e-05, elementwise_affine=True)
      )
      (mamba2): ControllableMamba2(
        (in_proj): Linear(in_features=128, out_features=1040, bias=False)
        (conv1d): Conv1d(768, 768, kernel_size=(4,), stride=(1,), padding=(3,), groups=768)
        (act): SiLU()
        (norm): RMSNorm()
        (out_proj): Linear(in_features=256, out_features=128, bias=False)
      )
      (fusion_mlp_base): Sequential(
        (0): Linear(in_features=128, out_features=128, bias=True)
        (1): LayerNorm((128,), eps=1e-05, elementwise_affine=True)
        (2): GELU(approximate='none')
        (3): Linear(in_features=128, out_features=128, bias=True)
      )
      (modulator_head): Sequential(
        (0): Linear(in_features=128, out_features=64, bias=True)
        (1): GELU(approximate='none')
        (2): Linear(in_features=64, out_features=32, bias=True)
      )
      (output_projection): Sequential(
        (0): Linear(in_features=128, out_features=100, bias=True)
        (1): LayerNorm((100,), eps=1e-05, elementwise_affine=True)
      )
    )
    (temporal_conv_layers): ModuleList(
      (0-1): 2 x MultiHeadAttention(
        (query_projection): Linear(in_features=272, out_features=272, bias=False)
        (key_projection): Linear(in_features=444, out_features=272, bias=False)
        (value_projection): Linear(in_features=444, out_features=272, bias=False)
        (layer_norm): LayerNorm((272,), eps=1e-05, elementwise_affine=True)
        (residual_fc): Linear(in_features=272, out_features=272, bias=True)
        (dropout): Dropout(p=0.1, inplace=False)
      )
    )
    (merge_layers): ModuleList(
      (0-1): 2 x MergeLayer(
        (fc1): Linear(in_features=444, out_features=172, bias=True)
        (fc2): Linear(in_features=172, out_features=172, bias=True)
        (act): ReLU()
      )
    )
  )
  (1): MergeLayer(
    (fc1): Linear(in_features=344, out_features=172, bias=True)
    (fc2): Linear(in_features=172, out_features=1, bias=True)
    (act): ReLU()
  )
)
2025-10-07 03:22:19,254 - root - INFO - model name: TGAT, #parameters: 5280468 B, 5156.70703125 KB, 5.035846710205078 MB.
2025-10-07 03:23:39,209 - root - INFO - Epoch: 1, learning rate: 0.0001, train loss: 0.6639
2025-10-07 03:23:39,209 - root - INFO - train average_precision, 0.6180
2025-10-07 03:23:39,209 - root - INFO - train roc_auc, 0.6664
2025-10-07 03:23:39,209 - root - INFO - validate loss: 0.6159
2025-10-07 03:23:39,209 - root - INFO - validate average_precision, 0.6641
2025-10-07 03:23:39,209 - root - INFO - validate roc_auc, 0.7122
2025-10-07 03:23:39,209 - root - INFO - new node validate loss: 0.6515
2025-10-07 03:23:39,210 - root - INFO - new node validate average_precision, 0.6383
2025-10-07 03:23:39,210 - root - INFO - new node validate roc_auc, 0.6676
2025-10-07 03:23:39,219 - root - INFO - save model ./saved_models/TGAT/wikipedia/TGAT_kan_mammote_dual_kmote_seed0/TGAT_kan_mammote_dual_kmote_seed0.pkl
2025-10-07 03:24:43,760 - root - INFO - Epoch: 2, learning rate: 0.0001, train loss: 0.5762
2025-10-07 03:24:43,761 - root - INFO - train average_precision, 0.7375
2025-10-07 03:24:43,761 - root - INFO - train roc_auc, 0.7726
2025-10-07 03:24:43,761 - root - INFO - validate loss: 0.5929
2025-10-07 03:24:43,761 - root - INFO - validate average_precision, 0.6806
2025-10-07 03:24:43,761 - root - INFO - validate roc_auc, 0.7385
2025-10-07 03:24:43,761 - root - INFO - new node validate loss: 0.6214
2025-10-07 03:24:43,761 - root - INFO - new node validate average_precision, 0.6405
2025-10-07 03:24:43,761 - root - INFO - new node validate roc_auc, 0.6975
2025-10-07 03:24:43,768 - root - INFO - save model ./saved_models/TGAT/wikipedia/TGAT_kan_mammote_dual_kmote_seed0/TGAT_kan_mammote_dual_kmote_seed0.pkl
2025-10-07 03:25:48,188 - root - INFO - Epoch: 3, learning rate: 0.0001, train loss: 0.5378
2025-10-07 03:25:48,188 - root - INFO - train average_precision, 0.7785
2025-10-07 03:25:48,188 - root - INFO - train roc_auc, 0.8071
2025-10-07 03:25:48,189 - root - INFO - validate loss: 0.5459
2025-10-07 03:25:48,189 - root - INFO - validate average_precision, 0.7357
2025-10-07 03:25:48,189 - root - INFO - validate roc_auc, 0.7813
2025-10-07 03:25:48,189 - root - INFO - new node validate loss: 0.5883
2025-10-07 03:25:48,189 - root - INFO - new node validate average_precision, 0.6860
2025-10-07 03:25:48,189 - root - INFO - new node validate roc_auc, 0.7335
2025-10-07 03:25:48,195 - root - INFO - save model ./saved_models/TGAT/wikipedia/TGAT_kan_mammote_dual_kmote_seed0/TGAT_kan_mammote_dual_kmote_seed0.pkl
2025-10-07 03:26:52,685 - root - INFO - Epoch: 4, learning rate: 0.0001, train loss: 0.4858
2025-10-07 03:26:52,685 - root - INFO - train average_precision, 0.8174
2025-10-07 03:26:52,685 - root - INFO - train roc_auc, 0.8414
2025-10-07 03:26:52,686 - root - INFO - validate loss: 0.4960
2025-10-07 03:26:52,686 - root - INFO - validate average_precision, 0.7856
2025-10-07 03:26:52,686 - root - INFO - validate roc_auc, 0.8225
2025-10-07 03:26:52,686 - root - INFO - new node validate loss: 0.5470
2025-10-07 03:26:52,686 - root - INFO - new node validate average_precision, 0.7330
2025-10-07 03:26:52,686 - root - INFO - new node validate roc_auc, 0.7734
2025-10-07 03:26:52,691 - root - INFO - save model ./saved_models/TGAT/wikipedia/TGAT_kan_mammote_dual_kmote_seed0/TGAT_kan_mammote_dual_kmote_seed0.pkl
2025-10-07 03:27:57,140 - root - INFO - Epoch: 5, learning rate: 0.0001, train loss: 0.4562
2025-10-07 03:27:57,140 - root - INFO - train average_precision, 0.8458
2025-10-07 03:27:57,140 - root - INFO - train roc_auc, 0.8640
2025-10-07 03:27:57,140 - root - INFO - validate loss: 0.4818
2025-10-07 03:27:57,140 - root - INFO - validate average_precision, 0.8019
2025-10-07 03:27:57,141 - root - INFO - validate roc_auc, 0.8353
2025-10-07 03:27:57,141 - root - INFO - new node validate loss: 0.5467
2025-10-07 03:27:57,141 - root - INFO - new node validate average_precision, 0.7513
2025-10-07 03:27:57,141 - root - INFO - new node validate roc_auc, 0.7876
2025-10-07 03:27:57,147 - root - INFO - save model ./saved_models/TGAT/wikipedia/TGAT_kan_mammote_dual_kmote_seed0/TGAT_kan_mammote_dual_kmote_seed0.pkl
2025-10-07 03:29:01,820 - root - INFO - Epoch: 6, learning rate: 0.0001, train loss: 0.4334
2025-10-07 03:29:01,821 - root - INFO - train average_precision, 0.8653
2025-10-07 03:29:01,821 - root - INFO - train roc_auc, 0.8787
2025-10-07 03:29:01,821 - root - INFO - validate loss: 0.4820
2025-10-07 03:29:01,821 - root - INFO - validate average_precision, 0.8076
2025-10-07 03:29:01,821 - root - INFO - validate roc_auc, 0.8382
2025-10-07 03:29:01,821 - root - INFO - new node validate loss: 0.5383
2025-10-07 03:29:01,821 - root - INFO - new node validate average_precision, 0.7701
2025-10-07 03:29:01,821 - root - INFO - new node validate roc_auc, 0.7996
2025-10-07 03:29:01,827 - root - INFO - save model ./saved_models/TGAT/wikipedia/TGAT_kan_mammote_dual_kmote_seed0/TGAT_kan_mammote_dual_kmote_seed0.pkl
2025-10-07 03:30:06,463 - root - INFO - Epoch: 7, learning rate: 0.0001, train loss: 0.4276
2025-10-07 03:30:06,463 - root - INFO - train average_precision, 0.8727
2025-10-07 03:30:06,463 - root - INFO - train roc_auc, 0.8836
2025-10-07 03:30:06,463 - root - INFO - validate loss: 0.4675
2025-10-07 03:30:06,463 - root - INFO - validate average_precision, 0.8236
2025-10-07 03:30:06,463 - root - INFO - validate roc_auc, 0.8492
2025-10-07 03:30:06,463 - root - INFO - new node validate loss: 0.5342
2025-10-07 03:30:06,463 - root - INFO - new node validate average_precision, 0.7773
2025-10-07 03:30:06,463 - root - INFO - new node validate roc_auc, 0.8029
2025-10-07 03:30:06,469 - root - INFO - save model ./saved_models/TGAT/wikipedia/TGAT_kan_mammote_dual_kmote_seed0/TGAT_kan_mammote_dual_kmote_seed0.pkl
2025-10-07 03:31:11,160 - root - INFO - Epoch: 8, learning rate: 0.0001, train loss: 0.4225
2025-10-07 03:31:11,160 - root - INFO - train average_precision, 0.8751
2025-10-07 03:31:11,160 - root - INFO - train roc_auc, 0.8855
2025-10-07 03:31:11,160 - root - INFO - validate loss: 0.4600
2025-10-07 03:31:11,160 - root - INFO - validate average_precision, 0.8283
2025-10-07 03:31:11,160 - root - INFO - validate roc_auc, 0.8549
2025-10-07 03:31:11,160 - root - INFO - new node validate loss: 0.5320
2025-10-07 03:31:11,160 - root - INFO - new node validate average_precision, 0.7682
2025-10-07 03:31:11,160 - root - INFO - new node validate roc_auc, 0.8016
2025-10-07 03:31:11,166 - root - INFO - save model ./saved_models/TGAT/wikipedia/TGAT_kan_mammote_dual_kmote_seed0/TGAT_kan_mammote_dual_kmote_seed0.pkl
2025-10-07 03:32:15,900 - root - INFO - Epoch: 9, learning rate: 0.0001, train loss: 0.4152
2025-10-07 03:32:15,901 - root - INFO - train average_precision, 0.8794
2025-10-07 03:32:15,901 - root - INFO - train roc_auc, 0.8907
2025-10-07 03:32:15,901 - root - INFO - validate loss: 0.4544
2025-10-07 03:32:15,901 - root - INFO - validate average_precision, 0.8399
2025-10-07 03:32:15,901 - root - INFO - validate roc_auc, 0.8598
2025-10-07 03:32:15,901 - root - INFO - new node validate loss: 0.5279
2025-10-07 03:32:15,901 - root - INFO - new node validate average_precision, 0.7796
2025-10-07 03:32:15,901 - root - INFO - new node validate roc_auc, 0.8070
2025-10-07 03:32:15,908 - root - INFO - save model ./saved_models/TGAT/wikipedia/TGAT_kan_mammote_dual_kmote_seed0/TGAT_kan_mammote_dual_kmote_seed0.pkl
2025-10-07 03:33:20,559 - root - INFO - Epoch: 10, learning rate: 0.0001, train loss: 0.4090
2025-10-07 03:33:20,560 - root - INFO - train average_precision, 0.8859
2025-10-07 03:33:20,560 - root - INFO - train roc_auc, 0.8962
2025-10-07 03:33:20,560 - root - INFO - validate loss: 0.4501
2025-10-07 03:33:20,560 - root - INFO - validate average_precision, 0.8429
2025-10-07 03:33:20,560 - root - INFO - validate roc_auc, 0.8643
2025-10-07 03:33:20,560 - root - INFO - new node validate loss: 0.5212
2025-10-07 03:33:20,560 - root - INFO - new node validate average_precision, 0.7807
2025-10-07 03:33:20,560 - root - INFO - new node validate roc_auc, 0.8137
2025-10-07 03:33:20,566 - root - INFO - save model ./saved_models/TGAT/wikipedia/TGAT_kan_mammote_dual_kmote_seed0/TGAT_kan_mammote_dual_kmote_seed0.pkl
2025-10-07 03:34:25,197 - root - INFO - Epoch: 11, learning rate: 0.0001, train loss: 0.4090
2025-10-07 03:34:25,197 - root - INFO - train average_precision, 0.8862
2025-10-07 03:34:25,198 - root - INFO - train roc_auc, 0.8957
2025-10-07 03:34:25,198 - root - INFO - validate loss: 0.4560
2025-10-07 03:34:25,198 - root - INFO - validate average_precision, 0.8389
2025-10-07 03:34:25,198 - root - INFO - validate roc_auc, 0.8592
2025-10-07 03:34:25,198 - root - INFO - new node validate loss: 0.5296
2025-10-07 03:34:25,198 - root - INFO - new node validate average_precision, 0.7722
2025-10-07 03:34:25,198 - root - INFO - new node validate roc_auc, 0.8037
2025-10-07 03:35:29,921 - root - INFO - Epoch: 12, learning rate: 0.0001, train loss: 0.4017
2025-10-07 03:35:29,922 - root - INFO - train average_precision, 0.8964
2025-10-07 03:35:29,922 - root - INFO - train roc_auc, 0.9035
2025-10-07 03:35:29,922 - root - INFO - validate loss: 0.4485
2025-10-07 03:35:29,922 - root - INFO - validate average_precision, 0.8489
2025-10-07 03:35:29,922 - root - INFO - validate roc_auc, 0.8661
2025-10-07 03:35:29,922 - root - INFO - new node validate loss: 0.5289
2025-10-07 03:35:29,922 - root - INFO - new node validate average_precision, 0.7761
2025-10-07 03:35:29,922 - root - INFO - new node validate roc_auc, 0.8109
2025-10-07 03:35:29,928 - root - INFO - save model ./saved_models/TGAT/wikipedia/TGAT_kan_mammote_dual_kmote_seed0/TGAT_kan_mammote_dual_kmote_seed0.pkl
