2025-10-08 06:09:38,054 - root - INFO - ********** Run 2 starts. **********
2025-10-08 06:09:38,054 - root - INFO - configuration is Namespace(dataset_name='enron', batch_size=200, model_name='DyGFormer', gpu=0, num_neighbors=20, sample_neighbor_strategy='uniform', time_scaling_factor=1e-06, num_walk_heads=8, num_heads=2, num_layers=2, walk_length=1, time_gap=2000, time_feat_dim=100, position_feat_dim=172, time_window_mode='fixed_proportion', time_encoder_type='mercer', expert_dim=128, num_mixtures=16, sort_neighbors_by_time=False, patch_size=4, channel_embedding_dim=50, max_input_sequence_length=256, learning_rate=0.0001, dropout=0.0, gamma=0.5, num_epochs=2, optimizer='Adam', weight_decay=0.0, patience=20, val_ratio=0.15, test_ratio=0.15, num_runs=2, test_interval_epochs=100, negative_sample_strategy='random', max_interaction_times=10, load_best_configs=True, data_ratio=0.05, seed=1, save_model_name_suffix='', ablation_dir='', mamba_d_state=256, mamba_d_conv=4, mamba_expand=2, mamba_headdim=64, resume_from_checkpoint=None, save_checkpoints=True, checkpoint_interval=20, start_from_seed=0, max_checkpoints_to_keep=3, checkpoint_strategy='minimal', validate_checkpoints=True, device='cuda:0', save_model_name='DyGFormer_mercer_seed1')
2025-10-08 06:09:38,055 - root - INFO - Metrics will be saved to: ./saved_metrics/DyGFormer/enron/DyGFormer_mercer_seed1
2025-10-08 06:09:38,056 - root - INFO - time encoder type: mercer
2025-10-08 06:09:38,056 - root - INFO - Time encoder will be injected into DyGFormer model
2025-10-08 06:09:38,104 - root - INFO - model -> Sequential(
  (0): DyGFormer(
    (time_encoder): TimeEncoderWrapper(
      (encoder): MercerTimeEncoder()
    )
    (neighbor_co_occurrence_encoder): NeighborCooccurrenceEncoder(
      (neighbor_co_occurrence_encode_layer): Sequential(
        (0): Linear(in_features=1, out_features=50, bias=True)
        (1): ReLU()
        (2): Linear(in_features=50, out_features=50, bias=True)
      )
    )
    (projection_layer): ModuleDict(
      (node): Linear(in_features=688, out_features=50, bias=True)
      (edge): Linear(in_features=688, out_features=50, bias=True)
      (time): Linear(in_features=400, out_features=50, bias=True)
      (neighbor_co_occurrence): Linear(in_features=200, out_features=50, bias=True)
    )
    (transformers): ModuleList(
      (0-1): 2 x TransformerEncoder(
        (multi_head_attention): MultiheadAttention(
          (out_proj): NonDynamicallyQuantizableLinear(in_features=200, out_features=200, bias=True)
        )
        (dropout): Dropout(p=0.0, inplace=False)
        (linear_layers): ModuleList(
          (0): Linear(in_features=200, out_features=800, bias=True)
          (1): Linear(in_features=800, out_features=200, bias=True)
        )
        (norm_layers): ModuleList(
          (0-1): 2 x LayerNorm((200,), eps=1e-05, elementwise_affine=True)
        )
      )
    )
    (output_layer): Linear(in_features=200, out_features=172, bias=True)
  )
  (1): MergeLayer(
    (fc1): Linear(in_features=344, out_features=172, bias=True)
    (fc2): Linear(in_features=172, out_features=1, bias=True)
    (act): ReLU()
  )
)
2025-10-08 06:09:38,105 - root - INFO - model name: DyGFormer, #parameters: 4650940 B, 4541.93359375 KB, 4.435482025146484 MB.
2025-10-08 06:09:43,593 - root - INFO - Epoch: 1, learning rate: 0.0001, train loss: 0.5404
2025-10-08 06:09:43,593 - root - INFO - train average_precision, 0.7998
2025-10-08 06:09:43,593 - root - INFO - train roc_auc, 0.8406
2025-10-08 06:09:43,593 - root - INFO - validate loss: 0.4889
2025-10-08 06:09:43,593 - root - INFO - validate average_precision, 0.8177
2025-10-08 06:09:43,593 - root - INFO - validate roc_auc, 0.8506
2025-10-08 06:09:43,593 - root - INFO - new node validate loss: 0.7562
2025-10-08 06:09:43,594 - root - INFO - new node validate average_precision, 0.6815
2025-10-08 06:09:43,594 - root - INFO - new node validate roc_auc, 0.6731
2025-10-08 06:09:43,603 - root - INFO - save model ./saved_models/DyGFormer/enron/DyGFormer_mercer_seed1/DyGFormer_mercer_seed1.pkl
2025-10-08 06:09:49,057 - root - INFO - Epoch: 2, learning rate: 0.0001, train loss: 0.5203
2025-10-08 06:09:49,058 - root - INFO - train average_precision, 0.8134
2025-10-08 06:09:49,058 - root - INFO - train roc_auc, 0.8471
2025-10-08 06:09:49,058 - root - INFO - validate loss: 0.4935
2025-10-08 06:09:49,058 - root - INFO - validate average_precision, 0.8296
2025-10-08 06:09:49,059 - root - INFO - validate roc_auc, 0.8534
2025-10-08 06:09:49,059 - root - INFO - new node validate loss: 0.7907
2025-10-08 06:09:49,059 - root - INFO - new node validate average_precision, 0.6835
2025-10-08 06:09:49,059 - root - INFO - new node validate roc_auc, 0.6720
2025-10-08 06:09:49,065 - root - INFO - save model ./saved_models/DyGFormer/enron/DyGFormer_mercer_seed1/DyGFormer_mercer_seed1.pkl
2025-10-08 06:09:49,110 - root - INFO - load model ./saved_models/DyGFormer/enron/DyGFormer_mercer_seed1/DyGFormer_mercer_seed1.pkl
2025-10-08 06:09:49,128 - root - INFO - get final performance on dataset enron...
2025-10-08 06:09:50,912 - root - INFO - validate loss: 0.4935
2025-10-08 06:09:50,912 - root - INFO - validate average_precision, 0.8296
2025-10-08 06:09:50,912 - root - INFO - validate roc_auc, 0.8534
2025-10-08 06:09:50,912 - root - INFO - new node validate loss: 0.7907
2025-10-08 06:09:50,912 - root - INFO - new node validate average_precision, 0.6835
2025-10-08 06:09:50,912 - root - INFO - new node validate roc_auc, 0.6720
2025-10-08 06:09:50,912 - root - INFO - test loss: 0.5046
2025-10-08 06:09:50,912 - root - INFO - test average_precision, 0.8438
2025-10-08 06:09:50,912 - root - INFO - test roc_auc, 0.8459
2025-10-08 06:09:50,912 - root - INFO - new node test loss: 0.6635
2025-10-08 06:09:50,912 - root - INFO - new node test average_precision, 0.6629
2025-10-08 06:09:50,912 - root - INFO - new node test roc_auc, 0.6953
2025-10-08 06:09:50,920 - root - INFO - ✅ Metrics saved to: ./saved_metrics/DyGFormer/enron/DyGFormer_mercer_seed1
2025-10-08 06:09:50,920 - root - INFO - Run 2 cost 12.87 seconds.
2025-10-08 06:09:50,924 - root - INFO - metrics over 2 runs:
2025-10-08 06:09:50,924 - root - INFO - validate average_precision, [np.float64(0.8453482959347591), np.float64(0.829618622963908)]
2025-10-08 06:09:50,924 - root - INFO - average validate average_precision, 0.8375 ± 0.0111
2025-10-08 06:09:50,924 - root - INFO - validate roc_auc, [np.float64(0.8642052020202019), np.float64(0.8534165243342515)]
2025-10-08 06:09:50,924 - root - INFO - average validate roc_auc, 0.8588 ± 0.0076
2025-10-08 06:09:50,924 - root - INFO - new node validate average_precision, [np.float64(0.6999966440969385), np.float64(0.683457125644401)]
2025-10-08 06:09:50,924 - root - INFO - average new node validate average_precision, 0.6917 ± 0.0117
2025-10-08 06:09:50,924 - root - INFO - new node validate roc_auc, [np.float64(0.6810822060353798), np.float64(0.6720083246618107)]
2025-10-08 06:09:50,924 - root - INFO - average new node validate roc_auc, 0.6765 ± 0.0064
2025-10-08 06:09:50,925 - root - INFO - test average_precision, [np.float64(0.8541685926192549), np.float64(0.8438287022655862)]
2025-10-08 06:09:50,925 - root - INFO - average test average_precision, 0.8490 ± 0.0073
2025-10-08 06:09:50,925 - root - INFO - test roc_auc, [np.float64(0.8531465317931698), np.float64(0.8459001539435759)]
2025-10-08 06:09:50,925 - root - INFO - average test roc_auc, 0.8495 ± 0.0051
2025-10-08 06:09:50,925 - root - INFO - new node test average_precision, [np.float64(0.6892238755306326), np.float64(0.6628839787034742)]
2025-10-08 06:09:50,925 - root - INFO - average new node test average_precision, 0.6761 ± 0.0186
2025-10-08 06:09:50,925 - root - INFO - new node test roc_auc, [np.float64(0.7210059171597634), np.float64(0.6953254437869822)]
2025-10-08 06:09:50,925 - root - INFO - average new node test roc_auc, 0.7082 ± 0.0182
