2025-10-01 06:37:04,003 - root - INFO - ********** Run 1 starts. **********
2025-10-01 06:37:04,003 - root - INFO - configuration is Namespace(dataset_name='uci', batch_size=200, model_name='JODIE', gpu=0, num_neighbors=10, sample_neighbor_strategy='uniform', time_scaling_factor=1e-06, num_walk_heads=8, num_heads=2, num_layers=1, walk_length=1, time_gap=2000, time_feat_dim=128, position_feat_dim=172, time_window_mode='fixed_proportion', time_encoder_type='lete', expert_dim=64, num_mixtures=4, patch_size=1, channel_embedding_dim=50, max_input_sequence_length=32, learning_rate=0.0001, dropout=0.4, gamma=0.5, num_epochs=100, optimizer='Adam', weight_decay=0.0, patience=20, val_ratio=0.15, test_ratio=0.15, num_runs=5, test_interval_epochs=1, negative_sample_strategy='random', max_interaction_times=10, load_best_configs=True, device='cuda:0', seed=0, save_model_name='JODIE_seed0')
2025-10-01 06:37:04,007 - root - INFO - time encoder type: lete
2025-10-01 06:37:04,300 - root - INFO - model -> Sequential(
  (0): MemoryModel(
    (time_encoder): TimeEncoder(
      (w): Linear(in_features=1, out_features=128, bias=True)
    )
    (message_aggregator): MessageAggregator()
    (memory_bank): MemoryBank(num_nodes=1900, memory_dim=172)
    (memory_updater): RNNMemoryUpdater(
      (memory_bank): MemoryBank(num_nodes=1900, memory_dim=172)
      (memory_updater): RNNCell(644, 172)
    )
    (embedding_module): TimeProjectionEmbedding(
      (dropout): Dropout(p=0.4, inplace=False)
      (linear_layer): Linear(in_features=1, out_features=172, bias=True)
    )
  )
  (1): MergeLayer(
    (fc1): Linear(in_features=344, out_features=172, bias=True)
    (fc2): Linear(in_features=172, out_features=1, bias=True)
    (act): ReLU()
  )
)
2025-10-01 06:37:04,301 - root - INFO - model name: JODIE, #parameters: 803236 B, 784.41015625 KB, 0.7660255432128906 MB.
2025-10-01 06:37:09,984 - root - INFO - Epoch: 1, learning rate: 0.0001, train loss: 0.5300
2025-10-01 06:37:09,984 - root - INFO - train average_precision, 0.7783
2025-10-01 06:37:09,985 - root - INFO - train roc_auc, 0.8146
2025-10-01 06:37:09,985 - root - INFO - validate loss: 0.5798
2025-10-01 06:37:09,985 - root - INFO - validate average_precision, 0.8238
2025-10-01 06:37:09,985 - root - INFO - validate roc_auc, 0.8460
2025-10-01 06:37:09,985 - root - INFO - new node validate loss: 0.7253
2025-10-01 06:37:09,985 - root - INFO - new node validate average_precision, 0.7143
2025-10-01 06:37:09,985 - root - INFO - new node validate roc_auc, 0.7153
2025-10-01 06:37:10,843 - root - INFO - test loss: 1.0325
2025-10-01 06:37:10,843 - root - INFO - test average_precision, 0.8791
2025-10-01 06:37:10,843 - root - INFO - best test average_precision: 0.8791
2025-10-01 06:37:10,843 - root - INFO - test roc_auc, 0.8958
2025-10-01 06:37:10,843 - root - INFO - new node test loss: 1.2595
2025-10-01 06:37:10,843 - root - INFO - new node test average_precision, 0.7464
2025-10-01 06:37:10,843 - root - INFO - new node test roc_auc, 0.7554
2025-10-01 06:37:10,844 - root - INFO - save model ./saved_models/JODIE/uci/JODIE_seed0/JODIE_seed0.pkl
2025-10-01 06:37:15,006 - root - INFO - Epoch: 2, learning rate: 0.0001, train loss: 0.4805
2025-10-01 06:37:15,006 - root - INFO - train average_precision, 0.8218
2025-10-01 06:37:15,006 - root - INFO - train roc_auc, 0.8486
2025-10-01 06:37:15,007 - root - INFO - validate loss: 0.5515
2025-10-01 06:37:15,007 - root - INFO - validate average_precision, 0.8244
2025-10-01 06:37:15,007 - root - INFO - validate roc_auc, 0.8467
2025-10-01 06:37:15,007 - root - INFO - new node validate loss: 0.6928
2025-10-01 06:37:15,007 - root - INFO - new node validate average_precision, 0.7211
2025-10-01 06:37:15,007 - root - INFO - new node validate roc_auc, 0.7191
2025-10-01 06:37:15,861 - root - INFO - test loss: 0.9423
2025-10-01 06:37:15,861 - root - INFO - test average_precision, 0.8729
2025-10-01 06:37:15,861 - root - INFO - best test average_precision: 0.8791
2025-10-01 06:37:15,862 - root - INFO - test roc_auc, 0.8944
2025-10-01 06:37:15,862 - root - INFO - new node test loss: 1.1348
2025-10-01 06:37:15,862 - root - INFO - new node test average_precision, 0.7303
2025-10-01 06:37:15,862 - root - INFO - new node test roc_auc, 0.7471
2025-10-01 06:37:15,862 - root - INFO - save model ./saved_models/JODIE/uci/JODIE_seed0/JODIE_seed0.pkl
2025-10-01 06:37:19,992 - root - INFO - Epoch: 3, learning rate: 0.0001, train loss: 0.4717
2025-10-01 06:37:19,992 - root - INFO - train average_precision, 0.8319
2025-10-01 06:37:19,992 - root - INFO - train roc_auc, 0.8540
2025-10-01 06:37:19,992 - root - INFO - validate loss: 0.5318
2025-10-01 06:37:19,992 - root - INFO - validate average_precision, 0.8285
2025-10-01 06:37:19,992 - root - INFO - validate roc_auc, 0.8493
2025-10-01 06:37:19,993 - root - INFO - new node validate loss: 0.6696
2025-10-01 06:37:19,993 - root - INFO - new node validate average_precision, 0.7247
2025-10-01 06:37:19,993 - root - INFO - new node validate roc_auc, 0.7218
2025-10-01 06:37:20,846 - root - INFO - test loss: 0.8615
2025-10-01 06:37:20,847 - root - INFO - test average_precision, 0.8680
2025-10-01 06:37:20,847 - root - INFO - best test average_precision: 0.8791
2025-10-01 06:37:20,847 - root - INFO - test roc_auc, 0.8934
2025-10-01 06:37:20,847 - root - INFO - new node test loss: 1.0298
2025-10-01 06:37:20,847 - root - INFO - new node test average_precision, 0.7207
2025-10-01 06:37:20,847 - root - INFO - new node test roc_auc, 0.7430
2025-10-01 06:37:20,847 - root - INFO - save model ./saved_models/JODIE/uci/JODIE_seed0/JODIE_seed0.pkl
2025-10-01 06:37:24,816 - root - INFO - Epoch: 4, learning rate: 0.0001, train loss: 0.4647
2025-10-01 06:37:24,816 - root - INFO - train average_precision, 0.8343
2025-10-01 06:37:24,816 - root - INFO - train roc_auc, 0.8580
2025-10-01 06:37:24,816 - root - INFO - validate loss: 0.5241
2025-10-01 06:37:24,816 - root - INFO - validate average_precision, 0.8304
2025-10-01 06:37:24,816 - root - INFO - validate roc_auc, 0.8498
2025-10-01 06:37:24,816 - root - INFO - new node validate loss: 0.6595
2025-10-01 06:37:24,816 - root - INFO - new node validate average_precision, 0.7304
2025-10-01 06:37:24,816 - root - INFO - new node validate roc_auc, 0.7248
2025-10-01 06:37:25,805 - root - INFO - test loss: 0.8259
2025-10-01 06:37:25,805 - root - INFO - test average_precision, 0.8666
2025-10-01 06:37:25,805 - root - INFO - best test average_precision: 0.8791
2025-10-01 06:37:25,805 - root - INFO - test roc_auc, 0.8929
2025-10-01 06:37:25,805 - root - INFO - new node test loss: 0.9837
2025-10-01 06:37:25,805 - root - INFO - new node test average_precision, 0.7175
2025-10-01 06:37:25,805 - root - INFO - new node test roc_auc, 0.7409
2025-10-01 06:37:25,805 - root - INFO - save model ./saved_models/JODIE/uci/JODIE_seed0/JODIE_seed0.pkl
2025-10-01 06:37:29,794 - root - INFO - Epoch: 5, learning rate: 0.0001, train loss: 0.4614
2025-10-01 06:37:29,795 - root - INFO - train average_precision, 0.8407
2025-10-01 06:37:29,795 - root - INFO - train roc_auc, 0.8610
2025-10-01 06:37:29,795 - root - INFO - validate loss: 0.5284
2025-10-01 06:37:29,795 - root - INFO - validate average_precision, 0.8292
2025-10-01 06:37:29,795 - root - INFO - validate roc_auc, 0.8484
2025-10-01 06:37:29,795 - root - INFO - new node validate loss: 0.6621
2025-10-01 06:37:29,795 - root - INFO - new node validate average_precision, 0.7305
2025-10-01 06:37:29,795 - root - INFO - new node validate roc_auc, 0.7246
2025-10-01 06:37:30,649 - root - INFO - test loss: 0.8186
2025-10-01 06:37:30,649 - root - INFO - test average_precision, 0.8607
2025-10-01 06:37:30,649 - root - INFO - best test average_precision: 0.8791
2025-10-01 06:37:30,649 - root - INFO - test roc_auc, 0.8905
2025-10-01 06:37:30,649 - root - INFO - new node test loss: 0.9692
2025-10-01 06:37:30,649 - root - INFO - new node test average_precision, 0.7063
2025-10-01 06:37:30,649 - root - INFO - new node test roc_auc, 0.7350
2025-10-01 06:37:34,505 - root - INFO - Epoch: 6, learning rate: 0.0001, train loss: 0.4591
2025-10-01 06:37:34,505 - root - INFO - train average_precision, 0.8424
2025-10-01 06:37:34,505 - root - INFO - train roc_auc, 0.8620
2025-10-01 06:37:34,505 - root - INFO - validate loss: 0.5245
2025-10-01 06:37:34,505 - root - INFO - validate average_precision, 0.8305
2025-10-01 06:37:34,505 - root - INFO - validate roc_auc, 0.8490
2025-10-01 06:37:34,505 - root - INFO - new node validate loss: 0.6535
2025-10-01 06:37:34,506 - root - INFO - new node validate average_precision, 0.7337
2025-10-01 06:37:34,506 - root - INFO - new node validate roc_auc, 0.7279
2025-10-01 06:37:35,365 - root - INFO - test loss: 0.7884
2025-10-01 06:37:35,365 - root - INFO - test average_precision, 0.8627
2025-10-01 06:37:35,365 - root - INFO - best test average_precision: 0.8791
2025-10-01 06:37:35,365 - root - INFO - test roc_auc, 0.8914
2025-10-01 06:37:35,365 - root - INFO - new node test loss: 0.9371
2025-10-01 06:37:35,365 - root - INFO - new node test average_precision, 0.7074
2025-10-01 06:37:35,365 - root - INFO - new node test roc_auc, 0.7363
2025-10-01 06:37:39,217 - root - INFO - Epoch: 7, learning rate: 0.0001, train loss: 0.4587
2025-10-01 06:37:39,217 - root - INFO - train average_precision, 0.8420
2025-10-01 06:37:39,217 - root - INFO - train roc_auc, 0.8622
2025-10-01 06:37:39,217 - root - INFO - validate loss: 0.5107
2025-10-01 06:37:39,217 - root - INFO - validate average_precision, 0.8340
2025-10-01 06:37:39,217 - root - INFO - validate roc_auc, 0.8530
2025-10-01 06:37:39,217 - root - INFO - new node validate loss: 0.6465
2025-10-01 06:37:39,217 - root - INFO - new node validate average_precision, 0.7344
2025-10-01 06:37:39,218 - root - INFO - new node validate roc_auc, 0.7288
2025-10-01 06:37:40,076 - root - INFO - test loss: 0.7672
2025-10-01 06:37:40,076 - root - INFO - test average_precision, 0.8738
2025-10-01 06:37:40,076 - root - INFO - best test average_precision: 0.8791
2025-10-01 06:37:40,076 - root - INFO - test roc_auc, 0.8960
2025-10-01 06:37:40,076 - root - INFO - new node test loss: 0.9180
2025-10-01 06:37:40,076 - root - INFO - new node test average_precision, 0.7248
2025-10-01 06:37:40,076 - root - INFO - new node test roc_auc, 0.7455
2025-10-01 06:37:40,076 - root - INFO - save model ./saved_models/JODIE/uci/JODIE_seed0/JODIE_seed0.pkl
2025-10-01 06:37:44,009 - root - INFO - Epoch: 8, learning rate: 0.0001, train loss: 0.4596
2025-10-01 06:37:44,009 - root - INFO - train average_precision, 0.8406
2025-10-01 06:37:44,009 - root - INFO - train roc_auc, 0.8609
2025-10-01 06:37:44,009 - root - INFO - validate loss: 0.5205
2025-10-01 06:37:44,009 - root - INFO - validate average_precision, 0.8324
2025-10-01 06:37:44,009 - root - INFO - validate roc_auc, 0.8501
2025-10-01 06:37:44,009 - root - INFO - new node validate loss: 0.6510
2025-10-01 06:37:44,009 - root - INFO - new node validate average_precision, 0.7356
2025-10-01 06:37:44,009 - root - INFO - new node validate roc_auc, 0.7286
2025-10-01 06:37:45,007 - root - INFO - test loss: 0.7815
2025-10-01 06:37:45,007 - root - INFO - test average_precision, 0.8699
2025-10-01 06:37:45,008 - root - INFO - best test average_precision: 0.8791
2025-10-01 06:37:45,008 - root - INFO - test roc_auc, 0.8935
2025-10-01 06:37:45,008 - root - INFO - new node test loss: 0.9361
2025-10-01 06:37:45,008 - root - INFO - new node test average_precision, 0.7190
2025-10-01 06:37:45,008 - root - INFO - new node test roc_auc, 0.7407
2025-10-01 06:37:48,713 - root - INFO - Epoch: 9, learning rate: 0.0001, train loss: 0.4569
2025-10-01 06:37:48,713 - root - INFO - train average_precision, 0.8426
2025-10-01 06:37:48,713 - root - INFO - train roc_auc, 0.8633
2025-10-01 06:37:48,713 - root - INFO - validate loss: 0.5249
2025-10-01 06:37:48,714 - root - INFO - validate average_precision, 0.8313
2025-10-01 06:37:48,714 - root - INFO - validate roc_auc, 0.8480
2025-10-01 06:37:48,714 - root - INFO - new node validate loss: 0.6539
2025-10-01 06:37:48,714 - root - INFO - new node validate average_precision, 0.7335
2025-10-01 06:37:48,714 - root - INFO - new node validate roc_auc, 0.7269
2025-10-01 06:37:49,569 - root - INFO - test loss: 0.7791
2025-10-01 06:37:49,569 - root - INFO - test average_precision, 0.8634
2025-10-01 06:37:49,569 - root - INFO - best test average_precision: 0.8791
2025-10-01 06:37:49,569 - root - INFO - test roc_auc, 0.8903
2025-10-01 06:37:49,570 - root - INFO - new node test loss: 0.9334
2025-10-01 06:37:49,570 - root - INFO - new node test average_precision, 0.7069
2025-10-01 06:37:49,570 - root - INFO - new node test roc_auc, 0.7347
2025-10-01 06:37:53,433 - root - INFO - Epoch: 10, learning rate: 0.0001, train loss: 0.4551
2025-10-01 06:37:53,434 - root - INFO - train average_precision, 0.8416
2025-10-01 06:37:53,434 - root - INFO - train roc_auc, 0.8631
2025-10-01 06:37:53,434 - root - INFO - validate loss: 0.5206
2025-10-01 06:37:53,434 - root - INFO - validate average_precision, 0.8309
2025-10-01 06:37:53,434 - root - INFO - validate roc_auc, 0.8474
2025-10-01 06:37:53,434 - root - INFO - new node validate loss: 0.6465
2025-10-01 06:37:53,434 - root - INFO - new node validate average_precision, 0.7355
2025-10-01 06:37:53,434 - root - INFO - new node validate roc_auc, 0.7267
2025-10-01 06:37:54,295 - root - INFO - test loss: 0.7404
2025-10-01 06:37:54,296 - root - INFO - test average_precision, 0.8689
2025-10-01 06:37:54,296 - root - INFO - best test average_precision: 0.8791
2025-10-01 06:37:54,296 - root - INFO - test roc_auc, 0.8924
2025-10-01 06:37:54,296 - root - INFO - new node test loss: 0.9000
2025-10-01 06:37:54,296 - root - INFO - new node test average_precision, 0.7188
2025-10-01 06:37:54,296 - root - INFO - new node test roc_auc, 0.7400
2025-10-01 06:37:58,017 - root - INFO - Epoch: 11, learning rate: 0.0001, train loss: 0.4547
2025-10-01 06:37:58,017 - root - INFO - train average_precision, 0.8457
2025-10-01 06:37:58,017 - root - INFO - train roc_auc, 0.8652
2025-10-01 06:37:58,017 - root - INFO - validate loss: 0.5110
2025-10-01 06:37:58,017 - root - INFO - validate average_precision, 0.8313
2025-10-01 06:37:58,017 - root - INFO - validate roc_auc, 0.8475
2025-10-01 06:37:58,018 - root - INFO - new node validate loss: 0.6341
2025-10-01 06:37:58,018 - root - INFO - new node validate average_precision, 0.7370
2025-10-01 06:37:58,018 - root - INFO - new node validate roc_auc, 0.7276
2025-10-01 06:37:58,999 - root - INFO - test loss: 0.6913
2025-10-01 06:37:58,999 - root - INFO - test average_precision, 0.8751
2025-10-01 06:37:58,999 - root - INFO - best test average_precision: 0.8791
2025-10-01 06:37:58,999 - root - INFO - test roc_auc, 0.8947
2025-10-01 06:37:58,999 - root - INFO - new node test loss: 0.8468
2025-10-01 06:37:58,999 - root - INFO - new node test average_precision, 0.7317
2025-10-01 06:37:58,999 - root - INFO - new node test roc_auc, 0.7456
2025-10-01 06:38:02,771 - root - INFO - Epoch: 12, learning rate: 0.0001, train loss: 0.4532
2025-10-01 06:38:02,771 - root - INFO - train average_precision, 0.8447
2025-10-01 06:38:02,771 - root - INFO - train roc_auc, 0.8653
2025-10-01 06:38:02,771 - root - INFO - validate loss: 0.5200
2025-10-01 06:38:02,771 - root - INFO - validate average_precision, 0.8317
2025-10-01 06:38:02,771 - root - INFO - validate roc_auc, 0.8475
2025-10-01 06:38:02,771 - root - INFO - new node validate loss: 0.6462
2025-10-01 06:38:02,771 - root - INFO - new node validate average_precision, 0.7338
2025-10-01 06:38:02,771 - root - INFO - new node validate roc_auc, 0.7257
2025-10-01 06:38:03,634 - root - INFO - test loss: 0.7380
2025-10-01 06:38:03,634 - root - INFO - test average_precision, 0.8708
2025-10-01 06:38:03,634 - root - INFO - best test average_precision: 0.8791
2025-10-01 06:38:03,634 - root - INFO - test roc_auc, 0.8925
2025-10-01 06:38:03,634 - root - INFO - new node test loss: 0.8956
2025-10-01 06:38:03,634 - root - INFO - new node test average_precision, 0.7251
2025-10-01 06:38:03,635 - root - INFO - new node test roc_auc, 0.7414
2025-10-01 06:38:07,547 - root - INFO - Epoch: 13, learning rate: 0.0001, train loss: 0.4590
2025-10-01 06:38:07,547 - root - INFO - train average_precision, 0.8404
2025-10-01 06:38:07,547 - root - INFO - train roc_auc, 0.8618
2025-10-01 06:38:07,547 - root - INFO - validate loss: 0.5189
2025-10-01 06:38:07,547 - root - INFO - validate average_precision, 0.8310
2025-10-01 06:38:07,548 - root - INFO - validate roc_auc, 0.8468
2025-10-01 06:38:07,548 - root - INFO - new node validate loss: 0.6421
2025-10-01 06:38:07,548 - root - INFO - new node validate average_precision, 0.7364
2025-10-01 06:38:07,548 - root - INFO - new node validate roc_auc, 0.7274
2025-10-01 06:38:08,407 - root - INFO - test loss: 0.7203
2025-10-01 06:38:08,407 - root - INFO - test average_precision, 0.8744
2025-10-01 06:38:08,407 - root - INFO - best test average_precision: 0.8791
2025-10-01 06:38:08,407 - root - INFO - test roc_auc, 0.8936
2025-10-01 06:38:08,407 - root - INFO - new node test loss: 0.8785
2025-10-01 06:38:08,407 - root - INFO - new node test average_precision, 0.7300
2025-10-01 06:38:08,407 - root - INFO - new node test roc_auc, 0.7435
2025-10-01 06:38:12,125 - root - INFO - Epoch: 14, learning rate: 0.0001, train loss: 0.4507
2025-10-01 06:38:12,125 - root - INFO - train average_precision, 0.8471
2025-10-01 06:38:12,125 - root - INFO - train roc_auc, 0.8667
2025-10-01 06:38:12,125 - root - INFO - validate loss: 0.5206
2025-10-01 06:38:12,125 - root - INFO - validate average_precision, 0.8318
2025-10-01 06:38:12,125 - root - INFO - validate roc_auc, 0.8465
2025-10-01 06:38:12,125 - root - INFO - new node validate loss: 0.6416
2025-10-01 06:38:12,126 - root - INFO - new node validate average_precision, 0.7361
2025-10-01 06:38:12,126 - root - INFO - new node validate roc_auc, 0.7272
2025-10-01 06:38:13,108 - root - INFO - test loss: 0.7121
2025-10-01 06:38:13,108 - root - INFO - test average_precision, 0.8731
2025-10-01 06:38:13,108 - root - INFO - best test average_precision: 0.8791
2025-10-01 06:38:13,108 - root - INFO - test roc_auc, 0.8924
2025-10-01 06:38:13,108 - root - INFO - new node test loss: 0.8685
2025-10-01 06:38:13,108 - root - INFO - new node test average_precision, 0.7278
2025-10-01 06:38:13,108 - root - INFO - new node test roc_auc, 0.7417
2025-10-01 06:38:16,853 - root - INFO - Epoch: 15, learning rate: 0.0001, train loss: 0.4492
2025-10-01 06:38:16,853 - root - INFO - train average_precision, 0.8515
2025-10-01 06:38:16,853 - root - INFO - train roc_auc, 0.8683
2025-10-01 06:38:16,853 - root - INFO - validate loss: 0.5230
2025-10-01 06:38:16,853 - root - INFO - validate average_precision, 0.8288
2025-10-01 06:38:16,853 - root - INFO - validate roc_auc, 0.8431
2025-10-01 06:38:16,853 - root - INFO - new node validate loss: 0.6447
2025-10-01 06:38:16,853 - root - INFO - new node validate average_precision, 0.7350
2025-10-01 06:38:16,853 - root - INFO - new node validate roc_auc, 0.7256
2025-10-01 06:38:17,716 - root - INFO - test loss: 0.7201
2025-10-01 06:38:17,716 - root - INFO - test average_precision, 0.8701
2025-10-01 06:38:17,716 - root - INFO - best test average_precision: 0.8791
2025-10-01 06:38:17,716 - root - INFO - test roc_auc, 0.8904
2025-10-01 06:38:17,716 - root - INFO - new node test loss: 0.8829
2025-10-01 06:38:17,716 - root - INFO - new node test average_precision, 0.7262
2025-10-01 06:38:17,716 - root - INFO - new node test roc_auc, 0.7392
2025-10-01 06:38:21,602 - root - INFO - Epoch: 16, learning rate: 0.0001, train loss: 0.4508
2025-10-01 06:38:21,602 - root - INFO - train average_precision, 0.8494
2025-10-01 06:38:21,602 - root - INFO - train roc_auc, 0.8669
2025-10-01 06:38:21,602 - root - INFO - validate loss: 0.5213
2025-10-01 06:38:21,602 - root - INFO - validate average_precision, 0.8322
2025-10-01 06:38:21,602 - root - INFO - validate roc_auc, 0.8470
2025-10-01 06:38:21,602 - root - INFO - new node validate loss: 0.6460
2025-10-01 06:38:21,603 - root - INFO - new node validate average_precision, 0.7368
2025-10-01 06:38:21,603 - root - INFO - new node validate roc_auc, 0.7258
2025-10-01 06:38:22,461 - root - INFO - test loss: 0.7333
2025-10-01 06:38:22,461 - root - INFO - test average_precision, 0.8794
2025-10-01 06:38:22,461 - root - INFO - best test average_precision: 0.8794
2025-10-01 06:38:22,461 - root - INFO - test roc_auc, 0.8945
2025-10-01 06:38:22,461 - root - INFO - new node test loss: 0.9024
2025-10-01 06:38:22,461 - root - INFO - new node test average_precision, 0.7377
2025-10-01 06:38:22,461 - root - INFO - new node test roc_auc, 0.7452
2025-10-01 06:38:26,200 - root - INFO - Epoch: 17, learning rate: 0.0001, train loss: 0.4458
2025-10-01 06:38:26,200 - root - INFO - train average_precision, 0.8524
2025-10-01 06:38:26,200 - root - INFO - train roc_auc, 0.8699
2025-10-01 06:38:26,200 - root - INFO - validate loss: 0.5208
2025-10-01 06:38:26,200 - root - INFO - validate average_precision, 0.8305
2025-10-01 06:38:26,200 - root - INFO - validate roc_auc, 0.8445
2025-10-01 06:38:26,200 - root - INFO - new node validate loss: 0.6430
2025-10-01 06:38:26,200 - root - INFO - new node validate average_precision, 0.7343
2025-10-01 06:38:26,200 - root - INFO - new node validate roc_auc, 0.7236
2025-10-01 06:38:27,067 - root - INFO - test loss: 0.7182
2025-10-01 06:38:27,067 - root - INFO - test average_precision, 0.8737
2025-10-01 06:38:27,067 - root - INFO - best test average_precision: 0.8794
2025-10-01 06:38:27,067 - root - INFO - test roc_auc, 0.8904
2025-10-01 06:38:27,067 - root - INFO - new node test loss: 0.8858
2025-10-01 06:38:27,067 - root - INFO - new node test average_precision, 0.7320
2025-10-01 06:38:27,067 - root - INFO - new node test roc_auc, 0.7385
2025-10-01 06:38:30,943 - root - INFO - Epoch: 18, learning rate: 0.0001, train loss: 0.4494
2025-10-01 06:38:30,944 - root - INFO - train average_precision, 0.8506
2025-10-01 06:38:30,944 - root - INFO - train roc_auc, 0.8680
2025-10-01 06:38:30,944 - root - INFO - validate loss: 0.5185
2025-10-01 06:38:30,944 - root - INFO - validate average_precision, 0.8308
2025-10-01 06:38:30,944 - root - INFO - validate roc_auc, 0.8446
2025-10-01 06:38:30,944 - root - INFO - new node validate loss: 0.6409
2025-10-01 06:38:30,944 - root - INFO - new node validate average_precision, 0.7357
2025-10-01 06:38:30,944 - root - INFO - new node validate roc_auc, 0.7236
2025-10-01 06:38:31,813 - root - INFO - test loss: 0.7070
2025-10-01 06:38:31,813 - root - INFO - test average_precision, 0.8741
2025-10-01 06:38:31,813 - root - INFO - best test average_precision: 0.8794
2025-10-01 06:38:31,813 - root - INFO - test roc_auc, 0.8901
2025-10-01 06:38:31,813 - root - INFO - new node test loss: 0.8745
2025-10-01 06:38:31,813 - root - INFO - new node test average_precision, 0.7358
2025-10-01 06:38:31,813 - root - INFO - new node test roc_auc, 0.7401
2025-10-01 06:38:35,716 - root - INFO - Epoch: 19, learning rate: 0.0001, train loss: 0.4463
2025-10-01 06:38:35,716 - root - INFO - train average_precision, 0.8531
2025-10-01 06:38:35,716 - root - INFO - train roc_auc, 0.8702
2025-10-01 06:38:35,717 - root - INFO - validate loss: 0.5203
2025-10-01 06:38:35,717 - root - INFO - validate average_precision, 0.8324
2025-10-01 06:38:35,717 - root - INFO - validate roc_auc, 0.8458
2025-10-01 06:38:35,717 - root - INFO - new node validate loss: 0.6476
2025-10-01 06:38:35,717 - root - INFO - new node validate average_precision, 0.7355
2025-10-01 06:38:35,717 - root - INFO - new node validate roc_auc, 0.7236
2025-10-01 06:38:36,575 - root - INFO - test loss: 0.7287
2025-10-01 06:38:36,575 - root - INFO - test average_precision, 0.8776
2025-10-01 06:38:36,575 - root - INFO - best test average_precision: 0.8794
2025-10-01 06:38:36,575 - root - INFO - test roc_auc, 0.8916
2025-10-01 06:38:36,575 - root - INFO - new node test loss: 0.9006
2025-10-01 06:38:36,575 - root - INFO - new node test average_precision, 0.7444
2025-10-01 06:38:36,575 - root - INFO - new node test roc_auc, 0.7458
2025-10-01 06:38:40,310 - root - INFO - Epoch: 20, learning rate: 0.0001, train loss: 0.4445
2025-10-01 06:38:40,310 - root - INFO - train average_precision, 0.8554
2025-10-01 06:38:40,310 - root - INFO - train roc_auc, 0.8711
2025-10-01 06:38:40,310 - root - INFO - validate loss: 0.5191
2025-10-01 06:38:40,310 - root - INFO - validate average_precision, 0.8294
2025-10-01 06:38:40,310 - root - INFO - validate roc_auc, 0.8427
2025-10-01 06:38:40,310 - root - INFO - new node validate loss: 0.6440
2025-10-01 06:38:40,311 - root - INFO - new node validate average_precision, 0.7347
2025-10-01 06:38:40,311 - root - INFO - new node validate roc_auc, 0.7221
2025-10-01 06:38:41,166 - root - INFO - test loss: 0.7145
2025-10-01 06:38:41,167 - root - INFO - test average_precision, 0.8773
2025-10-01 06:38:41,167 - root - INFO - best test average_precision: 0.8794
2025-10-01 06:38:41,167 - root - INFO - test roc_auc, 0.8913
2025-10-01 06:38:41,167 - root - INFO - new node test loss: 0.8897
2025-10-01 06:38:41,167 - root - INFO - new node test average_precision, 0.7468
2025-10-01 06:38:41,167 - root - INFO - new node test roc_auc, 0.7461
2025-10-01 06:38:45,013 - root - INFO - Epoch: 21, learning rate: 0.0001, train loss: 0.4449
2025-10-01 06:38:45,014 - root - INFO - train average_precision, 0.8530
2025-10-01 06:38:45,014 - root - INFO - train roc_auc, 0.8704
2025-10-01 06:38:45,014 - root - INFO - validate loss: 0.5208
2025-10-01 06:38:45,014 - root - INFO - validate average_precision, 0.8311
2025-10-01 06:38:45,014 - root - INFO - validate roc_auc, 0.8449
2025-10-01 06:38:45,014 - root - INFO - new node validate loss: 0.6468
2025-10-01 06:38:45,014 - root - INFO - new node validate average_precision, 0.7326
2025-10-01 06:38:45,014 - root - INFO - new node validate roc_auc, 0.7200
2025-10-01 06:38:45,874 - root - INFO - test loss: 0.7140
2025-10-01 06:38:45,874 - root - INFO - test average_precision, 0.8777
2025-10-01 06:38:45,874 - root - INFO - best test average_precision: 0.8794
2025-10-01 06:38:45,874 - root - INFO - test roc_auc, 0.8919
2025-10-01 06:38:45,874 - root - INFO - new node test loss: 0.8853
2025-10-01 06:38:45,874 - root - INFO - new node test average_precision, 0.7505
2025-10-01 06:38:45,874 - root - INFO - new node test roc_auc, 0.7489
2025-10-01 06:38:49,603 - root - INFO - Epoch: 22, learning rate: 0.0001, train loss: 0.4426
2025-10-01 06:38:49,603 - root - INFO - train average_precision, 0.8573
2025-10-01 06:38:49,603 - root - INFO - train roc_auc, 0.8722
2025-10-01 06:38:49,603 - root - INFO - validate loss: 0.5215
2025-10-01 06:38:49,603 - root - INFO - validate average_precision, 0.8317
2025-10-01 06:38:49,603 - root - INFO - validate roc_auc, 0.8457
2025-10-01 06:38:49,603 - root - INFO - new node validate loss: 0.6491
2025-10-01 06:38:49,603 - root - INFO - new node validate average_precision, 0.7312
2025-10-01 06:38:49,603 - root - INFO - new node validate roc_auc, 0.7177
2025-10-01 06:38:50,582 - root - INFO - test loss: 0.7231
2025-10-01 06:38:50,582 - root - INFO - test average_precision, 0.8760
2025-10-01 06:38:50,583 - root - INFO - best test average_precision: 0.8794
2025-10-01 06:38:50,583 - root - INFO - test roc_auc, 0.8898
2025-10-01 06:38:50,583 - root - INFO - new node test loss: 0.9008
2025-10-01 06:38:50,583 - root - INFO - new node test average_precision, 0.7496
2025-10-01 06:38:50,583 - root - INFO - new node test roc_auc, 0.7464
2025-10-01 06:38:54,376 - root - INFO - Epoch: 23, learning rate: 0.0001, train loss: 0.4446
2025-10-01 06:38:54,376 - root - INFO - train average_precision, 0.8548
2025-10-01 06:38:54,376 - root - INFO - train roc_auc, 0.8715
2025-10-01 06:38:54,376 - root - INFO - validate loss: 0.5185
2025-10-01 06:38:54,376 - root - INFO - validate average_precision, 0.8316
2025-10-01 06:38:54,376 - root - INFO - validate roc_auc, 0.8456
2025-10-01 06:38:54,376 - root - INFO - new node validate loss: 0.6497
2025-10-01 06:38:54,376 - root - INFO - new node validate average_precision, 0.7314
2025-10-01 06:38:54,376 - root - INFO - new node validate roc_auc, 0.7173
2025-10-01 06:38:55,232 - root - INFO - test loss: 0.7068
2025-10-01 06:38:55,232 - root - INFO - test average_precision, 0.8784
2025-10-01 06:38:55,232 - root - INFO - best test average_precision: 0.8794
2025-10-01 06:38:55,232 - root - INFO - test roc_auc, 0.8909
2025-10-01 06:38:55,232 - root - INFO - new node test loss: 0.8840
2025-10-01 06:38:55,232 - root - INFO - new node test average_precision, 0.7547
2025-10-01 06:38:55,233 - root - INFO - new node test roc_auc, 0.7494
2025-10-01 06:38:59,202 - root - INFO - Epoch: 24, learning rate: 0.0001, train loss: 0.4428
2025-10-01 06:38:59,202 - root - INFO - train average_precision, 0.8575
2025-10-01 06:38:59,202 - root - INFO - train roc_auc, 0.8730
2025-10-01 06:38:59,202 - root - INFO - validate loss: 0.5274
2025-10-01 06:38:59,202 - root - INFO - validate average_precision, 0.8290
2025-10-01 06:38:59,202 - root - INFO - validate roc_auc, 0.8414
2025-10-01 06:38:59,202 - root - INFO - new node validate loss: 0.6554
2025-10-01 06:38:59,203 - root - INFO - new node validate average_precision, 0.7315
2025-10-01 06:38:59,203 - root - INFO - new node validate roc_auc, 0.7166
2025-10-01 06:39:00,067 - root - INFO - test loss: 0.7206
2025-10-01 06:39:00,067 - root - INFO - test average_precision, 0.8759
2025-10-01 06:39:00,067 - root - INFO - best test average_precision: 0.8794
2025-10-01 06:39:00,067 - root - INFO - test roc_auc, 0.8892
2025-10-01 06:39:00,067 - root - INFO - new node test loss: 0.8940
2025-10-01 06:39:00,067 - root - INFO - new node test average_precision, 0.7519
2025-10-01 06:39:00,067 - root - INFO - new node test roc_auc, 0.7470
2025-10-01 06:39:03,772 - root - INFO - Epoch: 25, learning rate: 0.0001, train loss: 0.4431
2025-10-01 06:39:03,772 - root - INFO - train average_precision, 0.8562
2025-10-01 06:39:03,772 - root - INFO - train roc_auc, 0.8718
2025-10-01 06:39:03,772 - root - INFO - validate loss: 0.5169
2025-10-01 06:39:03,772 - root - INFO - validate average_precision, 0.8292
2025-10-01 06:39:03,772 - root - INFO - validate roc_auc, 0.8427
2025-10-01 06:39:03,772 - root - INFO - new node validate loss: 0.6465
2025-10-01 06:39:03,772 - root - INFO - new node validate average_precision, 0.7332
2025-10-01 06:39:03,772 - root - INFO - new node validate roc_auc, 0.7172
2025-10-01 06:39:04,740 - root - INFO - test loss: 0.6742
2025-10-01 06:39:04,740 - root - INFO - test average_precision, 0.8808
2025-10-01 06:39:04,740 - root - INFO - best test average_precision: 0.8808
2025-10-01 06:39:04,740 - root - INFO - test roc_auc, 0.8929
2025-10-01 06:39:04,740 - root - INFO - new node test loss: 0.8460
2025-10-01 06:39:04,740 - root - INFO - new node test average_precision, 0.7625
2025-10-01 06:39:04,740 - root - INFO - new node test roc_auc, 0.7549
2025-10-01 06:39:08,439 - root - INFO - Epoch: 26, learning rate: 0.0001, train loss: 0.4392
2025-10-01 06:39:08,439 - root - INFO - train average_precision, 0.8587
2025-10-01 06:39:08,439 - root - INFO - train roc_auc, 0.8744
2025-10-01 06:39:08,439 - root - INFO - validate loss: 0.5266
2025-10-01 06:39:08,439 - root - INFO - validate average_precision, 0.8296
2025-10-01 06:39:08,439 - root - INFO - validate roc_auc, 0.8428
2025-10-01 06:39:08,439 - root - INFO - new node validate loss: 0.6564
2025-10-01 06:39:08,439 - root - INFO - new node validate average_precision, 0.7319
2025-10-01 06:39:08,439 - root - INFO - new node validate roc_auc, 0.7159
2025-10-01 06:39:09,299 - root - INFO - test loss: 0.7176
2025-10-01 06:39:09,299 - root - INFO - test average_precision, 0.8783
2025-10-01 06:39:09,299 - root - INFO - best test average_precision: 0.8808
2025-10-01 06:39:09,299 - root - INFO - test roc_auc, 0.8906
2025-10-01 06:39:09,299 - root - INFO - new node test loss: 0.8915
2025-10-01 06:39:09,299 - root - INFO - new node test average_precision, 0.7584
2025-10-01 06:39:09,299 - root - INFO - new node test roc_auc, 0.7498
2025-10-01 06:39:13,138 - root - INFO - Epoch: 27, learning rate: 0.0001, train loss: 0.4376
2025-10-01 06:39:13,138 - root - INFO - train average_precision, 0.8589
2025-10-01 06:39:13,138 - root - INFO - train roc_auc, 0.8752
2025-10-01 06:39:13,138 - root - INFO - validate loss: 0.5178
2025-10-01 06:39:13,138 - root - INFO - validate average_precision, 0.8301
2025-10-01 06:39:13,138 - root - INFO - validate roc_auc, 0.8449
2025-10-01 06:39:13,138 - root - INFO - new node validate loss: 0.6514
2025-10-01 06:39:13,138 - root - INFO - new node validate average_precision, 0.7291
2025-10-01 06:39:13,138 - root - INFO - new node validate roc_auc, 0.7139
2025-10-01 06:39:13,999 - root - INFO - test loss: 0.6893
2025-10-01 06:39:13,999 - root - INFO - test average_precision, 0.8775
2025-10-01 06:39:13,999 - root - INFO - best test average_precision: 0.8808
2025-10-01 06:39:13,999 - root - INFO - test roc_auc, 0.8888
2025-10-01 06:39:13,999 - root - INFO - new node test loss: 0.8708
2025-10-01 06:39:13,999 - root - INFO - new node test average_precision, 0.7581
2025-10-01 06:39:13,999 - root - INFO - new node test roc_auc, 0.7459
2025-10-01 06:39:14,000 - root - INFO - load model ./saved_models/JODIE/uci/JODIE_seed0/JODIE_seed0.pkl
2025-10-01 06:39:14,295 - root - INFO - get final performance on dataset uci...
2025-10-01 06:39:15,164 - root - INFO - test loss: 0.7672
2025-10-01 06:39:15,164 - root - INFO - test average_precision, 0.8738
2025-10-01 06:39:15,164 - root - INFO - test roc_auc, 0.8960
2025-10-01 06:39:15,164 - root - INFO - new node test loss: 0.9180
2025-10-01 06:39:15,164 - root - INFO - new node test average_precision, 0.7248
2025-10-01 06:39:15,164 - root - INFO - new node test roc_auc, 0.7455
2025-10-01 06:39:15,164 - root - INFO - Run 1 cost 131.16 seconds.
