2025-10-02 07:02:17,301 - root - INFO - ********** Run 5 starts. **********
2025-10-02 07:02:17,301 - root - INFO - configuration is Namespace(dataset_name='reddit', batch_size=200, model_name='JODIE', gpu=0, num_neighbors=10, sample_neighbor_strategy='uniform', time_scaling_factor=1e-06, num_walk_heads=8, num_heads=2, num_layers=1, walk_length=1, time_gap=2000, time_feat_dim=128, position_feat_dim=172, time_window_mode='fixed_proportion', time_encoder_type='bochner', expert_dim=64, num_mixtures=4, patch_size=1, channel_embedding_dim=50, max_input_sequence_length=32, learning_rate=0.0001, dropout=0.1, gamma=0.5, num_epochs=100, optimizer='Adam', weight_decay=0.0, patience=20, val_ratio=0.15, test_ratio=0.15, num_runs=5, test_interval_epochs=1, negative_sample_strategy='random', max_interaction_times=10, load_best_configs=True, device='cuda:0', seed=4, save_model_name='JODIE_bochner_seed4')
2025-10-02 07:02:17,302 - root - INFO - time encoder type: bochner
2025-10-02 07:02:17,952 - root - INFO - model -> Sequential(
  (0): MemoryModel(
    (time_encoder): TimeEncoder(
      (w): Linear(in_features=1, out_features=128, bias=True)
    )
    (message_aggregator): MessageAggregator()
    (memory_bank): MemoryBank(num_nodes=10985, memory_dim=172)
    (memory_updater): RNNMemoryUpdater(
      (memory_bank): MemoryBank(num_nodes=10985, memory_dim=172)
      (memory_updater): RNNCell(644, 172)
    )
    (embedding_module): TimeProjectionEmbedding(
      (dropout): Dropout(p=0.1, inplace=False)
      (linear_layer): Linear(in_features=1, out_features=172, bias=True)
    )
  )
  (1): MergeLayer(
    (fc1): Linear(in_features=344, out_features=172, bias=True)
    (fc2): Linear(in_features=172, out_features=1, bias=True)
    (act): ReLU()
  )
)
2025-10-02 07:02:17,953 - root - INFO - model name: JODIE, #parameters: 803236 B, 784.41015625 KB, 0.7660255432128906 MB.
2025-10-02 07:04:10,995 - root - INFO - Epoch: 1, learning rate: 0.0001, train loss: 0.2981
2025-10-02 07:04:10,996 - root - INFO - train average_precision, 0.9407
2025-10-02 07:04:10,996 - root - INFO - train roc_auc, 0.9434
2025-10-02 07:04:10,996 - root - INFO - validate loss: 0.2371
2025-10-02 07:04:10,996 - root - INFO - validate average_precision, 0.9674
2025-10-02 07:04:10,996 - root - INFO - validate roc_auc, 0.9667
2025-10-02 07:04:10,996 - root - INFO - new node validate loss: 0.4228
2025-10-02 07:04:10,996 - root - INFO - new node validate average_precision, 0.9006
2025-10-02 07:04:10,996 - root - INFO - new node validate roc_auc, 0.8974
2025-10-02 07:04:30,926 - root - INFO - test loss: 0.2355
2025-10-02 07:04:30,927 - root - INFO - test average_precision, 0.9681
2025-10-02 07:04:30,927 - root - INFO - best test average_precision: 0.9681
2025-10-02 07:04:30,927 - root - INFO - test roc_auc, 0.9676
2025-10-02 07:04:30,927 - root - INFO - new node test loss: 0.3414
2025-10-02 07:04:30,927 - root - INFO - new node test average_precision, 0.9349
2025-10-02 07:04:30,927 - root - INFO - new node test roc_auc, 0.9355
2025-10-02 07:04:30,928 - root - INFO - save model ./saved_models/JODIE/reddit/JODIE_bochner_seed4/JODIE_bochner_seed4.pkl
2025-10-02 07:06:24,908 - root - INFO - Epoch: 2, learning rate: 0.0001, train loss: 0.2258
2025-10-02 07:06:24,909 - root - INFO - train average_precision, 0.9681
2025-10-02 07:06:24,909 - root - INFO - train roc_auc, 0.9679
2025-10-02 07:06:24,909 - root - INFO - validate loss: 0.2278
2025-10-02 07:06:24,909 - root - INFO - validate average_precision, 0.9698
2025-10-02 07:06:24,909 - root - INFO - validate roc_auc, 0.9695
2025-10-02 07:06:24,910 - root - INFO - new node validate loss: 0.3778
2025-10-02 07:06:24,910 - root - INFO - new node validate average_precision, 0.9220
2025-10-02 07:06:24,910 - root - INFO - new node validate roc_auc, 0.9160
2025-10-02 07:06:44,980 - root - INFO - test loss: 0.2606
2025-10-02 07:06:44,980 - root - INFO - test average_precision, 0.9630
2025-10-02 07:06:44,981 - root - INFO - best test average_precision: 0.9681
2025-10-02 07:06:44,981 - root - INFO - test roc_auc, 0.9632
2025-10-02 07:06:44,981 - root - INFO - new node test loss: 0.3271
2025-10-02 07:06:44,981 - root - INFO - new node test average_precision, 0.9348
2025-10-02 07:06:44,981 - root - INFO - new node test roc_auc, 0.9371
2025-10-02 07:06:44,981 - root - INFO - save model ./saved_models/JODIE/reddit/JODIE_bochner_seed4/JODIE_bochner_seed4.pkl
2025-10-02 07:08:39,246 - root - INFO - Epoch: 3, learning rate: 0.0001, train loss: 0.2134
2025-10-02 07:08:39,246 - root - INFO - train average_precision, 0.9715
2025-10-02 07:08:39,247 - root - INFO - train roc_auc, 0.9712
2025-10-02 07:08:39,247 - root - INFO - validate loss: 0.2170
2025-10-02 07:08:39,247 - root - INFO - validate average_precision, 0.9725
2025-10-02 07:08:39,247 - root - INFO - validate roc_auc, 0.9727
2025-10-02 07:08:39,247 - root - INFO - new node validate loss: 0.3712
2025-10-02 07:08:39,247 - root - INFO - new node validate average_precision, 0.9257
2025-10-02 07:08:39,247 - root - INFO - new node validate roc_auc, 0.9200
2025-10-02 07:08:59,069 - root - INFO - test loss: 0.2286
2025-10-02 07:08:59,069 - root - INFO - test average_precision, 0.9694
2025-10-02 07:08:59,069 - root - INFO - best test average_precision: 0.9694
2025-10-02 07:08:59,069 - root - INFO - test roc_auc, 0.9706
2025-10-02 07:08:59,069 - root - INFO - new node test loss: 0.3081
2025-10-02 07:08:59,070 - root - INFO - new node test average_precision, 0.9447
2025-10-02 07:08:59,070 - root - INFO - new node test roc_auc, 0.9463
2025-10-02 07:08:59,070 - root - INFO - save model ./saved_models/JODIE/reddit/JODIE_bochner_seed4/JODIE_bochner_seed4.pkl
2025-10-02 07:10:52,507 - root - INFO - Epoch: 4, learning rate: 0.0001, train loss: 0.2069
2025-10-02 07:10:52,508 - root - INFO - train average_precision, 0.9732
2025-10-02 07:10:52,509 - root - INFO - train roc_auc, 0.9728
2025-10-02 07:10:52,509 - root - INFO - validate loss: 0.2057
2025-10-02 07:10:52,509 - root - INFO - validate average_precision, 0.9750
2025-10-02 07:10:52,509 - root - INFO - validate roc_auc, 0.9747
2025-10-02 07:10:52,509 - root - INFO - new node validate loss: 0.3642
2025-10-02 07:10:52,509 - root - INFO - new node validate average_precision, 0.9279
2025-10-02 07:10:52,509 - root - INFO - new node validate roc_auc, 0.9220
2025-10-02 07:11:12,545 - root - INFO - test loss: 0.2155
2025-10-02 07:11:12,545 - root - INFO - test average_precision, 0.9723
2025-10-02 07:11:12,545 - root - INFO - best test average_precision: 0.9723
2025-10-02 07:11:12,546 - root - INFO - test roc_auc, 0.9729
2025-10-02 07:11:12,546 - root - INFO - new node test loss: 0.3039
2025-10-02 07:11:12,546 - root - INFO - new node test average_precision, 0.9462
2025-10-02 07:11:12,546 - root - INFO - new node test roc_auc, 0.9462
2025-10-02 07:11:12,546 - root - INFO - save model ./saved_models/JODIE/reddit/JODIE_bochner_seed4/JODIE_bochner_seed4.pkl
2025-10-02 07:13:06,325 - root - INFO - Epoch: 5, learning rate: 0.0001, train loss: 0.2026
2025-10-02 07:13:06,325 - root - INFO - train average_precision, 0.9742
2025-10-02 07:13:06,326 - root - INFO - train roc_auc, 0.9739
2025-10-02 07:13:06,326 - root - INFO - validate loss: 0.2028
2025-10-02 07:13:06,326 - root - INFO - validate average_precision, 0.9756
2025-10-02 07:13:06,326 - root - INFO - validate roc_auc, 0.9753
2025-10-02 07:13:06,326 - root - INFO - new node validate loss: 0.3551
2025-10-02 07:13:06,326 - root - INFO - new node validate average_precision, 0.9311
2025-10-02 07:13:06,326 - root - INFO - new node validate roc_auc, 0.9263
2025-10-02 07:13:26,013 - root - INFO - test loss: 0.2041
2025-10-02 07:13:26,013 - root - INFO - test average_precision, 0.9755
2025-10-02 07:13:26,014 - root - INFO - best test average_precision: 0.9755
2025-10-02 07:13:26,014 - root - INFO - test roc_auc, 0.9755
2025-10-02 07:13:26,014 - root - INFO - new node test loss: 0.2888
2025-10-02 07:13:26,014 - root - INFO - new node test average_precision, 0.9508
2025-10-02 07:13:26,014 - root - INFO - new node test roc_auc, 0.9511
2025-10-02 07:13:26,014 - root - INFO - save model ./saved_models/JODIE/reddit/JODIE_bochner_seed4/JODIE_bochner_seed4.pkl
2025-10-02 07:15:19,300 - root - INFO - Epoch: 6, learning rate: 0.0001, train loss: 0.1992
2025-10-02 07:15:19,301 - root - INFO - train average_precision, 0.9749
2025-10-02 07:15:19,301 - root - INFO - train roc_auc, 0.9747
2025-10-02 07:15:19,301 - root - INFO - validate loss: 0.2035
2025-10-02 07:15:19,302 - root - INFO - validate average_precision, 0.9751
2025-10-02 07:15:19,302 - root - INFO - validate roc_auc, 0.9749
2025-10-02 07:15:19,302 - root - INFO - new node validate loss: 0.3633
2025-10-02 07:15:19,302 - root - INFO - new node validate average_precision, 0.9300
2025-10-02 07:15:19,302 - root - INFO - new node validate roc_auc, 0.9253
2025-10-02 07:15:39,281 - root - INFO - test loss: 0.2170
2025-10-02 07:15:39,281 - root - INFO - test average_precision, 0.9721
2025-10-02 07:15:39,281 - root - INFO - best test average_precision: 0.9755
2025-10-02 07:15:39,281 - root - INFO - test roc_auc, 0.9719
2025-10-02 07:15:39,282 - root - INFO - new node test loss: 0.3153
2025-10-02 07:15:39,282 - root - INFO - new node test average_precision, 0.9416
2025-10-02 07:15:39,282 - root - INFO - new node test roc_auc, 0.9423
2025-10-02 07:17:31,024 - root - INFO - Epoch: 7, learning rate: 0.0001, train loss: 0.1963
2025-10-02 07:17:31,025 - root - INFO - train average_precision, 0.9757
2025-10-02 07:17:31,025 - root - INFO - train roc_auc, 0.9755
2025-10-02 07:17:31,025 - root - INFO - validate loss: 0.2017
2025-10-02 07:17:31,025 - root - INFO - validate average_precision, 0.9762
2025-10-02 07:17:31,026 - root - INFO - validate roc_auc, 0.9757
2025-10-02 07:17:31,026 - root - INFO - new node validate loss: 0.3635
2025-10-02 07:17:31,026 - root - INFO - new node validate average_precision, 0.9279
2025-10-02 07:17:31,026 - root - INFO - new node validate roc_auc, 0.9217
2025-10-02 07:17:50,691 - root - INFO - test loss: 0.2068
2025-10-02 07:17:50,691 - root - INFO - test average_precision, 0.9756
2025-10-02 07:17:50,692 - root - INFO - best test average_precision: 0.9756
2025-10-02 07:17:50,692 - root - INFO - test roc_auc, 0.9755
2025-10-02 07:17:50,692 - root - INFO - new node test loss: 0.2976
2025-10-02 07:17:50,692 - root - INFO - new node test average_precision, 0.9481
2025-10-02 07:17:50,692 - root - INFO - new node test roc_auc, 0.9476
2025-10-02 07:17:50,692 - root - INFO - save model ./saved_models/JODIE/reddit/JODIE_bochner_seed4/JODIE_bochner_seed4.pkl
2025-10-02 07:19:43,989 - root - INFO - Epoch: 8, learning rate: 0.0001, train loss: 0.1927
2025-10-02 07:19:43,990 - root - INFO - train average_precision, 0.9765
2025-10-02 07:19:43,990 - root - INFO - train roc_auc, 0.9763
2025-10-02 07:19:43,990 - root - INFO - validate loss: 0.1986
2025-10-02 07:19:43,990 - root - INFO - validate average_precision, 0.9763
2025-10-02 07:19:43,990 - root - INFO - validate roc_auc, 0.9761
2025-10-02 07:19:43,990 - root - INFO - new node validate loss: 0.3596
2025-10-02 07:19:43,991 - root - INFO - new node validate average_precision, 0.9289
2025-10-02 07:19:43,991 - root - INFO - new node validate roc_auc, 0.9235
2025-10-02 07:20:04,128 - root - INFO - test loss: 0.2089
2025-10-02 07:20:04,128 - root - INFO - test average_precision, 0.9737
2025-10-02 07:20:04,128 - root - INFO - best test average_precision: 0.9756
2025-10-02 07:20:04,128 - root - INFO - test roc_auc, 0.9743
2025-10-02 07:20:04,128 - root - INFO - new node test loss: 0.2966
2025-10-02 07:20:04,128 - root - INFO - new node test average_precision, 0.9461
2025-10-02 07:20:04,128 - root - INFO - new node test roc_auc, 0.9472
2025-10-02 07:20:04,128 - root - INFO - save model ./saved_models/JODIE/reddit/JODIE_bochner_seed4/JODIE_bochner_seed4.pkl
2025-10-02 07:21:57,601 - root - INFO - Epoch: 9, learning rate: 0.0001, train loss: 0.1918
2025-10-02 07:21:57,601 - root - INFO - train average_precision, 0.9766
2025-10-02 07:21:57,602 - root - INFO - train roc_auc, 0.9765
2025-10-02 07:21:57,602 - root - INFO - validate loss: 0.2001
2025-10-02 07:21:57,602 - root - INFO - validate average_precision, 0.9766
2025-10-02 07:21:57,602 - root - INFO - validate roc_auc, 0.9760
2025-10-02 07:21:57,602 - root - INFO - new node validate loss: 0.3789
2025-10-02 07:21:57,602 - root - INFO - new node validate average_precision, 0.9257
2025-10-02 07:21:57,602 - root - INFO - new node validate roc_auc, 0.9178
2025-10-02 07:22:17,569 - root - INFO - test loss: 0.2134
2025-10-02 07:22:17,570 - root - INFO - test average_precision, 0.9745
2025-10-02 07:22:17,570 - root - INFO - best test average_precision: 0.9756
2025-10-02 07:22:17,570 - root - INFO - test roc_auc, 0.9738
2025-10-02 07:22:17,570 - root - INFO - new node test loss: 0.2977
2025-10-02 07:22:17,570 - root - INFO - new node test average_precision, 0.9528
2025-10-02 07:22:17,570 - root - INFO - new node test roc_auc, 0.9497
2025-10-02 07:24:09,122 - root - INFO - Epoch: 10, learning rate: 0.0001, train loss: 0.1911
2025-10-02 07:24:09,123 - root - INFO - train average_precision, 0.9767
2025-10-02 07:24:09,123 - root - INFO - train roc_auc, 0.9766
2025-10-02 07:24:09,123 - root - INFO - validate loss: 0.1944
2025-10-02 07:24:09,123 - root - INFO - validate average_precision, 0.9772
2025-10-02 07:24:09,124 - root - INFO - validate roc_auc, 0.9769
2025-10-02 07:24:09,124 - root - INFO - new node validate loss: 0.3519
2025-10-02 07:24:09,124 - root - INFO - new node validate average_precision, 0.9327
2025-10-02 07:24:09,124 - root - INFO - new node validate roc_auc, 0.9277
2025-10-02 07:24:29,129 - root - INFO - test loss: 0.2000
2025-10-02 07:24:29,129 - root - INFO - test average_precision, 0.9747
2025-10-02 07:24:29,130 - root - INFO - best test average_precision: 0.9756
2025-10-02 07:24:29,130 - root - INFO - test roc_auc, 0.9754
2025-10-02 07:24:29,130 - root - INFO - new node test loss: 0.2743
2025-10-02 07:24:29,130 - root - INFO - new node test average_precision, 0.9549
2025-10-02 07:24:29,130 - root - INFO - new node test roc_auc, 0.9556
2025-10-02 07:24:29,130 - root - INFO - save model ./saved_models/JODIE/reddit/JODIE_bochner_seed4/JODIE_bochner_seed4.pkl
2025-10-02 07:26:22,429 - root - INFO - Epoch: 11, learning rate: 0.0001, train loss: 0.1876
2025-10-02 07:26:22,429 - root - INFO - train average_precision, 0.9775
2025-10-02 07:26:22,430 - root - INFO - train roc_auc, 0.9774
2025-10-02 07:26:22,430 - root - INFO - validate loss: 0.2103
2025-10-02 07:26:22,430 - root - INFO - validate average_precision, 0.9738
2025-10-02 07:26:22,430 - root - INFO - validate roc_auc, 0.9735
2025-10-02 07:26:22,430 - root - INFO - new node validate loss: 0.3666
2025-10-02 07:26:22,430 - root - INFO - new node validate average_precision, 0.9271
2025-10-02 07:26:22,430 - root - INFO - new node validate roc_auc, 0.9206
2025-10-02 07:26:42,514 - root - INFO - test loss: 0.2497
2025-10-02 07:26:42,514 - root - INFO - test average_precision, 0.9650
2025-10-02 07:26:42,514 - root - INFO - best test average_precision: 0.9756
2025-10-02 07:26:42,514 - root - INFO - test roc_auc, 0.9654
2025-10-02 07:26:42,514 - root - INFO - new node test loss: 0.3162
2025-10-02 07:26:42,514 - root - INFO - new node test average_precision, 0.9440
2025-10-02 07:26:42,514 - root - INFO - new node test roc_auc, 0.9427
2025-10-02 07:28:34,494 - root - INFO - Epoch: 12, learning rate: 0.0001, train loss: 0.1867
2025-10-02 07:28:34,495 - root - INFO - train average_precision, 0.9777
2025-10-02 07:28:34,495 - root - INFO - train roc_auc, 0.9776
2025-10-02 07:28:34,495 - root - INFO - validate loss: 0.1862
2025-10-02 07:28:34,496 - root - INFO - validate average_precision, 0.9794
2025-10-02 07:28:34,496 - root - INFO - validate roc_auc, 0.9789
2025-10-02 07:28:34,496 - root - INFO - new node validate loss: 0.3500
2025-10-02 07:28:34,496 - root - INFO - new node validate average_precision, 0.9337
2025-10-02 07:28:34,496 - root - INFO - new node validate roc_auc, 0.9268
2025-10-02 07:28:54,545 - root - INFO - test loss: 0.1826
2025-10-02 07:28:54,545 - root - INFO - test average_precision, 0.9802
2025-10-02 07:28:54,545 - root - INFO - best test average_precision: 0.9802
2025-10-02 07:28:54,545 - root - INFO - test roc_auc, 0.9799
2025-10-02 07:28:54,546 - root - INFO - new node test loss: 0.2594
2025-10-02 07:28:54,546 - root - INFO - new node test average_precision, 0.9621
2025-10-02 07:28:54,546 - root - INFO - new node test roc_auc, 0.9606
2025-10-02 07:28:54,546 - root - INFO - save model ./saved_models/JODIE/reddit/JODIE_bochner_seed4/JODIE_bochner_seed4.pkl
2025-10-02 07:30:48,072 - root - INFO - Epoch: 13, learning rate: 0.0001, train loss: 0.1848
2025-10-02 07:30:48,073 - root - INFO - train average_precision, 0.9783
2025-10-02 07:30:48,074 - root - INFO - train roc_auc, 0.9780
2025-10-02 07:30:48,074 - root - INFO - validate loss: 0.1932
2025-10-02 07:30:48,074 - root - INFO - validate average_precision, 0.9782
2025-10-02 07:30:48,074 - root - INFO - validate roc_auc, 0.9774
2025-10-02 07:30:48,074 - root - INFO - new node validate loss: 0.3691
2025-10-02 07:30:48,074 - root - INFO - new node validate average_precision, 0.9281
2025-10-02 07:30:48,074 - root - INFO - new node validate roc_auc, 0.9200
2025-10-02 07:31:07,950 - root - INFO - test loss: 0.2035
2025-10-02 07:31:07,950 - root - INFO - test average_precision, 0.9761
2025-10-02 07:31:07,950 - root - INFO - best test average_precision: 0.9802
2025-10-02 07:31:07,950 - root - INFO - test roc_auc, 0.9754
2025-10-02 07:31:07,951 - root - INFO - new node test loss: 0.2923
2025-10-02 07:31:07,951 - root - INFO - new node test average_precision, 0.9514
2025-10-02 07:31:07,951 - root - INFO - new node test roc_auc, 0.9489
2025-10-02 07:32:59,891 - root - INFO - Epoch: 14, learning rate: 0.0001, train loss: 0.1847
2025-10-02 07:32:59,891 - root - INFO - train average_precision, 0.9782
2025-10-02 07:32:59,892 - root - INFO - train roc_auc, 0.9781
2025-10-02 07:32:59,892 - root - INFO - validate loss: 0.1884
2025-10-02 07:32:59,892 - root - INFO - validate average_precision, 0.9788
2025-10-02 07:32:59,892 - root - INFO - validate roc_auc, 0.9784
2025-10-02 07:32:59,892 - root - INFO - new node validate loss: 0.3471
2025-10-02 07:32:59,892 - root - INFO - new node validate average_precision, 0.9365
2025-10-02 07:32:59,892 - root - INFO - new node validate roc_auc, 0.9308
2025-10-02 07:33:19,651 - root - INFO - test loss: 0.1911
2025-10-02 07:33:19,651 - root - INFO - test average_precision, 0.9781
2025-10-02 07:33:19,651 - root - INFO - best test average_precision: 0.9802
2025-10-02 07:33:19,652 - root - INFO - test roc_auc, 0.9779
2025-10-02 07:33:19,652 - root - INFO - new node test loss: 0.2829
2025-10-02 07:33:19,652 - root - INFO - new node test average_precision, 0.9539
2025-10-02 07:33:19,652 - root - INFO - new node test roc_auc, 0.9533
2025-10-02 07:35:11,721 - root - INFO - Epoch: 15, learning rate: 0.0001, train loss: 0.1815
2025-10-02 07:35:11,722 - root - INFO - train average_precision, 0.9791
2025-10-02 07:35:11,722 - root - INFO - train roc_auc, 0.9787
2025-10-02 07:35:11,722 - root - INFO - validate loss: 0.1896
2025-10-02 07:35:11,722 - root - INFO - validate average_precision, 0.9786
2025-10-02 07:35:11,723 - root - INFO - validate roc_auc, 0.9781
2025-10-02 07:35:11,723 - root - INFO - new node validate loss: 0.3407
2025-10-02 07:35:11,723 - root - INFO - new node validate average_precision, 0.9374
2025-10-02 07:35:11,723 - root - INFO - new node validate roc_auc, 0.9309
2025-10-02 07:35:32,028 - root - INFO - test loss: 0.1969
2025-10-02 07:35:32,028 - root - INFO - test average_precision, 0.9771
2025-10-02 07:35:32,028 - root - INFO - best test average_precision: 0.9802
2025-10-02 07:35:32,028 - root - INFO - test roc_auc, 0.9766
2025-10-02 07:35:32,028 - root - INFO - new node test loss: 0.2750
2025-10-02 07:35:32,029 - root - INFO - new node test average_precision, 0.9566
2025-10-02 07:35:32,029 - root - INFO - new node test roc_auc, 0.9552
2025-10-02 07:37:24,057 - root - INFO - Epoch: 16, learning rate: 0.0001, train loss: 0.1793
2025-10-02 07:37:24,058 - root - INFO - train average_precision, 0.9796
2025-10-02 07:37:24,058 - root - INFO - train roc_auc, 0.9793
2025-10-02 07:37:24,058 - root - INFO - validate loss: 0.1836
2025-10-02 07:37:24,058 - root - INFO - validate average_precision, 0.9800
2025-10-02 07:37:24,059 - root - INFO - validate roc_auc, 0.9794
2025-10-02 07:37:24,059 - root - INFO - new node validate loss: 0.3609
2025-10-02 07:37:24,059 - root - INFO - new node validate average_precision, 0.9317
2025-10-02 07:37:24,059 - root - INFO - new node validate roc_auc, 0.9251
2025-10-02 07:37:44,098 - root - INFO - test loss: 0.1882
2025-10-02 07:37:44,098 - root - INFO - test average_precision, 0.9793
2025-10-02 07:37:44,098 - root - INFO - best test average_precision: 0.9802
2025-10-02 07:37:44,098 - root - INFO - test roc_auc, 0.9785
2025-10-02 07:37:44,098 - root - INFO - new node test loss: 0.2836
2025-10-02 07:37:44,098 - root - INFO - new node test average_precision, 0.9565
2025-10-02 07:37:44,098 - root - INFO - new node test roc_auc, 0.9536
2025-10-02 07:37:44,099 - root - INFO - save model ./saved_models/JODIE/reddit/JODIE_bochner_seed4/JODIE_bochner_seed4.pkl
2025-10-02 07:39:37,380 - root - INFO - Epoch: 17, learning rate: 0.0001, train loss: 0.1784
2025-10-02 07:39:37,381 - root - INFO - train average_precision, 0.9798
2025-10-02 07:39:37,381 - root - INFO - train roc_auc, 0.9794
2025-10-02 07:39:37,381 - root - INFO - validate loss: 0.1864
2025-10-02 07:39:37,382 - root - INFO - validate average_precision, 0.9794
2025-10-02 07:39:37,382 - root - INFO - validate roc_auc, 0.9788
2025-10-02 07:39:37,382 - root - INFO - new node validate loss: 0.3535
2025-10-02 07:39:37,382 - root - INFO - new node validate average_precision, 0.9323
2025-10-02 07:39:37,382 - root - INFO - new node validate roc_auc, 0.9273
2025-10-02 07:39:57,496 - root - INFO - test loss: 0.1987
2025-10-02 07:39:57,496 - root - INFO - test average_precision, 0.9769
2025-10-02 07:39:57,496 - root - INFO - best test average_precision: 0.9802
2025-10-02 07:39:57,496 - root - INFO - test roc_auc, 0.9763
2025-10-02 07:39:57,496 - root - INFO - new node test loss: 0.2720
2025-10-02 07:39:57,496 - root - INFO - new node test average_precision, 0.9568
2025-10-02 07:39:57,496 - root - INFO - new node test roc_auc, 0.9557
2025-10-02 07:41:49,463 - root - INFO - Epoch: 18, learning rate: 0.0001, train loss: 0.1775
2025-10-02 07:41:49,464 - root - INFO - train average_precision, 0.9800
2025-10-02 07:41:49,465 - root - INFO - train roc_auc, 0.9797
2025-10-02 07:41:49,465 - root - INFO - validate loss: 0.1847
2025-10-02 07:41:49,465 - root - INFO - validate average_precision, 0.9801
2025-10-02 07:41:49,465 - root - INFO - validate roc_auc, 0.9796
2025-10-02 07:41:49,465 - root - INFO - new node validate loss: 0.3327
2025-10-02 07:41:49,465 - root - INFO - new node validate average_precision, 0.9395
2025-10-02 07:41:49,465 - root - INFO - new node validate roc_auc, 0.9346
2025-10-02 07:42:09,337 - root - INFO - test loss: 0.1924
2025-10-02 07:42:09,337 - root - INFO - test average_precision, 0.9793
2025-10-02 07:42:09,337 - root - INFO - best test average_precision: 0.9802
2025-10-02 07:42:09,337 - root - INFO - test roc_auc, 0.9788
2025-10-02 07:42:09,337 - root - INFO - new node test loss: 0.2541
2025-10-02 07:42:09,337 - root - INFO - new node test average_precision, 0.9628
2025-10-02 07:42:09,337 - root - INFO - new node test roc_auc, 0.9616
2025-10-02 07:42:09,338 - root - INFO - save model ./saved_models/JODIE/reddit/JODIE_bochner_seed4/JODIE_bochner_seed4.pkl
2025-10-02 07:44:02,248 - root - INFO - Epoch: 19, learning rate: 0.0001, train loss: 0.1765
2025-10-02 07:44:02,248 - root - INFO - train average_precision, 0.9801
2025-10-02 07:44:02,249 - root - INFO - train roc_auc, 0.9799
2025-10-02 07:44:02,249 - root - INFO - validate loss: 0.1796
2025-10-02 07:44:02,249 - root - INFO - validate average_precision, 0.9813
2025-10-02 07:44:02,249 - root - INFO - validate roc_auc, 0.9807
2025-10-02 07:44:02,249 - root - INFO - new node validate loss: 0.3280
2025-10-02 07:44:02,249 - root - INFO - new node validate average_precision, 0.9399
2025-10-02 07:44:02,249 - root - INFO - new node validate roc_auc, 0.9343
2025-10-02 07:44:22,227 - root - INFO - test loss: 0.1823
2025-10-02 07:44:22,228 - root - INFO - test average_precision, 0.9814
2025-10-02 07:44:22,228 - root - INFO - best test average_precision: 0.9814
2025-10-02 07:44:22,228 - root - INFO - test roc_auc, 0.9809
2025-10-02 07:44:22,228 - root - INFO - new node test loss: 0.2486
2025-10-02 07:44:22,228 - root - INFO - new node test average_precision, 0.9634
2025-10-02 07:44:22,228 - root - INFO - new node test roc_auc, 0.9628
2025-10-02 07:44:22,228 - root - INFO - save model ./saved_models/JODIE/reddit/JODIE_bochner_seed4/JODIE_bochner_seed4.pkl
2025-10-02 07:46:15,242 - root - INFO - Epoch: 20, learning rate: 0.0001, train loss: 0.1758
2025-10-02 07:46:15,243 - root - INFO - train average_precision, 0.9802
2025-10-02 07:46:15,243 - root - INFO - train roc_auc, 0.9800
2025-10-02 07:46:15,243 - root - INFO - validate loss: 0.1844
2025-10-02 07:46:15,243 - root - INFO - validate average_precision, 0.9801
2025-10-02 07:46:15,243 - root - INFO - validate roc_auc, 0.9795
2025-10-02 07:46:15,244 - root - INFO - new node validate loss: 0.3411
2025-10-02 07:46:15,244 - root - INFO - new node validate average_precision, 0.9379
2025-10-02 07:46:15,244 - root - INFO - new node validate roc_auc, 0.9320
2025-10-02 07:46:35,272 - root - INFO - test loss: 0.1943
2025-10-02 07:46:35,273 - root - INFO - test average_precision, 0.9791
2025-10-02 07:46:35,273 - root - INFO - best test average_precision: 0.9814
2025-10-02 07:46:35,273 - root - INFO - test roc_auc, 0.9784
2025-10-02 07:46:35,273 - root - INFO - new node test loss: 0.2785
2025-10-02 07:46:35,273 - root - INFO - new node test average_precision, 0.9556
2025-10-02 07:46:35,273 - root - INFO - new node test roc_auc, 0.9544
2025-10-02 07:48:27,137 - root - INFO - Epoch: 21, learning rate: 0.0001, train loss: 0.1750
2025-10-02 07:48:27,137 - root - INFO - train average_precision, 0.9805
2025-10-02 07:48:27,138 - root - INFO - train roc_auc, 0.9802
2025-10-02 07:48:27,138 - root - INFO - validate loss: 0.1786
2025-10-02 07:48:27,138 - root - INFO - validate average_precision, 0.9811
2025-10-02 07:48:27,138 - root - INFO - validate roc_auc, 0.9804
2025-10-02 07:48:27,138 - root - INFO - new node validate loss: 0.3356
2025-10-02 07:48:27,138 - root - INFO - new node validate average_precision, 0.9395
2025-10-02 07:48:27,138 - root - INFO - new node validate roc_auc, 0.9341
2025-10-02 07:48:47,041 - root - INFO - test loss: 0.1807
2025-10-02 07:48:47,042 - root - INFO - test average_precision, 0.9804
2025-10-02 07:48:47,042 - root - INFO - best test average_precision: 0.9814
2025-10-02 07:48:47,042 - root - INFO - test roc_auc, 0.9801
2025-10-02 07:48:47,042 - root - INFO - new node test loss: 0.2598
2025-10-02 07:48:47,042 - root - INFO - new node test average_precision, 0.9608
2025-10-02 07:48:47,042 - root - INFO - new node test roc_auc, 0.9599
2025-10-02 07:50:38,972 - root - INFO - Epoch: 22, learning rate: 0.0001, train loss: 0.1734
2025-10-02 07:50:38,972 - root - INFO - train average_precision, 0.9809
2025-10-02 07:50:38,973 - root - INFO - train roc_auc, 0.9806
2025-10-02 07:50:38,973 - root - INFO - validate loss: 0.1769
2025-10-02 07:50:38,973 - root - INFO - validate average_precision, 0.9813
2025-10-02 07:50:38,973 - root - INFO - validate roc_auc, 0.9809
2025-10-02 07:50:38,973 - root - INFO - new node validate loss: 0.3246
2025-10-02 07:50:38,973 - root - INFO - new node validate average_precision, 0.9432
2025-10-02 07:50:38,973 - root - INFO - new node validate roc_auc, 0.9374
2025-10-02 07:50:59,066 - root - INFO - test loss: 0.1718
2025-10-02 07:50:59,066 - root - INFO - test average_precision, 0.9825
2025-10-02 07:50:59,067 - root - INFO - best test average_precision: 0.9825
2025-10-02 07:50:59,067 - root - INFO - test roc_auc, 0.9821
2025-10-02 07:50:59,067 - root - INFO - new node test loss: 0.2387
2025-10-02 07:50:59,067 - root - INFO - new node test average_precision, 0.9667
2025-10-02 07:50:59,067 - root - INFO - new node test roc_auc, 0.9659
2025-10-02 07:50:59,067 - root - INFO - save model ./saved_models/JODIE/reddit/JODIE_bochner_seed4/JODIE_bochner_seed4.pkl
2025-10-02 07:52:52,244 - root - INFO - Epoch: 23, learning rate: 0.0001, train loss: 0.1726
2025-10-02 07:52:52,245 - root - INFO - train average_precision, 0.9810
2025-10-02 07:52:52,245 - root - INFO - train roc_auc, 0.9807
2025-10-02 07:52:52,245 - root - INFO - validate loss: 0.1772
2025-10-02 07:52:52,245 - root - INFO - validate average_precision, 0.9814
2025-10-02 07:52:52,246 - root - INFO - validate roc_auc, 0.9808
2025-10-02 07:52:52,246 - root - INFO - new node validate loss: 0.3246
2025-10-02 07:52:52,246 - root - INFO - new node validate average_precision, 0.9429
2025-10-02 07:52:52,246 - root - INFO - new node validate roc_auc, 0.9378
2025-10-02 07:53:12,524 - root - INFO - test loss: 0.1786
2025-10-02 07:53:12,524 - root - INFO - test average_precision, 0.9809
2025-10-02 07:53:12,524 - root - INFO - best test average_precision: 0.9825
2025-10-02 07:53:12,525 - root - INFO - test roc_auc, 0.9807
2025-10-02 07:53:12,525 - root - INFO - new node test loss: 0.2577
2025-10-02 07:53:12,525 - root - INFO - new node test average_precision, 0.9609
2025-10-02 07:53:12,525 - root - INFO - new node test roc_auc, 0.9606
2025-10-02 07:55:03,978 - root - INFO - Epoch: 24, learning rate: 0.0001, train loss: 0.1719
2025-10-02 07:55:03,979 - root - INFO - train average_precision, 0.9812
2025-10-02 07:55:03,979 - root - INFO - train roc_auc, 0.9809
2025-10-02 07:55:03,979 - root - INFO - validate loss: 0.1757
2025-10-02 07:55:03,979 - root - INFO - validate average_precision, 0.9817
2025-10-02 07:55:03,979 - root - INFO - validate roc_auc, 0.9812
2025-10-02 07:55:03,979 - root - INFO - new node validate loss: 0.3132
2025-10-02 07:55:03,979 - root - INFO - new node validate average_precision, 0.9465
2025-10-02 07:55:03,979 - root - INFO - new node validate roc_auc, 0.9416
2025-10-02 07:55:24,055 - root - INFO - test loss: 0.1719
2025-10-02 07:55:24,055 - root - INFO - test average_precision, 0.9825
2025-10-02 07:55:24,055 - root - INFO - best test average_precision: 0.9825
2025-10-02 07:55:24,055 - root - INFO - test roc_auc, 0.9822
2025-10-02 07:55:24,055 - root - INFO - new node test loss: 0.2429
2025-10-02 07:55:24,055 - root - INFO - new node test average_precision, 0.9661
2025-10-02 07:55:24,055 - root - INFO - new node test roc_auc, 0.9654
2025-10-02 07:55:24,056 - root - INFO - save model ./saved_models/JODIE/reddit/JODIE_bochner_seed4/JODIE_bochner_seed4.pkl
2025-10-02 07:57:16,784 - root - INFO - Epoch: 25, learning rate: 0.0001, train loss: 0.1711
2025-10-02 07:57:16,785 - root - INFO - train average_precision, 0.9812
2025-10-02 07:57:16,785 - root - INFO - train roc_auc, 0.9810
2025-10-02 07:57:16,785 - root - INFO - validate loss: 0.1776
2025-10-02 07:57:16,785 - root - INFO - validate average_precision, 0.9811
2025-10-02 07:57:16,785 - root - INFO - validate roc_auc, 0.9806
2025-10-02 07:57:16,785 - root - INFO - new node validate loss: 0.3182
2025-10-02 07:57:16,785 - root - INFO - new node validate average_precision, 0.9449
2025-10-02 07:57:16,786 - root - INFO - new node validate roc_auc, 0.9392
2025-10-02 07:57:36,925 - root - INFO - test loss: 0.1850
2025-10-02 07:57:36,925 - root - INFO - test average_precision, 0.9793
2025-10-02 07:57:36,925 - root - INFO - best test average_precision: 0.9825
2025-10-02 07:57:36,925 - root - INFO - test roc_auc, 0.9794
2025-10-02 07:57:36,926 - root - INFO - new node test loss: 0.2488
2025-10-02 07:57:36,926 - root - INFO - new node test average_precision, 0.9631
2025-10-02 07:57:36,926 - root - INFO - new node test roc_auc, 0.9629
2025-10-02 07:59:28,535 - root - INFO - Epoch: 26, learning rate: 0.0001, train loss: 0.1704
2025-10-02 07:59:28,536 - root - INFO - train average_precision, 0.9815
2025-10-02 07:59:28,537 - root - INFO - train roc_auc, 0.9812
2025-10-02 07:59:28,537 - root - INFO - validate loss: 0.1783
2025-10-02 07:59:28,537 - root - INFO - validate average_precision, 0.9814
2025-10-02 07:59:28,537 - root - INFO - validate roc_auc, 0.9808
2025-10-02 07:59:28,537 - root - INFO - new node validate loss: 0.3214
2025-10-02 07:59:28,537 - root - INFO - new node validate average_precision, 0.9430
2025-10-02 07:59:28,537 - root - INFO - new node validate roc_auc, 0.9373
2025-10-02 07:59:48,636 - root - INFO - test loss: 0.1841
2025-10-02 07:59:48,636 - root - INFO - test average_precision, 0.9804
2025-10-02 07:59:48,637 - root - INFO - best test average_precision: 0.9825
2025-10-02 07:59:48,637 - root - INFO - test roc_auc, 0.9804
2025-10-02 07:59:48,637 - root - INFO - new node test loss: 0.2569
2025-10-02 07:59:48,637 - root - INFO - new node test average_precision, 0.9603
2025-10-02 07:59:48,637 - root - INFO - new node test roc_auc, 0.9606
2025-10-02 08:01:40,463 - root - INFO - Epoch: 27, learning rate: 0.0001, train loss: 0.1690
2025-10-02 08:01:40,464 - root - INFO - train average_precision, 0.9816
2025-10-02 08:01:40,465 - root - INFO - train roc_auc, 0.9814
2025-10-02 08:01:40,465 - root - INFO - validate loss: 0.1758
2025-10-02 08:01:40,465 - root - INFO - validate average_precision, 0.9817
2025-10-02 08:01:40,465 - root - INFO - validate roc_auc, 0.9811
2025-10-02 08:01:40,465 - root - INFO - new node validate loss: 0.3286
2025-10-02 08:01:40,465 - root - INFO - new node validate average_precision, 0.9420
2025-10-02 08:01:40,465 - root - INFO - new node validate roc_auc, 0.9361
2025-10-02 08:02:00,276 - root - INFO - test loss: 0.1841
2025-10-02 08:02:00,277 - root - INFO - test average_precision, 0.9795
2025-10-02 08:02:00,277 - root - INFO - best test average_precision: 0.9825
2025-10-02 08:02:00,277 - root - INFO - test roc_auc, 0.9795
2025-10-02 08:02:00,277 - root - INFO - new node test loss: 0.2521
2025-10-02 08:02:00,277 - root - INFO - new node test average_precision, 0.9623
2025-10-02 08:02:00,277 - root - INFO - new node test roc_auc, 0.9623
2025-10-02 08:03:52,069 - root - INFO - Epoch: 28, learning rate: 0.0001, train loss: 0.1684
2025-10-02 08:03:52,070 - root - INFO - train average_precision, 0.9817
2025-10-02 08:03:52,070 - root - INFO - train roc_auc, 0.9815
2025-10-02 08:03:52,070 - root - INFO - validate loss: 0.1763
2025-10-02 08:03:52,070 - root - INFO - validate average_precision, 0.9817
2025-10-02 08:03:52,070 - root - INFO - validate roc_auc, 0.9811
2025-10-02 08:03:52,070 - root - INFO - new node validate loss: 0.3348
2025-10-02 08:03:52,070 - root - INFO - new node validate average_precision, 0.9395
2025-10-02 08:03:52,070 - root - INFO - new node validate roc_auc, 0.9332
2025-10-02 08:04:12,235 - root - INFO - test loss: 0.1829
2025-10-02 08:04:12,235 - root - INFO - test average_precision, 0.9803
2025-10-02 08:04:12,235 - root - INFO - best test average_precision: 0.9825
2025-10-02 08:04:12,236 - root - INFO - test roc_auc, 0.9801
2025-10-02 08:04:12,236 - root - INFO - new node test loss: 0.2579
2025-10-02 08:04:12,236 - root - INFO - new node test average_precision, 0.9608
2025-10-02 08:04:12,236 - root - INFO - new node test roc_auc, 0.9603
2025-10-02 08:06:03,632 - root - INFO - Epoch: 29, learning rate: 0.0001, train loss: 0.1676
2025-10-02 08:06:03,632 - root - INFO - train average_precision, 0.9820
2025-10-02 08:06:03,633 - root - INFO - train roc_auc, 0.9818
2025-10-02 08:06:03,633 - root - INFO - validate loss: 0.1773
2025-10-02 08:06:03,633 - root - INFO - validate average_precision, 0.9816
2025-10-02 08:06:03,633 - root - INFO - validate roc_auc, 0.9809
2025-10-02 08:06:03,633 - root - INFO - new node validate loss: 0.3342
2025-10-02 08:06:03,633 - root - INFO - new node validate average_precision, 0.9393
2025-10-02 08:06:03,633 - root - INFO - new node validate roc_auc, 0.9330
2025-10-02 08:06:23,485 - root - INFO - test loss: 0.1867
2025-10-02 08:06:23,486 - root - INFO - test average_precision, 0.9789
2025-10-02 08:06:23,486 - root - INFO - best test average_precision: 0.9825
2025-10-02 08:06:23,486 - root - INFO - test roc_auc, 0.9795
2025-10-02 08:06:23,486 - root - INFO - new node test loss: 0.2641
2025-10-02 08:06:23,486 - root - INFO - new node test average_precision, 0.9573
2025-10-02 08:06:23,486 - root - INFO - new node test roc_auc, 0.9584
2025-10-02 08:08:14,967 - root - INFO - Epoch: 30, learning rate: 0.0001, train loss: 0.1672
2025-10-02 08:08:14,968 - root - INFO - train average_precision, 0.9820
2025-10-02 08:08:14,968 - root - INFO - train roc_auc, 0.9818
2025-10-02 08:08:14,968 - root - INFO - validate loss: 0.1778
2025-10-02 08:08:14,968 - root - INFO - validate average_precision, 0.9812
2025-10-02 08:08:14,968 - root - INFO - validate roc_auc, 0.9807
2025-10-02 08:08:14,968 - root - INFO - new node validate loss: 0.3423
2025-10-02 08:08:14,968 - root - INFO - new node validate average_precision, 0.9403
2025-10-02 08:08:14,968 - root - INFO - new node validate roc_auc, 0.9340
2025-10-02 08:08:34,955 - root - INFO - test loss: 0.1790
2025-10-02 08:08:34,955 - root - INFO - test average_precision, 0.9808
2025-10-02 08:08:34,955 - root - INFO - best test average_precision: 0.9825
2025-10-02 08:08:34,955 - root - INFO - test roc_auc, 0.9805
2025-10-02 08:08:34,955 - root - INFO - new node test loss: 0.2570
2025-10-02 08:08:34,955 - root - INFO - new node test average_precision, 0.9613
2025-10-02 08:08:34,955 - root - INFO - new node test roc_auc, 0.9613
2025-10-02 08:10:26,486 - root - INFO - Epoch: 31, learning rate: 0.0001, train loss: 0.1665
2025-10-02 08:10:26,487 - root - INFO - train average_precision, 0.9822
2025-10-02 08:10:26,487 - root - INFO - train roc_auc, 0.9819
2025-10-02 08:10:26,487 - root - INFO - validate loss: 0.1805
2025-10-02 08:10:26,487 - root - INFO - validate average_precision, 0.9813
2025-10-02 08:10:26,487 - root - INFO - validate roc_auc, 0.9806
2025-10-02 08:10:26,487 - root - INFO - new node validate loss: 0.3333
2025-10-02 08:10:26,488 - root - INFO - new node validate average_precision, 0.9388
2025-10-02 08:10:26,488 - root - INFO - new node validate roc_auc, 0.9327
2025-10-02 08:10:46,231 - root - INFO - test loss: 0.2009
2025-10-02 08:10:46,232 - root - INFO - test average_precision, 0.9781
2025-10-02 08:10:46,232 - root - INFO - best test average_precision: 0.9825
2025-10-02 08:10:46,232 - root - INFO - test roc_auc, 0.9778
2025-10-02 08:10:46,232 - root - INFO - new node test loss: 0.2674
2025-10-02 08:10:46,232 - root - INFO - new node test average_precision, 0.9568
2025-10-02 08:10:46,232 - root - INFO - new node test roc_auc, 0.9576
2025-10-02 08:12:37,949 - root - INFO - Epoch: 32, learning rate: 0.0001, train loss: 0.1664
2025-10-02 08:12:37,950 - root - INFO - train average_precision, 0.9822
2025-10-02 08:12:37,950 - root - INFO - train roc_auc, 0.9820
2025-10-02 08:12:37,950 - root - INFO - validate loss: 0.1772
2025-10-02 08:12:37,950 - root - INFO - validate average_precision, 0.9817
2025-10-02 08:12:37,950 - root - INFO - validate roc_auc, 0.9810
2025-10-02 08:12:37,950 - root - INFO - new node validate loss: 0.3264
2025-10-02 08:12:37,950 - root - INFO - new node validate average_precision, 0.9413
2025-10-02 08:12:37,950 - root - INFO - new node validate roc_auc, 0.9362
2025-10-02 08:12:58,059 - root - INFO - test loss: 0.1794
2025-10-02 08:12:58,059 - root - INFO - test average_precision, 0.9816
2025-10-02 08:12:58,059 - root - INFO - best test average_precision: 0.9825
2025-10-02 08:12:58,059 - root - INFO - test roc_auc, 0.9811
2025-10-02 08:12:58,059 - root - INFO - new node test loss: 0.2478
2025-10-02 08:12:58,059 - root - INFO - new node test average_precision, 0.9625
2025-10-02 08:12:58,059 - root - INFO - new node test roc_auc, 0.9630
2025-10-02 08:14:49,775 - root - INFO - Epoch: 33, learning rate: 0.0001, train loss: 0.1648
2025-10-02 08:14:49,776 - root - INFO - train average_precision, 0.9824
2025-10-02 08:14:49,776 - root - INFO - train roc_auc, 0.9823
2025-10-02 08:14:49,776 - root - INFO - validate loss: 0.1744
2025-10-02 08:14:49,776 - root - INFO - validate average_precision, 0.9821
2025-10-02 08:14:49,776 - root - INFO - validate roc_auc, 0.9815
2025-10-02 08:14:49,776 - root - INFO - new node validate loss: 0.3198
2025-10-02 08:14:49,776 - root - INFO - new node validate average_precision, 0.9447
2025-10-02 08:14:49,777 - root - INFO - new node validate roc_auc, 0.9399
2025-10-02 08:15:09,868 - root - INFO - test loss: 0.1854
2025-10-02 08:15:09,869 - root - INFO - test average_precision, 0.9792
2025-10-02 08:15:09,869 - root - INFO - best test average_precision: 0.9825
2025-10-02 08:15:09,869 - root - INFO - test roc_auc, 0.9798
2025-10-02 08:15:09,869 - root - INFO - new node test loss: 0.2500
2025-10-02 08:15:09,869 - root - INFO - new node test average_precision, 0.9623
2025-10-02 08:15:09,869 - root - INFO - new node test roc_auc, 0.9630
2025-10-02 08:15:09,869 - root - INFO - save model ./saved_models/JODIE/reddit/JODIE_bochner_seed4/JODIE_bochner_seed4.pkl
2025-10-02 08:17:02,892 - root - INFO - Epoch: 34, learning rate: 0.0001, train loss: 0.1647
2025-10-02 08:17:02,893 - root - INFO - train average_precision, 0.9825
2025-10-02 08:17:02,893 - root - INFO - train roc_auc, 0.9824
2025-10-02 08:17:02,893 - root - INFO - validate loss: 0.1740
2025-10-02 08:17:02,894 - root - INFO - validate average_precision, 0.9821
2025-10-02 08:17:02,894 - root - INFO - validate roc_auc, 0.9815
2025-10-02 08:17:02,894 - root - INFO - new node validate loss: 0.3264
2025-10-02 08:17:02,894 - root - INFO - new node validate average_precision, 0.9420
2025-10-02 08:17:02,894 - root - INFO - new node validate roc_auc, 0.9371
2025-10-02 08:17:22,993 - root - INFO - test loss: 0.1790
2025-10-02 08:17:22,993 - root - INFO - test average_precision, 0.9800
2025-10-02 08:17:22,993 - root - INFO - best test average_precision: 0.9825
2025-10-02 08:17:22,993 - root - INFO - test roc_auc, 0.9809
2025-10-02 08:17:22,993 - root - INFO - new node test loss: 0.2451
2025-10-02 08:17:22,993 - root - INFO - new node test average_precision, 0.9638
2025-10-02 08:17:22,993 - root - INFO - new node test roc_auc, 0.9644
2025-10-02 08:19:14,599 - root - INFO - Epoch: 35, learning rate: 0.0001, train loss: 0.1656
2025-10-02 08:19:14,599 - root - INFO - train average_precision, 0.9823
2025-10-02 08:19:14,600 - root - INFO - train roc_auc, 0.9822
2025-10-02 08:19:14,600 - root - INFO - validate loss: 0.1780
2025-10-02 08:19:14,600 - root - INFO - validate average_precision, 0.9817
2025-10-02 08:19:14,600 - root - INFO - validate roc_auc, 0.9811
2025-10-02 08:19:14,600 - root - INFO - new node validate loss: 0.3227
2025-10-02 08:19:14,600 - root - INFO - new node validate average_precision, 0.9411
2025-10-02 08:19:14,600 - root - INFO - new node validate roc_auc, 0.9371
2025-10-02 08:19:34,719 - root - INFO - test loss: 0.1997
2025-10-02 08:19:34,719 - root - INFO - test average_precision, 0.9775
2025-10-02 08:19:34,719 - root - INFO - best test average_precision: 0.9825
2025-10-02 08:19:34,719 - root - INFO - test roc_auc, 0.9783
2025-10-02 08:19:34,719 - root - INFO - new node test loss: 0.2706
2025-10-02 08:19:34,719 - root - INFO - new node test average_precision, 0.9556
2025-10-02 08:19:34,719 - root - INFO - new node test roc_auc, 0.9580
2025-10-02 08:21:26,285 - root - INFO - Epoch: 36, learning rate: 0.0001, train loss: 0.1640
2025-10-02 08:21:26,286 - root - INFO - train average_precision, 0.9827
2025-10-02 08:21:26,286 - root - INFO - train roc_auc, 0.9825
2025-10-02 08:21:26,287 - root - INFO - validate loss: 0.1726
2025-10-02 08:21:26,287 - root - INFO - validate average_precision, 0.9825
2025-10-02 08:21:26,287 - root - INFO - validate roc_auc, 0.9818
2025-10-02 08:21:26,287 - root - INFO - new node validate loss: 0.3368
2025-10-02 08:21:26,287 - root - INFO - new node validate average_precision, 0.9404
2025-10-02 08:21:26,287 - root - INFO - new node validate roc_auc, 0.9349
2025-10-02 08:21:46,208 - root - INFO - test loss: 0.1711
2025-10-02 08:21:46,208 - root - INFO - test average_precision, 0.9824
2025-10-02 08:21:46,209 - root - INFO - best test average_precision: 0.9825
2025-10-02 08:21:46,209 - root - INFO - test roc_auc, 0.9822
2025-10-02 08:21:46,209 - root - INFO - new node test loss: 0.2505
2025-10-02 08:21:46,209 - root - INFO - new node test average_precision, 0.9637
2025-10-02 08:21:46,209 - root - INFO - new node test roc_auc, 0.9635
2025-10-02 08:21:46,209 - root - INFO - save model ./saved_models/JODIE/reddit/JODIE_bochner_seed4/JODIE_bochner_seed4.pkl
2025-10-02 08:23:39,162 - root - INFO - Epoch: 37, learning rate: 0.0001, train loss: 0.1630
2025-10-02 08:23:39,163 - root - INFO - train average_precision, 0.9829
2025-10-02 08:23:39,164 - root - INFO - train roc_auc, 0.9827
2025-10-02 08:23:39,164 - root - INFO - validate loss: 0.1730
2025-10-02 08:23:39,164 - root - INFO - validate average_precision, 0.9825
2025-10-02 08:23:39,164 - root - INFO - validate roc_auc, 0.9819
2025-10-02 08:23:39,164 - root - INFO - new node validate loss: 0.3219
2025-10-02 08:23:39,164 - root - INFO - new node validate average_precision, 0.9439
2025-10-02 08:23:39,164 - root - INFO - new node validate roc_auc, 0.9391
2025-10-02 08:23:59,021 - root - INFO - test loss: 0.1820
2025-10-02 08:23:59,022 - root - INFO - test average_precision, 0.9806
2025-10-02 08:23:59,022 - root - INFO - best test average_precision: 0.9825
2025-10-02 08:23:59,022 - root - INFO - test roc_auc, 0.9806
2025-10-02 08:23:59,022 - root - INFO - new node test loss: 0.2512
2025-10-02 08:23:59,022 - root - INFO - new node test average_precision, 0.9624
2025-10-02 08:23:59,022 - root - INFO - new node test roc_auc, 0.9630
2025-10-02 08:23:59,022 - root - INFO - save model ./saved_models/JODIE/reddit/JODIE_bochner_seed4/JODIE_bochner_seed4.pkl
2025-10-02 08:25:52,685 - root - INFO - Epoch: 38, learning rate: 0.0001, train loss: 0.1623
2025-10-02 08:25:52,686 - root - INFO - train average_precision, 0.9830
2025-10-02 08:25:52,686 - root - INFO - train roc_auc, 0.9828
2025-10-02 08:25:52,686 - root - INFO - validate loss: 0.1778
2025-10-02 08:25:52,686 - root - INFO - validate average_precision, 0.9815
2025-10-02 08:25:52,686 - root - INFO - validate roc_auc, 0.9809
2025-10-02 08:25:52,686 - root - INFO - new node validate loss: 0.3293
2025-10-02 08:25:52,686 - root - INFO - new node validate average_precision, 0.9405
2025-10-02 08:25:52,686 - root - INFO - new node validate roc_auc, 0.9354
2025-10-02 08:26:12,935 - root - INFO - test loss: 0.1912
2025-10-02 08:26:12,935 - root - INFO - test average_precision, 0.9791
2025-10-02 08:26:12,935 - root - INFO - best test average_precision: 0.9825
2025-10-02 08:26:12,935 - root - INFO - test roc_auc, 0.9790
2025-10-02 08:26:12,935 - root - INFO - new node test loss: 0.2673
2025-10-02 08:26:12,935 - root - INFO - new node test average_precision, 0.9557
2025-10-02 08:26:12,935 - root - INFO - new node test roc_auc, 0.9580
2025-10-02 08:28:04,628 - root - INFO - Epoch: 39, learning rate: 0.0001, train loss: 0.1626
2025-10-02 08:28:04,629 - root - INFO - train average_precision, 0.9829
2025-10-02 08:28:04,630 - root - INFO - train roc_auc, 0.9828
2025-10-02 08:28:04,630 - root - INFO - validate loss: 0.1739
2025-10-02 08:28:04,630 - root - INFO - validate average_precision, 0.9824
2025-10-02 08:28:04,630 - root - INFO - validate roc_auc, 0.9818
2025-10-02 08:28:04,630 - root - INFO - new node validate loss: 0.3164
2025-10-02 08:28:04,630 - root - INFO - new node validate average_precision, 0.9447
2025-10-02 08:28:04,630 - root - INFO - new node validate roc_auc, 0.9398
2025-10-02 08:28:24,465 - root - INFO - test loss: 0.1819
2025-10-02 08:28:24,466 - root - INFO - test average_precision, 0.9798
2025-10-02 08:28:24,466 - root - INFO - best test average_precision: 0.9825
2025-10-02 08:28:24,466 - root - INFO - test roc_auc, 0.9808
2025-10-02 08:28:24,466 - root - INFO - new node test loss: 0.2435
2025-10-02 08:28:24,466 - root - INFO - new node test average_precision, 0.9635
2025-10-02 08:28:24,466 - root - INFO - new node test roc_auc, 0.9645
2025-10-02 08:30:16,078 - root - INFO - Epoch: 40, learning rate: 0.0001, train loss: 0.1622
2025-10-02 08:30:16,079 - root - INFO - train average_precision, 0.9831
2025-10-02 08:30:16,079 - root - INFO - train roc_auc, 0.9829
2025-10-02 08:30:16,079 - root - INFO - validate loss: 0.1755
2025-10-02 08:30:16,079 - root - INFO - validate average_precision, 0.9819
2025-10-02 08:30:16,079 - root - INFO - validate roc_auc, 0.9813
2025-10-02 08:30:16,079 - root - INFO - new node validate loss: 0.3195
2025-10-02 08:30:16,079 - root - INFO - new node validate average_precision, 0.9445
2025-10-02 08:30:16,079 - root - INFO - new node validate roc_auc, 0.9393
2025-10-02 08:30:36,040 - root - INFO - test loss: 0.1820
2025-10-02 08:30:36,040 - root - INFO - test average_precision, 0.9801
2025-10-02 08:30:36,041 - root - INFO - best test average_precision: 0.9825
2025-10-02 08:30:36,041 - root - INFO - test roc_auc, 0.9802
2025-10-02 08:30:36,041 - root - INFO - new node test loss: 0.2455
2025-10-02 08:30:36,041 - root - INFO - new node test average_precision, 0.9627
2025-10-02 08:30:36,041 - root - INFO - new node test roc_auc, 0.9639
2025-10-02 08:32:28,018 - root - INFO - Epoch: 41, learning rate: 0.0001, train loss: 0.1628
2025-10-02 08:32:28,018 - root - INFO - train average_precision, 0.9828
2025-10-02 08:32:28,019 - root - INFO - train roc_auc, 0.9828
2025-10-02 08:32:28,019 - root - INFO - validate loss: 0.1749
2025-10-02 08:32:28,019 - root - INFO - validate average_precision, 0.9821
2025-10-02 08:32:28,019 - root - INFO - validate roc_auc, 0.9814
2025-10-02 08:32:28,019 - root - INFO - new node validate loss: 0.3359
2025-10-02 08:32:28,019 - root - INFO - new node validate average_precision, 0.9404
2025-10-02 08:32:28,019 - root - INFO - new node validate roc_auc, 0.9353
2025-10-02 08:32:48,065 - root - INFO - test loss: 0.1806
2025-10-02 08:32:48,065 - root - INFO - test average_precision, 0.9806
2025-10-02 08:32:48,065 - root - INFO - best test average_precision: 0.9825
2025-10-02 08:32:48,065 - root - INFO - test roc_auc, 0.9804
2025-10-02 08:32:48,065 - root - INFO - new node test loss: 0.2474
2025-10-02 08:32:48,065 - root - INFO - new node test average_precision, 0.9641
2025-10-02 08:32:48,065 - root - INFO - new node test roc_auc, 0.9637
2025-10-02 08:34:39,816 - root - INFO - Epoch: 42, learning rate: 0.0001, train loss: 0.1624
2025-10-02 08:34:39,817 - root - INFO - train average_precision, 0.9829
2025-10-02 08:34:39,817 - root - INFO - train roc_auc, 0.9829
2025-10-02 08:34:39,817 - root - INFO - validate loss: 0.1718
2025-10-02 08:34:39,817 - root - INFO - validate average_precision, 0.9826
2025-10-02 08:34:39,817 - root - INFO - validate roc_auc, 0.9820
2025-10-02 08:34:39,817 - root - INFO - new node validate loss: 0.3235
2025-10-02 08:34:39,817 - root - INFO - new node validate average_precision, 0.9423
2025-10-02 08:34:39,817 - root - INFO - new node validate roc_auc, 0.9382
2025-10-02 08:34:59,896 - root - INFO - test loss: 0.1707
2025-10-02 08:34:59,896 - root - INFO - test average_precision, 0.9825
2025-10-02 08:34:59,896 - root - INFO - best test average_precision: 0.9825
2025-10-02 08:34:59,896 - root - INFO - test roc_auc, 0.9825
2025-10-02 08:34:59,896 - root - INFO - new node test loss: 0.2437
2025-10-02 08:34:59,896 - root - INFO - new node test average_precision, 0.9636
2025-10-02 08:34:59,896 - root - INFO - new node test roc_auc, 0.9646
2025-10-02 08:34:59,896 - root - INFO - save model ./saved_models/JODIE/reddit/JODIE_bochner_seed4/JODIE_bochner_seed4.pkl
2025-10-02 08:36:53,222 - root - INFO - Epoch: 43, learning rate: 0.0001, train loss: 0.1608
2025-10-02 08:36:53,222 - root - INFO - train average_precision, 0.9832
2025-10-02 08:36:53,223 - root - INFO - train roc_auc, 0.9831
2025-10-02 08:36:53,223 - root - INFO - validate loss: 0.1749
2025-10-02 08:36:53,223 - root - INFO - validate average_precision, 0.9818
2025-10-02 08:36:53,223 - root - INFO - validate roc_auc, 0.9813
2025-10-02 08:36:53,223 - root - INFO - new node validate loss: 0.3223
2025-10-02 08:36:53,223 - root - INFO - new node validate average_precision, 0.9427
2025-10-02 08:36:53,223 - root - INFO - new node validate roc_auc, 0.9374
2025-10-02 08:37:13,108 - root - INFO - test loss: 0.1780
2025-10-02 08:37:13,109 - root - INFO - test average_precision, 0.9804
2025-10-02 08:37:13,109 - root - INFO - best test average_precision: 0.9825
2025-10-02 08:37:13,109 - root - INFO - test roc_auc, 0.9809
2025-10-02 08:37:13,109 - root - INFO - new node test loss: 0.2447
2025-10-02 08:37:13,109 - root - INFO - new node test average_precision, 0.9638
2025-10-02 08:37:13,109 - root - INFO - new node test roc_auc, 0.9641
2025-10-02 08:39:04,786 - root - INFO - Epoch: 44, learning rate: 0.0001, train loss: 0.1610
2025-10-02 08:39:04,786 - root - INFO - train average_precision, 0.9832
2025-10-02 08:39:04,787 - root - INFO - train roc_auc, 0.9831
2025-10-02 08:39:04,787 - root - INFO - validate loss: 0.1792
2025-10-02 08:39:04,787 - root - INFO - validate average_precision, 0.9813
2025-10-02 08:39:04,787 - root - INFO - validate roc_auc, 0.9807
2025-10-02 08:39:04,787 - root - INFO - new node validate loss: 0.3385
2025-10-02 08:39:04,787 - root - INFO - new node validate average_precision, 0.9398
2025-10-02 08:39:04,787 - root - INFO - new node validate roc_auc, 0.9347
2025-10-02 08:39:24,737 - root - INFO - test loss: 0.1925
2025-10-02 08:39:24,737 - root - INFO - test average_precision, 0.9781
2025-10-02 08:39:24,737 - root - INFO - best test average_precision: 0.9825
2025-10-02 08:39:24,738 - root - INFO - test roc_auc, 0.9784
2025-10-02 08:39:24,738 - root - INFO - new node test loss: 0.2609
2025-10-02 08:39:24,738 - root - INFO - new node test average_precision, 0.9619
2025-10-02 08:39:24,738 - root - INFO - new node test roc_auc, 0.9613
2025-10-02 08:41:16,276 - root - INFO - Epoch: 45, learning rate: 0.0001, train loss: 0.1599
2025-10-02 08:41:16,277 - root - INFO - train average_precision, 0.9834
2025-10-02 08:41:16,277 - root - INFO - train roc_auc, 0.9834
2025-10-02 08:41:16,277 - root - INFO - validate loss: 0.1754
2025-10-02 08:41:16,277 - root - INFO - validate average_precision, 0.9819
2025-10-02 08:41:16,277 - root - INFO - validate roc_auc, 0.9812
2025-10-02 08:41:16,277 - root - INFO - new node validate loss: 0.3312
2025-10-02 08:41:16,277 - root - INFO - new node validate average_precision, 0.9402
2025-10-02 08:41:16,277 - root - INFO - new node validate roc_auc, 0.9358
2025-10-02 08:41:36,331 - root - INFO - test loss: 0.1747
2025-10-02 08:41:36,331 - root - INFO - test average_precision, 0.9807
2025-10-02 08:41:36,331 - root - INFO - best test average_precision: 0.9825
2025-10-02 08:41:36,331 - root - INFO - test roc_auc, 0.9814
2025-10-02 08:41:36,331 - root - INFO - new node test loss: 0.2546
2025-10-02 08:41:36,331 - root - INFO - new node test average_precision, 0.9601
2025-10-02 08:41:36,331 - root - INFO - new node test roc_auc, 0.9614
2025-10-02 08:43:27,941 - root - INFO - Epoch: 46, learning rate: 0.0001, train loss: 0.1597
2025-10-02 08:43:27,942 - root - INFO - train average_precision, 0.9834
2025-10-02 08:43:27,942 - root - INFO - train roc_auc, 0.9833
2025-10-02 08:43:27,942 - root - INFO - validate loss: 0.1708
2025-10-02 08:43:27,943 - root - INFO - validate average_precision, 0.9829
2025-10-02 08:43:27,943 - root - INFO - validate roc_auc, 0.9822
2025-10-02 08:43:27,943 - root - INFO - new node validate loss: 0.3321
2025-10-02 08:43:27,943 - root - INFO - new node validate average_precision, 0.9413
2025-10-02 08:43:27,943 - root - INFO - new node validate roc_auc, 0.9364
2025-10-02 08:43:47,925 - root - INFO - test loss: 0.1706
2025-10-02 08:43:47,926 - root - INFO - test average_precision, 0.9824
2025-10-02 08:43:47,926 - root - INFO - best test average_precision: 0.9825
2025-10-02 08:43:47,926 - root - INFO - test roc_auc, 0.9824
2025-10-02 08:43:47,926 - root - INFO - new node test loss: 0.2452
2025-10-02 08:43:47,926 - root - INFO - new node test average_precision, 0.9640
2025-10-02 08:43:47,926 - root - INFO - new node test roc_auc, 0.9646
2025-10-02 08:43:47,926 - root - INFO - save model ./saved_models/JODIE/reddit/JODIE_bochner_seed4/JODIE_bochner_seed4.pkl
2025-10-02 08:45:41,124 - root - INFO - Epoch: 47, learning rate: 0.0001, train loss: 0.1591
2025-10-02 08:45:41,125 - root - INFO - train average_precision, 0.9836
2025-10-02 08:45:41,125 - root - INFO - train roc_auc, 0.9835
2025-10-02 08:45:41,125 - root - INFO - validate loss: 0.1728
2025-10-02 08:45:41,125 - root - INFO - validate average_precision, 0.9826
2025-10-02 08:45:41,126 - root - INFO - validate roc_auc, 0.9819
2025-10-02 08:45:41,126 - root - INFO - new node validate loss: 0.3256
2025-10-02 08:45:41,126 - root - INFO - new node validate average_precision, 0.9424
2025-10-02 08:45:41,126 - root - INFO - new node validate roc_auc, 0.9386
2025-10-02 08:46:01,301 - root - INFO - test loss: 0.1744
2025-10-02 08:46:01,302 - root - INFO - test average_precision, 0.9808
2025-10-02 08:46:01,302 - root - INFO - best test average_precision: 0.9825
2025-10-02 08:46:01,302 - root - INFO - test roc_auc, 0.9817
2025-10-02 08:46:01,302 - root - INFO - new node test loss: 0.2544
2025-10-02 08:46:01,302 - root - INFO - new node test average_precision, 0.9606
2025-10-02 08:46:01,302 - root - INFO - new node test roc_auc, 0.9625
2025-10-02 08:47:52,843 - root - INFO - Epoch: 48, learning rate: 0.0001, train loss: 0.1592
2025-10-02 08:47:52,844 - root - INFO - train average_precision, 0.9836
2025-10-02 08:47:52,844 - root - INFO - train roc_auc, 0.9835
2025-10-02 08:47:52,844 - root - INFO - validate loss: 0.1756
2025-10-02 08:47:52,844 - root - INFO - validate average_precision, 0.9817
2025-10-02 08:47:52,844 - root - INFO - validate roc_auc, 0.9812
2025-10-02 08:47:52,844 - root - INFO - new node validate loss: 0.3347
2025-10-02 08:47:52,845 - root - INFO - new node validate average_precision, 0.9389
2025-10-02 08:47:52,845 - root - INFO - new node validate roc_auc, 0.9340
2025-10-02 08:48:12,890 - root - INFO - test loss: 0.1796
2025-10-02 08:48:12,890 - root - INFO - test average_precision, 0.9797
2025-10-02 08:48:12,890 - root - INFO - best test average_precision: 0.9825
2025-10-02 08:48:12,890 - root - INFO - test roc_auc, 0.9806
2025-10-02 08:48:12,890 - root - INFO - new node test loss: 0.2633
2025-10-02 08:48:12,891 - root - INFO - new node test average_precision, 0.9579
2025-10-02 08:48:12,891 - root - INFO - new node test roc_auc, 0.9590
2025-10-02 08:50:04,505 - root - INFO - Epoch: 49, learning rate: 0.0001, train loss: 0.1599
2025-10-02 08:50:04,506 - root - INFO - train average_precision, 0.9833
2025-10-02 08:50:04,506 - root - INFO - train roc_auc, 0.9833
2025-10-02 08:50:04,506 - root - INFO - validate loss: 0.1755
2025-10-02 08:50:04,507 - root - INFO - validate average_precision, 0.9820
2025-10-02 08:50:04,507 - root - INFO - validate roc_auc, 0.9815
2025-10-02 08:50:04,507 - root - INFO - new node validate loss: 0.3231
2025-10-02 08:50:04,507 - root - INFO - new node validate average_precision, 0.9434
2025-10-02 08:50:04,507 - root - INFO - new node validate roc_auc, 0.9390
2025-10-02 08:50:24,313 - root - INFO - test loss: 0.1808
2025-10-02 08:50:24,313 - root - INFO - test average_precision, 0.9797
2025-10-02 08:50:24,313 - root - INFO - best test average_precision: 0.9825
2025-10-02 08:50:24,313 - root - INFO - test roc_auc, 0.9809
2025-10-02 08:50:24,313 - root - INFO - new node test loss: 0.2535
2025-10-02 08:50:24,314 - root - INFO - new node test average_precision, 0.9605
2025-10-02 08:50:24,314 - root - INFO - new node test roc_auc, 0.9621
2025-10-02 08:52:15,957 - root - INFO - Epoch: 50, learning rate: 0.0001, train loss: 0.1598
2025-10-02 08:52:15,957 - root - INFO - train average_precision, 0.9833
2025-10-02 08:52:15,958 - root - INFO - train roc_auc, 0.9834
2025-10-02 08:52:15,958 - root - INFO - validate loss: 0.1729
2025-10-02 08:52:15,958 - root - INFO - validate average_precision, 0.9824
2025-10-02 08:52:15,958 - root - INFO - validate roc_auc, 0.9818
2025-10-02 08:52:15,958 - root - INFO - new node validate loss: 0.3363
2025-10-02 08:52:15,958 - root - INFO - new node validate average_precision, 0.9403
2025-10-02 08:52:15,958 - root - INFO - new node validate roc_auc, 0.9354
2025-10-02 08:52:35,988 - root - INFO - test loss: 0.1809
2025-10-02 08:52:35,988 - root - INFO - test average_precision, 0.9785
2025-10-02 08:52:35,988 - root - INFO - best test average_precision: 0.9825
2025-10-02 08:52:35,989 - root - INFO - test roc_auc, 0.9803
2025-10-02 08:52:35,989 - root - INFO - new node test loss: 0.2503
2025-10-02 08:52:35,989 - root - INFO - new node test average_precision, 0.9631
2025-10-02 08:52:35,989 - root - INFO - new node test roc_auc, 0.9634
2025-10-02 08:54:27,486 - root - INFO - Epoch: 51, learning rate: 0.0001, train loss: 0.1590
2025-10-02 08:54:27,487 - root - INFO - train average_precision, 0.9835
2025-10-02 08:54:27,487 - root - INFO - train roc_auc, 0.9835
2025-10-02 08:54:27,487 - root - INFO - validate loss: 0.1727
2025-10-02 08:54:27,488 - root - INFO - validate average_precision, 0.9825
2025-10-02 08:54:27,488 - root - INFO - validate roc_auc, 0.9820
2025-10-02 08:54:27,488 - root - INFO - new node validate loss: 0.3335
2025-10-02 08:54:27,488 - root - INFO - new node validate average_precision, 0.9408
2025-10-02 08:54:27,488 - root - INFO - new node validate roc_auc, 0.9364
2025-10-02 08:54:47,472 - root - INFO - test loss: 0.1743
2025-10-02 08:54:47,472 - root - INFO - test average_precision, 0.9800
2025-10-02 08:54:47,472 - root - INFO - best test average_precision: 0.9825
2025-10-02 08:54:47,472 - root - INFO - test roc_auc, 0.9818
2025-10-02 08:54:47,472 - root - INFO - new node test loss: 0.2560
2025-10-02 08:54:47,472 - root - INFO - new node test average_precision, 0.9602
2025-10-02 08:54:47,472 - root - INFO - new node test roc_auc, 0.9620
2025-10-02 08:56:39,147 - root - INFO - Epoch: 52, learning rate: 0.0001, train loss: 0.1579
2025-10-02 08:56:39,148 - root - INFO - train average_precision, 0.9837
2025-10-02 08:56:39,148 - root - INFO - train roc_auc, 0.9838
2025-10-02 08:56:39,148 - root - INFO - validate loss: 0.1765
2025-10-02 08:56:39,148 - root - INFO - validate average_precision, 0.9820
2025-10-02 08:56:39,148 - root - INFO - validate roc_auc, 0.9813
2025-10-02 08:56:39,148 - root - INFO - new node validate loss: 0.3340
2025-10-02 08:56:39,148 - root - INFO - new node validate average_precision, 0.9419
2025-10-02 08:56:39,148 - root - INFO - new node validate roc_auc, 0.9368
2025-10-02 08:56:59,043 - root - INFO - test loss: 0.1882
2025-10-02 08:56:59,044 - root - INFO - test average_precision, 0.9772
2025-10-02 08:56:59,044 - root - INFO - best test average_precision: 0.9825
2025-10-02 08:56:59,044 - root - INFO - test roc_auc, 0.9797
2025-10-02 08:56:59,044 - root - INFO - new node test loss: 0.2533
2025-10-02 08:56:59,044 - root - INFO - new node test average_precision, 0.9606
2025-10-02 08:56:59,044 - root - INFO - new node test roc_auc, 0.9629
2025-10-02 08:58:50,865 - root - INFO - Epoch: 53, learning rate: 0.0001, train loss: 0.1571
2025-10-02 08:58:50,866 - root - INFO - train average_precision, 0.9839
2025-10-02 08:58:50,866 - root - INFO - train roc_auc, 0.9839
2025-10-02 08:58:50,866 - root - INFO - validate loss: 0.1732
2025-10-02 08:58:50,866 - root - INFO - validate average_precision, 0.9825
2025-10-02 08:58:50,866 - root - INFO - validate roc_auc, 0.9818
2025-10-02 08:58:50,866 - root - INFO - new node validate loss: 0.3321
2025-10-02 08:58:50,866 - root - INFO - new node validate average_precision, 0.9416
2025-10-02 08:58:50,866 - root - INFO - new node validate roc_auc, 0.9371
2025-10-02 08:59:10,903 - root - INFO - test loss: 0.1820
2025-10-02 08:59:10,903 - root - INFO - test average_precision, 0.9782
2025-10-02 08:59:10,903 - root - INFO - best test average_precision: 0.9825
2025-10-02 08:59:10,903 - root - INFO - test roc_auc, 0.9804
2025-10-02 08:59:10,903 - root - INFO - new node test loss: 0.2568
2025-10-02 08:59:10,903 - root - INFO - new node test average_precision, 0.9607
2025-10-02 08:59:10,903 - root - INFO - new node test roc_auc, 0.9616
2025-10-02 09:01:02,388 - root - INFO - Epoch: 54, learning rate: 0.0001, train loss: 0.1569
2025-10-02 09:01:02,389 - root - INFO - train average_precision, 0.9839
2025-10-02 09:01:02,389 - root - INFO - train roc_auc, 0.9839
2025-10-02 09:01:02,389 - root - INFO - validate loss: 0.1736
2025-10-02 09:01:02,389 - root - INFO - validate average_precision, 0.9825
2025-10-02 09:01:02,389 - root - INFO - validate roc_auc, 0.9818
2025-10-02 09:01:02,389 - root - INFO - new node validate loss: 0.3296
2025-10-02 09:01:02,389 - root - INFO - new node validate average_precision, 0.9420
2025-10-02 09:01:02,389 - root - INFO - new node validate roc_auc, 0.9376
2025-10-02 09:01:22,343 - root - INFO - test loss: 0.1806
2025-10-02 09:01:22,343 - root - INFO - test average_precision, 0.9781
2025-10-02 09:01:22,343 - root - INFO - best test average_precision: 0.9825
2025-10-02 09:01:22,343 - root - INFO - test roc_auc, 0.9809
2025-10-02 09:01:22,344 - root - INFO - new node test loss: 0.2568
2025-10-02 09:01:22,344 - root - INFO - new node test average_precision, 0.9594
2025-10-02 09:01:22,344 - root - INFO - new node test roc_auc, 0.9621
2025-10-02 09:03:14,229 - root - INFO - Epoch: 55, learning rate: 0.0001, train loss: 0.1586
2025-10-02 09:03:14,230 - root - INFO - train average_precision, 0.9836
2025-10-02 09:03:14,230 - root - INFO - train roc_auc, 0.9836
2025-10-02 09:03:14,230 - root - INFO - validate loss: 0.1746
2025-10-02 09:03:14,230 - root - INFO - validate average_precision, 0.9824
2025-10-02 09:03:14,230 - root - INFO - validate roc_auc, 0.9818
2025-10-02 09:03:14,230 - root - INFO - new node validate loss: 0.3268
2025-10-02 09:03:14,231 - root - INFO - new node validate average_precision, 0.9420
2025-10-02 09:03:14,231 - root - INFO - new node validate roc_auc, 0.9381
2025-10-02 09:03:34,259 - root - INFO - test loss: 0.1823
2025-10-02 09:03:34,259 - root - INFO - test average_precision, 0.9793
2025-10-02 09:03:34,259 - root - INFO - best test average_precision: 0.9825
2025-10-02 09:03:34,259 - root - INFO - test roc_auc, 0.9809
2025-10-02 09:03:34,259 - root - INFO - new node test loss: 0.2656
2025-10-02 09:03:34,259 - root - INFO - new node test average_precision, 0.9569
2025-10-02 09:03:34,259 - root - INFO - new node test roc_auc, 0.9590
2025-10-02 09:05:25,898 - root - INFO - Epoch: 56, learning rate: 0.0001, train loss: 0.1562
2025-10-02 09:05:25,899 - root - INFO - train average_precision, 0.9840
2025-10-02 09:05:25,899 - root - INFO - train roc_auc, 0.9841
2025-10-02 09:05:25,899 - root - INFO - validate loss: 0.1747
2025-10-02 09:05:25,899 - root - INFO - validate average_precision, 0.9822
2025-10-02 09:05:25,899 - root - INFO - validate roc_auc, 0.9816
2025-10-02 09:05:25,899 - root - INFO - new node validate loss: 0.3269
2025-10-02 09:05:25,899 - root - INFO - new node validate average_precision, 0.9419
2025-10-02 09:05:25,899 - root - INFO - new node validate roc_auc, 0.9380
2025-10-02 09:05:45,723 - root - INFO - test loss: 0.1832
2025-10-02 09:05:45,723 - root - INFO - test average_precision, 0.9779
2025-10-02 09:05:45,723 - root - INFO - best test average_precision: 0.9825
2025-10-02 09:05:45,724 - root - INFO - test roc_auc, 0.9806
2025-10-02 09:05:45,724 - root - INFO - new node test loss: 0.2614
2025-10-02 09:05:45,724 - root - INFO - new node test average_precision, 0.9570
2025-10-02 09:05:45,724 - root - INFO - new node test roc_auc, 0.9601
2025-10-02 09:07:37,570 - root - INFO - Epoch: 57, learning rate: 0.0001, train loss: 0.1568
2025-10-02 09:07:37,571 - root - INFO - train average_precision, 0.9839
2025-10-02 09:07:37,571 - root - INFO - train roc_auc, 0.9840
2025-10-02 09:07:37,571 - root - INFO - validate loss: 0.1747
2025-10-02 09:07:37,571 - root - INFO - validate average_precision, 0.9824
2025-10-02 09:07:37,571 - root - INFO - validate roc_auc, 0.9816
2025-10-02 09:07:37,571 - root - INFO - new node validate loss: 0.3418
2025-10-02 09:07:37,571 - root - INFO - new node validate average_precision, 0.9363
2025-10-02 09:07:37,571 - root - INFO - new node validate roc_auc, 0.9321
2025-10-02 09:07:57,713 - root - INFO - test loss: 0.1805
2025-10-02 09:07:57,714 - root - INFO - test average_precision, 0.9796
2025-10-02 09:07:57,714 - root - INFO - best test average_precision: 0.9825
2025-10-02 09:07:57,714 - root - INFO - test roc_auc, 0.9809
2025-10-02 09:07:57,714 - root - INFO - new node test loss: 0.2628
2025-10-02 09:07:57,714 - root - INFO - new node test average_precision, 0.9572
2025-10-02 09:07:57,714 - root - INFO - new node test roc_auc, 0.9593
2025-10-02 09:09:48,865 - root - INFO - Epoch: 58, learning rate: 0.0001, train loss: 0.1566
2025-10-02 09:09:48,865 - root - INFO - train average_precision, 0.9839
2025-10-02 09:09:48,866 - root - INFO - train roc_auc, 0.9840
2025-10-02 09:09:48,866 - root - INFO - validate loss: 0.1776
2025-10-02 09:09:48,866 - root - INFO - validate average_precision, 0.9818
2025-10-02 09:09:48,866 - root - INFO - validate roc_auc, 0.9811
2025-10-02 09:09:48,866 - root - INFO - new node validate loss: 0.3336
2025-10-02 09:09:48,866 - root - INFO - new node validate average_precision, 0.9393
2025-10-02 09:09:48,866 - root - INFO - new node validate roc_auc, 0.9354
2025-10-02 09:10:08,888 - root - INFO - test loss: 0.1949
2025-10-02 09:10:08,888 - root - INFO - test average_precision, 0.9766
2025-10-02 09:10:08,888 - root - INFO - best test average_precision: 0.9825
2025-10-02 09:10:08,888 - root - INFO - test roc_auc, 0.9786
2025-10-02 09:10:08,888 - root - INFO - new node test loss: 0.2683
2025-10-02 09:10:08,889 - root - INFO - new node test average_precision, 0.9558
2025-10-02 09:10:08,889 - root - INFO - new node test roc_auc, 0.9582
2025-10-02 09:12:00,454 - root - INFO - Epoch: 59, learning rate: 0.0001, train loss: 0.1563
2025-10-02 09:12:00,455 - root - INFO - train average_precision, 0.9840
2025-10-02 09:12:00,456 - root - INFO - train roc_auc, 0.9840
2025-10-02 09:12:00,456 - root - INFO - validate loss: 0.1711
2025-10-02 09:12:00,456 - root - INFO - validate average_precision, 0.9829
2025-10-02 09:12:00,456 - root - INFO - validate roc_auc, 0.9823
2025-10-02 09:12:00,456 - root - INFO - new node validate loss: 0.3273
2025-10-02 09:12:00,456 - root - INFO - new node validate average_precision, 0.9421
2025-10-02 09:12:00,456 - root - INFO - new node validate roc_auc, 0.9375
2025-10-02 09:12:20,377 - root - INFO - test loss: 0.1754
2025-10-02 09:12:20,377 - root - INFO - test average_precision, 0.9791
2025-10-02 09:12:20,377 - root - INFO - best test average_precision: 0.9825
2025-10-02 09:12:20,377 - root - INFO - test roc_auc, 0.9821
2025-10-02 09:12:20,377 - root - INFO - new node test loss: 0.2480
2025-10-02 09:12:20,377 - root - INFO - new node test average_precision, 0.9610
2025-10-02 09:12:20,377 - root - INFO - new node test roc_auc, 0.9635
2025-10-02 09:12:20,378 - root - INFO - save model ./saved_models/JODIE/reddit/JODIE_bochner_seed4/JODIE_bochner_seed4.pkl
2025-10-02 09:14:13,308 - root - INFO - Epoch: 60, learning rate: 0.0001, train loss: 0.1556
2025-10-02 09:14:13,309 - root - INFO - train average_precision, 0.9841
2025-10-02 09:14:13,309 - root - INFO - train roc_auc, 0.9842
2025-10-02 09:14:13,309 - root - INFO - validate loss: 0.1763
2025-10-02 09:14:13,309 - root - INFO - validate average_precision, 0.9820
2025-10-02 09:14:13,309 - root - INFO - validate roc_auc, 0.9813
2025-10-02 09:14:13,310 - root - INFO - new node validate loss: 0.3373
2025-10-02 09:14:13,310 - root - INFO - new node validate average_precision, 0.9402
2025-10-02 09:14:13,310 - root - INFO - new node validate roc_auc, 0.9349
2025-10-02 09:14:33,219 - root - INFO - test loss: 0.1872
2025-10-02 09:14:33,219 - root - INFO - test average_precision, 0.9771
2025-10-02 09:14:33,219 - root - INFO - best test average_precision: 0.9825
2025-10-02 09:14:33,220 - root - INFO - test roc_auc, 0.9798
2025-10-02 09:14:33,220 - root - INFO - new node test loss: 0.2719
2025-10-02 09:14:33,220 - root - INFO - new node test average_precision, 0.9543
2025-10-02 09:14:33,220 - root - INFO - new node test roc_auc, 0.9573
2025-10-02 09:16:24,788 - root - INFO - Epoch: 61, learning rate: 0.0001, train loss: 0.1563
2025-10-02 09:16:24,789 - root - INFO - train average_precision, 0.9840
2025-10-02 09:16:24,789 - root - INFO - train roc_auc, 0.9841
2025-10-02 09:16:24,789 - root - INFO - validate loss: 0.1758
2025-10-02 09:16:24,789 - root - INFO - validate average_precision, 0.9825
2025-10-02 09:16:24,789 - root - INFO - validate roc_auc, 0.9818
2025-10-02 09:16:24,789 - root - INFO - new node validate loss: 0.3255
2025-10-02 09:16:24,790 - root - INFO - new node validate average_precision, 0.9425
2025-10-02 09:16:24,790 - root - INFO - new node validate roc_auc, 0.9386
2025-10-02 09:16:44,711 - root - INFO - test loss: 0.1839
2025-10-02 09:16:44,712 - root - INFO - test average_precision, 0.9779
2025-10-02 09:16:44,712 - root - INFO - best test average_precision: 0.9825
2025-10-02 09:16:44,712 - root - INFO - test roc_auc, 0.9809
2025-10-02 09:16:44,712 - root - INFO - new node test loss: 0.2528
2025-10-02 09:16:44,712 - root - INFO - new node test average_precision, 0.9612
2025-10-02 09:16:44,712 - root - INFO - new node test roc_auc, 0.9627
2025-10-02 09:18:36,368 - root - INFO - Epoch: 62, learning rate: 0.0001, train loss: 0.1557
2025-10-02 09:18:36,369 - root - INFO - train average_precision, 0.9841
2025-10-02 09:18:36,369 - root - INFO - train roc_auc, 0.9842
2025-10-02 09:18:36,370 - root - INFO - validate loss: 0.1742
2025-10-02 09:18:36,370 - root - INFO - validate average_precision, 0.9823
2025-10-02 09:18:36,370 - root - INFO - validate roc_auc, 0.9816
2025-10-02 09:18:36,370 - root - INFO - new node validate loss: 0.3385
2025-10-02 09:18:36,370 - root - INFO - new node validate average_precision, 0.9385
2025-10-02 09:18:36,370 - root - INFO - new node validate roc_auc, 0.9337
2025-10-02 09:18:56,417 - root - INFO - test loss: 0.1795
2025-10-02 09:18:56,417 - root - INFO - test average_precision, 0.9781
2025-10-02 09:18:56,417 - root - INFO - best test average_precision: 0.9825
2025-10-02 09:18:56,417 - root - INFO - test roc_auc, 0.9808
2025-10-02 09:18:56,417 - root - INFO - new node test loss: 0.2593
2025-10-02 09:18:56,418 - root - INFO - new node test average_precision, 0.9593
2025-10-02 09:18:56,418 - root - INFO - new node test roc_auc, 0.9605
2025-10-02 09:20:48,126 - root - INFO - Epoch: 63, learning rate: 0.0001, train loss: 0.1557
2025-10-02 09:20:48,127 - root - INFO - train average_precision, 0.9840
2025-10-02 09:20:48,127 - root - INFO - train roc_auc, 0.9842
2025-10-02 09:20:48,127 - root - INFO - validate loss: 0.1798
2025-10-02 09:20:48,127 - root - INFO - validate average_precision, 0.9814
2025-10-02 09:20:48,128 - root - INFO - validate roc_auc, 0.9807
2025-10-02 09:20:48,128 - root - INFO - new node validate loss: 0.3377
2025-10-02 09:20:48,128 - root - INFO - new node validate average_precision, 0.9384
2025-10-02 09:20:48,128 - root - INFO - new node validate roc_auc, 0.9336
2025-10-02 09:21:08,035 - root - INFO - test loss: 0.1994
2025-10-02 09:21:08,035 - root - INFO - test average_precision, 0.9757
2025-10-02 09:21:08,035 - root - INFO - best test average_precision: 0.9825
2025-10-02 09:21:08,035 - root - INFO - test roc_auc, 0.9776
2025-10-02 09:21:08,035 - root - INFO - new node test loss: 0.2861
2025-10-02 09:21:08,035 - root - INFO - new node test average_precision, 0.9519
2025-10-02 09:21:08,036 - root - INFO - new node test roc_auc, 0.9535
2025-10-02 09:22:59,444 - root - INFO - Epoch: 64, learning rate: 0.0001, train loss: 0.1549
2025-10-02 09:22:59,445 - root - INFO - train average_precision, 0.9842
2025-10-02 09:22:59,445 - root - INFO - train roc_auc, 0.9843
2025-10-02 09:22:59,446 - root - INFO - validate loss: 0.1745
2025-10-02 09:22:59,446 - root - INFO - validate average_precision, 0.9823
2025-10-02 09:22:59,446 - root - INFO - validate roc_auc, 0.9817
2025-10-02 09:22:59,446 - root - INFO - new node validate loss: 0.3332
2025-10-02 09:22:59,446 - root - INFO - new node validate average_precision, 0.9394
2025-10-02 09:22:59,446 - root - INFO - new node validate roc_auc, 0.9345
2025-10-02 09:23:19,572 - root - INFO - test loss: 0.1857
2025-10-02 09:23:19,573 - root - INFO - test average_precision, 0.9763
2025-10-02 09:23:19,573 - root - INFO - best test average_precision: 0.9825
2025-10-02 09:23:19,573 - root - INFO - test roc_auc, 0.9805
2025-10-02 09:23:19,573 - root - INFO - new node test loss: 0.2596
2025-10-02 09:23:19,573 - root - INFO - new node test average_precision, 0.9591
2025-10-02 09:23:19,573 - root - INFO - new node test roc_auc, 0.9606
2025-10-02 09:25:11,196 - root - INFO - Epoch: 65, learning rate: 0.0001, train loss: 0.1550
2025-10-02 09:25:11,197 - root - INFO - train average_precision, 0.9841
2025-10-02 09:25:11,197 - root - INFO - train roc_auc, 0.9843
2025-10-02 09:25:11,197 - root - INFO - validate loss: 0.1750
2025-10-02 09:25:11,197 - root - INFO - validate average_precision, 0.9825
2025-10-02 09:25:11,197 - root - INFO - validate roc_auc, 0.9818
2025-10-02 09:25:11,197 - root - INFO - new node validate loss: 0.3216
2025-10-02 09:25:11,197 - root - INFO - new node validate average_precision, 0.9448
2025-10-02 09:25:11,197 - root - INFO - new node validate roc_auc, 0.9398
2025-10-02 09:25:31,204 - root - INFO - test loss: 0.1885
2025-10-02 09:25:31,204 - root - INFO - test average_precision, 0.9767
2025-10-02 09:25:31,204 - root - INFO - best test average_precision: 0.9825
2025-10-02 09:25:31,204 - root - INFO - test roc_auc, 0.9813
2025-10-02 09:25:31,205 - root - INFO - new node test loss: 0.2427
2025-10-02 09:25:31,205 - root - INFO - new node test average_precision, 0.9638
2025-10-02 09:25:31,205 - root - INFO - new node test roc_auc, 0.9650
2025-10-02 09:27:22,892 - root - INFO - Epoch: 66, learning rate: 0.0001, train loss: 0.1551
2025-10-02 09:27:22,892 - root - INFO - train average_precision, 0.9842
2025-10-02 09:27:22,893 - root - INFO - train roc_auc, 0.9843
2025-10-02 09:27:22,893 - root - INFO - validate loss: 0.1743
2025-10-02 09:27:22,893 - root - INFO - validate average_precision, 0.9824
2025-10-02 09:27:22,893 - root - INFO - validate roc_auc, 0.9817
2025-10-02 09:27:22,893 - root - INFO - new node validate loss: 0.3335
2025-10-02 09:27:22,893 - root - INFO - new node validate average_precision, 0.9398
2025-10-02 09:27:22,893 - root - INFO - new node validate roc_auc, 0.9358
2025-10-02 09:27:43,022 - root - INFO - test loss: 0.1805
2025-10-02 09:27:43,022 - root - INFO - test average_precision, 0.9776
2025-10-02 09:27:43,022 - root - INFO - best test average_precision: 0.9825
2025-10-02 09:27:43,022 - root - INFO - test roc_auc, 0.9809
2025-10-02 09:27:43,022 - root - INFO - new node test loss: 0.2584
2025-10-02 09:27:43,022 - root - INFO - new node test average_precision, 0.9591
2025-10-02 09:27:43,023 - root - INFO - new node test roc_auc, 0.9611
2025-10-02 09:29:34,643 - root - INFO - Epoch: 67, learning rate: 0.0001, train loss: 0.1530
2025-10-02 09:29:34,644 - root - INFO - train average_precision, 0.9845
2025-10-02 09:29:34,644 - root - INFO - train roc_auc, 0.9847
2025-10-02 09:29:34,644 - root - INFO - validate loss: 0.1750
2025-10-02 09:29:34,645 - root - INFO - validate average_precision, 0.9823
2025-10-02 09:29:34,645 - root - INFO - validate roc_auc, 0.9816
2025-10-02 09:29:34,645 - root - INFO - new node validate loss: 0.3380
2025-10-02 09:29:34,645 - root - INFO - new node validate average_precision, 0.9395
2025-10-02 09:29:34,645 - root - INFO - new node validate roc_auc, 0.9346
2025-10-02 09:29:54,475 - root - INFO - test loss: 0.1846
2025-10-02 09:29:54,475 - root - INFO - test average_precision, 0.9775
2025-10-02 09:29:54,475 - root - INFO - best test average_precision: 0.9825
2025-10-02 09:29:54,475 - root - INFO - test roc_auc, 0.9800
2025-10-02 09:29:54,475 - root - INFO - new node test loss: 0.2644
2025-10-02 09:29:54,475 - root - INFO - new node test average_precision, 0.9577
2025-10-02 09:29:54,475 - root - INFO - new node test roc_auc, 0.9595
2025-10-02 09:31:46,069 - root - INFO - Epoch: 68, learning rate: 0.0001, train loss: 0.1537
2025-10-02 09:31:46,070 - root - INFO - train average_precision, 0.9845
2025-10-02 09:31:46,070 - root - INFO - train roc_auc, 0.9846
2025-10-02 09:31:46,070 - root - INFO - validate loss: 0.1720
2025-10-02 09:31:46,070 - root - INFO - validate average_precision, 0.9829
2025-10-02 09:31:46,070 - root - INFO - validate roc_auc, 0.9821
2025-10-02 09:31:46,070 - root - INFO - new node validate loss: 0.3451
2025-10-02 09:31:46,070 - root - INFO - new node validate average_precision, 0.9371
2025-10-02 09:31:46,071 - root - INFO - new node validate roc_auc, 0.9325
2025-10-02 09:32:06,044 - root - INFO - test loss: 0.1765
2025-10-02 09:32:06,044 - root - INFO - test average_precision, 0.9791
2025-10-02 09:32:06,044 - root - INFO - best test average_precision: 0.9825
2025-10-02 09:32:06,044 - root - INFO - test roc_auc, 0.9813
2025-10-02 09:32:06,044 - root - INFO - new node test loss: 0.2666
2025-10-02 09:32:06,044 - root - INFO - new node test average_precision, 0.9568
2025-10-02 09:32:06,044 - root - INFO - new node test roc_auc, 0.9587
2025-10-02 09:33:57,879 - root - INFO - Epoch: 69, learning rate: 0.0001, train loss: 0.1534
2025-10-02 09:33:57,880 - root - INFO - train average_precision, 0.9845
2025-10-02 09:33:57,880 - root - INFO - train roc_auc, 0.9846
2025-10-02 09:33:57,881 - root - INFO - validate loss: 0.1773
2025-10-02 09:33:57,881 - root - INFO - validate average_precision, 0.9819
2025-10-02 09:33:57,881 - root - INFO - validate roc_auc, 0.9812
2025-10-02 09:33:57,881 - root - INFO - new node validate loss: 0.3433
2025-10-02 09:33:57,881 - root - INFO - new node validate average_precision, 0.9380
2025-10-02 09:33:57,881 - root - INFO - new node validate roc_auc, 0.9329
2025-10-02 09:34:17,695 - root - INFO - test loss: 0.1887
2025-10-02 09:34:17,696 - root - INFO - test average_precision, 0.9769
2025-10-02 09:34:17,696 - root - INFO - best test average_precision: 0.9825
2025-10-02 09:34:17,696 - root - INFO - test roc_auc, 0.9798
2025-10-02 09:34:17,696 - root - INFO - new node test loss: 0.2682
2025-10-02 09:34:17,696 - root - INFO - new node test average_precision, 0.9556
2025-10-02 09:34:17,696 - root - INFO - new node test roc_auc, 0.9580
2025-10-02 09:36:08,992 - root - INFO - Epoch: 70, learning rate: 0.0001, train loss: 0.1524
2025-10-02 09:36:08,993 - root - INFO - train average_precision, 0.9847
2025-10-02 09:36:08,993 - root - INFO - train roc_auc, 0.9848
2025-10-02 09:36:08,994 - root - INFO - validate loss: 0.1745
2025-10-02 09:36:08,994 - root - INFO - validate average_precision, 0.9824
2025-10-02 09:36:08,994 - root - INFO - validate roc_auc, 0.9817
2025-10-02 09:36:08,994 - root - INFO - new node validate loss: 0.3394
2025-10-02 09:36:08,994 - root - INFO - new node validate average_precision, 0.9391
2025-10-02 09:36:08,994 - root - INFO - new node validate roc_auc, 0.9351
2025-10-02 09:36:28,661 - root - INFO - test loss: 0.1812
2025-10-02 09:36:28,661 - root - INFO - test average_precision, 0.9779
2025-10-02 09:36:28,661 - root - INFO - best test average_precision: 0.9825
2025-10-02 09:36:28,661 - root - INFO - test roc_auc, 0.9809
2025-10-02 09:36:28,661 - root - INFO - new node test loss: 0.2669
2025-10-02 09:36:28,661 - root - INFO - new node test average_precision, 0.9584
2025-10-02 09:36:28,661 - root - INFO - new node test roc_auc, 0.9597
2025-10-02 09:38:20,051 - root - INFO - Epoch: 71, learning rate: 0.0001, train loss: 0.1528
2025-10-02 09:38:20,052 - root - INFO - train average_precision, 0.9846
2025-10-02 09:38:20,053 - root - INFO - train roc_auc, 0.9848
2025-10-02 09:38:20,053 - root - INFO - validate loss: 0.1749
2025-10-02 09:38:20,053 - root - INFO - validate average_precision, 0.9823
2025-10-02 09:38:20,053 - root - INFO - validate roc_auc, 0.9816
2025-10-02 09:38:20,053 - root - INFO - new node validate loss: 0.3364
2025-10-02 09:38:20,053 - root - INFO - new node validate average_precision, 0.9406
2025-10-02 09:38:20,053 - root - INFO - new node validate roc_auc, 0.9364
2025-10-02 09:38:39,969 - root - INFO - test loss: 0.1853
2025-10-02 09:38:39,969 - root - INFO - test average_precision, 0.9768
2025-10-02 09:38:39,969 - root - INFO - best test average_precision: 0.9825
2025-10-02 09:38:39,969 - root - INFO - test roc_auc, 0.9799
2025-10-02 09:38:39,969 - root - INFO - new node test loss: 0.2724
2025-10-02 09:38:39,969 - root - INFO - new node test average_precision, 0.9551
2025-10-02 09:38:39,969 - root - INFO - new node test roc_auc, 0.9576
2025-10-02 09:40:31,166 - root - INFO - Epoch: 72, learning rate: 0.0001, train loss: 0.1530
2025-10-02 09:40:31,167 - root - INFO - train average_precision, 0.9845
2025-10-02 09:40:31,167 - root - INFO - train roc_auc, 0.9847
2025-10-02 09:40:31,167 - root - INFO - validate loss: 0.1772
2025-10-02 09:40:31,168 - root - INFO - validate average_precision, 0.9820
2025-10-02 09:40:31,168 - root - INFO - validate roc_auc, 0.9812
2025-10-02 09:40:31,168 - root - INFO - new node validate loss: 0.3486
2025-10-02 09:40:31,168 - root - INFO - new node validate average_precision, 0.9359
2025-10-02 09:40:31,168 - root - INFO - new node validate roc_auc, 0.9319
2025-10-02 09:40:51,208 - root - INFO - test loss: 0.1978
2025-10-02 09:40:51,208 - root - INFO - test average_precision, 0.9749
2025-10-02 09:40:51,208 - root - INFO - best test average_precision: 0.9825
2025-10-02 09:40:51,208 - root - INFO - test roc_auc, 0.9793
2025-10-02 09:40:51,208 - root - INFO - new node test loss: 0.2776
2025-10-02 09:40:51,208 - root - INFO - new node test average_precision, 0.9535
2025-10-02 09:40:51,208 - root - INFO - new node test roc_auc, 0.9555
2025-10-02 09:42:42,766 - root - INFO - Epoch: 73, learning rate: 0.0001, train loss: 0.1530
2025-10-02 09:42:42,766 - root - INFO - train average_precision, 0.9845
2025-10-02 09:42:42,767 - root - INFO - train roc_auc, 0.9848
2025-10-02 09:42:42,767 - root - INFO - validate loss: 0.1776
2025-10-02 09:42:42,767 - root - INFO - validate average_precision, 0.9819
2025-10-02 09:42:42,767 - root - INFO - validate roc_auc, 0.9811
2025-10-02 09:42:42,767 - root - INFO - new node validate loss: 0.3415
2025-10-02 09:42:42,767 - root - INFO - new node validate average_precision, 0.9383
2025-10-02 09:42:42,767 - root - INFO - new node validate roc_auc, 0.9340
2025-10-02 09:43:02,792 - root - INFO - test loss: 0.1934
2025-10-02 09:43:02,792 - root - INFO - test average_precision, 0.9754
2025-10-02 09:43:02,792 - root - INFO - best test average_precision: 0.9825
2025-10-02 09:43:02,792 - root - INFO - test roc_auc, 0.9800
2025-10-02 09:43:02,792 - root - INFO - new node test loss: 0.2744
2025-10-02 09:43:02,792 - root - INFO - new node test average_precision, 0.9539
2025-10-02 09:43:02,792 - root - INFO - new node test roc_auc, 0.9573
2025-10-02 09:44:54,503 - root - INFO - Epoch: 74, learning rate: 0.0001, train loss: 0.1522
2025-10-02 09:44:54,503 - root - INFO - train average_precision, 0.9846
2025-10-02 09:44:54,504 - root - INFO - train roc_auc, 0.9849
2025-10-02 09:44:54,504 - root - INFO - validate loss: 0.1750
2025-10-02 09:44:54,504 - root - INFO - validate average_precision, 0.9823
2025-10-02 09:44:54,504 - root - INFO - validate roc_auc, 0.9815
2025-10-02 09:44:54,504 - root - INFO - new node validate loss: 0.3489
2025-10-02 09:44:54,504 - root - INFO - new node validate average_precision, 0.9350
2025-10-02 09:44:54,504 - root - INFO - new node validate roc_auc, 0.9305
2025-10-02 09:45:14,376 - root - INFO - test loss: 0.1992
2025-10-02 09:45:14,377 - root - INFO - test average_precision, 0.9756
2025-10-02 09:45:14,377 - root - INFO - best test average_precision: 0.9825
2025-10-02 09:45:14,377 - root - INFO - test roc_auc, 0.9801
2025-10-02 09:45:14,377 - root - INFO - new node test loss: 0.2642
2025-10-02 09:45:14,377 - root - INFO - new node test average_precision, 0.9570
2025-10-02 09:45:14,377 - root - INFO - new node test roc_auc, 0.9588
2025-10-02 09:47:05,903 - root - INFO - Epoch: 75, learning rate: 0.0001, train loss: 0.1518
2025-10-02 09:47:05,904 - root - INFO - train average_precision, 0.9849
2025-10-02 09:47:05,904 - root - INFO - train roc_auc, 0.9850
2025-10-02 09:47:05,904 - root - INFO - validate loss: 0.1749
2025-10-02 09:47:05,905 - root - INFO - validate average_precision, 0.9824
2025-10-02 09:47:05,905 - root - INFO - validate roc_auc, 0.9816
2025-10-02 09:47:05,905 - root - INFO - new node validate loss: 0.3435
2025-10-02 09:47:05,905 - root - INFO - new node validate average_precision, 0.9385
2025-10-02 09:47:05,905 - root - INFO - new node validate roc_auc, 0.9342
2025-10-02 09:47:25,865 - root - INFO - test loss: 0.1813
2025-10-02 09:47:25,865 - root - INFO - test average_precision, 0.9778
2025-10-02 09:47:25,865 - root - INFO - best test average_precision: 0.9825
2025-10-02 09:47:25,865 - root - INFO - test roc_auc, 0.9811
2025-10-02 09:47:25,865 - root - INFO - new node test loss: 0.2568
2025-10-02 09:47:25,865 - root - INFO - new node test average_precision, 0.9596
2025-10-02 09:47:25,865 - root - INFO - new node test roc_auc, 0.9618
2025-10-02 09:49:17,196 - root - INFO - Epoch: 76, learning rate: 0.0001, train loss: 0.1524
2025-10-02 09:49:17,197 - root - INFO - train average_precision, 0.9847
2025-10-02 09:49:17,197 - root - INFO - train roc_auc, 0.9849
2025-10-02 09:49:17,197 - root - INFO - validate loss: 0.1757
2025-10-02 09:49:17,197 - root - INFO - validate average_precision, 0.9822
2025-10-02 09:49:17,197 - root - INFO - validate roc_auc, 0.9817
2025-10-02 09:49:17,197 - root - INFO - new node validate loss: 0.3343
2025-10-02 09:49:17,197 - root - INFO - new node validate average_precision, 0.9413
2025-10-02 09:49:17,197 - root - INFO - new node validate roc_auc, 0.9362
2025-10-02 09:49:37,047 - root - INFO - test loss: 0.1864
2025-10-02 09:49:37,047 - root - INFO - test average_precision, 0.9767
2025-10-02 09:49:37,047 - root - INFO - best test average_precision: 0.9825
2025-10-02 09:49:37,048 - root - INFO - test roc_auc, 0.9808
2025-10-02 09:49:37,048 - root - INFO - new node test loss: 0.2524
2025-10-02 09:49:37,048 - root - INFO - new node test average_precision, 0.9605
2025-10-02 09:49:37,048 - root - INFO - new node test roc_auc, 0.9624
2025-10-02 09:51:28,693 - root - INFO - Epoch: 77, learning rate: 0.0001, train loss: 0.1514
2025-10-02 09:51:28,694 - root - INFO - train average_precision, 0.9849
2025-10-02 09:51:28,694 - root - INFO - train roc_auc, 0.9851
2025-10-02 09:51:28,694 - root - INFO - validate loss: 0.1773
2025-10-02 09:51:28,694 - root - INFO - validate average_precision, 0.9817
2025-10-02 09:51:28,694 - root - INFO - validate roc_auc, 0.9810
2025-10-02 09:51:28,694 - root - INFO - new node validate loss: 0.3445
2025-10-02 09:51:28,694 - root - INFO - new node validate average_precision, 0.9370
2025-10-02 09:51:28,694 - root - INFO - new node validate roc_auc, 0.9321
2025-10-02 09:51:48,635 - root - INFO - test loss: 0.1897
2025-10-02 09:51:48,635 - root - INFO - test average_precision, 0.9750
2025-10-02 09:51:48,635 - root - INFO - best test average_precision: 0.9825
2025-10-02 09:51:48,636 - root - INFO - test roc_auc, 0.9797
2025-10-02 09:51:48,636 - root - INFO - new node test loss: 0.2720
2025-10-02 09:51:48,636 - root - INFO - new node test average_precision, 0.9527
2025-10-02 09:51:48,636 - root - INFO - new node test roc_auc, 0.9564
2025-10-02 09:53:40,170 - root - INFO - Epoch: 78, learning rate: 0.0001, train loss: 0.1515
2025-10-02 09:53:40,170 - root - INFO - train average_precision, 0.9847
2025-10-02 09:53:40,171 - root - INFO - train roc_auc, 0.9850
2025-10-02 09:53:40,171 - root - INFO - validate loss: 0.1762
2025-10-02 09:53:40,171 - root - INFO - validate average_precision, 0.9819
2025-10-02 09:53:40,171 - root - INFO - validate roc_auc, 0.9813
2025-10-02 09:53:40,171 - root - INFO - new node validate loss: 0.3485
2025-10-02 09:53:40,171 - root - INFO - new node validate average_precision, 0.9376
2025-10-02 09:53:40,171 - root - INFO - new node validate roc_auc, 0.9325
2025-10-02 09:53:59,967 - root - INFO - test loss: 0.1901
2025-10-02 09:53:59,967 - root - INFO - test average_precision, 0.9761
2025-10-02 09:53:59,967 - root - INFO - best test average_precision: 0.9825
2025-10-02 09:53:59,967 - root - INFO - test roc_auc, 0.9802
2025-10-02 09:53:59,967 - root - INFO - new node test loss: 0.2753
2025-10-02 09:53:59,967 - root - INFO - new node test average_precision, 0.9539
2025-10-02 09:53:59,967 - root - INFO - new node test roc_auc, 0.9568
2025-10-02 09:55:51,694 - root - INFO - Epoch: 79, learning rate: 0.0001, train loss: 0.1510
2025-10-02 09:55:51,694 - root - INFO - train average_precision, 0.9851
2025-10-02 09:55:51,695 - root - INFO - train roc_auc, 0.9852
2025-10-02 09:55:51,695 - root - INFO - validate loss: 0.1813
2025-10-02 09:55:51,695 - root - INFO - validate average_precision, 0.9813
2025-10-02 09:55:51,695 - root - INFO - validate roc_auc, 0.9805
2025-10-02 09:55:51,695 - root - INFO - new node validate loss: 0.3428
2025-10-02 09:55:51,695 - root - INFO - new node validate average_precision, 0.9396
2025-10-02 09:55:51,695 - root - INFO - new node validate roc_auc, 0.9343
2025-10-02 09:56:11,638 - root - INFO - test loss: 0.2078
2025-10-02 09:56:11,638 - root - INFO - test average_precision, 0.9751
2025-10-02 09:56:11,638 - root - INFO - best test average_precision: 0.9825
2025-10-02 09:56:11,638 - root - INFO - test roc_auc, 0.9773
2025-10-02 09:56:11,638 - root - INFO - new node test loss: 0.2814
2025-10-02 09:56:11,639 - root - INFO - new node test average_precision, 0.9544
2025-10-02 09:56:11,639 - root - INFO - new node test roc_auc, 0.9554
2025-10-02 09:56:11,639 - root - INFO - load model ./saved_models/JODIE/reddit/JODIE_bochner_seed4/JODIE_bochner_seed4.pkl
2025-10-02 09:56:13,091 - root - INFO - get final performance on dataset reddit...
2025-10-02 09:56:33,744 - root - INFO - test loss: 0.1754
2025-10-02 09:56:33,744 - root - INFO - test average_precision, 0.9791
2025-10-02 09:56:33,744 - root - INFO - test roc_auc, 0.9821
2025-10-02 09:56:33,744 - root - INFO - new node test loss: 0.2480
2025-10-02 09:56:33,744 - root - INFO - new node test average_precision, 0.9610
2025-10-02 09:56:33,744 - root - INFO - new node test roc_auc, 0.9635
2025-10-02 09:56:33,745 - root - INFO - Run 5 cost 10456.44 seconds.
2025-10-02 09:56:33,751 - root - INFO - metrics over 5 runs:
2025-10-02 09:56:33,751 - root - INFO - test average_precision, [np.float64(0.9823947022460268), np.float64(0.9832544696664591), np.float64(0.983568235205822), np.float64(0.9835386424045567), np.float64(0.9791027917381431)]
2025-10-02 09:56:33,751 - root - INFO - average test average_precision, 0.9824 ± 0.0019
2025-10-02 09:56:33,752 - root - INFO - test roc_auc, [np.float64(0.9826658206970175), np.float64(0.982858895165079), np.float64(0.9831987776059852), np.float64(0.9830428484369934), np.float64(0.9820903034149483)]
2025-10-02 09:56:33,752 - root - INFO - average test roc_auc, 0.9828 ± 0.0004
2025-10-02 09:56:33,752 - root - INFO - new node test average_precision, [np.float64(0.9682359725558477), np.float64(0.9664356508298148), np.float64(0.9667239568160558), np.float64(0.9653429983538006), np.float64(0.9609894039725395)]
2025-10-02 09:56:33,752 - root - INFO - average new node test average_precision, 0.9655 ± 0.0027
2025-10-02 09:56:33,752 - root - INFO - new node test roc_auc, [np.float64(0.9685579530423278), np.float64(0.9654555626417234), np.float64(0.9656043438208616), np.float64(0.9650447208049887), np.float64(0.9634806807445201)]
2025-10-02 09:56:33,752 - root - INFO - average new node test roc_auc, 0.9656 ± 0.0018
