2025-10-08 10:16:50,547 - root - INFO - ********** Run 2 starts. **********
2025-10-08 10:16:50,547 - root - INFO - configuration is Namespace(dataset_name='uci', batch_size=200, model_name='TGN', gpu=0, num_neighbors=10, sample_neighbor_strategy='recent', time_scaling_factor=1e-06, num_walk_heads=8, num_heads=2, num_layers=1, walk_length=1, time_gap=2000, time_feat_dim=100, position_feat_dim=172, time_window_mode='fixed_proportion', time_encoder_type='time2vec', expert_dim=128, num_mixtures=16, sort_neighbors_by_time=False, patch_size=1, channel_embedding_dim=50, max_input_sequence_length=32, learning_rate=0.0001, dropout=0.1, gamma=0.5, num_epochs=2, optimizer='Adam', weight_decay=0.0, patience=20, val_ratio=0.15, test_ratio=0.15, num_runs=2, test_interval_epochs=100, negative_sample_strategy='random', max_interaction_times=10, load_best_configs=True, data_ratio=0.05, seed=1, save_model_name_suffix='', ablation_dir='', mamba_d_state=256, mamba_d_conv=4, mamba_expand=2, mamba_headdim=64, resume_from_checkpoint=None, save_checkpoints=True, checkpoint_interval=20, start_from_seed=0, max_checkpoints_to_keep=3, checkpoint_strategy='minimal', validate_checkpoints=True, device='cuda:0', save_model_name='TGN_time2vec_seed1')
2025-10-08 10:16:50,548 - root - INFO - Metrics will be saved to: ./saved_metrics/TGN/uci/TGN_time2vec_seed1
2025-10-08 10:16:50,549 - root - INFO - time encoder type: time2vec
2025-10-08 10:16:50,549 - root - INFO - Time encoder will be injected into TGN model
2025-10-08 10:16:50,611 - root - INFO - model -> Sequential(
  (0): MemoryModel(
    (time_encoder): TimeEncoder(
      (w): Linear(in_features=1, out_features=100, bias=True)
    )
    (message_aggregator): MessageAggregator()
    (memory_bank): MemoryBank(num_nodes=1900, memory_dim=172)
    (memory_updater): GRUMemoryUpdater(
      (memory_bank): MemoryBank(num_nodes=1900, memory_dim=172)
      (memory_updater): GRUCell(616, 172)
    )
    (embedding_module): GraphAttentionEmbedding(
      (time_encoder): TimeEncoder(
        (w): Linear(in_features=1, out_features=100, bias=True)
      )
      (temporal_conv_layers): ModuleList(
        (0): MultiHeadAttention(
          (query_projection): Linear(in_features=272, out_features=272, bias=False)
          (key_projection): Linear(in_features=444, out_features=272, bias=False)
          (value_projection): Linear(in_features=444, out_features=272, bias=False)
          (layer_norm): LayerNorm((272,), eps=1e-05, elementwise_affine=True)
          (residual_fc): Linear(in_features=272, out_features=272, bias=True)
          (dropout): Dropout(p=0.1, inplace=False)
        )
      )
      (merge_layers): ModuleList(
        (0): MergeLayer(
          (fc1): Linear(in_features=444, out_features=172, bias=True)
          (fc2): Linear(in_features=172, out_features=172, bias=True)
          (act): ReLU()
        )
      )
    )
  )
  (1): MergeLayer(
    (fc1): Linear(in_features=344, out_features=172, bias=True)
    (fc2): Linear(in_features=172, out_features=1, bias=True)
    (act): ReLU()
  )
)
2025-10-08 10:16:50,611 - root - INFO - model name: TGN, #parameters: 3855876 B, 3765.50390625 KB, 3.6772499084472656 MB.
2025-10-08 10:16:50,986 - root - INFO - Epoch: 1, learning rate: 0.0001, train loss: 0.6900
2025-10-08 10:16:50,986 - root - INFO - train average_precision, 0.6748
2025-10-08 10:16:50,986 - root - INFO - train roc_auc, 0.6724
2025-10-08 10:16:50,986 - root - INFO - validate loss: 0.6820
2025-10-08 10:16:50,986 - root - INFO - validate average_precision, 0.8889
2025-10-08 10:16:50,986 - root - INFO - validate roc_auc, 0.8632
2025-10-08 10:16:50,986 - root - INFO - new node validate loss: 0.6866
2025-10-08 10:16:50,986 - root - INFO - new node validate average_precision, 0.7451
2025-10-08 10:16:50,986 - root - INFO - new node validate roc_auc, 0.7196
2025-10-08 10:16:50,996 - root - INFO - save model ./saved_models/TGN/uci/TGN_time2vec_seed1/TGN_time2vec_seed1.pkl
2025-10-08 10:16:51,520 - root - INFO - Epoch: 2, learning rate: 0.0001, train loss: 0.6769
2025-10-08 10:16:51,521 - root - INFO - train average_precision, 0.8000
2025-10-08 10:16:51,521 - root - INFO - train roc_auc, 0.7624
2025-10-08 10:16:51,521 - root - INFO - validate loss: 0.6573
2025-10-08 10:16:51,521 - root - INFO - validate average_precision, 0.9098
2025-10-08 10:16:51,521 - root - INFO - validate roc_auc, 0.8815
2025-10-08 10:16:51,521 - root - INFO - new node validate loss: 0.6714
2025-10-08 10:16:51,521 - root - INFO - new node validate average_precision, 0.7637
2025-10-08 10:16:51,521 - root - INFO - new node validate roc_auc, 0.7469
2025-10-08 10:16:51,525 - root - INFO - save model ./saved_models/TGN/uci/TGN_time2vec_seed1/TGN_time2vec_seed1.pkl
2025-10-08 10:16:51,791 - root - INFO - load model ./saved_models/TGN/uci/TGN_time2vec_seed1/TGN_time2vec_seed1.pkl
2025-10-08 10:16:51,897 - root - INFO - get final performance on dataset uci...
2025-10-08 10:16:51,990 - root - INFO - test loss: 0.6659
2025-10-08 10:16:51,991 - root - INFO - test average_precision, 0.8569
2025-10-08 10:16:51,991 - root - INFO - test roc_auc, 0.8238
2025-10-08 10:16:51,991 - root - INFO - new node test loss: 0.6721
2025-10-08 10:16:51,991 - root - INFO - new node test average_precision, 0.7679
2025-10-08 10:16:51,991 - root - INFO - new node test roc_auc, 0.7338
2025-10-08 10:16:51,998 - root - INFO - ✅ Metrics saved to: ./saved_metrics/TGN/uci/TGN_time2vec_seed1
2025-10-08 10:16:51,999 - root - INFO - Run 2 cost 1.45 seconds.
2025-10-08 10:16:52,001 - root - INFO - metrics over 2 runs:
2025-10-08 10:16:52,001 - root - INFO - test average_precision, [np.float64(0.8230160157850949), np.float64(0.8569032678145666)]
2025-10-08 10:16:52,001 - root - INFO - average test average_precision, 0.8400 ± 0.0240
2025-10-08 10:16:52,001 - root - INFO - test roc_auc, [np.float64(0.7634726138414548), np.float64(0.8238439139941692)]
2025-10-08 10:16:52,001 - root - INFO - average test roc_auc, 0.7937 ± 0.0427
2025-10-08 10:16:52,001 - root - INFO - new node test average_precision, [np.float64(0.7567360615000409), np.float64(0.7678719985770702)]
2025-10-08 10:16:52,002 - root - INFO - average new node test average_precision, 0.7623 ± 0.0079
2025-10-08 10:16:52,002 - root - INFO - new node test roc_auc, [np.float64(0.7127715277777777), np.float64(0.7338270833333334)]
2025-10-08 10:16:52,002 - root - INFO - average new node test roc_auc, 0.7233 ± 0.0149
