2025-10-08 07:35:08,156 - root - INFO - ********** Run 2 starts. **********
2025-10-08 07:35:08,156 - root - INFO - configuration is Namespace(dataset_name='enron', batch_size=200, model_name='TGAT', gpu=0, num_neighbors=20, sample_neighbor_strategy='recent', time_scaling_factor=1e-06, num_walk_heads=8, num_heads=2, num_layers=2, walk_length=1, time_gap=2000, time_feat_dim=100, position_feat_dim=172, time_window_mode='fixed_proportion', time_encoder_type='bochner', expert_dim=128, num_mixtures=16, sort_neighbors_by_time=False, patch_size=1, channel_embedding_dim=50, max_input_sequence_length=32, learning_rate=0.0001, dropout=0.2, gamma=0.5, num_epochs=2, optimizer='Adam', weight_decay=0.0, patience=20, val_ratio=0.15, test_ratio=0.15, num_runs=2, test_interval_epochs=100, negative_sample_strategy='random', max_interaction_times=10, load_best_configs=True, data_ratio=0.05, seed=1, save_model_name_suffix='', ablation_dir='', mamba_d_state=256, mamba_d_conv=4, mamba_expand=2, mamba_headdim=64, resume_from_checkpoint=None, save_checkpoints=True, checkpoint_interval=20, start_from_seed=0, max_checkpoints_to_keep=3, checkpoint_strategy='minimal', validate_checkpoints=True, device='cuda:0', save_model_name='TGAT_bochner_seed1')
2025-10-08 07:35:08,158 - root - INFO - Metrics will be saved to: ./saved_metrics/TGAT/enron/TGAT_bochner_seed1
2025-10-08 07:35:08,158 - root - INFO - time encoder type: bochner
2025-10-08 07:35:08,158 - root - INFO - Time encoder will be injected into TGAT model
2025-10-08 07:35:08,206 - root - INFO - model -> Sequential(
  (0): TGAT(
    (time_encoder): TimeEncoderWrapper(
      (encoder): BochnerTimeEncoder()
    )
    (temporal_conv_layers): ModuleList(
      (0-1): 2 x MultiHeadAttention(
        (query_projection): Linear(in_features=272, out_features=272, bias=False)
        (key_projection): Linear(in_features=444, out_features=272, bias=False)
        (value_projection): Linear(in_features=444, out_features=272, bias=False)
        (layer_norm): LayerNorm((272,), eps=1e-05, elementwise_affine=True)
        (residual_fc): Linear(in_features=272, out_features=272, bias=True)
        (dropout): Dropout(p=0.2, inplace=False)
      )
    )
    (merge_layers): ModuleList(
      (0-1): 2 x MergeLayer(
        (fc1): Linear(in_features=444, out_features=172, bias=True)
        (fc2): Linear(in_features=172, out_features=172, bias=True)
        (act): ReLU()
      )
    )
  )
  (1): MergeLayer(
    (fc1): Linear(in_features=344, out_features=172, bias=True)
    (fc2): Linear(in_features=172, out_features=1, bias=True)
    (act): ReLU()
  )
)
2025-10-08 07:35:08,206 - root - INFO - model name: TGAT, #parameters: 4211380 B, 4112.67578125 KB, 4.016284942626953 MB.
2025-10-08 07:35:11,342 - root - INFO - Epoch: 1, learning rate: 0.0001, train loss: 0.6906
2025-10-08 07:35:11,343 - root - INFO - train average_precision, 0.5816
2025-10-08 07:35:11,343 - root - INFO - train roc_auc, 0.6067
2025-10-08 07:35:11,343 - root - INFO - validate loss: 0.6890
2025-10-08 07:35:11,343 - root - INFO - validate average_precision, 0.5700
2025-10-08 07:35:11,343 - root - INFO - validate roc_auc, 0.5805
2025-10-08 07:35:11,344 - root - INFO - new node validate loss: 0.6984
2025-10-08 07:35:11,344 - root - INFO - new node validate average_precision, 0.4492
2025-10-08 07:35:11,344 - root - INFO - new node validate roc_auc, 0.4166
2025-10-08 07:35:11,353 - root - INFO - save model ./saved_models/TGAT/enron/TGAT_bochner_seed1/TGAT_bochner_seed1.pkl
2025-10-08 07:35:14,398 - root - INFO - Epoch: 2, learning rate: 0.0001, train loss: 0.6499
2025-10-08 07:35:14,399 - root - INFO - train average_precision, 0.6680
2025-10-08 07:35:14,399 - root - INFO - train roc_auc, 0.7261
2025-10-08 07:35:14,399 - root - INFO - validate loss: 0.6813
2025-10-08 07:35:14,399 - root - INFO - validate average_precision, 0.5608
2025-10-08 07:35:14,399 - root - INFO - validate roc_auc, 0.5843
2025-10-08 07:35:14,399 - root - INFO - new node validate loss: 0.7603
2025-10-08 07:35:14,399 - root - INFO - new node validate average_precision, 0.4239
2025-10-08 07:35:14,399 - root - INFO - new node validate roc_auc, 0.3439
2025-10-08 07:35:14,404 - root - INFO - load model ./saved_models/TGAT/enron/TGAT_bochner_seed1/TGAT_bochner_seed1.pkl
2025-10-08 07:35:14,422 - root - INFO - get final performance on dataset enron...
2025-10-08 07:35:15,643 - root - INFO - validate loss: 0.6890
2025-10-08 07:35:15,644 - root - INFO - validate average_precision, 0.5700
2025-10-08 07:35:15,644 - root - INFO - validate roc_auc, 0.5805
2025-10-08 07:35:15,644 - root - INFO - new node validate loss: 0.6984
2025-10-08 07:35:15,644 - root - INFO - new node validate average_precision, 0.4492
2025-10-08 07:35:15,644 - root - INFO - new node validate roc_auc, 0.4166
2025-10-08 07:35:15,644 - root - INFO - test loss: 0.6917
2025-10-08 07:35:15,644 - root - INFO - test average_precision, 0.5616
2025-10-08 07:35:15,644 - root - INFO - test roc_auc, 0.5506
2025-10-08 07:35:15,644 - root - INFO - new node test loss: 0.6924
2025-10-08 07:35:15,644 - root - INFO - new node test average_precision, 0.5122
2025-10-08 07:35:15,644 - root - INFO - new node test roc_auc, 0.5201
2025-10-08 07:35:15,652 - root - INFO - ✅ Metrics saved to: ./saved_metrics/TGAT/enron/TGAT_bochner_seed1
2025-10-08 07:35:15,652 - root - INFO - Run 2 cost 7.50 seconds.
2025-10-08 07:35:15,656 - root - INFO - metrics over 2 runs:
2025-10-08 07:35:15,656 - root - INFO - validate average_precision, [np.float64(0.5676388156276806), np.float64(0.5700005054952282)]
2025-10-08 07:35:15,656 - root - INFO - average validate average_precision, 0.5688 ± 0.0017
2025-10-08 07:35:15,656 - root - INFO - validate roc_auc, [np.float64(0.6036911134067953), np.float64(0.5804582988980717)]
2025-10-08 07:35:15,656 - root - INFO - average validate roc_auc, 0.5921 ± 0.0164
2025-10-08 07:35:15,656 - root - INFO - new node validate average_precision, [np.float64(0.5166086552867539), np.float64(0.4491565552852529)]
2025-10-08 07:35:15,657 - root - INFO - average new node validate average_precision, 0.4829 ± 0.0477
2025-10-08 07:35:15,657 - root - INFO - new node validate roc_auc, [np.float64(0.4578563995837669), np.float64(0.41664932362122786)]
2025-10-08 07:35:15,657 - root - INFO - average new node validate roc_auc, 0.4373 ± 0.0291
2025-10-08 07:35:15,657 - root - INFO - test average_precision, [np.float64(0.5234599934511436), np.float64(0.561620645092991)]
2025-10-08 07:35:15,657 - root - INFO - average test average_precision, 0.5425 ± 0.0270
2025-10-08 07:35:15,657 - root - INFO - test roc_auc, [np.float64(0.5295982620752905), np.float64(0.5505929030919731)]
2025-10-08 07:35:15,657 - root - INFO - average test roc_auc, 0.5401 ± 0.0148
2025-10-08 07:35:15,657 - root - INFO - new node test average_precision, [np.float64(0.5589476636915223), np.float64(0.5121750031158292)]
2025-10-08 07:35:15,657 - root - INFO - average new node test average_precision, 0.5356 ± 0.0331
2025-10-08 07:35:15,657 - root - INFO - new node test roc_auc, [np.float64(0.5627218934911242), np.float64(0.5201183431952663)]
2025-10-08 07:35:15,658 - root - INFO - average new node test roc_auc, 0.5414 ± 0.0301
