2025-10-06 17:11:28,120 - root - INFO - ********** Run 1 starts. **********
2025-10-06 17:11:28,120 - root - INFO - configuration is Namespace(dataset_name='mooc', batch_size=200, model_name='TGAT', gpu=0, num_neighbors=20, sample_neighbor_strategy='recent', time_scaling_factor=1e-06, num_walk_heads=8, num_heads=2, num_layers=2, walk_length=1, time_gap=2000, time_feat_dim=100, position_feat_dim=172, time_window_mode='fixed_proportion', time_encoder_type='lete', expert_dim=128, num_mixtures=16, sort_neighbors_by_time=False, patch_size=1, channel_embedding_dim=50, max_input_sequence_length=32, learning_rate=0.0001, dropout=0.1, gamma=0.5, num_epochs=1000, optimizer='Adam', weight_decay=0.0, patience=20, val_ratio=0.15, test_ratio=0.15, num_runs=1, test_interval_epochs=100, negative_sample_strategy='random', max_interaction_times=10, load_best_configs=True, data_ratio=1.0, seed=0, save_model_name_suffix='', ablation_dir='', mamba_d_state=256, mamba_d_conv=4, mamba_expand=2, mamba_headdim=64, device='cuda:0', save_model_name='TGAT_lete_seed0')
2025-10-06 17:11:28,124 - root - INFO - Metrics will be saved to: ./saved_metrics/TGAT/mooc/TGAT_lete_seed0
2025-10-06 17:11:28,128 - root - INFO - time encoder type: lete
2025-10-06 17:11:28,465 - root - INFO - model -> Sequential(
  (0): TGAT(
    (time_encoder): TimeEncoderWrapper(
      (encoder): LeTE(
        (w1_fourier): Linear(in_features=1, out_features=50, bias=True)
        (w2_fourier): FourierSeries()
        (w1_spline): Linear(in_features=1, out_features=50, bias=True)
        (w2_spline): Spline()
        (layernorm): LayerNorm((100,), eps=1e-05, elementwise_affine=True)
      )
    )
    (temporal_conv_layers): ModuleList(
      (0-1): 2 x MultiHeadAttention(
        (query_projection): Linear(in_features=272, out_features=272, bias=False)
        (key_projection): Linear(in_features=444, out_features=272, bias=False)
        (value_projection): Linear(in_features=444, out_features=272, bias=False)
        (layer_norm): LayerNorm((272,), eps=1e-05, elementwise_affine=True)
        (residual_fc): Linear(in_features=272, out_features=272, bias=True)
        (dropout): Dropout(p=0.1, inplace=False)
      )
    )
    (merge_layers): ModuleList(
      (0-1): 2 x MergeLayer(
        (fc1): Linear(in_features=444, out_features=172, bias=True)
        (fc2): Linear(in_features=172, out_features=172, bias=True)
        (act): ReLU()
      )
    )
  )
  (1): MergeLayer(
    (fc1): Linear(in_features=344, out_features=172, bias=True)
    (fc2): Linear(in_features=172, out_features=1, bias=True)
    (act): ReLU()
  )
)
2025-10-06 17:11:28,465 - root - INFO - model name: TGAT, #parameters: 4216652 B, 4117.82421875 KB, 4.021312713623047 MB.
2025-10-06 17:15:17,891 - root - INFO - Epoch: 1, learning rate: 0.0001, train loss: 0.4273
2025-10-06 17:15:17,892 - root - INFO - train average_precision, 0.7966
2025-10-06 17:15:17,892 - root - INFO - train roc_auc, 0.8453
2025-10-06 17:15:17,892 - root - INFO - validate loss: 0.5734
2025-10-06 17:15:17,892 - root - INFO - validate average_precision, 0.7456
2025-10-06 17:15:17,892 - root - INFO - validate roc_auc, 0.7644
2025-10-06 17:15:17,892 - root - INFO - new node validate loss: 0.6559
2025-10-06 17:15:17,892 - root - INFO - new node validate average_precision, 0.6709
2025-10-06 17:15:17,892 - root - INFO - new node validate roc_auc, 0.6777
2025-10-06 17:15:17,904 - root - INFO - save model ./saved_models/TGAT/mooc/TGAT_lete_seed0/TGAT_lete_seed0.pkl
2025-10-06 17:19:03,269 - root - INFO - Epoch: 2, learning rate: 0.0001, train loss: 0.3799
2025-10-06 17:19:03,270 - root - INFO - train average_precision, 0.8492
2025-10-06 17:19:03,270 - root - INFO - train roc_auc, 0.8814
2025-10-06 17:19:03,270 - root - INFO - validate loss: 0.5230
2025-10-06 17:19:03,270 - root - INFO - validate average_precision, 0.7974
2025-10-06 17:19:03,271 - root - INFO - validate roc_auc, 0.8141
2025-10-06 17:19:03,271 - root - INFO - new node validate loss: 0.5942
2025-10-06 17:19:03,271 - root - INFO - new node validate average_precision, 0.7416
2025-10-06 17:19:03,271 - root - INFO - new node validate roc_auc, 0.7533
2025-10-06 17:19:03,278 - root - INFO - save model ./saved_models/TGAT/mooc/TGAT_lete_seed0/TGAT_lete_seed0.pkl
2025-10-06 17:22:46,565 - root - INFO - Epoch: 3, learning rate: 0.0001, train loss: 0.3595
2025-10-06 17:22:46,566 - root - INFO - train average_precision, 0.8676
2025-10-06 17:22:46,566 - root - INFO - train roc_auc, 0.8957
2025-10-06 17:22:46,566 - root - INFO - validate loss: 0.4896
2025-10-06 17:22:46,566 - root - INFO - validate average_precision, 0.8184
2025-10-06 17:22:46,566 - root - INFO - validate roc_auc, 0.8368
2025-10-06 17:22:46,566 - root - INFO - new node validate loss: 0.5557
2025-10-06 17:22:46,566 - root - INFO - new node validate average_precision, 0.7700
2025-10-06 17:22:46,566 - root - INFO - new node validate roc_auc, 0.7843
2025-10-06 17:22:46,573 - root - INFO - save model ./saved_models/TGAT/mooc/TGAT_lete_seed0/TGAT_lete_seed0.pkl
2025-10-06 17:26:31,339 - root - INFO - Epoch: 4, learning rate: 0.0001, train loss: 0.3482
2025-10-06 17:26:31,340 - root - INFO - train average_precision, 0.8772
2025-10-06 17:26:31,340 - root - INFO - train roc_auc, 0.9021
2025-10-06 17:26:31,340 - root - INFO - validate loss: 0.4791
2025-10-06 17:26:31,340 - root - INFO - validate average_precision, 0.8256
2025-10-06 17:26:31,340 - root - INFO - validate roc_auc, 0.8443
2025-10-06 17:26:31,340 - root - INFO - new node validate loss: 0.5436
2025-10-06 17:26:31,340 - root - INFO - new node validate average_precision, 0.7843
2025-10-06 17:26:31,341 - root - INFO - new node validate roc_auc, 0.7981
2025-10-06 17:26:31,348 - root - INFO - save model ./saved_models/TGAT/mooc/TGAT_lete_seed0/TGAT_lete_seed0.pkl
2025-10-06 17:30:14,797 - root - INFO - Epoch: 5, learning rate: 0.0001, train loss: 0.3414
2025-10-06 17:30:14,797 - root - INFO - train average_precision, 0.8826
2025-10-06 17:30:14,797 - root - INFO - train roc_auc, 0.9062
2025-10-06 17:30:14,797 - root - INFO - validate loss: 0.4777
2025-10-06 17:30:14,798 - root - INFO - validate average_precision, 0.8271
2025-10-06 17:30:14,798 - root - INFO - validate roc_auc, 0.8458
2025-10-06 17:30:14,798 - root - INFO - new node validate loss: 0.5472
2025-10-06 17:30:14,798 - root - INFO - new node validate average_precision, 0.7835
2025-10-06 17:30:14,798 - root - INFO - new node validate roc_auc, 0.7985
2025-10-06 17:30:14,804 - root - INFO - save model ./saved_models/TGAT/mooc/TGAT_lete_seed0/TGAT_lete_seed0.pkl
2025-10-06 17:33:59,326 - root - INFO - Epoch: 6, learning rate: 0.0001, train loss: 0.3358
2025-10-06 17:33:59,327 - root - INFO - train average_precision, 0.8873
2025-10-06 17:33:59,327 - root - INFO - train roc_auc, 0.9096
2025-10-06 17:33:59,327 - root - INFO - validate loss: 0.4829
2025-10-06 17:33:59,327 - root - INFO - validate average_precision, 0.8252
2025-10-06 17:33:59,327 - root - INFO - validate roc_auc, 0.8443
2025-10-06 17:33:59,328 - root - INFO - new node validate loss: 0.5394
2025-10-06 17:33:59,328 - root - INFO - new node validate average_precision, 0.7877
2025-10-06 17:33:59,328 - root - INFO - new node validate roc_auc, 0.8063
2025-10-06 17:37:41,614 - root - INFO - Epoch: 7, learning rate: 0.0001, train loss: 0.3299
2025-10-06 17:37:41,614 - root - INFO - train average_precision, 0.8917
2025-10-06 17:37:41,615 - root - INFO - train roc_auc, 0.9129
2025-10-06 17:37:41,615 - root - INFO - validate loss: 0.4661
2025-10-06 17:37:41,615 - root - INFO - validate average_precision, 0.8331
2025-10-06 17:37:41,615 - root - INFO - validate roc_auc, 0.8547
2025-10-06 17:37:41,615 - root - INFO - new node validate loss: 0.5264
2025-10-06 17:37:41,615 - root - INFO - new node validate average_precision, 0.7971
2025-10-06 17:37:41,615 - root - INFO - new node validate roc_auc, 0.8176
2025-10-06 17:37:41,621 - root - INFO - save model ./saved_models/TGAT/mooc/TGAT_lete_seed0/TGAT_lete_seed0.pkl
2025-10-06 17:41:24,271 - root - INFO - Epoch: 8, learning rate: 0.0001, train loss: 0.3268
2025-10-06 17:41:24,272 - root - INFO - train average_precision, 0.8949
2025-10-06 17:41:24,272 - root - INFO - train roc_auc, 0.9154
2025-10-06 17:41:24,272 - root - INFO - validate loss: 0.4540
2025-10-06 17:41:24,272 - root - INFO - validate average_precision, 0.8410
2025-10-06 17:41:24,272 - root - INFO - validate roc_auc, 0.8616
2025-10-06 17:41:24,272 - root - INFO - new node validate loss: 0.5143
2025-10-06 17:41:24,272 - root - INFO - new node validate average_precision, 0.8061
2025-10-06 17:41:24,272 - root - INFO - new node validate roc_auc, 0.8249
2025-10-06 17:41:24,279 - root - INFO - save model ./saved_models/TGAT/mooc/TGAT_lete_seed0/TGAT_lete_seed0.pkl
2025-10-06 17:45:07,993 - root - INFO - Epoch: 9, learning rate: 0.0001, train loss: 0.3224
2025-10-06 17:45:07,994 - root - INFO - train average_precision, 0.8982
2025-10-06 17:45:07,994 - root - INFO - train roc_auc, 0.9182
2025-10-06 17:45:07,994 - root - INFO - validate loss: 0.4469
2025-10-06 17:45:07,994 - root - INFO - validate average_precision, 0.8460
2025-10-06 17:45:07,994 - root - INFO - validate roc_auc, 0.8658
2025-10-06 17:45:07,995 - root - INFO - new node validate loss: 0.5034
2025-10-06 17:45:07,995 - root - INFO - new node validate average_precision, 0.8127
2025-10-06 17:45:07,995 - root - INFO - new node validate roc_auc, 0.8301
2025-10-06 17:45:08,001 - root - INFO - save model ./saved_models/TGAT/mooc/TGAT_lete_seed0/TGAT_lete_seed0.pkl
2025-10-06 17:48:50,809 - root - INFO - Epoch: 10, learning rate: 0.0001, train loss: 0.3214
2025-10-06 17:48:50,810 - root - INFO - train average_precision, 0.8999
2025-10-06 17:48:50,810 - root - INFO - train roc_auc, 0.9189
2025-10-06 17:48:50,810 - root - INFO - validate loss: 0.4662
2025-10-06 17:48:50,810 - root - INFO - validate average_precision, 0.8391
2025-10-06 17:48:50,810 - root - INFO - validate roc_auc, 0.8560
2025-10-06 17:48:50,810 - root - INFO - new node validate loss: 0.5160
2025-10-06 17:48:50,810 - root - INFO - new node validate average_precision, 0.8056
2025-10-06 17:48:50,810 - root - INFO - new node validate roc_auc, 0.8241
2025-10-06 17:52:33,076 - root - INFO - Epoch: 11, learning rate: 0.0001, train loss: 0.3175
2025-10-06 17:52:33,077 - root - INFO - train average_precision, 0.9025
2025-10-06 17:52:33,077 - root - INFO - train roc_auc, 0.9211
2025-10-06 17:52:33,077 - root - INFO - validate loss: 0.4481
2025-10-06 17:52:33,077 - root - INFO - validate average_precision, 0.8466
2025-10-06 17:52:33,077 - root - INFO - validate roc_auc, 0.8660
2025-10-06 17:52:33,077 - root - INFO - new node validate loss: 0.5071
2025-10-06 17:52:33,078 - root - INFO - new node validate average_precision, 0.8088
2025-10-06 17:52:33,078 - root - INFO - new node validate roc_auc, 0.8282
2025-10-06 17:52:33,084 - root - INFO - save model ./saved_models/TGAT/mooc/TGAT_lete_seed0/TGAT_lete_seed0.pkl
2025-10-06 17:56:15,726 - root - INFO - Epoch: 12, learning rate: 0.0001, train loss: 0.3150
2025-10-06 17:56:15,727 - root - INFO - train average_precision, 0.9035
2025-10-06 17:56:15,727 - root - INFO - train roc_auc, 0.9223
2025-10-06 17:56:15,727 - root - INFO - validate loss: 0.4524
2025-10-06 17:56:15,727 - root - INFO - validate average_precision, 0.8439
2025-10-06 17:56:15,728 - root - INFO - validate roc_auc, 0.8630
2025-10-06 17:56:15,728 - root - INFO - new node validate loss: 0.5156
2025-10-06 17:56:15,728 - root - INFO - new node validate average_precision, 0.8088
2025-10-06 17:56:15,728 - root - INFO - new node validate roc_auc, 0.8252
2025-10-06 17:59:58,583 - root - INFO - Epoch: 13, learning rate: 0.0001, train loss: 0.3129
2025-10-06 17:59:58,583 - root - INFO - train average_precision, 0.9053
2025-10-06 17:59:58,583 - root - INFO - train roc_auc, 0.9238
2025-10-06 17:59:58,583 - root - INFO - validate loss: 0.4522
2025-10-06 17:59:58,584 - root - INFO - validate average_precision, 0.8429
2025-10-06 17:59:58,584 - root - INFO - validate roc_auc, 0.8629
2025-10-06 17:59:58,584 - root - INFO - new node validate loss: 0.5087
2025-10-06 17:59:58,584 - root - INFO - new node validate average_precision, 0.8098
2025-10-06 17:59:58,584 - root - INFO - new node validate roc_auc, 0.8280
2025-10-06 18:03:41,041 - root - INFO - Epoch: 14, learning rate: 0.0001, train loss: 0.3115
2025-10-06 18:03:41,042 - root - INFO - train average_precision, 0.9066
2025-10-06 18:03:41,042 - root - INFO - train roc_auc, 0.9246
2025-10-06 18:03:41,042 - root - INFO - validate loss: 0.4422
2025-10-06 18:03:41,042 - root - INFO - validate average_precision, 0.8491
2025-10-06 18:03:41,042 - root - INFO - validate roc_auc, 0.8689
2025-10-06 18:03:41,042 - root - INFO - new node validate loss: 0.4996
2025-10-06 18:03:41,042 - root - INFO - new node validate average_precision, 0.8184
2025-10-06 18:03:41,042 - root - INFO - new node validate roc_auc, 0.8364
2025-10-06 18:03:41,048 - root - INFO - save model ./saved_models/TGAT/mooc/TGAT_lete_seed0/TGAT_lete_seed0.pkl
2025-10-06 18:07:23,900 - root - INFO - Epoch: 15, learning rate: 0.0001, train loss: 0.3106
2025-10-06 18:07:23,900 - root - INFO - train average_precision, 0.9070
2025-10-06 18:07:23,900 - root - INFO - train roc_auc, 0.9251
2025-10-06 18:07:23,900 - root - INFO - validate loss: 0.4423
2025-10-06 18:07:23,901 - root - INFO - validate average_precision, 0.8468
2025-10-06 18:07:23,901 - root - INFO - validate roc_auc, 0.8679
2025-10-06 18:07:23,901 - root - INFO - new node validate loss: 0.4981
2025-10-06 18:07:23,901 - root - INFO - new node validate average_precision, 0.8161
2025-10-06 18:07:23,901 - root - INFO - new node validate roc_auc, 0.8342
2025-10-06 18:11:06,239 - root - INFO - Epoch: 16, learning rate: 0.0001, train loss: 0.3088
2025-10-06 18:11:06,239 - root - INFO - train average_precision, 0.9081
2025-10-06 18:11:06,239 - root - INFO - train roc_auc, 0.9261
2025-10-06 18:11:06,239 - root - INFO - validate loss: 0.4369
2025-10-06 18:11:06,240 - root - INFO - validate average_precision, 0.8532
2025-10-06 18:11:06,240 - root - INFO - validate roc_auc, 0.8724
2025-10-06 18:11:06,240 - root - INFO - new node validate loss: 0.4925
2025-10-06 18:11:06,240 - root - INFO - new node validate average_precision, 0.8244
2025-10-06 18:11:06,240 - root - INFO - new node validate roc_auc, 0.8411
2025-10-06 18:11:06,246 - root - INFO - save model ./saved_models/TGAT/mooc/TGAT_lete_seed0/TGAT_lete_seed0.pkl
2025-10-06 18:14:48,709 - root - INFO - Epoch: 17, learning rate: 0.0001, train loss: 0.3045
2025-10-06 18:14:48,710 - root - INFO - train average_precision, 0.9115
2025-10-06 18:14:48,710 - root - INFO - train roc_auc, 0.9285
2025-10-06 18:14:48,710 - root - INFO - validate loss: 0.4446
2025-10-06 18:14:48,710 - root - INFO - validate average_precision, 0.8498
2025-10-06 18:14:48,710 - root - INFO - validate roc_auc, 0.8706
2025-10-06 18:14:48,711 - root - INFO - new node validate loss: 0.5051
2025-10-06 18:14:48,711 - root - INFO - new node validate average_precision, 0.8160
2025-10-06 18:14:48,711 - root - INFO - new node validate roc_auc, 0.8370
2025-10-06 18:18:30,998 - root - INFO - Epoch: 18, learning rate: 0.0001, train loss: 0.3038
2025-10-06 18:18:30,998 - root - INFO - train average_precision, 0.9117
2025-10-06 18:18:30,999 - root - INFO - train roc_auc, 0.9289
2025-10-06 18:18:30,999 - root - INFO - validate loss: 0.4333
2025-10-06 18:18:30,999 - root - INFO - validate average_precision, 0.8551
2025-10-06 18:18:30,999 - root - INFO - validate roc_auc, 0.8747
2025-10-06 18:18:30,999 - root - INFO - new node validate loss: 0.4910
2025-10-06 18:18:30,999 - root - INFO - new node validate average_precision, 0.8231
2025-10-06 18:18:30,999 - root - INFO - new node validate roc_auc, 0.8411
2025-10-06 18:18:31,007 - root - INFO - save model ./saved_models/TGAT/mooc/TGAT_lete_seed0/TGAT_lete_seed0.pkl
2025-10-06 18:22:15,705 - root - INFO - Epoch: 19, learning rate: 0.0001, train loss: 0.3015
2025-10-06 18:22:15,706 - root - INFO - train average_precision, 0.9128
2025-10-06 18:22:15,706 - root - INFO - train roc_auc, 0.9299
2025-10-06 18:22:15,706 - root - INFO - validate loss: 0.4320
2025-10-06 18:22:15,706 - root - INFO - validate average_precision, 0.8556
2025-10-06 18:22:15,706 - root - INFO - validate roc_auc, 0.8752
2025-10-06 18:22:15,706 - root - INFO - new node validate loss: 0.4905
2025-10-06 18:22:15,707 - root - INFO - new node validate average_precision, 0.8255
2025-10-06 18:22:15,707 - root - INFO - new node validate roc_auc, 0.8420
2025-10-06 18:22:15,714 - root - INFO - save model ./saved_models/TGAT/mooc/TGAT_lete_seed0/TGAT_lete_seed0.pkl
2025-10-06 18:26:00,321 - root - INFO - Epoch: 20, learning rate: 0.0001, train loss: 0.3012
2025-10-06 18:26:00,322 - root - INFO - train average_precision, 0.9137
2025-10-06 18:26:00,322 - root - INFO - train roc_auc, 0.9304
2025-10-06 18:26:00,322 - root - INFO - validate loss: 0.4262
2025-10-06 18:26:00,322 - root - INFO - validate average_precision, 0.8599
2025-10-06 18:26:00,322 - root - INFO - validate roc_auc, 0.8783
2025-10-06 18:26:00,322 - root - INFO - new node validate loss: 0.4810
2025-10-06 18:26:00,322 - root - INFO - new node validate average_precision, 0.8313
2025-10-06 18:26:00,323 - root - INFO - new node validate roc_auc, 0.8470
2025-10-06 18:26:00,328 - root - INFO - save model ./saved_models/TGAT/mooc/TGAT_lete_seed0/TGAT_lete_seed0.pkl
2025-10-06 18:29:42,805 - root - INFO - Epoch: 21, learning rate: 0.0001, train loss: 0.2994
2025-10-06 18:29:42,806 - root - INFO - train average_precision, 0.9145
2025-10-06 18:29:42,806 - root - INFO - train roc_auc, 0.9313
2025-10-06 18:29:42,806 - root - INFO - validate loss: 0.4253
2025-10-06 18:29:42,806 - root - INFO - validate average_precision, 0.8609
2025-10-06 18:29:42,806 - root - INFO - validate roc_auc, 0.8797
2025-10-06 18:29:42,806 - root - INFO - new node validate loss: 0.4795
2025-10-06 18:29:42,806 - root - INFO - new node validate average_precision, 0.8314
2025-10-06 18:29:42,806 - root - INFO - new node validate roc_auc, 0.8487
2025-10-06 18:29:42,812 - root - INFO - save model ./saved_models/TGAT/mooc/TGAT_lete_seed0/TGAT_lete_seed0.pkl
2025-10-06 18:33:25,296 - root - INFO - Epoch: 22, learning rate: 0.0001, train loss: 0.2980
2025-10-06 18:33:25,297 - root - INFO - train average_precision, 0.9159
2025-10-06 18:33:25,297 - root - INFO - train roc_auc, 0.9318
2025-10-06 18:33:25,297 - root - INFO - validate loss: 0.4227
2025-10-06 18:33:25,297 - root - INFO - validate average_precision, 0.8631
2025-10-06 18:33:25,297 - root - INFO - validate roc_auc, 0.8813
2025-10-06 18:33:25,297 - root - INFO - new node validate loss: 0.4787
2025-10-06 18:33:25,297 - root - INFO - new node validate average_precision, 0.8323
2025-10-06 18:33:25,297 - root - INFO - new node validate roc_auc, 0.8500
2025-10-06 18:33:25,308 - root - INFO - save model ./saved_models/TGAT/mooc/TGAT_lete_seed0/TGAT_lete_seed0.pkl
2025-10-06 18:37:07,707 - root - INFO - Epoch: 23, learning rate: 0.0001, train loss: 0.2969
2025-10-06 18:37:07,708 - root - INFO - train average_precision, 0.9158
2025-10-06 18:37:07,708 - root - INFO - train roc_auc, 0.9323
2025-10-06 18:37:07,708 - root - INFO - validate loss: 0.4253
2025-10-06 18:37:07,708 - root - INFO - validate average_precision, 0.8616
2025-10-06 18:37:07,708 - root - INFO - validate roc_auc, 0.8803
2025-10-06 18:37:07,708 - root - INFO - new node validate loss: 0.4825
2025-10-06 18:37:07,708 - root - INFO - new node validate average_precision, 0.8332
2025-10-06 18:37:07,709 - root - INFO - new node validate roc_auc, 0.8503
2025-10-06 18:40:50,817 - root - INFO - Epoch: 24, learning rate: 0.0001, train loss: 0.2967
2025-10-06 18:40:50,818 - root - INFO - train average_precision, 0.9160
2025-10-06 18:40:50,818 - root - INFO - train roc_auc, 0.9326
2025-10-06 18:40:50,818 - root - INFO - validate loss: 0.4166
2025-10-06 18:40:50,818 - root - INFO - validate average_precision, 0.8664
2025-10-06 18:40:50,819 - root - INFO - validate roc_auc, 0.8849
2025-10-06 18:40:50,819 - root - INFO - new node validate loss: 0.4709
2025-10-06 18:40:50,819 - root - INFO - new node validate average_precision, 0.8401
2025-10-06 18:40:50,819 - root - INFO - new node validate roc_auc, 0.8561
2025-10-06 18:40:50,826 - root - INFO - save model ./saved_models/TGAT/mooc/TGAT_lete_seed0/TGAT_lete_seed0.pkl
2025-10-06 18:44:35,855 - root - INFO - Epoch: 25, learning rate: 0.0001, train loss: 0.2945
2025-10-06 18:44:35,855 - root - INFO - train average_precision, 0.9180
2025-10-06 18:44:35,855 - root - INFO - train roc_auc, 0.9337
2025-10-06 18:44:35,856 - root - INFO - validate loss: 0.4165
2025-10-06 18:44:35,856 - root - INFO - validate average_precision, 0.8663
2025-10-06 18:44:35,856 - root - INFO - validate roc_auc, 0.8850
2025-10-06 18:44:35,856 - root - INFO - new node validate loss: 0.4750
2025-10-06 18:44:35,856 - root - INFO - new node validate average_precision, 0.8369
2025-10-06 18:44:35,856 - root - INFO - new node validate roc_auc, 0.8534
2025-10-06 18:48:19,235 - root - INFO - Epoch: 26, learning rate: 0.0001, train loss: 0.2946
2025-10-06 18:48:19,236 - root - INFO - train average_precision, 0.9174
2025-10-06 18:48:19,236 - root - INFO - train roc_auc, 0.9337
2025-10-06 18:48:19,236 - root - INFO - validate loss: 0.4217
2025-10-06 18:48:19,236 - root - INFO - validate average_precision, 0.8637
2025-10-06 18:48:19,236 - root - INFO - validate roc_auc, 0.8824
2025-10-06 18:48:19,236 - root - INFO - new node validate loss: 0.4760
2025-10-06 18:48:19,236 - root - INFO - new node validate average_precision, 0.8361
2025-10-06 18:48:19,236 - root - INFO - new node validate roc_auc, 0.8528
2025-10-06 18:52:02,663 - root - INFO - Epoch: 27, learning rate: 0.0001, train loss: 0.2935
2025-10-06 18:52:02,663 - root - INFO - train average_precision, 0.9180
2025-10-06 18:52:02,663 - root - INFO - train roc_auc, 0.9340
2025-10-06 18:52:02,664 - root - INFO - validate loss: 0.4172
2025-10-06 18:52:02,664 - root - INFO - validate average_precision, 0.8671
2025-10-06 18:52:02,664 - root - INFO - validate roc_auc, 0.8854
2025-10-06 18:52:02,664 - root - INFO - new node validate loss: 0.4725
2025-10-06 18:52:02,664 - root - INFO - new node validate average_precision, 0.8400
2025-10-06 18:52:02,664 - root - INFO - new node validate roc_auc, 0.8567
2025-10-06 18:52:02,671 - root - INFO - save model ./saved_models/TGAT/mooc/TGAT_lete_seed0/TGAT_lete_seed0.pkl
2025-10-06 18:55:44,711 - root - INFO - Epoch: 28, learning rate: 0.0001, train loss: 0.2923
2025-10-06 18:55:44,712 - root - INFO - train average_precision, 0.9190
2025-10-06 18:55:44,712 - root - INFO - train roc_auc, 0.9348
2025-10-06 18:55:44,712 - root - INFO - validate loss: 0.4166
2025-10-06 18:55:44,712 - root - INFO - validate average_precision, 0.8668
2025-10-06 18:55:44,713 - root - INFO - validate roc_auc, 0.8851
2025-10-06 18:55:44,713 - root - INFO - new node validate loss: 0.4720
2025-10-06 18:55:44,713 - root - INFO - new node validate average_precision, 0.8389
2025-10-06 18:55:44,713 - root - INFO - new node validate roc_auc, 0.8557
2025-10-06 18:59:26,882 - root - INFO - Epoch: 29, learning rate: 0.0001, train loss: 0.2912
2025-10-06 18:59:26,883 - root - INFO - train average_precision, 0.9190
2025-10-06 18:59:26,883 - root - INFO - train roc_auc, 0.9352
2025-10-06 18:59:26,883 - root - INFO - validate loss: 0.4190
2025-10-06 18:59:26,883 - root - INFO - validate average_precision, 0.8671
2025-10-06 18:59:26,883 - root - INFO - validate roc_auc, 0.8847
2025-10-06 18:59:26,883 - root - INFO - new node validate loss: 0.4741
2025-10-06 18:59:26,883 - root - INFO - new node validate average_precision, 0.8415
2025-10-06 18:59:26,884 - root - INFO - new node validate roc_auc, 0.8558
2025-10-06 19:03:09,349 - root - INFO - Epoch: 30, learning rate: 0.0001, train loss: 0.2919
2025-10-06 19:03:09,350 - root - INFO - train average_precision, 0.9191
2025-10-06 19:03:09,350 - root - INFO - train roc_auc, 0.9349
2025-10-06 19:03:09,350 - root - INFO - validate loss: 0.4167
2025-10-06 19:03:09,350 - root - INFO - validate average_precision, 0.8690
2025-10-06 19:03:09,350 - root - INFO - validate roc_auc, 0.8869
2025-10-06 19:03:09,350 - root - INFO - new node validate loss: 0.4750
2025-10-06 19:03:09,350 - root - INFO - new node validate average_precision, 0.8422
2025-10-06 19:03:09,351 - root - INFO - new node validate roc_auc, 0.8579
2025-10-06 19:03:09,358 - root - INFO - save model ./saved_models/TGAT/mooc/TGAT_lete_seed0/TGAT_lete_seed0.pkl
2025-10-06 19:06:51,431 - root - INFO - Epoch: 31, learning rate: 0.0001, train loss: 0.2910
2025-10-06 19:06:51,432 - root - INFO - train average_precision, 0.9197
2025-10-06 19:06:51,432 - root - INFO - train roc_auc, 0.9355
2025-10-06 19:06:51,433 - root - INFO - validate loss: 0.4133
2025-10-06 19:06:51,433 - root - INFO - validate average_precision, 0.8685
2025-10-06 19:06:51,433 - root - INFO - validate roc_auc, 0.8870
2025-10-06 19:06:51,433 - root - INFO - new node validate loss: 0.4708
2025-10-06 19:06:51,433 - root - INFO - new node validate average_precision, 0.8391
2025-10-06 19:06:51,433 - root - INFO - new node validate roc_auc, 0.8565
2025-10-06 19:10:34,946 - root - INFO - Epoch: 32, learning rate: 0.0001, train loss: 0.2899
2025-10-06 19:10:34,947 - root - INFO - train average_precision, 0.9200
2025-10-06 19:10:34,947 - root - INFO - train roc_auc, 0.9359
2025-10-06 19:10:34,947 - root - INFO - validate loss: 0.4134
2025-10-06 19:10:34,947 - root - INFO - validate average_precision, 0.8679
2025-10-06 19:10:34,947 - root - INFO - validate roc_auc, 0.8871
2025-10-06 19:10:34,947 - root - INFO - new node validate loss: 0.4722
2025-10-06 19:10:34,947 - root - INFO - new node validate average_precision, 0.8387
2025-10-06 19:10:34,947 - root - INFO - new node validate roc_auc, 0.8559
2025-10-06 19:14:17,557 - root - INFO - Epoch: 33, learning rate: 0.0001, train loss: 0.2896
2025-10-06 19:14:17,558 - root - INFO - train average_precision, 0.9202
2025-10-06 19:14:17,558 - root - INFO - train roc_auc, 0.9360
2025-10-06 19:14:17,558 - root - INFO - validate loss: 0.4096
2025-10-06 19:14:17,558 - root - INFO - validate average_precision, 0.8704
2025-10-06 19:14:17,558 - root - INFO - validate roc_auc, 0.8891
2025-10-06 19:14:17,558 - root - INFO - new node validate loss: 0.4647
2025-10-06 19:14:17,558 - root - INFO - new node validate average_precision, 0.8425
2025-10-06 19:14:17,558 - root - INFO - new node validate roc_auc, 0.8603
2025-10-06 19:14:17,565 - root - INFO - save model ./saved_models/TGAT/mooc/TGAT_lete_seed0/TGAT_lete_seed0.pkl
2025-10-06 19:18:03,251 - root - INFO - Epoch: 34, learning rate: 0.0001, train loss: 0.2883
2025-10-06 19:18:03,251 - root - INFO - train average_precision, 0.9207
2025-10-06 19:18:03,252 - root - INFO - train roc_auc, 0.9366
2025-10-06 19:18:03,252 - root - INFO - validate loss: 0.4149
2025-10-06 19:18:03,252 - root - INFO - validate average_precision, 0.8687
2025-10-06 19:18:03,252 - root - INFO - validate roc_auc, 0.8869
2025-10-06 19:18:03,252 - root - INFO - new node validate loss: 0.4694
2025-10-06 19:18:03,252 - root - INFO - new node validate average_precision, 0.8429
2025-10-06 19:18:03,252 - root - INFO - new node validate roc_auc, 0.8592
2025-10-06 19:21:46,658 - root - INFO - Epoch: 35, learning rate: 0.0001, train loss: 0.2878
2025-10-06 19:21:46,659 - root - INFO - train average_precision, 0.9214
2025-10-06 19:21:46,659 - root - INFO - train roc_auc, 0.9372
2025-10-06 19:21:46,659 - root - INFO - validate loss: 0.4095
2025-10-06 19:21:46,659 - root - INFO - validate average_precision, 0.8714
2025-10-06 19:21:46,659 - root - INFO - validate roc_auc, 0.8892
2025-10-06 19:21:46,659 - root - INFO - new node validate loss: 0.4649
2025-10-06 19:21:46,659 - root - INFO - new node validate average_precision, 0.8440
2025-10-06 19:21:46,659 - root - INFO - new node validate roc_auc, 0.8601
2025-10-06 19:21:46,666 - root - INFO - save model ./saved_models/TGAT/mooc/TGAT_lete_seed0/TGAT_lete_seed0.pkl
2025-10-06 19:25:30,036 - root - INFO - Epoch: 36, learning rate: 0.0001, train loss: 0.2878
2025-10-06 19:25:30,037 - root - INFO - train average_precision, 0.9215
2025-10-06 19:25:30,037 - root - INFO - train roc_auc, 0.9372
2025-10-06 19:25:30,037 - root - INFO - validate loss: 0.4101
2025-10-06 19:25:30,037 - root - INFO - validate average_precision, 0.8727
2025-10-06 19:25:30,038 - root - INFO - validate roc_auc, 0.8899
2025-10-06 19:25:30,038 - root - INFO - new node validate loss: 0.4646
2025-10-06 19:25:30,038 - root - INFO - new node validate average_precision, 0.8468
2025-10-06 19:25:30,038 - root - INFO - new node validate roc_auc, 0.8624
2025-10-06 19:25:30,046 - root - INFO - save model ./saved_models/TGAT/mooc/TGAT_lete_seed0/TGAT_lete_seed0.pkl
2025-10-06 19:29:13,643 - root - INFO - Epoch: 37, learning rate: 0.0001, train loss: 0.2862
2025-10-06 19:29:13,644 - root - INFO - train average_precision, 0.9225
2025-10-06 19:29:13,644 - root - INFO - train roc_auc, 0.9376
2025-10-06 19:29:13,644 - root - INFO - validate loss: 0.4093
2025-10-06 19:29:13,644 - root - INFO - validate average_precision, 0.8715
2025-10-06 19:29:13,644 - root - INFO - validate roc_auc, 0.8896
2025-10-06 19:29:13,644 - root - INFO - new node validate loss: 0.4620
2025-10-06 19:29:13,644 - root - INFO - new node validate average_precision, 0.8443
2025-10-06 19:29:13,644 - root - INFO - new node validate roc_auc, 0.8620
2025-10-06 19:32:57,617 - root - INFO - Epoch: 38, learning rate: 0.0001, train loss: 0.2875
2025-10-06 19:32:57,618 - root - INFO - train average_precision, 0.9217
2025-10-06 19:32:57,618 - root - INFO - train roc_auc, 0.9373
2025-10-06 19:32:57,618 - root - INFO - validate loss: 0.4049
2025-10-06 19:32:57,618 - root - INFO - validate average_precision, 0.8740
2025-10-06 19:32:57,619 - root - INFO - validate roc_auc, 0.8914
2025-10-06 19:32:57,619 - root - INFO - new node validate loss: 0.4547
2025-10-06 19:32:57,619 - root - INFO - new node validate average_precision, 0.8508
2025-10-06 19:32:57,619 - root - INFO - new node validate roc_auc, 0.8659
2025-10-06 19:32:57,626 - root - INFO - save model ./saved_models/TGAT/mooc/TGAT_lete_seed0/TGAT_lete_seed0.pkl
2025-10-06 19:36:41,046 - root - INFO - Epoch: 39, learning rate: 0.0001, train loss: 0.2851
2025-10-06 19:36:41,047 - root - INFO - train average_precision, 0.9230
2025-10-06 19:36:41,047 - root - INFO - train roc_auc, 0.9381
2025-10-06 19:36:41,047 - root - INFO - validate loss: 0.4063
2025-10-06 19:36:41,048 - root - INFO - validate average_precision, 0.8715
2025-10-06 19:36:41,048 - root - INFO - validate roc_auc, 0.8904
2025-10-06 19:36:41,048 - root - INFO - new node validate loss: 0.4601
2025-10-06 19:36:41,048 - root - INFO - new node validate average_precision, 0.8445
2025-10-06 19:36:41,048 - root - INFO - new node validate roc_auc, 0.8624
2025-10-06 19:40:26,282 - root - INFO - Epoch: 40, learning rate: 0.0001, train loss: 0.2851
2025-10-06 19:40:26,283 - root - INFO - train average_precision, 0.9222
2025-10-06 19:40:26,283 - root - INFO - train roc_auc, 0.9381
2025-10-06 19:40:26,283 - root - INFO - validate loss: 0.4032
2025-10-06 19:40:26,283 - root - INFO - validate average_precision, 0.8752
2025-10-06 19:40:26,283 - root - INFO - validate roc_auc, 0.8927
2025-10-06 19:40:26,283 - root - INFO - new node validate loss: 0.4543
2025-10-06 19:40:26,283 - root - INFO - new node validate average_precision, 0.8499
2025-10-06 19:40:26,283 - root - INFO - new node validate roc_auc, 0.8659
2025-10-06 19:40:26,290 - root - INFO - save model ./saved_models/TGAT/mooc/TGAT_lete_seed0/TGAT_lete_seed0.pkl
2025-10-06 19:44:10,037 - root - INFO - Epoch: 41, learning rate: 0.0001, train loss: 0.2854
2025-10-06 19:44:10,037 - root - INFO - train average_precision, 0.9229
2025-10-06 19:44:10,037 - root - INFO - train roc_auc, 0.9382
2025-10-06 19:44:10,038 - root - INFO - validate loss: 0.4047
2025-10-06 19:44:10,038 - root - INFO - validate average_precision, 0.8744
2025-10-06 19:44:10,038 - root - INFO - validate roc_auc, 0.8917
2025-10-06 19:44:10,038 - root - INFO - new node validate loss: 0.4571
2025-10-06 19:44:10,038 - root - INFO - new node validate average_precision, 0.8488
2025-10-06 19:44:10,038 - root - INFO - new node validate roc_auc, 0.8643
2025-10-06 19:47:52,463 - root - INFO - Epoch: 42, learning rate: 0.0001, train loss: 0.2838
2025-10-06 19:47:52,464 - root - INFO - train average_precision, 0.9238
2025-10-06 19:47:52,464 - root - INFO - train roc_auc, 0.9389
2025-10-06 19:47:52,464 - root - INFO - validate loss: 0.4020
2025-10-06 19:47:52,464 - root - INFO - validate average_precision, 0.8760
2025-10-06 19:47:52,464 - root - INFO - validate roc_auc, 0.8934
2025-10-06 19:47:52,464 - root - INFO - new node validate loss: 0.4558
2025-10-06 19:47:52,464 - root - INFO - new node validate average_precision, 0.8493
2025-10-06 19:47:52,464 - root - INFO - new node validate roc_auc, 0.8661
2025-10-06 19:47:52,471 - root - INFO - save model ./saved_models/TGAT/mooc/TGAT_lete_seed0/TGAT_lete_seed0.pkl
2025-10-06 19:51:34,925 - root - INFO - Epoch: 43, learning rate: 0.0001, train loss: 0.2834
2025-10-06 19:51:34,926 - root - INFO - train average_precision, 0.9240
2025-10-06 19:51:34,926 - root - INFO - train roc_auc, 0.9388
2025-10-06 19:51:34,926 - root - INFO - validate loss: 0.4085
2025-10-06 19:51:34,926 - root - INFO - validate average_precision, 0.8743
2025-10-06 19:51:34,926 - root - INFO - validate roc_auc, 0.8910
2025-10-06 19:51:34,926 - root - INFO - new node validate loss: 0.4588
2025-10-06 19:51:34,926 - root - INFO - new node validate average_precision, 0.8482
2025-10-06 19:51:34,926 - root - INFO - new node validate roc_auc, 0.8642
2025-10-06 19:55:17,247 - root - INFO - Epoch: 44, learning rate: 0.0001, train loss: 0.2834
2025-10-06 19:55:17,248 - root - INFO - train average_precision, 0.9235
2025-10-06 19:55:17,248 - root - INFO - train roc_auc, 0.9388
2025-10-06 19:55:17,248 - root - INFO - validate loss: 0.3957
2025-10-06 19:55:17,248 - root - INFO - validate average_precision, 0.8794
2025-10-06 19:55:17,248 - root - INFO - validate roc_auc, 0.8969
2025-10-06 19:55:17,248 - root - INFO - new node validate loss: 0.4495
2025-10-06 19:55:17,248 - root - INFO - new node validate average_precision, 0.8523
2025-10-06 19:55:17,248 - root - INFO - new node validate roc_auc, 0.8688
2025-10-06 19:55:17,255 - root - INFO - save model ./saved_models/TGAT/mooc/TGAT_lete_seed0/TGAT_lete_seed0.pkl
2025-10-06 19:58:59,634 - root - INFO - Epoch: 45, learning rate: 0.0001, train loss: 0.2821
2025-10-06 19:58:59,634 - root - INFO - train average_precision, 0.9247
2025-10-06 19:58:59,635 - root - INFO - train roc_auc, 0.9397
2025-10-06 19:58:59,635 - root - INFO - validate loss: 0.3976
2025-10-06 19:58:59,635 - root - INFO - validate average_precision, 0.8777
2025-10-06 19:58:59,635 - root - INFO - validate roc_auc, 0.8957
2025-10-06 19:58:59,635 - root - INFO - new node validate loss: 0.4528
2025-10-06 19:58:59,635 - root - INFO - new node validate average_precision, 0.8500
2025-10-06 19:58:59,635 - root - INFO - new node validate roc_auc, 0.8670
2025-10-06 20:02:41,852 - root - INFO - Epoch: 46, learning rate: 0.0001, train loss: 0.2828
2025-10-06 20:02:41,853 - root - INFO - train average_precision, 0.9242
2025-10-06 20:02:41,853 - root - INFO - train roc_auc, 0.9393
2025-10-06 20:02:41,853 - root - INFO - validate loss: 0.4013
2025-10-06 20:02:41,854 - root - INFO - validate average_precision, 0.8764
2025-10-06 20:02:41,854 - root - INFO - validate roc_auc, 0.8939
2025-10-06 20:02:41,854 - root - INFO - new node validate loss: 0.4578
2025-10-06 20:02:41,854 - root - INFO - new node validate average_precision, 0.8489
2025-10-06 20:02:41,854 - root - INFO - new node validate roc_auc, 0.8647
2025-10-06 20:06:25,481 - root - INFO - Epoch: 47, learning rate: 0.0001, train loss: 0.2803
2025-10-06 20:06:25,482 - root - INFO - train average_precision, 0.9258
2025-10-06 20:06:25,482 - root - INFO - train roc_auc, 0.9405
2025-10-06 20:06:25,482 - root - INFO - validate loss: 0.4015
2025-10-06 20:06:25,482 - root - INFO - validate average_precision, 0.8760
2025-10-06 20:06:25,482 - root - INFO - validate roc_auc, 0.8941
2025-10-06 20:06:25,482 - root - INFO - new node validate loss: 0.4567
2025-10-06 20:06:25,482 - root - INFO - new node validate average_precision, 0.8491
2025-10-06 20:06:25,482 - root - INFO - new node validate roc_auc, 0.8663
2025-10-06 20:10:09,495 - root - INFO - Epoch: 48, learning rate: 0.0001, train loss: 0.2812
2025-10-06 20:10:09,496 - root - INFO - train average_precision, 0.9244
2025-10-06 20:10:09,496 - root - INFO - train roc_auc, 0.9399
2025-10-06 20:10:09,496 - root - INFO - validate loss: 0.3941
2025-10-06 20:10:09,496 - root - INFO - validate average_precision, 0.8798
2025-10-06 20:10:09,496 - root - INFO - validate roc_auc, 0.8976
2025-10-06 20:10:09,496 - root - INFO - new node validate loss: 0.4484
2025-10-06 20:10:09,496 - root - INFO - new node validate average_precision, 0.8528
2025-10-06 20:10:09,496 - root - INFO - new node validate roc_auc, 0.8698
2025-10-06 20:10:09,503 - root - INFO - save model ./saved_models/TGAT/mooc/TGAT_lete_seed0/TGAT_lete_seed0.pkl
2025-10-06 20:13:53,357 - root - INFO - Epoch: 49, learning rate: 0.0001, train loss: 0.2810
2025-10-06 20:13:53,357 - root - INFO - train average_precision, 0.9247
2025-10-06 20:13:53,358 - root - INFO - train roc_auc, 0.9401
2025-10-06 20:13:53,358 - root - INFO - validate loss: 0.4008
2025-10-06 20:13:53,358 - root - INFO - validate average_precision, 0.8771
2025-10-06 20:13:53,358 - root - INFO - validate roc_auc, 0.8946
2025-10-06 20:13:53,358 - root - INFO - new node validate loss: 0.4544
2025-10-06 20:13:53,358 - root - INFO - new node validate average_precision, 0.8510
2025-10-06 20:13:53,358 - root - INFO - new node validate roc_auc, 0.8678
2025-10-06 20:17:37,863 - root - INFO - Epoch: 50, learning rate: 0.0001, train loss: 0.2811
2025-10-06 20:17:37,864 - root - INFO - train average_precision, 0.9249
2025-10-06 20:17:37,864 - root - INFO - train roc_auc, 0.9400
2025-10-06 20:17:37,864 - root - INFO - validate loss: 0.3980
2025-10-06 20:17:37,864 - root - INFO - validate average_precision, 0.8779
2025-10-06 20:17:37,864 - root - INFO - validate roc_auc, 0.8955
2025-10-06 20:17:37,864 - root - INFO - new node validate loss: 0.4528
2025-10-06 20:17:37,864 - root - INFO - new node validate average_precision, 0.8494
2025-10-06 20:17:37,864 - root - INFO - new node validate roc_auc, 0.8674
2025-10-06 20:21:23,598 - root - INFO - Epoch: 51, learning rate: 0.0001, train loss: 0.2796
2025-10-06 20:21:23,599 - root - INFO - train average_precision, 0.9257
2025-10-06 20:21:23,599 - root - INFO - train roc_auc, 0.9407
2025-10-06 20:21:23,599 - root - INFO - validate loss: 0.3977
2025-10-06 20:21:23,599 - root - INFO - validate average_precision, 0.8798
2025-10-06 20:21:23,599 - root - INFO - validate roc_auc, 0.8960
2025-10-06 20:21:23,599 - root - INFO - new node validate loss: 0.4525
2025-10-06 20:21:23,599 - root - INFO - new node validate average_precision, 0.8517
2025-10-06 20:21:23,599 - root - INFO - new node validate roc_auc, 0.8672
2025-10-06 20:25:06,498 - root - INFO - Epoch: 52, learning rate: 0.0001, train loss: 0.2805
2025-10-06 20:25:06,499 - root - INFO - train average_precision, 0.9249
2025-10-06 20:25:06,499 - root - INFO - train roc_auc, 0.9402
2025-10-06 20:25:06,499 - root - INFO - validate loss: 0.3923
2025-10-06 20:25:06,499 - root - INFO - validate average_precision, 0.8815
2025-10-06 20:25:06,499 - root - INFO - validate roc_auc, 0.8982
2025-10-06 20:25:06,499 - root - INFO - new node validate loss: 0.4451
2025-10-06 20:25:06,499 - root - INFO - new node validate average_precision, 0.8571
2025-10-06 20:25:06,499 - root - INFO - new node validate roc_auc, 0.8717
2025-10-06 20:25:06,505 - root - INFO - save model ./saved_models/TGAT/mooc/TGAT_lete_seed0/TGAT_lete_seed0.pkl
2025-10-06 20:28:49,824 - root - INFO - Epoch: 53, learning rate: 0.0001, train loss: 0.2785
2025-10-06 20:28:49,824 - root - INFO - train average_precision, 0.9263
2025-10-06 20:28:49,825 - root - INFO - train roc_auc, 0.9413
2025-10-06 20:28:49,825 - root - INFO - validate loss: 0.3914
2025-10-06 20:28:49,825 - root - INFO - validate average_precision, 0.8821
2025-10-06 20:28:49,825 - root - INFO - validate roc_auc, 0.8991
2025-10-06 20:28:49,825 - root - INFO - new node validate loss: 0.4414
2025-10-06 20:28:49,825 - root - INFO - new node validate average_precision, 0.8587
2025-10-06 20:28:49,825 - root - INFO - new node validate roc_auc, 0.8741
2025-10-06 20:28:49,831 - root - INFO - save model ./saved_models/TGAT/mooc/TGAT_lete_seed0/TGAT_lete_seed0.pkl
2025-10-06 20:32:36,837 - root - INFO - Epoch: 54, learning rate: 0.0001, train loss: 0.2790
2025-10-06 20:32:36,837 - root - INFO - train average_precision, 0.9256
2025-10-06 20:32:36,838 - root - INFO - train roc_auc, 0.9410
2025-10-06 20:32:36,838 - root - INFO - validate loss: 0.3951
2025-10-06 20:32:36,838 - root - INFO - validate average_precision, 0.8795
2025-10-06 20:32:36,838 - root - INFO - validate roc_auc, 0.8971
2025-10-06 20:32:36,838 - root - INFO - new node validate loss: 0.4506
2025-10-06 20:32:36,838 - root - INFO - new node validate average_precision, 0.8515
2025-10-06 20:32:36,838 - root - INFO - new node validate roc_auc, 0.8680
2025-10-06 20:36:20,581 - root - INFO - Epoch: 55, learning rate: 0.0001, train loss: 0.2782
2025-10-06 20:36:20,581 - root - INFO - train average_precision, 0.9266
2025-10-06 20:36:20,582 - root - INFO - train roc_auc, 0.9412
2025-10-06 20:36:20,582 - root - INFO - validate loss: 0.3900
2025-10-06 20:36:20,582 - root - INFO - validate average_precision, 0.8831
2025-10-06 20:36:20,582 - root - INFO - validate roc_auc, 0.8996
2025-10-06 20:36:20,582 - root - INFO - new node validate loss: 0.4424
2025-10-06 20:36:20,582 - root - INFO - new node validate average_precision, 0.8570
2025-10-06 20:36:20,582 - root - INFO - new node validate roc_auc, 0.8728
2025-10-06 20:36:20,589 - root - INFO - save model ./saved_models/TGAT/mooc/TGAT_lete_seed0/TGAT_lete_seed0.pkl
2025-10-06 20:40:04,143 - root - INFO - Epoch: 56, learning rate: 0.0001, train loss: 0.2788
2025-10-06 20:40:04,143 - root - INFO - train average_precision, 0.9252
2025-10-06 20:40:04,144 - root - INFO - train roc_auc, 0.9409
2025-10-06 20:40:04,144 - root - INFO - validate loss: 0.3942
2025-10-06 20:40:04,144 - root - INFO - validate average_precision, 0.8816
2025-10-06 20:40:04,144 - root - INFO - validate roc_auc, 0.8978
2025-10-06 20:40:04,144 - root - INFO - new node validate loss: 0.4467
2025-10-06 20:40:04,144 - root - INFO - new node validate average_precision, 0.8561
2025-10-06 20:40:04,144 - root - INFO - new node validate roc_auc, 0.8712
2025-10-06 20:43:47,078 - root - INFO - Epoch: 57, learning rate: 0.0001, train loss: 0.2777
2025-10-06 20:43:47,078 - root - INFO - train average_precision, 0.9269
2025-10-06 20:43:47,079 - root - INFO - train roc_auc, 0.9415
2025-10-06 20:43:47,079 - root - INFO - validate loss: 0.3967
2025-10-06 20:43:47,079 - root - INFO - validate average_precision, 0.8805
2025-10-06 20:43:47,079 - root - INFO - validate roc_auc, 0.8973
2025-10-06 20:43:47,079 - root - INFO - new node validate loss: 0.4498
2025-10-06 20:43:47,079 - root - INFO - new node validate average_precision, 0.8536
2025-10-06 20:43:47,079 - root - INFO - new node validate roc_auc, 0.8698
2025-10-06 20:47:30,113 - root - INFO - Epoch: 58, learning rate: 0.0001, train loss: 0.2774
2025-10-06 20:47:30,113 - root - INFO - train average_precision, 0.9265
2025-10-06 20:47:30,114 - root - INFO - train roc_auc, 0.9418
2025-10-06 20:47:30,114 - root - INFO - validate loss: 0.3973
2025-10-06 20:47:30,114 - root - INFO - validate average_precision, 0.8788
2025-10-06 20:47:30,114 - root - INFO - validate roc_auc, 0.8963
2025-10-06 20:47:30,114 - root - INFO - new node validate loss: 0.4519
2025-10-06 20:47:30,114 - root - INFO - new node validate average_precision, 0.8523
2025-10-06 20:47:30,114 - root - INFO - new node validate roc_auc, 0.8684
2025-10-06 20:51:14,891 - root - INFO - Epoch: 59, learning rate: 0.0001, train loss: 0.2770
2025-10-06 20:51:14,892 - root - INFO - train average_precision, 0.9269
2025-10-06 20:51:14,892 - root - INFO - train roc_auc, 0.9418
2025-10-06 20:51:14,892 - root - INFO - validate loss: 0.4007
2025-10-06 20:51:14,892 - root - INFO - validate average_precision, 0.8781
2025-10-06 20:51:14,892 - root - INFO - validate roc_auc, 0.8950
2025-10-06 20:51:14,892 - root - INFO - new node validate loss: 0.4548
2025-10-06 20:51:14,892 - root - INFO - new node validate average_precision, 0.8538
2025-10-06 20:51:14,892 - root - INFO - new node validate roc_auc, 0.8689
2025-10-06 20:54:59,153 - root - INFO - Epoch: 60, learning rate: 0.0001, train loss: 0.2772
2025-10-06 20:54:59,154 - root - INFO - train average_precision, 0.9266
2025-10-06 20:54:59,154 - root - INFO - train roc_auc, 0.9418
2025-10-06 20:54:59,154 - root - INFO - validate loss: 0.3912
2025-10-06 20:54:59,154 - root - INFO - validate average_precision, 0.8825
2025-10-06 20:54:59,154 - root - INFO - validate roc_auc, 0.8995
2025-10-06 20:54:59,154 - root - INFO - new node validate loss: 0.4459
2025-10-06 20:54:59,155 - root - INFO - new node validate average_precision, 0.8559
2025-10-06 20:54:59,155 - root - INFO - new node validate roc_auc, 0.8720
2025-10-06 20:58:41,635 - root - INFO - Epoch: 61, learning rate: 0.0001, train loss: 0.2755
2025-10-06 20:58:41,636 - root - INFO - train average_precision, 0.9278
2025-10-06 20:58:41,636 - root - INFO - train roc_auc, 0.9425
2025-10-06 20:58:41,636 - root - INFO - validate loss: 0.3960
2025-10-06 20:58:41,636 - root - INFO - validate average_precision, 0.8801
2025-10-06 20:58:41,636 - root - INFO - validate roc_auc, 0.8971
2025-10-06 20:58:41,636 - root - INFO - new node validate loss: 0.4476
2025-10-06 20:58:41,636 - root - INFO - new node validate average_precision, 0.8554
2025-10-06 20:58:41,636 - root - INFO - new node validate roc_auc, 0.8711
2025-10-06 21:02:25,690 - root - INFO - Epoch: 62, learning rate: 0.0001, train loss: 0.2760
2025-10-06 21:02:25,690 - root - INFO - train average_precision, 0.9270
2025-10-06 21:02:25,690 - root - INFO - train roc_auc, 0.9419
2025-10-06 21:02:25,690 - root - INFO - validate loss: 0.3939
2025-10-06 21:02:25,691 - root - INFO - validate average_precision, 0.8812
2025-10-06 21:02:25,691 - root - INFO - validate roc_auc, 0.8976
2025-10-06 21:02:25,691 - root - INFO - new node validate loss: 0.4438
2025-10-06 21:02:25,691 - root - INFO - new node validate average_precision, 0.8568
2025-10-06 21:02:25,691 - root - INFO - new node validate roc_auc, 0.8722
2025-10-06 21:06:10,664 - root - INFO - Epoch: 63, learning rate: 0.0001, train loss: 0.2744
2025-10-06 21:06:10,665 - root - INFO - train average_precision, 0.9286
2025-10-06 21:06:10,665 - root - INFO - train roc_auc, 0.9430
2025-10-06 21:06:10,665 - root - INFO - validate loss: 0.3958
2025-10-06 21:06:10,665 - root - INFO - validate average_precision, 0.8810
2025-10-06 21:06:10,665 - root - INFO - validate roc_auc, 0.8976
2025-10-06 21:06:10,665 - root - INFO - new node validate loss: 0.4481
2025-10-06 21:06:10,665 - root - INFO - new node validate average_precision, 0.8529
2025-10-06 21:06:10,665 - root - INFO - new node validate roc_auc, 0.8689
2025-10-06 21:09:54,511 - root - INFO - Epoch: 64, learning rate: 0.0001, train loss: 0.2763
2025-10-06 21:09:54,512 - root - INFO - train average_precision, 0.9275
2025-10-06 21:09:54,512 - root - INFO - train roc_auc, 0.9422
2025-10-06 21:09:54,512 - root - INFO - validate loss: 0.3957
2025-10-06 21:09:54,513 - root - INFO - validate average_precision, 0.8803
2025-10-06 21:09:54,513 - root - INFO - validate roc_auc, 0.8974
2025-10-06 21:09:54,513 - root - INFO - new node validate loss: 0.4524
2025-10-06 21:09:54,513 - root - INFO - new node validate average_precision, 0.8537
2025-10-06 21:09:54,513 - root - INFO - new node validate roc_auc, 0.8697
2025-10-06 21:13:39,476 - root - INFO - Epoch: 65, learning rate: 0.0001, train loss: 0.2744
2025-10-06 21:13:39,476 - root - INFO - train average_precision, 0.9284
2025-10-06 21:13:39,476 - root - INFO - train roc_auc, 0.9430
2025-10-06 21:13:39,477 - root - INFO - validate loss: 0.3996
2025-10-06 21:13:39,477 - root - INFO - validate average_precision, 0.8769
2025-10-06 21:13:39,477 - root - INFO - validate roc_auc, 0.8947
2025-10-06 21:13:39,477 - root - INFO - new node validate loss: 0.4567
2025-10-06 21:13:39,477 - root - INFO - new node validate average_precision, 0.8486
2025-10-06 21:13:39,477 - root - INFO - new node validate roc_auc, 0.8658
2025-10-06 21:17:22,732 - root - INFO - Epoch: 66, learning rate: 0.0001, train loss: 0.2744
2025-10-06 21:17:22,732 - root - INFO - train average_precision, 0.9282
2025-10-06 21:17:22,733 - root - INFO - train roc_auc, 0.9430
2025-10-06 21:17:22,733 - root - INFO - validate loss: 0.3940
2025-10-06 21:17:22,733 - root - INFO - validate average_precision, 0.8814
2025-10-06 21:17:22,733 - root - INFO - validate roc_auc, 0.8980
2025-10-06 21:17:22,733 - root - INFO - new node validate loss: 0.4459
2025-10-06 21:17:22,733 - root - INFO - new node validate average_precision, 0.8567
2025-10-06 21:17:22,733 - root - INFO - new node validate roc_auc, 0.8723
2025-10-06 21:21:08,156 - root - INFO - Epoch: 67, learning rate: 0.0001, train loss: 0.2747
2025-10-06 21:21:08,157 - root - INFO - train average_precision, 0.9280
2025-10-06 21:21:08,157 - root - INFO - train roc_auc, 0.9429
2025-10-06 21:21:08,157 - root - INFO - validate loss: 0.3904
2025-10-06 21:21:08,157 - root - INFO - validate average_precision, 0.8839
2025-10-06 21:21:08,157 - root - INFO - validate roc_auc, 0.8999
2025-10-06 21:21:08,157 - root - INFO - new node validate loss: 0.4434
2025-10-06 21:21:08,157 - root - INFO - new node validate average_precision, 0.8579
2025-10-06 21:21:08,157 - root - INFO - new node validate roc_auc, 0.8729
2025-10-06 21:21:08,163 - root - INFO - save model ./saved_models/TGAT/mooc/TGAT_lete_seed0/TGAT_lete_seed0.pkl
2025-10-06 21:24:52,801 - root - INFO - Epoch: 68, learning rate: 0.0001, train loss: 0.2738
2025-10-06 21:24:52,802 - root - INFO - train average_precision, 0.9287
2025-10-06 21:24:52,802 - root - INFO - train roc_auc, 0.9433
2025-10-06 21:24:52,802 - root - INFO - validate loss: 0.3898
2025-10-06 21:24:52,802 - root - INFO - validate average_precision, 0.8835
2025-10-06 21:24:52,802 - root - INFO - validate roc_auc, 0.9000
2025-10-06 21:24:52,802 - root - INFO - new node validate loss: 0.4441
2025-10-06 21:24:52,802 - root - INFO - new node validate average_precision, 0.8573
2025-10-06 21:24:52,802 - root - INFO - new node validate roc_auc, 0.8729
2025-10-06 21:28:36,772 - root - INFO - Epoch: 69, learning rate: 0.0001, train loss: 0.2752
2025-10-06 21:28:36,773 - root - INFO - train average_precision, 0.9276
2025-10-06 21:28:36,773 - root - INFO - train roc_auc, 0.9426
2025-10-06 21:28:36,773 - root - INFO - validate loss: 0.3924
2025-10-06 21:28:36,773 - root - INFO - validate average_precision, 0.8835
2025-10-06 21:28:36,773 - root - INFO - validate roc_auc, 0.8996
2025-10-06 21:28:36,773 - root - INFO - new node validate loss: 0.4453
2025-10-06 21:28:36,773 - root - INFO - new node validate average_precision, 0.8586
2025-10-06 21:28:36,773 - root - INFO - new node validate roc_auc, 0.8733
2025-10-06 21:32:21,458 - root - INFO - Epoch: 70, learning rate: 0.0001, train loss: 0.2744
2025-10-06 21:32:21,459 - root - INFO - train average_precision, 0.9281
2025-10-06 21:32:21,459 - root - INFO - train roc_auc, 0.9429
2025-10-06 21:32:21,459 - root - INFO - validate loss: 0.3937
2025-10-06 21:32:21,460 - root - INFO - validate average_precision, 0.8821
2025-10-06 21:32:21,460 - root - INFO - validate roc_auc, 0.8981
2025-10-06 21:32:21,460 - root - INFO - new node validate loss: 0.4457
2025-10-06 21:32:21,460 - root - INFO - new node validate average_precision, 0.8568
2025-10-06 21:32:21,460 - root - INFO - new node validate roc_auc, 0.8715
2025-10-06 21:36:04,033 - root - INFO - Epoch: 71, learning rate: 0.0001, train loss: 0.2732
2025-10-06 21:36:04,034 - root - INFO - train average_precision, 0.9288
2025-10-06 21:36:04,034 - root - INFO - train roc_auc, 0.9436
2025-10-06 21:36:04,034 - root - INFO - validate loss: 0.3892
2025-10-06 21:36:04,034 - root - INFO - validate average_precision, 0.8847
2025-10-06 21:36:04,034 - root - INFO - validate roc_auc, 0.9008
2025-10-06 21:36:04,034 - root - INFO - new node validate loss: 0.4414
2025-10-06 21:36:04,034 - root - INFO - new node validate average_precision, 0.8571
2025-10-06 21:36:04,034 - root - INFO - new node validate roc_auc, 0.8725
2025-10-06 21:36:04,041 - root - INFO - save model ./saved_models/TGAT/mooc/TGAT_lete_seed0/TGAT_lete_seed0.pkl
2025-10-06 21:39:46,409 - root - INFO - Epoch: 72, learning rate: 0.0001, train loss: 0.2715
2025-10-06 21:39:46,410 - root - INFO - train average_precision, 0.9294
2025-10-06 21:39:46,410 - root - INFO - train roc_auc, 0.9441
2025-10-06 21:39:46,410 - root - INFO - validate loss: 0.3903
2025-10-06 21:39:46,410 - root - INFO - validate average_precision, 0.8836
2025-10-06 21:39:46,410 - root - INFO - validate roc_auc, 0.9006
2025-10-06 21:39:46,410 - root - INFO - new node validate loss: 0.4470
2025-10-06 21:39:46,410 - root - INFO - new node validate average_precision, 0.8566
2025-10-06 21:39:46,410 - root - INFO - new node validate roc_auc, 0.8728
2025-10-06 21:43:28,997 - root - INFO - Epoch: 73, learning rate: 0.0001, train loss: 0.2727
2025-10-06 21:43:28,997 - root - INFO - train average_precision, 0.9292
2025-10-06 21:43:28,998 - root - INFO - train roc_auc, 0.9438
2025-10-06 21:43:28,998 - root - INFO - validate loss: 0.3917
2025-10-06 21:43:28,998 - root - INFO - validate average_precision, 0.8831
2025-10-06 21:43:28,998 - root - INFO - validate roc_auc, 0.8998
2025-10-06 21:43:28,998 - root - INFO - new node validate loss: 0.4457
2025-10-06 21:43:28,998 - root - INFO - new node validate average_precision, 0.8572
2025-10-06 21:43:28,998 - root - INFO - new node validate roc_auc, 0.8727
2025-10-06 21:47:11,877 - root - INFO - Epoch: 74, learning rate: 0.0001, train loss: 0.2728
2025-10-06 21:47:11,877 - root - INFO - train average_precision, 0.9295
2025-10-06 21:47:11,878 - root - INFO - train roc_auc, 0.9437
2025-10-06 21:47:11,878 - root - INFO - validate loss: 0.3870
2025-10-06 21:47:11,878 - root - INFO - validate average_precision, 0.8861
2025-10-06 21:47:11,878 - root - INFO - validate roc_auc, 0.9022
2025-10-06 21:47:11,878 - root - INFO - new node validate loss: 0.4379
2025-10-06 21:47:11,878 - root - INFO - new node validate average_precision, 0.8609
2025-10-06 21:47:11,878 - root - INFO - new node validate roc_auc, 0.8756
2025-10-06 21:47:11,884 - root - INFO - save model ./saved_models/TGAT/mooc/TGAT_lete_seed0/TGAT_lete_seed0.pkl
2025-10-06 21:50:54,147 - root - INFO - Epoch: 75, learning rate: 0.0001, train loss: 0.2724
2025-10-06 21:50:54,148 - root - INFO - train average_precision, 0.9295
2025-10-06 21:50:54,148 - root - INFO - train roc_auc, 0.9439
2025-10-06 21:50:54,148 - root - INFO - validate loss: 0.3929
2025-10-06 21:50:54,148 - root - INFO - validate average_precision, 0.8835
2025-10-06 21:50:54,148 - root - INFO - validate roc_auc, 0.8997
2025-10-06 21:50:54,148 - root - INFO - new node validate loss: 0.4403
2025-10-06 21:50:54,148 - root - INFO - new node validate average_precision, 0.8594
2025-10-06 21:50:54,148 - root - INFO - new node validate roc_auc, 0.8736
2025-10-06 21:54:36,991 - root - INFO - Epoch: 76, learning rate: 0.0001, train loss: 0.2731
2025-10-06 21:54:36,991 - root - INFO - train average_precision, 0.9289
2025-10-06 21:54:36,992 - root - INFO - train roc_auc, 0.9435
2025-10-06 21:54:36,992 - root - INFO - validate loss: 0.3891
2025-10-06 21:54:36,992 - root - INFO - validate average_precision, 0.8857
2025-10-06 21:54:36,992 - root - INFO - validate roc_auc, 0.9015
2025-10-06 21:54:36,992 - root - INFO - new node validate loss: 0.4396
2025-10-06 21:54:36,992 - root - INFO - new node validate average_precision, 0.8601
2025-10-06 21:54:36,992 - root - INFO - new node validate roc_auc, 0.8747
2025-10-06 21:58:19,722 - root - INFO - Epoch: 77, learning rate: 0.0001, train loss: 0.2724
2025-10-06 21:58:19,722 - root - INFO - train average_precision, 0.9286
2025-10-06 21:58:19,723 - root - INFO - train roc_auc, 0.9438
2025-10-06 21:58:19,723 - root - INFO - validate loss: 0.3918
2025-10-06 21:58:19,723 - root - INFO - validate average_precision, 0.8825
2025-10-06 21:58:19,723 - root - INFO - validate roc_auc, 0.8993
2025-10-06 21:58:19,723 - root - INFO - new node validate loss: 0.4466
2025-10-06 21:58:19,723 - root - INFO - new node validate average_precision, 0.8555
2025-10-06 21:58:19,723 - root - INFO - new node validate roc_auc, 0.8713
2025-10-06 22:02:04,395 - root - INFO - Epoch: 78, learning rate: 0.0001, train loss: 0.2709
2025-10-06 22:02:04,396 - root - INFO - train average_precision, 0.9303
2025-10-06 22:02:04,396 - root - INFO - train roc_auc, 0.9444
2025-10-06 22:02:04,396 - root - INFO - validate loss: 0.3973
2025-10-06 22:02:04,396 - root - INFO - validate average_precision, 0.8803
2025-10-06 22:02:04,396 - root - INFO - validate roc_auc, 0.8967
2025-10-06 22:02:04,396 - root - INFO - new node validate loss: 0.4504
2025-10-06 22:02:04,396 - root - INFO - new node validate average_precision, 0.8532
2025-10-06 22:02:04,396 - root - INFO - new node validate roc_auc, 0.8688
2025-10-06 22:05:48,649 - root - INFO - Epoch: 79, learning rate: 0.0001, train loss: 0.2697
2025-10-06 22:05:48,650 - root - INFO - train average_precision, 0.9304
2025-10-06 22:05:48,650 - root - INFO - train roc_auc, 0.9449
2025-10-06 22:05:48,650 - root - INFO - validate loss: 0.3910
2025-10-06 22:05:48,650 - root - INFO - validate average_precision, 0.8842
2025-10-06 22:05:48,650 - root - INFO - validate roc_auc, 0.9001
2025-10-06 22:05:48,650 - root - INFO - new node validate loss: 0.4428
2025-10-06 22:05:48,650 - root - INFO - new node validate average_precision, 0.8591
2025-10-06 22:05:48,650 - root - INFO - new node validate roc_auc, 0.8736
2025-10-06 22:09:30,965 - root - INFO - Epoch: 80, learning rate: 0.0001, train loss: 0.2702
2025-10-06 22:09:30,966 - root - INFO - train average_precision, 0.9301
2025-10-06 22:09:30,966 - root - INFO - train roc_auc, 0.9446
2025-10-06 22:09:30,966 - root - INFO - validate loss: 0.3918
2025-10-06 22:09:30,966 - root - INFO - validate average_precision, 0.8824
2025-10-06 22:09:30,966 - root - INFO - validate roc_auc, 0.8988
2025-10-06 22:09:30,966 - root - INFO - new node validate loss: 0.4479
2025-10-06 22:09:30,966 - root - INFO - new node validate average_precision, 0.8550
2025-10-06 22:09:30,966 - root - INFO - new node validate roc_auc, 0.8699
2025-10-06 22:13:13,565 - root - INFO - Epoch: 81, learning rate: 0.0001, train loss: 0.2730
2025-10-06 22:13:13,565 - root - INFO - train average_precision, 0.9287
2025-10-06 22:13:13,565 - root - INFO - train roc_auc, 0.9435
2025-10-06 22:13:13,566 - root - INFO - validate loss: 0.3945
2025-10-06 22:13:13,566 - root - INFO - validate average_precision, 0.8814
2025-10-06 22:13:13,566 - root - INFO - validate roc_auc, 0.8982
2025-10-06 22:13:13,566 - root - INFO - new node validate loss: 0.4490
2025-10-06 22:13:13,566 - root - INFO - new node validate average_precision, 0.8547
2025-10-06 22:13:13,566 - root - INFO - new node validate roc_auc, 0.8704
2025-10-06 22:16:56,351 - root - INFO - Epoch: 82, learning rate: 0.0001, train loss: 0.2701
2025-10-06 22:16:56,351 - root - INFO - train average_precision, 0.9299
2025-10-06 22:16:56,351 - root - INFO - train roc_auc, 0.9446
2025-10-06 22:16:56,352 - root - INFO - validate loss: 0.3881
2025-10-06 22:16:56,352 - root - INFO - validate average_precision, 0.8838
2025-10-06 22:16:56,352 - root - INFO - validate roc_auc, 0.9006
2025-10-06 22:16:56,352 - root - INFO - new node validate loss: 0.4412
2025-10-06 22:16:56,352 - root - INFO - new node validate average_precision, 0.8572
2025-10-06 22:16:56,352 - root - INFO - new node validate roc_auc, 0.8730
2025-10-06 22:20:39,034 - root - INFO - Epoch: 83, learning rate: 0.0001, train loss: 0.2697
2025-10-06 22:20:39,035 - root - INFO - train average_precision, 0.9306
2025-10-06 22:20:39,035 - root - INFO - train roc_auc, 0.9450
2025-10-06 22:20:39,035 - root - INFO - validate loss: 0.3921
2025-10-06 22:20:39,035 - root - INFO - validate average_precision, 0.8831
2025-10-06 22:20:39,035 - root - INFO - validate roc_auc, 0.8992
2025-10-06 22:20:39,035 - root - INFO - new node validate loss: 0.4446
2025-10-06 22:20:39,035 - root - INFO - new node validate average_precision, 0.8575
2025-10-06 22:20:39,035 - root - INFO - new node validate roc_auc, 0.8729
2025-10-06 22:24:23,037 - root - INFO - Epoch: 84, learning rate: 0.0001, train loss: 0.2696
2025-10-06 22:24:23,038 - root - INFO - train average_precision, 0.9302
2025-10-06 22:24:23,039 - root - INFO - train roc_auc, 0.9449
2025-10-06 22:24:23,039 - root - INFO - validate loss: 0.3893
2025-10-06 22:24:23,039 - root - INFO - validate average_precision, 0.8850
2025-10-06 22:24:23,039 - root - INFO - validate roc_auc, 0.9009
2025-10-06 22:24:23,039 - root - INFO - new node validate loss: 0.4444
2025-10-06 22:24:23,039 - root - INFO - new node validate average_precision, 0.8579
2025-10-06 22:24:23,039 - root - INFO - new node validate roc_auc, 0.8734
2025-10-06 22:28:05,622 - root - INFO - Epoch: 85, learning rate: 0.0001, train loss: 0.2697
2025-10-06 22:28:05,623 - root - INFO - train average_precision, 0.9307
2025-10-06 22:28:05,623 - root - INFO - train roc_auc, 0.9451
2025-10-06 22:28:05,623 - root - INFO - validate loss: 0.3941
2025-10-06 22:28:05,623 - root - INFO - validate average_precision, 0.8815
2025-10-06 22:28:05,623 - root - INFO - validate roc_auc, 0.8977
2025-10-06 22:28:05,623 - root - INFO - new node validate loss: 0.4475
2025-10-06 22:28:05,623 - root - INFO - new node validate average_precision, 0.8548
2025-10-06 22:28:05,623 - root - INFO - new node validate roc_auc, 0.8702
2025-10-06 22:31:50,879 - root - INFO - Epoch: 86, learning rate: 0.0001, train loss: 0.2684
2025-10-06 22:31:50,879 - root - INFO - train average_precision, 0.9313
2025-10-06 22:31:50,880 - root - INFO - train roc_auc, 0.9455
2025-10-06 22:31:50,880 - root - INFO - validate loss: 0.3889
2025-10-06 22:31:50,880 - root - INFO - validate average_precision, 0.8846
2025-10-06 22:31:50,880 - root - INFO - validate roc_auc, 0.9013
2025-10-06 22:31:50,880 - root - INFO - new node validate loss: 0.4424
2025-10-06 22:31:50,880 - root - INFO - new node validate average_precision, 0.8600
2025-10-06 22:31:50,880 - root - INFO - new node validate roc_auc, 0.8757
2025-10-06 22:35:34,665 - root - INFO - Epoch: 87, learning rate: 0.0001, train loss: 0.2691
2025-10-06 22:35:34,666 - root - INFO - train average_precision, 0.9308
2025-10-06 22:35:34,666 - root - INFO - train roc_auc, 0.9453
2025-10-06 22:35:34,666 - root - INFO - validate loss: 0.3910
2025-10-06 22:35:34,666 - root - INFO - validate average_precision, 0.8827
2025-10-06 22:35:34,666 - root - INFO - validate roc_auc, 0.8997
2025-10-06 22:35:34,666 - root - INFO - new node validate loss: 0.4450
2025-10-06 22:35:34,666 - root - INFO - new node validate average_precision, 0.8566
2025-10-06 22:35:34,666 - root - INFO - new node validate roc_auc, 0.8725
2025-10-06 22:39:19,940 - root - INFO - Epoch: 88, learning rate: 0.0001, train loss: 0.2690
2025-10-06 22:39:19,940 - root - INFO - train average_precision, 0.9311
2025-10-06 22:39:19,941 - root - INFO - train roc_auc, 0.9454
2025-10-06 22:39:19,941 - root - INFO - validate loss: 0.3886
2025-10-06 22:39:19,941 - root - INFO - validate average_precision, 0.8849
2025-10-06 22:39:19,941 - root - INFO - validate roc_auc, 0.9012
2025-10-06 22:39:19,941 - root - INFO - new node validate loss: 0.4395
2025-10-06 22:39:19,941 - root - INFO - new node validate average_precision, 0.8594
2025-10-06 22:39:19,941 - root - INFO - new node validate roc_auc, 0.8746
2025-10-06 22:43:04,542 - root - INFO - Epoch: 89, learning rate: 0.0001, train loss: 0.2677
2025-10-06 22:43:04,543 - root - INFO - train average_precision, 0.9313
2025-10-06 22:43:04,543 - root - INFO - train roc_auc, 0.9458
2025-10-06 22:43:04,543 - root - INFO - validate loss: 0.3906
2025-10-06 22:43:04,543 - root - INFO - validate average_precision, 0.8837
2025-10-06 22:43:04,543 - root - INFO - validate roc_auc, 0.9004
2025-10-06 22:43:04,543 - root - INFO - new node validate loss: 0.4422
2025-10-06 22:43:04,543 - root - INFO - new node validate average_precision, 0.8572
2025-10-06 22:43:04,543 - root - INFO - new node validate roc_auc, 0.8732
2025-10-06 22:46:47,033 - root - INFO - Epoch: 90, learning rate: 0.0001, train loss: 0.2682
2025-10-06 22:46:47,034 - root - INFO - train average_precision, 0.9317
2025-10-06 22:46:47,034 - root - INFO - train roc_auc, 0.9457
2025-10-06 22:46:47,034 - root - INFO - validate loss: 0.3920
2025-10-06 22:46:47,034 - root - INFO - validate average_precision, 0.8827
2025-10-06 22:46:47,034 - root - INFO - validate roc_auc, 0.8998
2025-10-06 22:46:47,034 - root - INFO - new node validate loss: 0.4441
2025-10-06 22:46:47,034 - root - INFO - new node validate average_precision, 0.8563
2025-10-06 22:46:47,034 - root - INFO - new node validate roc_auc, 0.8727
2025-10-06 22:50:31,808 - root - INFO - Epoch: 91, learning rate: 0.0001, train loss: 0.2683
2025-10-06 22:50:31,809 - root - INFO - train average_precision, 0.9312
2025-10-06 22:50:31,809 - root - INFO - train roc_auc, 0.9456
2025-10-06 22:50:31,809 - root - INFO - validate loss: 0.3863
2025-10-06 22:50:31,809 - root - INFO - validate average_precision, 0.8863
2025-10-06 22:50:31,809 - root - INFO - validate roc_auc, 0.9021
2025-10-06 22:50:31,809 - root - INFO - new node validate loss: 0.4386
2025-10-06 22:50:31,809 - root - INFO - new node validate average_precision, 0.8613
2025-10-06 22:50:31,809 - root - INFO - new node validate roc_auc, 0.8761
2025-10-06 22:54:14,419 - root - INFO - Epoch: 92, learning rate: 0.0001, train loss: 0.2672
2025-10-06 22:54:14,420 - root - INFO - train average_precision, 0.9313
2025-10-06 22:54:14,420 - root - INFO - train roc_auc, 0.9459
2025-10-06 22:54:14,420 - root - INFO - validate loss: 0.3890
2025-10-06 22:54:14,420 - root - INFO - validate average_precision, 0.8851
2025-10-06 22:54:14,420 - root - INFO - validate roc_auc, 0.9012
2025-10-06 22:54:14,420 - root - INFO - new node validate loss: 0.4445
2025-10-06 22:54:14,420 - root - INFO - new node validate average_precision, 0.8582
2025-10-06 22:54:14,420 - root - INFO - new node validate roc_auc, 0.8734
2025-10-06 22:57:59,809 - root - INFO - Epoch: 93, learning rate: 0.0001, train loss: 0.2663
2025-10-06 22:57:59,809 - root - INFO - train average_precision, 0.9315
2025-10-06 22:57:59,809 - root - INFO - train roc_auc, 0.9460
2025-10-06 22:57:59,809 - root - INFO - validate loss: 0.3910
2025-10-06 22:57:59,810 - root - INFO - validate average_precision, 0.8840
2025-10-06 22:57:59,810 - root - INFO - validate roc_auc, 0.9005
2025-10-06 22:57:59,810 - root - INFO - new node validate loss: 0.4441
2025-10-06 22:57:59,810 - root - INFO - new node validate average_precision, 0.8567
2025-10-06 22:57:59,810 - root - INFO - new node validate roc_auc, 0.8728
2025-10-06 23:01:43,223 - root - INFO - Epoch: 94, learning rate: 0.0001, train loss: 0.2671
2025-10-06 23:01:43,224 - root - INFO - train average_precision, 0.9323
2025-10-06 23:01:43,224 - root - INFO - train roc_auc, 0.9462
2025-10-06 23:01:43,224 - root - INFO - validate loss: 0.3896
2025-10-06 23:01:43,224 - root - INFO - validate average_precision, 0.8842
2025-10-06 23:01:43,224 - root - INFO - validate roc_auc, 0.9006
2025-10-06 23:01:43,225 - root - INFO - new node validate loss: 0.4404
2025-10-06 23:01:43,225 - root - INFO - new node validate average_precision, 0.8593
2025-10-06 23:01:43,225 - root - INFO - new node validate roc_auc, 0.8734
2025-10-06 23:01:43,232 - root - INFO - load model ./saved_models/TGAT/mooc/TGAT_lete_seed0/TGAT_lete_seed0.pkl
2025-10-06 23:01:43,259 - root - INFO - get final performance on dataset mooc...
2025-10-06 23:03:36,291 - root - INFO - validate loss: 0.3870
2025-10-06 23:03:36,292 - root - INFO - validate average_precision, 0.8861
2025-10-06 23:03:36,292 - root - INFO - validate roc_auc, 0.9022
2025-10-06 23:03:36,292 - root - INFO - new node validate loss: 0.4379
2025-10-06 23:03:36,292 - root - INFO - new node validate average_precision, 0.8609
2025-10-06 23:03:36,292 - root - INFO - new node validate roc_auc, 0.8756
2025-10-06 23:03:36,292 - root - INFO - test loss: 0.4051
2025-10-06 23:03:36,292 - root - INFO - test average_precision, 0.8804
2025-10-06 23:03:36,292 - root - INFO - test roc_auc, 0.8948
2025-10-06 23:03:36,293 - root - INFO - new node test loss: 0.4142
2025-10-06 23:03:36,293 - root - INFO - new node test average_precision, 0.8750
2025-10-06 23:03:36,293 - root - INFO - new node test roc_auc, 0.8907
2025-10-06 23:03:36,304 - root - INFO - ✅ Metrics saved to: ./saved_metrics/TGAT/mooc/TGAT_lete_seed0
2025-10-06 23:03:36,304 - root - INFO - Run 1 cost 21128.18 seconds.
2025-10-06 23:03:36,314 - root - INFO - metrics over 1 runs:
2025-10-06 23:03:36,314 - root - INFO - validate average_precision, [np.float64(0.8860929593471626)]
2025-10-06 23:03:36,314 - root - INFO - average validate average_precision, 0.8861 ± nan
2025-10-06 23:03:36,314 - root - INFO - validate roc_auc, [np.float64(0.9021746969688001)]
2025-10-06 23:03:36,314 - root - INFO - average validate roc_auc, 0.9022 ± nan
2025-10-06 23:03:36,314 - root - INFO - new node validate average_precision, [np.float64(0.8609347184686756)]
2025-10-06 23:03:36,315 - root - INFO - average new node validate average_precision, 0.8609 ± nan
2025-10-06 23:03:36,315 - root - INFO - new node validate roc_auc, [np.float64(0.8756083220426714)]
2025-10-06 23:03:36,315 - root - INFO - average new node validate roc_auc, 0.8756 ± nan
2025-10-06 23:03:36,315 - root - INFO - test average_precision, [np.float64(0.8803640772736164)]
2025-10-06 23:03:36,315 - root - INFO - average test average_precision, 0.8804 ± nan
2025-10-06 23:03:36,315 - root - INFO - test roc_auc, [np.float64(0.8947554856951205)]
2025-10-06 23:03:36,315 - root - INFO - average test roc_auc, 0.8948 ± nan
2025-10-06 23:03:36,315 - root - INFO - new node test average_precision, [np.float64(0.875020631288569)]
2025-10-06 23:03:36,315 - root - INFO - average new node test average_precision, 0.8750 ± nan
2025-10-06 23:03:36,315 - root - INFO - new node test roc_auc, [np.float64(0.8906505395683454)]
2025-10-06 23:03:36,316 - root - INFO - average new node test roc_auc, 0.8907 ± nan
