2025-10-08 10:33:59,007 - root - INFO - ********** Run 2 starts. **********
2025-10-08 10:33:59,008 - root - INFO - configuration is Namespace(dataset_name='reddit', batch_size=200, model_name='DyGFormer', gpu=0, num_neighbors=20, sample_neighbor_strategy='uniform', time_scaling_factor=1e-06, num_walk_heads=8, num_heads=2, num_layers=2, walk_length=1, time_gap=2000, time_feat_dim=100, position_feat_dim=172, time_window_mode='fixed_proportion', time_encoder_type='time2vec', expert_dim=128, num_mixtures=16, sort_neighbors_by_time=False, patch_size=2, channel_embedding_dim=50, max_input_sequence_length=64, learning_rate=0.0001, dropout=0.2, gamma=0.5, num_epochs=2, optimizer='Adam', weight_decay=0.0, patience=20, val_ratio=0.15, test_ratio=0.15, num_runs=2, test_interval_epochs=100, negative_sample_strategy='random', max_interaction_times=10, load_best_configs=True, data_ratio=0.05, seed=1, save_model_name_suffix='', ablation_dir='', mamba_d_state=256, mamba_d_conv=4, mamba_expand=2, mamba_headdim=64, resume_from_checkpoint=None, save_checkpoints=True, checkpoint_interval=20, start_from_seed=0, max_checkpoints_to_keep=3, checkpoint_strategy='minimal', validate_checkpoints=True, device='cuda:0', save_model_name='DyGFormer_time2vec_seed1')
2025-10-08 10:33:59,009 - root - INFO - Metrics will be saved to: ./saved_metrics/DyGFormer/reddit/DyGFormer_time2vec_seed1
2025-10-08 10:33:59,009 - root - INFO - time encoder type: time2vec
2025-10-08 10:33:59,009 - root - INFO - Time encoder will be injected into DyGFormer model
2025-10-08 10:33:59,227 - root - INFO - model -> Sequential(
  (0): DyGFormer(
    (time_encoder): TimeEncoderWrapper(
      (encoder): Time2VecEncoder(
        (time2vec_layer): SineActivation()
      )
    )
    (neighbor_co_occurrence_encoder): NeighborCooccurrenceEncoder(
      (neighbor_co_occurrence_encode_layer): Sequential(
        (0): Linear(in_features=1, out_features=50, bias=True)
        (1): ReLU()
        (2): Linear(in_features=50, out_features=50, bias=True)
      )
    )
    (projection_layer): ModuleDict(
      (node): Linear(in_features=344, out_features=50, bias=True)
      (edge): Linear(in_features=344, out_features=50, bias=True)
      (time): Linear(in_features=200, out_features=50, bias=True)
      (neighbor_co_occurrence): Linear(in_features=100, out_features=50, bias=True)
    )
    (transformers): ModuleList(
      (0-1): 2 x TransformerEncoder(
        (multi_head_attention): MultiheadAttention(
          (out_proj): NonDynamicallyQuantizableLinear(in_features=200, out_features=200, bias=True)
        )
        (dropout): Dropout(p=0.2, inplace=False)
        (linear_layers): ModuleList(
          (0): Linear(in_features=200, out_features=800, bias=True)
          (1): Linear(in_features=800, out_features=200, bias=True)
        )
        (norm_layers): ModuleList(
          (0-1): 2 x LayerNorm((200,), eps=1e-05, elementwise_affine=True)
        )
      )
    )
    (output_layer): Linear(in_features=200, out_features=172, bias=True)
  )
  (1): MergeLayer(
    (fc1): Linear(in_features=344, out_features=172, bias=True)
    (fc2): Linear(in_features=172, out_features=1, bias=True)
    (act): ReLU()
  )
)
2025-10-08 10:33:59,228 - root - INFO - model name: DyGFormer, #parameters: 4446940 B, 4342.71484375 KB, 4.240932464599609 MB.
2025-10-08 10:34:16,992 - root - INFO - Epoch: 1, learning rate: 0.0001, train loss: 0.5900
2025-10-08 10:34:16,993 - root - INFO - train average_precision, 0.8296
2025-10-08 10:34:16,993 - root - INFO - train roc_auc, 0.8372
2025-10-08 10:34:16,993 - root - INFO - validate loss: 0.9952
2025-10-08 10:34:16,993 - root - INFO - validate average_precision, 0.7365
2025-10-08 10:34:16,993 - root - INFO - validate roc_auc, 0.8055
2025-10-08 10:34:16,993 - root - INFO - new node validate loss: 1.5824
2025-10-08 10:34:16,993 - root - INFO - new node validate average_precision, 0.5956
2025-10-08 10:34:16,993 - root - INFO - new node validate roc_auc, 0.6719
2025-10-08 10:34:17,002 - root - INFO - save model ./saved_models/DyGFormer/reddit/DyGFormer_time2vec_seed1/DyGFormer_time2vec_seed1.pkl
2025-10-08 10:34:34,924 - root - INFO - Epoch: 2, learning rate: 0.0001, train loss: 0.4855
2025-10-08 10:34:34,924 - root - INFO - train average_precision, 0.8713
2025-10-08 10:34:34,925 - root - INFO - train roc_auc, 0.8558
2025-10-08 10:34:34,925 - root - INFO - validate loss: 0.7643
2025-10-08 10:34:34,925 - root - INFO - validate average_precision, 0.8353
2025-10-08 10:34:34,925 - root - INFO - validate roc_auc, 0.7860
2025-10-08 10:34:34,925 - root - INFO - new node validate loss: 0.8125
2025-10-08 10:34:34,925 - root - INFO - new node validate average_precision, 0.7889
2025-10-08 10:34:34,925 - root - INFO - new node validate roc_auc, 0.7353
2025-10-08 10:34:34,931 - root - INFO - load model ./saved_models/DyGFormer/reddit/DyGFormer_time2vec_seed1/DyGFormer_time2vec_seed1.pkl
2025-10-08 10:34:34,950 - root - INFO - get final performance on dataset reddit...
2025-10-08 10:34:43,772 - root - INFO - validate loss: 0.9952
2025-10-08 10:34:43,772 - root - INFO - validate average_precision, 0.7365
2025-10-08 10:34:43,772 - root - INFO - validate roc_auc, 0.8055
2025-10-08 10:34:43,773 - root - INFO - new node validate loss: 1.5824
2025-10-08 10:34:43,773 - root - INFO - new node validate average_precision, 0.5956
2025-10-08 10:34:43,773 - root - INFO - new node validate roc_auc, 0.6719
2025-10-08 10:34:43,773 - root - INFO - test loss: 1.1527
2025-10-08 10:34:43,773 - root - INFO - test average_precision, 0.7025
2025-10-08 10:34:43,773 - root - INFO - test roc_auc, 0.7762
2025-10-08 10:34:43,773 - root - INFO - new node test loss: 1.8214
2025-10-08 10:34:43,773 - root - INFO - new node test average_precision, 0.5722
2025-10-08 10:34:43,773 - root - INFO - new node test roc_auc, 0.6321
2025-10-08 10:34:43,782 - root - INFO - ✅ Metrics saved to: ./saved_metrics/DyGFormer/reddit/DyGFormer_time2vec_seed1
2025-10-08 10:34:43,782 - root - INFO - Run 2 cost 44.77 seconds.
2025-10-08 10:34:43,785 - root - INFO - metrics over 2 runs:
2025-10-08 10:34:43,785 - root - INFO - validate average_precision, [np.float64(0.717903732778548), np.float64(0.7365372543750044)]
2025-10-08 10:34:43,786 - root - INFO - average validate average_precision, 0.7272 ± 0.0132
2025-10-08 10:34:43,786 - root - INFO - validate roc_auc, [np.float64(0.7913105204996463), np.float64(0.8054501677101966)]
2025-10-08 10:34:43,786 - root - INFO - average validate roc_auc, 0.7984 ± 0.0100
2025-10-08 10:34:43,786 - root - INFO - new node validate average_precision, [np.float64(0.5818188148256049), np.float64(0.5956259968499366)]
2025-10-08 10:34:43,786 - root - INFO - average new node validate average_precision, 0.5887 ± 0.0098
2025-10-08 10:34:43,786 - root - INFO - new node validate roc_auc, [np.float64(0.6536658640586442), np.float64(0.6718794034297102)]
2025-10-08 10:34:43,786 - root - INFO - average new node validate roc_auc, 0.6628 ± 0.0129
2025-10-08 10:34:43,786 - root - INFO - test average_precision, [np.float64(0.6804730628033607), np.float64(0.7025231928192769)]
2025-10-08 10:34:43,786 - root - INFO - average test average_precision, 0.6915 ± 0.0156
2025-10-08 10:34:43,787 - root - INFO - test roc_auc, [np.float64(0.7602482557215512), np.float64(0.7762134257787666)]
2025-10-08 10:34:43,787 - root - INFO - average test roc_auc, 0.7682 ± 0.0113
2025-10-08 10:34:43,787 - root - INFO - new node test average_precision, [np.float64(0.5544670238817185), np.float64(0.5722326354958166)]
2025-10-08 10:34:43,787 - root - INFO - average new node test average_precision, 0.5633 ± 0.0126
2025-10-08 10:34:43,787 - root - INFO - new node test roc_auc, [np.float64(0.6142341672437673), np.float64(0.632123332179132)]
2025-10-08 10:34:43,787 - root - INFO - average new node test roc_auc, 0.6232 ± 0.0126
