2025-10-08 09:32:09,910 - root - INFO - ********** Run 1 starts. **********
2025-10-08 09:32:09,911 - root - INFO - configuration is Namespace(dataset_name='enron', batch_size=200, model_name='TCL', gpu=0, num_neighbors=20, sample_neighbor_strategy='recent', time_scaling_factor=1e-06, num_walk_heads=8, num_heads=2, num_layers=2, walk_length=1, time_gap=2000, time_feat_dim=100, position_feat_dim=172, time_window_mode='fixed_proportion', time_encoder_type='bochner', expert_dim=128, num_mixtures=16, sort_neighbors_by_time=False, patch_size=1, channel_embedding_dim=50, max_input_sequence_length=32, learning_rate=0.0001, dropout=0.1, gamma=0.5, num_epochs=2, optimizer='Adam', weight_decay=0.0, patience=20, val_ratio=0.15, test_ratio=0.15, num_runs=2, test_interval_epochs=100, negative_sample_strategy='random', max_interaction_times=10, load_best_configs=True, data_ratio=0.05, seed=0, save_model_name_suffix='', ablation_dir='', mamba_d_state=256, mamba_d_conv=4, mamba_expand=2, mamba_headdim=64, resume_from_checkpoint=None, save_checkpoints=True, checkpoint_interval=5, start_from_seed=0, max_checkpoints_to_keep=3, checkpoint_strategy='minimal', validate_checkpoints=True, device='cuda:0', save_model_name='TCL_bochner_seed0')
2025-10-08 09:32:09,914 - root - INFO - Metrics will be saved to: ./saved_metrics/TCL/enron/TCL_bochner_seed0
2025-10-08 09:32:09,914 - root - INFO - time encoder type: bochner
2025-10-08 09:32:09,915 - root - INFO - Time encoder will be injected into TCL model
2025-10-08 09:32:10,170 - root - INFO - model -> Sequential(
  (0): TCL(
    (time_encoder): TimeEncoderWrapper(
      (encoder): BochnerTimeEncoder()
    )
    (depth_embedding): Embedding(21, 172)
    (projection_layer): ModuleDict(
      (node): Linear(in_features=172, out_features=172, bias=True)
      (edge): Linear(in_features=172, out_features=172, bias=True)
      (time): Linear(in_features=100, out_features=172, bias=True)
    )
    (transformers): ModuleList(
      (0-1): 2 x TransformerEncoder(
        (multi_head_attention): MultiheadAttention(
          (out_proj): NonDynamicallyQuantizableLinear(in_features=172, out_features=172, bias=True)
        )
        (dropout): Dropout(p=0.1, inplace=False)
        (linear_layers): ModuleList(
          (0): Linear(in_features=172, out_features=688, bias=True)
          (1): Linear(in_features=688, out_features=172, bias=True)
        )
        (norm_layers): ModuleList(
          (0-1): 2 x LayerNorm((172,), eps=1e-05, elementwise_affine=True)
        )
      )
    )
    (output_layer): Linear(in_features=172, out_features=172, bias=True)
  )
  (1): MergeLayer(
    (fc1): Linear(in_features=344, out_features=172, bias=True)
    (fc2): Linear(in_features=172, out_features=1, bias=True)
    (act): ReLU()
  )
)
2025-10-08 09:32:10,170 - root - INFO - model name: TCL, #parameters: 3537412 B, 3454.50390625 KB, 3.3735389709472656 MB.
2025-10-08 09:32:12,101 - root - INFO - Epoch: 1, learning rate: 0.0001, train loss: 0.5961
2025-10-08 09:32:12,101 - root - INFO - train average_precision, 0.7252
2025-10-08 09:32:12,101 - root - INFO - train roc_auc, 0.7797
2025-10-08 09:32:12,101 - root - INFO - validate loss: 0.5698
2025-10-08 09:32:12,101 - root - INFO - validate average_precision, 0.6969
2025-10-08 09:32:12,101 - root - INFO - validate roc_auc, 0.7445
2025-10-08 09:32:12,101 - root - INFO - new node validate loss: 0.7509
2025-10-08 09:32:12,101 - root - INFO - new node validate average_precision, 0.5598
2025-10-08 09:32:12,101 - root - INFO - new node validate roc_auc, 0.5604
2025-10-08 09:32:12,110 - root - INFO - save model ./saved_models/TCL/enron/TCL_bochner_seed0/TCL_bochner_seed0.pkl
2025-10-08 09:32:13,046 - root - INFO - Epoch: 2, learning rate: 0.0001, train loss: 0.5368
2025-10-08 09:32:13,047 - root - INFO - train average_precision, 0.7674
2025-10-08 09:32:13,047 - root - INFO - train roc_auc, 0.8145
2025-10-08 09:32:13,047 - root - INFO - validate loss: 0.5881
2025-10-08 09:32:13,047 - root - INFO - validate average_precision, 0.7083
2025-10-08 09:32:13,047 - root - INFO - validate roc_auc, 0.7496
2025-10-08 09:32:13,047 - root - INFO - new node validate loss: 0.7208
2025-10-08 09:32:13,047 - root - INFO - new node validate average_precision, 0.5594
2025-10-08 09:32:13,047 - root - INFO - new node validate roc_auc, 0.5627
2025-10-08 09:32:13,051 - root - INFO - save model ./saved_models/TCL/enron/TCL_bochner_seed0/TCL_bochner_seed0.pkl
2025-10-08 09:32:13,087 - root - INFO - load model ./saved_models/TCL/enron/TCL_bochner_seed0/TCL_bochner_seed0.pkl
2025-10-08 09:32:13,100 - root - INFO - get final performance on dataset enron...
2025-10-08 09:32:13,331 - root - INFO - validate loss: 0.5881
2025-10-08 09:32:13,331 - root - INFO - validate average_precision, 0.7083
2025-10-08 09:32:13,331 - root - INFO - validate roc_auc, 0.7496
2025-10-08 09:32:13,331 - root - INFO - new node validate loss: 0.7208
2025-10-08 09:32:13,331 - root - INFO - new node validate average_precision, 0.5594
2025-10-08 09:32:13,331 - root - INFO - new node validate roc_auc, 0.5627
2025-10-08 09:32:13,331 - root - INFO - test loss: 0.6260
2025-10-08 09:32:13,331 - root - INFO - test average_precision, 0.6604
2025-10-08 09:32:13,331 - root - INFO - test roc_auc, 0.6941
2025-10-08 09:32:13,331 - root - INFO - new node test loss: 0.7587
2025-10-08 09:32:13,331 - root - INFO - new node test average_precision, 0.5778
2025-10-08 09:32:13,332 - root - INFO - new node test roc_auc, 0.5820
2025-10-08 09:32:13,339 - root - INFO - ✅ Metrics saved to: ./saved_metrics/TCL/enron/TCL_bochner_seed0
2025-10-08 09:32:13,339 - root - INFO - Run 1 cost 3.43 seconds.
