2025-09-29 15:33:20,768 - root - INFO - ********** Run 1 starts. **********
2025-09-29 15:33:20,768 - root - INFO - configuration is Namespace(dataset_name='wikipedia', batch_size=200, model_name='TGAT', gpu=0, num_neighbors=20, sample_neighbor_strategy='recent', time_scaling_factor=1e-06, num_walk_heads=8, num_heads=2, num_layers=2, walk_length=1, time_gap=2000, time_feat_dim=128, position_feat_dim=172, time_window_mode='fixed_proportion', time_encoder_type='bochner', expert_dim=64, num_mixtures=4, patch_size=1, channel_embedding_dim=50, max_input_sequence_length=32, learning_rate=0.0001, dropout=0.1, gamma=0.5, num_epochs=2, optimizer='Adam', weight_decay=0.0, patience=20, val_ratio=0.15, test_ratio=0.15, num_runs=5, test_interval_epochs=1, negative_sample_strategy='random', max_interaction_times=10, load_best_configs=True, device='cuda:0', seed=0, save_model_name='TGAT_seed0')
2025-09-29 15:33:20,769 - root - INFO - time encoder type: bochner
2025-09-29 15:33:21,010 - root - INFO - model -> Sequential(
  (0): TGAT(
    (time_encoder): TimeEncoderWrapper(
      (encoder): BochnerTimeEncoder()
    )
    (temporal_conv_layers): ModuleList(
      (0-1): 2 x MultiHeadAttention(
        (query_projection): Linear(in_features=300, out_features=300, bias=False)
        (key_projection): Linear(in_features=472, out_features=300, bias=False)
        (value_projection): Linear(in_features=472, out_features=300, bias=False)
        (layer_norm): LayerNorm((300,), eps=1e-05, elementwise_affine=True)
        (residual_fc): Linear(in_features=300, out_features=300, bias=True)
        (dropout): Dropout(p=0.1, inplace=False)
      )
    )
    (merge_layers): ModuleList(
      (0-1): 2 x MergeLayer(
        (fc1): Linear(in_features=472, out_features=172, bias=True)
        (fc2): Linear(in_features=172, out_features=172, bias=True)
        (act): ReLU()
      )
    )
  )
  (1): MergeLayer(
    (fc1): Linear(in_features=344, out_features=172, bias=True)
    (fc2): Linear(in_features=172, out_features=1, bias=True)
    (act): ReLU()
  )
)
2025-09-29 15:33:21,011 - root - INFO - model name: TGAT, #parameters: 4839752 B, 4726.3203125 KB, 4.615547180175781 MB.
2025-09-29 15:34:41,483 - root - INFO - Epoch: 1, learning rate: 0.0001, train loss: 0.4701
2025-09-29 15:34:41,484 - root - INFO - train average_precision, 0.8317
2025-09-29 15:34:41,484 - root - INFO - train roc_auc, 0.8558
2025-09-29 15:34:41,484 - root - INFO - validate loss: 0.3784
2025-09-29 15:34:41,484 - root - INFO - validate average_precision, 0.9153
2025-09-29 15:34:41,484 - root - INFO - validate roc_auc, 0.9141
2025-09-29 15:34:41,484 - root - INFO - new node validate loss: 0.3747
2025-09-29 15:34:41,484 - root - INFO - new node validate average_precision, 0.9162
2025-09-29 15:34:41,484 - root - INFO - new node validate roc_auc, 0.9149
2025-09-29 15:35:02,827 - root - INFO - test loss: 0.4087
2025-09-29 15:35:02,827 - root - INFO - test average_precision, 0.9005
2025-09-29 15:35:02,828 - root - INFO - best test average_precision: 0.9005
2025-09-29 15:35:02,828 - root - INFO - test roc_auc, 0.8991
2025-09-29 15:35:02,828 - root - INFO - new node test loss: 0.4145
2025-09-29 15:35:02,828 - root - INFO - new node test average_precision, 0.8993
2025-09-29 15:35:02,828 - root - INFO - new node test roc_auc, 0.8955
2025-09-29 15:35:02,832 - root - INFO - save model ./saved_models/TGAT/wikipedia/TGAT_seed0/TGAT_seed0.pkl
2025-09-29 15:36:21,965 - root - INFO - Epoch: 2, learning rate: 0.0001, train loss: 0.3293
2025-09-29 15:36:21,966 - root - INFO - train average_precision, 0.9331
2025-09-29 15:36:21,966 - root - INFO - train roc_auc, 0.9354
2025-09-29 15:36:21,966 - root - INFO - validate loss: 0.3578
2025-09-29 15:36:21,966 - root - INFO - validate average_precision, 0.9226
2025-09-29 15:36:21,966 - root - INFO - validate roc_auc, 0.9230
2025-09-29 15:36:21,966 - root - INFO - new node validate loss: 0.3574
2025-09-29 15:36:21,966 - root - INFO - new node validate average_precision, 0.9212
2025-09-29 15:36:21,967 - root - INFO - new node validate roc_auc, 0.9218
2025-09-29 15:36:43,241 - root - INFO - test loss: 0.3902
2025-09-29 15:36:43,241 - root - INFO - test average_precision, 0.9087
2025-09-29 15:36:43,242 - root - INFO - best test average_precision: 0.9087
2025-09-29 15:36:43,242 - root - INFO - test roc_auc, 0.9088
2025-09-29 15:36:43,242 - root - INFO - new node test loss: 0.3987
2025-09-29 15:36:43,242 - root - INFO - new node test average_precision, 0.9043
2025-09-29 15:36:43,242 - root - INFO - new node test roc_auc, 0.9034
2025-09-29 15:36:43,242 - root - INFO - save model ./saved_models/TGAT/wikipedia/TGAT_seed0/TGAT_seed0.pkl
2025-09-29 15:36:43,295 - root - INFO - load model ./saved_models/TGAT/wikipedia/TGAT_seed0/TGAT_seed0.pkl
2025-09-29 15:36:43,305 - root - INFO - get final performance on dataset wikipedia...
2025-09-29 15:37:26,039 - root - INFO - validate loss: 0.3578
2025-09-29 15:37:26,040 - root - INFO - validate average_precision, 0.9226
2025-09-29 15:37:26,040 - root - INFO - validate roc_auc, 0.9230
2025-09-29 15:37:26,040 - root - INFO - new node validate loss: 0.3574
2025-09-29 15:37:26,040 - root - INFO - new node validate average_precision, 0.9212
2025-09-29 15:37:26,040 - root - INFO - new node validate roc_auc, 0.9218
2025-09-29 15:37:26,040 - root - INFO - test loss: 0.3902
2025-09-29 15:37:26,040 - root - INFO - test average_precision, 0.9087
2025-09-29 15:37:26,040 - root - INFO - test roc_auc, 0.9088
2025-09-29 15:37:26,040 - root - INFO - new node test loss: 0.3987
2025-09-29 15:37:26,040 - root - INFO - new node test average_precision, 0.9043
2025-09-29 15:37:26,040 - root - INFO - new node test roc_auc, 0.9034
2025-09-29 15:37:26,040 - root - INFO - Run 1 cost 245.27 seconds.
