2025-10-08 07:05:10,126 - root - INFO - ********** Run 2 starts. **********
2025-10-08 07:05:10,126 - root - INFO - configuration is Namespace(dataset_name='Flights', batch_size=200, model_name='DyGMamba', gpu=0, num_neighbors=20, sample_neighbor_strategy='uniform', time_scaling_factor=1e-06, num_walk_heads=8, num_heads=2, num_layers=2, walk_length=1, time_gap=2000, time_feat_dim=100, position_feat_dim=172, time_window_mode='fixed_proportion', time_encoder_type='mercer', expert_dim=128, num_mixtures=16, sort_neighbors_by_time=False, patch_size=8, channel_embedding_dim=50, max_input_sequence_length=256, learning_rate=0.0001, dropout=0.1, gamma=0.5, num_epochs=2, optimizer='Adam', weight_decay=0.0, patience=20, val_ratio=0.15, test_ratio=0.15, num_runs=2, test_interval_epochs=100, negative_sample_strategy='random', max_interaction_times=30, load_best_configs=True, data_ratio=0.05, seed=1, save_model_name_suffix='', ablation_dir='', mamba_d_state=256, mamba_d_conv=4, mamba_expand=2, mamba_headdim=64, resume_from_checkpoint=None, save_checkpoints=True, checkpoint_interval=20, start_from_seed=0, max_checkpoints_to_keep=3, checkpoint_strategy='minimal', validate_checkpoints=True, device='cuda:0', save_model_name='DyGMamba_mercer_seed1')
2025-10-08 07:05:10,127 - root - INFO - Metrics will be saved to: ./saved_metrics/DyGMamba/Flights/DyGMamba_mercer_seed1
2025-10-08 07:05:10,128 - root - INFO - time encoder type: mercer
2025-10-08 07:05:10,128 - root - INFO - Time encoder will be injected into DyGMamba model
2025-10-08 07:05:10,719 - root - INFO - model -> Sequential(
  (0): DyGMamba(
    (time_encoder): TimeEncoderWrapper(
      (encoder): MercerTimeEncoder()
    )
    (neighbor_co_occurrence_encoder): NIFEncoder(
      (nif_encode_layer): Sequential(
        (0): Linear(in_features=1, out_features=50, bias=True)
        (1): ReLU()
        (2): Linear(in_features=50, out_features=50, bias=True)
      )
    )
    (projection_layer): ModuleDict(
      (node): Linear(in_features=1376, out_features=50, bias=True)
      (edge): Linear(in_features=1376, out_features=50, bias=True)
      (time): Linear(in_features=800, out_features=50, bias=True)
      (neighbor_co_occurrence): Linear(in_features=400, out_features=50, bias=True)
    )
    (output_layer): Linear(in_features=100, out_features=172, bias=True)
    (output_layer_t_diff): Linear(in_features=25, out_features=172, bias=True)
    (mamba): ModuleList(
      (0-1): 2 x Mamba(
        (in_proj): Linear(in_features=100, out_features=200, bias=False)
        (conv1d): Conv1d(100, 100, kernel_size=(4,), stride=(1,), padding=(3,), groups=100)
        (act): SiLU()
        (x_proj): Linear(in_features=100, out_features=39, bias=False)
        (dt_proj): Linear(in_features=7, out_features=100, bias=True)
        (out_proj): Linear(in_features=100, out_features=100, bias=False)
      )
    )
    (mamba_t_diff): ModuleList(
      (0-1): 2 x Mamba(
        (in_proj): Linear(in_features=25, out_features=50, bias=False)
        (conv1d): Conv1d(25, 25, kernel_size=(4,), stride=(1,), padding=(3,), groups=25)
        (act): SiLU()
        (x_proj): Linear(in_features=25, out_features=34, bias=False)
        (dt_proj): Linear(in_features=2, out_features=25, bias=True)
        (out_proj): Linear(in_features=25, out_features=25, bias=False)
      )
    )
    (projection_layer_t_diff): Linear(in_features=100, out_features=25, bias=True)
    (projection_layer_t_diff_up): Linear(in_features=25, out_features=100, bias=True)
    (weightagg): Linear(in_features=100, out_features=1, bias=True)
    (reduce_layer): Linear(in_features=200, out_features=100, bias=True)
    (channel_norm): LayerNorm((100,), eps=1e-05, elementwise_affine=True)
    (channel_feedforward): FeedForwardNet(
      (ffn): Sequential(
        (0): Linear(in_features=100, out_features=400, bias=True)
        (1): GELU(approximate='none')
        (2): Dropout(p=0.1, inplace=False)
        (3): Linear(in_features=400, out_features=100, bias=True)
        (4): Dropout(p=0.1, inplace=False)
      )
    )
    (neighbor_selection_layer): Linear(in_features=100, out_features=100, bias=True)
  )
  (1): MergeLayerTD(
    (fc1): Linear(in_features=516, out_features=172, bias=True)
    (fc2): Linear(in_features=172, out_features=1, bias=True)
    (act): ReLU()
  )
)
2025-10-08 07:05:10,720 - root - INFO - model name: DyGMamba, #parameters: 2039268 B, 1991.47265625 KB, 1.9447975158691406 MB.
2025-10-08 07:06:58,028 - root - INFO - Epoch: 1, learning rate: 0.0001, train loss: 0.5442
2025-10-08 07:06:58,029 - root - INFO - train average_precision, 0.7375
2025-10-08 07:06:58,029 - root - INFO - train roc_auc, 0.7281
2025-10-08 07:06:58,029 - root - INFO - validate loss: 0.4256
2025-10-08 07:06:58,029 - root - INFO - validate average_precision, 0.8926
2025-10-08 07:06:58,029 - root - INFO - validate roc_auc, 0.8858
2025-10-08 07:06:58,029 - root - INFO - new node validate loss: 0.6583
2025-10-08 07:06:58,029 - root - INFO - new node validate average_precision, 0.7740
2025-10-08 07:06:58,029 - root - INFO - new node validate roc_auc, 0.7693
2025-10-08 07:06:58,040 - root - INFO - save model ./saved_models/DyGMamba/Flights/DyGMamba_mercer_seed1/DyGMamba_mercer_seed1.pkl
2025-10-08 07:08:44,885 - root - INFO - Epoch: 2, learning rate: 0.0001, train loss: 0.5512
2025-10-08 07:08:44,886 - root - INFO - train average_precision, 0.7320
2025-10-08 07:08:44,886 - root - INFO - train roc_auc, 0.7178
2025-10-08 07:08:44,886 - root - INFO - validate loss: 0.4111
2025-10-08 07:08:44,886 - root - INFO - validate average_precision, 0.8995
2025-10-08 07:08:44,886 - root - INFO - validate roc_auc, 0.8923
2025-10-08 07:08:44,886 - root - INFO - new node validate loss: 0.6542
2025-10-08 07:08:44,886 - root - INFO - new node validate average_precision, 0.7827
2025-10-08 07:08:44,886 - root - INFO - new node validate roc_auc, 0.7735
2025-10-08 07:08:44,894 - root - INFO - save model ./saved_models/DyGMamba/Flights/DyGMamba_mercer_seed1/DyGMamba_mercer_seed1.pkl
2025-10-08 07:08:44,923 - root - INFO - load model ./saved_models/DyGMamba/Flights/DyGMamba_mercer_seed1/DyGMamba_mercer_seed1.pkl
2025-10-08 07:08:44,939 - root - INFO - get final performance on dataset Flights...
2025-10-08 07:09:24,390 - root - INFO - validate loss: 0.4111
2025-10-08 07:09:24,390 - root - INFO - validate average_precision, 0.8995
2025-10-08 07:09:24,391 - root - INFO - validate roc_auc, 0.8923
2025-10-08 07:09:24,391 - root - INFO - new node validate loss: 0.6542
2025-10-08 07:09:24,391 - root - INFO - new node validate average_precision, 0.7827
2025-10-08 07:09:24,391 - root - INFO - new node validate roc_auc, 0.7735
2025-10-08 07:09:24,391 - root - INFO - test loss: 0.4830
2025-10-08 07:09:24,391 - root - INFO - test average_precision, 0.8539
2025-10-08 07:09:24,391 - root - INFO - test roc_auc, 0.8446
2025-10-08 07:09:24,391 - root - INFO - new node test loss: 0.8165
2025-10-08 07:09:24,391 - root - INFO - new node test average_precision, 0.6669
2025-10-08 07:09:24,391 - root - INFO - new node test roc_auc, 0.6473
2025-10-08 07:09:24,400 - root - INFO - ✅ Metrics saved to: ./saved_metrics/DyGMamba/Flights/DyGMamba_mercer_seed1
2025-10-08 07:09:24,400 - root - INFO - Run 2 cost 254.27 seconds.
2025-10-08 07:09:24,404 - root - INFO - metrics over 2 runs:
2025-10-08 07:09:24,404 - root - INFO - validate average_precision, [np.float64(0.9193486685102951), np.float64(0.8994845890293838)]
2025-10-08 07:09:24,405 - root - INFO - average validate average_precision, 0.9094 ± 0.0140
2025-10-08 07:09:24,405 - root - INFO - validate roc_auc, [np.float64(0.9080348506452003), np.float64(0.8922602761599971)]
2025-10-08 07:09:24,405 - root - INFO - average validate roc_auc, 0.9001 ± 0.0112
2025-10-08 07:09:24,405 - root - INFO - new node validate average_precision, [np.float64(0.8396140246656747), np.float64(0.7826774012827779)]
2025-10-08 07:09:24,405 - root - INFO - average new node validate average_precision, 0.8111 ± 0.0403
2025-10-08 07:09:24,405 - root - INFO - new node validate roc_auc, [np.float64(0.819713799560228), np.float64(0.773471150278293)]
2025-10-08 07:09:24,405 - root - INFO - average new node validate roc_auc, 0.7966 ± 0.0327
2025-10-08 07:09:24,405 - root - INFO - test average_precision, [np.float64(0.895645865407608), np.float64(0.8538784189654954)]
2025-10-08 07:09:24,405 - root - INFO - average test average_precision, 0.8748 ± 0.0295
2025-10-08 07:09:24,405 - root - INFO - test roc_auc, [np.float64(0.8787256250000001), np.float64(0.8446049999999999)]
2025-10-08 07:09:24,406 - root - INFO - average test roc_auc, 0.8617 ± 0.0241
2025-10-08 07:09:24,406 - root - INFO - new node test average_precision, [np.float64(0.7446940535325264), np.float64(0.6668906368278696)]
2025-10-08 07:09:24,406 - root - INFO - average new node test average_precision, 0.7058 ± 0.0550
2025-10-08 07:09:24,406 - root - INFO - new node test roc_auc, [np.float64(0.7153136097806471), np.float64(0.6473067567333056)]
2025-10-08 07:09:24,406 - root - INFO - average new node test roc_auc, 0.6813 ± 0.0481
