2025-10-01 10:06:41,771 - root - INFO - ********** Run 1 starts. **********
2025-10-01 10:06:41,771 - root - INFO - configuration is Namespace(dataset_name='reddit', batch_size=200, model_name='DyRep', gpu=0, num_neighbors=10, sample_neighbor_strategy='recent', time_scaling_factor=1e-06, num_walk_heads=8, num_heads=2, num_layers=1, walk_length=1, time_gap=2000, time_feat_dim=128, position_feat_dim=172, time_window_mode='fixed_proportion', time_encoder_type='lete', expert_dim=64, num_mixtures=4, patch_size=1, channel_embedding_dim=50, max_input_sequence_length=32, learning_rate=0.0001, dropout=0.1, gamma=0.5, num_epochs=100, optimizer='Adam', weight_decay=0.0, patience=20, val_ratio=0.15, test_ratio=0.15, num_runs=5, test_interval_epochs=1, negative_sample_strategy='random', max_interaction_times=10, load_best_configs=True, device='cuda:0', seed=0, save_model_name='DyRep_seed0')
2025-10-01 10:06:41,773 - root - INFO - time encoder type: lete
2025-10-01 10:06:42,632 - root - INFO - model -> Sequential(
  (0): MemoryModel(
    (time_encoder): TimeEncoder(
      (w): Linear(in_features=1, out_features=128, bias=True)
    )
    (message_aggregator): MessageAggregator()
    (memory_bank): MemoryBank(num_nodes=10985, memory_dim=172)
    (memory_updater): RNNMemoryUpdater(
      (memory_bank): MemoryBank(num_nodes=10985, memory_dim=172)
      (memory_updater): RNNCell(644, 172)
    )
    (embedding_module): GraphAttentionEmbedding(
      (time_encoder): TimeEncoder(
        (w): Linear(in_features=1, out_features=128, bias=True)
      )
      (temporal_conv_layers): ModuleList(
        (0): MultiHeadAttention(
          (query_projection): Linear(in_features=300, out_features=300, bias=False)
          (key_projection): Linear(in_features=472, out_features=300, bias=False)
          (value_projection): Linear(in_features=472, out_features=300, bias=False)
          (layer_norm): LayerNorm((300,), eps=1e-05, elementwise_affine=True)
          (residual_fc): Linear(in_features=300, out_features=300, bias=True)
          (dropout): Dropout(p=0.1, inplace=False)
        )
      )
      (merge_layers): ModuleList(
        (0): MergeLayer(
          (fc1): Linear(in_features=472, out_features=172, bias=True)
          (fc2): Linear(in_features=172, out_features=172, bias=True)
          (act): ReLU()
        )
      )
    )
  )
  (1): MergeLayer(
    (fc1): Linear(in_features=344, out_features=172, bias=True)
    (fc2): Linear(in_features=172, out_features=1, bias=True)
    (act): ReLU()
  )
)
2025-10-01 10:06:42,632 - root - INFO - model name: DyRep, #parameters: 3102708 B, 3029.98828125 KB, 2.958972930908203 MB.
2025-10-01 10:08:53,899 - root - INFO - Epoch: 1, learning rate: 0.0001, train loss: 0.3110
2025-10-01 10:08:53,900 - root - INFO - train average_precision, 0.9350
2025-10-01 10:08:53,900 - root - INFO - train roc_auc, 0.9382
2025-10-01 10:08:53,900 - root - INFO - validate loss: 0.2716
2025-10-01 10:08:53,900 - root - INFO - validate average_precision, 0.9549
2025-10-01 10:08:53,900 - root - INFO - validate roc_auc, 0.9572
2025-10-01 10:08:53,900 - root - INFO - new node validate loss: 0.4767
2025-10-01 10:08:53,900 - root - INFO - new node validate average_precision, 0.8656
2025-10-01 10:08:53,901 - root - INFO - new node validate roc_auc, 0.8691
2025-10-01 10:09:18,486 - root - INFO - test loss: 0.2779
2025-10-01 10:09:18,487 - root - INFO - test average_precision, 0.9533
2025-10-01 10:09:18,487 - root - INFO - best test average_precision: 0.9533
2025-10-01 10:09:18,487 - root - INFO - test roc_auc, 0.9559
2025-10-01 10:09:18,487 - root - INFO - new node test loss: 0.4080
2025-10-01 10:09:18,487 - root - INFO - new node test average_precision, 0.8919
2025-10-01 10:09:18,487 - root - INFO - new node test roc_auc, 0.9023
2025-10-01 10:09:18,487 - root - INFO - save model ./saved_models/DyRep/reddit/DyRep_seed0/DyRep_seed0.pkl
2025-10-01 10:11:31,193 - root - INFO - Epoch: 2, learning rate: 0.0001, train loss: 0.2362
2025-10-01 10:11:31,194 - root - INFO - train average_precision, 0.9648
2025-10-01 10:11:31,194 - root - INFO - train roc_auc, 0.9650
2025-10-01 10:11:31,194 - root - INFO - validate loss: 0.2381
2025-10-01 10:11:31,194 - root - INFO - validate average_precision, 0.9670
2025-10-01 10:11:31,194 - root - INFO - validate roc_auc, 0.9663
2025-10-01 10:11:31,194 - root - INFO - new node validate loss: 0.4806
2025-10-01 10:11:31,194 - root - INFO - new node validate average_precision, 0.8661
2025-10-01 10:11:31,194 - root - INFO - new node validate roc_auc, 0.8666
2025-10-01 10:11:56,570 - root - INFO - test loss: 0.2566
2025-10-01 10:11:56,570 - root - INFO - test average_precision, 0.9633
2025-10-01 10:11:56,570 - root - INFO - best test average_precision: 0.9633
2025-10-01 10:11:56,570 - root - INFO - test roc_auc, 0.9624
2025-10-01 10:11:56,570 - root - INFO - new node test loss: 0.4010
2025-10-01 10:11:56,571 - root - INFO - new node test average_precision, 0.8971
2025-10-01 10:11:56,571 - root - INFO - new node test roc_auc, 0.9028
2025-10-01 10:11:56,571 - root - INFO - save model ./saved_models/DyRep/reddit/DyRep_seed0/DyRep_seed0.pkl
2025-10-01 10:14:10,435 - root - INFO - Epoch: 3, learning rate: 0.0001, train loss: 0.2188
2025-10-01 10:14:10,436 - root - INFO - train average_precision, 0.9702
2025-10-01 10:14:10,436 - root - INFO - train roc_auc, 0.9698
2025-10-01 10:14:10,437 - root - INFO - validate loss: 0.2152
2025-10-01 10:14:10,437 - root - INFO - validate average_precision, 0.9722
2025-10-01 10:14:10,437 - root - INFO - validate roc_auc, 0.9720
2025-10-01 10:14:10,437 - root - INFO - new node validate loss: 0.4268
2025-10-01 10:14:10,437 - root - INFO - new node validate average_precision, 0.8969
2025-10-01 10:14:10,437 - root - INFO - new node validate roc_auc, 0.8937
2025-10-01 10:14:35,339 - root - INFO - test loss: 0.2205
2025-10-01 10:14:35,340 - root - INFO - test average_precision, 0.9701
2025-10-01 10:14:35,340 - root - INFO - best test average_precision: 0.9701
2025-10-01 10:14:35,340 - root - INFO - test roc_auc, 0.9706
2025-10-01 10:14:35,340 - root - INFO - new node test loss: 0.3328
2025-10-01 10:14:35,340 - root - INFO - new node test average_precision, 0.9317
2025-10-01 10:14:35,340 - root - INFO - new node test roc_auc, 0.9347
2025-10-01 10:14:35,340 - root - INFO - save model ./saved_models/DyRep/reddit/DyRep_seed0/DyRep_seed0.pkl
2025-10-01 10:16:49,254 - root - INFO - Epoch: 4, learning rate: 0.0001, train loss: 0.2112
2025-10-01 10:16:49,254 - root - INFO - train average_precision, 0.9723
2025-10-01 10:16:49,255 - root - INFO - train roc_auc, 0.9719
2025-10-01 10:16:49,255 - root - INFO - validate loss: 0.2128
2025-10-01 10:16:49,255 - root - INFO - validate average_precision, 0.9730
2025-10-01 10:16:49,255 - root - INFO - validate roc_auc, 0.9726
2025-10-01 10:16:49,255 - root - INFO - new node validate loss: 0.4104
2025-10-01 10:16:49,255 - root - INFO - new node validate average_precision, 0.9043
2025-10-01 10:16:49,255 - root - INFO - new node validate roc_auc, 0.9014
2025-10-01 10:17:14,675 - root - INFO - test loss: 0.2145
2025-10-01 10:17:14,675 - root - INFO - test average_precision, 0.9725
2025-10-01 10:17:14,675 - root - INFO - best test average_precision: 0.9725
2025-10-01 10:17:14,675 - root - INFO - test roc_auc, 0.9724
2025-10-01 10:17:14,675 - root - INFO - new node test loss: 0.3209
2025-10-01 10:17:14,675 - root - INFO - new node test average_precision, 0.9327
2025-10-01 10:17:14,675 - root - INFO - new node test roc_auc, 0.9380
2025-10-01 10:17:14,676 - root - INFO - save model ./saved_models/DyRep/reddit/DyRep_seed0/DyRep_seed0.pkl
2025-10-01 10:19:28,227 - root - INFO - Epoch: 5, learning rate: 0.0001, train loss: 0.2065
2025-10-01 10:19:28,227 - root - INFO - train average_precision, 0.9734
2025-10-01 10:19:28,228 - root - INFO - train roc_auc, 0.9731
2025-10-01 10:19:28,228 - root - INFO - validate loss: 0.2067
2025-10-01 10:19:28,228 - root - INFO - validate average_precision, 0.9749
2025-10-01 10:19:28,228 - root - INFO - validate roc_auc, 0.9743
2025-10-01 10:19:28,228 - root - INFO - new node validate loss: 0.4101
2025-10-01 10:19:28,228 - root - INFO - new node validate average_precision, 0.9068
2025-10-01 10:19:28,228 - root - INFO - new node validate roc_auc, 0.9026
2025-10-01 10:19:52,830 - root - INFO - test loss: 0.2033
2025-10-01 10:19:52,831 - root - INFO - test average_precision, 0.9754
2025-10-01 10:19:52,831 - root - INFO - best test average_precision: 0.9754
2025-10-01 10:19:52,831 - root - INFO - test roc_auc, 0.9751
2025-10-01 10:19:52,831 - root - INFO - new node test loss: 0.3164
2025-10-01 10:19:52,831 - root - INFO - new node test average_precision, 0.9377
2025-10-01 10:19:52,831 - root - INFO - new node test roc_auc, 0.9413
2025-10-01 10:19:52,831 - root - INFO - save model ./saved_models/DyRep/reddit/DyRep_seed0/DyRep_seed0.pkl
2025-10-01 10:22:07,113 - root - INFO - Epoch: 6, learning rate: 0.0001, train loss: 0.2012
2025-10-01 10:22:07,114 - root - INFO - train average_precision, 0.9748
2025-10-01 10:22:07,114 - root - INFO - train roc_auc, 0.9744
2025-10-01 10:22:07,114 - root - INFO - validate loss: 0.2096
2025-10-01 10:22:07,114 - root - INFO - validate average_precision, 0.9744
2025-10-01 10:22:07,115 - root - INFO - validate roc_auc, 0.9736
2025-10-01 10:22:07,115 - root - INFO - new node validate loss: 0.3979
2025-10-01 10:22:07,115 - root - INFO - new node validate average_precision, 0.9083
2025-10-01 10:22:07,115 - root - INFO - new node validate roc_auc, 0.9048
2025-10-01 10:22:32,514 - root - INFO - test loss: 0.2225
2025-10-01 10:22:32,514 - root - INFO - test average_precision, 0.9717
2025-10-01 10:22:32,514 - root - INFO - best test average_precision: 0.9754
2025-10-01 10:22:32,514 - root - INFO - test roc_auc, 0.9709
2025-10-01 10:22:32,514 - root - INFO - new node test loss: 0.3324
2025-10-01 10:22:32,514 - root - INFO - new node test average_precision, 0.9334
2025-10-01 10:22:32,514 - root - INFO - new node test roc_auc, 0.9343
2025-10-01 10:24:47,589 - root - INFO - Epoch: 7, learning rate: 0.0001, train loss: 0.1986
2025-10-01 10:24:47,590 - root - INFO - train average_precision, 0.9754
2025-10-01 10:24:47,590 - root - INFO - train roc_auc, 0.9750
2025-10-01 10:24:47,590 - root - INFO - validate loss: 0.2037
2025-10-01 10:24:47,591 - root - INFO - validate average_precision, 0.9757
2025-10-01 10:24:47,591 - root - INFO - validate roc_auc, 0.9750
2025-10-01 10:24:47,591 - root - INFO - new node validate loss: 0.3919
2025-10-01 10:24:47,591 - root - INFO - new node validate average_precision, 0.9131
2025-10-01 10:24:47,591 - root - INFO - new node validate roc_auc, 0.9071
2025-10-01 10:25:12,841 - root - INFO - test loss: 0.2021
2025-10-01 10:25:12,842 - root - INFO - test average_precision, 0.9759
2025-10-01 10:25:12,842 - root - INFO - best test average_precision: 0.9759
2025-10-01 10:25:12,842 - root - INFO - test roc_auc, 0.9755
2025-10-01 10:25:12,842 - root - INFO - new node test loss: 0.2968
2025-10-01 10:25:12,842 - root - INFO - new node test average_precision, 0.9462
2025-10-01 10:25:12,842 - root - INFO - new node test roc_auc, 0.9472
2025-10-01 10:25:12,842 - root - INFO - save model ./saved_models/DyRep/reddit/DyRep_seed0/DyRep_seed0.pkl
2025-10-01 10:27:26,587 - root - INFO - Epoch: 8, learning rate: 0.0001, train loss: 0.1934
2025-10-01 10:27:26,588 - root - INFO - train average_precision, 0.9767
2025-10-01 10:27:26,588 - root - INFO - train roc_auc, 0.9762
2025-10-01 10:27:26,589 - root - INFO - validate loss: 0.2036
2025-10-01 10:27:26,589 - root - INFO - validate average_precision, 0.9757
2025-10-01 10:27:26,589 - root - INFO - validate roc_auc, 0.9750
2025-10-01 10:27:26,589 - root - INFO - new node validate loss: 0.3931
2025-10-01 10:27:26,589 - root - INFO - new node validate average_precision, 0.9144
2025-10-01 10:27:26,589 - root - INFO - new node validate roc_auc, 0.9086
2025-10-01 10:27:52,028 - root - INFO - test loss: 0.2121
2025-10-01 10:27:52,028 - root - INFO - test average_precision, 0.9737
2025-10-01 10:27:52,028 - root - INFO - best test average_precision: 0.9759
2025-10-01 10:27:52,028 - root - INFO - test roc_auc, 0.9733
2025-10-01 10:27:52,028 - root - INFO - new node test loss: 0.3093
2025-10-01 10:27:52,028 - root - INFO - new node test average_precision, 0.9439
2025-10-01 10:27:52,028 - root - INFO - new node test roc_auc, 0.9440
2025-10-01 10:30:05,510 - root - INFO - Epoch: 9, learning rate: 0.0001, train loss: 0.1913
2025-10-01 10:30:05,511 - root - INFO - train average_precision, 0.9772
2025-10-01 10:30:05,511 - root - INFO - train roc_auc, 0.9767
2025-10-01 10:30:05,511 - root - INFO - validate loss: 0.2067
2025-10-01 10:30:05,511 - root - INFO - validate average_precision, 0.9751
2025-10-01 10:30:05,511 - root - INFO - validate roc_auc, 0.9744
2025-10-01 10:30:05,511 - root - INFO - new node validate loss: 0.3757
2025-10-01 10:30:05,512 - root - INFO - new node validate average_precision, 0.9209
2025-10-01 10:30:05,512 - root - INFO - new node validate roc_auc, 0.9149
2025-10-01 10:30:30,391 - root - INFO - test loss: 0.2189
2025-10-01 10:30:30,392 - root - INFO - test average_precision, 0.9728
2025-10-01 10:30:30,392 - root - INFO - best test average_precision: 0.9759
2025-10-01 10:30:30,392 - root - INFO - test roc_auc, 0.9724
2025-10-01 10:30:30,392 - root - INFO - new node test loss: 0.3079
2025-10-01 10:30:30,392 - root - INFO - new node test average_precision, 0.9429
2025-10-01 10:30:30,392 - root - INFO - new node test roc_auc, 0.9447
2025-10-01 10:32:43,625 - root - INFO - Epoch: 10, learning rate: 0.0001, train loss: 0.1880
2025-10-01 10:32:43,626 - root - INFO - train average_precision, 0.9778
2025-10-01 10:32:43,627 - root - INFO - train roc_auc, 0.9774
2025-10-01 10:32:43,627 - root - INFO - validate loss: 0.2000
2025-10-01 10:32:43,627 - root - INFO - validate average_precision, 0.9766
2025-10-01 10:32:43,627 - root - INFO - validate roc_auc, 0.9758
2025-10-01 10:32:43,627 - root - INFO - new node validate loss: 0.3849
2025-10-01 10:32:43,627 - root - INFO - new node validate average_precision, 0.9171
2025-10-01 10:32:43,627 - root - INFO - new node validate roc_auc, 0.9115
2025-10-01 10:33:08,965 - root - INFO - test loss: 0.2162
2025-10-01 10:33:08,965 - root - INFO - test average_precision, 0.9716
2025-10-01 10:33:08,966 - root - INFO - best test average_precision: 0.9759
2025-10-01 10:33:08,966 - root - INFO - test roc_auc, 0.9719
2025-10-01 10:33:08,966 - root - INFO - new node test loss: 0.3014
2025-10-01 10:33:08,966 - root - INFO - new node test average_precision, 0.9442
2025-10-01 10:33:08,966 - root - INFO - new node test roc_auc, 0.9460
2025-10-01 10:33:08,966 - root - INFO - save model ./saved_models/DyRep/reddit/DyRep_seed0/DyRep_seed0.pkl
2025-10-01 10:35:25,056 - root - INFO - Epoch: 11, learning rate: 0.0001, train loss: 0.1847
2025-10-01 10:35:25,057 - root - INFO - train average_precision, 0.9788
2025-10-01 10:35:25,057 - root - INFO - train roc_auc, 0.9782
2025-10-01 10:35:25,057 - root - INFO - validate loss: 0.1929
2025-10-01 10:35:25,057 - root - INFO - validate average_precision, 0.9785
2025-10-01 10:35:25,057 - root - INFO - validate roc_auc, 0.9775
2025-10-01 10:35:25,057 - root - INFO - new node validate loss: 0.3630
2025-10-01 10:35:25,057 - root - INFO - new node validate average_precision, 0.9279
2025-10-01 10:35:25,058 - root - INFO - new node validate roc_auc, 0.9207
2025-10-01 10:35:49,709 - root - INFO - test loss: 0.1982
2025-10-01 10:35:49,709 - root - INFO - test average_precision, 0.9772
2025-10-01 10:35:49,709 - root - INFO - best test average_precision: 0.9772
2025-10-01 10:35:49,709 - root - INFO - test roc_auc, 0.9766
2025-10-01 10:35:49,709 - root - INFO - new node test loss: 0.2822
2025-10-01 10:35:49,709 - root - INFO - new node test average_precision, 0.9526
2025-10-01 10:35:49,710 - root - INFO - new node test roc_auc, 0.9524
2025-10-01 10:35:49,710 - root - INFO - save model ./saved_models/DyRep/reddit/DyRep_seed0/DyRep_seed0.pkl
2025-10-01 10:38:07,072 - root - INFO - Epoch: 12, learning rate: 0.0001, train loss: 0.1834
2025-10-01 10:38:07,073 - root - INFO - train average_precision, 0.9790
2025-10-01 10:38:07,073 - root - INFO - train roc_auc, 0.9785
2025-10-01 10:38:07,073 - root - INFO - validate loss: 0.1992
2025-10-01 10:38:07,073 - root - INFO - validate average_precision, 0.9770
2025-10-01 10:38:07,073 - root - INFO - validate roc_auc, 0.9761
2025-10-01 10:38:07,073 - root - INFO - new node validate loss: 0.3693
2025-10-01 10:38:07,073 - root - INFO - new node validate average_precision, 0.9241
2025-10-01 10:38:07,073 - root - INFO - new node validate roc_auc, 0.9173
2025-10-01 10:38:32,269 - root - INFO - test loss: 0.2270
2025-10-01 10:38:32,269 - root - INFO - test average_precision, 0.9713
2025-10-01 10:38:32,270 - root - INFO - best test average_precision: 0.9772
2025-10-01 10:38:32,270 - root - INFO - test roc_auc, 0.9707
2025-10-01 10:38:32,270 - root - INFO - new node test loss: 0.3037
2025-10-01 10:38:32,270 - root - INFO - new node test average_precision, 0.9453
2025-10-01 10:38:32,270 - root - INFO - new node test roc_auc, 0.9456
2025-10-01 10:40:45,853 - root - INFO - Epoch: 13, learning rate: 0.0001, train loss: 0.1809
2025-10-01 10:40:45,854 - root - INFO - train average_precision, 0.9797
2025-10-01 10:40:45,854 - root - INFO - train roc_auc, 0.9791
2025-10-01 10:40:45,854 - root - INFO - validate loss: 0.1880
2025-10-01 10:40:45,855 - root - INFO - validate average_precision, 0.9792
2025-10-01 10:40:45,855 - root - INFO - validate roc_auc, 0.9785
2025-10-01 10:40:45,855 - root - INFO - new node validate loss: 0.3633
2025-10-01 10:40:45,855 - root - INFO - new node validate average_precision, 0.9278
2025-10-01 10:40:45,855 - root - INFO - new node validate roc_auc, 0.9212
2025-10-01 10:41:10,998 - root - INFO - test loss: 0.1823
2025-10-01 10:41:10,999 - root - INFO - test average_precision, 0.9801
2025-10-01 10:41:10,999 - root - INFO - best test average_precision: 0.9801
2025-10-01 10:41:10,999 - root - INFO - test roc_auc, 0.9798
2025-10-01 10:41:10,999 - root - INFO - new node test loss: 0.2748
2025-10-01 10:41:10,999 - root - INFO - new node test average_precision, 0.9551
2025-10-01 10:41:10,999 - root - INFO - new node test roc_auc, 0.9554
2025-10-01 10:41:10,999 - root - INFO - save model ./saved_models/DyRep/reddit/DyRep_seed0/DyRep_seed0.pkl
2025-10-01 10:43:25,035 - root - INFO - Epoch: 14, learning rate: 0.0001, train loss: 0.1803
2025-10-01 10:43:25,036 - root - INFO - train average_precision, 0.9797
2025-10-01 10:43:25,036 - root - INFO - train roc_auc, 0.9792
2025-10-01 10:43:25,036 - root - INFO - validate loss: 0.1910
2025-10-01 10:43:25,037 - root - INFO - validate average_precision, 0.9786
2025-10-01 10:43:25,037 - root - INFO - validate roc_auc, 0.9778
2025-10-01 10:43:25,037 - root - INFO - new node validate loss: 0.3666
2025-10-01 10:43:25,037 - root - INFO - new node validate average_precision, 0.9247
2025-10-01 10:43:25,037 - root - INFO - new node validate roc_auc, 0.9185
2025-10-01 10:43:49,786 - root - INFO - test loss: 0.2002
2025-10-01 10:43:49,786 - root - INFO - test average_precision, 0.9767
2025-10-01 10:43:49,786 - root - INFO - best test average_precision: 0.9801
2025-10-01 10:43:49,786 - root - INFO - test roc_auc, 0.9764
2025-10-01 10:43:49,786 - root - INFO - new node test loss: 0.2861
2025-10-01 10:43:49,786 - root - INFO - new node test average_precision, 0.9501
2025-10-01 10:43:49,787 - root - INFO - new node test roc_auc, 0.9510
2025-10-01 10:46:04,939 - root - INFO - Epoch: 15, learning rate: 0.0001, train loss: 0.1785
2025-10-01 10:46:04,940 - root - INFO - train average_precision, 0.9799
2025-10-01 10:46:04,940 - root - INFO - train roc_auc, 0.9795
2025-10-01 10:46:04,940 - root - INFO - validate loss: 0.1873
2025-10-01 10:46:04,940 - root - INFO - validate average_precision, 0.9794
2025-10-01 10:46:04,940 - root - INFO - validate roc_auc, 0.9786
2025-10-01 10:46:04,940 - root - INFO - new node validate loss: 0.3593
2025-10-01 10:46:04,940 - root - INFO - new node validate average_precision, 0.9273
2025-10-01 10:46:04,940 - root - INFO - new node validate roc_auc, 0.9204
2025-10-01 10:46:29,599 - root - INFO - test loss: 0.1864
2025-10-01 10:46:29,599 - root - INFO - test average_precision, 0.9793
2025-10-01 10:46:29,599 - root - INFO - best test average_precision: 0.9801
2025-10-01 10:46:29,599 - root - INFO - test roc_auc, 0.9789
2025-10-01 10:46:29,599 - root - INFO - new node test loss: 0.2638
2025-10-01 10:46:29,599 - root - INFO - new node test average_precision, 0.9576
2025-10-01 10:46:29,599 - root - INFO - new node test roc_auc, 0.9578
2025-10-01 10:46:29,600 - root - INFO - save model ./saved_models/DyRep/reddit/DyRep_seed0/DyRep_seed0.pkl
2025-10-01 10:48:42,835 - root - INFO - Epoch: 16, learning rate: 0.0001, train loss: 0.1774
2025-10-01 10:48:42,836 - root - INFO - train average_precision, 0.9802
2025-10-01 10:48:42,836 - root - INFO - train roc_auc, 0.9798
2025-10-01 10:48:42,836 - root - INFO - validate loss: 0.1856
2025-10-01 10:48:42,837 - root - INFO - validate average_precision, 0.9800
2025-10-01 10:48:42,837 - root - INFO - validate roc_auc, 0.9791
2025-10-01 10:48:42,837 - root - INFO - new node validate loss: 0.3752
2025-10-01 10:48:42,837 - root - INFO - new node validate average_precision, 0.9262
2025-10-01 10:48:42,837 - root - INFO - new node validate roc_auc, 0.9193
2025-10-01 10:49:07,615 - root - INFO - test loss: 0.1856
2025-10-01 10:49:07,615 - root - INFO - test average_precision, 0.9797
2025-10-01 10:49:07,616 - root - INFO - best test average_precision: 0.9801
2025-10-01 10:49:07,616 - root - INFO - test roc_auc, 0.9791
2025-10-01 10:49:07,616 - root - INFO - new node test loss: 0.2756
2025-10-01 10:49:07,616 - root - INFO - new node test average_precision, 0.9556
2025-10-01 10:49:07,616 - root - INFO - new node test roc_auc, 0.9557
2025-10-01 10:49:07,616 - root - INFO - save model ./saved_models/DyRep/reddit/DyRep_seed0/DyRep_seed0.pkl
2025-10-01 10:51:24,064 - root - INFO - Epoch: 17, learning rate: 0.0001, train loss: 0.1765
2025-10-01 10:51:24,065 - root - INFO - train average_precision, 0.9804
2025-10-01 10:51:24,065 - root - INFO - train roc_auc, 0.9799
2025-10-01 10:51:24,065 - root - INFO - validate loss: 0.1862
2025-10-01 10:51:24,065 - root - INFO - validate average_precision, 0.9796
2025-10-01 10:51:24,066 - root - INFO - validate roc_auc, 0.9789
2025-10-01 10:51:24,066 - root - INFO - new node validate loss: 0.3511
2025-10-01 10:51:24,066 - root - INFO - new node validate average_precision, 0.9306
2025-10-01 10:51:24,066 - root - INFO - new node validate roc_auc, 0.9249
2025-10-01 10:51:49,414 - root - INFO - test loss: 0.1893
2025-10-01 10:51:49,414 - root - INFO - test average_precision, 0.9789
2025-10-01 10:51:49,414 - root - INFO - best test average_precision: 0.9801
2025-10-01 10:51:49,414 - root - INFO - test roc_auc, 0.9785
2025-10-01 10:51:49,414 - root - INFO - new node test loss: 0.2663
2025-10-01 10:51:49,414 - root - INFO - new node test average_precision, 0.9562
2025-10-01 10:51:49,414 - root - INFO - new node test roc_auc, 0.9572
2025-10-01 10:54:01,999 - root - INFO - Epoch: 18, learning rate: 0.0001, train loss: 0.1746
2025-10-01 10:54:02,000 - root - INFO - train average_precision, 0.9808
2025-10-01 10:54:02,000 - root - INFO - train roc_auc, 0.9804
2025-10-01 10:54:02,000 - root - INFO - validate loss: 0.1820
2025-10-01 10:54:02,000 - root - INFO - validate average_precision, 0.9805
2025-10-01 10:54:02,000 - root - INFO - validate roc_auc, 0.9798
2025-10-01 10:54:02,000 - root - INFO - new node validate loss: 0.3509
2025-10-01 10:54:02,001 - root - INFO - new node validate average_precision, 0.9302
2025-10-01 10:54:02,001 - root - INFO - new node validate roc_auc, 0.9240
2025-10-01 10:54:26,562 - root - INFO - test loss: 0.1761
2025-10-01 10:54:26,562 - root - INFO - test average_precision, 0.9816
2025-10-01 10:54:26,563 - root - INFO - best test average_precision: 0.9816
2025-10-01 10:54:26,563 - root - INFO - test roc_auc, 0.9812
2025-10-01 10:54:26,563 - root - INFO - new node test loss: 0.2526
2025-10-01 10:54:26,563 - root - INFO - new node test average_precision, 0.9608
2025-10-01 10:54:26,563 - root - INFO - new node test roc_auc, 0.9614
2025-10-01 10:54:26,563 - root - INFO - save model ./saved_models/DyRep/reddit/DyRep_seed0/DyRep_seed0.pkl
2025-10-01 10:56:39,086 - root - INFO - Epoch: 19, learning rate: 0.0001, train loss: 0.1731
2025-10-01 10:56:39,087 - root - INFO - train average_precision, 0.9811
2025-10-01 10:56:39,087 - root - INFO - train roc_auc, 0.9806
2025-10-01 10:56:39,087 - root - INFO - validate loss: 0.1829
2025-10-01 10:56:39,087 - root - INFO - validate average_precision, 0.9805
2025-10-01 10:56:39,088 - root - INFO - validate roc_auc, 0.9795
2025-10-01 10:56:39,088 - root - INFO - new node validate loss: 0.3764
2025-10-01 10:56:39,088 - root - INFO - new node validate average_precision, 0.9237
2025-10-01 10:56:39,088 - root - INFO - new node validate roc_auc, 0.9167
2025-10-01 10:57:03,886 - root - INFO - test loss: 0.1761
2025-10-01 10:57:03,886 - root - INFO - test average_precision, 0.9816
2025-10-01 10:57:03,886 - root - INFO - best test average_precision: 0.9816
2025-10-01 10:57:03,886 - root - INFO - test roc_auc, 0.9810
2025-10-01 10:57:03,886 - root - INFO - new node test loss: 0.2705
2025-10-01 10:57:03,886 - root - INFO - new node test average_precision, 0.9584
2025-10-01 10:57:03,886 - root - INFO - new node test roc_auc, 0.9575
2025-10-01 10:59:16,315 - root - INFO - Epoch: 20, learning rate: 0.0001, train loss: 0.1733
2025-10-01 10:59:16,316 - root - INFO - train average_precision, 0.9810
2025-10-01 10:59:16,316 - root - INFO - train roc_auc, 0.9807
2025-10-01 10:59:16,316 - root - INFO - validate loss: 0.1842
2025-10-01 10:59:16,316 - root - INFO - validate average_precision, 0.9801
2025-10-01 10:59:16,316 - root - INFO - validate roc_auc, 0.9793
2025-10-01 10:59:16,316 - root - INFO - new node validate loss: 0.3584
2025-10-01 10:59:16,317 - root - INFO - new node validate average_precision, 0.9288
2025-10-01 10:59:16,317 - root - INFO - new node validate roc_auc, 0.9225
2025-10-01 10:59:41,028 - root - INFO - test loss: 0.1820
2025-10-01 10:59:41,028 - root - INFO - test average_precision, 0.9804
2025-10-01 10:59:41,028 - root - INFO - best test average_precision: 0.9816
2025-10-01 10:59:41,028 - root - INFO - test roc_auc, 0.9800
2025-10-01 10:59:41,028 - root - INFO - new node test loss: 0.2753
2025-10-01 10:59:41,029 - root - INFO - new node test average_precision, 0.9548
2025-10-01 10:59:41,029 - root - INFO - new node test roc_auc, 0.9549
2025-10-01 11:01:53,381 - root - INFO - Epoch: 21, learning rate: 0.0001, train loss: 0.1723
2025-10-01 11:01:53,382 - root - INFO - train average_precision, 0.9811
2025-10-01 11:01:53,382 - root - INFO - train roc_auc, 0.9808
2025-10-01 11:01:53,382 - root - INFO - validate loss: 0.1867
2025-10-01 11:01:53,382 - root - INFO - validate average_precision, 0.9797
2025-10-01 11:01:53,382 - root - INFO - validate roc_auc, 0.9790
2025-10-01 11:01:53,382 - root - INFO - new node validate loss: 0.3560
2025-10-01 11:01:53,382 - root - INFO - new node validate average_precision, 0.9287
2025-10-01 11:01:53,382 - root - INFO - new node validate roc_auc, 0.9230
2025-10-01 11:02:18,970 - root - INFO - test loss: 0.1916
2025-10-01 11:02:18,971 - root - INFO - test average_precision, 0.9790
2025-10-01 11:02:18,971 - root - INFO - best test average_precision: 0.9816
2025-10-01 11:02:18,971 - root - INFO - test roc_auc, 0.9786
2025-10-01 11:02:18,971 - root - INFO - new node test loss: 0.2693
2025-10-01 11:02:18,971 - root - INFO - new node test average_precision, 0.9554
2025-10-01 11:02:18,971 - root - INFO - new node test roc_auc, 0.9569
2025-10-01 11:04:32,320 - root - INFO - Epoch: 22, learning rate: 0.0001, train loss: 0.1725
2025-10-01 11:04:32,321 - root - INFO - train average_precision, 0.9810
2025-10-01 11:04:32,321 - root - INFO - train roc_auc, 0.9808
2025-10-01 11:04:32,321 - root - INFO - validate loss: 0.1832
2025-10-01 11:04:32,321 - root - INFO - validate average_precision, 0.9804
2025-10-01 11:04:32,321 - root - INFO - validate roc_auc, 0.9796
2025-10-01 11:04:32,321 - root - INFO - new node validate loss: 0.3551
2025-10-01 11:04:32,321 - root - INFO - new node validate average_precision, 0.9301
2025-10-01 11:04:32,321 - root - INFO - new node validate roc_auc, 0.9232
2025-10-01 11:04:58,231 - root - INFO - test loss: 0.1780
2025-10-01 11:04:58,231 - root - INFO - test average_precision, 0.9814
2025-10-01 11:04:58,231 - root - INFO - best test average_precision: 0.9816
2025-10-01 11:04:58,231 - root - INFO - test roc_auc, 0.9809
2025-10-01 11:04:58,231 - root - INFO - new node test loss: 0.2580
2025-10-01 11:04:58,231 - root - INFO - new node test average_precision, 0.9603
2025-10-01 11:04:58,231 - root - INFO - new node test roc_auc, 0.9600
2025-10-01 11:07:14,355 - root - INFO - Epoch: 23, learning rate: 0.0001, train loss: 0.1713
2025-10-01 11:07:14,356 - root - INFO - train average_precision, 0.9814
2025-10-01 11:07:14,357 - root - INFO - train roc_auc, 0.9811
2025-10-01 11:07:14,357 - root - INFO - validate loss: 0.1853
2025-10-01 11:07:14,357 - root - INFO - validate average_precision, 0.9795
2025-10-01 11:07:14,357 - root - INFO - validate roc_auc, 0.9791
2025-10-01 11:07:14,357 - root - INFO - new node validate loss: 0.3698
2025-10-01 11:07:14,357 - root - INFO - new node validate average_precision, 0.9268
2025-10-01 11:07:14,357 - root - INFO - new node validate roc_auc, 0.9200
2025-10-01 11:07:40,023 - root - INFO - test loss: 0.1833
2025-10-01 11:07:40,023 - root - INFO - test average_precision, 0.9796
2025-10-01 11:07:40,023 - root - INFO - best test average_precision: 0.9816
2025-10-01 11:07:40,024 - root - INFO - test roc_auc, 0.9795
2025-10-01 11:07:40,024 - root - INFO - new node test loss: 0.2775
2025-10-01 11:07:40,024 - root - INFO - new node test average_precision, 0.9540
2025-10-01 11:07:40,024 - root - INFO - new node test roc_auc, 0.9548
2025-10-01 11:09:55,337 - root - INFO - Epoch: 24, learning rate: 0.0001, train loss: 0.1703
2025-10-01 11:09:55,338 - root - INFO - train average_precision, 0.9816
2025-10-01 11:09:55,338 - root - INFO - train roc_auc, 0.9813
2025-10-01 11:09:55,338 - root - INFO - validate loss: 0.1815
2025-10-01 11:09:55,338 - root - INFO - validate average_precision, 0.9807
2025-10-01 11:09:55,338 - root - INFO - validate roc_auc, 0.9800
2025-10-01 11:09:55,338 - root - INFO - new node validate loss: 0.3643
2025-10-01 11:09:55,338 - root - INFO - new node validate average_precision, 0.9304
2025-10-01 11:09:55,338 - root - INFO - new node validate roc_auc, 0.9240
2025-10-01 11:10:20,619 - root - INFO - test loss: 0.1780
2025-10-01 11:10:20,619 - root - INFO - test average_precision, 0.9812
2025-10-01 11:10:20,619 - root - INFO - best test average_precision: 0.9816
2025-10-01 11:10:20,620 - root - INFO - test roc_auc, 0.9808
2025-10-01 11:10:20,620 - root - INFO - new node test loss: 0.2762
2025-10-01 11:10:20,620 - root - INFO - new node test average_precision, 0.9566
2025-10-01 11:10:20,620 - root - INFO - new node test roc_auc, 0.9570
2025-10-01 11:10:20,620 - root - INFO - save model ./saved_models/DyRep/reddit/DyRep_seed0/DyRep_seed0.pkl
2025-10-01 11:12:35,210 - root - INFO - Epoch: 25, learning rate: 0.0001, train loss: 0.1698
2025-10-01 11:12:35,211 - root - INFO - train average_precision, 0.9817
2025-10-01 11:12:35,212 - root - INFO - train roc_auc, 0.9814
2025-10-01 11:12:35,212 - root - INFO - validate loss: 0.1841
2025-10-01 11:12:35,212 - root - INFO - validate average_precision, 0.9801
2025-10-01 11:12:35,212 - root - INFO - validate roc_auc, 0.9794
2025-10-01 11:12:35,212 - root - INFO - new node validate loss: 0.3602
2025-10-01 11:12:35,212 - root - INFO - new node validate average_precision, 0.9299
2025-10-01 11:12:35,212 - root - INFO - new node validate roc_auc, 0.9232
2025-10-01 11:13:00,568 - root - INFO - test loss: 0.1816
2025-10-01 11:13:00,568 - root - INFO - test average_precision, 0.9804
2025-10-01 11:13:00,568 - root - INFO - best test average_precision: 0.9816
2025-10-01 11:13:00,568 - root - INFO - test roc_auc, 0.9800
2025-10-01 11:13:00,568 - root - INFO - new node test loss: 0.2658
2025-10-01 11:13:00,568 - root - INFO - new node test average_precision, 0.9583
2025-10-01 11:13:00,568 - root - INFO - new node test roc_auc, 0.9588
2025-10-01 11:15:14,563 - root - INFO - Epoch: 26, learning rate: 0.0001, train loss: 0.1693
2025-10-01 11:15:14,564 - root - INFO - train average_precision, 0.9817
2025-10-01 11:15:14,564 - root - INFO - train roc_auc, 0.9815
2025-10-01 11:15:14,564 - root - INFO - validate loss: 0.1857
2025-10-01 11:15:14,564 - root - INFO - validate average_precision, 0.9795
2025-10-01 11:15:14,564 - root - INFO - validate roc_auc, 0.9790
2025-10-01 11:15:14,564 - root - INFO - new node validate loss: 0.3551
2025-10-01 11:15:14,564 - root - INFO - new node validate average_precision, 0.9308
2025-10-01 11:15:14,564 - root - INFO - new node validate roc_auc, 0.9254
2025-10-01 11:15:39,945 - root - INFO - test loss: 0.1926
2025-10-01 11:15:39,945 - root - INFO - test average_precision, 0.9773
2025-10-01 11:15:39,945 - root - INFO - best test average_precision: 0.9816
2025-10-01 11:15:39,945 - root - INFO - test roc_auc, 0.9776
2025-10-01 11:15:39,945 - root - INFO - new node test loss: 0.2764
2025-10-01 11:15:39,945 - root - INFO - new node test average_precision, 0.9530
2025-10-01 11:15:39,945 - root - INFO - new node test roc_auc, 0.9552
2025-10-01 11:17:52,319 - root - INFO - Epoch: 27, learning rate: 0.0001, train loss: 0.1672
2025-10-01 11:17:52,319 - root - INFO - train average_precision, 0.9821
2025-10-01 11:17:52,320 - root - INFO - train roc_auc, 0.9820
2025-10-01 11:17:52,320 - root - INFO - validate loss: 0.1845
2025-10-01 11:17:52,320 - root - INFO - validate average_precision, 0.9800
2025-10-01 11:17:52,320 - root - INFO - validate roc_auc, 0.9793
2025-10-01 11:17:52,320 - root - INFO - new node validate loss: 0.3665
2025-10-01 11:17:52,320 - root - INFO - new node validate average_precision, 0.9281
2025-10-01 11:17:52,320 - root - INFO - new node validate roc_auc, 0.9227
2025-10-01 11:18:16,908 - root - INFO - test loss: 0.1901
2025-10-01 11:18:16,909 - root - INFO - test average_precision, 0.9787
2025-10-01 11:18:16,909 - root - INFO - best test average_precision: 0.9816
2025-10-01 11:18:16,909 - root - INFO - test roc_auc, 0.9784
2025-10-01 11:18:16,909 - root - INFO - new node test loss: 0.2754
2025-10-01 11:18:16,909 - root - INFO - new node test average_precision, 0.9545
2025-10-01 11:18:16,909 - root - INFO - new node test roc_auc, 0.9555
2025-10-01 11:20:28,524 - root - INFO - Epoch: 28, learning rate: 0.0001, train loss: 0.1680
2025-10-01 11:20:28,525 - root - INFO - train average_precision, 0.9819
2025-10-01 11:20:28,526 - root - INFO - train roc_auc, 0.9818
2025-10-01 11:20:28,526 - root - INFO - validate loss: 0.1872
2025-10-01 11:20:28,526 - root - INFO - validate average_precision, 0.9793
2025-10-01 11:20:28,526 - root - INFO - validate roc_auc, 0.9786
2025-10-01 11:20:28,526 - root - INFO - new node validate loss: 0.3472
2025-10-01 11:20:28,526 - root - INFO - new node validate average_precision, 0.9327
2025-10-01 11:20:28,526 - root - INFO - new node validate roc_auc, 0.9271
2025-10-01 11:20:53,134 - root - INFO - test loss: 0.1960
2025-10-01 11:20:53,134 - root - INFO - test average_precision, 0.9768
2025-10-01 11:20:53,134 - root - INFO - best test average_precision: 0.9816
2025-10-01 11:20:53,134 - root - INFO - test roc_auc, 0.9768
2025-10-01 11:20:53,134 - root - INFO - new node test loss: 0.2646
2025-10-01 11:20:53,134 - root - INFO - new node test average_precision, 0.9582
2025-10-01 11:20:53,134 - root - INFO - new node test roc_auc, 0.9584
2025-10-01 11:23:03,763 - root - INFO - Epoch: 29, learning rate: 0.0001, train loss: 0.1668
2025-10-01 11:23:03,764 - root - INFO - train average_precision, 0.9821
2025-10-01 11:23:03,764 - root - INFO - train roc_auc, 0.9820
2025-10-01 11:23:03,764 - root - INFO - validate loss: 0.1834
2025-10-01 11:23:03,764 - root - INFO - validate average_precision, 0.9803
2025-10-01 11:23:03,764 - root - INFO - validate roc_auc, 0.9794
2025-10-01 11:23:03,764 - root - INFO - new node validate loss: 0.3603
2025-10-01 11:23:03,764 - root - INFO - new node validate average_precision, 0.9298
2025-10-01 11:23:03,764 - root - INFO - new node validate roc_auc, 0.9234
2025-10-01 11:23:28,305 - root - INFO - test loss: 0.1804
2025-10-01 11:23:28,305 - root - INFO - test average_precision, 0.9806
2025-10-01 11:23:28,305 - root - INFO - best test average_precision: 0.9816
2025-10-01 11:23:28,305 - root - INFO - test roc_auc, 0.9802
2025-10-01 11:23:28,305 - root - INFO - new node test loss: 0.2616
2025-10-01 11:23:28,305 - root - INFO - new node test average_precision, 0.9603
2025-10-01 11:23:28,305 - root - INFO - new node test roc_auc, 0.9603
2025-10-01 11:25:39,925 - root - INFO - Epoch: 30, learning rate: 0.0001, train loss: 0.1676
2025-10-01 11:25:39,926 - root - INFO - train average_precision, 0.9819
2025-10-01 11:25:39,926 - root - INFO - train roc_auc, 0.9818
2025-10-01 11:25:39,926 - root - INFO - validate loss: 0.1849
2025-10-01 11:25:39,926 - root - INFO - validate average_precision, 0.9798
2025-10-01 11:25:39,927 - root - INFO - validate roc_auc, 0.9791
2025-10-01 11:25:39,927 - root - INFO - new node validate loss: 0.3569
2025-10-01 11:25:39,927 - root - INFO - new node validate average_precision, 0.9307
2025-10-01 11:25:39,927 - root - INFO - new node validate roc_auc, 0.9254
2025-10-01 11:26:04,639 - root - INFO - test loss: 0.1901
2025-10-01 11:26:04,640 - root - INFO - test average_precision, 0.9783
2025-10-01 11:26:04,640 - root - INFO - best test average_precision: 0.9816
2025-10-01 11:26:04,640 - root - INFO - test roc_auc, 0.9781
2025-10-01 11:26:04,640 - root - INFO - new node test loss: 0.2727
2025-10-01 11:26:04,640 - root - INFO - new node test average_precision, 0.9552
2025-10-01 11:26:04,640 - root - INFO - new node test roc_auc, 0.9560
2025-10-01 11:28:17,032 - root - INFO - Epoch: 31, learning rate: 0.0001, train loss: 0.1665
2025-10-01 11:28:17,033 - root - INFO - train average_precision, 0.9822
2025-10-01 11:28:17,033 - root - INFO - train roc_auc, 0.9821
2025-10-01 11:28:17,033 - root - INFO - validate loss: 0.1813
2025-10-01 11:28:17,033 - root - INFO - validate average_precision, 0.9808
2025-10-01 11:28:17,033 - root - INFO - validate roc_auc, 0.9801
2025-10-01 11:28:17,033 - root - INFO - new node validate loss: 0.3500
2025-10-01 11:28:17,033 - root - INFO - new node validate average_precision, 0.9346
2025-10-01 11:28:17,034 - root - INFO - new node validate roc_auc, 0.9289
2025-10-01 11:28:42,923 - root - INFO - test loss: 0.1762
2025-10-01 11:28:42,923 - root - INFO - test average_precision, 0.9814
2025-10-01 11:28:42,923 - root - INFO - best test average_precision: 0.9816
2025-10-01 11:28:42,923 - root - INFO - test roc_auc, 0.9811
2025-10-01 11:28:42,924 - root - INFO - new node test loss: 0.2533
2025-10-01 11:28:42,924 - root - INFO - new node test average_precision, 0.9617
2025-10-01 11:28:42,924 - root - INFO - new node test roc_auc, 0.9625
2025-10-01 11:28:42,924 - root - INFO - save model ./saved_models/DyRep/reddit/DyRep_seed0/DyRep_seed0.pkl
2025-10-01 11:30:56,125 - root - INFO - Epoch: 32, learning rate: 0.0001, train loss: 0.1654
2025-10-01 11:30:56,125 - root - INFO - train average_precision, 0.9824
2025-10-01 11:30:56,126 - root - INFO - train roc_auc, 0.9823
2025-10-01 11:30:56,126 - root - INFO - validate loss: 0.1812
2025-10-01 11:30:56,126 - root - INFO - validate average_precision, 0.9809
2025-10-01 11:30:56,126 - root - INFO - validate roc_auc, 0.9802
2025-10-01 11:30:56,126 - root - INFO - new node validate loss: 0.3559
2025-10-01 11:30:56,126 - root - INFO - new node validate average_precision, 0.9327
2025-10-01 11:30:56,126 - root - INFO - new node validate roc_auc, 0.9266
2025-10-01 11:31:20,983 - root - INFO - test loss: 0.1767
2025-10-01 11:31:20,984 - root - INFO - test average_precision, 0.9815
2025-10-01 11:31:20,984 - root - INFO - best test average_precision: 0.9816
2025-10-01 11:31:20,984 - root - INFO - test roc_auc, 0.9813
2025-10-01 11:31:20,984 - root - INFO - new node test loss: 0.2591
2025-10-01 11:31:20,984 - root - INFO - new node test average_precision, 0.9604
2025-10-01 11:31:20,984 - root - INFO - new node test roc_auc, 0.9613
2025-10-01 11:31:20,984 - root - INFO - save model ./saved_models/DyRep/reddit/DyRep_seed0/DyRep_seed0.pkl
2025-10-01 11:33:34,118 - root - INFO - Epoch: 33, learning rate: 0.0001, train loss: 0.1650
2025-10-01 11:33:34,119 - root - INFO - train average_precision, 0.9825
2025-10-01 11:33:34,119 - root - INFO - train roc_auc, 0.9824
2025-10-01 11:33:34,119 - root - INFO - validate loss: 0.1845
2025-10-01 11:33:34,119 - root - INFO - validate average_precision, 0.9801
2025-10-01 11:33:34,119 - root - INFO - validate roc_auc, 0.9795
2025-10-01 11:33:34,119 - root - INFO - new node validate loss: 0.3564
2025-10-01 11:33:34,120 - root - INFO - new node validate average_precision, 0.9320
2025-10-01 11:33:34,120 - root - INFO - new node validate roc_auc, 0.9259
2025-10-01 11:33:58,650 - root - INFO - test loss: 0.1958
2025-10-01 11:33:58,650 - root - INFO - test average_precision, 0.9783
2025-10-01 11:33:58,651 - root - INFO - best test average_precision: 0.9816
2025-10-01 11:33:58,651 - root - INFO - test roc_auc, 0.9780
2025-10-01 11:33:58,651 - root - INFO - new node test loss: 0.2801
2025-10-01 11:33:58,651 - root - INFO - new node test average_precision, 0.9544
2025-10-01 11:33:58,651 - root - INFO - new node test roc_auc, 0.9539
2025-10-01 11:36:11,343 - root - INFO - Epoch: 34, learning rate: 0.0001, train loss: 0.1653
2025-10-01 11:36:11,344 - root - INFO - train average_precision, 0.9824
2025-10-01 11:36:11,344 - root - INFO - train roc_auc, 0.9823
2025-10-01 11:36:11,344 - root - INFO - validate loss: 0.1827
2025-10-01 11:36:11,344 - root - INFO - validate average_precision, 0.9806
2025-10-01 11:36:11,344 - root - INFO - validate roc_auc, 0.9798
2025-10-01 11:36:11,344 - root - INFO - new node validate loss: 0.3665
2025-10-01 11:36:11,344 - root - INFO - new node validate average_precision, 0.9298
2025-10-01 11:36:11,345 - root - INFO - new node validate roc_auc, 0.9239
2025-10-01 11:36:36,029 - root - INFO - test loss: 0.1792
2025-10-01 11:36:36,029 - root - INFO - test average_precision, 0.9809
2025-10-01 11:36:36,029 - root - INFO - best test average_precision: 0.9816
2025-10-01 11:36:36,030 - root - INFO - test roc_auc, 0.9805
2025-10-01 11:36:36,030 - root - INFO - new node test loss: 0.2614
2025-10-01 11:36:36,030 - root - INFO - new node test average_precision, 0.9606
2025-10-01 11:36:36,030 - root - INFO - new node test roc_auc, 0.9609
2025-10-01 11:38:47,955 - root - INFO - Epoch: 35, learning rate: 0.0001, train loss: 0.1655
2025-10-01 11:38:47,955 - root - INFO - train average_precision, 0.9824
2025-10-01 11:38:47,956 - root - INFO - train roc_auc, 0.9824
2025-10-01 11:38:47,956 - root - INFO - validate loss: 0.1870
2025-10-01 11:38:47,956 - root - INFO - validate average_precision, 0.9796
2025-10-01 11:38:47,956 - root - INFO - validate roc_auc, 0.9788
2025-10-01 11:38:47,956 - root - INFO - new node validate loss: 0.3629
2025-10-01 11:38:47,956 - root - INFO - new node validate average_precision, 0.9305
2025-10-01 11:38:47,956 - root - INFO - new node validate roc_auc, 0.9247
2025-10-01 11:39:12,795 - root - INFO - test loss: 0.1962
2025-10-01 11:39:12,796 - root - INFO - test average_precision, 0.9769
2025-10-01 11:39:12,796 - root - INFO - best test average_precision: 0.9816
2025-10-01 11:39:12,796 - root - INFO - test roc_auc, 0.9770
2025-10-01 11:39:12,796 - root - INFO - new node test loss: 0.2750
2025-10-01 11:39:12,796 - root - INFO - new node test average_precision, 0.9540
2025-10-01 11:39:12,796 - root - INFO - new node test roc_auc, 0.9552
2025-10-01 11:41:25,712 - root - INFO - Epoch: 36, learning rate: 0.0001, train loss: 0.1639
2025-10-01 11:41:25,713 - root - INFO - train average_precision, 0.9827
2025-10-01 11:41:25,714 - root - INFO - train roc_auc, 0.9826
2025-10-01 11:41:25,714 - root - INFO - validate loss: 0.1808
2025-10-01 11:41:25,714 - root - INFO - validate average_precision, 0.9809
2025-10-01 11:41:25,714 - root - INFO - validate roc_auc, 0.9802
2025-10-01 11:41:25,714 - root - INFO - new node validate loss: 0.3471
2025-10-01 11:41:25,714 - root - INFO - new node validate average_precision, 0.9343
2025-10-01 11:41:25,714 - root - INFO - new node validate roc_auc, 0.9286
2025-10-01 11:41:50,512 - root - INFO - test loss: 0.1763
2025-10-01 11:41:50,512 - root - INFO - test average_precision, 0.9816
2025-10-01 11:41:50,512 - root - INFO - best test average_precision: 0.9816
2025-10-01 11:41:50,512 - root - INFO - test roc_auc, 0.9812
2025-10-01 11:41:50,513 - root - INFO - new node test loss: 0.2522
2025-10-01 11:41:50,513 - root - INFO - new node test average_precision, 0.9617
2025-10-01 11:41:50,513 - root - INFO - new node test roc_auc, 0.9622
2025-10-01 11:44:03,335 - root - INFO - Epoch: 37, learning rate: 0.0001, train loss: 0.1629
2025-10-01 11:44:03,336 - root - INFO - train average_precision, 0.9829
2025-10-01 11:44:03,337 - root - INFO - train roc_auc, 0.9829
2025-10-01 11:44:03,337 - root - INFO - validate loss: 0.1804
2025-10-01 11:44:03,337 - root - INFO - validate average_precision, 0.9810
2025-10-01 11:44:03,337 - root - INFO - validate roc_auc, 0.9803
2025-10-01 11:44:03,337 - root - INFO - new node validate loss: 0.3463
2025-10-01 11:44:03,337 - root - INFO - new node validate average_precision, 0.9358
2025-10-01 11:44:03,337 - root - INFO - new node validate roc_auc, 0.9304
2025-10-01 11:44:28,393 - root - INFO - test loss: 0.1763
2025-10-01 11:44:28,393 - root - INFO - test average_precision, 0.9815
2025-10-01 11:44:28,394 - root - INFO - best test average_precision: 0.9816
2025-10-01 11:44:28,394 - root - INFO - test roc_auc, 0.9812
2025-10-01 11:44:28,394 - root - INFO - new node test loss: 0.2584
2025-10-01 11:44:28,394 - root - INFO - new node test average_precision, 0.9601
2025-10-01 11:44:28,394 - root - INFO - new node test roc_auc, 0.9612
2025-10-01 11:44:28,394 - root - INFO - save model ./saved_models/DyRep/reddit/DyRep_seed0/DyRep_seed0.pkl
2025-10-01 11:46:42,275 - root - INFO - Epoch: 38, learning rate: 0.0001, train loss: 0.1623
2025-10-01 11:46:42,276 - root - INFO - train average_precision, 0.9830
2025-10-01 11:46:42,276 - root - INFO - train roc_auc, 0.9830
2025-10-01 11:46:42,276 - root - INFO - validate loss: 0.1803
2025-10-01 11:46:42,276 - root - INFO - validate average_precision, 0.9812
2025-10-01 11:46:42,277 - root - INFO - validate roc_auc, 0.9805
2025-10-01 11:46:42,277 - root - INFO - new node validate loss: 0.3541
2025-10-01 11:46:42,277 - root - INFO - new node validate average_precision, 0.9335
2025-10-01 11:46:42,277 - root - INFO - new node validate roc_auc, 0.9282
2025-10-01 11:47:06,808 - root - INFO - test loss: 0.1743
2025-10-01 11:47:06,809 - root - INFO - test average_precision, 0.9820
2025-10-01 11:47:06,809 - root - INFO - best test average_precision: 0.9820
2025-10-01 11:47:06,809 - root - INFO - test roc_auc, 0.9817
2025-10-01 11:47:06,809 - root - INFO - new node test loss: 0.2615
2025-10-01 11:47:06,809 - root - INFO - new node test average_precision, 0.9607
2025-10-01 11:47:06,809 - root - INFO - new node test roc_auc, 0.9611
2025-10-01 11:47:06,809 - root - INFO - save model ./saved_models/DyRep/reddit/DyRep_seed0/DyRep_seed0.pkl
2025-10-01 11:49:21,042 - root - INFO - Epoch: 39, learning rate: 0.0001, train loss: 0.1621
2025-10-01 11:49:21,043 - root - INFO - train average_precision, 0.9831
2025-10-01 11:49:21,043 - root - INFO - train roc_auc, 0.9831
2025-10-01 11:49:21,043 - root - INFO - validate loss: 0.1808
2025-10-01 11:49:21,043 - root - INFO - validate average_precision, 0.9810
2025-10-01 11:49:21,043 - root - INFO - validate roc_auc, 0.9802
2025-10-01 11:49:21,043 - root - INFO - new node validate loss: 0.3475
2025-10-01 11:49:21,044 - root - INFO - new node validate average_precision, 0.9334
2025-10-01 11:49:21,044 - root - INFO - new node validate roc_auc, 0.9281
2025-10-01 11:49:45,700 - root - INFO - test loss: 0.1797
2025-10-01 11:49:45,700 - root - INFO - test average_precision, 0.9810
2025-10-01 11:49:45,700 - root - INFO - best test average_precision: 0.9820
2025-10-01 11:49:45,700 - root - INFO - test roc_auc, 0.9806
2025-10-01 11:49:45,700 - root - INFO - new node test loss: 0.2602
2025-10-01 11:49:45,700 - root - INFO - new node test average_precision, 0.9589
2025-10-01 11:49:45,700 - root - INFO - new node test roc_auc, 0.9594
2025-10-01 11:51:57,463 - root - INFO - Epoch: 40, learning rate: 0.0001, train loss: 0.1615
2025-10-01 11:51:57,463 - root - INFO - train average_precision, 0.9831
2025-10-01 11:51:57,464 - root - INFO - train roc_auc, 0.9831
2025-10-01 11:51:57,464 - root - INFO - validate loss: 0.1857
2025-10-01 11:51:57,464 - root - INFO - validate average_precision, 0.9800
2025-10-01 11:51:57,464 - root - INFO - validate roc_auc, 0.9793
2025-10-01 11:51:57,464 - root - INFO - new node validate loss: 0.3545
2025-10-01 11:51:57,464 - root - INFO - new node validate average_precision, 0.9329
2025-10-01 11:51:57,464 - root - INFO - new node validate roc_auc, 0.9284
2025-10-01 11:52:22,343 - root - INFO - test loss: 0.1849
2025-10-01 11:52:22,343 - root - INFO - test average_precision, 0.9796
2025-10-01 11:52:22,343 - root - INFO - best test average_precision: 0.9820
2025-10-01 11:52:22,343 - root - INFO - test roc_auc, 0.9794
2025-10-01 11:52:22,343 - root - INFO - new node test loss: 0.2638
2025-10-01 11:52:22,343 - root - INFO - new node test average_precision, 0.9595
2025-10-01 11:52:22,343 - root - INFO - new node test roc_auc, 0.9602
2025-10-01 11:54:34,614 - root - INFO - Epoch: 41, learning rate: 0.0001, train loss: 0.1613
2025-10-01 11:54:34,615 - root - INFO - train average_precision, 0.9832
2025-10-01 11:54:34,615 - root - INFO - train roc_auc, 0.9832
2025-10-01 11:54:34,615 - root - INFO - validate loss: 0.1812
2025-10-01 11:54:34,615 - root - INFO - validate average_precision, 0.9811
2025-10-01 11:54:34,616 - root - INFO - validate roc_auc, 0.9800
2025-10-01 11:54:34,616 - root - INFO - new node validate loss: 0.3563
2025-10-01 11:54:34,616 - root - INFO - new node validate average_precision, 0.9302
2025-10-01 11:54:34,616 - root - INFO - new node validate roc_auc, 0.9247
2025-10-01 11:54:59,921 - root - INFO - test loss: 0.1761
2025-10-01 11:54:59,922 - root - INFO - test average_precision, 0.9816
2025-10-01 11:54:59,922 - root - INFO - best test average_precision: 0.9820
2025-10-01 11:54:59,922 - root - INFO - test roc_auc, 0.9811
2025-10-01 11:54:59,922 - root - INFO - new node test loss: 0.2620
2025-10-01 11:54:59,922 - root - INFO - new node test average_precision, 0.9596
2025-10-01 11:54:59,922 - root - INFO - new node test roc_auc, 0.9596
2025-10-01 11:57:11,897 - root - INFO - Epoch: 42, learning rate: 0.0001, train loss: 0.1607
2025-10-01 11:57:11,898 - root - INFO - train average_precision, 0.9831
2025-10-01 11:57:11,898 - root - INFO - train roc_auc, 0.9832
2025-10-01 11:57:11,898 - root - INFO - validate loss: 0.1800
2025-10-01 11:57:11,899 - root - INFO - validate average_precision, 0.9812
2025-10-01 11:57:11,899 - root - INFO - validate roc_auc, 0.9804
2025-10-01 11:57:11,899 - root - INFO - new node validate loss: 0.3550
2025-10-01 11:57:11,899 - root - INFO - new node validate average_precision, 0.9332
2025-10-01 11:57:11,899 - root - INFO - new node validate roc_auc, 0.9282
2025-10-01 11:57:37,290 - root - INFO - test loss: 0.1738
2025-10-01 11:57:37,290 - root - INFO - test average_precision, 0.9820
2025-10-01 11:57:37,290 - root - INFO - best test average_precision: 0.9820
2025-10-01 11:57:37,290 - root - INFO - test roc_auc, 0.9816
2025-10-01 11:57:37,291 - root - INFO - new node test loss: 0.2634
2025-10-01 11:57:37,291 - root - INFO - new node test average_precision, 0.9602
2025-10-01 11:57:37,291 - root - INFO - new node test roc_auc, 0.9607
2025-10-01 11:59:50,493 - root - INFO - Epoch: 43, learning rate: 0.0001, train loss: 0.1609
2025-10-01 11:59:50,493 - root - INFO - train average_precision, 0.9830
2025-10-01 11:59:50,494 - root - INFO - train roc_auc, 0.9832
2025-10-01 11:59:50,494 - root - INFO - validate loss: 0.1803
2025-10-01 11:59:50,494 - root - INFO - validate average_precision, 0.9811
2025-10-01 11:59:50,494 - root - INFO - validate roc_auc, 0.9801
2025-10-01 11:59:50,494 - root - INFO - new node validate loss: 0.3534
2025-10-01 11:59:50,494 - root - INFO - new node validate average_precision, 0.9314
2025-10-01 11:59:50,494 - root - INFO - new node validate roc_auc, 0.9264
2025-10-01 12:00:15,551 - root - INFO - test loss: 0.1750
2025-10-01 12:00:15,551 - root - INFO - test average_precision, 0.9818
2025-10-01 12:00:15,551 - root - INFO - best test average_precision: 0.9820
2025-10-01 12:00:15,552 - root - INFO - test roc_auc, 0.9813
2025-10-01 12:00:15,552 - root - INFO - new node test loss: 0.2635
2025-10-01 12:00:15,552 - root - INFO - new node test average_precision, 0.9589
2025-10-01 12:00:15,552 - root - INFO - new node test roc_auc, 0.9589
2025-10-01 12:02:29,132 - root - INFO - Epoch: 44, learning rate: 0.0001, train loss: 0.1599
2025-10-01 12:02:29,132 - root - INFO - train average_precision, 0.9834
2025-10-01 12:02:29,133 - root - INFO - train roc_auc, 0.9834
2025-10-01 12:02:29,133 - root - INFO - validate loss: 0.1808
2025-10-01 12:02:29,133 - root - INFO - validate average_precision, 0.9812
2025-10-01 12:02:29,133 - root - INFO - validate roc_auc, 0.9804
2025-10-01 12:02:29,133 - root - INFO - new node validate loss: 0.3555
2025-10-01 12:02:29,133 - root - INFO - new node validate average_precision, 0.9345
2025-10-01 12:02:29,133 - root - INFO - new node validate roc_auc, 0.9293
2025-10-01 12:02:54,212 - root - INFO - test loss: 0.1749
2025-10-01 12:02:54,212 - root - INFO - test average_precision, 0.9820
2025-10-01 12:02:54,212 - root - INFO - best test average_precision: 0.9820
2025-10-01 12:02:54,212 - root - INFO - test roc_auc, 0.9816
2025-10-01 12:02:54,212 - root - INFO - new node test loss: 0.2598
2025-10-01 12:02:54,212 - root - INFO - new node test average_precision, 0.9627
2025-10-01 12:02:54,212 - root - INFO - new node test roc_auc, 0.9627
2025-10-01 12:05:09,238 - root - INFO - Epoch: 45, learning rate: 0.0001, train loss: 0.1597
2025-10-01 12:05:09,239 - root - INFO - train average_precision, 0.9835
2025-10-01 12:05:09,239 - root - INFO - train roc_auc, 0.9835
2025-10-01 12:05:09,239 - root - INFO - validate loss: 0.1828
2025-10-01 12:05:09,239 - root - INFO - validate average_precision, 0.9805
2025-10-01 12:05:09,240 - root - INFO - validate roc_auc, 0.9799
2025-10-01 12:05:09,240 - root - INFO - new node validate loss: 0.3497
2025-10-01 12:05:09,240 - root - INFO - new node validate average_precision, 0.9346
2025-10-01 12:05:09,240 - root - INFO - new node validate roc_auc, 0.9294
2025-10-01 12:05:34,759 - root - INFO - test loss: 0.1808
2025-10-01 12:05:34,759 - root - INFO - test average_precision, 0.9805
2025-10-01 12:05:34,759 - root - INFO - best test average_precision: 0.9820
2025-10-01 12:05:34,759 - root - INFO - test roc_auc, 0.9802
2025-10-01 12:05:34,759 - root - INFO - new node test loss: 0.2644
2025-10-01 12:05:34,759 - root - INFO - new node test average_precision, 0.9589
2025-10-01 12:05:34,760 - root - INFO - new node test roc_auc, 0.9589
2025-10-01 12:07:48,754 - root - INFO - Epoch: 46, learning rate: 0.0001, train loss: 0.1593
2025-10-01 12:07:48,755 - root - INFO - train average_precision, 0.9834
2025-10-01 12:07:48,756 - root - INFO - train roc_auc, 0.9836
2025-10-01 12:07:48,756 - root - INFO - validate loss: 0.1816
2025-10-01 12:07:48,756 - root - INFO - validate average_precision, 0.9809
2025-10-01 12:07:48,756 - root - INFO - validate roc_auc, 0.9800
2025-10-01 12:07:48,756 - root - INFO - new node validate loss: 0.3573
2025-10-01 12:07:48,756 - root - INFO - new node validate average_precision, 0.9320
2025-10-01 12:07:48,756 - root - INFO - new node validate roc_auc, 0.9268
2025-10-01 12:08:14,422 - root - INFO - test loss: 0.1787
2025-10-01 12:08:14,422 - root - INFO - test average_precision, 0.9811
2025-10-01 12:08:14,422 - root - INFO - best test average_precision: 0.9820
2025-10-01 12:08:14,422 - root - INFO - test roc_auc, 0.9806
2025-10-01 12:08:14,422 - root - INFO - new node test loss: 0.2656
2025-10-01 12:08:14,422 - root - INFO - new node test average_precision, 0.9594
2025-10-01 12:08:14,422 - root - INFO - new node test roc_auc, 0.9597
2025-10-01 12:10:28,097 - root - INFO - Epoch: 47, learning rate: 0.0001, train loss: 0.1593
2025-10-01 12:10:28,098 - root - INFO - train average_precision, 0.9834
2025-10-01 12:10:28,098 - root - INFO - train roc_auc, 0.9835
2025-10-01 12:10:28,098 - root - INFO - validate loss: 0.1866
2025-10-01 12:10:28,099 - root - INFO - validate average_precision, 0.9802
2025-10-01 12:10:28,099 - root - INFO - validate roc_auc, 0.9794
2025-10-01 12:10:28,099 - root - INFO - new node validate loss: 0.3729
2025-10-01 12:10:28,099 - root - INFO - new node validate average_precision, 0.9305
2025-10-01 12:10:28,099 - root - INFO - new node validate roc_auc, 0.9253
2025-10-01 12:10:53,405 - root - INFO - test loss: 0.1847
2025-10-01 12:10:53,405 - root - INFO - test average_precision, 0.9799
2025-10-01 12:10:53,406 - root - INFO - best test average_precision: 0.9820
2025-10-01 12:10:53,406 - root - INFO - test roc_auc, 0.9797
2025-10-01 12:10:53,406 - root - INFO - new node test loss: 0.2772
2025-10-01 12:10:53,406 - root - INFO - new node test average_precision, 0.9566
2025-10-01 12:10:53,406 - root - INFO - new node test roc_auc, 0.9571
2025-10-01 12:13:08,564 - root - INFO - Epoch: 48, learning rate: 0.0001, train loss: 0.1592
2025-10-01 12:13:08,565 - root - INFO - train average_precision, 0.9834
2025-10-01 12:13:08,565 - root - INFO - train roc_auc, 0.9836
2025-10-01 12:13:08,565 - root - INFO - validate loss: 0.1823
2025-10-01 12:13:08,566 - root - INFO - validate average_precision, 0.9809
2025-10-01 12:13:08,566 - root - INFO - validate roc_auc, 0.9801
2025-10-01 12:13:08,566 - root - INFO - new node validate loss: 0.3594
2025-10-01 12:13:08,566 - root - INFO - new node validate average_precision, 0.9336
2025-10-01 12:13:08,566 - root - INFO - new node validate roc_auc, 0.9284
2025-10-01 12:13:34,390 - root - INFO - test loss: 0.1737
2025-10-01 12:13:34,390 - root - INFO - test average_precision, 0.9821
2025-10-01 12:13:34,390 - root - INFO - best test average_precision: 0.9821
2025-10-01 12:13:34,390 - root - INFO - test roc_auc, 0.9817
2025-10-01 12:13:34,390 - root - INFO - new node test loss: 0.2607
2025-10-01 12:13:34,390 - root - INFO - new node test average_precision, 0.9610
2025-10-01 12:13:34,390 - root - INFO - new node test roc_auc, 0.9613
2025-10-01 12:15:49,462 - root - INFO - Epoch: 49, learning rate: 0.0001, train loss: 0.1581
2025-10-01 12:15:49,462 - root - INFO - train average_precision, 0.9837
2025-10-01 12:15:49,463 - root - INFO - train roc_auc, 0.9838
2025-10-01 12:15:49,463 - root - INFO - validate loss: 0.1817
2025-10-01 12:15:49,463 - root - INFO - validate average_precision, 0.9809
2025-10-01 12:15:49,463 - root - INFO - validate roc_auc, 0.9800
2025-10-01 12:15:49,463 - root - INFO - new node validate loss: 0.3460
2025-10-01 12:15:49,463 - root - INFO - new node validate average_precision, 0.9356
2025-10-01 12:15:49,463 - root - INFO - new node validate roc_auc, 0.9303
2025-10-01 12:16:15,218 - root - INFO - test loss: 0.1774
2025-10-01 12:16:15,218 - root - INFO - test average_precision, 0.9813
2025-10-01 12:16:15,218 - root - INFO - best test average_precision: 0.9821
2025-10-01 12:16:15,218 - root - INFO - test roc_auc, 0.9808
2025-10-01 12:16:15,218 - root - INFO - new node test loss: 0.2585
2025-10-01 12:16:15,219 - root - INFO - new node test average_precision, 0.9606
2025-10-01 12:16:15,219 - root - INFO - new node test roc_auc, 0.9604
2025-10-01 12:18:31,008 - root - INFO - Epoch: 50, learning rate: 0.0001, train loss: 0.1575
2025-10-01 12:18:31,009 - root - INFO - train average_precision, 0.9837
2025-10-01 12:18:31,010 - root - INFO - train roc_auc, 0.9839
2025-10-01 12:18:31,010 - root - INFO - validate loss: 0.1855
2025-10-01 12:18:31,010 - root - INFO - validate average_precision, 0.9804
2025-10-01 12:18:31,010 - root - INFO - validate roc_auc, 0.9795
2025-10-01 12:18:31,010 - root - INFO - new node validate loss: 0.3601
2025-10-01 12:18:31,010 - root - INFO - new node validate average_precision, 0.9327
2025-10-01 12:18:31,010 - root - INFO - new node validate roc_auc, 0.9280
2025-10-01 12:18:56,814 - root - INFO - test loss: 0.1807
2025-10-01 12:18:56,814 - root - INFO - test average_precision, 0.9810
2025-10-01 12:18:56,815 - root - INFO - best test average_precision: 0.9821
2025-10-01 12:18:56,815 - root - INFO - test roc_auc, 0.9805
2025-10-01 12:18:56,815 - root - INFO - new node test loss: 0.2675
2025-10-01 12:18:56,815 - root - INFO - new node test average_precision, 0.9585
2025-10-01 12:18:56,815 - root - INFO - new node test roc_auc, 0.9588
2025-10-01 12:21:12,128 - root - INFO - Epoch: 51, learning rate: 0.0001, train loss: 0.1567
2025-10-01 12:21:12,128 - root - INFO - train average_precision, 0.9839
2025-10-01 12:21:12,129 - root - INFO - train roc_auc, 0.9841
2025-10-01 12:21:12,129 - root - INFO - validate loss: 0.1840
2025-10-01 12:21:12,129 - root - INFO - validate average_precision, 0.9806
2025-10-01 12:21:12,129 - root - INFO - validate roc_auc, 0.9798
2025-10-01 12:21:12,129 - root - INFO - new node validate loss: 0.3534
2025-10-01 12:21:12,129 - root - INFO - new node validate average_precision, 0.9339
2025-10-01 12:21:12,129 - root - INFO - new node validate roc_auc, 0.9292
2025-10-01 12:21:38,047 - root - INFO - test loss: 0.1787
2025-10-01 12:21:38,047 - root - INFO - test average_precision, 0.9814
2025-10-01 12:21:38,047 - root - INFO - best test average_precision: 0.9821
2025-10-01 12:21:38,047 - root - INFO - test roc_auc, 0.9810
2025-10-01 12:21:38,047 - root - INFO - new node test loss: 0.2628
2025-10-01 12:21:38,047 - root - INFO - new node test average_precision, 0.9608
2025-10-01 12:21:38,047 - root - INFO - new node test roc_auc, 0.9610
2025-10-01 12:23:53,070 - root - INFO - Epoch: 52, learning rate: 0.0001, train loss: 0.1571
2025-10-01 12:23:53,070 - root - INFO - train average_precision, 0.9838
2025-10-01 12:23:53,071 - root - INFO - train roc_auc, 0.9840
2025-10-01 12:23:53,071 - root - INFO - validate loss: 0.1861
2025-10-01 12:23:53,071 - root - INFO - validate average_precision, 0.9803
2025-10-01 12:23:53,071 - root - INFO - validate roc_auc, 0.9794
2025-10-01 12:23:53,071 - root - INFO - new node validate loss: 0.3610
2025-10-01 12:23:53,071 - root - INFO - new node validate average_precision, 0.9327
2025-10-01 12:23:53,071 - root - INFO - new node validate roc_auc, 0.9283
2025-10-01 12:24:18,378 - root - INFO - test loss: 0.1839
2025-10-01 12:24:18,379 - root - INFO - test average_precision, 0.9803
2025-10-01 12:24:18,379 - root - INFO - best test average_precision: 0.9821
2025-10-01 12:24:18,379 - root - INFO - test roc_auc, 0.9798
2025-10-01 12:24:18,379 - root - INFO - new node test loss: 0.2809
2025-10-01 12:24:18,379 - root - INFO - new node test average_precision, 0.9559
2025-10-01 12:24:18,379 - root - INFO - new node test roc_auc, 0.9563
2025-10-01 12:26:31,376 - root - INFO - Epoch: 53, learning rate: 0.0001, train loss: 0.1581
2025-10-01 12:26:31,377 - root - INFO - train average_precision, 0.9836
2025-10-01 12:26:31,377 - root - INFO - train roc_auc, 0.9838
2025-10-01 12:26:31,377 - root - INFO - validate loss: 0.1848
2025-10-01 12:26:31,377 - root - INFO - validate average_precision, 0.9804
2025-10-01 12:26:31,377 - root - INFO - validate roc_auc, 0.9795
2025-10-01 12:26:31,377 - root - INFO - new node validate loss: 0.3653
2025-10-01 12:26:31,377 - root - INFO - new node validate average_precision, 0.9308
2025-10-01 12:26:31,377 - root - INFO - new node validate roc_auc, 0.9254
2025-10-01 12:26:56,167 - root - INFO - test loss: 0.1825
2025-10-01 12:26:56,167 - root - INFO - test average_precision, 0.9801
2025-10-01 12:26:56,167 - root - INFO - best test average_precision: 0.9821
2025-10-01 12:26:56,167 - root - INFO - test roc_auc, 0.9799
2025-10-01 12:26:56,167 - root - INFO - new node test loss: 0.2731
2025-10-01 12:26:56,167 - root - INFO - new node test average_precision, 0.9564
2025-10-01 12:26:56,168 - root - INFO - new node test roc_auc, 0.9573
2025-10-01 12:29:11,126 - root - INFO - Epoch: 54, learning rate: 0.0001, train loss: 0.1568
2025-10-01 12:29:11,127 - root - INFO - train average_precision, 0.9838
2025-10-01 12:29:11,127 - root - INFO - train roc_auc, 0.9841
2025-10-01 12:29:11,127 - root - INFO - validate loss: 0.1865
2025-10-01 12:29:11,127 - root - INFO - validate average_precision, 0.9799
2025-10-01 12:29:11,127 - root - INFO - validate roc_auc, 0.9791
2025-10-01 12:29:11,127 - root - INFO - new node validate loss: 0.3618
2025-10-01 12:29:11,127 - root - INFO - new node validate average_precision, 0.9321
2025-10-01 12:29:11,127 - root - INFO - new node validate roc_auc, 0.9270
2025-10-01 12:29:36,926 - root - INFO - test loss: 0.1851
2025-10-01 12:29:36,927 - root - INFO - test average_precision, 0.9796
2025-10-01 12:29:36,927 - root - INFO - best test average_precision: 0.9821
2025-10-01 12:29:36,927 - root - INFO - test roc_auc, 0.9792
2025-10-01 12:29:36,927 - root - INFO - new node test loss: 0.2803
2025-10-01 12:29:36,927 - root - INFO - new node test average_precision, 0.9548
2025-10-01 12:29:36,927 - root - INFO - new node test roc_auc, 0.9554
2025-10-01 12:31:53,692 - root - INFO - Epoch: 55, learning rate: 0.0001, train loss: 0.1568
2025-10-01 12:31:53,693 - root - INFO - train average_precision, 0.9836
2025-10-01 12:31:53,694 - root - INFO - train roc_auc, 0.9840
2025-10-01 12:31:53,694 - root - INFO - validate loss: 0.1829
2025-10-01 12:31:53,694 - root - INFO - validate average_precision, 0.9808
2025-10-01 12:31:53,694 - root - INFO - validate roc_auc, 0.9799
2025-10-01 12:31:53,694 - root - INFO - new node validate loss: 0.3496
2025-10-01 12:31:53,694 - root - INFO - new node validate average_precision, 0.9333
2025-10-01 12:31:53,694 - root - INFO - new node validate roc_auc, 0.9281
2025-10-01 12:32:19,166 - root - INFO - test loss: 0.1782
2025-10-01 12:32:19,166 - root - INFO - test average_precision, 0.9812
2025-10-01 12:32:19,166 - root - INFO - best test average_precision: 0.9821
2025-10-01 12:32:19,166 - root - INFO - test roc_auc, 0.9809
2025-10-01 12:32:19,166 - root - INFO - new node test loss: 0.2579
2025-10-01 12:32:19,166 - root - INFO - new node test average_precision, 0.9605
2025-10-01 12:32:19,166 - root - INFO - new node test roc_auc, 0.9605
2025-10-01 12:34:33,507 - root - INFO - Epoch: 56, learning rate: 0.0001, train loss: 0.1555
2025-10-01 12:34:33,508 - root - INFO - train average_precision, 0.9840
2025-10-01 12:34:33,508 - root - INFO - train roc_auc, 0.9843
2025-10-01 12:34:33,508 - root - INFO - validate loss: 0.1860
2025-10-01 12:34:33,508 - root - INFO - validate average_precision, 0.9803
2025-10-01 12:34:33,508 - root - INFO - validate roc_auc, 0.9794
2025-10-01 12:34:33,508 - root - INFO - new node validate loss: 0.3534
2025-10-01 12:34:33,508 - root - INFO - new node validate average_precision, 0.9342
2025-10-01 12:34:33,508 - root - INFO - new node validate roc_auc, 0.9293
2025-10-01 12:34:58,828 - root - INFO - test loss: 0.1886
2025-10-01 12:34:58,829 - root - INFO - test average_precision, 0.9793
2025-10-01 12:34:58,829 - root - INFO - best test average_precision: 0.9821
2025-10-01 12:34:58,829 - root - INFO - test roc_auc, 0.9790
2025-10-01 12:34:58,829 - root - INFO - new node test loss: 0.2699
2025-10-01 12:34:58,829 - root - INFO - new node test average_precision, 0.9574
2025-10-01 12:34:58,829 - root - INFO - new node test roc_auc, 0.9586
2025-10-01 12:37:12,147 - root - INFO - Epoch: 57, learning rate: 0.0001, train loss: 0.1557
2025-10-01 12:37:12,148 - root - INFO - train average_precision, 0.9840
2025-10-01 12:37:12,148 - root - INFO - train roc_auc, 0.9843
2025-10-01 12:37:12,149 - root - INFO - validate loss: 0.1837
2025-10-01 12:37:12,149 - root - INFO - validate average_precision, 0.9806
2025-10-01 12:37:12,149 - root - INFO - validate roc_auc, 0.9797
2025-10-01 12:37:12,149 - root - INFO - new node validate loss: 0.3494
2025-10-01 12:37:12,149 - root - INFO - new node validate average_precision, 0.9351
2025-10-01 12:37:12,149 - root - INFO - new node validate roc_auc, 0.9300
2025-10-01 12:37:37,505 - root - INFO - test loss: 0.1789
2025-10-01 12:37:37,505 - root - INFO - test average_precision, 0.9812
2025-10-01 12:37:37,505 - root - INFO - best test average_precision: 0.9821
2025-10-01 12:37:37,505 - root - INFO - test roc_auc, 0.9806
2025-10-01 12:37:37,506 - root - INFO - new node test loss: 0.2591
2025-10-01 12:37:37,506 - root - INFO - new node test average_precision, 0.9610
2025-10-01 12:37:37,506 - root - INFO - new node test roc_auc, 0.9609
2025-10-01 12:39:52,245 - root - INFO - Epoch: 58, learning rate: 0.0001, train loss: 0.1550
2025-10-01 12:39:52,246 - root - INFO - train average_precision, 0.9842
2025-10-01 12:39:52,246 - root - INFO - train roc_auc, 0.9844
2025-10-01 12:39:52,246 - root - INFO - validate loss: 0.1903
2025-10-01 12:39:52,246 - root - INFO - validate average_precision, 0.9799
2025-10-01 12:39:52,246 - root - INFO - validate roc_auc, 0.9790
2025-10-01 12:39:52,246 - root - INFO - new node validate loss: 0.3453
2025-10-01 12:39:52,246 - root - INFO - new node validate average_precision, 0.9337
2025-10-01 12:39:52,246 - root - INFO - new node validate roc_auc, 0.9284
2025-10-01 12:40:17,769 - root - INFO - test loss: 0.1942
2025-10-01 12:40:17,769 - root - INFO - test average_precision, 0.9793
2025-10-01 12:40:17,769 - root - INFO - best test average_precision: 0.9821
2025-10-01 12:40:17,770 - root - INFO - test roc_auc, 0.9789
2025-10-01 12:40:17,770 - root - INFO - new node test loss: 0.2648
2025-10-01 12:40:17,770 - root - INFO - new node test average_precision, 0.9580
2025-10-01 12:40:17,770 - root - INFO - new node test roc_auc, 0.9589
2025-10-01 12:40:17,770 - root - INFO - load model ./saved_models/DyRep/reddit/DyRep_seed0/DyRep_seed0.pkl
2025-10-01 12:40:19,314 - root - INFO - get final performance on dataset reddit...
2025-10-01 12:40:45,546 - root - INFO - test loss: 0.1743
2025-10-01 12:40:45,546 - root - INFO - test average_precision, 0.9820
2025-10-01 12:40:45,546 - root - INFO - test roc_auc, 0.9817
2025-10-01 12:40:45,546 - root - INFO - new node test loss: 0.2615
2025-10-01 12:40:45,547 - root - INFO - new node test average_precision, 0.9607
2025-10-01 12:40:45,547 - root - INFO - new node test roc_auc, 0.9611
2025-10-01 12:40:45,547 - root - INFO - Run 1 cost 9243.78 seconds.
