2025-09-30 08:14:54,471 - root - INFO - ********** Run 2 starts. **********
2025-09-30 08:14:54,472 - root - INFO - configuration is Namespace(dataset_name='mooc', batch_size=200, model_name='JODIE', gpu=0, num_neighbors=10, sample_neighbor_strategy='uniform', time_scaling_factor=1e-06, num_walk_heads=8, num_heads=2, num_layers=1, walk_length=1, time_gap=2000, time_feat_dim=128, position_feat_dim=172, time_window_mode='fixed_proportion', time_encoder_type='lete', expert_dim=64, num_mixtures=4, patch_size=1, channel_embedding_dim=50, max_input_sequence_length=32, learning_rate=0.0001, dropout=0.2, gamma=0.5, num_epochs=100, optimizer='Adam', weight_decay=0.0, patience=20, val_ratio=0.15, test_ratio=0.15, num_runs=5, test_interval_epochs=1, negative_sample_strategy='random', max_interaction_times=10, load_best_configs=True, device='cuda:0', seed=1, save_model_name='JODIE_seed1')
2025-09-30 08:14:54,474 - root - INFO - time encoder type: lete
2025-09-30 08:14:54,858 - root - INFO - model -> Sequential(
  (0): MemoryModel(
    (time_encoder): TimeEncoder(
      (w): Linear(in_features=1, out_features=128, bias=True)
    )
    (message_aggregator): MessageAggregator()
    (memory_bank): MemoryBank(num_nodes=7145, memory_dim=172)
    (memory_updater): RNNMemoryUpdater(
      (memory_bank): MemoryBank(num_nodes=7145, memory_dim=172)
      (memory_updater): RNNCell(644, 172)
    )
    (embedding_module): TimeProjectionEmbedding(
      (dropout): Dropout(p=0.2, inplace=False)
      (linear_layer): Linear(in_features=1, out_features=172, bias=True)
    )
  )
  (1): MergeLayer(
    (fc1): Linear(in_features=344, out_features=172, bias=True)
    (fc2): Linear(in_features=172, out_features=1, bias=True)
    (act): ReLU()
  )
)
2025-09-30 08:14:54,859 - root - INFO - model name: JODIE, #parameters: 803236 B, 784.41015625 KB, 0.7660255432128906 MB.
2025-09-30 08:15:56,308 - root - INFO - Epoch: 1, learning rate: 0.0001, train loss: 0.4531
2025-09-30 08:15:56,309 - root - INFO - train average_precision, 0.7803
2025-09-30 08:15:56,309 - root - INFO - train roc_auc, 0.8380
2025-09-30 08:15:56,309 - root - INFO - validate loss: 0.6488
2025-09-30 08:15:56,309 - root - INFO - validate average_precision, 0.6305
2025-09-30 08:15:56,309 - root - INFO - validate roc_auc, 0.6729
2025-09-30 08:15:56,309 - root - INFO - new node validate loss: 0.6814
2025-09-30 08:15:56,309 - root - INFO - new node validate average_precision, 0.6228
2025-09-30 08:15:56,310 - root - INFO - new node validate roc_auc, 0.6511
2025-09-30 08:16:07,191 - root - INFO - test loss: 0.6824
2025-09-30 08:16:07,191 - root - INFO - test average_precision, 0.5893
2025-09-30 08:16:07,191 - root - INFO - best test average_precision: 0.5893
2025-09-30 08:16:07,191 - root - INFO - test roc_auc, 0.6242
2025-09-30 08:16:07,191 - root - INFO - new node test loss: 0.6766
2025-09-30 08:16:07,192 - root - INFO - new node test average_precision, 0.6166
2025-09-30 08:16:07,192 - root - INFO - new node test roc_auc, 0.6485
2025-09-30 08:16:07,192 - root - INFO - save model ./saved_models/JODIE/mooc/JODIE_seed1/JODIE_seed1.pkl
2025-09-30 08:17:10,298 - root - INFO - Epoch: 2, learning rate: 0.0001, train loss: 0.4120
2025-09-30 08:17:10,299 - root - INFO - train average_precision, 0.8235
2025-09-30 08:17:10,299 - root - INFO - train roc_auc, 0.8701
2025-09-30 08:17:10,299 - root - INFO - validate loss: 0.5210
2025-09-30 08:17:10,299 - root - INFO - validate average_precision, 0.7514
2025-09-30 08:17:10,299 - root - INFO - validate roc_auc, 0.8041
2025-09-30 08:17:10,299 - root - INFO - new node validate loss: 0.6469
2025-09-30 08:17:10,300 - root - INFO - new node validate average_precision, 0.6559
2025-09-30 08:17:10,300 - root - INFO - new node validate roc_auc, 0.6997
2025-09-30 08:17:21,226 - root - INFO - test loss: 0.5549
2025-09-30 08:17:21,226 - root - INFO - test average_precision, 0.7232
2025-09-30 08:17:21,226 - root - INFO - best test average_precision: 0.7232
2025-09-30 08:17:21,226 - root - INFO - test roc_auc, 0.7719
2025-09-30 08:17:21,226 - root - INFO - new node test loss: 0.5601
2025-09-30 08:17:21,226 - root - INFO - new node test average_precision, 0.7319
2025-09-30 08:17:21,227 - root - INFO - new node test roc_auc, 0.7795
2025-09-30 08:17:21,227 - root - INFO - save model ./saved_models/JODIE/mooc/JODIE_seed1/JODIE_seed1.pkl
2025-09-30 08:18:24,826 - root - INFO - Epoch: 3, learning rate: 0.0001, train loss: 0.3985
2025-09-30 08:18:24,827 - root - INFO - train average_precision, 0.8361
2025-09-30 08:18:24,827 - root - INFO - train roc_auc, 0.8788
2025-09-30 08:18:24,827 - root - INFO - validate loss: 0.5817
2025-09-30 08:18:24,827 - root - INFO - validate average_precision, 0.7113
2025-09-30 08:18:24,827 - root - INFO - validate roc_auc, 0.7630
2025-09-30 08:18:24,827 - root - INFO - new node validate loss: 0.6345
2025-09-30 08:18:24,827 - root - INFO - new node validate average_precision, 0.6747
2025-09-30 08:18:24,828 - root - INFO - new node validate roc_auc, 0.7128
2025-09-30 08:18:35,610 - root - INFO - test loss: 0.7229
2025-09-30 08:18:35,610 - root - INFO - test average_precision, 0.6299
2025-09-30 08:18:35,610 - root - INFO - best test average_precision: 0.7232
2025-09-30 08:18:35,610 - root - INFO - test roc_auc, 0.6731
2025-09-30 08:18:35,610 - root - INFO - new node test loss: 0.6543
2025-09-30 08:18:35,610 - root - INFO - new node test average_precision, 0.6776
2025-09-30 08:18:35,610 - root - INFO - new node test roc_auc, 0.7213
2025-09-30 08:19:36,812 - root - INFO - Epoch: 4, learning rate: 0.0001, train loss: 0.3841
2025-09-30 08:19:36,813 - root - INFO - train average_precision, 0.8466
2025-09-30 08:19:36,813 - root - INFO - train roc_auc, 0.8873
2025-09-30 08:19:36,813 - root - INFO - validate loss: 0.4935
2025-09-30 08:19:36,813 - root - INFO - validate average_precision, 0.7700
2025-09-30 08:19:36,813 - root - INFO - validate roc_auc, 0.8257
2025-09-30 08:19:36,813 - root - INFO - new node validate loss: 0.6135
2025-09-30 08:19:36,813 - root - INFO - new node validate average_precision, 0.6900
2025-09-30 08:19:36,813 - root - INFO - new node validate roc_auc, 0.7289
2025-09-30 08:19:47,794 - root - INFO - test loss: 0.6175
2025-09-30 08:19:47,794 - root - INFO - test average_precision, 0.6780
2025-09-30 08:19:47,794 - root - INFO - best test average_precision: 0.7232
2025-09-30 08:19:47,794 - root - INFO - test roc_auc, 0.7364
2025-09-30 08:19:47,794 - root - INFO - new node test loss: 0.5472
2025-09-30 08:19:47,795 - root - INFO - new node test average_precision, 0.7231
2025-09-30 08:19:47,795 - root - INFO - new node test roc_auc, 0.7805
2025-09-30 08:19:47,795 - root - INFO - save model ./saved_models/JODIE/mooc/JODIE_seed1/JODIE_seed1.pkl
2025-09-30 08:20:50,917 - root - INFO - Epoch: 5, learning rate: 0.0001, train loss: 0.3743
2025-09-30 08:20:50,918 - root - INFO - train average_precision, 0.8535
2025-09-30 08:20:50,918 - root - INFO - train roc_auc, 0.8927
2025-09-30 08:20:50,918 - root - INFO - validate loss: 0.4900
2025-09-30 08:20:50,918 - root - INFO - validate average_precision, 0.7736
2025-09-30 08:20:50,918 - root - INFO - validate roc_auc, 0.8295
2025-09-30 08:20:50,918 - root - INFO - new node validate loss: 0.5972
2025-09-30 08:20:50,918 - root - INFO - new node validate average_precision, 0.7011
2025-09-30 08:20:50,918 - root - INFO - new node validate roc_auc, 0.7448
2025-09-30 08:21:01,694 - root - INFO - test loss: 0.6084
2025-09-30 08:21:01,694 - root - INFO - test average_precision, 0.6785
2025-09-30 08:21:01,694 - root - INFO - best test average_precision: 0.7232
2025-09-30 08:21:01,694 - root - INFO - test roc_auc, 0.7439
2025-09-30 08:21:01,694 - root - INFO - new node test loss: 0.5391
2025-09-30 08:21:01,694 - root - INFO - new node test average_precision, 0.7260
2025-09-30 08:21:01,694 - root - INFO - new node test roc_auc, 0.7879
2025-09-30 08:21:01,694 - root - INFO - save model ./saved_models/JODIE/mooc/JODIE_seed1/JODIE_seed1.pkl
2025-09-30 08:22:04,779 - root - INFO - Epoch: 6, learning rate: 0.0001, train loss: 0.3710
2025-09-30 08:22:04,779 - root - INFO - train average_precision, 0.8547
2025-09-30 08:22:04,779 - root - INFO - train roc_auc, 0.8939
2025-09-30 08:22:04,779 - root - INFO - validate loss: 0.5074
2025-09-30 08:22:04,780 - root - INFO - validate average_precision, 0.7647
2025-09-30 08:22:04,780 - root - INFO - validate roc_auc, 0.8175
2025-09-30 08:22:04,780 - root - INFO - new node validate loss: 0.6154
2025-09-30 08:22:04,780 - root - INFO - new node validate average_precision, 0.6895
2025-09-30 08:22:04,780 - root - INFO - new node validate roc_auc, 0.7327
2025-09-30 08:22:15,644 - root - INFO - test loss: 0.6479
2025-09-30 08:22:15,644 - root - INFO - test average_precision, 0.6639
2025-09-30 08:22:15,644 - root - INFO - best test average_precision: 0.7232
2025-09-30 08:22:15,644 - root - INFO - test roc_auc, 0.7281
2025-09-30 08:22:15,644 - root - INFO - new node test loss: 0.5510
2025-09-30 08:22:15,645 - root - INFO - new node test average_precision, 0.7240
2025-09-30 08:22:15,645 - root - INFO - new node test roc_auc, 0.7834
2025-09-30 08:23:16,657 - root - INFO - Epoch: 7, learning rate: 0.0001, train loss: 0.3626
2025-09-30 08:23:16,657 - root - INFO - train average_precision, 0.8616
2025-09-30 08:23:16,657 - root - INFO - train roc_auc, 0.8990
2025-09-30 08:23:16,657 - root - INFO - validate loss: 0.4764
2025-09-30 08:23:16,658 - root - INFO - validate average_precision, 0.8094
2025-09-30 08:23:16,658 - root - INFO - validate roc_auc, 0.8472
2025-09-30 08:23:16,658 - root - INFO - new node validate loss: 0.5814
2025-09-30 08:23:16,658 - root - INFO - new node validate average_precision, 0.7259
2025-09-30 08:23:16,658 - root - INFO - new node validate roc_auc, 0.7672
2025-09-30 08:23:27,352 - root - INFO - test loss: 0.5058
2025-09-30 08:23:27,352 - root - INFO - test average_precision, 0.7823
2025-09-30 08:23:27,352 - root - INFO - best test average_precision: 0.7823
2025-09-30 08:23:27,352 - root - INFO - test roc_auc, 0.8244
2025-09-30 08:23:27,352 - root - INFO - new node test loss: 0.5152
2025-09-30 08:23:27,352 - root - INFO - new node test average_precision, 0.7574
2025-09-30 08:23:27,352 - root - INFO - new node test roc_auc, 0.8107
2025-09-30 08:23:27,352 - root - INFO - save model ./saved_models/JODIE/mooc/JODIE_seed1/JODIE_seed1.pkl
2025-09-30 08:24:30,624 - root - INFO - Epoch: 8, learning rate: 0.0001, train loss: 0.3579
2025-09-30 08:24:30,625 - root - INFO - train average_precision, 0.8634
2025-09-30 08:24:30,625 - root - INFO - train roc_auc, 0.9012
2025-09-30 08:24:30,625 - root - INFO - validate loss: 0.5840
2025-09-30 08:24:30,625 - root - INFO - validate average_precision, 0.7122
2025-09-30 08:24:30,625 - root - INFO - validate roc_auc, 0.7708
2025-09-30 08:24:30,625 - root - INFO - new node validate loss: 0.6028
2025-09-30 08:24:30,625 - root - INFO - new node validate average_precision, 0.7102
2025-09-30 08:24:30,625 - root - INFO - new node validate roc_auc, 0.7505
2025-09-30 08:24:41,341 - root - INFO - test loss: 0.7048
2025-09-30 08:24:41,342 - root - INFO - test average_precision, 0.6498
2025-09-30 08:24:41,342 - root - INFO - best test average_precision: 0.7823
2025-09-30 08:24:41,342 - root - INFO - test roc_auc, 0.7100
2025-09-30 08:24:41,342 - root - INFO - new node test loss: 0.6193
2025-09-30 08:24:41,342 - root - INFO - new node test average_precision, 0.6986
2025-09-30 08:24:41,342 - root - INFO - new node test roc_auc, 0.7577
2025-09-30 08:25:42,334 - root - INFO - Epoch: 9, learning rate: 0.0001, train loss: 0.3570
2025-09-30 08:25:42,334 - root - INFO - train average_precision, 0.8648
2025-09-30 08:25:42,334 - root - INFO - train roc_auc, 0.9018
2025-09-30 08:25:42,334 - root - INFO - validate loss: 0.5393
2025-09-30 08:25:42,335 - root - INFO - validate average_precision, 0.7475
2025-09-30 08:25:42,335 - root - INFO - validate roc_auc, 0.8010
2025-09-30 08:25:42,335 - root - INFO - new node validate loss: 0.6060
2025-09-30 08:25:42,335 - root - INFO - new node validate average_precision, 0.7120
2025-09-30 08:25:42,335 - root - INFO - new node validate roc_auc, 0.7479
2025-09-30 08:25:53,098 - root - INFO - test loss: 0.7119
2025-09-30 08:25:53,098 - root - INFO - test average_precision, 0.6635
2025-09-30 08:25:53,098 - root - INFO - best test average_precision: 0.7823
2025-09-30 08:25:53,098 - root - INFO - test roc_auc, 0.7190
2025-09-30 08:25:53,098 - root - INFO - new node test loss: 0.6079
2025-09-30 08:25:53,098 - root - INFO - new node test average_precision, 0.7093
2025-09-30 08:25:53,098 - root - INFO - new node test roc_auc, 0.7619
2025-09-30 08:26:54,254 - root - INFO - Epoch: 10, learning rate: 0.0001, train loss: 0.3512
2025-09-30 08:26:54,254 - root - INFO - train average_precision, 0.8696
2025-09-30 08:26:54,254 - root - INFO - train roc_auc, 0.9053
2025-09-30 08:26:54,254 - root - INFO - validate loss: 0.5166
2025-09-30 08:26:54,254 - root - INFO - validate average_precision, 0.7614
2025-09-30 08:26:54,254 - root - INFO - validate roc_auc, 0.8145
2025-09-30 08:26:54,254 - root - INFO - new node validate loss: 0.5992
2025-09-30 08:26:54,255 - root - INFO - new node validate average_precision, 0.7193
2025-09-30 08:26:54,255 - root - INFO - new node validate roc_auc, 0.7579
2025-09-30 08:27:04,990 - root - INFO - test loss: 0.7226
2025-09-30 08:27:04,990 - root - INFO - test average_precision, 0.6613
2025-09-30 08:27:04,990 - root - INFO - best test average_precision: 0.7823
2025-09-30 08:27:04,990 - root - INFO - test roc_auc, 0.7159
2025-09-30 08:27:04,991 - root - INFO - new node test loss: 0.5876
2025-09-30 08:27:04,991 - root - INFO - new node test average_precision, 0.7076
2025-09-30 08:27:04,991 - root - INFO - new node test roc_auc, 0.7684
2025-09-30 08:28:05,947 - root - INFO - Epoch: 11, learning rate: 0.0001, train loss: 0.3516
2025-09-30 08:28:05,948 - root - INFO - train average_precision, 0.8679
2025-09-30 08:28:05,948 - root - INFO - train roc_auc, 0.9043
2025-09-30 08:28:05,948 - root - INFO - validate loss: 0.6138
2025-09-30 08:28:05,948 - root - INFO - validate average_precision, 0.7067
2025-09-30 08:28:05,948 - root - INFO - validate roc_auc, 0.7616
2025-09-30 08:28:05,948 - root - INFO - new node validate loss: 0.5998
2025-09-30 08:28:05,948 - root - INFO - new node validate average_precision, 0.7223
2025-09-30 08:28:05,948 - root - INFO - new node validate roc_auc, 0.7597
2025-09-30 08:28:16,861 - root - INFO - test loss: 0.7611
2025-09-30 08:28:16,861 - root - INFO - test average_precision, 0.6562
2025-09-30 08:28:16,862 - root - INFO - best test average_precision: 0.7823
2025-09-30 08:28:16,862 - root - INFO - test roc_auc, 0.7076
2025-09-30 08:28:16,862 - root - INFO - new node test loss: 0.6684
2025-09-30 08:28:16,862 - root - INFO - new node test average_precision, 0.6860
2025-09-30 08:28:16,862 - root - INFO - new node test roc_auc, 0.7416
2025-09-30 08:29:17,798 - root - INFO - Epoch: 12, learning rate: 0.0001, train loss: 0.3521
2025-09-30 08:29:17,798 - root - INFO - train average_precision, 0.8688
2025-09-30 08:29:17,798 - root - INFO - train roc_auc, 0.9043
2025-09-30 08:29:17,798 - root - INFO - validate loss: 0.5601
2025-09-30 08:29:17,798 - root - INFO - validate average_precision, 0.7388
2025-09-30 08:29:17,798 - root - INFO - validate roc_auc, 0.7891
2025-09-30 08:29:17,799 - root - INFO - new node validate loss: 0.5965
2025-09-30 08:29:17,799 - root - INFO - new node validate average_precision, 0.7303
2025-09-30 08:29:17,799 - root - INFO - new node validate roc_auc, 0.7607
2025-09-30 08:29:28,493 - root - INFO - test loss: 0.7563
2025-09-30 08:29:28,494 - root - INFO - test average_precision, 0.6605
2025-09-30 08:29:28,494 - root - INFO - best test average_precision: 0.7823
2025-09-30 08:29:28,494 - root - INFO - test roc_auc, 0.7066
2025-09-30 08:29:28,494 - root - INFO - new node test loss: 0.6470
2025-09-30 08:29:28,494 - root - INFO - new node test average_precision, 0.6996
2025-09-30 08:29:28,494 - root - INFO - new node test roc_auc, 0.7444
2025-09-30 08:30:29,714 - root - INFO - Epoch: 13, learning rate: 0.0001, train loss: 0.3515
2025-09-30 08:30:29,715 - root - INFO - train average_precision, 0.8699
2025-09-30 08:30:29,715 - root - INFO - train roc_auc, 0.9049
2025-09-30 08:30:29,715 - root - INFO - validate loss: 0.4738
2025-09-30 08:30:29,715 - root - INFO - validate average_precision, 0.8207
2025-09-30 08:30:29,715 - root - INFO - validate roc_auc, 0.8523
2025-09-30 08:30:29,715 - root - INFO - new node validate loss: 0.5513
2025-09-30 08:30:29,715 - root - INFO - new node validate average_precision, 0.7619
2025-09-30 08:30:29,716 - root - INFO - new node validate roc_auc, 0.7954
2025-09-30 08:30:40,460 - root - INFO - test loss: 0.5006
2025-09-30 08:30:40,461 - root - INFO - test average_precision, 0.8028
2025-09-30 08:30:40,461 - root - INFO - best test average_precision: 0.8028
2025-09-30 08:30:40,461 - root - INFO - test roc_auc, 0.8319
2025-09-30 08:30:40,461 - root - INFO - new node test loss: 0.4963
2025-09-30 08:30:40,461 - root - INFO - new node test average_precision, 0.7993
2025-09-30 08:30:40,461 - root - INFO - new node test roc_auc, 0.8345
2025-09-30 08:30:40,461 - root - INFO - save model ./saved_models/JODIE/mooc/JODIE_seed1/JODIE_seed1.pkl
2025-09-30 08:31:43,526 - root - INFO - Epoch: 14, learning rate: 0.0001, train loss: 0.3457
2025-09-30 08:31:43,527 - root - INFO - train average_precision, 0.8735
2025-09-30 08:31:43,527 - root - INFO - train roc_auc, 0.9082
2025-09-30 08:31:43,527 - root - INFO - validate loss: 0.4769
2025-09-30 08:31:43,527 - root - INFO - validate average_precision, 0.8019
2025-09-30 08:31:43,527 - root - INFO - validate roc_auc, 0.8472
2025-09-30 08:31:43,527 - root - INFO - new node validate loss: 0.5479
2025-09-30 08:31:43,527 - root - INFO - new node validate average_precision, 0.7621
2025-09-30 08:31:43,527 - root - INFO - new node validate roc_auc, 0.7976
2025-09-30 08:31:54,409 - root - INFO - test loss: 0.5418
2025-09-30 08:31:54,409 - root - INFO - test average_precision, 0.7474
2025-09-30 08:31:54,409 - root - INFO - best test average_precision: 0.8028
2025-09-30 08:31:54,409 - root - INFO - test roc_auc, 0.8020
2025-09-30 08:31:54,409 - root - INFO - new node test loss: 0.5351
2025-09-30 08:31:54,410 - root - INFO - new node test average_precision, 0.7488
2025-09-30 08:31:54,410 - root - INFO - new node test roc_auc, 0.8028
2025-09-30 08:32:55,300 - root - INFO - Epoch: 15, learning rate: 0.0001, train loss: 0.3437
2025-09-30 08:32:55,301 - root - INFO - train average_precision, 0.8760
2025-09-30 08:32:55,301 - root - INFO - train roc_auc, 0.9094
2025-09-30 08:32:55,301 - root - INFO - validate loss: 0.4764
2025-09-30 08:32:55,301 - root - INFO - validate average_precision, 0.8115
2025-09-30 08:32:55,301 - root - INFO - validate roc_auc, 0.8452
2025-09-30 08:32:55,301 - root - INFO - new node validate loss: 0.5688
2025-09-30 08:32:55,301 - root - INFO - new node validate average_precision, 0.7472
2025-09-30 08:32:55,301 - root - INFO - new node validate roc_auc, 0.7819
2025-09-30 08:33:06,009 - root - INFO - test loss: 0.5198
2025-09-30 08:33:06,009 - root - INFO - test average_precision, 0.7750
2025-09-30 08:33:06,010 - root - INFO - best test average_precision: 0.8028
2025-09-30 08:33:06,010 - root - INFO - test roc_auc, 0.8098
2025-09-30 08:33:06,010 - root - INFO - new node test loss: 0.5079
2025-09-30 08:33:06,010 - root - INFO - new node test average_precision, 0.7823
2025-09-30 08:33:06,010 - root - INFO - new node test roc_auc, 0.8215
2025-09-30 08:34:07,042 - root - INFO - Epoch: 16, learning rate: 0.0001, train loss: 0.3422
2025-09-30 08:34:07,042 - root - INFO - train average_precision, 0.8769
2025-09-30 08:34:07,042 - root - INFO - train roc_auc, 0.9102
2025-09-30 08:34:07,042 - root - INFO - validate loss: 0.4834
2025-09-30 08:34:07,042 - root - INFO - validate average_precision, 0.8031
2025-09-30 08:34:07,042 - root - INFO - validate roc_auc, 0.8390
2025-09-30 08:34:07,043 - root - INFO - new node validate loss: 0.5477
2025-09-30 08:34:07,043 - root - INFO - new node validate average_precision, 0.7573
2025-09-30 08:34:07,043 - root - INFO - new node validate roc_auc, 0.7964
2025-09-30 08:34:17,704 - root - INFO - test loss: 0.5382
2025-09-30 08:34:17,704 - root - INFO - test average_precision, 0.7637
2025-09-30 08:34:17,704 - root - INFO - best test average_precision: 0.8028
2025-09-30 08:34:17,704 - root - INFO - test roc_auc, 0.8012
2025-09-30 08:34:17,704 - root - INFO - new node test loss: 0.5042
2025-09-30 08:34:17,704 - root - INFO - new node test average_precision, 0.7854
2025-09-30 08:34:17,704 - root - INFO - new node test roc_auc, 0.8252
2025-09-30 08:35:18,733 - root - INFO - Epoch: 17, learning rate: 0.0001, train loss: 0.3401
2025-09-30 08:35:18,734 - root - INFO - train average_precision, 0.8791
2025-09-30 08:35:18,734 - root - INFO - train roc_auc, 0.9118
2025-09-30 08:35:18,734 - root - INFO - validate loss: 0.4617
2025-09-30 08:35:18,734 - root - INFO - validate average_precision, 0.8287
2025-09-30 08:35:18,734 - root - INFO - validate roc_auc, 0.8600
2025-09-30 08:35:18,734 - root - INFO - new node validate loss: 0.5490
2025-09-30 08:35:18,734 - root - INFO - new node validate average_precision, 0.7632
2025-09-30 08:35:18,734 - root - INFO - new node validate roc_auc, 0.7975
2025-09-30 08:35:29,657 - root - INFO - test loss: 0.5041
2025-09-30 08:35:29,657 - root - INFO - test average_precision, 0.7902
2025-09-30 08:35:29,657 - root - INFO - best test average_precision: 0.8028
2025-09-30 08:35:29,657 - root - INFO - test roc_auc, 0.8270
2025-09-30 08:35:29,657 - root - INFO - new node test loss: 0.4957
2025-09-30 08:35:29,657 - root - INFO - new node test average_precision, 0.7989
2025-09-30 08:35:29,657 - root - INFO - new node test roc_auc, 0.8332
2025-09-30 08:35:29,658 - root - INFO - save model ./saved_models/JODIE/mooc/JODIE_seed1/JODIE_seed1.pkl
2025-09-30 08:36:32,901 - root - INFO - Epoch: 18, learning rate: 0.0001, train loss: 0.3390
2025-09-30 08:36:32,901 - root - INFO - train average_precision, 0.8803
2025-09-30 08:36:32,901 - root - INFO - train roc_auc, 0.9124
2025-09-30 08:36:32,901 - root - INFO - validate loss: 0.4789
2025-09-30 08:36:32,902 - root - INFO - validate average_precision, 0.8071
2025-09-30 08:36:32,902 - root - INFO - validate roc_auc, 0.8443
2025-09-30 08:36:32,902 - root - INFO - new node validate loss: 0.5451
2025-09-30 08:36:32,902 - root - INFO - new node validate average_precision, 0.7653
2025-09-30 08:36:32,902 - root - INFO - new node validate roc_auc, 0.8007
2025-09-30 08:36:43,559 - root - INFO - test loss: 0.5421
2025-09-30 08:36:43,559 - root - INFO - test average_precision, 0.7590
2025-09-30 08:36:43,559 - root - INFO - best test average_precision: 0.8028
2025-09-30 08:36:43,560 - root - INFO - test roc_auc, 0.8005
2025-09-30 08:36:43,560 - root - INFO - new node test loss: 0.5065
2025-09-30 08:36:43,560 - root - INFO - new node test average_precision, 0.7849
2025-09-30 08:36:43,560 - root - INFO - new node test roc_auc, 0.8240
2025-09-30 08:37:44,685 - root - INFO - Epoch: 19, learning rate: 0.0001, train loss: 0.3375
2025-09-30 08:37:44,686 - root - INFO - train average_precision, 0.8810
2025-09-30 08:37:44,686 - root - INFO - train roc_auc, 0.9131
2025-09-30 08:37:44,686 - root - INFO - validate loss: 0.5035
2025-09-30 08:37:44,686 - root - INFO - validate average_precision, 0.8221
2025-09-30 08:37:44,686 - root - INFO - validate roc_auc, 0.8458
2025-09-30 08:37:44,686 - root - INFO - new node validate loss: 0.5666
2025-09-30 08:37:44,687 - root - INFO - new node validate average_precision, 0.7677
2025-09-30 08:37:44,687 - root - INFO - new node validate roc_auc, 0.7928
2025-09-30 08:37:55,455 - root - INFO - test loss: 0.5115
2025-09-30 08:37:55,456 - root - INFO - test average_precision, 0.8082
2025-09-30 08:37:55,456 - root - INFO - best test average_precision: 0.8082
2025-09-30 08:37:55,456 - root - INFO - test roc_auc, 0.8335
2025-09-30 08:37:55,456 - root - INFO - new node test loss: 0.5440
2025-09-30 08:37:55,456 - root - INFO - new node test average_precision, 0.7940
2025-09-30 08:37:55,456 - root - INFO - new node test roc_auc, 0.8139
2025-09-30 08:38:56,495 - root - INFO - Epoch: 20, learning rate: 0.0001, train loss: 0.3354
2025-09-30 08:38:56,496 - root - INFO - train average_precision, 0.8827
2025-09-30 08:38:56,496 - root - INFO - train roc_auc, 0.9144
2025-09-30 08:38:56,496 - root - INFO - validate loss: 0.5295
2025-09-30 08:38:56,496 - root - INFO - validate average_precision, 0.8066
2025-09-30 08:38:56,496 - root - INFO - validate roc_auc, 0.8277
2025-09-30 08:38:56,496 - root - INFO - new node validate loss: 0.5724
2025-09-30 08:38:56,496 - root - INFO - new node validate average_precision, 0.7574
2025-09-30 08:38:56,496 - root - INFO - new node validate roc_auc, 0.7844
2025-09-30 08:39:07,273 - root - INFO - test loss: 0.5438
2025-09-30 08:39:07,274 - root - INFO - test average_precision, 0.7872
2025-09-30 08:39:07,274 - root - INFO - best test average_precision: 0.8082
2025-09-30 08:39:07,274 - root - INFO - test roc_auc, 0.8126
2025-09-30 08:39:07,274 - root - INFO - new node test loss: 0.5582
2025-09-30 08:39:07,274 - root - INFO - new node test average_precision, 0.7810
2025-09-30 08:39:07,274 - root - INFO - new node test roc_auc, 0.8016
2025-09-30 08:40:08,113 - root - INFO - Epoch: 21, learning rate: 0.0001, train loss: 0.3357
2025-09-30 08:40:08,113 - root - INFO - train average_precision, 0.8809
2025-09-30 08:40:08,113 - root - INFO - train roc_auc, 0.9136
2025-09-30 08:40:08,113 - root - INFO - validate loss: 0.4874
2025-09-30 08:40:08,114 - root - INFO - validate average_precision, 0.8076
2025-09-30 08:40:08,114 - root - INFO - validate roc_auc, 0.8402
2025-09-30 08:40:08,114 - root - INFO - new node validate loss: 0.5550
2025-09-30 08:40:08,114 - root - INFO - new node validate average_precision, 0.7621
2025-09-30 08:40:08,114 - root - INFO - new node validate roc_auc, 0.7931
2025-09-30 08:40:18,826 - root - INFO - test loss: 0.5511
2025-09-30 08:40:18,826 - root - INFO - test average_precision, 0.7522
2025-09-30 08:40:18,826 - root - INFO - best test average_precision: 0.8082
2025-09-30 08:40:18,827 - root - INFO - test roc_auc, 0.7901
2025-09-30 08:40:18,827 - root - INFO - new node test loss: 0.5199
2025-09-30 08:40:18,827 - root - INFO - new node test average_precision, 0.7851
2025-09-30 08:40:18,827 - root - INFO - new node test roc_auc, 0.8176
2025-09-30 08:41:19,895 - root - INFO - Epoch: 22, learning rate: 0.0001, train loss: 0.3352
2025-09-30 08:41:19,895 - root - INFO - train average_precision, 0.8832
2025-09-30 08:41:19,896 - root - INFO - train roc_auc, 0.9144
2025-09-30 08:41:19,896 - root - INFO - validate loss: 0.5010
2025-09-30 08:41:19,896 - root - INFO - validate average_precision, 0.7943
2025-09-30 08:41:19,896 - root - INFO - validate roc_auc, 0.8278
2025-09-30 08:41:19,896 - root - INFO - new node validate loss: 0.5602
2025-09-30 08:41:19,896 - root - INFO - new node validate average_precision, 0.7559
2025-09-30 08:41:19,896 - root - INFO - new node validate roc_auc, 0.7884
2025-09-30 08:41:30,574 - root - INFO - test loss: 0.5567
2025-09-30 08:41:30,574 - root - INFO - test average_precision, 0.7499
2025-09-30 08:41:30,575 - root - INFO - best test average_precision: 0.8082
2025-09-30 08:41:30,575 - root - INFO - test roc_auc, 0.7863
2025-09-30 08:41:30,575 - root - INFO - new node test loss: 0.5391
2025-09-30 08:41:30,575 - root - INFO - new node test average_precision, 0.7680
2025-09-30 08:41:30,575 - root - INFO - new node test roc_auc, 0.8013
2025-09-30 08:42:31,354 - root - INFO - Epoch: 23, learning rate: 0.0001, train loss: 0.3314
2025-09-30 08:42:31,355 - root - INFO - train average_precision, 0.8854
2025-09-30 08:42:31,355 - root - INFO - train roc_auc, 0.9164
2025-09-30 08:42:31,355 - root - INFO - validate loss: 0.4946
2025-09-30 08:42:31,355 - root - INFO - validate average_precision, 0.7975
2025-09-30 08:42:31,355 - root - INFO - validate roc_auc, 0.8317
2025-09-30 08:42:31,355 - root - INFO - new node validate loss: 0.5809
2025-09-30 08:42:31,355 - root - INFO - new node validate average_precision, 0.7516
2025-09-30 08:42:31,355 - root - INFO - new node validate roc_auc, 0.7789
2025-09-30 08:42:42,200 - root - INFO - test loss: 0.5521
2025-09-30 08:42:42,200 - root - INFO - test average_precision, 0.7448
2025-09-30 08:42:42,200 - root - INFO - best test average_precision: 0.8082
2025-09-30 08:42:42,200 - root - INFO - test roc_auc, 0.7861
2025-09-30 08:42:42,200 - root - INFO - new node test loss: 0.5263
2025-09-30 08:42:42,201 - root - INFO - new node test average_precision, 0.7764
2025-09-30 08:42:42,201 - root - INFO - new node test roc_auc, 0.8107
2025-09-30 08:43:43,023 - root - INFO - Epoch: 24, learning rate: 0.0001, train loss: 0.3305
2025-09-30 08:43:43,024 - root - INFO - train average_precision, 0.8862
2025-09-30 08:43:43,024 - root - INFO - train roc_auc, 0.9170
2025-09-30 08:43:43,024 - root - INFO - validate loss: 0.5012
2025-09-30 08:43:43,024 - root - INFO - validate average_precision, 0.7991
2025-09-30 08:43:43,024 - root - INFO - validate roc_auc, 0.8319
2025-09-30 08:43:43,024 - root - INFO - new node validate loss: 0.5881
2025-09-30 08:43:43,024 - root - INFO - new node validate average_precision, 0.7473
2025-09-30 08:43:43,024 - root - INFO - new node validate roc_auc, 0.7749
2025-09-30 08:43:53,784 - root - INFO - test loss: 0.5472
2025-09-30 08:43:53,784 - root - INFO - test average_precision, 0.7605
2025-09-30 08:43:53,784 - root - INFO - best test average_precision: 0.8082
2025-09-30 08:43:53,784 - root - INFO - test roc_auc, 0.7950
2025-09-30 08:43:53,784 - root - INFO - new node test loss: 0.5321
2025-09-30 08:43:53,784 - root - INFO - new node test average_precision, 0.7806
2025-09-30 08:43:53,784 - root - INFO - new node test roc_auc, 0.8115
2025-09-30 08:44:54,915 - root - INFO - Epoch: 25, learning rate: 0.0001, train loss: 0.3291
2025-09-30 08:44:54,915 - root - INFO - train average_precision, 0.8881
2025-09-30 08:44:54,915 - root - INFO - train roc_auc, 0.9180
2025-09-30 08:44:54,915 - root - INFO - validate loss: 0.5103
2025-09-30 08:44:54,915 - root - INFO - validate average_precision, 0.7875
2025-09-30 08:44:54,916 - root - INFO - validate roc_auc, 0.8206
2025-09-30 08:44:54,916 - root - INFO - new node validate loss: 0.5673
2025-09-30 08:44:54,916 - root - INFO - new node validate average_precision, 0.7502
2025-09-30 08:44:54,916 - root - INFO - new node validate roc_auc, 0.7821
2025-09-30 08:45:05,634 - root - INFO - test loss: 0.5613
2025-09-30 08:45:05,634 - root - INFO - test average_precision, 0.7417
2025-09-30 08:45:05,634 - root - INFO - best test average_precision: 0.8082
2025-09-30 08:45:05,634 - root - INFO - test roc_auc, 0.7780
2025-09-30 08:45:05,634 - root - INFO - new node test loss: 0.5473
2025-09-30 08:45:05,634 - root - INFO - new node test average_precision, 0.7586
2025-09-30 08:45:05,634 - root - INFO - new node test roc_auc, 0.7921
2025-09-30 08:46:06,469 - root - INFO - Epoch: 26, learning rate: 0.0001, train loss: 0.3289
2025-09-30 08:46:06,469 - root - INFO - train average_precision, 0.8894
2025-09-30 08:46:06,469 - root - INFO - train roc_auc, 0.9187
2025-09-30 08:46:06,469 - root - INFO - validate loss: 0.5036
2025-09-30 08:46:06,469 - root - INFO - validate average_precision, 0.7887
2025-09-30 08:46:06,469 - root - INFO - validate roc_auc, 0.8234
2025-09-30 08:46:06,470 - root - INFO - new node validate loss: 0.5632
2025-09-30 08:46:06,470 - root - INFO - new node validate average_precision, 0.7541
2025-09-30 08:46:06,470 - root - INFO - new node validate roc_auc, 0.7850
2025-09-30 08:46:17,134 - root - INFO - test loss: 0.5538
2025-09-30 08:46:17,135 - root - INFO - test average_precision, 0.7388
2025-09-30 08:46:17,135 - root - INFO - best test average_precision: 0.8082
2025-09-30 08:46:17,135 - root - INFO - test roc_auc, 0.7769
2025-09-30 08:46:17,135 - root - INFO - new node test loss: 0.5386
2025-09-30 08:46:17,135 - root - INFO - new node test average_precision, 0.7647
2025-09-30 08:46:17,135 - root - INFO - new node test roc_auc, 0.7973
2025-09-30 08:47:18,305 - root - INFO - Epoch: 27, learning rate: 0.0001, train loss: 0.3288
2025-09-30 08:47:18,305 - root - INFO - train average_precision, 0.8873
2025-09-30 08:47:18,305 - root - INFO - train roc_auc, 0.9178
2025-09-30 08:47:18,305 - root - INFO - validate loss: 0.5040
2025-09-30 08:47:18,306 - root - INFO - validate average_precision, 0.7900
2025-09-30 08:47:18,306 - root - INFO - validate roc_auc, 0.8239
2025-09-30 08:47:18,306 - root - INFO - new node validate loss: 0.5609
2025-09-30 08:47:18,306 - root - INFO - new node validate average_precision, 0.7523
2025-09-30 08:47:18,306 - root - INFO - new node validate roc_auc, 0.7862
2025-09-30 08:47:29,029 - root - INFO - test loss: 0.5545
2025-09-30 08:47:29,030 - root - INFO - test average_precision, 0.7398
2025-09-30 08:47:29,030 - root - INFO - best test average_precision: 0.8082
2025-09-30 08:47:29,030 - root - INFO - test roc_auc, 0.7789
2025-09-30 08:47:29,030 - root - INFO - new node test loss: 0.5374
2025-09-30 08:47:29,030 - root - INFO - new node test average_precision, 0.7631
2025-09-30 08:47:29,030 - root - INFO - new node test roc_auc, 0.7985
2025-09-30 08:48:29,942 - root - INFO - Epoch: 28, learning rate: 0.0001, train loss: 0.3277
2025-09-30 08:48:29,942 - root - INFO - train average_precision, 0.8878
2025-09-30 08:48:29,942 - root - INFO - train roc_auc, 0.9183
2025-09-30 08:48:29,942 - root - INFO - validate loss: 0.4849
2025-09-30 08:48:29,942 - root - INFO - validate average_precision, 0.8075
2025-09-30 08:48:29,943 - root - INFO - validate roc_auc, 0.8401
2025-09-30 08:48:29,943 - root - INFO - new node validate loss: 0.5606
2025-09-30 08:48:29,943 - root - INFO - new node validate average_precision, 0.7560
2025-09-30 08:48:29,943 - root - INFO - new node validate roc_auc, 0.7882
2025-09-30 08:48:40,671 - root - INFO - test loss: 0.5366
2025-09-30 08:48:40,671 - root - INFO - test average_precision, 0.7525
2025-09-30 08:48:40,671 - root - INFO - best test average_precision: 0.8082
2025-09-30 08:48:40,671 - root - INFO - test roc_auc, 0.7899
2025-09-30 08:48:40,671 - root - INFO - new node test loss: 0.5170
2025-09-30 08:48:40,671 - root - INFO - new node test average_precision, 0.7815
2025-09-30 08:48:40,671 - root - INFO - new node test roc_auc, 0.8170
2025-09-30 08:49:41,805 - root - INFO - Epoch: 29, learning rate: 0.0001, train loss: 0.3264
2025-09-30 08:49:41,806 - root - INFO - train average_precision, 0.8900
2025-09-30 08:49:41,806 - root - INFO - train roc_auc, 0.9193
2025-09-30 08:49:41,806 - root - INFO - validate loss: 0.4952
2025-09-30 08:49:41,806 - root - INFO - validate average_precision, 0.7947
2025-09-30 08:49:41,806 - root - INFO - validate roc_auc, 0.8317
2025-09-30 08:49:41,806 - root - INFO - new node validate loss: 0.5635
2025-09-30 08:49:41,806 - root - INFO - new node validate average_precision, 0.7548
2025-09-30 08:49:41,806 - root - INFO - new node validate roc_auc, 0.7885
2025-09-30 08:49:52,550 - root - INFO - test loss: 0.5392
2025-09-30 08:49:52,550 - root - INFO - test average_precision, 0.7520
2025-09-30 08:49:52,550 - root - INFO - best test average_precision: 0.8082
2025-09-30 08:49:52,550 - root - INFO - test roc_auc, 0.7933
2025-09-30 08:49:52,550 - root - INFO - new node test loss: 0.5161
2025-09-30 08:49:52,550 - root - INFO - new node test average_precision, 0.7804
2025-09-30 08:49:52,550 - root - INFO - new node test roc_auc, 0.8181
2025-09-30 08:50:53,532 - root - INFO - Epoch: 30, learning rate: 0.0001, train loss: 0.3266
2025-09-30 08:50:53,532 - root - INFO - train average_precision, 0.8900
2025-09-30 08:50:53,533 - root - INFO - train roc_auc, 0.9191
2025-09-30 08:50:53,533 - root - INFO - validate loss: 0.4814
2025-09-30 08:50:53,533 - root - INFO - validate average_precision, 0.8094
2025-09-30 08:50:53,533 - root - INFO - validate roc_auc, 0.8433
2025-09-30 08:50:53,533 - root - INFO - new node validate loss: 0.5648
2025-09-30 08:50:53,533 - root - INFO - new node validate average_precision, 0.7575
2025-09-30 08:50:53,533 - root - INFO - new node validate roc_auc, 0.7886
2025-09-30 08:51:04,439 - root - INFO - test loss: 0.5354
2025-09-30 08:51:04,440 - root - INFO - test average_precision, 0.7561
2025-09-30 08:51:04,440 - root - INFO - best test average_precision: 0.8082
2025-09-30 08:51:04,440 - root - INFO - test roc_auc, 0.7954
2025-09-30 08:51:04,440 - root - INFO - new node test loss: 0.5137
2025-09-30 08:51:04,440 - root - INFO - new node test average_precision, 0.7829
2025-09-30 08:51:04,440 - root - INFO - new node test roc_auc, 0.8205
2025-09-30 08:52:05,362 - root - INFO - Epoch: 31, learning rate: 0.0001, train loss: 0.3264
2025-09-30 08:52:05,362 - root - INFO - train average_precision, 0.8898
2025-09-30 08:52:05,363 - root - INFO - train roc_auc, 0.9191
2025-09-30 08:52:05,363 - root - INFO - validate loss: 0.5010
2025-09-30 08:52:05,363 - root - INFO - validate average_precision, 0.7864
2025-09-30 08:52:05,363 - root - INFO - validate roc_auc, 0.8243
2025-09-30 08:52:05,363 - root - INFO - new node validate loss: 0.5703
2025-09-30 08:52:05,363 - root - INFO - new node validate average_precision, 0.7387
2025-09-30 08:52:05,363 - root - INFO - new node validate roc_auc, 0.7777
2025-09-30 08:52:15,994 - root - INFO - test loss: 0.5550
2025-09-30 08:52:15,994 - root - INFO - test average_precision, 0.7290
2025-09-30 08:52:15,994 - root - INFO - best test average_precision: 0.8082
2025-09-30 08:52:15,994 - root - INFO - test roc_auc, 0.7737
2025-09-30 08:52:15,994 - root - INFO - new node test loss: 0.5332
2025-09-30 08:52:15,994 - root - INFO - new node test average_precision, 0.7546
2025-09-30 08:52:15,994 - root - INFO - new node test roc_auc, 0.7975
2025-09-30 08:53:17,007 - root - INFO - Epoch: 32, learning rate: 0.0001, train loss: 0.3247
2025-09-30 08:53:17,008 - root - INFO - train average_precision, 0.8906
2025-09-30 08:53:17,008 - root - INFO - train roc_auc, 0.9200
2025-09-30 08:53:17,008 - root - INFO - validate loss: 0.4449
2025-09-30 08:53:17,008 - root - INFO - validate average_precision, 0.8432
2025-09-30 08:53:17,008 - root - INFO - validate roc_auc, 0.8733
2025-09-30 08:53:17,008 - root - INFO - new node validate loss: 0.6446
2025-09-30 08:53:17,008 - root - INFO - new node validate average_precision, 0.7130
2025-09-30 08:53:17,008 - root - INFO - new node validate roc_auc, 0.7387
2025-09-30 08:53:27,731 - root - INFO - test loss: 0.4665
2025-09-30 08:53:27,731 - root - INFO - test average_precision, 0.8244
2025-09-30 08:53:27,732 - root - INFO - best test average_precision: 0.8244
2025-09-30 08:53:27,732 - root - INFO - test roc_auc, 0.8571
2025-09-30 08:53:27,732 - root - INFO - new node test loss: 0.4953
2025-09-30 08:53:27,732 - root - INFO - new node test average_precision, 0.8132
2025-09-30 08:53:27,732 - root - INFO - new node test roc_auc, 0.8426
2025-09-30 08:53:27,732 - root - INFO - save model ./saved_models/JODIE/mooc/JODIE_seed1/JODIE_seed1.pkl
2025-09-30 08:54:31,072 - root - INFO - Epoch: 33, learning rate: 0.0001, train loss: 0.3247
2025-09-30 08:54:31,072 - root - INFO - train average_precision, 0.8909
2025-09-30 08:54:31,073 - root - INFO - train roc_auc, 0.9200
2025-09-30 08:54:31,073 - root - INFO - validate loss: 0.4625
2025-09-30 08:54:31,073 - root - INFO - validate average_precision, 0.8339
2025-09-30 08:54:31,073 - root - INFO - validate roc_auc, 0.8636
2025-09-30 08:54:31,073 - root - INFO - new node validate loss: 0.5625
2025-09-30 08:54:31,073 - root - INFO - new node validate average_precision, 0.7625
2025-09-30 08:54:31,073 - root - INFO - new node validate roc_auc, 0.7926
2025-09-30 08:54:41,803 - root - INFO - test loss: 0.4880
2025-09-30 08:54:41,804 - root - INFO - test average_precision, 0.8081
2025-09-30 08:54:41,804 - root - INFO - best test average_precision: 0.8244
2025-09-30 08:54:41,804 - root - INFO - test roc_auc, 0.8436
2025-09-30 08:54:41,804 - root - INFO - new node test loss: 0.4971
2025-09-30 08:54:41,804 - root - INFO - new node test average_precision, 0.8022
2025-09-30 08:54:41,804 - root - INFO - new node test roc_auc, 0.8367
2025-09-30 08:55:42,773 - root - INFO - Epoch: 34, learning rate: 0.0001, train loss: 0.3227
2025-09-30 08:55:42,774 - root - INFO - train average_precision, 0.8921
2025-09-30 08:55:42,774 - root - INFO - train roc_auc, 0.9212
2025-09-30 08:55:42,774 - root - INFO - validate loss: 0.4886
2025-09-30 08:55:42,774 - root - INFO - validate average_precision, 0.8064
2025-09-30 08:55:42,774 - root - INFO - validate roc_auc, 0.8410
2025-09-30 08:55:42,774 - root - INFO - new node validate loss: 0.5733
2025-09-30 08:55:42,774 - root - INFO - new node validate average_precision, 0.7617
2025-09-30 08:55:42,774 - root - INFO - new node validate roc_auc, 0.7880
2025-09-30 08:55:53,480 - root - INFO - test loss: 0.5484
2025-09-30 08:55:53,480 - root - INFO - test average_precision, 0.7423
2025-09-30 08:55:53,480 - root - INFO - best test average_precision: 0.8244
2025-09-30 08:55:53,480 - root - INFO - test roc_auc, 0.7861
2025-09-30 08:55:53,480 - root - INFO - new node test loss: 0.5146
2025-09-30 08:55:53,480 - root - INFO - new node test average_precision, 0.7788
2025-09-30 08:55:53,480 - root - INFO - new node test roc_auc, 0.8185
2025-09-30 08:56:54,136 - root - INFO - Epoch: 35, learning rate: 0.0001, train loss: 0.3228
2025-09-30 08:56:54,137 - root - INFO - train average_precision, 0.8923
2025-09-30 08:56:54,137 - root - INFO - train roc_auc, 0.9213
2025-09-30 08:56:54,137 - root - INFO - validate loss: 0.4640
2025-09-30 08:56:54,137 - root - INFO - validate average_precision, 0.8341
2025-09-30 08:56:54,137 - root - INFO - validate roc_auc, 0.8626
2025-09-30 08:56:54,137 - root - INFO - new node validate loss: 0.5748
2025-09-30 08:56:54,137 - root - INFO - new node validate average_precision, 0.7653
2025-09-30 08:56:54,137 - root - INFO - new node validate roc_auc, 0.7920
2025-09-30 08:57:04,883 - root - INFO - test loss: 0.5056
2025-09-30 08:57:04,884 - root - INFO - test average_precision, 0.7965
2025-09-30 08:57:04,884 - root - INFO - best test average_precision: 0.8244
2025-09-30 08:57:04,884 - root - INFO - test roc_auc, 0.8261
2025-09-30 08:57:04,884 - root - INFO - new node test loss: 0.5020
2025-09-30 08:57:04,884 - root - INFO - new node test average_precision, 0.8061
2025-09-30 08:57:04,884 - root - INFO - new node test roc_auc, 0.8369
2025-09-30 08:58:05,736 - root - INFO - Epoch: 36, learning rate: 0.0001, train loss: 0.3258
2025-09-30 08:58:05,736 - root - INFO - train average_precision, 0.8895
2025-09-30 08:58:05,736 - root - INFO - train roc_auc, 0.9192
2025-09-30 08:58:05,736 - root - INFO - validate loss: 0.4695
2025-09-30 08:58:05,736 - root - INFO - validate average_precision, 0.8268
2025-09-30 08:58:05,737 - root - INFO - validate roc_auc, 0.8594
2025-09-30 08:58:05,737 - root - INFO - new node validate loss: 0.5661
2025-09-30 08:58:05,737 - root - INFO - new node validate average_precision, 0.7561
2025-09-30 08:58:05,737 - root - INFO - new node validate roc_auc, 0.7895
2025-09-30 08:58:16,389 - root - INFO - test loss: 0.4965
2025-09-30 08:58:16,390 - root - INFO - test average_precision, 0.7936
2025-09-30 08:58:16,390 - root - INFO - best test average_precision: 0.8244
2025-09-30 08:58:16,390 - root - INFO - test roc_auc, 0.8324
2025-09-30 08:58:16,390 - root - INFO - new node test loss: 0.5007
2025-09-30 08:58:16,390 - root - INFO - new node test average_precision, 0.7961
2025-09-30 08:58:16,390 - root - INFO - new node test roc_auc, 0.8323
2025-09-30 08:59:17,502 - root - INFO - Epoch: 37, learning rate: 0.0001, train loss: 0.3211
2025-09-30 08:59:17,502 - root - INFO - train average_precision, 0.8940
2025-09-30 08:59:17,503 - root - INFO - train roc_auc, 0.9225
2025-09-30 08:59:17,503 - root - INFO - validate loss: 0.4579
2025-09-30 08:59:17,503 - root - INFO - validate average_precision, 0.8296
2025-09-30 08:59:17,503 - root - INFO - validate roc_auc, 0.8639
2025-09-30 08:59:17,503 - root - INFO - new node validate loss: 0.5968
2025-09-30 08:59:17,503 - root - INFO - new node validate average_precision, 0.7556
2025-09-30 08:59:17,503 - root - INFO - new node validate roc_auc, 0.7789
2025-09-30 08:59:28,160 - root - INFO - test loss: 0.4855
2025-09-30 08:59:28,161 - root - INFO - test average_precision, 0.7986
2025-09-30 08:59:28,161 - root - INFO - best test average_precision: 0.8244
2025-09-30 08:59:28,161 - root - INFO - test roc_auc, 0.8407
2025-09-30 08:59:28,161 - root - INFO - new node test loss: 0.5012
2025-09-30 08:59:28,161 - root - INFO - new node test average_precision, 0.7884
2025-09-30 08:59:28,161 - root - INFO - new node test roc_auc, 0.8304
2025-09-30 09:00:29,078 - root - INFO - Epoch: 38, learning rate: 0.0001, train loss: 0.3207
2025-09-30 09:00:29,078 - root - INFO - train average_precision, 0.8943
2025-09-30 09:00:29,078 - root - INFO - train roc_auc, 0.9225
2025-09-30 09:00:29,079 - root - INFO - validate loss: 0.4682
2025-09-30 09:00:29,079 - root - INFO - validate average_precision, 0.8352
2025-09-30 09:00:29,079 - root - INFO - validate roc_auc, 0.8651
2025-09-30 09:00:29,079 - root - INFO - new node validate loss: 0.5798
2025-09-30 09:00:29,079 - root - INFO - new node validate average_precision, 0.7569
2025-09-30 09:00:29,079 - root - INFO - new node validate roc_auc, 0.7843
2025-09-30 09:00:39,832 - root - INFO - test loss: 0.4922
2025-09-30 09:00:39,833 - root - INFO - test average_precision, 0.8070
2025-09-30 09:00:39,833 - root - INFO - best test average_precision: 0.8244
2025-09-30 09:00:39,833 - root - INFO - test roc_auc, 0.8414
2025-09-30 09:00:39,833 - root - INFO - new node test loss: 0.5071
2025-09-30 09:00:39,833 - root - INFO - new node test average_precision, 0.7990
2025-09-30 09:00:39,833 - root - INFO - new node test roc_auc, 0.8322
2025-09-30 09:01:40,799 - root - INFO - Epoch: 39, learning rate: 0.0001, train loss: 0.3224
2025-09-30 09:01:40,800 - root - INFO - train average_precision, 0.8923
2025-09-30 09:01:40,800 - root - INFO - train roc_auc, 0.9213
2025-09-30 09:01:40,800 - root - INFO - validate loss: 0.4708
2025-09-30 09:01:40,800 - root - INFO - validate average_precision, 0.8242
2025-09-30 09:01:40,800 - root - INFO - validate roc_auc, 0.8572
2025-09-30 09:01:40,800 - root - INFO - new node validate loss: 0.5918
2025-09-30 09:01:40,800 - root - INFO - new node validate average_precision, 0.7608
2025-09-30 09:01:40,800 - root - INFO - new node validate roc_auc, 0.7820
2025-09-30 09:01:51,430 - root - INFO - test loss: 0.5119
2025-09-30 09:01:51,430 - root - INFO - test average_precision, 0.7760
2025-09-30 09:01:51,430 - root - INFO - best test average_precision: 0.8244
2025-09-30 09:01:51,430 - root - INFO - test roc_auc, 0.8174
2025-09-30 09:01:51,430 - root - INFO - new node test loss: 0.4997
2025-09-30 09:01:51,430 - root - INFO - new node test average_precision, 0.7940
2025-09-30 09:01:51,430 - root - INFO - new node test roc_auc, 0.8315
2025-09-30 09:02:52,366 - root - INFO - Epoch: 40, learning rate: 0.0001, train loss: 0.3209
2025-09-30 09:02:52,366 - root - INFO - train average_precision, 0.8949
2025-09-30 09:02:52,366 - root - INFO - train roc_auc, 0.9226
2025-09-30 09:02:52,366 - root - INFO - validate loss: 0.4664
2025-09-30 09:02:52,366 - root - INFO - validate average_precision, 0.8285
2025-09-30 09:02:52,366 - root - INFO - validate roc_auc, 0.8603
2025-09-30 09:02:52,366 - root - INFO - new node validate loss: 0.5956
2025-09-30 09:02:52,367 - root - INFO - new node validate average_precision, 0.7549
2025-09-30 09:02:52,367 - root - INFO - new node validate roc_auc, 0.7815
2025-09-30 09:03:03,296 - root - INFO - test loss: 0.5180
2025-09-30 09:03:03,296 - root - INFO - test average_precision, 0.7705
2025-09-30 09:03:03,297 - root - INFO - best test average_precision: 0.8244
2025-09-30 09:03:03,297 - root - INFO - test roc_auc, 0.8118
2025-09-30 09:03:03,297 - root - INFO - new node test loss: 0.5092
2025-09-30 09:03:03,297 - root - INFO - new node test average_precision, 0.7872
2025-09-30 09:03:03,297 - root - INFO - new node test roc_auc, 0.8258
2025-09-30 09:04:04,090 - root - INFO - Epoch: 41, learning rate: 0.0001, train loss: 0.3177
2025-09-30 09:04:04,090 - root - INFO - train average_precision, 0.8961
2025-09-30 09:04:04,090 - root - INFO - train roc_auc, 0.9239
2025-09-30 09:04:04,091 - root - INFO - validate loss: 0.4534
2025-09-30 09:04:04,091 - root - INFO - validate average_precision, 0.8428
2025-09-30 09:04:04,091 - root - INFO - validate roc_auc, 0.8714
2025-09-30 09:04:04,091 - root - INFO - new node validate loss: 0.5932
2025-09-30 09:04:04,091 - root - INFO - new node validate average_precision, 0.7576
2025-09-30 09:04:04,091 - root - INFO - new node validate roc_auc, 0.7840
2025-09-30 09:04:14,729 - root - INFO - test loss: 0.4699
2025-09-30 09:04:14,729 - root - INFO - test average_precision, 0.8220
2025-09-30 09:04:14,729 - root - INFO - best test average_precision: 0.8244
2025-09-30 09:04:14,729 - root - INFO - test roc_auc, 0.8544
2025-09-30 09:04:14,729 - root - INFO - new node test loss: 0.4961
2025-09-30 09:04:14,730 - root - INFO - new node test average_precision, 0.8103
2025-09-30 09:04:14,730 - root - INFO - new node test roc_auc, 0.8408
2025-09-30 09:05:16,012 - root - INFO - Epoch: 42, learning rate: 0.0001, train loss: 0.3171
2025-09-30 09:05:16,012 - root - INFO - train average_precision, 0.8973
2025-09-30 09:05:16,013 - root - INFO - train roc_auc, 0.9246
2025-09-30 09:05:16,013 - root - INFO - validate loss: 0.5040
2025-09-30 09:05:16,013 - root - INFO - validate average_precision, 0.7929
2025-09-30 09:05:16,013 - root - INFO - validate roc_auc, 0.8312
2025-09-30 09:05:16,013 - root - INFO - new node validate loss: 0.6032
2025-09-30 09:05:16,013 - root - INFO - new node validate average_precision, 0.7329
2025-09-30 09:05:16,013 - root - INFO - new node validate roc_auc, 0.7660
2025-09-30 09:05:26,793 - root - INFO - test loss: 0.5610
2025-09-30 09:05:26,794 - root - INFO - test average_precision, 0.7387
2025-09-30 09:05:26,794 - root - INFO - best test average_precision: 0.8244
2025-09-30 09:05:26,794 - root - INFO - test roc_auc, 0.7815
2025-09-30 09:05:26,794 - root - INFO - new node test loss: 0.5220
2025-09-30 09:05:26,794 - root - INFO - new node test average_precision, 0.7738
2025-09-30 09:05:26,794 - root - INFO - new node test roc_auc, 0.8151
2025-09-30 09:06:27,691 - root - INFO - Epoch: 43, learning rate: 0.0001, train loss: 0.3201
2025-09-30 09:06:27,692 - root - INFO - train average_precision, 0.8943
2025-09-30 09:06:27,692 - root - INFO - train roc_auc, 0.9226
2025-09-30 09:06:27,692 - root - INFO - validate loss: 0.4854
2025-09-30 09:06:27,692 - root - INFO - validate average_precision, 0.8157
2025-09-30 09:06:27,692 - root - INFO - validate roc_auc, 0.8471
2025-09-30 09:06:27,692 - root - INFO - new node validate loss: 0.6048
2025-09-30 09:06:27,692 - root - INFO - new node validate average_precision, 0.7529
2025-09-30 09:06:27,692 - root - INFO - new node validate roc_auc, 0.7752
2025-09-30 09:06:38,324 - root - INFO - test loss: 0.5487
2025-09-30 09:06:38,324 - root - INFO - test average_precision, 0.7485
2025-09-30 09:06:38,324 - root - INFO - best test average_precision: 0.8244
2025-09-30 09:06:38,324 - root - INFO - test roc_auc, 0.7883
2025-09-30 09:06:38,324 - root - INFO - new node test loss: 0.5219
2025-09-30 09:06:38,324 - root - INFO - new node test average_precision, 0.7793
2025-09-30 09:06:38,324 - root - INFO - new node test roc_auc, 0.8187
2025-09-30 09:07:39,389 - root - INFO - Epoch: 44, learning rate: 0.0001, train loss: 0.3173
2025-09-30 09:07:39,389 - root - INFO - train average_precision, 0.8963
2025-09-30 09:07:39,390 - root - INFO - train roc_auc, 0.9240
2025-09-30 09:07:39,390 - root - INFO - validate loss: 0.4672
2025-09-30 09:07:39,390 - root - INFO - validate average_precision, 0.8317
2025-09-30 09:07:39,390 - root - INFO - validate roc_auc, 0.8630
2025-09-30 09:07:39,390 - root - INFO - new node validate loss: 0.5788
2025-09-30 09:07:39,390 - root - INFO - new node validate average_precision, 0.7463
2025-09-30 09:07:39,390 - root - INFO - new node validate roc_auc, 0.7812
2025-09-30 09:07:50,041 - root - INFO - test loss: 0.4827
2025-09-30 09:07:50,042 - root - INFO - test average_precision, 0.8090
2025-09-30 09:07:50,042 - root - INFO - best test average_precision: 0.8244
2025-09-30 09:07:50,042 - root - INFO - test roc_auc, 0.8453
2025-09-30 09:07:50,042 - root - INFO - new node test loss: 0.5117
2025-09-30 09:07:50,042 - root - INFO - new node test average_precision, 0.7909
2025-09-30 09:07:50,042 - root - INFO - new node test roc_auc, 0.8285
2025-09-30 09:08:50,927 - root - INFO - Epoch: 45, learning rate: 0.0001, train loss: 0.3156
2025-09-30 09:08:50,927 - root - INFO - train average_precision, 0.8976
2025-09-30 09:08:50,928 - root - INFO - train roc_auc, 0.9250
2025-09-30 09:08:50,928 - root - INFO - validate loss: 0.4659
2025-09-30 09:08:50,928 - root - INFO - validate average_precision, 0.8360
2025-09-30 09:08:50,928 - root - INFO - validate roc_auc, 0.8666
2025-09-30 09:08:50,928 - root - INFO - new node validate loss: 0.6141
2025-09-30 09:08:50,928 - root - INFO - new node validate average_precision, 0.7403
2025-09-30 09:08:50,928 - root - INFO - new node validate roc_auc, 0.7699
2025-09-30 09:09:01,732 - root - INFO - test loss: 0.4832
2025-09-30 09:09:01,733 - root - INFO - test average_precision, 0.8121
2025-09-30 09:09:01,733 - root - INFO - best test average_precision: 0.8244
2025-09-30 09:09:01,733 - root - INFO - test roc_auc, 0.8476
2025-09-30 09:09:01,733 - root - INFO - new node test loss: 0.5126
2025-09-30 09:09:01,733 - root - INFO - new node test average_precision, 0.8026
2025-09-30 09:09:01,733 - root - INFO - new node test roc_auc, 0.8356
2025-09-30 09:10:02,613 - root - INFO - Epoch: 46, learning rate: 0.0001, train loss: 0.3154
2025-09-30 09:10:02,613 - root - INFO - train average_precision, 0.8976
2025-09-30 09:10:02,613 - root - INFO - train roc_auc, 0.9248
2025-09-30 09:10:02,614 - root - INFO - validate loss: 0.4837
2025-09-30 09:10:02,614 - root - INFO - validate average_precision, 0.8148
2025-09-30 09:10:02,614 - root - INFO - validate roc_auc, 0.8485
2025-09-30 09:10:02,614 - root - INFO - new node validate loss: 0.6017
2025-09-30 09:10:02,614 - root - INFO - new node validate average_precision, 0.7442
2025-09-30 09:10:02,614 - root - INFO - new node validate roc_auc, 0.7741
2025-09-30 09:10:13,288 - root - INFO - test loss: 0.5343
2025-09-30 09:10:13,288 - root - INFO - test average_precision, 0.7559
2025-09-30 09:10:13,288 - root - INFO - best test average_precision: 0.8244
2025-09-30 09:10:13,288 - root - INFO - test roc_auc, 0.8006
2025-09-30 09:10:13,288 - root - INFO - new node test loss: 0.5234
2025-09-30 09:10:13,288 - root - INFO - new node test average_precision, 0.7743
2025-09-30 09:10:13,288 - root - INFO - new node test roc_auc, 0.8170
2025-09-30 09:11:14,420 - root - INFO - Epoch: 47, learning rate: 0.0001, train loss: 0.3191
2025-09-30 09:11:14,420 - root - INFO - train average_precision, 0.8959
2025-09-30 09:11:14,420 - root - INFO - train roc_auc, 0.9233
2025-09-30 09:11:14,420 - root - INFO - validate loss: 0.4827
2025-09-30 09:11:14,421 - root - INFO - validate average_precision, 0.8225
2025-09-30 09:11:14,421 - root - INFO - validate roc_auc, 0.8554
2025-09-30 09:11:14,421 - root - INFO - new node validate loss: 0.6110
2025-09-30 09:11:14,421 - root - INFO - new node validate average_precision, 0.7430
2025-09-30 09:11:14,421 - root - INFO - new node validate roc_auc, 0.7699
2025-09-30 09:11:25,148 - root - INFO - test loss: 0.4982
2025-09-30 09:11:25,148 - root - INFO - test average_precision, 0.8017
2025-09-30 09:11:25,148 - root - INFO - best test average_precision: 0.8244
2025-09-30 09:11:25,148 - root - INFO - test roc_auc, 0.8366
2025-09-30 09:11:25,148 - root - INFO - new node test loss: 0.5163
2025-09-30 09:11:25,148 - root - INFO - new node test average_precision, 0.7871
2025-09-30 09:11:25,148 - root - INFO - new node test roc_auc, 0.8265
2025-09-30 09:12:26,009 - root - INFO - Epoch: 48, learning rate: 0.0001, train loss: 0.3151
2025-09-30 09:12:26,009 - root - INFO - train average_precision, 0.8981
2025-09-30 09:12:26,009 - root - INFO - train roc_auc, 0.9253
2025-09-30 09:12:26,009 - root - INFO - validate loss: 0.4640
2025-09-30 09:12:26,009 - root - INFO - validate average_precision, 0.8397
2025-09-30 09:12:26,010 - root - INFO - validate roc_auc, 0.8682
2025-09-30 09:12:26,010 - root - INFO - new node validate loss: 0.6351
2025-09-30 09:12:26,010 - root - INFO - new node validate average_precision, 0.7355
2025-09-30 09:12:26,010 - root - INFO - new node validate roc_auc, 0.7584
2025-09-30 09:12:36,706 - root - INFO - test loss: 0.4797
2025-09-30 09:12:36,707 - root - INFO - test average_precision, 0.8210
2025-09-30 09:12:36,707 - root - INFO - best test average_precision: 0.8244
2025-09-30 09:12:36,707 - root - INFO - test roc_auc, 0.8510
2025-09-30 09:12:36,707 - root - INFO - new node test loss: 0.5190
2025-09-30 09:12:36,707 - root - INFO - new node test average_precision, 0.8039
2025-09-30 09:12:36,707 - root - INFO - new node test roc_auc, 0.8334
2025-09-30 09:13:37,704 - root - INFO - Epoch: 49, learning rate: 0.0001, train loss: 0.3143
2025-09-30 09:13:37,704 - root - INFO - train average_precision, 0.8987
2025-09-30 09:13:37,705 - root - INFO - train roc_auc, 0.9258
2025-09-30 09:13:37,705 - root - INFO - validate loss: 0.4608
2025-09-30 09:13:37,705 - root - INFO - validate average_precision, 0.8365
2025-09-30 09:13:37,705 - root - INFO - validate roc_auc, 0.8676
2025-09-30 09:13:37,705 - root - INFO - new node validate loss: 0.5980
2025-09-30 09:13:37,705 - root - INFO - new node validate average_precision, 0.7556
2025-09-30 09:13:37,705 - root - INFO - new node validate roc_auc, 0.7799
2025-09-30 09:13:48,401 - root - INFO - test loss: 0.4821
2025-09-30 09:13:48,401 - root - INFO - test average_precision, 0.8125
2025-09-30 09:13:48,401 - root - INFO - best test average_precision: 0.8244
2025-09-30 09:13:48,401 - root - INFO - test roc_auc, 0.8478
2025-09-30 09:13:48,401 - root - INFO - new node test loss: 0.5106
2025-09-30 09:13:48,401 - root - INFO - new node test average_precision, 0.7989
2025-09-30 09:13:48,401 - root - INFO - new node test roc_auc, 0.8328
2025-09-30 09:14:49,404 - root - INFO - Epoch: 50, learning rate: 0.0001, train loss: 0.3129
2025-09-30 09:14:49,405 - root - INFO - train average_precision, 0.8989
2025-09-30 09:14:49,405 - root - INFO - train roc_auc, 0.9263
2025-09-30 09:14:49,405 - root - INFO - validate loss: 0.4696
2025-09-30 09:14:49,405 - root - INFO - validate average_precision, 0.8394
2025-09-30 09:14:49,405 - root - INFO - validate roc_auc, 0.8658
2025-09-30 09:14:49,405 - root - INFO - new node validate loss: 0.6118
2025-09-30 09:14:49,405 - root - INFO - new node validate average_precision, 0.7443
2025-09-30 09:14:49,405 - root - INFO - new node validate roc_auc, 0.7688
2025-09-30 09:15:00,253 - root - INFO - test loss: 0.5023
2025-09-30 09:15:00,253 - root - INFO - test average_precision, 0.8065
2025-09-30 09:15:00,253 - root - INFO - best test average_precision: 0.8244
2025-09-30 09:15:00,253 - root - INFO - test roc_auc, 0.8347
2025-09-30 09:15:00,253 - root - INFO - new node test loss: 0.5002
2025-09-30 09:15:00,254 - root - INFO - new node test average_precision, 0.8129
2025-09-30 09:15:00,254 - root - INFO - new node test roc_auc, 0.8433
2025-09-30 09:16:01,164 - root - INFO - Epoch: 51, learning rate: 0.0001, train loss: 0.3114
2025-09-30 09:16:01,164 - root - INFO - train average_precision, 0.9009
2025-09-30 09:16:01,164 - root - INFO - train roc_auc, 0.9270
2025-09-30 09:16:01,164 - root - INFO - validate loss: 0.4824
2025-09-30 09:16:01,164 - root - INFO - validate average_precision, 0.8262
2025-09-30 09:16:01,164 - root - INFO - validate roc_auc, 0.8547
2025-09-30 09:16:01,165 - root - INFO - new node validate loss: 0.6310
2025-09-30 09:16:01,165 - root - INFO - new node validate average_precision, 0.7326
2025-09-30 09:16:01,165 - root - INFO - new node validate roc_auc, 0.7605
2025-09-30 09:16:11,845 - root - INFO - test loss: 0.4924
2025-09-30 09:16:11,845 - root - INFO - test average_precision, 0.8082
2025-09-30 09:16:11,845 - root - INFO - best test average_precision: 0.8244
2025-09-30 09:16:11,845 - root - INFO - test roc_auc, 0.8409
2025-09-30 09:16:11,845 - root - INFO - new node test loss: 0.5210
2025-09-30 09:16:11,845 - root - INFO - new node test average_precision, 0.7948
2025-09-30 09:16:11,845 - root - INFO - new node test roc_auc, 0.8270
2025-09-30 09:17:12,918 - root - INFO - Epoch: 52, learning rate: 0.0001, train loss: 0.3131
2025-09-30 09:17:12,919 - root - INFO - train average_precision, 0.8991
2025-09-30 09:17:12,919 - root - INFO - train roc_auc, 0.9262
2025-09-30 09:17:12,919 - root - INFO - validate loss: 0.4704
2025-09-30 09:17:12,919 - root - INFO - validate average_precision, 0.8359
2025-09-30 09:17:12,919 - root - INFO - validate roc_auc, 0.8654
2025-09-30 09:17:12,920 - root - INFO - new node validate loss: 0.6082
2025-09-30 09:17:12,920 - root - INFO - new node validate average_precision, 0.7510
2025-09-30 09:17:12,920 - root - INFO - new node validate roc_auc, 0.7778
2025-09-30 09:17:23,553 - root - INFO - test loss: 0.4803
2025-09-30 09:17:23,553 - root - INFO - test average_precision, 0.8202
2025-09-30 09:17:23,553 - root - INFO - best test average_precision: 0.8244
2025-09-30 09:17:23,553 - root - INFO - test roc_auc, 0.8518
2025-09-30 09:17:23,553 - root - INFO - new node test loss: 0.5010
2025-09-30 09:17:23,554 - root - INFO - new node test average_precision, 0.8079
2025-09-30 09:17:23,554 - root - INFO - new node test roc_auc, 0.8411
2025-09-30 09:17:23,554 - root - INFO - load model ./saved_models/JODIE/mooc/JODIE_seed1/JODIE_seed1.pkl
2025-09-30 09:17:26,338 - root - INFO - get final performance on dataset mooc...
2025-09-30 09:17:37,709 - root - INFO - test loss: 0.4665
2025-09-30 09:17:37,709 - root - INFO - test average_precision, 0.8244
2025-09-30 09:17:37,709 - root - INFO - test roc_auc, 0.8571
2025-09-30 09:17:37,709 - root - INFO - new node test loss: 0.4953
2025-09-30 09:17:37,709 - root - INFO - new node test average_precision, 0.8132
2025-09-30 09:17:37,709 - root - INFO - new node test roc_auc, 0.8426
2025-09-30 09:17:37,709 - root - INFO - Run 2 cost 3763.24 seconds.
