2025-10-02 18:31:05,778 - root - INFO - ********** Run 1 starts. **********
2025-10-02 18:31:05,778 - root - INFO - configuration is Namespace(dataset_name='enron', batch_size=200, model_name='JODIE', gpu=0, num_neighbors=10, sample_neighbor_strategy='uniform', time_scaling_factor=1e-06, num_walk_heads=8, num_heads=2, num_layers=1, walk_length=1, time_gap=2000, time_feat_dim=128, position_feat_dim=172, time_window_mode='fixed_proportion', time_encoder_type='mercer', expert_dim=64, num_mixtures=4, patch_size=1, channel_embedding_dim=50, max_input_sequence_length=32, learning_rate=0.0001, dropout=0.1, gamma=0.5, num_epochs=100, optimizer='Adam', weight_decay=0.0, patience=20, val_ratio=0.15, test_ratio=0.15, num_runs=5, test_interval_epochs=1, negative_sample_strategy='random', max_interaction_times=10, load_best_configs=True, device='cuda:0', seed=0, save_model_name='JODIE_mercer_seed0')
2025-10-02 18:31:05,780 - root - INFO - time encoder type: mercer
2025-10-02 18:31:06,014 - root - INFO - model -> Sequential(
  (0): MemoryModel(
    (time_encoder): TimeEncoder(
      (w): Linear(in_features=1, out_features=128, bias=True)
    )
    (message_aggregator): MessageAggregator()
    (memory_bank): MemoryBank(num_nodes=185, memory_dim=172)
    (memory_updater): RNNMemoryUpdater(
      (memory_bank): MemoryBank(num_nodes=185, memory_dim=172)
      (memory_updater): RNNCell(644, 172)
    )
    (embedding_module): TimeProjectionEmbedding(
      (dropout): Dropout(p=0.1, inplace=False)
      (linear_layer): Linear(in_features=1, out_features=172, bias=True)
    )
  )
  (1): MergeLayer(
    (fc1): Linear(in_features=344, out_features=172, bias=True)
    (fc2): Linear(in_features=172, out_features=1, bias=True)
    (act): ReLU()
  )
)
2025-10-02 18:31:06,015 - root - INFO - model name: JODIE, #parameters: 803236 B, 784.41015625 KB, 0.7660255432128906 MB.
2025-10-02 18:31:13,092 - root - INFO - Epoch: 1, learning rate: 0.0001, train loss: 0.5359
2025-10-02 18:31:13,092 - root - INFO - train average_precision, 0.7433
2025-10-02 18:31:13,092 - root - INFO - train roc_auc, 0.8103
2025-10-02 18:31:13,093 - root - INFO - validate loss: 0.5510
2025-10-02 18:31:13,093 - root - INFO - validate average_precision, 0.6951
2025-10-02 18:31:13,093 - root - INFO - validate roc_auc, 0.7714
2025-10-02 18:31:13,093 - root - INFO - new node validate loss: 0.6346
2025-10-02 18:31:13,093 - root - INFO - new node validate average_precision, 0.6977
2025-10-02 18:31:13,093 - root - INFO - new node validate roc_auc, 0.7361
2025-10-02 18:31:13,924 - root - INFO - test loss: 0.5207
2025-10-02 18:31:13,924 - root - INFO - test average_precision, 0.7384
2025-10-02 18:31:13,924 - root - INFO - best test average_precision: 0.7384
2025-10-02 18:31:13,924 - root - INFO - test roc_auc, 0.8044
2025-10-02 18:31:13,924 - root - INFO - new node test loss: 0.6381
2025-10-02 18:31:13,924 - root - INFO - new node test average_precision, 0.7111
2025-10-02 18:31:13,924 - root - INFO - new node test roc_auc, 0.7460
2025-10-02 18:31:13,924 - root - INFO - save model ./saved_models/JODIE/enron/JODIE_mercer_seed0/JODIE_mercer_seed0.pkl
2025-10-02 18:31:19,147 - root - INFO - Epoch: 2, learning rate: 0.0001, train loss: 0.4869
2025-10-02 18:31:19,148 - root - INFO - train average_precision, 0.7755
2025-10-02 18:31:19,148 - root - INFO - train roc_auc, 0.8356
2025-10-02 18:31:19,148 - root - INFO - validate loss: 0.5711
2025-10-02 18:31:19,148 - root - INFO - validate average_precision, 0.7097
2025-10-02 18:31:19,148 - root - INFO - validate roc_auc, 0.7691
2025-10-02 18:31:19,148 - root - INFO - new node validate loss: 0.6361
2025-10-02 18:31:19,148 - root - INFO - new node validate average_precision, 0.7087
2025-10-02 18:31:19,148 - root - INFO - new node validate roc_auc, 0.7395
2025-10-02 18:31:19,986 - root - INFO - test loss: 0.5374
2025-10-02 18:31:19,987 - root - INFO - test average_precision, 0.7509
2025-10-02 18:31:19,987 - root - INFO - best test average_precision: 0.7509
2025-10-02 18:31:19,987 - root - INFO - test roc_auc, 0.8052
2025-10-02 18:31:19,987 - root - INFO - new node test loss: 0.6217
2025-10-02 18:31:19,987 - root - INFO - new node test average_precision, 0.7390
2025-10-02 18:31:19,987 - root - INFO - new node test roc_auc, 0.7603
2025-10-02 18:31:25,216 - root - INFO - Epoch: 3, learning rate: 0.0001, train loss: 0.4721
2025-10-02 18:31:25,216 - root - INFO - train average_precision, 0.8045
2025-10-02 18:31:25,216 - root - INFO - train roc_auc, 0.8503
2025-10-02 18:31:25,216 - root - INFO - validate loss: 0.5342
2025-10-02 18:31:25,216 - root - INFO - validate average_precision, 0.7280
2025-10-02 18:31:25,217 - root - INFO - validate roc_auc, 0.7900
2025-10-02 18:31:25,217 - root - INFO - new node validate loss: 0.6365
2025-10-02 18:31:25,217 - root - INFO - new node validate average_precision, 0.6986
2025-10-02 18:31:25,217 - root - INFO - new node validate roc_auc, 0.7331
2025-10-02 18:31:26,047 - root - INFO - test loss: 0.5218
2025-10-02 18:31:26,048 - root - INFO - test average_precision, 0.7469
2025-10-02 18:31:26,048 - root - INFO - best test average_precision: 0.7509
2025-10-02 18:31:26,048 - root - INFO - test roc_auc, 0.8058
2025-10-02 18:31:26,048 - root - INFO - new node test loss: 0.6273
2025-10-02 18:31:26,048 - root - INFO - new node test average_precision, 0.7366
2025-10-02 18:31:26,048 - root - INFO - new node test roc_auc, 0.7547
2025-10-02 18:31:26,048 - root - INFO - save model ./saved_models/JODIE/enron/JODIE_mercer_seed0/JODIE_mercer_seed0.pkl
2025-10-02 18:31:31,312 - root - INFO - Epoch: 4, learning rate: 0.0001, train loss: 0.4252
2025-10-02 18:31:31,312 - root - INFO - train average_precision, 0.8497
2025-10-02 18:31:31,312 - root - INFO - train roc_auc, 0.8806
2025-10-02 18:31:31,313 - root - INFO - validate loss: 0.5784
2025-10-02 18:31:31,313 - root - INFO - validate average_precision, 0.6831
2025-10-02 18:31:31,313 - root - INFO - validate roc_auc, 0.7474
2025-10-02 18:31:31,313 - root - INFO - new node validate loss: 0.6671
2025-10-02 18:31:31,313 - root - INFO - new node validate average_precision, 0.6771
2025-10-02 18:31:31,313 - root - INFO - new node validate roc_auc, 0.7079
2025-10-02 18:31:32,152 - root - INFO - test loss: 0.5458
2025-10-02 18:31:32,152 - root - INFO - test average_precision, 0.7250
2025-10-02 18:31:32,152 - root - INFO - best test average_precision: 0.7509
2025-10-02 18:31:32,153 - root - INFO - test roc_auc, 0.7874
2025-10-02 18:31:32,153 - root - INFO - new node test loss: 0.6139
2025-10-02 18:31:32,153 - root - INFO - new node test average_precision, 0.7310
2025-10-02 18:31:32,153 - root - INFO - new node test roc_auc, 0.7558
2025-10-02 18:31:37,453 - root - INFO - Epoch: 5, learning rate: 0.0001, train loss: 0.4433
2025-10-02 18:31:37,453 - root - INFO - train average_precision, 0.8262
2025-10-02 18:31:37,453 - root - INFO - train roc_auc, 0.8667
2025-10-02 18:31:37,453 - root - INFO - validate loss: 0.5497
2025-10-02 18:31:37,454 - root - INFO - validate average_precision, 0.7472
2025-10-02 18:31:37,454 - root - INFO - validate roc_auc, 0.8010
2025-10-02 18:31:37,454 - root - INFO - new node validate loss: 0.6593
2025-10-02 18:31:37,454 - root - INFO - new node validate average_precision, 0.7506
2025-10-02 18:31:37,454 - root - INFO - new node validate roc_auc, 0.7693
2025-10-02 18:31:38,293 - root - INFO - test loss: 0.5440
2025-10-02 18:31:38,294 - root - INFO - test average_precision, 0.7575
2025-10-02 18:31:38,294 - root - INFO - best test average_precision: 0.7575
2025-10-02 18:31:38,294 - root - INFO - test roc_auc, 0.8115
2025-10-02 18:31:38,294 - root - INFO - new node test loss: 0.6266
2025-10-02 18:31:38,294 - root - INFO - new node test average_precision, 0.7443
2025-10-02 18:31:38,294 - root - INFO - new node test roc_auc, 0.7625
2025-10-02 18:31:38,294 - root - INFO - save model ./saved_models/JODIE/enron/JODIE_mercer_seed0/JODIE_mercer_seed0.pkl
2025-10-02 18:31:43,576 - root - INFO - Epoch: 6, learning rate: 0.0001, train loss: 0.3971
2025-10-02 18:31:43,576 - root - INFO - train average_precision, 0.8700
2025-10-02 18:31:43,576 - root - INFO - train roc_auc, 0.8967
2025-10-02 18:31:43,576 - root - INFO - validate loss: 0.6475
2025-10-02 18:31:43,576 - root - INFO - validate average_precision, 0.7104
2025-10-02 18:31:43,576 - root - INFO - validate roc_auc, 0.7648
2025-10-02 18:31:43,576 - root - INFO - new node validate loss: 0.7052
2025-10-02 18:31:43,576 - root - INFO - new node validate average_precision, 0.6963
2025-10-02 18:31:43,576 - root - INFO - new node validate roc_auc, 0.7300
2025-10-02 18:31:44,407 - root - INFO - test loss: 0.6162
2025-10-02 18:31:44,407 - root - INFO - test average_precision, 0.7366
2025-10-02 18:31:44,407 - root - INFO - best test average_precision: 0.7575
2025-10-02 18:31:44,407 - root - INFO - test roc_auc, 0.7938
2025-10-02 18:31:44,407 - root - INFO - new node test loss: 0.6812
2025-10-02 18:31:44,407 - root - INFO - new node test average_precision, 0.7437
2025-10-02 18:31:44,407 - root - INFO - new node test roc_auc, 0.7668
2025-10-02 18:31:49,562 - root - INFO - Epoch: 7, learning rate: 0.0001, train loss: 0.4109
2025-10-02 18:31:49,562 - root - INFO - train average_precision, 0.8604
2025-10-02 18:31:49,562 - root - INFO - train roc_auc, 0.8867
2025-10-02 18:31:49,562 - root - INFO - validate loss: 0.5790
2025-10-02 18:31:49,562 - root - INFO - validate average_precision, 0.7835
2025-10-02 18:31:49,562 - root - INFO - validate roc_auc, 0.8196
2025-10-02 18:31:49,562 - root - INFO - new node validate loss: 0.6480
2025-10-02 18:31:49,562 - root - INFO - new node validate average_precision, 0.7083
2025-10-02 18:31:49,562 - root - INFO - new node validate roc_auc, 0.7401
2025-10-02 18:31:50,395 - root - INFO - test loss: 0.8068
2025-10-02 18:31:50,395 - root - INFO - test average_precision, 0.7618
2025-10-02 18:31:50,395 - root - INFO - best test average_precision: 0.7618
2025-10-02 18:31:50,395 - root - INFO - test roc_auc, 0.8094
2025-10-02 18:31:50,395 - root - INFO - new node test loss: 0.7775
2025-10-02 18:31:50,395 - root - INFO - new node test average_precision, 0.7548
2025-10-02 18:31:50,395 - root - INFO - new node test roc_auc, 0.7644
2025-10-02 18:31:50,396 - root - INFO - save model ./saved_models/JODIE/enron/JODIE_mercer_seed0/JODIE_mercer_seed0.pkl
2025-10-02 18:31:55,620 - root - INFO - Epoch: 8, learning rate: 0.0001, train loss: 0.3924
2025-10-02 18:31:55,620 - root - INFO - train average_precision, 0.8749
2025-10-02 18:31:55,620 - root - INFO - train roc_auc, 0.8986
2025-10-02 18:31:55,620 - root - INFO - validate loss: 0.5735
2025-10-02 18:31:55,620 - root - INFO - validate average_precision, 0.7655
2025-10-02 18:31:55,620 - root - INFO - validate roc_auc, 0.8095
2025-10-02 18:31:55,620 - root - INFO - new node validate loss: 0.6590
2025-10-02 18:31:55,620 - root - INFO - new node validate average_precision, 0.7151
2025-10-02 18:31:55,621 - root - INFO - new node validate roc_auc, 0.7398
2025-10-02 18:31:56,456 - root - INFO - test loss: 0.6451
2025-10-02 18:31:56,456 - root - INFO - test average_precision, 0.7488
2025-10-02 18:31:56,456 - root - INFO - best test average_precision: 0.7618
2025-10-02 18:31:56,456 - root - INFO - test roc_auc, 0.8081
2025-10-02 18:31:56,456 - root - INFO - new node test loss: 0.6718
2025-10-02 18:31:56,456 - root - INFO - new node test average_precision, 0.7452
2025-10-02 18:31:56,456 - root - INFO - new node test roc_auc, 0.7696
2025-10-02 18:32:01,641 - root - INFO - Epoch: 9, learning rate: 0.0001, train loss: 0.3991
2025-10-02 18:32:01,641 - root - INFO - train average_precision, 0.8740
2025-10-02 18:32:01,641 - root - INFO - train roc_auc, 0.8985
2025-10-02 18:32:01,641 - root - INFO - validate loss: 0.6786
2025-10-02 18:32:01,641 - root - INFO - validate average_precision, 0.6914
2025-10-02 18:32:01,641 - root - INFO - validate roc_auc, 0.7485
2025-10-02 18:32:01,641 - root - INFO - new node validate loss: 0.7480
2025-10-02 18:32:01,641 - root - INFO - new node validate average_precision, 0.6830
2025-10-02 18:32:01,641 - root - INFO - new node validate roc_auc, 0.7164
2025-10-02 18:32:02,476 - root - INFO - test loss: 0.6761
2025-10-02 18:32:02,476 - root - INFO - test average_precision, 0.7141
2025-10-02 18:32:02,476 - root - INFO - best test average_precision: 0.7618
2025-10-02 18:32:02,476 - root - INFO - test roc_auc, 0.7754
2025-10-02 18:32:02,476 - root - INFO - new node test loss: 0.8041
2025-10-02 18:32:02,476 - root - INFO - new node test average_precision, 0.7208
2025-10-02 18:32:02,476 - root - INFO - new node test roc_auc, 0.7491
2025-10-02 18:32:07,597 - root - INFO - Epoch: 10, learning rate: 0.0001, train loss: 0.4036
2025-10-02 18:32:07,598 - root - INFO - train average_precision, 0.8645
2025-10-02 18:32:07,598 - root - INFO - train roc_auc, 0.8931
2025-10-02 18:32:07,598 - root - INFO - validate loss: 0.6761
2025-10-02 18:32:07,598 - root - INFO - validate average_precision, 0.7086
2025-10-02 18:32:07,598 - root - INFO - validate roc_auc, 0.7669
2025-10-02 18:32:07,598 - root - INFO - new node validate loss: 0.7423
2025-10-02 18:32:07,598 - root - INFO - new node validate average_precision, 0.6920
2025-10-02 18:32:07,598 - root - INFO - new node validate roc_auc, 0.7235
2025-10-02 18:32:08,431 - root - INFO - test loss: 0.7158
2025-10-02 18:32:08,431 - root - INFO - test average_precision, 0.7242
2025-10-02 18:32:08,432 - root - INFO - best test average_precision: 0.7618
2025-10-02 18:32:08,432 - root - INFO - test roc_auc, 0.7866
2025-10-02 18:32:08,432 - root - INFO - new node test loss: 0.8790
2025-10-02 18:32:08,432 - root - INFO - new node test average_precision, 0.7085
2025-10-02 18:32:08,432 - root - INFO - new node test roc_auc, 0.7360
2025-10-02 18:32:13,738 - root - INFO - Epoch: 11, learning rate: 0.0001, train loss: 0.3977
2025-10-02 18:32:13,738 - root - INFO - train average_precision, 0.8691
2025-10-02 18:32:13,738 - root - INFO - train roc_auc, 0.8967
2025-10-02 18:32:13,738 - root - INFO - validate loss: 0.6096
2025-10-02 18:32:13,739 - root - INFO - validate average_precision, 0.7707
2025-10-02 18:32:13,739 - root - INFO - validate roc_auc, 0.8154
2025-10-02 18:32:13,739 - root - INFO - new node validate loss: 0.6010
2025-10-02 18:32:13,739 - root - INFO - new node validate average_precision, 0.7821
2025-10-02 18:32:13,739 - root - INFO - new node validate roc_auc, 0.8027
2025-10-02 18:32:14,579 - root - INFO - test loss: 0.6597
2025-10-02 18:32:14,579 - root - INFO - test average_precision, 0.7585
2025-10-02 18:32:14,579 - root - INFO - best test average_precision: 0.7618
2025-10-02 18:32:14,579 - root - INFO - test roc_auc, 0.8121
2025-10-02 18:32:14,579 - root - INFO - new node test loss: 0.7452
2025-10-02 18:32:14,579 - root - INFO - new node test average_precision, 0.7621
2025-10-02 18:32:14,579 - root - INFO - new node test roc_auc, 0.7790
2025-10-02 18:32:19,755 - root - INFO - Epoch: 12, learning rate: 0.0001, train loss: 0.3885
2025-10-02 18:32:19,755 - root - INFO - train average_precision, 0.8767
2025-10-02 18:32:19,755 - root - INFO - train roc_auc, 0.9009
2025-10-02 18:32:19,755 - root - INFO - validate loss: 0.5808
2025-10-02 18:32:19,755 - root - INFO - validate average_precision, 0.7209
2025-10-02 18:32:19,755 - root - INFO - validate roc_auc, 0.7759
2025-10-02 18:32:19,755 - root - INFO - new node validate loss: 0.6944
2025-10-02 18:32:19,755 - root - INFO - new node validate average_precision, 0.6949
2025-10-02 18:32:19,755 - root - INFO - new node validate roc_auc, 0.7222
2025-10-02 18:32:20,594 - root - INFO - test loss: 0.5446
2025-10-02 18:32:20,595 - root - INFO - test average_precision, 0.7491
2025-10-02 18:32:20,595 - root - INFO - best test average_precision: 0.7618
2025-10-02 18:32:20,595 - root - INFO - test roc_auc, 0.8048
2025-10-02 18:32:20,595 - root - INFO - new node test loss: 0.6306
2025-10-02 18:32:20,595 - root - INFO - new node test average_precision, 0.7389
2025-10-02 18:32:20,595 - root - INFO - new node test roc_auc, 0.7615
2025-10-02 18:32:25,767 - root - INFO - Epoch: 13, learning rate: 0.0001, train loss: 0.3914
2025-10-02 18:32:25,767 - root - INFO - train average_precision, 0.8735
2025-10-02 18:32:25,768 - root - INFO - train roc_auc, 0.9006
2025-10-02 18:32:25,768 - root - INFO - validate loss: 0.5590
2025-10-02 18:32:25,768 - root - INFO - validate average_precision, 0.7136
2025-10-02 18:32:25,768 - root - INFO - validate roc_auc, 0.7780
2025-10-02 18:32:25,768 - root - INFO - new node validate loss: 0.7070
2025-10-02 18:32:25,768 - root - INFO - new node validate average_precision, 0.6689
2025-10-02 18:32:25,768 - root - INFO - new node validate roc_auc, 0.7019
2025-10-02 18:32:26,601 - root - INFO - test loss: 0.5386
2025-10-02 18:32:26,602 - root - INFO - test average_precision, 0.7457
2025-10-02 18:32:26,602 - root - INFO - best test average_precision: 0.7618
2025-10-02 18:32:26,602 - root - INFO - test roc_auc, 0.8054
2025-10-02 18:32:26,602 - root - INFO - new node test loss: 0.6492
2025-10-02 18:32:26,602 - root - INFO - new node test average_precision, 0.7282
2025-10-02 18:32:26,602 - root - INFO - new node test roc_auc, 0.7537
2025-10-02 18:32:31,773 - root - INFO - Epoch: 14, learning rate: 0.0001, train loss: 0.3931
2025-10-02 18:32:31,773 - root - INFO - train average_precision, 0.8756
2025-10-02 18:32:31,773 - root - INFO - train roc_auc, 0.8986
2025-10-02 18:32:31,773 - root - INFO - validate loss: 0.5471
2025-10-02 18:32:31,773 - root - INFO - validate average_precision, 0.7765
2025-10-02 18:32:31,773 - root - INFO - validate roc_auc, 0.8179
2025-10-02 18:32:31,774 - root - INFO - new node validate loss: 0.6612
2025-10-02 18:32:31,774 - root - INFO - new node validate average_precision, 0.7325
2025-10-02 18:32:31,774 - root - INFO - new node validate roc_auc, 0.7593
2025-10-02 18:32:32,604 - root - INFO - test loss: 0.5817
2025-10-02 18:32:32,604 - root - INFO - test average_precision, 0.7507
2025-10-02 18:32:32,604 - root - INFO - best test average_precision: 0.7618
2025-10-02 18:32:32,604 - root - INFO - test roc_auc, 0.8092
2025-10-02 18:32:32,604 - root - INFO - new node test loss: 0.6533
2025-10-02 18:32:32,604 - root - INFO - new node test average_precision, 0.7607
2025-10-02 18:32:32,604 - root - INFO - new node test roc_auc, 0.7746
2025-10-02 18:32:37,768 - root - INFO - Epoch: 15, learning rate: 0.0001, train loss: 0.3882
2025-10-02 18:32:37,768 - root - INFO - train average_precision, 0.8778
2025-10-02 18:32:37,768 - root - INFO - train roc_auc, 0.9020
2025-10-02 18:32:37,768 - root - INFO - validate loss: 0.6865
2025-10-02 18:32:37,768 - root - INFO - validate average_precision, 0.7372
2025-10-02 18:32:37,768 - root - INFO - validate roc_auc, 0.7846
2025-10-02 18:32:37,768 - root - INFO - new node validate loss: 0.7040
2025-10-02 18:32:37,769 - root - INFO - new node validate average_precision, 0.7538
2025-10-02 18:32:37,769 - root - INFO - new node validate roc_auc, 0.7678
2025-10-02 18:32:38,603 - root - INFO - test loss: 0.6411
2025-10-02 18:32:38,603 - root - INFO - test average_precision, 0.7508
2025-10-02 18:32:38,603 - root - INFO - best test average_precision: 0.7618
2025-10-02 18:32:38,603 - root - INFO - test roc_auc, 0.8068
2025-10-02 18:32:38,603 - root - INFO - new node test loss: 0.7105
2025-10-02 18:32:38,603 - root - INFO - new node test average_precision, 0.7538
2025-10-02 18:32:38,604 - root - INFO - new node test roc_auc, 0.7695
2025-10-02 18:32:43,817 - root - INFO - Epoch: 16, learning rate: 0.0001, train loss: 0.3598
2025-10-02 18:32:43,817 - root - INFO - train average_precision, 0.8977
2025-10-02 18:32:43,817 - root - INFO - train roc_auc, 0.9163
2025-10-02 18:32:43,818 - root - INFO - validate loss: 0.6241
2025-10-02 18:32:43,818 - root - INFO - validate average_precision, 0.7890
2025-10-02 18:32:43,818 - root - INFO - validate roc_auc, 0.8156
2025-10-02 18:32:43,818 - root - INFO - new node validate loss: 0.6780
2025-10-02 18:32:43,818 - root - INFO - new node validate average_precision, 0.6575
2025-10-02 18:32:43,818 - root - INFO - new node validate roc_auc, 0.7055
2025-10-02 18:32:44,790 - root - INFO - test loss: 0.7237
2025-10-02 18:32:44,790 - root - INFO - test average_precision, 0.7654
2025-10-02 18:32:44,790 - root - INFO - best test average_precision: 0.7654
2025-10-02 18:32:44,790 - root - INFO - test roc_auc, 0.8130
2025-10-02 18:32:44,790 - root - INFO - new node test loss: 0.7102
2025-10-02 18:32:44,790 - root - INFO - new node test average_precision, 0.7539
2025-10-02 18:32:44,790 - root - INFO - new node test roc_auc, 0.7717
2025-10-02 18:32:49,919 - root - INFO - Epoch: 17, learning rate: 0.0001, train loss: 0.3763
2025-10-02 18:32:49,919 - root - INFO - train average_precision, 0.8861
2025-10-02 18:32:49,919 - root - INFO - train roc_auc, 0.9075
2025-10-02 18:32:49,919 - root - INFO - validate loss: 0.5888
2025-10-02 18:32:49,919 - root - INFO - validate average_precision, 0.7683
2025-10-02 18:32:49,920 - root - INFO - validate roc_auc, 0.8144
2025-10-02 18:32:49,920 - root - INFO - new node validate loss: 0.9413
2025-10-02 18:32:49,920 - root - INFO - new node validate average_precision, 0.7071
2025-10-02 18:32:49,920 - root - INFO - new node validate roc_auc, 0.7229
2025-10-02 18:32:50,748 - root - INFO - test loss: 0.4937
2025-10-02 18:32:50,748 - root - INFO - test average_precision, 0.7937
2025-10-02 18:32:50,748 - root - INFO - best test average_precision: 0.7937
2025-10-02 18:32:50,748 - root - INFO - test roc_auc, 0.8419
2025-10-02 18:32:50,748 - root - INFO - new node test loss: 0.7187
2025-10-02 18:32:50,748 - root - INFO - new node test average_precision, 0.7487
2025-10-02 18:32:50,748 - root - INFO - new node test roc_auc, 0.7745
2025-10-02 18:32:55,935 - root - INFO - Epoch: 18, learning rate: 0.0001, train loss: 0.3566
2025-10-02 18:32:55,935 - root - INFO - train average_precision, 0.9069
2025-10-02 18:32:55,935 - root - INFO - train roc_auc, 0.9188
2025-10-02 18:32:55,935 - root - INFO - validate loss: 0.5919
2025-10-02 18:32:55,935 - root - INFO - validate average_precision, 0.7757
2025-10-02 18:32:55,935 - root - INFO - validate roc_auc, 0.8166
2025-10-02 18:32:55,935 - root - INFO - new node validate loss: 0.6622
2025-10-02 18:32:55,936 - root - INFO - new node validate average_precision, 0.7535
2025-10-02 18:32:55,936 - root - INFO - new node validate roc_auc, 0.7682
2025-10-02 18:32:56,771 - root - INFO - test loss: 0.6272
2025-10-02 18:32:56,771 - root - INFO - test average_precision, 0.7618
2025-10-02 18:32:56,771 - root - INFO - best test average_precision: 0.7937
2025-10-02 18:32:56,771 - root - INFO - test roc_auc, 0.8136
2025-10-02 18:32:56,771 - root - INFO - new node test loss: 0.6923
2025-10-02 18:32:56,771 - root - INFO - new node test average_precision, 0.7556
2025-10-02 18:32:56,772 - root - INFO - new node test roc_auc, 0.7702
2025-10-02 18:33:01,963 - root - INFO - Epoch: 19, learning rate: 0.0001, train loss: 0.3588
2025-10-02 18:33:01,964 - root - INFO - train average_precision, 0.8990
2025-10-02 18:33:01,964 - root - INFO - train roc_auc, 0.9157
2025-10-02 18:33:01,964 - root - INFO - validate loss: 0.6334
2025-10-02 18:33:01,964 - root - INFO - validate average_precision, 0.7558
2025-10-02 18:33:01,964 - root - INFO - validate roc_auc, 0.7954
2025-10-02 18:33:01,964 - root - INFO - new node validate loss: 0.6538
2025-10-02 18:33:01,964 - root - INFO - new node validate average_precision, 0.7453
2025-10-02 18:33:01,964 - root - INFO - new node validate roc_auc, 0.7654
2025-10-02 18:33:02,799 - root - INFO - test loss: 0.6388
2025-10-02 18:33:02,799 - root - INFO - test average_precision, 0.7553
2025-10-02 18:33:02,799 - root - INFO - best test average_precision: 0.7937
2025-10-02 18:33:02,799 - root - INFO - test roc_auc, 0.8093
2025-10-02 18:33:02,799 - root - INFO - new node test loss: 0.7174
2025-10-02 18:33:02,799 - root - INFO - new node test average_precision, 0.7421
2025-10-02 18:33:02,799 - root - INFO - new node test roc_auc, 0.7623
2025-10-02 18:33:07,945 - root - INFO - Epoch: 20, learning rate: 0.0001, train loss: 0.3700
2025-10-02 18:33:07,945 - root - INFO - train average_precision, 0.8890
2025-10-02 18:33:07,945 - root - INFO - train roc_auc, 0.9101
2025-10-02 18:33:07,945 - root - INFO - validate loss: 0.5738
2025-10-02 18:33:07,945 - root - INFO - validate average_precision, 0.7933
2025-10-02 18:33:07,945 - root - INFO - validate roc_auc, 0.8265
2025-10-02 18:33:07,945 - root - INFO - new node validate loss: 0.7298
2025-10-02 18:33:07,945 - root - INFO - new node validate average_precision, 0.7177
2025-10-02 18:33:07,945 - root - INFO - new node validate roc_auc, 0.7289
2025-10-02 18:33:08,773 - root - INFO - test loss: 0.5887
2025-10-02 18:33:08,773 - root - INFO - test average_precision, 0.8034
2025-10-02 18:33:08,774 - root - INFO - best test average_precision: 0.8034
2025-10-02 18:33:08,774 - root - INFO - test roc_auc, 0.8345
2025-10-02 18:33:08,774 - root - INFO - new node test loss: 0.5914
2025-10-02 18:33:08,774 - root - INFO - new node test average_precision, 0.7943
2025-10-02 18:33:08,774 - root - INFO - new node test roc_auc, 0.8197
2025-10-02 18:33:08,774 - root - INFO - save model ./saved_models/JODIE/enron/JODIE_mercer_seed0/JODIE_mercer_seed0.pkl
2025-10-02 18:33:14,071 - root - INFO - Epoch: 21, learning rate: 0.0001, train loss: 0.3593
2025-10-02 18:33:14,071 - root - INFO - train average_precision, 0.8966
2025-10-02 18:33:14,071 - root - INFO - train roc_auc, 0.9156
2025-10-02 18:33:14,071 - root - INFO - validate loss: 0.4822
2025-10-02 18:33:14,071 - root - INFO - validate average_precision, 0.8363
2025-10-02 18:33:14,071 - root - INFO - validate roc_auc, 0.8589
2025-10-02 18:33:14,071 - root - INFO - new node validate loss: 0.7168
2025-10-02 18:33:14,071 - root - INFO - new node validate average_precision, 0.7520
2025-10-02 18:33:14,071 - root - INFO - new node validate roc_auc, 0.7584
2025-10-02 18:33:14,900 - root - INFO - test loss: 0.5089
2025-10-02 18:33:14,900 - root - INFO - test average_precision, 0.8245
2025-10-02 18:33:14,900 - root - INFO - best test average_precision: 0.8245
2025-10-02 18:33:14,900 - root - INFO - test roc_auc, 0.8488
2025-10-02 18:33:14,900 - root - INFO - new node test loss: 0.5634
2025-10-02 18:33:14,900 - root - INFO - new node test average_precision, 0.7953
2025-10-02 18:33:14,901 - root - INFO - new node test roc_auc, 0.8076
2025-10-02 18:33:14,901 - root - INFO - save model ./saved_models/JODIE/enron/JODIE_mercer_seed0/JODIE_mercer_seed0.pkl
2025-10-02 18:33:20,237 - root - INFO - Epoch: 22, learning rate: 0.0001, train loss: 0.3860
2025-10-02 18:33:20,237 - root - INFO - train average_precision, 0.8860
2025-10-02 18:33:20,237 - root - INFO - train roc_auc, 0.9031
2025-10-02 18:33:20,237 - root - INFO - validate loss: 0.6442
2025-10-02 18:33:20,237 - root - INFO - validate average_precision, 0.7106
2025-10-02 18:33:20,237 - root - INFO - validate roc_auc, 0.7694
2025-10-02 18:33:20,237 - root - INFO - new node validate loss: 0.6802
2025-10-02 18:33:20,237 - root - INFO - new node validate average_precision, 0.7063
2025-10-02 18:33:20,237 - root - INFO - new node validate roc_auc, 0.7344
2025-10-02 18:33:21,069 - root - INFO - test loss: 0.6129
2025-10-02 18:33:21,069 - root - INFO - test average_precision, 0.7383
2025-10-02 18:33:21,070 - root - INFO - best test average_precision: 0.8245
2025-10-02 18:33:21,070 - root - INFO - test roc_auc, 0.7997
2025-10-02 18:33:21,070 - root - INFO - new node test loss: 0.6948
2025-10-02 18:33:21,070 - root - INFO - new node test average_precision, 0.7414
2025-10-02 18:33:21,070 - root - INFO - new node test roc_auc, 0.7594
2025-10-02 18:33:26,334 - root - INFO - Epoch: 23, learning rate: 0.0001, train loss: 0.3555
2025-10-02 18:33:26,334 - root - INFO - train average_precision, 0.9043
2025-10-02 18:33:26,334 - root - INFO - train roc_auc, 0.9190
2025-10-02 18:33:26,334 - root - INFO - validate loss: 0.7930
2025-10-02 18:33:26,334 - root - INFO - validate average_precision, 0.7485
2025-10-02 18:33:26,334 - root - INFO - validate roc_auc, 0.7939
2025-10-02 18:33:26,334 - root - INFO - new node validate loss: 0.6241
2025-10-02 18:33:26,334 - root - INFO - new node validate average_precision, 0.7914
2025-10-02 18:33:26,335 - root - INFO - new node validate roc_auc, 0.7960
2025-10-02 18:33:27,165 - root - INFO - test loss: 0.8149
2025-10-02 18:33:27,165 - root - INFO - test average_precision, 0.7556
2025-10-02 18:33:27,165 - root - INFO - best test average_precision: 0.8245
2025-10-02 18:33:27,165 - root - INFO - test roc_auc, 0.8084
2025-10-02 18:33:27,165 - root - INFO - new node test loss: 0.8531
2025-10-02 18:33:27,165 - root - INFO - new node test average_precision, 0.7478
2025-10-02 18:33:27,165 - root - INFO - new node test roc_auc, 0.7668
2025-10-02 18:33:32,326 - root - INFO - Epoch: 24, learning rate: 0.0001, train loss: 0.3669
2025-10-02 18:33:32,326 - root - INFO - train average_precision, 0.8933
2025-10-02 18:33:32,326 - root - INFO - train roc_auc, 0.9120
2025-10-02 18:33:32,326 - root - INFO - validate loss: 0.5472
2025-10-02 18:33:32,327 - root - INFO - validate average_precision, 0.7468
2025-10-02 18:33:32,327 - root - INFO - validate roc_auc, 0.7896
2025-10-02 18:33:32,327 - root - INFO - new node validate loss: 0.6586
2025-10-02 18:33:32,327 - root - INFO - new node validate average_precision, 0.7362
2025-10-02 18:33:32,327 - root - INFO - new node validate roc_auc, 0.7469
2025-10-02 18:33:33,164 - root - INFO - test loss: 0.5336
2025-10-02 18:33:33,164 - root - INFO - test average_precision, 0.7395
2025-10-02 18:33:33,164 - root - INFO - best test average_precision: 0.8245
2025-10-02 18:33:33,164 - root - INFO - test roc_auc, 0.7987
2025-10-02 18:33:33,164 - root - INFO - new node test loss: 0.6318
2025-10-02 18:33:33,164 - root - INFO - new node test average_precision, 0.7288
2025-10-02 18:33:33,164 - root - INFO - new node test roc_auc, 0.7479
2025-10-02 18:33:38,272 - root - INFO - Epoch: 25, learning rate: 0.0001, train loss: 0.3987
2025-10-02 18:33:38,272 - root - INFO - train average_precision, 0.8759
2025-10-02 18:33:38,272 - root - INFO - train roc_auc, 0.8970
2025-10-02 18:33:38,272 - root - INFO - validate loss: 0.7868
2025-10-02 18:33:38,272 - root - INFO - validate average_precision, 0.7422
2025-10-02 18:33:38,272 - root - INFO - validate roc_auc, 0.7895
2025-10-02 18:33:38,272 - root - INFO - new node validate loss: 0.7212
2025-10-02 18:33:38,272 - root - INFO - new node validate average_precision, 0.7416
2025-10-02 18:33:38,272 - root - INFO - new node validate roc_auc, 0.7511
2025-10-02 18:33:39,102 - root - INFO - test loss: 0.7792
2025-10-02 18:33:39,102 - root - INFO - test average_precision, 0.7603
2025-10-02 18:33:39,102 - root - INFO - best test average_precision: 0.8245
2025-10-02 18:33:39,102 - root - INFO - test roc_auc, 0.8135
2025-10-02 18:33:39,102 - root - INFO - new node test loss: 0.8453
2025-10-02 18:33:39,102 - root - INFO - new node test average_precision, 0.7549
2025-10-02 18:33:39,102 - root - INFO - new node test roc_auc, 0.7722
2025-10-02 18:33:44,292 - root - INFO - Epoch: 26, learning rate: 0.0001, train loss: 0.3447
2025-10-02 18:33:44,292 - root - INFO - train average_precision, 0.9103
2025-10-02 18:33:44,292 - root - INFO - train roc_auc, 0.9230
2025-10-02 18:33:44,292 - root - INFO - validate loss: 0.7313
2025-10-02 18:33:44,292 - root - INFO - validate average_precision, 0.7588
2025-10-02 18:33:44,292 - root - INFO - validate roc_auc, 0.8016
2025-10-02 18:33:44,292 - root - INFO - new node validate loss: 0.6537
2025-10-02 18:33:44,292 - root - INFO - new node validate average_precision, 0.7426
2025-10-02 18:33:44,293 - root - INFO - new node validate roc_auc, 0.7604
2025-10-02 18:33:45,127 - root - INFO - test loss: 0.8766
2025-10-02 18:33:45,127 - root - INFO - test average_precision, 0.7484
2025-10-02 18:33:45,127 - root - INFO - best test average_precision: 0.8245
2025-10-02 18:33:45,127 - root - INFO - test roc_auc, 0.8031
2025-10-02 18:33:45,127 - root - INFO - new node test loss: 0.9213
2025-10-02 18:33:45,127 - root - INFO - new node test average_precision, 0.7494
2025-10-02 18:33:45,127 - root - INFO - new node test roc_auc, 0.7691
2025-10-02 18:33:50,345 - root - INFO - Epoch: 27, learning rate: 0.0001, train loss: 0.3559
2025-10-02 18:33:50,345 - root - INFO - train average_precision, 0.9076
2025-10-02 18:33:50,345 - root - INFO - train roc_auc, 0.9188
2025-10-02 18:33:50,345 - root - INFO - validate loss: 0.4930
2025-10-02 18:33:50,345 - root - INFO - validate average_precision, 0.8063
2025-10-02 18:33:50,345 - root - INFO - validate roc_auc, 0.8368
2025-10-02 18:33:50,345 - root - INFO - new node validate loss: 0.6610
2025-10-02 18:33:50,345 - root - INFO - new node validate average_precision, 0.7266
2025-10-02 18:33:50,345 - root - INFO - new node validate roc_auc, 0.7402
2025-10-02 18:33:51,180 - root - INFO - test loss: 0.5907
2025-10-02 18:33:51,180 - root - INFO - test average_precision, 0.7901
2025-10-02 18:33:51,180 - root - INFO - best test average_precision: 0.8245
2025-10-02 18:33:51,180 - root - INFO - test roc_auc, 0.8347
2025-10-02 18:33:51,180 - root - INFO - new node test loss: 0.5818
2025-10-02 18:33:51,180 - root - INFO - new node test average_precision, 0.7950
2025-10-02 18:33:51,181 - root - INFO - new node test roc_auc, 0.8065
2025-10-02 18:33:56,363 - root - INFO - Epoch: 28, learning rate: 0.0001, train loss: 0.3679
2025-10-02 18:33:56,363 - root - INFO - train average_precision, 0.8924
2025-10-02 18:33:56,363 - root - INFO - train roc_auc, 0.9097
2025-10-02 18:33:56,363 - root - INFO - validate loss: 0.8572
2025-10-02 18:33:56,363 - root - INFO - validate average_precision, 0.7588
2025-10-02 18:33:56,363 - root - INFO - validate roc_auc, 0.7982
2025-10-02 18:33:56,363 - root - INFO - new node validate loss: 0.6497
2025-10-02 18:33:56,363 - root - INFO - new node validate average_precision, 0.7471
2025-10-02 18:33:56,363 - root - INFO - new node validate roc_auc, 0.7700
2025-10-02 18:33:57,200 - root - INFO - test loss: 0.9796
2025-10-02 18:33:57,200 - root - INFO - test average_precision, 0.7578
2025-10-02 18:33:57,200 - root - INFO - best test average_precision: 0.8245
2025-10-02 18:33:57,200 - root - INFO - test roc_auc, 0.8084
2025-10-02 18:33:57,200 - root - INFO - new node test loss: 1.0504
2025-10-02 18:33:57,200 - root - INFO - new node test average_precision, 0.7442
2025-10-02 18:33:57,200 - root - INFO - new node test roc_auc, 0.7643
2025-10-02 18:34:02,509 - root - INFO - Epoch: 29, learning rate: 0.0001, train loss: 0.3829
2025-10-02 18:34:02,509 - root - INFO - train average_precision, 0.8847
2025-10-02 18:34:02,509 - root - INFO - train roc_auc, 0.9051
2025-10-02 18:34:02,510 - root - INFO - validate loss: 0.7096
2025-10-02 18:34:02,510 - root - INFO - validate average_precision, 0.7409
2025-10-02 18:34:02,510 - root - INFO - validate roc_auc, 0.7954
2025-10-02 18:34:02,510 - root - INFO - new node validate loss: 0.6773
2025-10-02 18:34:02,510 - root - INFO - new node validate average_precision, 0.7674
2025-10-02 18:34:02,510 - root - INFO - new node validate roc_auc, 0.7768
2025-10-02 18:34:03,341 - root - INFO - test loss: 0.8144
2025-10-02 18:34:03,341 - root - INFO - test average_precision, 0.7490
2025-10-02 18:34:03,341 - root - INFO - best test average_precision: 0.8245
2025-10-02 18:34:03,341 - root - INFO - test roc_auc, 0.8040
2025-10-02 18:34:03,341 - root - INFO - new node test loss: 0.9403
2025-10-02 18:34:03,341 - root - INFO - new node test average_precision, 0.7398
2025-10-02 18:34:03,341 - root - INFO - new node test roc_auc, 0.7548
2025-10-02 18:34:08,509 - root - INFO - Epoch: 30, learning rate: 0.0001, train loss: 0.3793
2025-10-02 18:34:08,509 - root - INFO - train average_precision, 0.8820
2025-10-02 18:34:08,509 - root - INFO - train roc_auc, 0.9061
2025-10-02 18:34:08,510 - root - INFO - validate loss: 0.5491
2025-10-02 18:34:08,510 - root - INFO - validate average_precision, 0.7781
2025-10-02 18:34:08,510 - root - INFO - validate roc_auc, 0.8262
2025-10-02 18:34:08,510 - root - INFO - new node validate loss: 0.5813
2025-10-02 18:34:08,510 - root - INFO - new node validate average_precision, 0.7774
2025-10-02 18:34:08,510 - root - INFO - new node validate roc_auc, 0.7979
2025-10-02 18:34:09,343 - root - INFO - test loss: 0.5805
2025-10-02 18:34:09,343 - root - INFO - test average_precision, 0.7678
2025-10-02 18:34:09,343 - root - INFO - best test average_precision: 0.8245
2025-10-02 18:34:09,343 - root - INFO - test roc_auc, 0.8222
2025-10-02 18:34:09,343 - root - INFO - new node test loss: 0.6801
2025-10-02 18:34:09,343 - root - INFO - new node test average_precision, 0.7508
2025-10-02 18:34:09,343 - root - INFO - new node test roc_auc, 0.7671
2025-10-02 18:34:14,600 - root - INFO - Epoch: 31, learning rate: 0.0001, train loss: 0.3632
2025-10-02 18:34:14,600 - root - INFO - train average_precision, 0.8980
2025-10-02 18:34:14,600 - root - INFO - train roc_auc, 0.9149
2025-10-02 18:34:14,600 - root - INFO - validate loss: 0.5409
2025-10-02 18:34:14,601 - root - INFO - validate average_precision, 0.8088
2025-10-02 18:34:14,601 - root - INFO - validate roc_auc, 0.8370
2025-10-02 18:34:14,601 - root - INFO - new node validate loss: 0.6252
2025-10-02 18:34:14,601 - root - INFO - new node validate average_precision, 0.7595
2025-10-02 18:34:14,601 - root - INFO - new node validate roc_auc, 0.7764
2025-10-02 18:34:15,432 - root - INFO - test loss: 0.5465
2025-10-02 18:34:15,432 - root - INFO - test average_precision, 0.8064
2025-10-02 18:34:15,432 - root - INFO - best test average_precision: 0.8245
2025-10-02 18:34:15,432 - root - INFO - test roc_auc, 0.8365
2025-10-02 18:34:15,432 - root - INFO - new node test loss: 0.6528
2025-10-02 18:34:15,432 - root - INFO - new node test average_precision, 0.7635
2025-10-02 18:34:15,432 - root - INFO - new node test roc_auc, 0.7753
2025-10-02 18:34:20,637 - root - INFO - Epoch: 32, learning rate: 0.0001, train loss: 0.3524
2025-10-02 18:34:20,637 - root - INFO - train average_precision, 0.9027
2025-10-02 18:34:20,637 - root - INFO - train roc_auc, 0.9195
2025-10-02 18:34:20,637 - root - INFO - validate loss: 0.6352
2025-10-02 18:34:20,637 - root - INFO - validate average_precision, 0.7644
2025-10-02 18:34:20,638 - root - INFO - validate roc_auc, 0.8067
2025-10-02 18:34:20,638 - root - INFO - new node validate loss: 0.6588
2025-10-02 18:34:20,638 - root - INFO - new node validate average_precision, 0.7470
2025-10-02 18:34:20,638 - root - INFO - new node validate roc_auc, 0.7569
2025-10-02 18:34:21,474 - root - INFO - test loss: 0.6829
2025-10-02 18:34:21,475 - root - INFO - test average_precision, 0.7514
2025-10-02 18:34:21,475 - root - INFO - best test average_precision: 0.8245
2025-10-02 18:34:21,475 - root - INFO - test roc_auc, 0.8086
2025-10-02 18:34:21,475 - root - INFO - new node test loss: 0.7697
2025-10-02 18:34:21,475 - root - INFO - new node test average_precision, 0.7417
2025-10-02 18:34:21,475 - root - INFO - new node test roc_auc, 0.7626
2025-10-02 18:34:26,675 - root - INFO - Epoch: 33, learning rate: 0.0001, train loss: 0.3309
2025-10-02 18:34:26,675 - root - INFO - train average_precision, 0.9121
2025-10-02 18:34:26,675 - root - INFO - train roc_auc, 0.9280
2025-10-02 18:34:26,675 - root - INFO - validate loss: 0.5615
2025-10-02 18:34:26,675 - root - INFO - validate average_precision, 0.8184
2025-10-02 18:34:26,675 - root - INFO - validate roc_auc, 0.8464
2025-10-02 18:34:26,675 - root - INFO - new node validate loss: 0.8393
2025-10-02 18:34:26,675 - root - INFO - new node validate average_precision, 0.7248
2025-10-02 18:34:26,675 - root - INFO - new node validate roc_auc, 0.7350
2025-10-02 18:34:27,513 - root - INFO - test loss: 0.4845
2025-10-02 18:34:27,514 - root - INFO - test average_precision, 0.8412
2025-10-02 18:34:27,514 - root - INFO - best test average_precision: 0.8412
2025-10-02 18:34:27,514 - root - INFO - test roc_auc, 0.8709
2025-10-02 18:34:27,514 - root - INFO - new node test loss: 0.7341
2025-10-02 18:34:27,514 - root - INFO - new node test average_precision, 0.7839
2025-10-02 18:34:27,514 - root - INFO - new node test roc_auc, 0.7960
2025-10-02 18:34:32,642 - root - INFO - Epoch: 34, learning rate: 0.0001, train loss: 0.3589
2025-10-02 18:34:32,642 - root - INFO - train average_precision, 0.8926
2025-10-02 18:34:32,642 - root - INFO - train roc_auc, 0.9147
2025-10-02 18:34:32,642 - root - INFO - validate loss: 0.4826
2025-10-02 18:34:32,642 - root - INFO - validate average_precision, 0.8326
2025-10-02 18:34:32,642 - root - INFO - validate roc_auc, 0.8615
2025-10-02 18:34:32,642 - root - INFO - new node validate loss: 0.7049
2025-10-02 18:34:32,642 - root - INFO - new node validate average_precision, 0.7571
2025-10-02 18:34:32,642 - root - INFO - new node validate roc_auc, 0.7709
2025-10-02 18:34:33,473 - root - INFO - test loss: 0.7006
2025-10-02 18:34:33,473 - root - INFO - test average_precision, 0.7562
2025-10-02 18:34:33,474 - root - INFO - best test average_precision: 0.8412
2025-10-02 18:34:33,474 - root - INFO - test roc_auc, 0.8089
2025-10-02 18:34:33,474 - root - INFO - new node test loss: 0.7372
2025-10-02 18:34:33,474 - root - INFO - new node test average_precision, 0.7515
2025-10-02 18:34:33,474 - root - INFO - new node test roc_auc, 0.7640
2025-10-02 18:34:38,732 - root - INFO - Epoch: 35, learning rate: 0.0001, train loss: 0.3663
2025-10-02 18:34:38,732 - root - INFO - train average_precision, 0.8906
2025-10-02 18:34:38,732 - root - INFO - train roc_auc, 0.9101
2025-10-02 18:34:38,732 - root - INFO - validate loss: 0.5681
2025-10-02 18:34:38,732 - root - INFO - validate average_precision, 0.7818
2025-10-02 18:34:38,732 - root - INFO - validate roc_auc, 0.8191
2025-10-02 18:34:38,732 - root - INFO - new node validate loss: 0.6984
2025-10-02 18:34:38,732 - root - INFO - new node validate average_precision, 0.7385
2025-10-02 18:34:38,732 - root - INFO - new node validate roc_auc, 0.7491
2025-10-02 18:34:39,563 - root - INFO - test loss: 0.5614
2025-10-02 18:34:39,564 - root - INFO - test average_precision, 0.7728
2025-10-02 18:34:39,564 - root - INFO - best test average_precision: 0.8412
2025-10-02 18:34:39,564 - root - INFO - test roc_auc, 0.8270
2025-10-02 18:34:39,564 - root - INFO - new node test loss: 0.6406
2025-10-02 18:34:39,564 - root - INFO - new node test average_precision, 0.7743
2025-10-02 18:34:39,564 - root - INFO - new node test roc_auc, 0.7847
2025-10-02 18:34:44,770 - root - INFO - Epoch: 36, learning rate: 0.0001, train loss: 0.3411
2025-10-02 18:34:44,770 - root - INFO - train average_precision, 0.9124
2025-10-02 18:34:44,770 - root - INFO - train roc_auc, 0.9245
2025-10-02 18:34:44,770 - root - INFO - validate loss: 0.7178
2025-10-02 18:34:44,770 - root - INFO - validate average_precision, 0.7988
2025-10-02 18:34:44,770 - root - INFO - validate roc_auc, 0.8284
2025-10-02 18:34:44,770 - root - INFO - new node validate loss: 0.6830
2025-10-02 18:34:44,770 - root - INFO - new node validate average_precision, 0.7459
2025-10-02 18:34:44,770 - root - INFO - new node validate roc_auc, 0.7613
2025-10-02 18:34:45,600 - root - INFO - test loss: 0.8985
2025-10-02 18:34:45,600 - root - INFO - test average_precision, 0.7796
2025-10-02 18:34:45,600 - root - INFO - best test average_precision: 0.8412
2025-10-02 18:34:45,600 - root - INFO - test roc_auc, 0.8217
2025-10-02 18:34:45,600 - root - INFO - new node test loss: 0.8044
2025-10-02 18:34:45,600 - root - INFO - new node test average_precision, 0.7675
2025-10-02 18:34:45,600 - root - INFO - new node test roc_auc, 0.7863
2025-10-02 18:34:50,861 - root - INFO - Epoch: 37, learning rate: 0.0001, train loss: 0.3299
2025-10-02 18:34:50,861 - root - INFO - train average_precision, 0.9151
2025-10-02 18:34:50,861 - root - INFO - train roc_auc, 0.9284
2025-10-02 18:34:50,861 - root - INFO - validate loss: 0.5756
2025-10-02 18:34:50,861 - root - INFO - validate average_precision, 0.7964
2025-10-02 18:34:50,861 - root - INFO - validate roc_auc, 0.8260
2025-10-02 18:34:50,861 - root - INFO - new node validate loss: 0.8135
2025-10-02 18:34:50,861 - root - INFO - new node validate average_precision, 0.7066
2025-10-02 18:34:50,861 - root - INFO - new node validate roc_auc, 0.7305
2025-10-02 18:34:51,696 - root - INFO - test loss: 0.4995
2025-10-02 18:34:51,696 - root - INFO - test average_precision, 0.8465
2025-10-02 18:34:51,697 - root - INFO - best test average_precision: 0.8465
2025-10-02 18:34:51,697 - root - INFO - test roc_auc, 0.8643
2025-10-02 18:34:51,697 - root - INFO - new node test loss: 0.6247
2025-10-02 18:34:51,697 - root - INFO - new node test average_precision, 0.7770
2025-10-02 18:34:51,697 - root - INFO - new node test roc_auc, 0.7855
2025-10-02 18:34:56,801 - root - INFO - Epoch: 38, learning rate: 0.0001, train loss: 0.3387
2025-10-02 18:34:56,801 - root - INFO - train average_precision, 0.9091
2025-10-02 18:34:56,802 - root - INFO - train roc_auc, 0.9250
2025-10-02 18:34:56,802 - root - INFO - validate loss: 0.7899
2025-10-02 18:34:56,802 - root - INFO - validate average_precision, 0.7694
2025-10-02 18:34:56,802 - root - INFO - validate roc_auc, 0.8066
2025-10-02 18:34:56,802 - root - INFO - new node validate loss: 0.7506
2025-10-02 18:34:56,802 - root - INFO - new node validate average_precision, 0.7353
2025-10-02 18:34:56,802 - root - INFO - new node validate roc_auc, 0.7400
2025-10-02 18:34:57,633 - root - INFO - test loss: 0.7890
2025-10-02 18:34:57,633 - root - INFO - test average_precision, 0.7872
2025-10-02 18:34:57,633 - root - INFO - best test average_precision: 0.8465
2025-10-02 18:34:57,633 - root - INFO - test roc_auc, 0.8317
2025-10-02 18:34:57,633 - root - INFO - new node test loss: 0.8131
2025-10-02 18:34:57,634 - root - INFO - new node test average_precision, 0.7638
2025-10-02 18:34:57,634 - root - INFO - new node test roc_auc, 0.7765
2025-10-02 18:35:02,706 - root - INFO - Epoch: 39, learning rate: 0.0001, train loss: 0.3448
2025-10-02 18:35:02,706 - root - INFO - train average_precision, 0.9073
2025-10-02 18:35:02,706 - root - INFO - train roc_auc, 0.9225
2025-10-02 18:35:02,706 - root - INFO - validate loss: 0.7843
2025-10-02 18:35:02,706 - root - INFO - validate average_precision, 0.7238
2025-10-02 18:35:02,706 - root - INFO - validate roc_auc, 0.7747
2025-10-02 18:35:02,706 - root - INFO - new node validate loss: 0.8726
2025-10-02 18:35:02,706 - root - INFO - new node validate average_precision, 0.7333
2025-10-02 18:35:02,706 - root - INFO - new node validate roc_auc, 0.7534
2025-10-02 18:35:03,540 - root - INFO - test loss: 0.9412
2025-10-02 18:35:03,540 - root - INFO - test average_precision, 0.7026
2025-10-02 18:35:03,540 - root - INFO - best test average_precision: 0.8465
2025-10-02 18:35:03,540 - root - INFO - test roc_auc, 0.7615
2025-10-02 18:35:03,540 - root - INFO - new node test loss: 1.0479
2025-10-02 18:35:03,540 - root - INFO - new node test average_precision, 0.7367
2025-10-02 18:35:03,540 - root - INFO - new node test roc_auc, 0.7571
2025-10-02 18:35:08,634 - root - INFO - Epoch: 40, learning rate: 0.0001, train loss: 0.3407
2025-10-02 18:35:08,635 - root - INFO - train average_precision, 0.9033
2025-10-02 18:35:08,635 - root - INFO - train roc_auc, 0.9228
2025-10-02 18:35:08,635 - root - INFO - validate loss: 0.6215
2025-10-02 18:35:08,635 - root - INFO - validate average_precision, 0.7969
2025-10-02 18:35:08,635 - root - INFO - validate roc_auc, 0.8324
2025-10-02 18:35:08,635 - root - INFO - new node validate loss: 0.7106
2025-10-02 18:35:08,635 - root - INFO - new node validate average_precision, 0.7777
2025-10-02 18:35:08,635 - root - INFO - new node validate roc_auc, 0.7675
2025-10-02 18:35:09,469 - root - INFO - test loss: 0.7449
2025-10-02 18:35:09,469 - root - INFO - test average_precision, 0.7671
2025-10-02 18:35:09,469 - root - INFO - best test average_precision: 0.8465
2025-10-02 18:35:09,469 - root - INFO - test roc_auc, 0.8172
2025-10-02 18:35:09,469 - root - INFO - new node test loss: 0.8017
2025-10-02 18:35:09,469 - root - INFO - new node test average_precision, 0.7618
2025-10-02 18:35:09,469 - root - INFO - new node test roc_auc, 0.7856
2025-10-02 18:35:14,788 - root - INFO - Epoch: 41, learning rate: 0.0001, train loss: 0.3339
2025-10-02 18:35:14,788 - root - INFO - train average_precision, 0.9099
2025-10-02 18:35:14,788 - root - INFO - train roc_auc, 0.9255
2025-10-02 18:35:14,789 - root - INFO - validate loss: 0.8726
2025-10-02 18:35:14,789 - root - INFO - validate average_precision, 0.8012
2025-10-02 18:35:14,789 - root - INFO - validate roc_auc, 0.8354
2025-10-02 18:35:14,789 - root - INFO - new node validate loss: 0.9607
2025-10-02 18:35:14,789 - root - INFO - new node validate average_precision, 0.7466
2025-10-02 18:35:14,789 - root - INFO - new node validate roc_auc, 0.7554
2025-10-02 18:35:15,628 - root - INFO - test loss: 0.8688
2025-10-02 18:35:15,628 - root - INFO - test average_precision, 0.7946
2025-10-02 18:35:15,628 - root - INFO - best test average_precision: 0.8465
2025-10-02 18:35:15,628 - root - INFO - test roc_auc, 0.8388
2025-10-02 18:35:15,628 - root - INFO - new node test loss: 0.9821
2025-10-02 18:35:15,628 - root - INFO - new node test average_precision, 0.7902
2025-10-02 18:35:15,628 - root - INFO - new node test roc_auc, 0.7959
2025-10-02 18:35:15,628 - root - INFO - load model ./saved_models/JODIE/enron/JODIE_mercer_seed0/JODIE_mercer_seed0.pkl
2025-10-02 18:35:15,737 - root - INFO - get final performance on dataset enron...
2025-10-02 18:35:16,574 - root - INFO - test loss: 0.5089
2025-10-02 18:35:16,574 - root - INFO - test average_precision, 0.8245
2025-10-02 18:35:16,574 - root - INFO - test roc_auc, 0.8488
2025-10-02 18:35:16,574 - root - INFO - new node test loss: 0.5634
2025-10-02 18:35:16,575 - root - INFO - new node test average_precision, 0.7953
2025-10-02 18:35:16,575 - root - INFO - new node test roc_auc, 0.8076
2025-10-02 18:35:16,575 - root - INFO - Run 1 cost 250.80 seconds.
