2025-10-08 04:43:01,109 - root - INFO - ********** Run 1 starts. **********
2025-10-08 04:43:01,109 - root - INFO - configuration is Namespace(dataset_name='reddit', batch_size=200, model_name='TGAT', gpu=0, num_neighbors=20, sample_neighbor_strategy='uniform', time_scaling_factor=1e-06, num_walk_heads=8, num_heads=2, num_layers=2, walk_length=1, time_gap=2000, time_feat_dim=100, position_feat_dim=172, time_window_mode='fixed_proportion', time_encoder_type='kan_mammote_dual_kmote', expert_dim=128, num_mixtures=16, sort_neighbors_by_time=False, patch_size=1, channel_embedding_dim=50, max_input_sequence_length=32, learning_rate=0.0001, dropout=0.1, gamma=0.5, num_epochs=2, optimizer='Adam', weight_decay=0.0, patience=20, val_ratio=0.15, test_ratio=0.15, num_runs=2, test_interval_epochs=100, negative_sample_strategy='random', max_interaction_times=10, load_best_configs=True, data_ratio=0.05, seed=0, save_model_name_suffix='', ablation_dir='', mamba_d_state=256, mamba_d_conv=4, mamba_expand=2, mamba_headdim=64, resume_from_checkpoint=None, save_checkpoints=True, checkpoint_interval=5, start_from_seed=0, max_checkpoints_to_keep=3, checkpoint_strategy='minimal', validate_checkpoints=True, device='cuda:0', save_model_name='TGAT_kan_mammote_dual_kmote_seed0')
2025-10-08 04:43:01,113 - root - INFO - Metrics will be saved to: ./saved_metrics/TGAT/reddit/TGAT_kan_mammote_dual_kmote_seed0
2025-10-08 04:43:01,124 - root - INFO - time encoder type: kan_mammote_dual_kmote
2025-10-08 04:43:01,124 - root - INFO - Time encoder will be injected into TGAT model
2025-10-08 04:43:01,552 - root - INFO - model -> Sequential(
  (0): TGAT(
    (time_encoder): KAN_MAMMOTE(
      (k_mote_abs): KMOTE(
        (experts): ModuleList(
          (0): SplineKANLayer(
            (input_projection): Linear(in_features=1, out_features=1, bias=True)
            (global_branch): Sequential(
              (0): Linear(in_features=1, out_features=32, bias=True)
              (1): GELU(approximate='none')
              (2): Linear(in_features=32, out_features=128, bias=True)
            )
          )
          (1): FourierKANLayer()
          (2): WaveletKANLayer(
            (linear): Linear(in_features=16, out_features=128, bias=True)
          )
          (3): SplineKANLayer(
            (input_projection): Linear(in_features=1, out_features=1, bias=True)
            (global_branch): Sequential(
              (0): Linear(in_features=1, out_features=32, bias=True)
              (1): GELU(approximate='none')
              (2): Linear(in_features=32, out_features=128, bias=True)
            )
            (local_linear): Linear(in_features=8, out_features=128, bias=True)
          )
        )
        (gating_network): Sequential(
          (0): Linear(in_features=1, out_features=64, bias=True)
          (1): GELU(approximate='none')
          (2): Linear(in_features=64, out_features=4, bias=True)
        )
        (layer_norm): LayerNorm((128,), eps=1e-05, elementwise_affine=True)
      )
      (k_mote_rel): KMOTE(
        (experts): ModuleList(
          (0): SplineKANLayer(
            (input_projection): Linear(in_features=1, out_features=1, bias=True)
            (global_branch): Sequential(
              (0): Linear(in_features=1, out_features=32, bias=True)
              (1): GELU(approximate='none')
              (2): Linear(in_features=32, out_features=128, bias=True)
            )
          )
          (1): FourierKANLayer()
          (2): WaveletKANLayer(
            (linear): Linear(in_features=16, out_features=128, bias=True)
          )
          (3): SplineKANLayer(
            (input_projection): Linear(in_features=1, out_features=1, bias=True)
            (global_branch): Sequential(
              (0): Linear(in_features=1, out_features=32, bias=True)
              (1): GELU(approximate='none')
              (2): Linear(in_features=32, out_features=128, bias=True)
            )
            (local_linear): Linear(in_features=8, out_features=128, bias=True)
          )
        )
        (gating_network): Sequential(
          (0): Linear(in_features=1, out_features=64, bias=True)
          (1): GELU(approximate='none')
          (2): Linear(in_features=64, out_features=4, bias=True)
        )
        (layer_norm): LayerNorm((128,), eps=1e-05, elementwise_affine=True)
      )
      (mamba2): ControllableMamba2(
        (in_proj): Linear(in_features=128, out_features=1040, bias=False)
        (conv1d): Conv1d(768, 768, kernel_size=(4,), stride=(1,), padding=(3,), groups=768)
        (act): SiLU()
        (norm): RMSNorm()
        (out_proj): Linear(in_features=256, out_features=128, bias=False)
      )
      (fusion_mlp_base): Sequential(
        (0): Linear(in_features=128, out_features=128, bias=True)
        (1): LayerNorm((128,), eps=1e-05, elementwise_affine=True)
        (2): GELU(approximate='none')
        (3): Linear(in_features=128, out_features=128, bias=True)
      )
      (modulator_head): Sequential(
        (0): Linear(in_features=128, out_features=64, bias=True)
        (1): GELU(approximate='none')
        (2): Linear(in_features=64, out_features=32, bias=True)
      )
      (output_projection): Sequential(
        (0): Linear(in_features=128, out_features=100, bias=True)
        (1): LayerNorm((100,), eps=1e-05, elementwise_affine=True)
      )
    )
    (temporal_conv_layers): ModuleList(
      (0-1): 2 x MultiHeadAttention(
        (query_projection): Linear(in_features=272, out_features=272, bias=False)
        (key_projection): Linear(in_features=444, out_features=272, bias=False)
        (value_projection): Linear(in_features=444, out_features=272, bias=False)
        (layer_norm): LayerNorm((272,), eps=1e-05, elementwise_affine=True)
        (residual_fc): Linear(in_features=272, out_features=272, bias=True)
        (dropout): Dropout(p=0.1, inplace=False)
      )
    )
    (merge_layers): ModuleList(
      (0-1): 2 x MergeLayer(
        (fc1): Linear(in_features=444, out_features=172, bias=True)
        (fc2): Linear(in_features=172, out_features=172, bias=True)
        (act): ReLU()
      )
    )
  )
  (1): MergeLayer(
    (fc1): Linear(in_features=344, out_features=172, bias=True)
    (fc2): Linear(in_features=172, out_features=1, bias=True)
    (act): ReLU()
  )
)
2025-10-08 04:43:01,553 - root - INFO - model name: TGAT, #parameters: 5280468 B, 5156.70703125 KB, 5.035846710205078 MB.
2025-10-08 04:43:02,639 - root - INFO - Warming up time encoder...
2025-10-08 04:45:47,877 - root - INFO - Epoch: 1, learning rate: 0.0001, train loss: 0.5490
2025-10-08 04:45:47,878 - root - INFO - train average_precision, 0.7764
2025-10-08 04:45:47,878 - root - INFO - train roc_auc, 0.7959
2025-10-08 04:45:47,878 - root - INFO - validate loss: 0.4453
2025-10-08 04:45:47,878 - root - INFO - validate average_precision, 0.8707
2025-10-08 04:45:47,878 - root - INFO - validate roc_auc, 0.8744
2025-10-08 04:45:47,878 - root - INFO - new node validate loss: 0.6092
2025-10-08 04:45:47,878 - root - INFO - new node validate average_precision, 0.7682
2025-10-08 04:45:47,878 - root - INFO - new node validate roc_auc, 0.7697
2025-10-08 04:45:47,890 - root - INFO - save model ./saved_models/TGAT/reddit/TGAT_kan_mammote_dual_kmote_seed0/TGAT_kan_mammote_dual_kmote_seed0.pkl
