2025-10-05 15:44:00,113 - root - INFO - ********** Run 1 starts. **********
2025-10-05 15:44:00,113 - root - INFO - configuration is Namespace(dataset_name='wikipedia', batch_size=200, model_name='TGAT', gpu=0, num_neighbors=20, sample_neighbor_strategy='uniform', time_scaling_factor=1e-06, num_walk_heads=8, num_heads=2, num_layers=2, walk_length=1, time_gap=2000, time_feat_dim=128, position_feat_dim=172, time_window_mode='fixed_proportion', time_encoder_type='kan_mammote', expert_dim=128, num_mixtures=16, sort_neighbors_by_time=True, patch_size=1, channel_embedding_dim=50, max_input_sequence_length=32, learning_rate=0.0001, dropout=0.1, gamma=0.5, num_epochs=5, optimizer='Adam', weight_decay=0.0, patience=5, val_ratio=0.15, test_ratio=0.15, num_runs=1, test_interval_epochs=1, negative_sample_strategy='random', max_interaction_times=10, load_best_configs=False, data_ratio=1.0, save_model_name_suffix='kan_mammote_full', mamba_d_state=256, mamba_d_conv=4, mamba_expand=2, mamba_headdim=64, device='cuda:0', seed=0, save_model_name='TGAT_kan_mammote_seed0_kan_mammote_full')
2025-10-05 15:44:00,116 - root - INFO - Metrics will be saved to: ./saved_metrics/TGAT/wikipedia/TGAT_kan_mammote_seed0
2025-10-05 15:44:00,134 - root - INFO - time encoder type: kan_mammote
2025-10-05 15:44:00,981 - root - INFO - model -> Sequential(
  (0): TGAT(
    (time_encoder): KAN_MAMMOTE(
      (k_mote): KMOTE(
        (experts): ModuleList(
          (0): SplineKANLayer(
            (input_projection): Linear(in_features=1, out_features=1, bias=True)
            (global_branch): Sequential(
              (0): Linear(in_features=1, out_features=32, bias=True)
              (1): GELU(approximate='none')
              (2): Linear(in_features=32, out_features=128, bias=True)
            )
          )
          (1): FourierKANLayer()
          (2): WaveletKANLayer(
            (linear): Linear(in_features=16, out_features=128, bias=True)
          )
          (3): SplineKANLayer(
            (input_projection): Linear(in_features=1, out_features=1, bias=True)
            (global_branch): Sequential(
              (0): Linear(in_features=1, out_features=32, bias=True)
              (1): GELU(approximate='none')
              (2): Linear(in_features=32, out_features=128, bias=True)
            )
            (local_linear): Linear(in_features=8, out_features=128, bias=True)
          )
        )
        (gating_network): Sequential(
          (0): Linear(in_features=1, out_features=64, bias=True)
          (1): GELU(approximate='none')
          (2): Linear(in_features=64, out_features=4, bias=True)
        )
        (layer_norm): LayerNorm((128,), eps=1e-05, elementwise_affine=True)
      )
      (sm_kernel): SMKernelLayer(
        (kernel): SpectralMixtureKernel(
          (raw_mixture_scales_constraint): Positive()
          (raw_mixture_means_constraint): Positive()
          (raw_mixture_weights_constraint): Positive()
        )
        (layer_norm): LayerNorm((16,), eps=1e-05, elementwise_affine=True)
      )
      (mamba2): ControllableMamba2(
        (in_proj): Linear(in_features=128, out_features=784, bias=False)
        (conv1d): Conv1d(512, 512, kernel_size=(4,), stride=(1,), padding=(3,), groups=512)
        (act): SiLU()
        (norm): RMSNorm()
        (out_proj): Linear(in_features=256, out_features=128, bias=False)
      )
      (fusion_mlp): Sequential(
        (0): Linear(in_features=16, out_features=128, bias=True)
        (1): GELU(approximate='none')
        (2): Linear(in_features=128, out_features=32, bias=True)
      )
    )
    (temporal_conv_layers): ModuleList(
      (0-1): 2 x MultiHeadAttention(
        (query_projection): Linear(in_features=300, out_features=300, bias=False)
        (key_projection): Linear(in_features=472, out_features=300, bias=False)
        (value_projection): Linear(in_features=472, out_features=300, bias=False)
        (layer_norm): LayerNorm((300,), eps=1e-05, elementwise_affine=True)
        (residual_fc): Linear(in_features=300, out_features=300, bias=True)
        (dropout): Dropout(p=0.1, inplace=False)
      )
    )
    (merge_layers): ModuleList(
      (0-1): 2 x MergeLayer(
        (fc1): Linear(in_features=472, out_features=172, bias=True)
        (fc2): Linear(in_features=172, out_features=172, bias=True)
        (act): ReLU()
      )
    )
  )
  (1): MergeLayer(
    (fc1): Linear(in_features=344, out_features=172, bias=True)
    (fc2): Linear(in_features=172, out_features=1, bias=True)
    (act): ReLU()
  )
)
2025-10-05 15:44:00,982 - root - INFO - model name: TGAT, #parameters: 5490468 B, 5361.78515625 KB, 5.236118316650391 MB.
2025-10-05 15:53:18,879 - root - INFO - Epoch: 1, learning rate: 0.0001, train loss: 0.5043
2025-10-05 15:53:18,880 - root - INFO - train average_precision, 0.7931
2025-10-05 15:53:18,880 - root - INFO - train roc_auc, 0.8295
2025-10-05 15:53:18,880 - root - INFO - validate loss: 0.4830
2025-10-05 15:53:18,880 - root - INFO - validate average_precision, 0.8146
2025-10-05 15:53:18,880 - root - INFO - validate roc_auc, 0.8417
2025-10-05 15:53:18,880 - root - INFO - new node validate loss: 0.4950
2025-10-05 15:53:18,880 - root - INFO - new node validate average_precision, 0.8129
2025-10-05 15:53:18,881 - root - INFO - new node validate roc_auc, 0.8348
2025-10-05 15:54:58,052 - root - INFO - test loss: 0.5124
2025-10-05 15:54:58,052 - root - INFO - test average_precision, 0.7915
2025-10-05 15:54:58,053 - root - INFO - best test average_precision: 0.7915
2025-10-05 15:54:58,053 - root - INFO - test roc_auc, 0.8194
2025-10-05 15:54:58,053 - root - INFO - new node test loss: 0.5284
2025-10-05 15:54:58,053 - root - INFO - new node test average_precision, 0.7782
2025-10-05 15:54:58,053 - root - INFO - new node test roc_auc, 0.8058
2025-10-05 15:54:58,060 - root - INFO - save model ./saved_models/TGAT/wikipedia/TGAT_kan_mammote_seed0_kan_mammote_full/TGAT_kan_mammote_seed0_kan_mammote_full.pkl
2025-10-05 16:03:56,333 - root - INFO - Epoch: 2, learning rate: 0.0001, train loss: 0.3904
2025-10-05 16:03:56,334 - root - INFO - train average_precision, 0.8902
2025-10-05 16:03:56,334 - root - INFO - train roc_auc, 0.9052
2025-10-05 16:03:56,334 - root - INFO - validate loss: 0.3909
2025-10-05 16:03:56,334 - root - INFO - validate average_precision, 0.8943
2025-10-05 16:03:56,335 - root - INFO - validate roc_auc, 0.9050
2025-10-05 16:03:56,335 - root - INFO - new node validate loss: 0.3972
2025-10-05 16:03:56,335 - root - INFO - new node validate average_precision, 0.8956
2025-10-05 16:03:56,335 - root - INFO - new node validate roc_auc, 0.9021
2025-10-05 16:05:35,305 - root - INFO - test loss: 0.4119
2025-10-05 16:05:35,306 - root - INFO - test average_precision, 0.8835
2025-10-05 16:05:35,306 - root - INFO - best test average_precision: 0.8835
2025-10-05 16:05:35,306 - root - INFO - test roc_auc, 0.8949
2025-10-05 16:05:35,306 - root - INFO - new node test loss: 0.4316
2025-10-05 16:05:35,306 - root - INFO - new node test average_precision, 0.8737
2025-10-05 16:05:35,306 - root - INFO - new node test roc_auc, 0.8831
2025-10-05 16:05:35,312 - root - INFO - save model ./saved_models/TGAT/wikipedia/TGAT_kan_mammote_seed0_kan_mammote_full/TGAT_kan_mammote_seed0_kan_mammote_full.pkl
2025-10-05 16:14:34,184 - root - INFO - Epoch: 3, learning rate: 0.0001, train loss: 0.3361
2025-10-05 16:14:34,184 - root - INFO - train average_precision, 0.9256
2025-10-05 16:14:34,185 - root - INFO - train roc_auc, 0.9320
2025-10-05 16:14:34,185 - root - INFO - validate loss: 0.3740
2025-10-05 16:14:34,185 - root - INFO - validate average_precision, 0.9033
2025-10-05 16:14:34,185 - root - INFO - validate roc_auc, 0.9131
2025-10-05 16:14:34,185 - root - INFO - new node validate loss: 0.3849
2025-10-05 16:14:34,185 - root - INFO - new node validate average_precision, 0.9000
2025-10-05 16:14:34,185 - root - INFO - new node validate roc_auc, 0.9076
2025-10-05 16:16:12,992 - root - INFO - test loss: 0.3969
2025-10-05 16:16:12,993 - root - INFO - test average_precision, 0.8939
2025-10-05 16:16:12,993 - root - INFO - best test average_precision: 0.8939
2025-10-05 16:16:12,993 - root - INFO - test roc_auc, 0.9031
2025-10-05 16:16:12,993 - root - INFO - new node test loss: 0.4189
2025-10-05 16:16:12,993 - root - INFO - new node test average_precision, 0.8807
2025-10-05 16:16:12,993 - root - INFO - new node test roc_auc, 0.8896
2025-10-05 16:16:12,997 - root - INFO - save model ./saved_models/TGAT/wikipedia/TGAT_kan_mammote_seed0_kan_mammote_full/TGAT_kan_mammote_seed0_kan_mammote_full.pkl
2025-10-05 16:25:11,990 - root - INFO - Epoch: 4, learning rate: 0.0001, train loss: 0.3187
2025-10-05 16:25:11,991 - root - INFO - train average_precision, 0.9320
2025-10-05 16:25:11,991 - root - INFO - train roc_auc, 0.9382
2025-10-05 16:25:11,992 - root - INFO - validate loss: 0.3649
2025-10-05 16:25:11,992 - root - INFO - validate average_precision, 0.9067
2025-10-05 16:25:11,992 - root - INFO - validate roc_auc, 0.9168
2025-10-05 16:25:11,992 - root - INFO - new node validate loss: 0.3732
2025-10-05 16:25:11,992 - root - INFO - new node validate average_precision, 0.9056
2025-10-05 16:25:11,992 - root - INFO - new node validate roc_auc, 0.9132
2025-10-05 16:26:50,976 - root - INFO - test loss: 0.3889
2025-10-05 16:26:50,977 - root - INFO - test average_precision, 0.8952
2025-10-05 16:26:50,977 - root - INFO - best test average_precision: 0.8952
2025-10-05 16:26:50,977 - root - INFO - test roc_auc, 0.9060
2025-10-05 16:26:50,977 - root - INFO - new node test loss: 0.4108
2025-10-05 16:26:50,977 - root - INFO - new node test average_precision, 0.8844
2025-10-05 16:26:50,977 - root - INFO - new node test roc_auc, 0.8941
2025-10-05 16:26:50,982 - root - INFO - save model ./saved_models/TGAT/wikipedia/TGAT_kan_mammote_seed0_kan_mammote_full/TGAT_kan_mammote_seed0_kan_mammote_full.pkl
2025-10-05 16:35:49,623 - root - INFO - Epoch: 5, learning rate: 0.0001, train loss: 0.3085
2025-10-05 16:35:49,624 - root - INFO - train average_precision, 0.9368
2025-10-05 16:35:49,624 - root - INFO - train roc_auc, 0.9420
2025-10-05 16:35:49,624 - root - INFO - validate loss: 0.3579
2025-10-05 16:35:49,624 - root - INFO - validate average_precision, 0.9087
2025-10-05 16:35:49,624 - root - INFO - validate roc_auc, 0.9196
2025-10-05 16:35:49,624 - root - INFO - new node validate loss: 0.3730
2025-10-05 16:35:49,624 - root - INFO - new node validate average_precision, 0.9051
2025-10-05 16:35:49,624 - root - INFO - new node validate roc_auc, 0.9129
2025-10-05 16:37:28,275 - root - INFO - test loss: 0.3813
2025-10-05 16:37:28,276 - root - INFO - test average_precision, 0.8980
2025-10-05 16:37:28,276 - root - INFO - best test average_precision: 0.8980
2025-10-05 16:37:28,276 - root - INFO - test roc_auc, 0.9094
2025-10-05 16:37:28,276 - root - INFO - new node test loss: 0.4068
2025-10-05 16:37:28,276 - root - INFO - new node test average_precision, 0.8878
2025-10-05 16:37:28,276 - root - INFO - new node test roc_auc, 0.8969
2025-10-05 16:37:28,280 - root - INFO - save model ./saved_models/TGAT/wikipedia/TGAT_kan_mammote_seed0_kan_mammote_full/TGAT_kan_mammote_seed0_kan_mammote_full.pkl
2025-10-05 16:37:28,338 - root - INFO - load model ./saved_models/TGAT/wikipedia/TGAT_kan_mammote_seed0_kan_mammote_full/TGAT_kan_mammote_seed0_kan_mammote_full.pkl
2025-10-05 16:37:28,365 - root - INFO - get final performance on dataset wikipedia...
2025-10-05 16:40:46,298 - root - INFO - validate loss: 0.3579
2025-10-05 16:40:46,299 - root - INFO - validate average_precision, 0.9087
2025-10-05 16:40:46,299 - root - INFO - validate roc_auc, 0.9196
2025-10-05 16:40:46,299 - root - INFO - new node validate loss: 0.3730
2025-10-05 16:40:46,299 - root - INFO - new node validate average_precision, 0.9051
2025-10-05 16:40:46,299 - root - INFO - new node validate roc_auc, 0.9129
2025-10-05 16:40:46,300 - root - INFO - test loss: 0.3813
2025-10-05 16:40:46,300 - root - INFO - test average_precision, 0.8980
2025-10-05 16:40:46,300 - root - INFO - test roc_auc, 0.9094
2025-10-05 16:40:46,300 - root - INFO - new node test loss: 0.4068
2025-10-05 16:40:46,300 - root - INFO - new node test average_precision, 0.8878
2025-10-05 16:40:46,300 - root - INFO - new node test roc_auc, 0.8969
2025-10-05 16:40:46,312 - root - INFO - ✅ Metrics saved to: ./saved_metrics/TGAT/wikipedia/TGAT_kan_mammote_seed0
2025-10-05 16:40:46,312 - root - INFO - Run 1 cost 3406.20 seconds.
2025-10-05 16:40:46,316 - root - INFO - metrics over 1 runs:
2025-10-05 16:40:46,317 - root - INFO - validate average_precision, [np.float64(0.9087105984540522)]
2025-10-05 16:40:46,317 - root - INFO - average validate average_precision, 0.9087 ± nan
2025-10-05 16:40:46,317 - root - INFO - validate roc_auc, [np.float64(0.9195665001714971)]
2025-10-05 16:40:46,317 - root - INFO - average validate roc_auc, 0.9196 ± nan
2025-10-05 16:40:46,317 - root - INFO - new node validate average_precision, [np.float64(0.9050717681862411)]
2025-10-05 16:40:46,317 - root - INFO - average new node validate average_precision, 0.9051 ± nan
2025-10-05 16:40:46,317 - root - INFO - new node validate roc_auc, [np.float64(0.9129452868852459)]
2025-10-05 16:40:46,317 - root - INFO - average new node validate roc_auc, 0.9129 ± nan
2025-10-05 16:40:46,318 - root - INFO - test average_precision, [np.float64(0.8980050862217713)]
2025-10-05 16:40:46,318 - root - INFO - average test average_precision, 0.8980 ± nan
2025-10-05 16:40:46,318 - root - INFO - test roc_auc, [np.float64(0.909350560938661)]
2025-10-05 16:40:46,318 - root - INFO - average test roc_auc, 0.9094 ± nan
2025-10-05 16:40:46,318 - root - INFO - new node test average_precision, [np.float64(0.8877574534647689)]
2025-10-05 16:40:46,318 - root - INFO - average new node test average_precision, 0.8878 ± nan
2025-10-05 16:40:46,318 - root - INFO - new node test roc_auc, [np.float64(0.8968703886450291)]
2025-10-05 16:40:46,318 - root - INFO - average new node test roc_auc, 0.8969 ± nan
