2025-10-06 05:43:17,146 - root - INFO - ********** Run 1 starts. **********
2025-10-06 05:43:17,146 - root - INFO - configuration is Namespace(dataset_name='wikipedia', batch_size=200, model_name='TGAT', gpu=0, num_neighbors=20, sample_neighbor_strategy='uniform', time_scaling_factor=1e-06, num_walk_heads=8, num_heads=2, num_layers=2, walk_length=1, time_gap=2000, time_feat_dim=100, position_feat_dim=172, time_window_mode='fixed_proportion', time_encoder_type='kan_mammote', expert_dim=128, num_mixtures=16, sort_neighbors_by_time=True, patch_size=1, channel_embedding_dim=50, max_input_sequence_length=32, learning_rate=0.0001, dropout=0.1, gamma=0.5, num_epochs=30, optimizer='Adam', weight_decay=0.0, patience=5, val_ratio=0.15, test_ratio=0.15, num_runs=1, test_interval_epochs=100, negative_sample_strategy='random', max_interaction_times=10, load_best_configs=False, data_ratio=0.15, seed=0, save_model_name_suffix='kan_mammote_full', ablation_dir='ablation_20251006_044547', mamba_d_state=256, mamba_d_conv=4, mamba_expand=2, mamba_headdim=64, device='cuda:0', save_model_name='TGAT_kan_mammote_seed0_kan_mammote_full')
2025-10-06 05:43:17,148 - root - INFO - Metrics will be saved to: ablation_20251006_044547/saved_metrics/TGAT/wikipedia/TGAT_kan_mammote_seed0
2025-10-06 05:43:17,155 - root - INFO - time encoder type: kan_mammote
2025-10-06 05:43:17,563 - root - INFO - model -> Sequential(
  (0): TGAT(
    (time_encoder): KAN_MAMMOTE(
      (k_mote): KMOTE(
        (experts): ModuleList(
          (0): SplineKANLayer(
            (input_projection): Linear(in_features=1, out_features=1, bias=True)
            (global_branch): Sequential(
              (0): Linear(in_features=1, out_features=32, bias=True)
              (1): GELU(approximate='none')
              (2): Linear(in_features=32, out_features=128, bias=True)
            )
          )
          (1): FourierKANLayer()
          (2): WaveletKANLayer(
            (linear): Linear(in_features=16, out_features=128, bias=True)
          )
          (3): SplineKANLayer(
            (input_projection): Linear(in_features=1, out_features=1, bias=True)
            (global_branch): Sequential(
              (0): Linear(in_features=1, out_features=32, bias=True)
              (1): GELU(approximate='none')
              (2): Linear(in_features=32, out_features=128, bias=True)
            )
            (local_linear): Linear(in_features=8, out_features=128, bias=True)
          )
        )
        (gating_network): Sequential(
          (0): Linear(in_features=1, out_features=64, bias=True)
          (1): GELU(approximate='none')
          (2): Linear(in_features=64, out_features=4, bias=True)
        )
        (layer_norm): LayerNorm((128,), eps=1e-05, elementwise_affine=True)
      )
      (sm_kernel): SMKernelLayer(
        (kernel): SpectralMixtureKernel(
          (raw_mixture_scales_constraint): Positive()
          (raw_mixture_means_constraint): Positive()
          (raw_mixture_weights_constraint): Positive()
        )
        (layer_norm): LayerNorm((16,), eps=1e-05, elementwise_affine=True)
      )
      (mamba2): ControllableMamba2(
        (in_proj): Linear(in_features=128, out_features=1040, bias=False)
        (conv1d): Conv1d(768, 768, kernel_size=(4,), stride=(1,), padding=(3,), groups=768)
        (act): SiLU()
        (norm): RMSNorm()
        (out_proj): Linear(in_features=256, out_features=128, bias=False)
      )
      (fusion_mlp): Sequential(
        (0): Linear(in_features=16, out_features=128, bias=True)
        (1): LayerNorm((128,), eps=1e-05, elementwise_affine=True)
        (2): GELU(approximate='none')
        (3): Linear(in_features=128, out_features=32, bias=True)
      )
      (output_projection): Sequential(
        (0): Linear(in_features=128, out_features=100, bias=True)
        (1): LayerNorm((100,), eps=1e-05, elementwise_affine=True)
      )
    )
    (temporal_conv_layers): ModuleList(
      (0-1): 2 x MultiHeadAttention(
        (query_projection): Linear(in_features=272, out_features=272, bias=False)
        (key_projection): Linear(in_features=444, out_features=272, bias=False)
        (value_projection): Linear(in_features=444, out_features=272, bias=False)
        (layer_norm): LayerNorm((272,), eps=1e-05, elementwise_affine=True)
        (residual_fc): Linear(in_features=272, out_features=272, bias=True)
        (dropout): Dropout(p=0.1, inplace=False)
      )
    )
    (merge_layers): ModuleList(
      (0-1): 2 x MergeLayer(
        (fc1): Linear(in_features=444, out_features=172, bias=True)
        (fc2): Linear(in_features=172, out_features=172, bias=True)
        (act): ReLU()
      )
    )
  )
  (1): MergeLayer(
    (fc1): Linear(in_features=344, out_features=172, bias=True)
    (fc2): Linear(in_features=172, out_features=1, bias=True)
    (act): ReLU()
  )
)
2025-10-06 05:43:17,563 - root - INFO - model name: TGAT, #parameters: 5051316 B, 4932.92578125 KB, 4.817310333251953 MB.
2025-10-06 05:45:02,191 - root - INFO - Epoch: 1, learning rate: 0.0001, train loss: 0.6423
2025-10-06 05:45:02,192 - root - INFO - train average_precision, 0.6433
2025-10-06 05:45:02,192 - root - INFO - train roc_auc, 0.6990
2025-10-06 05:45:02,192 - root - INFO - validate loss: 0.6231
2025-10-06 05:45:02,192 - root - INFO - validate average_precision, 0.6032
2025-10-06 05:45:02,192 - root - INFO - validate roc_auc, 0.6791
2025-10-06 05:45:02,192 - root - INFO - new node validate loss: 0.6508
2025-10-06 05:45:02,192 - root - INFO - new node validate average_precision, 0.5956
2025-10-06 05:45:02,192 - root - INFO - new node validate roc_auc, 0.6466
2025-10-06 05:45:02,202 - root - INFO - save model ablation_20251006_044547/saved_models/TGAT/wikipedia/TGAT_kan_mammote_seed0_kan_mammote_full/TGAT_kan_mammote_seed0_kan_mammote_full.pkl
2025-10-06 05:46:31,580 - root - INFO - Epoch: 2, learning rate: 0.0001, train loss: 0.5073
2025-10-06 05:46:31,580 - root - INFO - train average_precision, 0.7852
2025-10-06 05:46:31,581 - root - INFO - train roc_auc, 0.8268
2025-10-06 05:46:31,581 - root - INFO - validate loss: 0.5629
2025-10-06 05:46:31,581 - root - INFO - validate average_precision, 0.7247
2025-10-06 05:46:31,581 - root - INFO - validate roc_auc, 0.7573
2025-10-06 05:46:31,581 - root - INFO - new node validate loss: 0.6038
2025-10-06 05:46:31,581 - root - INFO - new node validate average_precision, 0.6976
2025-10-06 05:46:31,581 - root - INFO - new node validate roc_auc, 0.7149
2025-10-06 05:46:31,588 - root - INFO - save model ablation_20251006_044547/saved_models/TGAT/wikipedia/TGAT_kan_mammote_seed0_kan_mammote_full/TGAT_kan_mammote_seed0_kan_mammote_full.pkl
2025-10-06 05:48:01,090 - root - INFO - Epoch: 3, learning rate: 0.0001, train loss: 0.4574
2025-10-06 05:48:01,091 - root - INFO - train average_precision, 0.8345
2025-10-06 05:48:01,091 - root - INFO - train roc_auc, 0.8589
2025-10-06 05:48:01,091 - root - INFO - validate loss: 0.5393
2025-10-06 05:48:01,091 - root - INFO - validate average_precision, 0.7583
2025-10-06 05:48:01,091 - root - INFO - validate roc_auc, 0.7940
2025-10-06 05:48:01,091 - root - INFO - new node validate loss: 0.5837
2025-10-06 05:48:01,091 - root - INFO - new node validate average_precision, 0.7303
2025-10-06 05:48:01,091 - root - INFO - new node validate roc_auc, 0.7554
2025-10-06 05:48:01,097 - root - INFO - save model ablation_20251006_044547/saved_models/TGAT/wikipedia/TGAT_kan_mammote_seed0_kan_mammote_full/TGAT_kan_mammote_seed0_kan_mammote_full.pkl
2025-10-06 05:49:30,788 - root - INFO - Epoch: 4, learning rate: 0.0001, train loss: 0.4300
2025-10-06 05:49:30,788 - root - INFO - train average_precision, 0.8679
2025-10-06 05:49:30,789 - root - INFO - train roc_auc, 0.8847
2025-10-06 05:49:30,789 - root - INFO - validate loss: 0.5249
2025-10-06 05:49:30,789 - root - INFO - validate average_precision, 0.7850
2025-10-06 05:49:30,789 - root - INFO - validate roc_auc, 0.8114
2025-10-06 05:49:30,789 - root - INFO - new node validate loss: 0.5776
2025-10-06 05:49:30,789 - root - INFO - new node validate average_precision, 0.7447
2025-10-06 05:49:30,789 - root - INFO - new node validate roc_auc, 0.7661
2025-10-06 05:49:30,795 - root - INFO - save model ablation_20251006_044547/saved_models/TGAT/wikipedia/TGAT_kan_mammote_seed0_kan_mammote_full/TGAT_kan_mammote_seed0_kan_mammote_full.pkl
2025-10-06 05:51:00,328 - root - INFO - Epoch: 5, learning rate: 0.0001, train loss: 0.4101
2025-10-06 05:51:00,328 - root - INFO - train average_precision, 0.8821
2025-10-06 05:51:00,328 - root - INFO - train roc_auc, 0.8963
2025-10-06 05:51:00,328 - root - INFO - validate loss: 0.5094
2025-10-06 05:51:00,329 - root - INFO - validate average_precision, 0.7989
2025-10-06 05:51:00,329 - root - INFO - validate roc_auc, 0.8255
2025-10-06 05:51:00,329 - root - INFO - new node validate loss: 0.5686
2025-10-06 05:51:00,329 - root - INFO - new node validate average_precision, 0.7644
2025-10-06 05:51:00,329 - root - INFO - new node validate roc_auc, 0.7815
2025-10-06 05:51:00,334 - root - INFO - save model ablation_20251006_044547/saved_models/TGAT/wikipedia/TGAT_kan_mammote_seed0_kan_mammote_full/TGAT_kan_mammote_seed0_kan_mammote_full.pkl
2025-10-06 05:52:29,824 - root - INFO - Epoch: 6, learning rate: 0.0001, train loss: 0.4004
2025-10-06 05:52:29,825 - root - INFO - train average_precision, 0.8885
2025-10-06 05:52:29,825 - root - INFO - train roc_auc, 0.9006
2025-10-06 05:52:29,825 - root - INFO - validate loss: 0.4992
2025-10-06 05:52:29,825 - root - INFO - validate average_precision, 0.8135
2025-10-06 05:52:29,825 - root - INFO - validate roc_auc, 0.8339
2025-10-06 05:52:29,825 - root - INFO - new node validate loss: 0.5607
2025-10-06 05:52:29,825 - root - INFO - new node validate average_precision, 0.7763
2025-10-06 05:52:29,825 - root - INFO - new node validate roc_auc, 0.7894
2025-10-06 05:52:29,830 - root - INFO - save model ablation_20251006_044547/saved_models/TGAT/wikipedia/TGAT_kan_mammote_seed0_kan_mammote_full/TGAT_kan_mammote_seed0_kan_mammote_full.pkl
2025-10-06 05:53:59,375 - root - INFO - Epoch: 7, learning rate: 0.0001, train loss: 0.3992
2025-10-06 05:53:59,375 - root - INFO - train average_precision, 0.8904
2025-10-06 05:53:59,375 - root - INFO - train roc_auc, 0.9011
2025-10-06 05:53:59,375 - root - INFO - validate loss: 0.4981
2025-10-06 05:53:59,375 - root - INFO - validate average_precision, 0.8172
2025-10-06 05:53:59,375 - root - INFO - validate roc_auc, 0.8382
2025-10-06 05:53:59,375 - root - INFO - new node validate loss: 0.5629
2025-10-06 05:53:59,375 - root - INFO - new node validate average_precision, 0.7712
2025-10-06 05:53:59,375 - root - INFO - new node validate roc_auc, 0.7907
2025-10-06 05:53:59,382 - root - INFO - save model ablation_20251006_044547/saved_models/TGAT/wikipedia/TGAT_kan_mammote_seed0_kan_mammote_full/TGAT_kan_mammote_seed0_kan_mammote_full.pkl
2025-10-06 05:55:29,057 - root - INFO - Epoch: 8, learning rate: 0.0001, train loss: 0.3946
2025-10-06 05:55:29,058 - root - INFO - train average_precision, 0.8924
2025-10-06 05:55:29,058 - root - INFO - train roc_auc, 0.9043
2025-10-06 05:55:29,058 - root - INFO - validate loss: 0.4882
2025-10-06 05:55:29,058 - root - INFO - validate average_precision, 0.8280
2025-10-06 05:55:29,058 - root - INFO - validate roc_auc, 0.8449
2025-10-06 05:55:29,058 - root - INFO - new node validate loss: 0.5517
2025-10-06 05:55:29,058 - root - INFO - new node validate average_precision, 0.7812
2025-10-06 05:55:29,058 - root - INFO - new node validate roc_auc, 0.7979
2025-10-06 05:55:29,063 - root - INFO - save model ablation_20251006_044547/saved_models/TGAT/wikipedia/TGAT_kan_mammote_seed0_kan_mammote_full/TGAT_kan_mammote_seed0_kan_mammote_full.pkl
2025-10-06 05:56:58,579 - root - INFO - Epoch: 9, learning rate: 0.0001, train loss: 0.3833
2025-10-06 05:56:58,580 - root - INFO - train average_precision, 0.9028
2025-10-06 05:56:58,580 - root - INFO - train roc_auc, 0.9106
2025-10-06 05:56:58,580 - root - INFO - validate loss: 0.4894
2025-10-06 05:56:58,580 - root - INFO - validate average_precision, 0.8235
2025-10-06 05:56:58,580 - root - INFO - validate roc_auc, 0.8438
2025-10-06 05:56:58,580 - root - INFO - new node validate loss: 0.5631
2025-10-06 05:56:58,581 - root - INFO - new node validate average_precision, 0.7737
2025-10-06 05:56:58,581 - root - INFO - new node validate roc_auc, 0.7899
2025-10-06 05:58:28,133 - root - INFO - Epoch: 10, learning rate: 0.0001, train loss: 0.3859
2025-10-06 05:58:28,134 - root - INFO - train average_precision, 0.9023
2025-10-06 05:58:28,134 - root - INFO - train roc_auc, 0.9102
2025-10-06 05:58:28,134 - root - INFO - validate loss: 0.4792
2025-10-06 05:58:28,134 - root - INFO - validate average_precision, 0.8342
2025-10-06 05:58:28,134 - root - INFO - validate roc_auc, 0.8508
2025-10-06 05:58:28,134 - root - INFO - new node validate loss: 0.5484
2025-10-06 05:58:28,135 - root - INFO - new node validate average_precision, 0.7848
2025-10-06 05:58:28,135 - root - INFO - new node validate roc_auc, 0.8017
2025-10-06 05:58:28,142 - root - INFO - save model ablation_20251006_044547/saved_models/TGAT/wikipedia/TGAT_kan_mammote_seed0_kan_mammote_full/TGAT_kan_mammote_seed0_kan_mammote_full.pkl
2025-10-06 05:59:57,626 - root - INFO - Epoch: 11, learning rate: 0.0001, train loss: 0.3793
2025-10-06 05:59:57,626 - root - INFO - train average_precision, 0.9067
2025-10-06 05:59:57,627 - root - INFO - train roc_auc, 0.9134
2025-10-06 05:59:57,627 - root - INFO - validate loss: 0.4766
2025-10-06 05:59:57,627 - root - INFO - validate average_precision, 0.8336
2025-10-06 05:59:57,627 - root - INFO - validate roc_auc, 0.8534
2025-10-06 05:59:57,627 - root - INFO - new node validate loss: 0.5418
2025-10-06 05:59:57,627 - root - INFO - new node validate average_precision, 0.7914
2025-10-06 05:59:57,627 - root - INFO - new node validate roc_auc, 0.8094
2025-10-06 06:01:26,984 - root - INFO - Epoch: 12, learning rate: 0.0001, train loss: 0.4357
2025-10-06 06:01:26,985 - root - INFO - train average_precision, 0.8774
2025-10-06 06:01:26,985 - root - INFO - train roc_auc, 0.8842
2025-10-06 06:01:26,985 - root - INFO - validate loss: 0.5162
2025-10-06 06:01:26,985 - root - INFO - validate average_precision, 0.8049
2025-10-06 06:01:26,985 - root - INFO - validate roc_auc, 0.8231
2025-10-06 06:01:26,985 - root - INFO - new node validate loss: 0.5609
2025-10-06 06:01:26,985 - root - INFO - new node validate average_precision, 0.7726
2025-10-06 06:01:26,985 - root - INFO - new node validate roc_auc, 0.7853
2025-10-06 06:02:56,371 - root - INFO - Epoch: 13, learning rate: 0.0001, train loss: 0.4283
2025-10-06 06:02:56,372 - root - INFO - train average_precision, 0.8789
2025-10-06 06:02:56,372 - root - INFO - train roc_auc, 0.8870
2025-10-06 06:02:56,372 - root - INFO - validate loss: 0.4897
2025-10-06 06:02:56,372 - root - INFO - validate average_precision, 0.8277
2025-10-06 06:02:56,372 - root - INFO - validate roc_auc, 0.8410
2025-10-06 06:02:56,372 - root - INFO - new node validate loss: 0.5280
2025-10-06 06:02:56,372 - root - INFO - new node validate average_precision, 0.8113
2025-10-06 06:02:56,372 - root - INFO - new node validate roc_auc, 0.8147
2025-10-06 06:04:25,838 - root - INFO - Epoch: 14, learning rate: 0.0001, train loss: 0.4186
2025-10-06 06:04:25,839 - root - INFO - train average_precision, 0.8832
2025-10-06 06:04:25,839 - root - INFO - train roc_auc, 0.8919
2025-10-06 06:04:25,839 - root - INFO - validate loss: 0.4955
2025-10-06 06:04:25,839 - root - INFO - validate average_precision, 0.8263
2025-10-06 06:04:25,839 - root - INFO - validate roc_auc, 0.8398
2025-10-06 06:04:25,839 - root - INFO - new node validate loss: 0.5385
2025-10-06 06:04:25,840 - root - INFO - new node validate average_precision, 0.8045
2025-10-06 06:04:25,840 - root - INFO - new node validate roc_auc, 0.8091
2025-10-06 06:05:55,133 - root - INFO - Epoch: 15, learning rate: 0.0001, train loss: 0.4050
2025-10-06 06:05:55,134 - root - INFO - train average_precision, 0.8904
2025-10-06 06:05:55,134 - root - INFO - train roc_auc, 0.8987
2025-10-06 06:05:55,134 - root - INFO - validate loss: 0.4879
2025-10-06 06:05:55,134 - root - INFO - validate average_precision, 0.8304
2025-10-06 06:05:55,134 - root - INFO - validate roc_auc, 0.8443
2025-10-06 06:05:55,134 - root - INFO - new node validate loss: 0.5368
2025-10-06 06:05:55,134 - root - INFO - new node validate average_precision, 0.7986
2025-10-06 06:05:55,134 - root - INFO - new node validate roc_auc, 0.8074
2025-10-06 06:05:55,139 - root - INFO - load model ablation_20251006_044547/saved_models/TGAT/wikipedia/TGAT_kan_mammote_seed0_kan_mammote_full/TGAT_kan_mammote_seed0_kan_mammote_full.pkl
2025-10-06 06:05:55,164 - root - INFO - get final performance on dataset wikipedia...
2025-10-06 06:06:25,626 - root - INFO - validate loss: 0.4792
2025-10-06 06:06:25,627 - root - INFO - validate average_precision, 0.8342
2025-10-06 06:06:25,627 - root - INFO - validate roc_auc, 0.8508
2025-10-06 06:06:25,627 - root - INFO - new node validate loss: 0.5484
2025-10-06 06:06:25,627 - root - INFO - new node validate average_precision, 0.7848
2025-10-06 06:06:25,627 - root - INFO - new node validate roc_auc, 0.8017
2025-10-06 06:06:25,627 - root - INFO - test loss: 0.4862
2025-10-06 06:06:25,627 - root - INFO - test average_precision, 0.8350
2025-10-06 06:06:25,627 - root - INFO - test roc_auc, 0.8473
2025-10-06 06:06:25,627 - root - INFO - new node test loss: 0.5432
2025-10-06 06:06:25,627 - root - INFO - new node test average_precision, 0.7878
2025-10-06 06:06:25,627 - root - INFO - new node test roc_auc, 0.8057
2025-10-06 06:06:25,636 - root - INFO - ✅ Metrics saved to: ablation_20251006_044547/saved_metrics/TGAT/wikipedia/TGAT_kan_mammote_seed0
2025-10-06 06:06:25,636 - root - INFO - Run 1 cost 1388.49 seconds.
2025-10-06 06:06:25,641 - root - INFO - metrics over 1 runs:
2025-10-06 06:06:25,641 - root - INFO - validate average_precision, [np.float64(0.8341785875198515)]
2025-10-06 06:06:25,641 - root - INFO - average validate average_precision, 0.8342 ± nan
2025-10-06 06:06:25,641 - root - INFO - validate roc_auc, [np.float64(0.8507567845276323)]
2025-10-06 06:06:25,641 - root - INFO - average validate roc_auc, 0.8508 ± nan
2025-10-06 06:06:25,641 - root - INFO - new node validate average_precision, [np.float64(0.7847718805411515)]
2025-10-06 06:06:25,641 - root - INFO - average new node validate average_precision, 0.7848 ± nan
2025-10-06 06:06:25,641 - root - INFO - new node validate roc_auc, [np.float64(0.8016570492790088)]
2025-10-06 06:06:25,642 - root - INFO - average new node validate roc_auc, 0.8017 ± nan
2025-10-06 06:06:25,642 - root - INFO - test average_precision, [np.float64(0.8349749371429095)]
2025-10-06 06:06:25,642 - root - INFO - average test average_precision, 0.8350 ± nan
2025-10-06 06:06:25,642 - root - INFO - test roc_auc, [np.float64(0.8472676002901528)]
2025-10-06 06:06:25,642 - root - INFO - average test roc_auc, 0.8473 ± nan
2025-10-06 06:06:25,642 - root - INFO - new node test average_precision, [np.float64(0.7877930579194538)]
2025-10-06 06:06:25,642 - root - INFO - average new node test average_precision, 0.7878 ± nan
2025-10-06 06:06:25,642 - root - INFO - new node test roc_auc, [np.float64(0.8057192537621108)]
2025-10-06 06:06:25,642 - root - INFO - average new node test roc_auc, 0.8057 ± nan
