2025-10-04 21:12:12,788 - root - INFO - ********** Run 1 starts. **********
2025-10-04 21:12:12,788 - root - INFO - configuration is Namespace(dataset_name='wikipedia', batch_size=200, model_name='TGAT', gpu=0, num_neighbors=20, sample_neighbor_strategy='uniform', time_scaling_factor=1e-06, num_walk_heads=8, num_heads=2, num_layers=2, walk_length=1, time_gap=2000, time_feat_dim=128, position_feat_dim=172, time_window_mode='fixed_proportion', time_encoder_type='kan_mammote', expert_dim=128, num_mixtures=16, sort_neighbors_by_time=True, patch_size=1, channel_embedding_dim=50, max_input_sequence_length=32, learning_rate=0.0001, dropout=0.1, gamma=0.5, num_epochs=10, optimizer='Adam', weight_decay=0.0, patience=5, val_ratio=0.15, test_ratio=0.15, num_runs=1, test_interval_epochs=1, negative_sample_strategy='random', max_interaction_times=10, load_best_configs=False, data_ratio=0.1, save_model_name_suffix='kan_mammote_full', mamba_d_state=256, mamba_d_conv=4, mamba_expand=2, mamba_headdim=64, device='cuda:0', seed=0, save_model_name='TGAT_kan_mammote_seed0_kan_mammote_full')
2025-10-04 21:12:12,789 - root - INFO - Metrics will be saved to: ./saved_metrics/TGAT/wikipedia/TGAT_kan_mammote_seed0
2025-10-04 21:12:12,796 - root - INFO - time encoder type: kan_mammote
2025-10-04 21:12:13,232 - root - INFO - model -> Sequential(
  (0): TGAT(
    (time_encoder): KAN_MAMMOTE(
      (k_mote): KMOTE(
        (experts): ModuleList(
          (0): SplineKANLayer(
            (input_projection): Linear(in_features=1, out_features=1, bias=True)
            (global_branch): Sequential(
              (0): Linear(in_features=1, out_features=32, bias=True)
              (1): GELU(approximate='none')
              (2): Linear(in_features=32, out_features=128, bias=True)
            )
          )
          (1): FourierKANLayer()
          (2): WaveletKANLayer(
            (linear): Linear(in_features=16, out_features=128, bias=True)
          )
          (3): SplineKANLayer(
            (input_projection): Linear(in_features=1, out_features=1, bias=True)
            (global_branch): Sequential(
              (0): Linear(in_features=1, out_features=32, bias=True)
              (1): GELU(approximate='none')
              (2): Linear(in_features=32, out_features=128, bias=True)
            )
            (local_linear): Linear(in_features=8, out_features=128, bias=True)
          )
        )
        (gating_network): Sequential(
          (0): Linear(in_features=1, out_features=64, bias=True)
          (1): GELU(approximate='none')
          (2): Linear(in_features=64, out_features=4, bias=True)
        )
        (layer_norm): LayerNorm((128,), eps=1e-05, elementwise_affine=True)
      )
      (sm_kernel): SMKernelLayer(
        (kernel): SpectralMixtureKernel(
          (raw_mixture_scales_constraint): Positive()
          (raw_mixture_means_constraint): Positive()
          (raw_mixture_weights_constraint): Positive()
        )
        (layer_norm): LayerNorm((16,), eps=1e-05, elementwise_affine=True)
      )
      (mamba2): ControllableMamba2(
        (in_proj): Linear(in_features=128, out_features=784, bias=False)
        (conv1d): Conv1d(512, 512, kernel_size=(4,), stride=(1,), padding=(3,), groups=512)
        (act): SiLU()
        (norm): RMSNorm()
        (out_proj): Linear(in_features=256, out_features=128, bias=False)
      )
      (fusion_mlp): Sequential(
        (0): Linear(in_features=16, out_features=128, bias=True)
        (1): GELU(approximate='none')
        (2): Linear(in_features=128, out_features=32, bias=True)
      )
    )
    (temporal_conv_layers): ModuleList(
      (0-1): 2 x MultiHeadAttention(
        (query_projection): Linear(in_features=300, out_features=300, bias=False)
        (key_projection): Linear(in_features=472, out_features=300, bias=False)
        (value_projection): Linear(in_features=472, out_features=300, bias=False)
        (layer_norm): LayerNorm((300,), eps=1e-05, elementwise_affine=True)
        (residual_fc): Linear(in_features=300, out_features=300, bias=True)
        (dropout): Dropout(p=0.1, inplace=False)
      )
    )
    (merge_layers): ModuleList(
      (0-1): 2 x MergeLayer(
        (fc1): Linear(in_features=472, out_features=172, bias=True)
        (fc2): Linear(in_features=172, out_features=172, bias=True)
        (act): ReLU()
      )
    )
  )
  (1): MergeLayer(
    (fc1): Linear(in_features=344, out_features=172, bias=True)
    (fc2): Linear(in_features=172, out_features=1, bias=True)
    (act): ReLU()
  )
)
2025-10-04 21:12:13,233 - root - INFO - model name: TGAT, #parameters: 5490468 B, 5361.78515625 KB, 5.236118316650391 MB.
2025-10-04 21:14:45,258 - root - INFO - Epoch: 1, learning rate: 0.0001, train loss: 0.6458
2025-10-04 21:14:45,259 - root - INFO - train average_precision, 0.6869
2025-10-04 21:14:45,259 - root - INFO - train roc_auc, 0.7322
2025-10-04 21:14:45,259 - root - INFO - validate loss: 0.6997
2025-10-04 21:14:45,260 - root - INFO - validate average_precision, 0.5236
2025-10-04 21:14:45,260 - root - INFO - validate roc_auc, 0.5371
2025-10-04 21:14:45,260 - root - INFO - new node validate loss: 0.6699
2025-10-04 21:14:45,260 - root - INFO - new node validate average_precision, 0.5961
2025-10-04 21:14:45,260 - root - INFO - new node validate roc_auc, 0.6168
2025-10-04 21:16:20,484 - root - INFO - test loss: 0.7141
2025-10-04 21:16:20,485 - root - INFO - test average_precision, 0.5046
2025-10-04 21:16:20,485 - root - INFO - best test average_precision: 0.5046
2025-10-04 21:16:20,486 - root - INFO - test roc_auc, 0.5050
2025-10-04 21:16:20,486 - root - INFO - new node test loss: 0.6859
2025-10-04 21:16:20,486 - root - INFO - new node test average_precision, 0.5729
2025-10-04 21:16:20,486 - root - INFO - new node test roc_auc, 0.5827
2025-10-04 21:16:20,494 - root - INFO - save model ./saved_models/TGAT/wikipedia/TGAT_kan_mammote_seed0_kan_mammote_full/TGAT_kan_mammote_seed0_kan_mammote_full.pkl
2025-10-04 21:18:37,227 - root - INFO - Epoch: 2, learning rate: 0.0001, train loss: 0.5739
2025-10-04 21:18:37,228 - root - INFO - train average_precision, 0.7358
2025-10-04 21:18:37,228 - root - INFO - train roc_auc, 0.7765
2025-10-04 21:18:37,229 - root - INFO - validate loss: 0.6875
2025-10-04 21:18:37,229 - root - INFO - validate average_precision, 0.5339
2025-10-04 21:18:37,229 - root - INFO - validate roc_auc, 0.5517
2025-10-04 21:18:37,229 - root - INFO - new node validate loss: 0.6647
2025-10-04 21:18:37,229 - root - INFO - new node validate average_precision, 0.6056
2025-10-04 21:18:37,229 - root - INFO - new node validate roc_auc, 0.6289
2025-10-04 21:20:12,259 - root - INFO - test loss: 0.7028
2025-10-04 21:20:12,260 - root - INFO - test average_precision, 0.5163
2025-10-04 21:20:12,260 - root - INFO - best test average_precision: 0.5163
2025-10-04 21:20:12,260 - root - INFO - test roc_auc, 0.5198
2025-10-04 21:20:12,260 - root - INFO - new node test loss: 0.6814
2025-10-04 21:20:12,260 - root - INFO - new node test average_precision, 0.5809
2025-10-04 21:20:12,260 - root - INFO - new node test roc_auc, 0.5920
2025-10-04 21:20:12,266 - root - INFO - save model ./saved_models/TGAT/wikipedia/TGAT_kan_mammote_seed0_kan_mammote_full/TGAT_kan_mammote_seed0_kan_mammote_full.pkl
2025-10-04 21:22:29,243 - root - INFO - Epoch: 3, learning rate: 0.0001, train loss: 0.5593
2025-10-04 21:22:29,243 - root - INFO - train average_precision, 0.7422
2025-10-04 21:22:29,243 - root - INFO - train roc_auc, 0.7839
2025-10-04 21:22:29,243 - root - INFO - validate loss: 0.7053
2025-10-04 21:22:29,244 - root - INFO - validate average_precision, 0.5835
2025-10-04 21:22:29,244 - root - INFO - validate roc_auc, 0.5874
2025-10-04 21:22:29,244 - root - INFO - new node validate loss: 0.6759
2025-10-04 21:22:29,244 - root - INFO - new node validate average_precision, 0.6445
2025-10-04 21:22:29,244 - root - INFO - new node validate roc_auc, 0.6506
2025-10-04 21:24:04,605 - root - INFO - test loss: 0.7251
2025-10-04 21:24:04,606 - root - INFO - test average_precision, 0.5681
2025-10-04 21:24:04,606 - root - INFO - best test average_precision: 0.5681
2025-10-04 21:24:04,606 - root - INFO - test roc_auc, 0.5562
2025-10-04 21:24:04,606 - root - INFO - new node test loss: 0.6972
2025-10-04 21:24:04,606 - root - INFO - new node test average_precision, 0.6241
2025-10-04 21:24:04,606 - root - INFO - new node test roc_auc, 0.6115
2025-10-04 21:24:04,610 - root - INFO - save model ./saved_models/TGAT/wikipedia/TGAT_kan_mammote_seed0_kan_mammote_full/TGAT_kan_mammote_seed0_kan_mammote_full.pkl
2025-10-04 21:26:21,583 - root - INFO - Epoch: 4, learning rate: 0.0001, train loss: 0.5122
2025-10-04 21:26:21,584 - root - INFO - train average_precision, 0.7975
2025-10-04 21:26:21,584 - root - INFO - train roc_auc, 0.8256
2025-10-04 21:26:21,584 - root - INFO - validate loss: 0.6733
2025-10-04 21:26:21,584 - root - INFO - validate average_precision, 0.6524
2025-10-04 21:26:21,584 - root - INFO - validate roc_auc, 0.6613
2025-10-04 21:26:21,584 - root - INFO - new node validate loss: 0.6378
2025-10-04 21:26:21,584 - root - INFO - new node validate average_precision, 0.6917
2025-10-04 21:26:21,584 - root - INFO - new node validate roc_auc, 0.7014
2025-10-04 21:27:56,808 - root - INFO - test loss: 0.6941
2025-10-04 21:27:56,809 - root - INFO - test average_precision, 0.6383
2025-10-04 21:27:56,809 - root - INFO - best test average_precision: 0.6383
2025-10-04 21:27:56,809 - root - INFO - test roc_auc, 0.6390
2025-10-04 21:27:56,809 - root - INFO - new node test loss: 0.6668
2025-10-04 21:27:56,809 - root - INFO - new node test average_precision, 0.6731
2025-10-04 21:27:56,809 - root - INFO - new node test roc_auc, 0.6703
2025-10-04 21:27:56,814 - root - INFO - save model ./saved_models/TGAT/wikipedia/TGAT_kan_mammote_seed0_kan_mammote_full/TGAT_kan_mammote_seed0_kan_mammote_full.pkl
2025-10-04 21:30:13,625 - root - INFO - Epoch: 5, learning rate: 0.0001, train loss: 0.4903
2025-10-04 21:30:13,626 - root - INFO - train average_precision, 0.8241
2025-10-04 21:30:13,626 - root - INFO - train roc_auc, 0.8452
2025-10-04 21:30:13,626 - root - INFO - validate loss: 0.6165
2025-10-04 21:30:13,626 - root - INFO - validate average_precision, 0.7034
2025-10-04 21:30:13,626 - root - INFO - validate roc_auc, 0.7300
2025-10-04 21:30:13,626 - root - INFO - new node validate loss: 0.5992
2025-10-04 21:30:13,626 - root - INFO - new node validate average_precision, 0.7308
2025-10-04 21:30:13,626 - root - INFO - new node validate roc_auc, 0.7492
2025-10-04 21:31:48,670 - root - INFO - test loss: 0.6362
2025-10-04 21:31:48,671 - root - INFO - test average_precision, 0.6871
2025-10-04 21:31:48,671 - root - INFO - best test average_precision: 0.6871
2025-10-04 21:31:48,671 - root - INFO - test roc_auc, 0.7063
2025-10-04 21:31:48,671 - root - INFO - new node test loss: 0.6234
2025-10-04 21:31:48,671 - root - INFO - new node test average_precision, 0.7110
2025-10-04 21:31:48,671 - root - INFO - new node test roc_auc, 0.7191
2025-10-04 21:31:48,675 - root - INFO - save model ./saved_models/TGAT/wikipedia/TGAT_kan_mammote_seed0_kan_mammote_full/TGAT_kan_mammote_seed0_kan_mammote_full.pkl
2025-10-04 21:34:05,861 - root - INFO - Epoch: 6, learning rate: 0.0001, train loss: 0.4672
2025-10-04 21:34:05,861 - root - INFO - train average_precision, 0.8486
2025-10-04 21:34:05,861 - root - INFO - train roc_auc, 0.8648
2025-10-04 21:34:05,862 - root - INFO - validate loss: 0.6067
2025-10-04 21:34:05,862 - root - INFO - validate average_precision, 0.7192
2025-10-04 21:34:05,862 - root - INFO - validate roc_auc, 0.7455
2025-10-04 21:34:05,862 - root - INFO - new node validate loss: 0.5944
2025-10-04 21:34:05,862 - root - INFO - new node validate average_precision, 0.7393
2025-10-04 21:34:05,862 - root - INFO - new node validate roc_auc, 0.7568
2025-10-04 21:35:41,200 - root - INFO - test loss: 0.6281
2025-10-04 21:35:41,201 - root - INFO - test average_precision, 0.7015
2025-10-04 21:35:41,202 - root - INFO - best test average_precision: 0.7015
2025-10-04 21:35:41,202 - root - INFO - test roc_auc, 0.7205
2025-10-04 21:35:41,202 - root - INFO - new node test loss: 0.6156
2025-10-04 21:35:41,202 - root - INFO - new node test average_precision, 0.7245
2025-10-04 21:35:41,202 - root - INFO - new node test roc_auc, 0.7320
2025-10-04 21:35:41,207 - root - INFO - save model ./saved_models/TGAT/wikipedia/TGAT_kan_mammote_seed0_kan_mammote_full/TGAT_kan_mammote_seed0_kan_mammote_full.pkl
2025-10-04 21:37:58,155 - root - INFO - Epoch: 7, learning rate: 0.0001, train loss: 0.4444
2025-10-04 21:37:58,156 - root - INFO - train average_precision, 0.8672
2025-10-04 21:37:58,156 - root - INFO - train roc_auc, 0.8795
2025-10-04 21:37:58,156 - root - INFO - validate loss: 0.6085
2025-10-04 21:37:58,156 - root - INFO - validate average_precision, 0.7102
2025-10-04 21:37:58,156 - root - INFO - validate roc_auc, 0.7376
2025-10-04 21:37:58,156 - root - INFO - new node validate loss: 0.5990
2025-10-04 21:37:58,156 - root - INFO - new node validate average_precision, 0.7238
2025-10-04 21:37:58,156 - root - INFO - new node validate roc_auc, 0.7429
2025-10-04 21:39:33,260 - root - INFO - test loss: 0.6299
2025-10-04 21:39:33,260 - root - INFO - test average_precision, 0.6980
2025-10-04 21:39:33,260 - root - INFO - best test average_precision: 0.7015
2025-10-04 21:39:33,261 - root - INFO - test roc_auc, 0.7172
2025-10-04 21:39:33,261 - root - INFO - new node test loss: 0.6127
2025-10-04 21:39:33,261 - root - INFO - new node test average_precision, 0.7215
2025-10-04 21:39:33,261 - root - INFO - new node test roc_auc, 0.7311
2025-10-04 21:41:50,290 - root - INFO - Epoch: 8, learning rate: 0.0001, train loss: 0.4327
2025-10-04 21:41:50,291 - root - INFO - train average_precision, 0.8755
2025-10-04 21:41:50,291 - root - INFO - train roc_auc, 0.8879
2025-10-04 21:41:50,291 - root - INFO - validate loss: 0.6046
2025-10-04 21:41:50,291 - root - INFO - validate average_precision, 0.7106
2025-10-04 21:41:50,291 - root - INFO - validate roc_auc, 0.7391
2025-10-04 21:41:50,291 - root - INFO - new node validate loss: 0.5967
2025-10-04 21:41:50,291 - root - INFO - new node validate average_precision, 0.7250
2025-10-04 21:41:50,291 - root - INFO - new node validate roc_auc, 0.7450
2025-10-04 21:43:25,588 - root - INFO - test loss: 0.6248
2025-10-04 21:43:25,589 - root - INFO - test average_precision, 0.6936
2025-10-04 21:43:25,589 - root - INFO - best test average_precision: 0.7015
2025-10-04 21:43:25,589 - root - INFO - test roc_auc, 0.7166
2025-10-04 21:43:25,589 - root - INFO - new node test loss: 0.6064
2025-10-04 21:43:25,589 - root - INFO - new node test average_precision, 0.7195
2025-10-04 21:43:25,589 - root - INFO - new node test roc_auc, 0.7336
2025-10-04 21:45:42,859 - root - INFO - Epoch: 9, learning rate: 0.0001, train loss: 0.4098
2025-10-04 21:45:42,860 - root - INFO - train average_precision, 0.8942
2025-10-04 21:45:42,860 - root - INFO - train roc_auc, 0.9026
2025-10-04 21:45:42,860 - root - INFO - validate loss: 0.6182
2025-10-04 21:45:42,860 - root - INFO - validate average_precision, 0.7090
2025-10-04 21:45:42,860 - root - INFO - validate roc_auc, 0.7337
2025-10-04 21:45:42,860 - root - INFO - new node validate loss: 0.6064
2025-10-04 21:45:42,860 - root - INFO - new node validate average_precision, 0.7246
2025-10-04 21:45:42,860 - root - INFO - new node validate roc_auc, 0.7422
2025-10-04 21:47:18,487 - root - INFO - test loss: 0.6420
2025-10-04 21:47:18,488 - root - INFO - test average_precision, 0.6869
2025-10-04 21:47:18,488 - root - INFO - best test average_precision: 0.7015
2025-10-04 21:47:18,488 - root - INFO - test roc_auc, 0.7094
2025-10-04 21:47:18,488 - root - INFO - new node test loss: 0.6185
2025-10-04 21:47:18,488 - root - INFO - new node test average_precision, 0.7182
2025-10-04 21:47:18,488 - root - INFO - new node test roc_auc, 0.7293
2025-10-04 21:49:35,213 - root - INFO - Epoch: 10, learning rate: 0.0001, train loss: 0.4030
2025-10-04 21:49:35,214 - root - INFO - train average_precision, 0.8952
2025-10-04 21:49:35,214 - root - INFO - train roc_auc, 0.9032
2025-10-04 21:49:35,214 - root - INFO - validate loss: 0.6623
2025-10-04 21:49:35,214 - root - INFO - validate average_precision, 0.6955
2025-10-04 21:49:35,214 - root - INFO - validate roc_auc, 0.7211
2025-10-04 21:49:35,214 - root - INFO - new node validate loss: 0.6473
2025-10-04 21:49:35,214 - root - INFO - new node validate average_precision, 0.7161
2025-10-04 21:49:35,215 - root - INFO - new node validate roc_auc, 0.7348
2025-10-04 21:51:10,323 - root - INFO - test loss: 0.6871
2025-10-04 21:51:10,323 - root - INFO - test average_precision, 0.6764
2025-10-04 21:51:10,323 - root - INFO - best test average_precision: 0.7015
2025-10-04 21:51:10,323 - root - INFO - test roc_auc, 0.6985
2025-10-04 21:51:10,323 - root - INFO - new node test loss: 0.6623
2025-10-04 21:51:10,324 - root - INFO - new node test average_precision, 0.7053
2025-10-04 21:51:10,324 - root - INFO - new node test roc_auc, 0.7179
2025-10-04 21:51:10,328 - root - INFO - load model ./saved_models/TGAT/wikipedia/TGAT_kan_mammote_seed0_kan_mammote_full/TGAT_kan_mammote_seed0_kan_mammote_full.pkl
2025-10-04 21:51:10,352 - root - INFO - get final performance on dataset wikipedia...
2025-10-04 21:54:21,322 - root - INFO - validate loss: 0.6067
2025-10-04 21:54:21,323 - root - INFO - validate average_precision, 0.7192
2025-10-04 21:54:21,323 - root - INFO - validate roc_auc, 0.7455
2025-10-04 21:54:21,323 - root - INFO - new node validate loss: 0.5944
2025-10-04 21:54:21,323 - root - INFO - new node validate average_precision, 0.7393
2025-10-04 21:54:21,323 - root - INFO - new node validate roc_auc, 0.7568
2025-10-04 21:54:21,323 - root - INFO - test loss: 0.6281
2025-10-04 21:54:21,324 - root - INFO - test average_precision, 0.7015
2025-10-04 21:54:21,324 - root - INFO - test roc_auc, 0.7205
2025-10-04 21:54:21,324 - root - INFO - new node test loss: 0.6156
2025-10-04 21:54:21,324 - root - INFO - new node test average_precision, 0.7245
2025-10-04 21:54:21,324 - root - INFO - new node test roc_auc, 0.7320
2025-10-04 21:54:21,336 - root - INFO - ✅ Metrics saved to: ./saved_metrics/TGAT/wikipedia/TGAT_kan_mammote_seed0
2025-10-04 21:54:21,336 - root - INFO - Run 1 cost 2528.55 seconds.
2025-10-04 21:54:21,340 - root - INFO - metrics over 1 runs:
2025-10-04 21:54:21,340 - root - INFO - validate average_precision, [np.float64(0.7191686264003103)]
2025-10-04 21:54:21,340 - root - INFO - average validate average_precision, 0.7192 ± nan
2025-10-04 21:54:21,340 - root - INFO - validate roc_auc, [np.float64(0.7455011373597058)]
2025-10-04 21:54:21,340 - root - INFO - average validate roc_auc, 0.7455 ± nan
2025-10-04 21:54:21,341 - root - INFO - new node validate average_precision, [np.float64(0.7392613209205579)]
2025-10-04 21:54:21,341 - root - INFO - average new node validate average_precision, 0.7393 ± nan
2025-10-04 21:54:21,341 - root - INFO - new node validate roc_auc, [np.float64(0.7568290983606558)]
2025-10-04 21:54:21,341 - root - INFO - average new node validate roc_auc, 0.7568 ± nan
2025-10-04 21:54:21,341 - root - INFO - test average_precision, [np.float64(0.7015340372235751)]
2025-10-04 21:54:21,341 - root - INFO - average test average_precision, 0.7015 ± nan
2025-10-04 21:54:21,341 - root - INFO - test roc_auc, [np.float64(0.7204542378856305)]
2025-10-04 21:54:21,341 - root - INFO - average test roc_auc, 0.7205 ± nan
2025-10-04 21:54:21,341 - root - INFO - new node test average_precision, [np.float64(0.72452945458961)]
2025-10-04 21:54:21,341 - root - INFO - average new node test average_precision, 0.7245 ± nan
2025-10-04 21:54:21,342 - root - INFO - new node test roc_auc, [np.float64(0.7320055825670436)]
2025-10-04 21:54:21,342 - root - INFO - average new node test roc_auc, 0.7320 ± nan
