2025-10-05 03:56:09,656 - root - INFO - ********** Run 1 starts. **********
2025-10-05 03:56:09,656 - root - INFO - configuration is Namespace(dataset_name='wikipedia', batch_size=200, model_name='TGAT', gpu=0, num_neighbors=20, sample_neighbor_strategy='uniform', time_scaling_factor=1e-06, num_walk_heads=8, num_heads=2, num_layers=2, walk_length=1, time_gap=2000, time_feat_dim=128, position_feat_dim=172, time_window_mode='fixed_proportion', time_encoder_type='kan_mammote', expert_dim=128, num_mixtures=16, sort_neighbors_by_time=True, patch_size=1, channel_embedding_dim=50, max_input_sequence_length=32, learning_rate=0.0001, dropout=0.1, gamma=0.5, num_epochs=10, optimizer='Adam', weight_decay=0.0, patience=5, val_ratio=0.15, test_ratio=0.15, num_runs=1, test_interval_epochs=1, negative_sample_strategy='random', max_interaction_times=10, load_best_configs=False, data_ratio=1.0, save_model_name_suffix='kan_mammote_full', mamba_d_state=256, mamba_d_conv=4, mamba_expand=2, mamba_headdim=64, device='cuda:0', seed=0, save_model_name='TGAT_kan_mammote_seed0_kan_mammote_full')
2025-10-05 03:56:09,659 - root - INFO - Metrics will be saved to: ./saved_metrics/TGAT/wikipedia/TGAT_kan_mammote_seed0
2025-10-05 03:56:09,686 - root - INFO - time encoder type: kan_mammote
2025-10-05 03:56:10,087 - root - INFO - model -> Sequential(
  (0): TGAT(
    (time_encoder): KAN_MAMMOTE(
      (k_mote): KMOTE(
        (experts): ModuleList(
          (0): SplineKANLayer(
            (input_projection): Linear(in_features=1, out_features=1, bias=True)
            (global_branch): Sequential(
              (0): Linear(in_features=1, out_features=32, bias=True)
              (1): GELU(approximate='none')
              (2): Linear(in_features=32, out_features=128, bias=True)
            )
          )
          (1): FourierKANLayer()
          (2): WaveletKANLayer(
            (linear): Linear(in_features=16, out_features=128, bias=True)
          )
          (3): SplineKANLayer(
            (input_projection): Linear(in_features=1, out_features=1, bias=True)
            (global_branch): Sequential(
              (0): Linear(in_features=1, out_features=32, bias=True)
              (1): GELU(approximate='none')
              (2): Linear(in_features=32, out_features=128, bias=True)
            )
            (local_linear): Linear(in_features=8, out_features=128, bias=True)
          )
        )
        (gating_network): Sequential(
          (0): Linear(in_features=1, out_features=64, bias=True)
          (1): GELU(approximate='none')
          (2): Linear(in_features=64, out_features=4, bias=True)
        )
        (layer_norm): LayerNorm((128,), eps=1e-05, elementwise_affine=True)
      )
      (sm_kernel): SMKernelLayer(
        (kernel): SpectralMixtureKernel(
          (raw_mixture_scales_constraint): Positive()
          (raw_mixture_means_constraint): Positive()
          (raw_mixture_weights_constraint): Positive()
        )
        (layer_norm): LayerNorm((16,), eps=1e-05, elementwise_affine=True)
      )
      (mamba2): ControllableMamba2(
        (in_proj): Linear(in_features=128, out_features=784, bias=False)
        (conv1d): Conv1d(512, 512, kernel_size=(4,), stride=(1,), padding=(3,), groups=512)
        (act): SiLU()
        (norm): RMSNorm()
        (out_proj): Linear(in_features=256, out_features=128, bias=False)
      )
      (fusion_mlp): Sequential(
        (0): Linear(in_features=16, out_features=128, bias=True)
        (1): GELU(approximate='none')
        (2): Linear(in_features=128, out_features=32, bias=True)
      )
    )
    (temporal_conv_layers): ModuleList(
      (0-1): 2 x MultiHeadAttention(
        (query_projection): Linear(in_features=300, out_features=300, bias=False)
        (key_projection): Linear(in_features=472, out_features=300, bias=False)
        (value_projection): Linear(in_features=472, out_features=300, bias=False)
        (layer_norm): LayerNorm((300,), eps=1e-05, elementwise_affine=True)
        (residual_fc): Linear(in_features=300, out_features=300, bias=True)
        (dropout): Dropout(p=0.1, inplace=False)
      )
    )
    (merge_layers): ModuleList(
      (0-1): 2 x MergeLayer(
        (fc1): Linear(in_features=472, out_features=172, bias=True)
        (fc2): Linear(in_features=172, out_features=172, bias=True)
        (act): ReLU()
      )
    )
  )
  (1): MergeLayer(
    (fc1): Linear(in_features=344, out_features=172, bias=True)
    (fc2): Linear(in_features=172, out_features=1, bias=True)
    (act): ReLU()
  )
)
2025-10-05 03:56:10,087 - root - INFO - model name: TGAT, #parameters: 5490468 B, 5361.78515625 KB, 5.236118316650391 MB.
2025-10-05 04:05:16,794 - root - INFO - Epoch: 1, learning rate: 0.0001, train loss: 0.5046
2025-10-05 04:05:16,795 - root - INFO - train average_precision, 0.7926
2025-10-05 04:05:16,795 - root - INFO - train roc_auc, 0.8292
2025-10-05 04:05:16,795 - root - INFO - validate loss: 0.4836
2025-10-05 04:05:16,795 - root - INFO - validate average_precision, 0.8133
2025-10-05 04:05:16,795 - root - INFO - validate roc_auc, 0.8415
2025-10-05 04:05:16,795 - root - INFO - new node validate loss: 0.4952
2025-10-05 04:05:16,795 - root - INFO - new node validate average_precision, 0.8131
2025-10-05 04:05:16,795 - root - INFO - new node validate roc_auc, 0.8355
2025-10-05 04:06:52,833 - root - INFO - test loss: 0.5132
2025-10-05 04:06:52,834 - root - INFO - test average_precision, 0.7902
2025-10-05 04:06:52,834 - root - INFO - best test average_precision: 0.7902
2025-10-05 04:06:52,834 - root - INFO - test roc_auc, 0.8191
2025-10-05 04:06:52,834 - root - INFO - new node test loss: 0.5284
2025-10-05 04:06:52,834 - root - INFO - new node test average_precision, 0.7798
2025-10-05 04:06:52,834 - root - INFO - new node test roc_auc, 0.8069
2025-10-05 04:06:52,842 - root - INFO - save model ./saved_models/TGAT/wikipedia/TGAT_kan_mammote_seed0_kan_mammote_full/TGAT_kan_mammote_seed0_kan_mammote_full.pkl
2025-10-05 04:15:39,887 - root - INFO - Epoch: 2, learning rate: 0.0001, train loss: 0.3863
2025-10-05 04:15:39,888 - root - INFO - train average_precision, 0.8942
2025-10-05 04:15:39,888 - root - INFO - train roc_auc, 0.9078
2025-10-05 04:15:39,888 - root - INFO - validate loss: 0.3910
2025-10-05 04:15:39,888 - root - INFO - validate average_precision, 0.8941
2025-10-05 04:15:39,888 - root - INFO - validate roc_auc, 0.9045
2025-10-05 04:15:39,888 - root - INFO - new node validate loss: 0.3963
2025-10-05 04:15:39,888 - root - INFO - new node validate average_precision, 0.8950
2025-10-05 04:15:39,888 - root - INFO - new node validate roc_auc, 0.9017
2025-10-05 04:17:15,432 - root - INFO - test loss: 0.4111
2025-10-05 04:17:15,433 - root - INFO - test average_precision, 0.8842
2025-10-05 04:17:15,433 - root - INFO - best test average_precision: 0.8842
2025-10-05 04:17:15,433 - root - INFO - test roc_auc, 0.8950
2025-10-05 04:17:15,433 - root - INFO - new node test loss: 0.4303
2025-10-05 04:17:15,433 - root - INFO - new node test average_precision, 0.8752
2025-10-05 04:17:15,433 - root - INFO - new node test roc_auc, 0.8838
2025-10-05 04:17:15,438 - root - INFO - save model ./saved_models/TGAT/wikipedia/TGAT_kan_mammote_seed0_kan_mammote_full/TGAT_kan_mammote_seed0_kan_mammote_full.pkl
2025-10-05 04:26:03,382 - root - INFO - Epoch: 3, learning rate: 0.0001, train loss: 0.3296
2025-10-05 04:26:03,383 - root - INFO - train average_precision, 0.9283
2025-10-05 04:26:03,383 - root - INFO - train roc_auc, 0.9347
2025-10-05 04:26:03,383 - root - INFO - validate loss: 0.3706
2025-10-05 04:26:03,384 - root - INFO - validate average_precision, 0.9041
2025-10-05 04:26:03,384 - root - INFO - validate roc_auc, 0.9145
2025-10-05 04:26:03,384 - root - INFO - new node validate loss: 0.3801
2025-10-05 04:26:03,384 - root - INFO - new node validate average_precision, 0.9031
2025-10-05 04:26:03,384 - root - INFO - new node validate roc_auc, 0.9099
2025-10-05 04:27:39,116 - root - INFO - test loss: 0.3923
2025-10-05 04:27:39,117 - root - INFO - test average_precision, 0.8936
2025-10-05 04:27:39,117 - root - INFO - best test average_precision: 0.8936
2025-10-05 04:27:39,117 - root - INFO - test roc_auc, 0.9049
2025-10-05 04:27:39,117 - root - INFO - new node test loss: 0.4111
2025-10-05 04:27:39,117 - root - INFO - new node test average_precision, 0.8853
2025-10-05 04:27:39,117 - root - INFO - new node test roc_auc, 0.8943
2025-10-05 04:27:39,121 - root - INFO - save model ./saved_models/TGAT/wikipedia/TGAT_kan_mammote_seed0_kan_mammote_full/TGAT_kan_mammote_seed0_kan_mammote_full.pkl
