2025-10-08 10:21:52,190 - root - INFO - ********** Run 2 starts. **********
2025-10-08 10:21:52,190 - root - INFO - configuration is Namespace(dataset_name='wikipedia', batch_size=200, model_name='GraphMixer', gpu=0, num_neighbors=30, sample_neighbor_strategy='recent', time_scaling_factor=1e-06, num_walk_heads=8, num_heads=2, num_layers=2, walk_length=1, time_gap=2000, time_feat_dim=100, position_feat_dim=172, time_window_mode='fixed_proportion', time_encoder_type='time2vec', expert_dim=128, num_mixtures=16, sort_neighbors_by_time=False, patch_size=1, channel_embedding_dim=50, max_input_sequence_length=32, learning_rate=0.0001, dropout=0.5, gamma=0.5, num_epochs=2, optimizer='Adam', weight_decay=0.0, patience=20, val_ratio=0.15, test_ratio=0.15, num_runs=2, test_interval_epochs=100, negative_sample_strategy='random', max_interaction_times=10, load_best_configs=True, data_ratio=0.05, seed=1, save_model_name_suffix='', ablation_dir='', mamba_d_state=256, mamba_d_conv=4, mamba_expand=2, mamba_headdim=64, resume_from_checkpoint=None, save_checkpoints=True, checkpoint_interval=20, start_from_seed=0, max_checkpoints_to_keep=3, checkpoint_strategy='minimal', validate_checkpoints=True, device='cuda:0', save_model_name='GraphMixer_time2vec_seed1')
2025-10-08 10:21:52,191 - root - INFO - Metrics will be saved to: ./saved_metrics/GraphMixer/wikipedia/GraphMixer_time2vec_seed1
2025-10-08 10:21:52,191 - root - INFO - time encoder type: time2vec
2025-10-08 10:21:52,191 - root - INFO - Time encoder will be injected into GraphMixer model
2025-10-08 10:21:52,248 - root - INFO - model -> Sequential(
  (0): GraphMixer(
    (time_encoder): TimeEncoderWrapper(
      (encoder): Time2VecEncoder(
        (time2vec_layer): SineActivation()
      )
    )
    (projection_layer): Linear(in_features=272, out_features=172, bias=True)
    (mlp_mixers): ModuleList(
      (0-1): 2 x MLPMixer(
        (token_norm): LayerNorm((30,), eps=1e-05, elementwise_affine=True)
        (token_feedforward): FeedForwardNet(
          (ffn): Sequential(
            (0): Linear(in_features=30, out_features=15, bias=True)
            (1): GELU(approximate='none')
            (2): Dropout(p=0.5, inplace=False)
            (3): Linear(in_features=15, out_features=30, bias=True)
            (4): Dropout(p=0.5, inplace=False)
          )
        )
        (channel_norm): LayerNorm((172,), eps=1e-05, elementwise_affine=True)
        (channel_feedforward): FeedForwardNet(
          (ffn): Sequential(
            (0): Linear(in_features=172, out_features=688, bias=True)
            (1): GELU(approximate='none')
            (2): Dropout(p=0.5, inplace=False)
            (3): Linear(in_features=688, out_features=172, bias=True)
            (4): Dropout(p=0.5, inplace=False)
          )
        )
      )
    )
    (output_layer): Linear(in_features=344, out_features=172, bias=True)
  )
  (1): MergeLayer(
    (fc1): Linear(in_features=344, out_features=172, bias=True)
    (fc2): Linear(in_features=172, out_features=1, bias=True)
    (act): ReLU()
  )
)
2025-10-08 10:21:52,249 - root - INFO - model name: GraphMixer, #parameters: 2575084 B, 2514.73046875 KB, 2.455791473388672 MB.
2025-10-08 10:21:53,521 - root - INFO - Epoch: 1, learning rate: 0.0001, train loss: 3.1034
2025-10-08 10:21:53,521 - root - INFO - train average_precision, 0.7083
2025-10-08 10:21:53,521 - root - INFO - train roc_auc, 0.7251
2025-10-08 10:21:53,521 - root - INFO - validate loss: 8.8914
2025-10-08 10:21:53,522 - root - INFO - validate average_precision, 0.6424
2025-10-08 10:21:53,522 - root - INFO - validate roc_auc, 0.6833
2025-10-08 10:21:53,522 - root - INFO - new node validate loss: 4.7854
2025-10-08 10:21:53,522 - root - INFO - new node validate average_precision, 0.6398
2025-10-08 10:21:53,522 - root - INFO - new node validate roc_auc, 0.6645
2025-10-08 10:21:53,531 - root - INFO - save model ./saved_models/GraphMixer/wikipedia/GraphMixer_time2vec_seed1/GraphMixer_time2vec_seed1.pkl
2025-10-08 10:21:54,832 - root - INFO - Epoch: 2, learning rate: 0.0001, train loss: 1.6610
2025-10-08 10:21:54,832 - root - INFO - train average_precision, 0.7962
2025-10-08 10:21:54,832 - root - INFO - train roc_auc, 0.7999
2025-10-08 10:21:54,832 - root - INFO - validate loss: 2.7025
2025-10-08 10:21:54,832 - root - INFO - validate average_precision, 0.7599
2025-10-08 10:21:54,832 - root - INFO - validate roc_auc, 0.7756
2025-10-08 10:21:54,832 - root - INFO - new node validate loss: 1.8862
2025-10-08 10:21:54,832 - root - INFO - new node validate average_precision, 0.6782
2025-10-08 10:21:54,832 - root - INFO - new node validate roc_auc, 0.6831
2025-10-08 10:21:54,837 - root - INFO - save model ./saved_models/GraphMixer/wikipedia/GraphMixer_time2vec_seed1/GraphMixer_time2vec_seed1.pkl
2025-10-08 10:21:54,865 - root - INFO - load model ./saved_models/GraphMixer/wikipedia/GraphMixer_time2vec_seed1/GraphMixer_time2vec_seed1.pkl
2025-10-08 10:21:54,878 - root - INFO - get final performance on dataset wikipedia...
2025-10-08 10:21:55,411 - root - INFO - validate loss: 2.7025
2025-10-08 10:21:55,411 - root - INFO - validate average_precision, 0.7599
2025-10-08 10:21:55,411 - root - INFO - validate roc_auc, 0.7756
2025-10-08 10:21:55,411 - root - INFO - new node validate loss: 1.8862
2025-10-08 10:21:55,411 - root - INFO - new node validate average_precision, 0.6782
2025-10-08 10:21:55,411 - root - INFO - new node validate roc_auc, 0.6831
2025-10-08 10:21:55,411 - root - INFO - test loss: 2.5948
2025-10-08 10:21:55,411 - root - INFO - test average_precision, 0.7057
2025-10-08 10:21:55,411 - root - INFO - test roc_auc, 0.7162
2025-10-08 10:21:55,412 - root - INFO - new node test loss: 2.2171
2025-10-08 10:21:55,412 - root - INFO - new node test average_precision, 0.6180
2025-10-08 10:21:55,412 - root - INFO - new node test roc_auc, 0.6359
2025-10-08 10:21:55,419 - root - INFO - ✅ Metrics saved to: ./saved_metrics/GraphMixer/wikipedia/GraphMixer_time2vec_seed1
2025-10-08 10:21:55,419 - root - INFO - Run 2 cost 3.23 seconds.
2025-10-08 10:21:55,424 - root - INFO - metrics over 2 runs:
2025-10-08 10:21:55,424 - root - INFO - validate average_precision, [np.float64(0.6277170697471935), np.float64(0.7599421981725268)]
2025-10-08 10:21:55,424 - root - INFO - average validate average_precision, 0.6938 ± 0.0935
2025-10-08 10:21:55,424 - root - INFO - validate roc_auc, [np.float64(0.6755632870766054), np.float64(0.7756331464368204)]
2025-10-08 10:21:55,424 - root - INFO - average validate roc_auc, 0.7256 ± 0.0708
2025-10-08 10:21:55,424 - root - INFO - new node validate average_precision, [np.float64(0.6345102887615041), np.float64(0.6782297242497695)]
2025-10-08 10:21:55,424 - root - INFO - average new node validate average_precision, 0.6564 ± 0.0309
2025-10-08 10:21:55,424 - root - INFO - new node validate roc_auc, [np.float64(0.6581423811983471), np.float64(0.6830943841827364)]
2025-10-08 10:21:55,424 - root - INFO - average new node validate roc_auc, 0.6706 ± 0.0176
2025-10-08 10:21:55,424 - root - INFO - test average_precision, [np.float64(0.6086803100943227), np.float64(0.7057136106311334)]
2025-10-08 10:21:55,424 - root - INFO - average test average_precision, 0.6572 ± 0.0686
2025-10-08 10:21:55,424 - root - INFO - test roc_auc, [np.float64(0.6539564775317197), np.float64(0.7161640886521575)]
2025-10-08 10:21:55,425 - root - INFO - average test roc_auc, 0.6851 ± 0.0440
2025-10-08 10:21:55,425 - root - INFO - new node test average_precision, [np.float64(0.6038534545630323), np.float64(0.6179630908453064)]
2025-10-08 10:21:55,425 - root - INFO - average new node test average_precision, 0.6109 ± 0.0100
2025-10-08 10:21:55,425 - root - INFO - new node test roc_auc, [np.float64(0.6436449844013886), np.float64(0.6358614204118971)]
2025-10-08 10:21:55,425 - root - INFO - average new node test roc_auc, 0.6398 ± 0.0055
