2025-10-07 19:16:39,054 - root - INFO - ********** Run 1 starts. **********
2025-10-07 19:16:39,055 - root - INFO - configuration is Namespace(dataset_name='mooc', batch_size=200, model_name='JODIE', gpu=0, num_neighbors=10, sample_neighbor_strategy='uniform', time_scaling_factor=1e-06, num_walk_heads=8, num_heads=2, num_layers=1, walk_length=1, time_gap=2000, time_feat_dim=100, position_feat_dim=172, time_window_mode='fixed_proportion', time_encoder_type='time2vec', expert_dim=128, num_mixtures=16, sort_neighbors_by_time=False, patch_size=1, channel_embedding_dim=50, max_input_sequence_length=32, learning_rate=0.0001, dropout=0.2, gamma=0.5, num_epochs=1000, optimizer='Adam', weight_decay=0.0, patience=20, val_ratio=0.15, test_ratio=0.15, num_runs=1, test_interval_epochs=100, negative_sample_strategy='random', max_interaction_times=10, load_best_configs=True, data_ratio=1.0, seed=0, save_model_name_suffix='', ablation_dir='', mamba_d_state=256, mamba_d_conv=4, mamba_expand=2, mamba_headdim=64, device='cuda:0', save_model_name='JODIE_time2vec_seed0')
2025-10-07 19:16:39,059 - root - INFO - Metrics will be saved to: ./saved_metrics/JODIE/mooc/JODIE_time2vec_seed0
2025-10-07 19:16:39,061 - root - INFO - time encoder type: time2vec
2025-10-07 19:16:39,061 - root - INFO - Time encoder will be injected into JODIE model
2025-10-07 19:16:39,580 - root - INFO - model -> Sequential(
  (0): MemoryModel(
    (time_encoder): TimeEncoder(
      (w): Linear(in_features=1, out_features=100, bias=True)
    )
    (message_aggregator): MessageAggregator()
    (memory_bank): MemoryBank(num_nodes=7145, memory_dim=172)
    (memory_updater): RNNMemoryUpdater(
      (memory_bank): MemoryBank(num_nodes=7145, memory_dim=172)
      (memory_updater): RNNCell(616, 172)
    )
    (embedding_module): TimeProjectionEmbedding(
      (dropout): Dropout(p=0.2, inplace=False)
      (linear_layer): Linear(in_features=1, out_features=172, bias=True)
    )
  )
  (1): MergeLayer(
    (fc1): Linear(in_features=344, out_features=172, bias=True)
    (fc2): Linear(in_features=172, out_features=1, bias=True)
    (act): ReLU()
  )
)
2025-10-07 19:16:39,580 - root - INFO - model name: JODIE, #parameters: 783748 B, 765.37890625 KB, 0.7474403381347656 MB.
2025-10-07 19:17:33,790 - root - INFO - Epoch: 1, learning rate: 0.0001, train loss: 0.4322
2025-10-07 19:17:33,791 - root - INFO - train average_precision, 0.7963
2025-10-07 19:17:33,791 - root - INFO - train roc_auc, 0.8524
2025-10-07 19:17:33,791 - root - INFO - validate loss: 0.7090
2025-10-07 19:17:33,791 - root - INFO - validate average_precision, 0.6101
2025-10-07 19:17:33,791 - root - INFO - validate roc_auc, 0.6568
2025-10-07 19:17:33,791 - root - INFO - new node validate loss: 0.7635
2025-10-07 19:17:33,791 - root - INFO - new node validate average_precision, 0.5983
2025-10-07 19:17:33,791 - root - INFO - new node validate roc_auc, 0.6215
2025-10-07 19:17:33,802 - root - INFO - save model ./saved_models/JODIE/mooc/JODIE_time2vec_seed0/JODIE_time2vec_seed0.pkl
2025-10-07 19:18:29,203 - root - INFO - Epoch: 2, learning rate: 0.0001, train loss: 0.3853
2025-10-07 19:18:29,203 - root - INFO - train average_precision, 0.8409
2025-10-07 19:18:29,204 - root - INFO - train roc_auc, 0.8878
2025-10-07 19:18:29,204 - root - INFO - validate loss: 0.5836
2025-10-07 19:18:29,204 - root - INFO - validate average_precision, 0.7271
2025-10-07 19:18:29,204 - root - INFO - validate roc_auc, 0.7696
2025-10-07 19:18:29,204 - root - INFO - new node validate loss: 0.7131
2025-10-07 19:18:29,204 - root - INFO - new node validate average_precision, 0.6194
2025-10-07 19:18:29,204 - root - INFO - new node validate roc_auc, 0.6437
2025-10-07 19:18:29,211 - root - INFO - save model ./saved_models/JODIE/mooc/JODIE_time2vec_seed0/JODIE_time2vec_seed0.pkl
2025-10-07 19:19:24,906 - root - INFO - Epoch: 3, learning rate: 0.0001, train loss: 0.3826
2025-10-07 19:19:24,907 - root - INFO - train average_precision, 0.8422
2025-10-07 19:19:24,907 - root - INFO - train roc_auc, 0.8867
2025-10-07 19:19:24,907 - root - INFO - validate loss: 0.5372
2025-10-07 19:19:24,907 - root - INFO - validate average_precision, 0.7528
2025-10-07 19:19:24,908 - root - INFO - validate roc_auc, 0.8016
2025-10-07 19:19:24,908 - root - INFO - new node validate loss: 0.6881
2025-10-07 19:19:24,908 - root - INFO - new node validate average_precision, 0.6507
2025-10-07 19:19:24,908 - root - INFO - new node validate roc_auc, 0.6824
2025-10-07 19:19:24,914 - root - INFO - save model ./saved_models/JODIE/mooc/JODIE_time2vec_seed0/JODIE_time2vec_seed0.pkl
2025-10-07 19:20:20,863 - root - INFO - Epoch: 4, learning rate: 0.0001, train loss: 0.3634
2025-10-07 19:20:20,864 - root - INFO - train average_precision, 0.8575
2025-10-07 19:20:20,864 - root - INFO - train roc_auc, 0.8990
2025-10-07 19:20:20,864 - root - INFO - validate loss: 0.4944
2025-10-07 19:20:20,864 - root - INFO - validate average_precision, 0.7895
2025-10-07 19:20:20,864 - root - INFO - validate roc_auc, 0.8289
2025-10-07 19:20:20,864 - root - INFO - new node validate loss: 0.6158
2025-10-07 19:20:20,864 - root - INFO - new node validate average_precision, 0.7053
2025-10-07 19:20:20,864 - root - INFO - new node validate roc_auc, 0.7425
2025-10-07 19:20:20,870 - root - INFO - save model ./saved_models/JODIE/mooc/JODIE_time2vec_seed0/JODIE_time2vec_seed0.pkl
2025-10-07 19:21:17,015 - root - INFO - Epoch: 5, learning rate: 0.0001, train loss: 0.3460
2025-10-07 19:21:17,015 - root - INFO - train average_precision, 0.8684
2025-10-07 19:21:17,015 - root - INFO - train roc_auc, 0.9082
2025-10-07 19:21:17,015 - root - INFO - validate loss: 0.4978
2025-10-07 19:21:17,015 - root - INFO - validate average_precision, 0.7760
2025-10-07 19:21:17,015 - root - INFO - validate roc_auc, 0.8283
2025-10-07 19:21:17,015 - root - INFO - new node validate loss: 0.6475
2025-10-07 19:21:17,015 - root - INFO - new node validate average_precision, 0.6965
2025-10-07 19:21:17,016 - root - INFO - new node validate roc_auc, 0.7279
2025-10-07 19:22:10,939 - root - INFO - Epoch: 6, learning rate: 0.0001, train loss: 0.3389
2025-10-07 19:22:10,940 - root - INFO - train average_precision, 0.8724
2025-10-07 19:22:10,940 - root - INFO - train roc_auc, 0.9113
2025-10-07 19:22:10,940 - root - INFO - validate loss: 0.5875
2025-10-07 19:22:10,940 - root - INFO - validate average_precision, 0.7354
2025-10-07 19:22:10,940 - root - INFO - validate roc_auc, 0.7767
2025-10-07 19:22:10,940 - root - INFO - new node validate loss: 0.7280
2025-10-07 19:22:10,940 - root - INFO - new node validate average_precision, 0.6537
2025-10-07 19:22:10,940 - root - INFO - new node validate roc_auc, 0.6744
2025-10-07 19:23:04,734 - root - INFO - Epoch: 7, learning rate: 0.0001, train loss: 0.3353
2025-10-07 19:23:04,735 - root - INFO - train average_precision, 0.8761
2025-10-07 19:23:04,735 - root - INFO - train roc_auc, 0.9131
2025-10-07 19:23:04,735 - root - INFO - validate loss: 0.5731
2025-10-07 19:23:04,735 - root - INFO - validate average_precision, 0.7429
2025-10-07 19:23:04,735 - root - INFO - validate roc_auc, 0.7866
2025-10-07 19:23:04,735 - root - INFO - new node validate loss: 0.6937
2025-10-07 19:23:04,735 - root - INFO - new node validate average_precision, 0.6757
2025-10-07 19:23:04,735 - root - INFO - new node validate roc_auc, 0.6961
2025-10-07 19:23:58,535 - root - INFO - Epoch: 8, learning rate: 0.0001, train loss: 0.3326
2025-10-07 19:23:58,535 - root - INFO - train average_precision, 0.8768
2025-10-07 19:23:58,536 - root - INFO - train roc_auc, 0.9142
2025-10-07 19:23:58,536 - root - INFO - validate loss: 0.5439
2025-10-07 19:23:58,536 - root - INFO - validate average_precision, 0.7584
2025-10-07 19:23:58,536 - root - INFO - validate roc_auc, 0.7953
2025-10-07 19:23:58,536 - root - INFO - new node validate loss: 0.6787
2025-10-07 19:23:58,536 - root - INFO - new node validate average_precision, 0.6832
2025-10-07 19:23:58,536 - root - INFO - new node validate roc_auc, 0.7105
2025-10-07 19:24:52,326 - root - INFO - Epoch: 9, learning rate: 0.0001, train loss: 0.3301
2025-10-07 19:24:52,327 - root - INFO - train average_precision, 0.8798
2025-10-07 19:24:52,327 - root - INFO - train roc_auc, 0.9159
2025-10-07 19:24:52,327 - root - INFO - validate loss: 0.5238
2025-10-07 19:24:52,327 - root - INFO - validate average_precision, 0.7762
2025-10-07 19:24:52,327 - root - INFO - validate roc_auc, 0.8160
2025-10-07 19:24:52,327 - root - INFO - new node validate loss: 0.6864
2025-10-07 19:24:52,327 - root - INFO - new node validate average_precision, 0.6851
2025-10-07 19:24:52,327 - root - INFO - new node validate roc_auc, 0.7092
2025-10-07 19:25:46,175 - root - INFO - Epoch: 10, learning rate: 0.0001, train loss: 0.3261
2025-10-07 19:25:46,175 - root - INFO - train average_precision, 0.8837
2025-10-07 19:25:46,175 - root - INFO - train roc_auc, 0.9180
2025-10-07 19:25:46,175 - root - INFO - validate loss: 0.4822
2025-10-07 19:25:46,176 - root - INFO - validate average_precision, 0.8109
2025-10-07 19:25:46,176 - root - INFO - validate roc_auc, 0.8440
2025-10-07 19:25:46,176 - root - INFO - new node validate loss: 0.6114
2025-10-07 19:25:46,176 - root - INFO - new node validate average_precision, 0.7346
2025-10-07 19:25:46,176 - root - INFO - new node validate roc_auc, 0.7592
2025-10-07 19:25:46,181 - root - INFO - save model ./saved_models/JODIE/mooc/JODIE_time2vec_seed0/JODIE_time2vec_seed0.pkl
2025-10-07 19:26:42,045 - root - INFO - Epoch: 11, learning rate: 0.0001, train loss: 0.3246
2025-10-07 19:26:42,045 - root - INFO - train average_precision, 0.8844
2025-10-07 19:26:42,046 - root - INFO - train roc_auc, 0.9189
2025-10-07 19:26:42,046 - root - INFO - validate loss: 0.4724
2025-10-07 19:26:42,046 - root - INFO - validate average_precision, 0.8149
2025-10-07 19:26:42,046 - root - INFO - validate roc_auc, 0.8504
2025-10-07 19:26:42,046 - root - INFO - new node validate loss: 0.6317
2025-10-07 19:26:42,046 - root - INFO - new node validate average_precision, 0.7147
2025-10-07 19:26:42,046 - root - INFO - new node validate roc_auc, 0.7443
2025-10-07 19:26:42,052 - root - INFO - save model ./saved_models/JODIE/mooc/JODIE_time2vec_seed0/JODIE_time2vec_seed0.pkl
2025-10-07 19:27:37,930 - root - INFO - Epoch: 12, learning rate: 0.0001, train loss: 0.3213
2025-10-07 19:27:37,930 - root - INFO - train average_precision, 0.8862
2025-10-07 19:27:37,930 - root - INFO - train roc_auc, 0.9201
2025-10-07 19:27:37,930 - root - INFO - validate loss: 0.4707
2025-10-07 19:27:37,930 - root - INFO - validate average_precision, 0.8159
2025-10-07 19:27:37,930 - root - INFO - validate roc_auc, 0.8510
2025-10-07 19:27:37,930 - root - INFO - new node validate loss: 0.6759
2025-10-07 19:27:37,931 - root - INFO - new node validate average_precision, 0.6829
2025-10-07 19:27:37,931 - root - INFO - new node validate roc_auc, 0.7141
2025-10-07 19:27:37,937 - root - INFO - save model ./saved_models/JODIE/mooc/JODIE_time2vec_seed0/JODIE_time2vec_seed0.pkl
2025-10-07 19:28:34,124 - root - INFO - Epoch: 13, learning rate: 0.0001, train loss: 0.3201
2025-10-07 19:28:34,124 - root - INFO - train average_precision, 0.8887
2025-10-07 19:28:34,125 - root - INFO - train roc_auc, 0.9211
2025-10-07 19:28:34,125 - root - INFO - validate loss: 0.4847
2025-10-07 19:28:34,125 - root - INFO - validate average_precision, 0.8032
2025-10-07 19:28:34,125 - root - INFO - validate roc_auc, 0.8440
2025-10-07 19:28:34,125 - root - INFO - new node validate loss: 0.6720
2025-10-07 19:28:34,125 - root - INFO - new node validate average_precision, 0.6864
2025-10-07 19:28:34,125 - root - INFO - new node validate roc_auc, 0.7159
2025-10-07 19:29:28,189 - root - INFO - Epoch: 14, learning rate: 0.0001, train loss: 0.3214
2025-10-07 19:29:28,189 - root - INFO - train average_precision, 0.8864
2025-10-07 19:29:28,189 - root - INFO - train roc_auc, 0.9201
2025-10-07 19:29:28,189 - root - INFO - validate loss: 0.5326
2025-10-07 19:29:28,189 - root - INFO - validate average_precision, 0.7753
2025-10-07 19:29:28,189 - root - INFO - validate roc_auc, 0.8082
2025-10-07 19:29:28,189 - root - INFO - new node validate loss: 0.7405
2025-10-07 19:29:28,190 - root - INFO - new node validate average_precision, 0.6476
2025-10-07 19:29:28,190 - root - INFO - new node validate roc_auc, 0.6695
