2025-10-07 02:24:32,387 - root - INFO - ********** Run 1 starts. **********
2025-10-07 02:24:32,387 - root - INFO - configuration is Namespace(dataset_name='lastfm', batch_size=200, model_name='TGAT', gpu=0, num_neighbors=20, sample_neighbor_strategy='recent', time_scaling_factor=1e-06, num_walk_heads=8, num_heads=2, num_layers=2, walk_length=1, time_gap=2000, time_feat_dim=100, position_feat_dim=172, time_window_mode='fixed_proportion', time_encoder_type='mercer', expert_dim=128, num_mixtures=16, sort_neighbors_by_time=False, patch_size=1, channel_embedding_dim=50, max_input_sequence_length=32, learning_rate=0.0001, dropout=0.1, gamma=0.5, num_epochs=1000, optimizer='Adam', weight_decay=0.0, patience=20, val_ratio=0.15, test_ratio=0.15, num_runs=1, test_interval_epochs=100, negative_sample_strategy='random', max_interaction_times=10, load_best_configs=True, data_ratio=1.0, seed=0, save_model_name_suffix='', ablation_dir='', mamba_d_state=256, mamba_d_conv=4, mamba_expand=2, mamba_headdim=64, device='cuda:0', save_model_name='TGAT_mercer_seed0')
2025-10-07 02:24:32,390 - root - INFO - Metrics will be saved to: ./saved_metrics/TGAT/lastfm/TGAT_mercer_seed0
2025-10-07 02:24:32,392 - root - INFO - time encoder type: mercer
2025-10-07 02:24:32,392 - root - INFO - Time encoder will be injected into TGAT model
2025-10-07 02:24:32,985 - root - INFO - model -> Sequential(
  (0): TGAT(
    (time_encoder): TimeEncoderWrapper(
      (encoder): MercerTimeEncoder()
    )
    (temporal_conv_layers): ModuleList(
      (0-1): 2 x MultiHeadAttention(
        (query_projection): Linear(in_features=272, out_features=272, bias=False)
        (key_projection): Linear(in_features=444, out_features=272, bias=False)
        (value_projection): Linear(in_features=444, out_features=272, bias=False)
        (layer_norm): LayerNorm((272,), eps=1e-05, elementwise_affine=True)
        (residual_fc): Linear(in_features=272, out_features=272, bias=True)
        (dropout): Dropout(p=0.1, inplace=False)
      )
    )
    (merge_layers): ModuleList(
      (0-1): 2 x MergeLayer(
        (fc1): Linear(in_features=444, out_features=172, bias=True)
        (fc2): Linear(in_features=172, out_features=172, bias=True)
        (act): ReLU()
      )
    )
  )
  (1): MergeLayer(
    (fc1): Linear(in_features=344, out_features=172, bias=True)
    (fc2): Linear(in_features=172, out_features=1, bias=True)
    (act): ReLU()
  )
)
2025-10-07 02:24:32,986 - root - INFO - model name: TGAT, #parameters: 4218180 B, 4119.31640625 KB, 4.022769927978516 MB.
2025-10-07 02:42:32,251 - root - INFO - Epoch: 1, learning rate: 0.0001, train loss: 0.5440
2025-10-07 02:42:32,252 - root - INFO - train average_precision, 0.7724
2025-10-07 02:42:32,252 - root - INFO - train roc_auc, 0.7734
2025-10-07 02:42:32,253 - root - INFO - validate loss: 0.5728
2025-10-07 02:42:32,253 - root - INFO - validate average_precision, 0.7570
2025-10-07 02:42:32,253 - root - INFO - validate roc_auc, 0.7498
2025-10-07 02:42:32,253 - root - INFO - new node validate loss: 0.5387
2025-10-07 02:42:32,253 - root - INFO - new node validate average_precision, 0.7958
2025-10-07 02:42:32,253 - root - INFO - new node validate roc_auc, 0.7843
2025-10-07 02:42:32,264 - root - INFO - save model ./saved_models/TGAT/lastfm/TGAT_mercer_seed0/TGAT_mercer_seed0.pkl
2025-10-07 03:00:32,246 - root - INFO - Epoch: 2, learning rate: 0.0001, train loss: 0.5288
2025-10-07 03:00:32,247 - root - INFO - train average_precision, 0.7882
2025-10-07 03:00:32,247 - root - INFO - train roc_auc, 0.7876
2025-10-07 03:00:32,248 - root - INFO - validate loss: 0.5630
2025-10-07 03:00:32,248 - root - INFO - validate average_precision, 0.7682
2025-10-07 03:00:32,248 - root - INFO - validate roc_auc, 0.7589
2025-10-07 03:00:32,248 - root - INFO - new node validate loss: 0.5266
2025-10-07 03:00:32,248 - root - INFO - new node validate average_precision, 0.8069
2025-10-07 03:00:32,248 - root - INFO - new node validate roc_auc, 0.7937
2025-10-07 03:00:32,259 - root - INFO - save model ./saved_models/TGAT/lastfm/TGAT_mercer_seed0/TGAT_mercer_seed0.pkl
