2025-10-02 15:23:14,110 - root - INFO - ********** Run 2 starts. **********
2025-10-02 15:23:14,110 - root - INFO - configuration is Namespace(dataset_name='lastfm', batch_size=200, model_name='JODIE', gpu=0, num_neighbors=10, sample_neighbor_strategy='uniform', time_scaling_factor=1e-06, num_walk_heads=8, num_heads=2, num_layers=1, walk_length=1, time_gap=2000, time_feat_dim=128, position_feat_dim=172, time_window_mode='fixed_proportion', time_encoder_type='bochner', expert_dim=64, num_mixtures=4, patch_size=1, channel_embedding_dim=50, max_input_sequence_length=32, learning_rate=0.0001, dropout=0.3, gamma=0.5, num_epochs=100, optimizer='Adam', weight_decay=0.0, patience=20, val_ratio=0.15, test_ratio=0.15, num_runs=5, test_interval_epochs=1, negative_sample_strategy='random', max_interaction_times=10, load_best_configs=True, device='cuda:0', seed=1, save_model_name='JODIE_bochner_seed1')
2025-10-02 15:23:14,111 - root - INFO - time encoder type: bochner
2025-10-02 15:23:15,236 - root - INFO - model -> Sequential(
  (0): MemoryModel(
    (time_encoder): TimeEncoder(
      (w): Linear(in_features=1, out_features=128, bias=True)
    )
    (message_aggregator): MessageAggregator()
    (memory_bank): MemoryBank(num_nodes=1981, memory_dim=172)
    (memory_updater): RNNMemoryUpdater(
      (memory_bank): MemoryBank(num_nodes=1981, memory_dim=172)
      (memory_updater): RNNCell(644, 172)
    )
    (embedding_module): TimeProjectionEmbedding(
      (dropout): Dropout(p=0.3, inplace=False)
      (linear_layer): Linear(in_features=1, out_features=172, bias=True)
    )
  )
  (1): MergeLayer(
    (fc1): Linear(in_features=344, out_features=172, bias=True)
    (fc2): Linear(in_features=172, out_features=1, bias=True)
    (act): ReLU()
  )
)
2025-10-02 15:23:15,236 - root - INFO - model name: JODIE, #parameters: 803236 B, 784.41015625 KB, 0.7660255432128906 MB.
2025-10-02 15:24:35,391 - root - INFO - Epoch: 1, learning rate: 0.0001, train loss: 0.6075
2025-10-02 15:24:35,392 - root - INFO - train average_precision, 0.7003
2025-10-02 15:24:35,393 - root - INFO - train roc_auc, 0.7090
2025-10-02 15:24:35,393 - root - INFO - validate loss: 0.6805
2025-10-02 15:24:35,393 - root - INFO - validate average_precision, 0.6663
2025-10-02 15:24:35,393 - root - INFO - validate roc_auc, 0.6624
2025-10-02 15:24:35,393 - root - INFO - new node validate loss: 0.5816
2025-10-02 15:24:35,393 - root - INFO - new node validate average_precision, 0.8039
2025-10-02 15:24:35,393 - root - INFO - new node validate roc_auc, 0.7969
2025-10-02 15:24:51,651 - root - INFO - test loss: 0.6870
2025-10-02 15:24:51,652 - root - INFO - test average_precision, 0.7029
2025-10-02 15:24:51,652 - root - INFO - best test average_precision: 0.7029
2025-10-02 15:24:51,652 - root - INFO - test roc_auc, 0.6988
2025-10-02 15:24:51,652 - root - INFO - new node test loss: 0.5685
2025-10-02 15:24:51,652 - root - INFO - new node test average_precision, 0.8219
2025-10-02 15:24:51,653 - root - INFO - new node test roc_auc, 0.8174
2025-10-02 15:24:51,653 - root - INFO - save model ./saved_models/JODIE/lastfm/JODIE_bochner_seed1/JODIE_bochner_seed1.pkl
2025-10-02 15:26:11,342 - root - INFO - Epoch: 2, learning rate: 0.0001, train loss: 0.5852
2025-10-02 15:26:11,343 - root - INFO - train average_precision, 0.7342
2025-10-02 15:26:11,343 - root - INFO - train roc_auc, 0.7369
2025-10-02 15:26:11,343 - root - INFO - validate loss: 1.5560
2025-10-02 15:26:11,344 - root - INFO - validate average_precision, 0.6466
2025-10-02 15:26:11,344 - root - INFO - validate roc_auc, 0.6442
2025-10-02 15:26:11,344 - root - INFO - new node validate loss: 0.6727
2025-10-02 15:26:11,344 - root - INFO - new node validate average_precision, 0.8024
2025-10-02 15:26:11,344 - root - INFO - new node validate roc_auc, 0.7905
2025-10-02 15:26:27,472 - root - INFO - test loss: 1.8533
2025-10-02 15:26:27,472 - root - INFO - test average_precision, 0.6771
2025-10-02 15:26:27,472 - root - INFO - best test average_precision: 0.7029
2025-10-02 15:26:27,473 - root - INFO - test roc_auc, 0.6775
2025-10-02 15:26:27,473 - root - INFO - new node test loss: 1.3876
2025-10-02 15:26:27,473 - root - INFO - new node test average_precision, 0.7965
2025-10-02 15:26:27,473 - root - INFO - new node test roc_auc, 0.7902
2025-10-02 15:27:47,286 - root - INFO - Epoch: 3, learning rate: 0.0001, train loss: 0.5701
2025-10-02 15:27:47,287 - root - INFO - train average_precision, 0.7538
2025-10-02 15:27:47,288 - root - INFO - train roc_auc, 0.7566
2025-10-02 15:27:47,288 - root - INFO - validate loss: 1.0722
2025-10-02 15:27:47,288 - root - INFO - validate average_precision, 0.6602
2025-10-02 15:27:47,288 - root - INFO - validate roc_auc, 0.6528
2025-10-02 15:27:47,288 - root - INFO - new node validate loss: 0.5906
2025-10-02 15:27:47,288 - root - INFO - new node validate average_precision, 0.8186
2025-10-02 15:27:47,288 - root - INFO - new node validate roc_auc, 0.8092
2025-10-02 15:28:03,551 - root - INFO - test loss: 1.1473
2025-10-02 15:28:03,552 - root - INFO - test average_precision, 0.7118
2025-10-02 15:28:03,552 - root - INFO - best test average_precision: 0.7118
2025-10-02 15:28:03,552 - root - INFO - test roc_auc, 0.7035
2025-10-02 15:28:03,552 - root - INFO - new node test loss: 0.9035
2025-10-02 15:28:03,552 - root - INFO - new node test average_precision, 0.8182
2025-10-02 15:28:03,552 - root - INFO - new node test roc_auc, 0.8060
2025-10-02 15:29:22,923 - root - INFO - Epoch: 4, learning rate: 0.0001, train loss: 0.5536
2025-10-02 15:29:22,924 - root - INFO - train average_precision, 0.7716
2025-10-02 15:29:22,925 - root - INFO - train roc_auc, 0.7751
2025-10-02 15:29:22,925 - root - INFO - validate loss: 1.3884
2025-10-02 15:29:22,925 - root - INFO - validate average_precision, 0.6513
2025-10-02 15:29:22,925 - root - INFO - validate roc_auc, 0.6517
2025-10-02 15:29:22,925 - root - INFO - new node validate loss: 0.7410
2025-10-02 15:29:22,925 - root - INFO - new node validate average_precision, 0.7944
2025-10-02 15:29:22,925 - root - INFO - new node validate roc_auc, 0.7810
2025-10-02 15:29:39,076 - root - INFO - test loss: 1.5530
2025-10-02 15:29:39,076 - root - INFO - test average_precision, 0.6805
2025-10-02 15:29:39,077 - root - INFO - best test average_precision: 0.7118
2025-10-02 15:29:39,077 - root - INFO - test roc_auc, 0.6832
2025-10-02 15:29:39,077 - root - INFO - new node test loss: 1.0609
2025-10-02 15:29:39,077 - root - INFO - new node test average_precision, 0.8098
2025-10-02 15:29:39,077 - root - INFO - new node test roc_auc, 0.8046
2025-10-02 15:30:58,399 - root - INFO - Epoch: 5, learning rate: 0.0001, train loss: 0.5477
2025-10-02 15:30:58,400 - root - INFO - train average_precision, 0.7781
2025-10-02 15:30:58,400 - root - INFO - train roc_auc, 0.7811
2025-10-02 15:30:58,400 - root - INFO - validate loss: 1.2622
2025-10-02 15:30:58,400 - root - INFO - validate average_precision, 0.6718
2025-10-02 15:30:58,401 - root - INFO - validate roc_auc, 0.6674
2025-10-02 15:30:58,401 - root - INFO - new node validate loss: 0.6704
2025-10-02 15:30:58,401 - root - INFO - new node validate average_precision, 0.7967
2025-10-02 15:30:58,401 - root - INFO - new node validate roc_auc, 0.7832
2025-10-02 15:31:14,863 - root - INFO - test loss: 1.5038
2025-10-02 15:31:14,864 - root - INFO - test average_precision, 0.6927
2025-10-02 15:31:14,864 - root - INFO - best test average_precision: 0.7118
2025-10-02 15:31:14,864 - root - INFO - test roc_auc, 0.6862
2025-10-02 15:31:14,864 - root - INFO - new node test loss: 1.0844
2025-10-02 15:31:14,864 - root - INFO - new node test average_precision, 0.8113
2025-10-02 15:31:14,864 - root - INFO - new node test roc_auc, 0.7991
2025-10-02 15:31:14,865 - root - INFO - save model ./saved_models/JODIE/lastfm/JODIE_bochner_seed1/JODIE_bochner_seed1.pkl
2025-10-02 15:32:34,686 - root - INFO - Epoch: 6, learning rate: 0.0001, train loss: 0.5529
2025-10-02 15:32:34,687 - root - INFO - train average_precision, 0.7737
2025-10-02 15:32:34,687 - root - INFO - train roc_auc, 0.7755
2025-10-02 15:32:34,687 - root - INFO - validate loss: 1.7154
2025-10-02 15:32:34,688 - root - INFO - validate average_precision, 0.6236
2025-10-02 15:32:34,688 - root - INFO - validate roc_auc, 0.6375
2025-10-02 15:32:34,688 - root - INFO - new node validate loss: 0.9102
2025-10-02 15:32:34,688 - root - INFO - new node validate average_precision, 0.7882
2025-10-02 15:32:34,688 - root - INFO - new node validate roc_auc, 0.7838
2025-10-02 15:32:50,938 - root - INFO - test loss: 1.8839
2025-10-02 15:32:50,938 - root - INFO - test average_precision, 0.6506
2025-10-02 15:32:50,939 - root - INFO - best test average_precision: 0.7118
2025-10-02 15:32:50,939 - root - INFO - test roc_auc, 0.6753
2025-10-02 15:32:50,939 - root - INFO - new node test loss: 1.5111
2025-10-02 15:32:50,939 - root - INFO - new node test average_precision, 0.7738
2025-10-02 15:32:50,939 - root - INFO - new node test roc_auc, 0.7854
2025-10-02 15:34:10,641 - root - INFO - Epoch: 7, learning rate: 0.0001, train loss: 0.5469
2025-10-02 15:34:10,642 - root - INFO - train average_precision, 0.7798
2025-10-02 15:34:10,642 - root - INFO - train roc_auc, 0.7820
2025-10-02 15:34:10,643 - root - INFO - validate loss: 1.0851
2025-10-02 15:34:10,643 - root - INFO - validate average_precision, 0.6766
2025-10-02 15:34:10,643 - root - INFO - validate roc_auc, 0.6719
2025-10-02 15:34:10,643 - root - INFO - new node validate loss: 0.5583
2025-10-02 15:34:10,643 - root - INFO - new node validate average_precision, 0.8135
2025-10-02 15:34:10,643 - root - INFO - new node validate roc_auc, 0.8098
2025-10-02 15:34:26,545 - root - INFO - test loss: 1.6465
2025-10-02 15:34:26,546 - root - INFO - test average_precision, 0.6762
2025-10-02 15:34:26,546 - root - INFO - best test average_precision: 0.7118
2025-10-02 15:34:26,546 - root - INFO - test roc_auc, 0.6824
2025-10-02 15:34:26,546 - root - INFO - new node test loss: 1.0361
2025-10-02 15:34:26,546 - root - INFO - new node test average_precision, 0.8126
2025-10-02 15:34:26,546 - root - INFO - new node test roc_auc, 0.8045
2025-10-02 15:34:26,546 - root - INFO - save model ./saved_models/JODIE/lastfm/JODIE_bochner_seed1/JODIE_bochner_seed1.pkl
2025-10-02 15:35:46,282 - root - INFO - Epoch: 8, learning rate: 0.0001, train loss: 0.5397
2025-10-02 15:35:46,283 - root - INFO - train average_precision, 0.7895
2025-10-02 15:35:46,283 - root - INFO - train roc_auc, 0.7907
2025-10-02 15:35:46,283 - root - INFO - validate loss: 1.4464
2025-10-02 15:35:46,283 - root - INFO - validate average_precision, 0.6526
2025-10-02 15:35:46,283 - root - INFO - validate roc_auc, 0.6625
2025-10-02 15:35:46,284 - root - INFO - new node validate loss: 0.8761
2025-10-02 15:35:46,284 - root - INFO - new node validate average_precision, 0.7963
2025-10-02 15:35:46,284 - root - INFO - new node validate roc_auc, 0.7932
2025-10-02 15:36:02,454 - root - INFO - test loss: 1.7100
2025-10-02 15:36:02,455 - root - INFO - test average_precision, 0.6621
2025-10-02 15:36:02,455 - root - INFO - best test average_precision: 0.7118
2025-10-02 15:36:02,455 - root - INFO - test roc_auc, 0.6863
2025-10-02 15:36:02,455 - root - INFO - new node test loss: 1.1601
2025-10-02 15:36:02,455 - root - INFO - new node test average_precision, 0.8132
2025-10-02 15:36:02,455 - root - INFO - new node test roc_auc, 0.8095
2025-10-02 15:37:21,968 - root - INFO - Epoch: 9, learning rate: 0.0001, train loss: 0.5390
2025-10-02 15:37:21,969 - root - INFO - train average_precision, 0.7879
2025-10-02 15:37:21,970 - root - INFO - train roc_auc, 0.7899
2025-10-02 15:37:21,970 - root - INFO - validate loss: 1.4778
2025-10-02 15:37:21,970 - root - INFO - validate average_precision, 0.6685
2025-10-02 15:37:21,970 - root - INFO - validate roc_auc, 0.6696
2025-10-02 15:37:21,970 - root - INFO - new node validate loss: 0.9429
2025-10-02 15:37:21,970 - root - INFO - new node validate average_precision, 0.7902
2025-10-02 15:37:21,970 - root - INFO - new node validate roc_auc, 0.7785
2025-10-02 15:37:38,213 - root - INFO - test loss: 1.8727
2025-10-02 15:37:38,214 - root - INFO - test average_precision, 0.6754
2025-10-02 15:37:38,214 - root - INFO - best test average_precision: 0.7118
2025-10-02 15:37:38,214 - root - INFO - test roc_auc, 0.6828
2025-10-02 15:37:38,214 - root - INFO - new node test loss: 1.4443
2025-10-02 15:37:38,214 - root - INFO - new node test average_precision, 0.8003
2025-10-02 15:37:38,214 - root - INFO - new node test roc_auc, 0.7948
2025-10-02 15:38:57,813 - root - INFO - Epoch: 10, learning rate: 0.0001, train loss: 0.5422
2025-10-02 15:38:57,814 - root - INFO - train average_precision, 0.7858
2025-10-02 15:38:57,815 - root - INFO - train roc_auc, 0.7872
2025-10-02 15:38:57,815 - root - INFO - validate loss: 1.6345
2025-10-02 15:38:57,815 - root - INFO - validate average_precision, 0.6176
2025-10-02 15:38:57,815 - root - INFO - validate roc_auc, 0.6337
2025-10-02 15:38:57,815 - root - INFO - new node validate loss: 0.7071
2025-10-02 15:38:57,815 - root - INFO - new node validate average_precision, 0.8115
2025-10-02 15:38:57,815 - root - INFO - new node validate roc_auc, 0.8025
2025-10-02 15:39:14,017 - root - INFO - test loss: 1.9525
2025-10-02 15:39:14,017 - root - INFO - test average_precision, 0.6351
2025-10-02 15:39:14,017 - root - INFO - best test average_precision: 0.7118
2025-10-02 15:39:14,017 - root - INFO - test roc_auc, 0.6615
2025-10-02 15:39:14,017 - root - INFO - new node test loss: 1.4248
2025-10-02 15:39:14,017 - root - INFO - new node test average_precision, 0.7610
2025-10-02 15:39:14,017 - root - INFO - new node test roc_auc, 0.7782
2025-10-02 15:40:33,485 - root - INFO - Epoch: 11, learning rate: 0.0001, train loss: 0.5398
2025-10-02 15:40:33,486 - root - INFO - train average_precision, 0.7880
2025-10-02 15:40:33,487 - root - INFO - train roc_auc, 0.7899
2025-10-02 15:40:33,487 - root - INFO - validate loss: 0.9844
2025-10-02 15:40:33,487 - root - INFO - validate average_precision, 0.6837
2025-10-02 15:40:33,487 - root - INFO - validate roc_auc, 0.6781
2025-10-02 15:40:33,487 - root - INFO - new node validate loss: 0.8041
2025-10-02 15:40:33,487 - root - INFO - new node validate average_precision, 0.8044
2025-10-02 15:40:33,487 - root - INFO - new node validate roc_auc, 0.7962
2025-10-02 15:40:49,753 - root - INFO - test loss: 1.1994
2025-10-02 15:40:49,754 - root - INFO - test average_precision, 0.7083
2025-10-02 15:40:49,754 - root - INFO - best test average_precision: 0.7118
2025-10-02 15:40:49,754 - root - INFO - test roc_auc, 0.6994
2025-10-02 15:40:49,754 - root - INFO - new node test loss: 0.8005
2025-10-02 15:40:49,754 - root - INFO - new node test average_precision, 0.8187
2025-10-02 15:40:49,754 - root - INFO - new node test roc_auc, 0.8106
2025-10-02 15:40:49,755 - root - INFO - save model ./saved_models/JODIE/lastfm/JODIE_bochner_seed1/JODIE_bochner_seed1.pkl
2025-10-02 15:42:09,462 - root - INFO - Epoch: 12, learning rate: 0.0001, train loss: 0.5377
2025-10-02 15:42:09,463 - root - INFO - train average_precision, 0.7901
2025-10-02 15:42:09,464 - root - INFO - train roc_auc, 0.7915
2025-10-02 15:42:09,464 - root - INFO - validate loss: 0.9991
2025-10-02 15:42:09,464 - root - INFO - validate average_precision, 0.6050
2025-10-02 15:42:09,464 - root - INFO - validate roc_auc, 0.6037
2025-10-02 15:42:09,464 - root - INFO - new node validate loss: 0.6163
2025-10-02 15:42:09,464 - root - INFO - new node validate average_precision, 0.8143
2025-10-02 15:42:09,464 - root - INFO - new node validate roc_auc, 0.8009
2025-10-02 15:42:25,571 - root - INFO - test loss: 1.2179
2025-10-02 15:42:25,572 - root - INFO - test average_precision, 0.4235
2025-10-02 15:42:25,572 - root - INFO - best test average_precision: 0.7118
2025-10-02 15:42:25,572 - root - INFO - test roc_auc, 0.3825
2025-10-02 15:42:25,572 - root - INFO - new node test loss: 2.5586
2025-10-02 15:42:25,572 - root - INFO - new node test average_precision, 0.3751
2025-10-02 15:42:25,572 - root - INFO - new node test roc_auc, 0.2674
2025-10-02 15:43:44,948 - root - INFO - Epoch: 13, learning rate: 0.0001, train loss: 0.5359
2025-10-02 15:43:44,949 - root - INFO - train average_precision, 0.7912
2025-10-02 15:43:44,950 - root - INFO - train roc_auc, 0.7923
2025-10-02 15:43:44,950 - root - INFO - validate loss: 1.3993
2025-10-02 15:43:44,950 - root - INFO - validate average_precision, 0.6605
2025-10-02 15:43:44,950 - root - INFO - validate roc_auc, 0.6577
2025-10-02 15:43:44,950 - root - INFO - new node validate loss: 0.6473
2025-10-02 15:43:44,950 - root - INFO - new node validate average_precision, 0.8204
2025-10-02 15:43:44,950 - root - INFO - new node validate roc_auc, 0.8125
2025-10-02 15:44:01,076 - root - INFO - test loss: 1.6905
2025-10-02 15:44:01,076 - root - INFO - test average_precision, 0.6783
2025-10-02 15:44:01,077 - root - INFO - best test average_precision: 0.7118
2025-10-02 15:44:01,077 - root - INFO - test roc_auc, 0.6793
2025-10-02 15:44:01,077 - root - INFO - new node test loss: 1.0789
2025-10-02 15:44:01,077 - root - INFO - new node test average_precision, 0.8130
2025-10-02 15:44:01,077 - root - INFO - new node test roc_auc, 0.8012
2025-10-02 15:45:20,685 - root - INFO - Epoch: 14, learning rate: 0.0001, train loss: 0.5411
2025-10-02 15:45:20,686 - root - INFO - train average_precision, 0.7868
2025-10-02 15:45:20,687 - root - INFO - train roc_auc, 0.7881
2025-10-02 15:45:20,687 - root - INFO - validate loss: 1.0924
2025-10-02 15:45:20,687 - root - INFO - validate average_precision, 0.6674
2025-10-02 15:45:20,687 - root - INFO - validate roc_auc, 0.6608
2025-10-02 15:45:20,687 - root - INFO - new node validate loss: 0.6653
2025-10-02 15:45:20,687 - root - INFO - new node validate average_precision, 0.7990
2025-10-02 15:45:20,688 - root - INFO - new node validate roc_auc, 0.7933
2025-10-02 15:45:36,567 - root - INFO - test loss: 1.4012
2025-10-02 15:45:36,567 - root - INFO - test average_precision, 0.6845
2025-10-02 15:45:36,567 - root - INFO - best test average_precision: 0.7118
2025-10-02 15:45:36,567 - root - INFO - test roc_auc, 0.6804
2025-10-02 15:45:36,568 - root - INFO - new node test loss: 0.9083
2025-10-02 15:45:36,568 - root - INFO - new node test average_precision, 0.8041
2025-10-02 15:45:36,568 - root - INFO - new node test roc_auc, 0.7957
2025-10-02 15:46:56,315 - root - INFO - Epoch: 15, learning rate: 0.0001, train loss: 0.5356
2025-10-02 15:46:56,316 - root - INFO - train average_precision, 0.7919
2025-10-02 15:46:56,317 - root - INFO - train roc_auc, 0.7932
2025-10-02 15:46:56,317 - root - INFO - validate loss: 1.7795
2025-10-02 15:46:56,317 - root - INFO - validate average_precision, 0.6569
2025-10-02 15:46:56,317 - root - INFO - validate roc_auc, 0.6547
2025-10-02 15:46:56,317 - root - INFO - new node validate loss: 0.6514
2025-10-02 15:46:56,317 - root - INFO - new node validate average_precision, 0.8163
2025-10-02 15:46:56,317 - root - INFO - new node validate roc_auc, 0.8069
2025-10-02 15:47:12,520 - root - INFO - test loss: 1.9749
2025-10-02 15:47:12,521 - root - INFO - test average_precision, 0.6831
2025-10-02 15:47:12,521 - root - INFO - best test average_precision: 0.7118
2025-10-02 15:47:12,521 - root - INFO - test roc_auc, 0.6923
2025-10-02 15:47:12,521 - root - INFO - new node test loss: 1.3875
2025-10-02 15:47:12,521 - root - INFO - new node test average_precision, 0.8186
2025-10-02 15:47:12,521 - root - INFO - new node test roc_auc, 0.8055
2025-10-02 15:48:31,972 - root - INFO - Epoch: 16, learning rate: 0.0001, train loss: 0.5340
2025-10-02 15:48:31,973 - root - INFO - train average_precision, 0.7932
2025-10-02 15:48:31,974 - root - INFO - train roc_auc, 0.7949
2025-10-02 15:48:31,974 - root - INFO - validate loss: 1.4215
2025-10-02 15:48:31,974 - root - INFO - validate average_precision, 0.6615
2025-10-02 15:48:31,974 - root - INFO - validate roc_auc, 0.6619
2025-10-02 15:48:31,974 - root - INFO - new node validate loss: 0.7517
2025-10-02 15:48:31,974 - root - INFO - new node validate average_precision, 0.8123
2025-10-02 15:48:31,974 - root - INFO - new node validate roc_auc, 0.7999
2025-10-02 15:48:48,115 - root - INFO - test loss: 1.5237
2025-10-02 15:48:48,116 - root - INFO - test average_precision, 0.6862
2025-10-02 15:48:48,116 - root - INFO - best test average_precision: 0.7118
2025-10-02 15:48:48,116 - root - INFO - test roc_auc, 0.6987
2025-10-02 15:48:48,116 - root - INFO - new node test loss: 1.1107
2025-10-02 15:48:48,116 - root - INFO - new node test average_precision, 0.8051
2025-10-02 15:48:48,116 - root - INFO - new node test roc_auc, 0.7994
2025-10-02 15:50:07,737 - root - INFO - Epoch: 17, learning rate: 0.0001, train loss: 0.5404
2025-10-02 15:50:07,738 - root - INFO - train average_precision, 0.7870
2025-10-02 15:50:07,738 - root - INFO - train roc_auc, 0.7882
2025-10-02 15:50:07,738 - root - INFO - validate loss: 1.7831
2025-10-02 15:50:07,739 - root - INFO - validate average_precision, 0.6535
2025-10-02 15:50:07,739 - root - INFO - validate roc_auc, 0.6490
2025-10-02 15:50:07,739 - root - INFO - new node validate loss: 0.5821
2025-10-02 15:50:07,739 - root - INFO - new node validate average_precision, 0.8245
2025-10-02 15:50:07,739 - root - INFO - new node validate roc_auc, 0.8134
2025-10-02 15:50:23,670 - root - INFO - test loss: 2.0196
2025-10-02 15:50:23,670 - root - INFO - test average_precision, 0.6981
2025-10-02 15:50:23,670 - root - INFO - best test average_precision: 0.7118
2025-10-02 15:50:23,671 - root - INFO - test roc_auc, 0.6894
2025-10-02 15:50:23,671 - root - INFO - new node test loss: 1.1873
2025-10-02 15:50:23,671 - root - INFO - new node test average_precision, 0.8193
2025-10-02 15:50:23,671 - root - INFO - new node test roc_auc, 0.8052
2025-10-02 15:51:43,191 - root - INFO - Epoch: 18, learning rate: 0.0001, train loss: 0.5334
2025-10-02 15:51:43,192 - root - INFO - train average_precision, 0.7949
2025-10-02 15:51:43,193 - root - INFO - train roc_auc, 0.7956
2025-10-02 15:51:43,193 - root - INFO - validate loss: 1.2390
2025-10-02 15:51:43,193 - root - INFO - validate average_precision, 0.6511
2025-10-02 15:51:43,193 - root - INFO - validate roc_auc, 0.6449
2025-10-02 15:51:43,193 - root - INFO - new node validate loss: 0.5434
2025-10-02 15:51:43,193 - root - INFO - new node validate average_precision, 0.8317
2025-10-02 15:51:43,193 - root - INFO - new node validate roc_auc, 0.8262
2025-10-02 15:51:59,425 - root - INFO - test loss: 1.1001
2025-10-02 15:51:59,425 - root - INFO - test average_precision, 0.6822
2025-10-02 15:51:59,425 - root - INFO - best test average_precision: 0.7118
2025-10-02 15:51:59,426 - root - INFO - test roc_auc, 0.6658
2025-10-02 15:51:59,426 - root - INFO - new node test loss: 0.6087
2025-10-02 15:51:59,426 - root - INFO - new node test average_precision, 0.8441
2025-10-02 15:51:59,426 - root - INFO - new node test roc_auc, 0.8377
2025-10-02 15:53:18,686 - root - INFO - Epoch: 19, learning rate: 0.0001, train loss: 0.5358
2025-10-02 15:53:18,687 - root - INFO - train average_precision, 0.7923
2025-10-02 15:53:18,688 - root - INFO - train roc_auc, 0.7922
2025-10-02 15:53:18,688 - root - INFO - validate loss: 1.0853
2025-10-02 15:53:18,688 - root - INFO - validate average_precision, 0.6786
2025-10-02 15:53:18,688 - root - INFO - validate roc_auc, 0.6713
2025-10-02 15:53:18,688 - root - INFO - new node validate loss: 0.6381
2025-10-02 15:53:18,688 - root - INFO - new node validate average_precision, 0.8142
2025-10-02 15:53:18,688 - root - INFO - new node validate roc_auc, 0.8006
2025-10-02 15:53:34,774 - root - INFO - test loss: 1.0802
2025-10-02 15:53:34,774 - root - INFO - test average_precision, 0.7180
2025-10-02 15:53:34,774 - root - INFO - best test average_precision: 0.7180
2025-10-02 15:53:34,774 - root - INFO - test roc_auc, 0.7132
2025-10-02 15:53:34,774 - root - INFO - new node test loss: 0.7256
2025-10-02 15:53:34,775 - root - INFO - new node test average_precision, 0.8354
2025-10-02 15:53:34,775 - root - INFO - new node test roc_auc, 0.8305
2025-10-02 15:54:54,324 - root - INFO - Epoch: 20, learning rate: 0.0001, train loss: 0.5371
2025-10-02 15:54:54,325 - root - INFO - train average_precision, 0.7904
2025-10-02 15:54:54,326 - root - INFO - train roc_auc, 0.7905
2025-10-02 15:54:54,326 - root - INFO - validate loss: 1.2746
2025-10-02 15:54:54,326 - root - INFO - validate average_precision, 0.6497
2025-10-02 15:54:54,326 - root - INFO - validate roc_auc, 0.6495
2025-10-02 15:54:54,326 - root - INFO - new node validate loss: 0.7345
2025-10-02 15:54:54,326 - root - INFO - new node validate average_precision, 0.8025
2025-10-02 15:54:54,327 - root - INFO - new node validate roc_auc, 0.7893
2025-10-02 15:55:10,322 - root - INFO - test loss: 1.4392
2025-10-02 15:55:10,323 - root - INFO - test average_precision, 0.6856
2025-10-02 15:55:10,323 - root - INFO - best test average_precision: 0.7180
2025-10-02 15:55:10,323 - root - INFO - test roc_auc, 0.6834
2025-10-02 15:55:10,323 - root - INFO - new node test loss: 1.3351
2025-10-02 15:55:10,323 - root - INFO - new node test average_precision, 0.7404
2025-10-02 15:55:10,323 - root - INFO - new node test roc_auc, 0.7614
2025-10-02 15:56:30,015 - root - INFO - Epoch: 21, learning rate: 0.0001, train loss: 0.5352
2025-10-02 15:56:30,016 - root - INFO - train average_precision, 0.7922
2025-10-02 15:56:30,016 - root - INFO - train roc_auc, 0.7926
2025-10-02 15:56:30,016 - root - INFO - validate loss: 1.8470
2025-10-02 15:56:30,016 - root - INFO - validate average_precision, 0.6282
2025-10-02 15:56:30,017 - root - INFO - validate roc_auc, 0.6347
2025-10-02 15:56:30,017 - root - INFO - new node validate loss: 0.6477
2025-10-02 15:56:30,017 - root - INFO - new node validate average_precision, 0.8046
2025-10-02 15:56:30,017 - root - INFO - new node validate roc_auc, 0.7959
2025-10-02 15:56:46,284 - root - INFO - test loss: 2.3157
2025-10-02 15:56:46,284 - root - INFO - test average_precision, 0.6485
2025-10-02 15:56:46,284 - root - INFO - best test average_precision: 0.7180
2025-10-02 15:56:46,284 - root - INFO - test roc_auc, 0.6616
2025-10-02 15:56:46,284 - root - INFO - new node test loss: 2.0888
2025-10-02 15:56:46,284 - root - INFO - new node test average_precision, 0.6934
2025-10-02 15:56:46,284 - root - INFO - new node test roc_auc, 0.7298
2025-10-02 15:58:05,657 - root - INFO - Epoch: 22, learning rate: 0.0001, train loss: 0.5349
2025-10-02 15:58:05,658 - root - INFO - train average_precision, 0.7933
2025-10-02 15:58:05,658 - root - INFO - train roc_auc, 0.7933
2025-10-02 15:58:05,658 - root - INFO - validate loss: 1.2117
2025-10-02 15:58:05,658 - root - INFO - validate average_precision, 0.6764
2025-10-02 15:58:05,659 - root - INFO - validate roc_auc, 0.6672
2025-10-02 15:58:05,659 - root - INFO - new node validate loss: 0.5376
2025-10-02 15:58:05,659 - root - INFO - new node validate average_precision, 0.8325
2025-10-02 15:58:05,659 - root - INFO - new node validate roc_auc, 0.8294
2025-10-02 15:58:21,802 - root - INFO - test loss: 1.5626
2025-10-02 15:58:21,802 - root - INFO - test average_precision, 0.6924
2025-10-02 15:58:21,802 - root - INFO - best test average_precision: 0.7180
2025-10-02 15:58:21,802 - root - INFO - test roc_auc, 0.6837
2025-10-02 15:58:21,802 - root - INFO - new node test loss: 1.0452
2025-10-02 15:58:21,802 - root - INFO - new node test average_precision, 0.8116
2025-10-02 15:58:21,802 - root - INFO - new node test roc_auc, 0.7961
2025-10-02 15:59:41,244 - root - INFO - Epoch: 23, learning rate: 0.0001, train loss: 0.5301
2025-10-02 15:59:41,245 - root - INFO - train average_precision, 0.7978
2025-10-02 15:59:41,246 - root - INFO - train roc_auc, 0.7976
2025-10-02 15:59:41,246 - root - INFO - validate loss: 1.2208
2025-10-02 15:59:41,246 - root - INFO - validate average_precision, 0.6681
2025-10-02 15:59:41,246 - root - INFO - validate roc_auc, 0.6597
2025-10-02 15:59:41,246 - root - INFO - new node validate loss: 0.6345
2025-10-02 15:59:41,246 - root - INFO - new node validate average_precision, 0.8052
2025-10-02 15:59:41,246 - root - INFO - new node validate roc_auc, 0.8028
2025-10-02 15:59:57,146 - root - INFO - test loss: 1.4105
2025-10-02 15:59:57,147 - root - INFO - test average_precision, 0.6951
2025-10-02 15:59:57,147 - root - INFO - best test average_precision: 0.7180
2025-10-02 15:59:57,147 - root - INFO - test roc_auc, 0.6858
2025-10-02 15:59:57,147 - root - INFO - new node test loss: 0.9850
2025-10-02 15:59:57,147 - root - INFO - new node test average_precision, 0.8152
2025-10-02 15:59:57,147 - root - INFO - new node test roc_auc, 0.8060
2025-10-02 16:01:16,737 - root - INFO - Epoch: 24, learning rate: 0.0001, train loss: 0.5306
2025-10-02 16:01:16,738 - root - INFO - train average_precision, 0.7968
2025-10-02 16:01:16,739 - root - INFO - train roc_auc, 0.7976
2025-10-02 16:01:16,739 - root - INFO - validate loss: 1.6702
2025-10-02 16:01:16,739 - root - INFO - validate average_precision, 0.5532
2025-10-02 16:01:16,739 - root - INFO - validate roc_auc, 0.5650
2025-10-02 16:01:16,739 - root - INFO - new node validate loss: 0.5154
2025-10-02 16:01:16,739 - root - INFO - new node validate average_precision, 0.8467
2025-10-02 16:01:16,739 - root - INFO - new node validate roc_auc, 0.8415
2025-10-02 16:01:33,044 - root - INFO - test loss: 2.6754
2025-10-02 16:01:33,044 - root - INFO - test average_precision, 0.4754
2025-10-02 16:01:33,044 - root - INFO - best test average_precision: 0.7180
2025-10-02 16:01:33,045 - root - INFO - test roc_auc, 0.4986
2025-10-02 16:01:33,045 - root - INFO - new node test loss: 7.2707
2025-10-02 16:01:33,045 - root - INFO - new node test average_precision, 0.4096
2025-10-02 16:01:33,045 - root - INFO - new node test roc_auc, 0.3800
2025-10-02 16:02:52,313 - root - INFO - Epoch: 25, learning rate: 0.0001, train loss: 0.5277
2025-10-02 16:02:52,314 - root - INFO - train average_precision, 0.8000
2025-10-02 16:02:52,315 - root - INFO - train roc_auc, 0.8005
2025-10-02 16:02:52,315 - root - INFO - validate loss: 1.1172
2025-10-02 16:02:52,315 - root - INFO - validate average_precision, 0.6504
2025-10-02 16:02:52,315 - root - INFO - validate roc_auc, 0.6436
2025-10-02 16:02:52,315 - root - INFO - new node validate loss: 0.6516
2025-10-02 16:02:52,315 - root - INFO - new node validate average_precision, 0.8047
2025-10-02 16:02:52,315 - root - INFO - new node validate roc_auc, 0.7974
2025-10-02 16:03:08,449 - root - INFO - test loss: 1.1964
2025-10-02 16:03:08,449 - root - INFO - test average_precision, 0.6919
2025-10-02 16:03:08,450 - root - INFO - best test average_precision: 0.7180
2025-10-02 16:03:08,450 - root - INFO - test roc_auc, 0.6828
2025-10-02 16:03:08,450 - root - INFO - new node test loss: 0.9278
2025-10-02 16:03:08,450 - root - INFO - new node test average_precision, 0.7827
2025-10-02 16:03:08,450 - root - INFO - new node test roc_auc, 0.7824
