2025-10-08 08:02:05,421 - root - INFO - ********** Run 2 starts. **********
2025-10-08 08:02:05,421 - root - INFO - configuration is Namespace(dataset_name='mooc', batch_size=200, model_name='TGN', gpu=0, num_neighbors=10, sample_neighbor_strategy='recent', time_scaling_factor=1e-06, num_walk_heads=8, num_heads=2, num_layers=1, walk_length=1, time_gap=2000, time_feat_dim=100, position_feat_dim=172, time_window_mode='fixed_proportion', time_encoder_type='bochner', expert_dim=128, num_mixtures=16, sort_neighbors_by_time=False, patch_size=1, channel_embedding_dim=50, max_input_sequence_length=32, learning_rate=0.0001, dropout=0.2, gamma=0.5, num_epochs=2, optimizer='Adam', weight_decay=0.0, patience=20, val_ratio=0.15, test_ratio=0.15, num_runs=2, test_interval_epochs=100, negative_sample_strategy='random', max_interaction_times=10, load_best_configs=True, data_ratio=0.05, seed=1, save_model_name_suffix='', ablation_dir='', mamba_d_state=256, mamba_d_conv=4, mamba_expand=2, mamba_headdim=64, resume_from_checkpoint=None, save_checkpoints=True, checkpoint_interval=20, start_from_seed=0, max_checkpoints_to_keep=3, checkpoint_strategy='minimal', validate_checkpoints=True, device='cuda:0', save_model_name='TGN_bochner_seed1')
2025-10-08 08:02:05,422 - root - INFO - Metrics will be saved to: ./saved_metrics/TGN/mooc/TGN_bochner_seed1
2025-10-08 08:02:05,423 - root - INFO - time encoder type: bochner
2025-10-08 08:02:05,423 - root - INFO - Time encoder will be injected into TGN model
2025-10-08 08:02:05,579 - root - INFO - model -> Sequential(
  (0): MemoryModel(
    (time_encoder): TimeEncoder(
      (w): Linear(in_features=1, out_features=100, bias=True)
    )
    (message_aggregator): MessageAggregator()
    (memory_bank): MemoryBank(num_nodes=7145, memory_dim=172)
    (memory_updater): GRUMemoryUpdater(
      (memory_bank): MemoryBank(num_nodes=7145, memory_dim=172)
      (memory_updater): GRUCell(616, 172)
    )
    (embedding_module): GraphAttentionEmbedding(
      (time_encoder): TimeEncoder(
        (w): Linear(in_features=1, out_features=100, bias=True)
      )
      (temporal_conv_layers): ModuleList(
        (0): MultiHeadAttention(
          (query_projection): Linear(in_features=272, out_features=272, bias=False)
          (key_projection): Linear(in_features=444, out_features=272, bias=False)
          (value_projection): Linear(in_features=444, out_features=272, bias=False)
          (layer_norm): LayerNorm((272,), eps=1e-05, elementwise_affine=True)
          (residual_fc): Linear(in_features=272, out_features=272, bias=True)
          (dropout): Dropout(p=0.2, inplace=False)
        )
      )
      (merge_layers): ModuleList(
        (0): MergeLayer(
          (fc1): Linear(in_features=444, out_features=172, bias=True)
          (fc2): Linear(in_features=172, out_features=172, bias=True)
          (act): ReLU()
        )
      )
    )
  )
  (1): MergeLayer(
    (fc1): Linear(in_features=344, out_features=172, bias=True)
    (fc2): Linear(in_features=172, out_features=1, bias=True)
    (act): ReLU()
  )
)
2025-10-08 08:02:05,579 - root - INFO - model name: TGN, #parameters: 3855876 B, 3765.50390625 KB, 3.6772499084472656 MB.
2025-10-08 08:02:08,218 - root - INFO - Epoch: 1, learning rate: 0.0001, train loss: 0.6474
2025-10-08 08:02:08,219 - root - INFO - train average_precision, 0.6288
2025-10-08 08:02:08,219 - root - INFO - train roc_auc, 0.6623
2025-10-08 08:02:08,219 - root - INFO - validate loss: 0.6161
2025-10-08 08:02:08,219 - root - INFO - validate average_precision, 0.6207
2025-10-08 08:02:08,219 - root - INFO - validate roc_auc, 0.6624
2025-10-08 08:02:08,219 - root - INFO - new node validate loss: 0.7195
2025-10-08 08:02:08,219 - root - INFO - new node validate average_precision, 0.5678
2025-10-08 08:02:08,219 - root - INFO - new node validate roc_auc, 0.5512
2025-10-08 08:02:08,228 - root - INFO - save model ./saved_models/TGN/mooc/TGN_bochner_seed1/TGN_bochner_seed1.pkl
2025-10-08 08:02:11,302 - root - INFO - Epoch: 2, learning rate: 0.0001, train loss: 0.6262
2025-10-08 08:02:11,302 - root - INFO - train average_precision, 0.6425
2025-10-08 08:02:11,302 - root - INFO - train roc_auc, 0.6836
2025-10-08 08:02:11,303 - root - INFO - validate loss: 0.6112
2025-10-08 08:02:11,303 - root - INFO - validate average_precision, 0.6278
2025-10-08 08:02:11,303 - root - INFO - validate roc_auc, 0.6708
2025-10-08 08:02:11,303 - root - INFO - new node validate loss: 0.6948
2025-10-08 08:02:11,303 - root - INFO - new node validate average_precision, 0.5682
2025-10-08 08:02:11,303 - root - INFO - new node validate roc_auc, 0.5577
2025-10-08 08:02:11,307 - root - INFO - save model ./saved_models/TGN/mooc/TGN_bochner_seed1/TGN_bochner_seed1.pkl
2025-10-08 08:02:11,724 - root - INFO - load model ./saved_models/TGN/mooc/TGN_bochner_seed1/TGN_bochner_seed1.pkl
2025-10-08 08:02:12,171 - root - INFO - get final performance on dataset mooc...
2025-10-08 08:02:12,911 - root - INFO - test loss: 0.6441
2025-10-08 08:02:12,911 - root - INFO - test average_precision, 0.6210
2025-10-08 08:02:12,911 - root - INFO - test roc_auc, 0.6648
2025-10-08 08:02:12,912 - root - INFO - new node test loss: 0.6960
2025-10-08 08:02:12,912 - root - INFO - new node test average_precision, 0.5798
2025-10-08 08:02:12,912 - root - INFO - new node test roc_auc, 0.5879
2025-10-08 08:02:12,921 - root - INFO - ✅ Metrics saved to: ./saved_metrics/TGN/mooc/TGN_bochner_seed1
2025-10-08 08:02:12,921 - root - INFO - Run 2 cost 7.50 seconds.
2025-10-08 08:02:12,924 - root - INFO - metrics over 2 runs:
2025-10-08 08:02:12,924 - root - INFO - test average_precision, [np.float64(0.6113726136356151), np.float64(0.6210443489261189)]
2025-10-08 08:02:12,925 - root - INFO - average test average_precision, 0.6162 ± 0.0068
2025-10-08 08:02:12,925 - root - INFO - test roc_auc, [np.float64(0.6605901794938016), np.float64(0.6647607373450413)]
2025-10-08 08:02:12,925 - root - INFO - average test roc_auc, 0.6627 ± 0.0029
2025-10-08 08:02:12,925 - root - INFO - new node test average_precision, [np.float64(0.5752117297138779), np.float64(0.5798365931114579)]
2025-10-08 08:02:12,925 - root - INFO - average new node test average_precision, 0.5775 ± 0.0033
2025-10-08 08:02:12,925 - root - INFO - new node test roc_auc, [np.float64(0.5861752398687035), np.float64(0.5878692849703321)]
2025-10-08 08:02:12,925 - root - INFO - average new node test roc_auc, 0.5870 ± 0.0012
