2025-10-02 02:35:00,418 - root - INFO - ********** Run 3 starts. **********
2025-10-02 02:35:00,418 - root - INFO - configuration is Namespace(dataset_name='reddit', batch_size=200, model_name='JODIE', gpu=0, num_neighbors=10, sample_neighbor_strategy='uniform', time_scaling_factor=1e-06, num_walk_heads=8, num_heads=2, num_layers=1, walk_length=1, time_gap=2000, time_feat_dim=128, position_feat_dim=172, time_window_mode='fixed_proportion', time_encoder_type='bochner', expert_dim=64, num_mixtures=4, patch_size=1, channel_embedding_dim=50, max_input_sequence_length=32, learning_rate=0.0001, dropout=0.1, gamma=0.5, num_epochs=100, optimizer='Adam', weight_decay=0.0, patience=20, val_ratio=0.15, test_ratio=0.15, num_runs=5, test_interval_epochs=1, negative_sample_strategy='random', max_interaction_times=10, load_best_configs=True, device='cuda:0', seed=2, save_model_name='JODIE_bochner_seed2')
2025-10-02 02:35:00,419 - root - INFO - time encoder type: bochner
2025-10-02 02:35:01,061 - root - INFO - model -> Sequential(
  (0): MemoryModel(
    (time_encoder): TimeEncoder(
      (w): Linear(in_features=1, out_features=128, bias=True)
    )
    (message_aggregator): MessageAggregator()
    (memory_bank): MemoryBank(num_nodes=10985, memory_dim=172)
    (memory_updater): RNNMemoryUpdater(
      (memory_bank): MemoryBank(num_nodes=10985, memory_dim=172)
      (memory_updater): RNNCell(644, 172)
    )
    (embedding_module): TimeProjectionEmbedding(
      (dropout): Dropout(p=0.1, inplace=False)
      (linear_layer): Linear(in_features=1, out_features=172, bias=True)
    )
  )
  (1): MergeLayer(
    (fc1): Linear(in_features=344, out_features=172, bias=True)
    (fc2): Linear(in_features=172, out_features=1, bias=True)
    (act): ReLU()
  )
)
2025-10-02 02:35:01,061 - root - INFO - model name: JODIE, #parameters: 803236 B, 784.41015625 KB, 0.7660255432128906 MB.
2025-10-02 02:36:53,887 - root - INFO - Epoch: 1, learning rate: 0.0001, train loss: 0.2959
2025-10-02 02:36:53,888 - root - INFO - train average_precision, 0.9415
2025-10-02 02:36:53,888 - root - INFO - train roc_auc, 0.9439
2025-10-02 02:36:53,888 - root - INFO - validate loss: 0.2472
2025-10-02 02:36:53,889 - root - INFO - validate average_precision, 0.9653
2025-10-02 02:36:53,889 - root - INFO - validate roc_auc, 0.9648
2025-10-02 02:36:53,889 - root - INFO - new node validate loss: 0.4172
2025-10-02 02:36:53,889 - root - INFO - new node validate average_precision, 0.9076
2025-10-02 02:36:53,889 - root - INFO - new node validate roc_auc, 0.8999
2025-10-02 02:37:13,927 - root - INFO - test loss: 0.2587
2025-10-02 02:37:13,928 - root - INFO - test average_precision, 0.9635
2025-10-02 02:37:13,928 - root - INFO - best test average_precision: 0.9635
2025-10-02 02:37:13,928 - root - INFO - test roc_auc, 0.9638
2025-10-02 02:37:13,928 - root - INFO - new node test loss: 0.3334
2025-10-02 02:37:13,928 - root - INFO - new node test average_precision, 0.9410
2025-10-02 02:37:13,928 - root - INFO - new node test roc_auc, 0.9391
2025-10-02 02:37:13,929 - root - INFO - save model ./saved_models/JODIE/reddit/JODIE_bochner_seed2/JODIE_bochner_seed2.pkl
2025-10-02 02:39:07,229 - root - INFO - Epoch: 2, learning rate: 0.0001, train loss: 0.2230
2025-10-02 02:39:07,230 - root - INFO - train average_precision, 0.9691
2025-10-02 02:39:07,231 - root - INFO - train roc_auc, 0.9688
2025-10-02 02:39:07,231 - root - INFO - validate loss: 0.2197
2025-10-02 02:39:07,231 - root - INFO - validate average_precision, 0.9721
2025-10-02 02:39:07,231 - root - INFO - validate roc_auc, 0.9717
2025-10-02 02:39:07,231 - root - INFO - new node validate loss: 0.3894
2025-10-02 02:39:07,231 - root - INFO - new node validate average_precision, 0.9191
2025-10-02 02:39:07,231 - root - INFO - new node validate roc_auc, 0.9123
2025-10-02 02:39:27,216 - root - INFO - test loss: 0.2331
2025-10-02 02:39:27,217 - root - INFO - test average_precision, 0.9708
2025-10-02 02:39:27,217 - root - INFO - best test average_precision: 0.9708
2025-10-02 02:39:27,217 - root - INFO - test roc_auc, 0.9699
2025-10-02 02:39:27,217 - root - INFO - new node test loss: 0.3191
2025-10-02 02:39:27,217 - root - INFO - new node test average_precision, 0.9455
2025-10-02 02:39:27,217 - root - INFO - new node test roc_auc, 0.9429
2025-10-02 02:39:27,217 - root - INFO - save model ./saved_models/JODIE/reddit/JODIE_bochner_seed2/JODIE_bochner_seed2.pkl
2025-10-02 02:41:21,065 - root - INFO - Epoch: 3, learning rate: 0.0001, train loss: 0.2135
2025-10-02 02:41:21,066 - root - INFO - train average_precision, 0.9717
2025-10-02 02:41:21,066 - root - INFO - train roc_auc, 0.9712
2025-10-02 02:41:21,066 - root - INFO - validate loss: 0.2122
2025-10-02 02:41:21,066 - root - INFO - validate average_precision, 0.9738
2025-10-02 02:41:21,067 - root - INFO - validate roc_auc, 0.9733
2025-10-02 02:41:21,067 - root - INFO - new node validate loss: 0.3817
2025-10-02 02:41:21,067 - root - INFO - new node validate average_precision, 0.9200
2025-10-02 02:41:21,067 - root - INFO - new node validate roc_auc, 0.9149
2025-10-02 02:41:40,933 - root - INFO - test loss: 0.2196
2025-10-02 02:41:40,933 - root - INFO - test average_precision, 0.9730
2025-10-02 02:41:40,933 - root - INFO - best test average_precision: 0.9730
2025-10-02 02:41:40,933 - root - INFO - test roc_auc, 0.9724
2025-10-02 02:41:40,933 - root - INFO - new node test loss: 0.3121
2025-10-02 02:41:40,933 - root - INFO - new node test average_precision, 0.9463
2025-10-02 02:41:40,934 - root - INFO - new node test roc_auc, 0.9439
2025-10-02 02:41:40,934 - root - INFO - save model ./saved_models/JODIE/reddit/JODIE_bochner_seed2/JODIE_bochner_seed2.pkl
2025-10-02 02:43:34,243 - root - INFO - Epoch: 4, learning rate: 0.0001, train loss: 0.2061
2025-10-02 02:43:34,244 - root - INFO - train average_precision, 0.9733
2025-10-02 02:43:34,244 - root - INFO - train roc_auc, 0.9730
2025-10-02 02:43:34,244 - root - INFO - validate loss: 0.2073
2025-10-02 02:43:34,244 - root - INFO - validate average_precision, 0.9748
2025-10-02 02:43:34,244 - root - INFO - validate roc_auc, 0.9745
2025-10-02 02:43:34,244 - root - INFO - new node validate loss: 0.3645
2025-10-02 02:43:34,244 - root - INFO - new node validate average_precision, 0.9244
2025-10-02 02:43:34,245 - root - INFO - new node validate roc_auc, 0.9197
2025-10-02 02:43:54,200 - root - INFO - test loss: 0.2204
2025-10-02 02:43:54,200 - root - INFO - test average_precision, 0.9728
2025-10-02 02:43:54,200 - root - INFO - best test average_precision: 0.9730
2025-10-02 02:43:54,200 - root - INFO - test roc_auc, 0.9724
2025-10-02 02:43:54,200 - root - INFO - new node test loss: 0.3017
2025-10-02 02:43:54,200 - root - INFO - new node test average_precision, 0.9474
2025-10-02 02:43:54,200 - root - INFO - new node test roc_auc, 0.9467
2025-10-02 02:43:54,201 - root - INFO - save model ./saved_models/JODIE/reddit/JODIE_bochner_seed2/JODIE_bochner_seed2.pkl
2025-10-02 02:45:47,769 - root - INFO - Epoch: 5, learning rate: 0.0001, train loss: 0.2020
2025-10-02 02:45:47,770 - root - INFO - train average_precision, 0.9744
2025-10-02 02:45:47,770 - root - INFO - train roc_auc, 0.9740
2025-10-02 02:45:47,770 - root - INFO - validate loss: 0.2082
2025-10-02 02:45:47,771 - root - INFO - validate average_precision, 0.9749
2025-10-02 02:45:47,771 - root - INFO - validate roc_auc, 0.9750
2025-10-02 02:45:47,771 - root - INFO - new node validate loss: 0.3353
2025-10-02 02:45:47,771 - root - INFO - new node validate average_precision, 0.9350
2025-10-02 02:45:47,771 - root - INFO - new node validate roc_auc, 0.9308
2025-10-02 02:46:07,756 - root - INFO - test loss: 0.2135
2025-10-02 02:46:07,756 - root - INFO - test average_precision, 0.9746
2025-10-02 02:46:07,756 - root - INFO - best test average_precision: 0.9746
2025-10-02 02:46:07,756 - root - INFO - test roc_auc, 0.9749
2025-10-02 02:46:07,756 - root - INFO - new node test loss: 0.2774
2025-10-02 02:46:07,757 - root - INFO - new node test average_precision, 0.9529
2025-10-02 02:46:07,757 - root - INFO - new node test roc_auc, 0.9541
2025-10-02 02:46:07,757 - root - INFO - save model ./saved_models/JODIE/reddit/JODIE_bochner_seed2/JODIE_bochner_seed2.pkl
2025-10-02 02:48:00,986 - root - INFO - Epoch: 6, learning rate: 0.0001, train loss: 0.1991
2025-10-02 02:48:00,987 - root - INFO - train average_precision, 0.9751
2025-10-02 02:48:00,987 - root - INFO - train roc_auc, 0.9747
2025-10-02 02:48:00,987 - root - INFO - validate loss: 0.2072
2025-10-02 02:48:00,987 - root - INFO - validate average_precision, 0.9748
2025-10-02 02:48:00,987 - root - INFO - validate roc_auc, 0.9746
2025-10-02 02:48:00,987 - root - INFO - new node validate loss: 0.3469
2025-10-02 02:48:00,988 - root - INFO - new node validate average_precision, 0.9315
2025-10-02 02:48:00,988 - root - INFO - new node validate roc_auc, 0.9271
2025-10-02 02:48:21,272 - root - INFO - test loss: 0.2215
2025-10-02 02:48:21,272 - root - INFO - test average_precision, 0.9724
2025-10-02 02:48:21,272 - root - INFO - best test average_precision: 0.9746
2025-10-02 02:48:21,272 - root - INFO - test roc_auc, 0.9723
2025-10-02 02:48:21,272 - root - INFO - new node test loss: 0.2938
2025-10-02 02:48:21,273 - root - INFO - new node test average_precision, 0.9487
2025-10-02 02:48:21,273 - root - INFO - new node test roc_auc, 0.9488
2025-10-02 02:50:13,134 - root - INFO - Epoch: 7, learning rate: 0.0001, train loss: 0.1987
2025-10-02 02:50:13,135 - root - INFO - train average_precision, 0.9750
2025-10-02 02:50:13,136 - root - INFO - train roc_auc, 0.9748
2025-10-02 02:50:13,136 - root - INFO - validate loss: 0.1955
2025-10-02 02:50:13,136 - root - INFO - validate average_precision, 0.9772
2025-10-02 02:50:13,136 - root - INFO - validate roc_auc, 0.9769
2025-10-02 02:50:13,136 - root - INFO - new node validate loss: 0.3478
2025-10-02 02:50:13,136 - root - INFO - new node validate average_precision, 0.9320
2025-10-02 02:50:13,136 - root - INFO - new node validate roc_auc, 0.9274
2025-10-02 02:50:33,062 - root - INFO - test loss: 0.1985
2025-10-02 02:50:33,062 - root - INFO - test average_precision, 0.9768
2025-10-02 02:50:33,062 - root - INFO - best test average_precision: 0.9768
2025-10-02 02:50:33,062 - root - INFO - test roc_auc, 0.9765
2025-10-02 02:50:33,062 - root - INFO - new node test loss: 0.2831
2025-10-02 02:50:33,062 - root - INFO - new node test average_precision, 0.9534
2025-10-02 02:50:33,062 - root - INFO - new node test roc_auc, 0.9525
2025-10-02 02:50:33,063 - root - INFO - save model ./saved_models/JODIE/reddit/JODIE_bochner_seed2/JODIE_bochner_seed2.pkl
2025-10-02 02:52:26,010 - root - INFO - Epoch: 8, learning rate: 0.0001, train loss: 0.1936
2025-10-02 02:52:26,011 - root - INFO - train average_precision, 0.9762
2025-10-02 02:52:26,011 - root - INFO - train roc_auc, 0.9760
2025-10-02 02:52:26,011 - root - INFO - validate loss: 0.2017
2025-10-02 02:52:26,011 - root - INFO - validate average_precision, 0.9759
2025-10-02 02:52:26,011 - root - INFO - validate roc_auc, 0.9757
2025-10-02 02:52:26,012 - root - INFO - new node validate loss: 0.3384
2025-10-02 02:52:26,012 - root - INFO - new node validate average_precision, 0.9353
2025-10-02 02:52:26,012 - root - INFO - new node validate roc_auc, 0.9302
2025-10-02 02:52:46,096 - root - INFO - test loss: 0.2116
2025-10-02 02:52:46,096 - root - INFO - test average_precision, 0.9742
2025-10-02 02:52:46,096 - root - INFO - best test average_precision: 0.9768
2025-10-02 02:52:46,096 - root - INFO - test roc_auc, 0.9739
2025-10-02 02:52:46,096 - root - INFO - new node test loss: 0.2782
2025-10-02 02:52:46,096 - root - INFO - new node test average_precision, 0.9548
2025-10-02 02:52:46,096 - root - INFO - new node test roc_auc, 0.9537
2025-10-02 02:54:37,977 - root - INFO - Epoch: 9, learning rate: 0.0001, train loss: 0.1916
2025-10-02 02:54:37,978 - root - INFO - train average_precision, 0.9768
2025-10-02 02:54:37,978 - root - INFO - train roc_auc, 0.9765
2025-10-02 02:54:37,978 - root - INFO - validate loss: 0.1910
2025-10-02 02:54:37,978 - root - INFO - validate average_precision, 0.9784
2025-10-02 02:54:37,978 - root - INFO - validate roc_auc, 0.9779
2025-10-02 02:54:37,978 - root - INFO - new node validate loss: 0.3527
2025-10-02 02:54:37,978 - root - INFO - new node validate average_precision, 0.9311
2025-10-02 02:54:37,978 - root - INFO - new node validate roc_auc, 0.9250
2025-10-02 02:54:57,787 - root - INFO - test loss: 0.1888
2025-10-02 02:54:57,788 - root - INFO - test average_precision, 0.9791
2025-10-02 02:54:57,788 - root - INFO - best test average_precision: 0.9791
2025-10-02 02:54:57,788 - root - INFO - test roc_auc, 0.9787
2025-10-02 02:54:57,788 - root - INFO - new node test loss: 0.2732
2025-10-02 02:54:57,788 - root - INFO - new node test average_precision, 0.9557
2025-10-02 02:54:57,788 - root - INFO - new node test roc_auc, 0.9555
2025-10-02 02:54:57,788 - root - INFO - save model ./saved_models/JODIE/reddit/JODIE_bochner_seed2/JODIE_bochner_seed2.pkl
2025-10-02 02:56:51,332 - root - INFO - Epoch: 10, learning rate: 0.0001, train loss: 0.1894
2025-10-02 02:56:51,333 - root - INFO - train average_precision, 0.9774
2025-10-02 02:56:51,333 - root - INFO - train roc_auc, 0.9770
2025-10-02 02:56:51,334 - root - INFO - validate loss: 0.1909
2025-10-02 02:56:51,334 - root - INFO - validate average_precision, 0.9783
2025-10-02 02:56:51,334 - root - INFO - validate roc_auc, 0.9780
2025-10-02 02:56:51,334 - root - INFO - new node validate loss: 0.3329
2025-10-02 02:56:51,334 - root - INFO - new node validate average_precision, 0.9379
2025-10-02 02:56:51,334 - root - INFO - new node validate roc_auc, 0.9338
2025-10-02 02:57:11,239 - root - INFO - test loss: 0.1942
2025-10-02 02:57:11,239 - root - INFO - test average_precision, 0.9776
2025-10-02 02:57:11,239 - root - INFO - best test average_precision: 0.9791
2025-10-02 02:57:11,239 - root - INFO - test roc_auc, 0.9776
2025-10-02 02:57:11,239 - root - INFO - new node test loss: 0.2692
2025-10-02 02:57:11,239 - root - INFO - new node test average_precision, 0.9570
2025-10-02 02:57:11,239 - root - INFO - new node test roc_auc, 0.9567
2025-10-02 02:59:03,015 - root - INFO - Epoch: 11, learning rate: 0.0001, train loss: 0.1879
2025-10-02 02:59:03,015 - root - INFO - train average_precision, 0.9776
2025-10-02 02:59:03,016 - root - INFO - train roc_auc, 0.9773
2025-10-02 02:59:03,016 - root - INFO - validate loss: 0.2014
2025-10-02 02:59:03,016 - root - INFO - validate average_precision, 0.9752
2025-10-02 02:59:03,016 - root - INFO - validate roc_auc, 0.9754
2025-10-02 02:59:03,016 - root - INFO - new node validate loss: 0.3520
2025-10-02 02:59:03,016 - root - INFO - new node validate average_precision, 0.9294
2025-10-02 02:59:03,016 - root - INFO - new node validate roc_auc, 0.9253
2025-10-02 02:59:22,679 - root - INFO - test loss: 0.2181
2025-10-02 02:59:22,679 - root - INFO - test average_precision, 0.9709
2025-10-02 02:59:22,679 - root - INFO - best test average_precision: 0.9791
2025-10-02 02:59:22,679 - root - INFO - test roc_auc, 0.9719
2025-10-02 02:59:22,679 - root - INFO - new node test loss: 0.2983
2025-10-02 02:59:22,679 - root - INFO - new node test average_precision, 0.9472
2025-10-02 02:59:22,679 - root - INFO - new node test roc_auc, 0.9474
2025-10-02 03:01:14,200 - root - INFO - Epoch: 12, learning rate: 0.0001, train loss: 0.1858
2025-10-02 03:01:14,201 - root - INFO - train average_precision, 0.9781
2025-10-02 03:01:14,201 - root - INFO - train roc_auc, 0.9778
2025-10-02 03:01:14,201 - root - INFO - validate loss: 0.1895
2025-10-02 03:01:14,202 - root - INFO - validate average_precision, 0.9790
2025-10-02 03:01:14,202 - root - INFO - validate roc_auc, 0.9785
2025-10-02 03:01:14,202 - root - INFO - new node validate loss: 0.3450
2025-10-02 03:01:14,202 - root - INFO - new node validate average_precision, 0.9332
2025-10-02 03:01:14,202 - root - INFO - new node validate roc_auc, 0.9277
2025-10-02 03:01:34,087 - root - INFO - test loss: 0.1925
2025-10-02 03:01:34,087 - root - INFO - test average_precision, 0.9789
2025-10-02 03:01:34,087 - root - INFO - best test average_precision: 0.9791
2025-10-02 03:01:34,087 - root - INFO - test roc_auc, 0.9783
2025-10-02 03:01:34,087 - root - INFO - new node test loss: 0.2839
2025-10-02 03:01:34,087 - root - INFO - new node test average_precision, 0.9526
2025-10-02 03:01:34,087 - root - INFO - new node test roc_auc, 0.9518
2025-10-02 03:01:34,088 - root - INFO - save model ./saved_models/JODIE/reddit/JODIE_bochner_seed2/JODIE_bochner_seed2.pkl
2025-10-02 03:03:27,170 - root - INFO - Epoch: 13, learning rate: 0.0001, train loss: 0.1846
2025-10-02 03:03:27,170 - root - INFO - train average_precision, 0.9784
2025-10-02 03:03:27,171 - root - INFO - train roc_auc, 0.9780
2025-10-02 03:03:27,171 - root - INFO - validate loss: 0.1938
2025-10-02 03:03:27,171 - root - INFO - validate average_precision, 0.9786
2025-10-02 03:03:27,171 - root - INFO - validate roc_auc, 0.9779
2025-10-02 03:03:27,171 - root - INFO - new node validate loss: 0.3399
2025-10-02 03:03:27,171 - root - INFO - new node validate average_precision, 0.9347
2025-10-02 03:03:27,171 - root - INFO - new node validate roc_auc, 0.9303
2025-10-02 03:03:47,253 - root - INFO - test loss: 0.2127
2025-10-02 03:03:47,253 - root - INFO - test average_precision, 0.9755
2025-10-02 03:03:47,253 - root - INFO - best test average_precision: 0.9791
2025-10-02 03:03:47,253 - root - INFO - test roc_auc, 0.9750
2025-10-02 03:03:47,253 - root - INFO - new node test loss: 0.2844
2025-10-02 03:03:47,253 - root - INFO - new node test average_precision, 0.9546
2025-10-02 03:03:47,254 - root - INFO - new node test roc_auc, 0.9534
2025-10-02 03:05:39,014 - root - INFO - Epoch: 14, learning rate: 0.0001, train loss: 0.1826
2025-10-02 03:05:39,014 - root - INFO - train average_precision, 0.9789
2025-10-02 03:05:39,015 - root - INFO - train roc_auc, 0.9785
2025-10-02 03:05:39,015 - root - INFO - validate loss: 0.1863
2025-10-02 03:05:39,015 - root - INFO - validate average_precision, 0.9794
2025-10-02 03:05:39,015 - root - INFO - validate roc_auc, 0.9789
2025-10-02 03:05:39,015 - root - INFO - new node validate loss: 0.3362
2025-10-02 03:05:39,015 - root - INFO - new node validate average_precision, 0.9371
2025-10-02 03:05:39,015 - root - INFO - new node validate roc_auc, 0.9320
2025-10-02 03:05:59,030 - root - INFO - test loss: 0.1892
2025-10-02 03:05:59,031 - root - INFO - test average_precision, 0.9791
2025-10-02 03:05:59,031 - root - INFO - best test average_precision: 0.9791
2025-10-02 03:05:59,031 - root - INFO - test roc_auc, 0.9786
2025-10-02 03:05:59,031 - root - INFO - new node test loss: 0.2668
2025-10-02 03:05:59,031 - root - INFO - new node test average_precision, 0.9573
2025-10-02 03:05:59,031 - root - INFO - new node test roc_auc, 0.9571
2025-10-02 03:05:59,031 - root - INFO - save model ./saved_models/JODIE/reddit/JODIE_bochner_seed2/JODIE_bochner_seed2.pkl
2025-10-02 03:07:51,843 - root - INFO - Epoch: 15, learning rate: 0.0001, train loss: 0.1818
2025-10-02 03:07:51,843 - root - INFO - train average_precision, 0.9790
2025-10-02 03:07:51,844 - root - INFO - train roc_auc, 0.9787
2025-10-02 03:07:51,844 - root - INFO - validate loss: 0.1786
2025-10-02 03:07:51,844 - root - INFO - validate average_precision, 0.9812
2025-10-02 03:07:51,844 - root - INFO - validate roc_auc, 0.9805
2025-10-02 03:07:51,844 - root - INFO - new node validate loss: 0.3345
2025-10-02 03:07:51,844 - root - INFO - new node validate average_precision, 0.9389
2025-10-02 03:07:51,844 - root - INFO - new node validate roc_auc, 0.9330
2025-10-02 03:08:11,920 - root - INFO - test loss: 0.1740
2025-10-02 03:08:11,920 - root - INFO - test average_precision, 0.9821
2025-10-02 03:08:11,920 - root - INFO - best test average_precision: 0.9821
2025-10-02 03:08:11,920 - root - INFO - test roc_auc, 0.9817
2025-10-02 03:08:11,920 - root - INFO - new node test loss: 0.2463
2025-10-02 03:08:11,920 - root - INFO - new node test average_precision, 0.9652
2025-10-02 03:08:11,921 - root - INFO - new node test roc_auc, 0.9642
2025-10-02 03:08:11,921 - root - INFO - save model ./saved_models/JODIE/reddit/JODIE_bochner_seed2/JODIE_bochner_seed2.pkl
2025-10-02 03:10:05,200 - root - INFO - Epoch: 16, learning rate: 0.0001, train loss: 0.1788
2025-10-02 03:10:05,201 - root - INFO - train average_precision, 0.9796
2025-10-02 03:10:05,202 - root - INFO - train roc_auc, 0.9793
2025-10-02 03:10:05,202 - root - INFO - validate loss: 0.1828
2025-10-02 03:10:05,202 - root - INFO - validate average_precision, 0.9804
2025-10-02 03:10:05,202 - root - INFO - validate roc_auc, 0.9797
2025-10-02 03:10:05,202 - root - INFO - new node validate loss: 0.3320
2025-10-02 03:10:05,202 - root - INFO - new node validate average_precision, 0.9383
2025-10-02 03:10:05,202 - root - INFO - new node validate roc_auc, 0.9331
2025-10-02 03:10:25,270 - root - INFO - test loss: 0.1957
2025-10-02 03:10:25,271 - root - INFO - test average_precision, 0.9780
2025-10-02 03:10:25,271 - root - INFO - best test average_precision: 0.9821
2025-10-02 03:10:25,271 - root - INFO - test roc_auc, 0.9774
2025-10-02 03:10:25,271 - root - INFO - new node test loss: 0.2702
2025-10-02 03:10:25,271 - root - INFO - new node test average_precision, 0.9580
2025-10-02 03:10:25,271 - root - INFO - new node test roc_auc, 0.9565
2025-10-02 03:12:17,270 - root - INFO - Epoch: 17, learning rate: 0.0001, train loss: 0.1772
2025-10-02 03:12:17,270 - root - INFO - train average_precision, 0.9800
2025-10-02 03:12:17,271 - root - INFO - train roc_auc, 0.9797
2025-10-02 03:12:17,271 - root - INFO - validate loss: 0.1785
2025-10-02 03:12:17,271 - root - INFO - validate average_precision, 0.9811
2025-10-02 03:12:17,271 - root - INFO - validate roc_auc, 0.9805
2025-10-02 03:12:17,271 - root - INFO - new node validate loss: 0.3350
2025-10-02 03:12:17,271 - root - INFO - new node validate average_precision, 0.9403
2025-10-02 03:12:17,271 - root - INFO - new node validate roc_auc, 0.9341
2025-10-02 03:12:37,088 - root - INFO - test loss: 0.1779
2025-10-02 03:12:37,088 - root - INFO - test average_precision, 0.9811
2025-10-02 03:12:37,088 - root - INFO - best test average_precision: 0.9821
2025-10-02 03:12:37,088 - root - INFO - test roc_auc, 0.9808
2025-10-02 03:12:37,088 - root - INFO - new node test loss: 0.2541
2025-10-02 03:12:37,088 - root - INFO - new node test average_precision, 0.9635
2025-10-02 03:12:37,088 - root - INFO - new node test roc_auc, 0.9621
2025-10-02 03:14:29,106 - root - INFO - Epoch: 18, learning rate: 0.0001, train loss: 0.1768
2025-10-02 03:14:29,106 - root - INFO - train average_precision, 0.9801
2025-10-02 03:14:29,107 - root - INFO - train roc_auc, 0.9798
2025-10-02 03:14:29,107 - root - INFO - validate loss: 0.1785
2025-10-02 03:14:29,107 - root - INFO - validate average_precision, 0.9812
2025-10-02 03:14:29,107 - root - INFO - validate roc_auc, 0.9805
2025-10-02 03:14:29,107 - root - INFO - new node validate loss: 0.3362
2025-10-02 03:14:29,107 - root - INFO - new node validate average_precision, 0.9374
2025-10-02 03:14:29,107 - root - INFO - new node validate roc_auc, 0.9320
2025-10-02 03:14:48,871 - root - INFO - test loss: 0.1809
2025-10-02 03:14:48,871 - root - INFO - test average_precision, 0.9808
2025-10-02 03:14:48,871 - root - INFO - best test average_precision: 0.9821
2025-10-02 03:14:48,871 - root - INFO - test roc_auc, 0.9803
2025-10-02 03:14:48,872 - root - INFO - new node test loss: 0.2599
2025-10-02 03:14:48,872 - root - INFO - new node test average_precision, 0.9601
2025-10-02 03:14:48,872 - root - INFO - new node test roc_auc, 0.9594
2025-10-02 03:16:40,423 - root - INFO - Epoch: 19, learning rate: 0.0001, train loss: 0.1757
2025-10-02 03:16:40,423 - root - INFO - train average_precision, 0.9803
2025-10-02 03:16:40,424 - root - INFO - train roc_auc, 0.9800
2025-10-02 03:16:40,424 - root - INFO - validate loss: 0.1768
2025-10-02 03:16:40,424 - root - INFO - validate average_precision, 0.9817
2025-10-02 03:16:40,424 - root - INFO - validate roc_auc, 0.9809
2025-10-02 03:16:40,424 - root - INFO - new node validate loss: 0.3450
2025-10-02 03:16:40,424 - root - INFO - new node validate average_precision, 0.9365
2025-10-02 03:16:40,424 - root - INFO - new node validate roc_auc, 0.9307
2025-10-02 03:17:00,185 - root - INFO - test loss: 0.1764
2025-10-02 03:17:00,186 - root - INFO - test average_precision, 0.9818
2025-10-02 03:17:00,186 - root - INFO - best test average_precision: 0.9821
2025-10-02 03:17:00,186 - root - INFO - test roc_auc, 0.9811
2025-10-02 03:17:00,186 - root - INFO - new node test loss: 0.2624
2025-10-02 03:17:00,186 - root - INFO - new node test average_precision, 0.9614
2025-10-02 03:17:00,186 - root - INFO - new node test roc_auc, 0.9605
2025-10-02 03:17:00,186 - root - INFO - save model ./saved_models/JODIE/reddit/JODIE_bochner_seed2/JODIE_bochner_seed2.pkl
2025-10-02 03:18:53,652 - root - INFO - Epoch: 20, learning rate: 0.0001, train loss: 0.1745
2025-10-02 03:18:53,653 - root - INFO - train average_precision, 0.9804
2025-10-02 03:18:53,653 - root - INFO - train roc_auc, 0.9802
2025-10-02 03:18:53,653 - root - INFO - validate loss: 0.1759
2025-10-02 03:18:53,653 - root - INFO - validate average_precision, 0.9818
2025-10-02 03:18:53,653 - root - INFO - validate roc_auc, 0.9811
2025-10-02 03:18:53,653 - root - INFO - new node validate loss: 0.3245
2025-10-02 03:18:53,653 - root - INFO - new node validate average_precision, 0.9421
2025-10-02 03:18:53,653 - root - INFO - new node validate roc_auc, 0.9366
2025-10-02 03:19:13,671 - root - INFO - test loss: 0.1740
2025-10-02 03:19:13,671 - root - INFO - test average_precision, 0.9822
2025-10-02 03:19:13,671 - root - INFO - best test average_precision: 0.9822
2025-10-02 03:19:13,671 - root - INFO - test roc_auc, 0.9818
2025-10-02 03:19:13,671 - root - INFO - new node test loss: 0.2387
2025-10-02 03:19:13,671 - root - INFO - new node test average_precision, 0.9674
2025-10-02 03:19:13,672 - root - INFO - new node test roc_auc, 0.9664
2025-10-02 03:19:13,672 - root - INFO - save model ./saved_models/JODIE/reddit/JODIE_bochner_seed2/JODIE_bochner_seed2.pkl
2025-10-02 03:21:06,973 - root - INFO - Epoch: 21, learning rate: 0.0001, train loss: 0.1739
2025-10-02 03:21:06,974 - root - INFO - train average_precision, 0.9807
2025-10-02 03:21:06,974 - root - INFO - train roc_auc, 0.9804
2025-10-02 03:21:06,974 - root - INFO - validate loss: 0.1791
2025-10-02 03:21:06,974 - root - INFO - validate average_precision, 0.9812
2025-10-02 03:21:06,974 - root - INFO - validate roc_auc, 0.9804
2025-10-02 03:21:06,975 - root - INFO - new node validate loss: 0.3394
2025-10-02 03:21:06,975 - root - INFO - new node validate average_precision, 0.9371
2025-10-02 03:21:06,975 - root - INFO - new node validate roc_auc, 0.9313
2025-10-02 03:21:26,823 - root - INFO - test loss: 0.1869
2025-10-02 03:21:26,823 - root - INFO - test average_precision, 0.9797
2025-10-02 03:21:26,823 - root - INFO - best test average_precision: 0.9822
2025-10-02 03:21:26,823 - root - INFO - test roc_auc, 0.9790
2025-10-02 03:21:26,823 - root - INFO - new node test loss: 0.2579
2025-10-02 03:21:26,824 - root - INFO - new node test average_precision, 0.9617
2025-10-02 03:21:26,824 - root - INFO - new node test roc_auc, 0.9605
2025-10-02 03:23:18,625 - root - INFO - Epoch: 22, learning rate: 0.0001, train loss: 0.1728
2025-10-02 03:23:18,626 - root - INFO - train average_precision, 0.9809
2025-10-02 03:23:18,626 - root - INFO - train roc_auc, 0.9806
2025-10-02 03:23:18,626 - root - INFO - validate loss: 0.1830
2025-10-02 03:23:18,627 - root - INFO - validate average_precision, 0.9803
2025-10-02 03:23:18,627 - root - INFO - validate roc_auc, 0.9795
2025-10-02 03:23:18,627 - root - INFO - new node validate loss: 0.3494
2025-10-02 03:23:18,627 - root - INFO - new node validate average_precision, 0.9351
2025-10-02 03:23:18,627 - root - INFO - new node validate roc_auc, 0.9290
2025-10-02 03:23:38,728 - root - INFO - test loss: 0.1931
2025-10-02 03:23:38,728 - root - INFO - test average_precision, 0.9781
2025-10-02 03:23:38,728 - root - INFO - best test average_precision: 0.9822
2025-10-02 03:23:38,728 - root - INFO - test roc_auc, 0.9772
2025-10-02 03:23:38,728 - root - INFO - new node test loss: 0.2645
2025-10-02 03:23:38,728 - root - INFO - new node test average_precision, 0.9600
2025-10-02 03:23:38,728 - root - INFO - new node test roc_auc, 0.9583
2025-10-02 03:25:30,222 - root - INFO - Epoch: 23, learning rate: 0.0001, train loss: 0.1717
2025-10-02 03:25:30,223 - root - INFO - train average_precision, 0.9813
2025-10-02 03:25:30,223 - root - INFO - train roc_auc, 0.9809
2025-10-02 03:25:30,223 - root - INFO - validate loss: 0.1750
2025-10-02 03:25:30,223 - root - INFO - validate average_precision, 0.9820
2025-10-02 03:25:30,223 - root - INFO - validate roc_auc, 0.9814
2025-10-02 03:25:30,223 - root - INFO - new node validate loss: 0.3280
2025-10-02 03:25:30,223 - root - INFO - new node validate average_precision, 0.9406
2025-10-02 03:25:30,224 - root - INFO - new node validate roc_auc, 0.9345
2025-10-02 03:25:50,060 - root - INFO - test loss: 0.1746
2025-10-02 03:25:50,060 - root - INFO - test average_precision, 0.9822
2025-10-02 03:25:50,060 - root - INFO - best test average_precision: 0.9822
2025-10-02 03:25:50,061 - root - INFO - test roc_auc, 0.9818
2025-10-02 03:25:50,061 - root - INFO - new node test loss: 0.2419
2025-10-02 03:25:50,061 - root - INFO - new node test average_precision, 0.9651
2025-10-02 03:25:50,061 - root - INFO - new node test roc_auc, 0.9648
2025-10-02 03:25:50,061 - root - INFO - save model ./saved_models/JODIE/reddit/JODIE_bochner_seed2/JODIE_bochner_seed2.pkl
2025-10-02 03:27:42,960 - root - INFO - Epoch: 24, learning rate: 0.0001, train loss: 0.1707
2025-10-02 03:27:42,961 - root - INFO - train average_precision, 0.9813
2025-10-02 03:27:42,961 - root - INFO - train roc_auc, 0.9811
2025-10-02 03:27:42,962 - root - INFO - validate loss: 0.1735
2025-10-02 03:27:42,962 - root - INFO - validate average_precision, 0.9823
2025-10-02 03:27:42,962 - root - INFO - validate roc_auc, 0.9817
2025-10-02 03:27:42,962 - root - INFO - new node validate loss: 0.3280
2025-10-02 03:27:42,962 - root - INFO - new node validate average_precision, 0.9434
2025-10-02 03:27:42,962 - root - INFO - new node validate roc_auc, 0.9378
2025-10-02 03:28:02,877 - root - INFO - test loss: 0.1694
2025-10-02 03:28:02,877 - root - INFO - test average_precision, 0.9830
2025-10-02 03:28:02,878 - root - INFO - best test average_precision: 0.9830
2025-10-02 03:28:02,878 - root - INFO - test roc_auc, 0.9826
2025-10-02 03:28:02,878 - root - INFO - new node test loss: 0.2374
2025-10-02 03:28:02,878 - root - INFO - new node test average_precision, 0.9688
2025-10-02 03:28:02,878 - root - INFO - new node test roc_auc, 0.9680
2025-10-02 03:28:02,878 - root - INFO - save model ./saved_models/JODIE/reddit/JODIE_bochner_seed2/JODIE_bochner_seed2.pkl
2025-10-02 03:29:56,091 - root - INFO - Epoch: 25, learning rate: 0.0001, train loss: 0.1686
2025-10-02 03:29:56,092 - root - INFO - train average_precision, 0.9818
2025-10-02 03:29:56,092 - root - INFO - train roc_auc, 0.9815
2025-10-02 03:29:56,092 - root - INFO - validate loss: 0.1764
2025-10-02 03:29:56,093 - root - INFO - validate average_precision, 0.9815
2025-10-02 03:29:56,093 - root - INFO - validate roc_auc, 0.9810
2025-10-02 03:29:56,093 - root - INFO - new node validate loss: 0.3266
2025-10-02 03:29:56,093 - root - INFO - new node validate average_precision, 0.9412
2025-10-02 03:29:56,093 - root - INFO - new node validate roc_auc, 0.9362
2025-10-02 03:30:16,217 - root - INFO - test loss: 0.1833
2025-10-02 03:30:16,217 - root - INFO - test average_precision, 0.9802
2025-10-02 03:30:16,218 - root - INFO - best test average_precision: 0.9830
2025-10-02 03:30:16,218 - root - INFO - test roc_auc, 0.9799
2025-10-02 03:30:16,218 - root - INFO - new node test loss: 0.2605
2025-10-02 03:30:16,218 - root - INFO - new node test average_precision, 0.9600
2025-10-02 03:30:16,218 - root - INFO - new node test roc_auc, 0.9596
2025-10-02 03:32:07,674 - root - INFO - Epoch: 26, learning rate: 0.0001, train loss: 0.1693
2025-10-02 03:32:07,675 - root - INFO - train average_precision, 0.9816
2025-10-02 03:32:07,675 - root - INFO - train roc_auc, 0.9814
2025-10-02 03:32:07,675 - root - INFO - validate loss: 0.1727
2025-10-02 03:32:07,675 - root - INFO - validate average_precision, 0.9824
2025-10-02 03:32:07,675 - root - INFO - validate roc_auc, 0.9817
2025-10-02 03:32:07,675 - root - INFO - new node validate loss: 0.3311
2025-10-02 03:32:07,675 - root - INFO - new node validate average_precision, 0.9397
2025-10-02 03:32:07,675 - root - INFO - new node validate roc_auc, 0.9344
2025-10-02 03:32:27,574 - root - INFO - test loss: 0.1704
2025-10-02 03:32:27,574 - root - INFO - test average_precision, 0.9827
2025-10-02 03:32:27,574 - root - INFO - best test average_precision: 0.9830
2025-10-02 03:32:27,574 - root - INFO - test roc_auc, 0.9823
2025-10-02 03:32:27,574 - root - INFO - new node test loss: 0.2485
2025-10-02 03:32:27,574 - root - INFO - new node test average_precision, 0.9638
2025-10-02 03:32:27,574 - root - INFO - new node test roc_auc, 0.9630
2025-10-02 03:32:27,575 - root - INFO - save model ./saved_models/JODIE/reddit/JODIE_bochner_seed2/JODIE_bochner_seed2.pkl
2025-10-02 03:34:20,908 - root - INFO - Epoch: 27, learning rate: 0.0001, train loss: 0.1688
2025-10-02 03:34:20,909 - root - INFO - train average_precision, 0.9817
2025-10-02 03:34:20,909 - root - INFO - train roc_auc, 0.9815
2025-10-02 03:34:20,909 - root - INFO - validate loss: 0.1723
2025-10-02 03:34:20,909 - root - INFO - validate average_precision, 0.9824
2025-10-02 03:34:20,909 - root - INFO - validate roc_auc, 0.9818
2025-10-02 03:34:20,910 - root - INFO - new node validate loss: 0.3288
2025-10-02 03:34:20,910 - root - INFO - new node validate average_precision, 0.9409
2025-10-02 03:34:20,910 - root - INFO - new node validate roc_auc, 0.9358
2025-10-02 03:34:41,021 - root - INFO - test loss: 0.1672
2025-10-02 03:34:41,021 - root - INFO - test average_precision, 0.9834
2025-10-02 03:34:41,022 - root - INFO - best test average_precision: 0.9834
2025-10-02 03:34:41,022 - root - INFO - test roc_auc, 0.9830
2025-10-02 03:34:41,022 - root - INFO - new node test loss: 0.2348
2025-10-02 03:34:41,022 - root - INFO - new node test average_precision, 0.9677
2025-10-02 03:34:41,022 - root - INFO - new node test roc_auc, 0.9671
2025-10-02 03:34:41,022 - root - INFO - save model ./saved_models/JODIE/reddit/JODIE_bochner_seed2/JODIE_bochner_seed2.pkl
2025-10-02 03:36:33,967 - root - INFO - Epoch: 28, learning rate: 0.0001, train loss: 0.1683
2025-10-02 03:36:33,968 - root - INFO - train average_precision, 0.9818
2025-10-02 03:36:33,968 - root - INFO - train roc_auc, 0.9816
2025-10-02 03:36:33,968 - root - INFO - validate loss: 0.1721
2025-10-02 03:36:33,968 - root - INFO - validate average_precision, 0.9825
2025-10-02 03:36:33,968 - root - INFO - validate roc_auc, 0.9819
2025-10-02 03:36:33,968 - root - INFO - new node validate loss: 0.3208
2025-10-02 03:36:33,969 - root - INFO - new node validate average_precision, 0.9432
2025-10-02 03:36:33,969 - root - INFO - new node validate roc_auc, 0.9378
2025-10-02 03:36:54,033 - root - INFO - test loss: 0.1701
2025-10-02 03:36:54,033 - root - INFO - test average_precision, 0.9829
2025-10-02 03:36:54,033 - root - INFO - best test average_precision: 0.9834
2025-10-02 03:36:54,034 - root - INFO - test roc_auc, 0.9825
2025-10-02 03:36:54,034 - root - INFO - new node test loss: 0.2303
2025-10-02 03:36:54,034 - root - INFO - new node test average_precision, 0.9681
2025-10-02 03:36:54,034 - root - INFO - new node test roc_auc, 0.9681
2025-10-02 03:36:54,034 - root - INFO - save model ./saved_models/JODIE/reddit/JODIE_bochner_seed2/JODIE_bochner_seed2.pkl
2025-10-02 03:38:47,165 - root - INFO - Epoch: 29, learning rate: 0.0001, train loss: 0.1674
2025-10-02 03:38:47,166 - root - INFO - train average_precision, 0.9819
2025-10-02 03:38:47,166 - root - INFO - train roc_auc, 0.9817
2025-10-02 03:38:47,166 - root - INFO - validate loss: 0.1760
2025-10-02 03:38:47,166 - root - INFO - validate average_precision, 0.9819
2025-10-02 03:38:47,166 - root - INFO - validate roc_auc, 0.9812
2025-10-02 03:38:47,166 - root - INFO - new node validate loss: 0.3231
2025-10-02 03:38:47,167 - root - INFO - new node validate average_precision, 0.9432
2025-10-02 03:38:47,167 - root - INFO - new node validate roc_auc, 0.9380
2025-10-02 03:39:07,115 - root - INFO - test loss: 0.1837
2025-10-02 03:39:07,115 - root - INFO - test average_precision, 0.9804
2025-10-02 03:39:07,115 - root - INFO - best test average_precision: 0.9834
2025-10-02 03:39:07,115 - root - INFO - test roc_auc, 0.9798
2025-10-02 03:39:07,115 - root - INFO - new node test loss: 0.2475
2025-10-02 03:39:07,115 - root - INFO - new node test average_precision, 0.9640
2025-10-02 03:39:07,115 - root - INFO - new node test roc_auc, 0.9631
2025-10-02 03:40:58,546 - root - INFO - Epoch: 30, learning rate: 0.0001, train loss: 0.1654
2025-10-02 03:40:58,547 - root - INFO - train average_precision, 0.9824
2025-10-02 03:40:58,548 - root - INFO - train roc_auc, 0.9822
2025-10-02 03:40:58,548 - root - INFO - validate loss: 0.1719
2025-10-02 03:40:58,548 - root - INFO - validate average_precision, 0.9826
2025-10-02 03:40:58,548 - root - INFO - validate roc_auc, 0.9819
2025-10-02 03:40:58,548 - root - INFO - new node validate loss: 0.3318
2025-10-02 03:40:58,548 - root - INFO - new node validate average_precision, 0.9409
2025-10-02 03:40:58,548 - root - INFO - new node validate roc_auc, 0.9356
2025-10-02 03:41:18,256 - root - INFO - test loss: 0.1702
2025-10-02 03:41:18,256 - root - INFO - test average_precision, 0.9827
2025-10-02 03:41:18,257 - root - INFO - best test average_precision: 0.9834
2025-10-02 03:41:18,257 - root - INFO - test roc_auc, 0.9824
2025-10-02 03:41:18,257 - root - INFO - new node test loss: 0.2431
2025-10-02 03:41:18,257 - root - INFO - new node test average_precision, 0.9663
2025-10-02 03:41:18,257 - root - INFO - new node test roc_auc, 0.9655
2025-10-02 03:41:18,257 - root - INFO - save model ./saved_models/JODIE/reddit/JODIE_bochner_seed2/JODIE_bochner_seed2.pkl
2025-10-02 03:43:11,442 - root - INFO - Epoch: 31, learning rate: 0.0001, train loss: 0.1662
2025-10-02 03:43:11,443 - root - INFO - train average_precision, 0.9821
2025-10-02 03:43:11,443 - root - INFO - train roc_auc, 0.9820
2025-10-02 03:43:11,443 - root - INFO - validate loss: 0.1696
2025-10-02 03:43:11,443 - root - INFO - validate average_precision, 0.9831
2025-10-02 03:43:11,443 - root - INFO - validate roc_auc, 0.9824
2025-10-02 03:43:11,443 - root - INFO - new node validate loss: 0.3265
2025-10-02 03:43:11,443 - root - INFO - new node validate average_precision, 0.9423
2025-10-02 03:43:11,443 - root - INFO - new node validate roc_auc, 0.9369
2025-10-02 03:43:31,486 - root - INFO - test loss: 0.1654
2025-10-02 03:43:31,487 - root - INFO - test average_precision, 0.9837
2025-10-02 03:43:31,487 - root - INFO - best test average_precision: 0.9837
2025-10-02 03:43:31,487 - root - INFO - test roc_auc, 0.9833
2025-10-02 03:43:31,487 - root - INFO - new node test loss: 0.2404
2025-10-02 03:43:31,487 - root - INFO - new node test average_precision, 0.9664
2025-10-02 03:43:31,487 - root - INFO - new node test roc_auc, 0.9660
2025-10-02 03:43:31,487 - root - INFO - save model ./saved_models/JODIE/reddit/JODIE_bochner_seed2/JODIE_bochner_seed2.pkl
2025-10-02 03:45:24,560 - root - INFO - Epoch: 32, learning rate: 0.0001, train loss: 0.1665
2025-10-02 03:45:24,561 - root - INFO - train average_precision, 0.9821
2025-10-02 03:45:24,561 - root - INFO - train roc_auc, 0.9820
2025-10-02 03:45:24,561 - root - INFO - validate loss: 0.1765
2025-10-02 03:45:24,561 - root - INFO - validate average_precision, 0.9815
2025-10-02 03:45:24,562 - root - INFO - validate roc_auc, 0.9810
2025-10-02 03:45:24,562 - root - INFO - new node validate loss: 0.3209
2025-10-02 03:45:24,562 - root - INFO - new node validate average_precision, 0.9440
2025-10-02 03:45:24,562 - root - INFO - new node validate roc_auc, 0.9389
2025-10-02 03:45:44,613 - root - INFO - test loss: 0.1822
2025-10-02 03:45:44,613 - root - INFO - test average_precision, 0.9805
2025-10-02 03:45:44,613 - root - INFO - best test average_precision: 0.9837
2025-10-02 03:45:44,613 - root - INFO - test roc_auc, 0.9801
2025-10-02 03:45:44,613 - root - INFO - new node test loss: 0.2519
2025-10-02 03:45:44,614 - root - INFO - new node test average_precision, 0.9615
2025-10-02 03:45:44,614 - root - INFO - new node test roc_auc, 0.9616
2025-10-02 03:47:36,451 - root - INFO - Epoch: 33, learning rate: 0.0001, train loss: 0.1650
2025-10-02 03:47:36,452 - root - INFO - train average_precision, 0.9825
2025-10-02 03:47:36,452 - root - INFO - train roc_auc, 0.9823
2025-10-02 03:47:36,452 - root - INFO - validate loss: 0.1750
2025-10-02 03:47:36,452 - root - INFO - validate average_precision, 0.9821
2025-10-02 03:47:36,452 - root - INFO - validate roc_auc, 0.9814
2025-10-02 03:47:36,452 - root - INFO - new node validate loss: 0.3239
2025-10-02 03:47:36,453 - root - INFO - new node validate average_precision, 0.9419
2025-10-02 03:47:36,453 - root - INFO - new node validate roc_auc, 0.9372
2025-10-02 03:47:56,321 - root - INFO - test loss: 0.1820
2025-10-02 03:47:56,322 - root - INFO - test average_precision, 0.9805
2025-10-02 03:47:56,322 - root - INFO - best test average_precision: 0.9837
2025-10-02 03:47:56,322 - root - INFO - test roc_auc, 0.9803
2025-10-02 03:47:56,322 - root - INFO - new node test loss: 0.2407
2025-10-02 03:47:56,322 - root - INFO - new node test average_precision, 0.9661
2025-10-02 03:47:56,322 - root - INFO - new node test roc_auc, 0.9652
2025-10-02 03:49:47,880 - root - INFO - Epoch: 34, learning rate: 0.0001, train loss: 0.1644
2025-10-02 03:49:47,880 - root - INFO - train average_precision, 0.9826
2025-10-02 03:49:47,881 - root - INFO - train roc_auc, 0.9824
2025-10-02 03:49:47,881 - root - INFO - validate loss: 0.1731
2025-10-02 03:49:47,881 - root - INFO - validate average_precision, 0.9823
2025-10-02 03:49:47,881 - root - INFO - validate roc_auc, 0.9817
2025-10-02 03:49:47,881 - root - INFO - new node validate loss: 0.3339
2025-10-02 03:49:47,881 - root - INFO - new node validate average_precision, 0.9392
2025-10-02 03:49:47,881 - root - INFO - new node validate roc_auc, 0.9337
2025-10-02 03:50:07,938 - root - INFO - test loss: 0.1749
2025-10-02 03:50:07,938 - root - INFO - test average_precision, 0.9820
2025-10-02 03:50:07,938 - root - INFO - best test average_precision: 0.9837
2025-10-02 03:50:07,938 - root - INFO - test roc_auc, 0.9817
2025-10-02 03:50:07,938 - root - INFO - new node test loss: 0.2543
2025-10-02 03:50:07,939 - root - INFO - new node test average_precision, 0.9622
2025-10-02 03:50:07,939 - root - INFO - new node test roc_auc, 0.9615
2025-10-02 03:51:59,564 - root - INFO - Epoch: 35, learning rate: 0.0001, train loss: 0.1637
2025-10-02 03:51:59,565 - root - INFO - train average_precision, 0.9827
2025-10-02 03:51:59,565 - root - INFO - train roc_auc, 0.9825
2025-10-02 03:51:59,565 - root - INFO - validate loss: 0.1737
2025-10-02 03:51:59,565 - root - INFO - validate average_precision, 0.9824
2025-10-02 03:51:59,565 - root - INFO - validate roc_auc, 0.9818
2025-10-02 03:51:59,565 - root - INFO - new node validate loss: 0.3206
2025-10-02 03:51:59,565 - root - INFO - new node validate average_precision, 0.9425
2025-10-02 03:51:59,565 - root - INFO - new node validate roc_auc, 0.9377
2025-10-02 03:52:19,443 - root - INFO - test loss: 0.1724
2025-10-02 03:52:19,443 - root - INFO - test average_precision, 0.9829
2025-10-02 03:52:19,443 - root - INFO - best test average_precision: 0.9837
2025-10-02 03:52:19,444 - root - INFO - test roc_auc, 0.9824
2025-10-02 03:52:19,444 - root - INFO - new node test loss: 0.2360
2025-10-02 03:52:19,444 - root - INFO - new node test average_precision, 0.9671
2025-10-02 03:52:19,444 - root - INFO - new node test roc_auc, 0.9665
2025-10-02 03:54:11,108 - root - INFO - Epoch: 36, learning rate: 0.0001, train loss: 0.1635
2025-10-02 03:54:11,109 - root - INFO - train average_precision, 0.9827
2025-10-02 03:54:11,109 - root - INFO - train roc_auc, 0.9826
2025-10-02 03:54:11,109 - root - INFO - validate loss: 0.1684
2025-10-02 03:54:11,109 - root - INFO - validate average_precision, 0.9833
2025-10-02 03:54:11,110 - root - INFO - validate roc_auc, 0.9826
2025-10-02 03:54:11,110 - root - INFO - new node validate loss: 0.3358
2025-10-02 03:54:11,110 - root - INFO - new node validate average_precision, 0.9411
2025-10-02 03:54:11,110 - root - INFO - new node validate roc_auc, 0.9353
2025-10-02 03:54:31,031 - root - INFO - test loss: 0.1656
2025-10-02 03:54:31,031 - root - INFO - test average_precision, 0.9836
2025-10-02 03:54:31,031 - root - INFO - best test average_precision: 0.9837
2025-10-02 03:54:31,031 - root - INFO - test roc_auc, 0.9832
2025-10-02 03:54:31,031 - root - INFO - new node test loss: 0.2442
2025-10-02 03:54:31,031 - root - INFO - new node test average_precision, 0.9667
2025-10-02 03:54:31,031 - root - INFO - new node test roc_auc, 0.9656
2025-10-02 03:54:31,032 - root - INFO - save model ./saved_models/JODIE/reddit/JODIE_bochner_seed2/JODIE_bochner_seed2.pkl
2025-10-02 03:56:24,288 - root - INFO - Epoch: 37, learning rate: 0.0001, train loss: 0.1628
2025-10-02 03:56:24,289 - root - INFO - train average_precision, 0.9829
2025-10-02 03:56:24,289 - root - INFO - train roc_auc, 0.9827
2025-10-02 03:56:24,289 - root - INFO - validate loss: 0.1761
2025-10-02 03:56:24,290 - root - INFO - validate average_precision, 0.9820
2025-10-02 03:56:24,290 - root - INFO - validate roc_auc, 0.9812
2025-10-02 03:56:24,290 - root - INFO - new node validate loss: 0.3464
2025-10-02 03:56:24,290 - root - INFO - new node validate average_precision, 0.9371
2025-10-02 03:56:24,290 - root - INFO - new node validate roc_auc, 0.9311
2025-10-02 03:56:44,174 - root - INFO - test loss: 0.1823
2025-10-02 03:56:44,174 - root - INFO - test average_precision, 0.9810
2025-10-02 03:56:44,174 - root - INFO - best test average_precision: 0.9837
2025-10-02 03:56:44,174 - root - INFO - test roc_auc, 0.9802
2025-10-02 03:56:44,174 - root - INFO - new node test loss: 0.2636
2025-10-02 03:56:44,175 - root - INFO - new node test average_precision, 0.9599
2025-10-02 03:56:44,175 - root - INFO - new node test roc_auc, 0.9590
2025-10-02 03:58:35,941 - root - INFO - Epoch: 38, learning rate: 0.0001, train loss: 0.1633
2025-10-02 03:58:35,942 - root - INFO - train average_precision, 0.9828
2025-10-02 03:58:35,942 - root - INFO - train roc_auc, 0.9827
2025-10-02 03:58:35,942 - root - INFO - validate loss: 0.1722
2025-10-02 03:58:35,942 - root - INFO - validate average_precision, 0.9826
2025-10-02 03:58:35,942 - root - INFO - validate roc_auc, 0.9820
2025-10-02 03:58:35,942 - root - INFO - new node validate loss: 0.3193
2025-10-02 03:58:35,942 - root - INFO - new node validate average_precision, 0.9430
2025-10-02 03:58:35,943 - root - INFO - new node validate roc_auc, 0.9380
2025-10-02 03:58:55,909 - root - INFO - test loss: 0.1742
2025-10-02 03:58:55,910 - root - INFO - test average_precision, 0.9821
2025-10-02 03:58:55,910 - root - INFO - best test average_precision: 0.9837
2025-10-02 03:58:55,910 - root - INFO - test roc_auc, 0.9820
2025-10-02 03:58:55,910 - root - INFO - new node test loss: 0.2378
2025-10-02 03:58:55,910 - root - INFO - new node test average_precision, 0.9655
2025-10-02 03:58:55,910 - root - INFO - new node test roc_auc, 0.9658
2025-10-02 04:00:47,370 - root - INFO - Epoch: 39, learning rate: 0.0001, train loss: 0.1623
2025-10-02 04:00:47,371 - root - INFO - train average_precision, 0.9829
2025-10-02 04:00:47,371 - root - INFO - train roc_auc, 0.9828
2025-10-02 04:00:47,371 - root - INFO - validate loss: 0.1733
2025-10-02 04:00:47,372 - root - INFO - validate average_precision, 0.9824
2025-10-02 04:00:47,372 - root - INFO - validate roc_auc, 0.9818
2025-10-02 04:00:47,372 - root - INFO - new node validate loss: 0.3264
2025-10-02 04:00:47,372 - root - INFO - new node validate average_precision, 0.9429
2025-10-02 04:00:47,372 - root - INFO - new node validate roc_auc, 0.9377
2025-10-02 04:01:07,296 - root - INFO - test loss: 0.1813
2025-10-02 04:01:07,297 - root - INFO - test average_precision, 0.9810
2025-10-02 04:01:07,297 - root - INFO - best test average_precision: 0.9837
2025-10-02 04:01:07,297 - root - INFO - test roc_auc, 0.9805
2025-10-02 04:01:07,297 - root - INFO - new node test loss: 0.2511
2025-10-02 04:01:07,297 - root - INFO - new node test average_precision, 0.9643
2025-10-02 04:01:07,297 - root - INFO - new node test roc_auc, 0.9632
2025-10-02 04:02:58,639 - root - INFO - Epoch: 40, learning rate: 0.0001, train loss: 0.1614
2025-10-02 04:02:58,640 - root - INFO - train average_precision, 0.9831
2025-10-02 04:02:58,640 - root - INFO - train roc_auc, 0.9830
2025-10-02 04:02:58,640 - root - INFO - validate loss: 0.1764
2025-10-02 04:02:58,640 - root - INFO - validate average_precision, 0.9817
2025-10-02 04:02:58,640 - root - INFO - validate roc_auc, 0.9811
2025-10-02 04:02:58,640 - root - INFO - new node validate loss: 0.3320
2025-10-02 04:02:58,641 - root - INFO - new node validate average_precision, 0.9396
2025-10-02 04:02:58,641 - root - INFO - new node validate roc_auc, 0.9342
2025-10-02 04:03:18,652 - root - INFO - test loss: 0.1868
2025-10-02 04:03:18,652 - root - INFO - test average_precision, 0.9794
2025-10-02 04:03:18,653 - root - INFO - best test average_precision: 0.9837
2025-10-02 04:03:18,653 - root - INFO - test roc_auc, 0.9794
2025-10-02 04:03:18,653 - root - INFO - new node test loss: 0.2483
2025-10-02 04:03:18,653 - root - INFO - new node test average_precision, 0.9641
2025-10-02 04:03:18,653 - root - INFO - new node test roc_auc, 0.9636
2025-10-02 04:05:10,488 - root - INFO - Epoch: 41, learning rate: 0.0001, train loss: 0.1620
2025-10-02 04:05:10,489 - root - INFO - train average_precision, 0.9828
2025-10-02 04:05:10,489 - root - INFO - train roc_auc, 0.9829
2025-10-02 04:05:10,489 - root - INFO - validate loss: 0.1733
2025-10-02 04:05:10,489 - root - INFO - validate average_precision, 0.9825
2025-10-02 04:05:10,490 - root - INFO - validate roc_auc, 0.9818
2025-10-02 04:05:10,490 - root - INFO - new node validate loss: 0.3455
2025-10-02 04:05:10,490 - root - INFO - new node validate average_precision, 0.9395
2025-10-02 04:05:10,490 - root - INFO - new node validate roc_auc, 0.9332
2025-10-02 04:05:30,301 - root - INFO - test loss: 0.1756
2025-10-02 04:05:30,301 - root - INFO - test average_precision, 0.9820
2025-10-02 04:05:30,301 - root - INFO - best test average_precision: 0.9837
2025-10-02 04:05:30,301 - root - INFO - test roc_auc, 0.9815
2025-10-02 04:05:30,301 - root - INFO - new node test loss: 0.2489
2025-10-02 04:05:30,301 - root - INFO - new node test average_precision, 0.9658
2025-10-02 04:05:30,302 - root - INFO - new node test roc_auc, 0.9644
2025-10-02 04:07:21,753 - root - INFO - Epoch: 42, learning rate: 0.0001, train loss: 0.1604
2025-10-02 04:07:21,754 - root - INFO - train average_precision, 0.9833
2025-10-02 04:07:21,754 - root - INFO - train roc_auc, 0.9832
2025-10-02 04:07:21,754 - root - INFO - validate loss: 0.1719
2025-10-02 04:07:21,755 - root - INFO - validate average_precision, 0.9827
2025-10-02 04:07:21,755 - root - INFO - validate roc_auc, 0.9820
2025-10-02 04:07:21,755 - root - INFO - new node validate loss: 0.3440
2025-10-02 04:07:21,755 - root - INFO - new node validate average_precision, 0.9376
2025-10-02 04:07:21,755 - root - INFO - new node validate roc_auc, 0.9319
2025-10-02 04:07:41,714 - root - INFO - test loss: 0.1721
2025-10-02 04:07:41,714 - root - INFO - test average_precision, 0.9825
2025-10-02 04:07:41,714 - root - INFO - best test average_precision: 0.9837
2025-10-02 04:07:41,714 - root - INFO - test roc_auc, 0.9821
2025-10-02 04:07:41,714 - root - INFO - new node test loss: 0.2462
2025-10-02 04:07:41,714 - root - INFO - new node test average_precision, 0.9647
2025-10-02 04:07:41,714 - root - INFO - new node test roc_auc, 0.9643
2025-10-02 04:09:33,490 - root - INFO - Epoch: 43, learning rate: 0.0001, train loss: 0.1602
2025-10-02 04:09:33,491 - root - INFO - train average_precision, 0.9834
2025-10-02 04:09:33,491 - root - INFO - train roc_auc, 0.9833
2025-10-02 04:09:33,491 - root - INFO - validate loss: 0.1715
2025-10-02 04:09:33,492 - root - INFO - validate average_precision, 0.9829
2025-10-02 04:09:33,492 - root - INFO - validate roc_auc, 0.9822
2025-10-02 04:09:33,492 - root - INFO - new node validate loss: 0.3227
2025-10-02 04:09:33,492 - root - INFO - new node validate average_precision, 0.9419
2025-10-02 04:09:33,492 - root - INFO - new node validate roc_auc, 0.9371
2025-10-02 04:09:53,530 - root - INFO - test loss: 0.1731
2025-10-02 04:09:53,531 - root - INFO - test average_precision, 0.9826
2025-10-02 04:09:53,531 - root - INFO - best test average_precision: 0.9837
2025-10-02 04:09:53,531 - root - INFO - test roc_auc, 0.9822
2025-10-02 04:09:53,531 - root - INFO - new node test loss: 0.2481
2025-10-02 04:09:53,531 - root - INFO - new node test average_precision, 0.9631
2025-10-02 04:09:53,531 - root - INFO - new node test roc_auc, 0.9629
2025-10-02 04:11:45,312 - root - INFO - Epoch: 44, learning rate: 0.0001, train loss: 0.1607
2025-10-02 04:11:45,313 - root - INFO - train average_precision, 0.9833
2025-10-02 04:11:45,313 - root - INFO - train roc_auc, 0.9832
2025-10-02 04:11:45,313 - root - INFO - validate loss: 0.1742
2025-10-02 04:11:45,313 - root - INFO - validate average_precision, 0.9822
2025-10-02 04:11:45,313 - root - INFO - validate roc_auc, 0.9816
2025-10-02 04:11:45,313 - root - INFO - new node validate loss: 0.3271
2025-10-02 04:11:45,313 - root - INFO - new node validate average_precision, 0.9397
2025-10-02 04:11:45,313 - root - INFO - new node validate roc_auc, 0.9356
2025-10-02 04:12:05,405 - root - INFO - test loss: 0.1820
2025-10-02 04:12:05,405 - root - INFO - test average_precision, 0.9802
2025-10-02 04:12:05,405 - root - INFO - best test average_precision: 0.9837
2025-10-02 04:12:05,405 - root - INFO - test roc_auc, 0.9802
2025-10-02 04:12:05,405 - root - INFO - new node test loss: 0.2517
2025-10-02 04:12:05,405 - root - INFO - new node test average_precision, 0.9619
2025-10-02 04:12:05,405 - root - INFO - new node test roc_auc, 0.9619
2025-10-02 04:13:57,184 - root - INFO - Epoch: 45, learning rate: 0.0001, train loss: 0.1596
2025-10-02 04:13:57,184 - root - INFO - train average_precision, 0.9834
2025-10-02 04:13:57,185 - root - INFO - train roc_auc, 0.9833
2025-10-02 04:13:57,185 - root - INFO - validate loss: 0.1741
2025-10-02 04:13:57,185 - root - INFO - validate average_precision, 0.9822
2025-10-02 04:13:57,185 - root - INFO - validate roc_auc, 0.9816
2025-10-02 04:13:57,185 - root - INFO - new node validate loss: 0.3405
2025-10-02 04:13:57,185 - root - INFO - new node validate average_precision, 0.9388
2025-10-02 04:13:57,185 - root - INFO - new node validate roc_auc, 0.9330
2025-10-02 04:14:17,063 - root - INFO - test loss: 0.1777
2025-10-02 04:14:17,063 - root - INFO - test average_precision, 0.9812
2025-10-02 04:14:17,063 - root - INFO - best test average_precision: 0.9837
2025-10-02 04:14:17,063 - root - INFO - test roc_auc, 0.9809
2025-10-02 04:14:17,063 - root - INFO - new node test loss: 0.2515
2025-10-02 04:14:17,063 - root - INFO - new node test average_precision, 0.9631
2025-10-02 04:14:17,063 - root - INFO - new node test roc_auc, 0.9628
2025-10-02 04:16:08,817 - root - INFO - Epoch: 46, learning rate: 0.0001, train loss: 0.1590
2025-10-02 04:16:08,818 - root - INFO - train average_precision, 0.9834
2025-10-02 04:16:08,818 - root - INFO - train roc_auc, 0.9834
2025-10-02 04:16:08,818 - root - INFO - validate loss: 0.1763
2025-10-02 04:16:08,819 - root - INFO - validate average_precision, 0.9817
2025-10-02 04:16:08,819 - root - INFO - validate roc_auc, 0.9812
2025-10-02 04:16:08,819 - root - INFO - new node validate loss: 0.3491
2025-10-02 04:16:08,819 - root - INFO - new node validate average_precision, 0.9358
2025-10-02 04:16:08,819 - root - INFO - new node validate roc_auc, 0.9305
2025-10-02 04:16:28,940 - root - INFO - test loss: 0.1848
2025-10-02 04:16:28,941 - root - INFO - test average_precision, 0.9802
2025-10-02 04:16:28,941 - root - INFO - best test average_precision: 0.9837
2025-10-02 04:16:28,941 - root - INFO - test roc_auc, 0.9796
2025-10-02 04:16:28,941 - root - INFO - new node test loss: 0.2686
2025-10-02 04:16:28,941 - root - INFO - new node test average_precision, 0.9591
2025-10-02 04:16:28,941 - root - INFO - new node test roc_auc, 0.9584
2025-10-02 04:18:20,514 - root - INFO - Epoch: 47, learning rate: 0.0001, train loss: 0.1603
2025-10-02 04:18:20,515 - root - INFO - train average_precision, 0.9832
2025-10-02 04:18:20,515 - root - INFO - train roc_auc, 0.9832
2025-10-02 04:18:20,515 - root - INFO - validate loss: 0.1742
2025-10-02 04:18:20,515 - root - INFO - validate average_precision, 0.9823
2025-10-02 04:18:20,515 - root - INFO - validate roc_auc, 0.9816
2025-10-02 04:18:20,515 - root - INFO - new node validate loss: 0.3331
2025-10-02 04:18:20,516 - root - INFO - new node validate average_precision, 0.9393
2025-10-02 04:18:20,516 - root - INFO - new node validate roc_auc, 0.9338
2025-10-02 04:18:40,533 - root - INFO - test loss: 0.1778
2025-10-02 04:18:40,534 - root - INFO - test average_precision, 0.9809
2025-10-02 04:18:40,534 - root - INFO - best test average_precision: 0.9837
2025-10-02 04:18:40,534 - root - INFO - test roc_auc, 0.9811
2025-10-02 04:18:40,534 - root - INFO - new node test loss: 0.2535
2025-10-02 04:18:40,534 - root - INFO - new node test average_precision, 0.9615
2025-10-02 04:18:40,534 - root - INFO - new node test roc_auc, 0.9613
2025-10-02 04:20:32,147 - root - INFO - Epoch: 48, learning rate: 0.0001, train loss: 0.1591
2025-10-02 04:20:32,147 - root - INFO - train average_precision, 0.9834
2025-10-02 04:20:32,148 - root - INFO - train roc_auc, 0.9834
2025-10-02 04:20:32,148 - root - INFO - validate loss: 0.1718
2025-10-02 04:20:32,148 - root - INFO - validate average_precision, 0.9829
2025-10-02 04:20:32,148 - root - INFO - validate roc_auc, 0.9821
2025-10-02 04:20:32,148 - root - INFO - new node validate loss: 0.3317
2025-10-02 04:20:32,148 - root - INFO - new node validate average_precision, 0.9387
2025-10-02 04:20:32,148 - root - INFO - new node validate roc_auc, 0.9344
2025-10-02 04:20:52,145 - root - INFO - test loss: 0.1775
2025-10-02 04:20:52,145 - root - INFO - test average_precision, 0.9816
2025-10-02 04:20:52,145 - root - INFO - best test average_precision: 0.9837
2025-10-02 04:20:52,145 - root - INFO - test roc_auc, 0.9813
2025-10-02 04:20:52,145 - root - INFO - new node test loss: 0.2446
2025-10-02 04:20:52,145 - root - INFO - new node test average_precision, 0.9648
2025-10-02 04:20:52,145 - root - INFO - new node test roc_auc, 0.9641
2025-10-02 04:22:43,888 - root - INFO - Epoch: 49, learning rate: 0.0001, train loss: 0.1603
2025-10-02 04:22:43,889 - root - INFO - train average_precision, 0.9831
2025-10-02 04:22:43,889 - root - INFO - train roc_auc, 0.9832
2025-10-02 04:22:43,889 - root - INFO - validate loss: 0.1715
2025-10-02 04:22:43,890 - root - INFO - validate average_precision, 0.9828
2025-10-02 04:22:43,890 - root - INFO - validate roc_auc, 0.9823
2025-10-02 04:22:43,890 - root - INFO - new node validate loss: 0.3273
2025-10-02 04:22:43,890 - root - INFO - new node validate average_precision, 0.9404
2025-10-02 04:22:43,890 - root - INFO - new node validate roc_auc, 0.9361
2025-10-02 04:23:03,706 - root - INFO - test loss: 0.1727
2025-10-02 04:23:03,707 - root - INFO - test average_precision, 0.9823
2025-10-02 04:23:03,707 - root - INFO - best test average_precision: 0.9837
2025-10-02 04:23:03,707 - root - INFO - test roc_auc, 0.9822
2025-10-02 04:23:03,707 - root - INFO - new node test loss: 0.2462
2025-10-02 04:23:03,707 - root - INFO - new node test average_precision, 0.9632
2025-10-02 04:23:03,707 - root - INFO - new node test roc_auc, 0.9639
2025-10-02 04:24:55,257 - root - INFO - Epoch: 50, learning rate: 0.0001, train loss: 0.1582
2025-10-02 04:24:55,257 - root - INFO - train average_precision, 0.9837
2025-10-02 04:24:55,258 - root - INFO - train roc_auc, 0.9836
2025-10-02 04:24:55,258 - root - INFO - validate loss: 0.1734
2025-10-02 04:24:55,258 - root - INFO - validate average_precision, 0.9825
2025-10-02 04:24:55,258 - root - INFO - validate roc_auc, 0.9818
2025-10-02 04:24:55,258 - root - INFO - new node validate loss: 0.3270
2025-10-02 04:24:55,258 - root - INFO - new node validate average_precision, 0.9427
2025-10-02 04:24:55,258 - root - INFO - new node validate roc_auc, 0.9375
2025-10-02 04:25:15,302 - root - INFO - test loss: 0.1727
2025-10-02 04:25:15,302 - root - INFO - test average_precision, 0.9824
2025-10-02 04:25:15,302 - root - INFO - best test average_precision: 0.9837
2025-10-02 04:25:15,302 - root - INFO - test roc_auc, 0.9821
2025-10-02 04:25:15,302 - root - INFO - new node test loss: 0.2373
2025-10-02 04:25:15,302 - root - INFO - new node test average_precision, 0.9681
2025-10-02 04:25:15,302 - root - INFO - new node test roc_auc, 0.9669
2025-10-02 04:27:06,913 - root - INFO - Epoch: 51, learning rate: 0.0001, train loss: 0.1576
2025-10-02 04:27:06,914 - root - INFO - train average_precision, 0.9838
2025-10-02 04:27:06,914 - root - INFO - train roc_auc, 0.9837
2025-10-02 04:27:06,914 - root - INFO - validate loss: 0.1723
2025-10-02 04:27:06,915 - root - INFO - validate average_precision, 0.9828
2025-10-02 04:27:06,915 - root - INFO - validate roc_auc, 0.9820
2025-10-02 04:27:06,915 - root - INFO - new node validate loss: 0.3275
2025-10-02 04:27:06,915 - root - INFO - new node validate average_precision, 0.9421
2025-10-02 04:27:06,915 - root - INFO - new node validate roc_auc, 0.9371
2025-10-02 04:27:26,814 - root - INFO - test loss: 0.1763
2025-10-02 04:27:26,814 - root - INFO - test average_precision, 0.9808
2025-10-02 04:27:26,815 - root - INFO - best test average_precision: 0.9837
2025-10-02 04:27:26,815 - root - INFO - test roc_auc, 0.9811
2025-10-02 04:27:26,815 - root - INFO - new node test loss: 0.2494
2025-10-02 04:27:26,815 - root - INFO - new node test average_precision, 0.9629
2025-10-02 04:27:26,815 - root - INFO - new node test roc_auc, 0.9629
2025-10-02 04:29:18,623 - root - INFO - Epoch: 52, learning rate: 0.0001, train loss: 0.1575
2025-10-02 04:29:18,624 - root - INFO - train average_precision, 0.9837
2025-10-02 04:29:18,624 - root - INFO - train roc_auc, 0.9838
2025-10-02 04:29:18,624 - root - INFO - validate loss: 0.1732
2025-10-02 04:29:18,625 - root - INFO - validate average_precision, 0.9823
2025-10-02 04:29:18,625 - root - INFO - validate roc_auc, 0.9818
2025-10-02 04:29:18,625 - root - INFO - new node validate loss: 0.3384
2025-10-02 04:29:18,625 - root - INFO - new node validate average_precision, 0.9369
2025-10-02 04:29:18,625 - root - INFO - new node validate roc_auc, 0.9329
2025-10-02 04:29:38,594 - root - INFO - test loss: 0.1783
2025-10-02 04:29:38,594 - root - INFO - test average_precision, 0.9798
2025-10-02 04:29:38,594 - root - INFO - best test average_precision: 0.9837
2025-10-02 04:29:38,594 - root - INFO - test roc_auc, 0.9808
2025-10-02 04:29:38,594 - root - INFO - new node test loss: 0.2537
2025-10-02 04:29:38,595 - root - INFO - new node test average_precision, 0.9605
2025-10-02 04:29:38,595 - root - INFO - new node test roc_auc, 0.9620
2025-10-02 04:31:30,058 - root - INFO - Epoch: 53, learning rate: 0.0001, train loss: 0.1575
2025-10-02 04:31:30,059 - root - INFO - train average_precision, 0.9838
2025-10-02 04:31:30,059 - root - INFO - train roc_auc, 0.9838
2025-10-02 04:31:30,059 - root - INFO - validate loss: 0.1779
2025-10-02 04:31:30,060 - root - INFO - validate average_precision, 0.9816
2025-10-02 04:31:30,060 - root - INFO - validate roc_auc, 0.9808
2025-10-02 04:31:30,060 - root - INFO - new node validate loss: 0.3509
2025-10-02 04:31:30,060 - root - INFO - new node validate average_precision, 0.9342
2025-10-02 04:31:30,060 - root - INFO - new node validate roc_auc, 0.9292
2025-10-02 04:31:49,765 - root - INFO - test loss: 0.1920
2025-10-02 04:31:49,766 - root - INFO - test average_precision, 0.9780
2025-10-02 04:31:49,766 - root - INFO - best test average_precision: 0.9837
2025-10-02 04:31:49,766 - root - INFO - test roc_auc, 0.9782
2025-10-02 04:31:49,766 - root - INFO - new node test loss: 0.2869
2025-10-02 04:31:49,766 - root - INFO - new node test average_precision, 0.9528
2025-10-02 04:31:49,766 - root - INFO - new node test roc_auc, 0.9525
2025-10-02 04:33:41,319 - root - INFO - Epoch: 54, learning rate: 0.0001, train loss: 0.1570
2025-10-02 04:33:41,320 - root - INFO - train average_precision, 0.9839
2025-10-02 04:33:41,320 - root - INFO - train roc_auc, 0.9839
2025-10-02 04:33:41,320 - root - INFO - validate loss: 0.1711
2025-10-02 04:33:41,320 - root - INFO - validate average_precision, 0.9829
2025-10-02 04:33:41,320 - root - INFO - validate roc_auc, 0.9822
2025-10-02 04:33:41,320 - root - INFO - new node validate loss: 0.3335
2025-10-02 04:33:41,320 - root - INFO - new node validate average_precision, 0.9374
2025-10-02 04:33:41,320 - root - INFO - new node validate roc_auc, 0.9343
2025-10-02 04:34:01,384 - root - INFO - test loss: 0.1705
2025-10-02 04:34:01,384 - root - INFO - test average_precision, 0.9828
2025-10-02 04:34:01,384 - root - INFO - best test average_precision: 0.9837
2025-10-02 04:34:01,384 - root - INFO - test roc_auc, 0.9824
2025-10-02 04:34:01,384 - root - INFO - new node test loss: 0.2443
2025-10-02 04:34:01,384 - root - INFO - new node test average_precision, 0.9644
2025-10-02 04:34:01,384 - root - INFO - new node test roc_auc, 0.9644
2025-10-02 04:35:53,015 - root - INFO - Epoch: 55, learning rate: 0.0001, train loss: 0.1560
2025-10-02 04:35:53,016 - root - INFO - train average_precision, 0.9840
2025-10-02 04:35:53,016 - root - INFO - train roc_auc, 0.9841
2025-10-02 04:35:53,016 - root - INFO - validate loss: 0.1764
2025-10-02 04:35:53,016 - root - INFO - validate average_precision, 0.9819
2025-10-02 04:35:53,016 - root - INFO - validate roc_auc, 0.9811
2025-10-02 04:35:53,016 - root - INFO - new node validate loss: 0.3437
2025-10-02 04:35:53,017 - root - INFO - new node validate average_precision, 0.9342
2025-10-02 04:35:53,017 - root - INFO - new node validate roc_auc, 0.9300
2025-10-02 04:36:12,998 - root - INFO - test loss: 0.1866
2025-10-02 04:36:12,998 - root - INFO - test average_precision, 0.9775
2025-10-02 04:36:12,998 - root - INFO - best test average_precision: 0.9837
2025-10-02 04:36:12,998 - root - INFO - test roc_auc, 0.9791
2025-10-02 04:36:12,998 - root - INFO - new node test loss: 0.2744
2025-10-02 04:36:12,999 - root - INFO - new node test average_precision, 0.9533
2025-10-02 04:36:12,999 - root - INFO - new node test roc_auc, 0.9548
2025-10-02 04:38:04,572 - root - INFO - Epoch: 56, learning rate: 0.0001, train loss: 0.1575
2025-10-02 04:38:04,573 - root - INFO - train average_precision, 0.9838
2025-10-02 04:38:04,573 - root - INFO - train roc_auc, 0.9838
2025-10-02 04:38:04,573 - root - INFO - validate loss: 0.1762
2025-10-02 04:38:04,573 - root - INFO - validate average_precision, 0.9822
2025-10-02 04:38:04,573 - root - INFO - validate roc_auc, 0.9814
2025-10-02 04:38:04,573 - root - INFO - new node validate loss: 0.3254
2025-10-02 04:38:04,574 - root - INFO - new node validate average_precision, 0.9407
2025-10-02 04:38:04,574 - root - INFO - new node validate roc_auc, 0.9358
2025-10-02 04:38:24,521 - root - INFO - test loss: 0.1818
2025-10-02 04:38:24,522 - root - INFO - test average_precision, 0.9802
2025-10-02 04:38:24,522 - root - INFO - best test average_precision: 0.9837
2025-10-02 04:38:24,522 - root - INFO - test roc_auc, 0.9806
2025-10-02 04:38:24,522 - root - INFO - new node test loss: 0.2575
2025-10-02 04:38:24,522 - root - INFO - new node test average_precision, 0.9592
2025-10-02 04:38:24,522 - root - INFO - new node test roc_auc, 0.9603
2025-10-02 04:38:24,522 - root - INFO - load model ./saved_models/JODIE/reddit/JODIE_bochner_seed2/JODIE_bochner_seed2.pkl
2025-10-02 04:38:25,962 - root - INFO - get final performance on dataset reddit...
2025-10-02 04:38:46,781 - root - INFO - test loss: 0.1656
2025-10-02 04:38:46,782 - root - INFO - test average_precision, 0.9836
2025-10-02 04:38:46,782 - root - INFO - test roc_auc, 0.9832
2025-10-02 04:38:46,782 - root - INFO - new node test loss: 0.2442
2025-10-02 04:38:46,782 - root - INFO - new node test average_precision, 0.9667
2025-10-02 04:38:46,782 - root - INFO - new node test roc_auc, 0.9656
2025-10-02 04:38:46,782 - root - INFO - Run 3 cost 7426.36 seconds.
