2025-10-01 19:32:53,800 - root - INFO - ********** Run 1 starts. **********
2025-10-01 19:32:53,800 - root - INFO - configuration is Namespace(dataset_name='wikipedia', batch_size=200, model_name='JODIE', gpu=0, num_neighbors=10, sample_neighbor_strategy='uniform', time_scaling_factor=1e-06, num_walk_heads=8, num_heads=2, num_layers=1, walk_length=1, time_gap=2000, time_feat_dim=128, position_feat_dim=172, time_window_mode='fixed_proportion', time_encoder_type='bochner', expert_dim=64, num_mixtures=4, patch_size=1, channel_embedding_dim=50, max_input_sequence_length=32, learning_rate=0.0001, dropout=0.1, gamma=0.5, num_epochs=100, optimizer='Adam', weight_decay=0.0, patience=20, val_ratio=0.15, test_ratio=0.15, num_runs=5, test_interval_epochs=1, negative_sample_strategy='random', max_interaction_times=10, load_best_configs=True, device='cuda:0', seed=0, save_model_name='JODIE_bochner_seed0')
2025-10-01 19:32:53,801 - root - INFO - time encoder type: bochner
2025-10-01 19:32:54,102 - root - INFO - model -> Sequential(
  (0): MemoryModel(
    (time_encoder): TimeEncoder(
      (w): Linear(in_features=1, out_features=128, bias=True)
    )
    (message_aggregator): MessageAggregator()
    (memory_bank): MemoryBank(num_nodes=9228, memory_dim=172)
    (memory_updater): RNNMemoryUpdater(
      (memory_bank): MemoryBank(num_nodes=9228, memory_dim=172)
      (memory_updater): RNNCell(644, 172)
    )
    (embedding_module): TimeProjectionEmbedding(
      (dropout): Dropout(p=0.1, inplace=False)
      (linear_layer): Linear(in_features=1, out_features=172, bias=True)
    )
  )
  (1): MergeLayer(
    (fc1): Linear(in_features=344, out_features=172, bias=True)
    (fc2): Linear(in_features=172, out_features=1, bias=True)
    (act): ReLU()
  )
)
2025-10-01 19:32:54,102 - root - INFO - model name: JODIE, #parameters: 803236 B, 784.41015625 KB, 0.7660255432128906 MB.
2025-10-01 19:33:14,179 - root - INFO - Epoch: 1, learning rate: 0.0001, train loss: 0.5269
2025-10-01 19:33:14,179 - root - INFO - train average_precision, 0.7890
2025-10-01 19:33:14,180 - root - INFO - train roc_auc, 0.8156
2025-10-01 19:33:14,180 - root - INFO - validate loss: 0.4411
2025-10-01 19:33:14,180 - root - INFO - validate average_precision, 0.8764
2025-10-01 19:33:14,180 - root - INFO - validate roc_auc, 0.8810
2025-10-01 19:33:14,180 - root - INFO - new node validate loss: 0.5083
2025-10-01 19:33:14,180 - root - INFO - new node validate average_precision, 0.8394
2025-10-01 19:33:14,180 - root - INFO - new node validate roc_auc, 0.8358
2025-10-01 19:33:18,785 - root - INFO - test loss: 0.4576
2025-10-01 19:33:18,785 - root - INFO - test average_precision, 0.8632
2025-10-01 19:33:18,785 - root - INFO - best test average_precision: 0.8632
2025-10-01 19:33:18,785 - root - INFO - test roc_auc, 0.8703
2025-10-01 19:33:18,785 - root - INFO - new node test loss: 0.5399
2025-10-01 19:33:18,785 - root - INFO - new node test average_precision, 0.8124
2025-10-01 19:33:18,785 - root - INFO - new node test roc_auc, 0.8118
2025-10-01 19:33:18,785 - root - INFO - save model ./saved_models/JODIE/wikipedia/JODIE_bochner_seed0/JODIE_bochner_seed0.pkl
2025-10-01 19:33:38,053 - root - INFO - Epoch: 2, learning rate: 0.0001, train loss: 0.4120
2025-10-01 19:33:38,054 - root - INFO - train average_precision, 0.8863
2025-10-01 19:33:38,054 - root - INFO - train roc_auc, 0.8950
2025-10-01 19:33:38,054 - root - INFO - validate loss: 0.3776
2025-10-01 19:33:38,054 - root - INFO - validate average_precision, 0.9064
2025-10-01 19:33:38,054 - root - INFO - validate roc_auc, 0.9132
2025-10-01 19:33:38,054 - root - INFO - new node validate loss: 0.4390
2025-10-01 19:33:38,054 - root - INFO - new node validate average_precision, 0.8790
2025-10-01 19:33:38,054 - root - INFO - new node validate roc_auc, 0.8744
2025-10-01 19:33:42,693 - root - INFO - test loss: 0.3877
2025-10-01 19:33:42,693 - root - INFO - test average_precision, 0.8974
2025-10-01 19:33:42,693 - root - INFO - best test average_precision: 0.8974
2025-10-01 19:33:42,693 - root - INFO - test roc_auc, 0.9081
2025-10-01 19:33:42,693 - root - INFO - new node test loss: 0.4330
2025-10-01 19:33:42,693 - root - INFO - new node test average_precision, 0.8844
2025-10-01 19:33:42,693 - root - INFO - new node test roc_auc, 0.8851
2025-10-01 19:33:42,694 - root - INFO - save model ./saved_models/JODIE/wikipedia/JODIE_bochner_seed0/JODIE_bochner_seed0.pkl
2025-10-01 19:34:01,957 - root - INFO - Epoch: 3, learning rate: 0.0001, train loss: 0.3783
2025-10-01 19:34:01,957 - root - INFO - train average_precision, 0.9064
2025-10-01 19:34:01,957 - root - INFO - train roc_auc, 0.9121
2025-10-01 19:34:01,957 - root - INFO - validate loss: 0.3553
2025-10-01 19:34:01,957 - root - INFO - validate average_precision, 0.9183
2025-10-01 19:34:01,957 - root - INFO - validate roc_auc, 0.9230
2025-10-01 19:34:01,957 - root - INFO - new node validate loss: 0.4244
2025-10-01 19:34:01,957 - root - INFO - new node validate average_precision, 0.8891
2025-10-01 19:34:01,957 - root - INFO - new node validate roc_auc, 0.8836
2025-10-01 19:34:06,612 - root - INFO - test loss: 0.3585
2025-10-01 19:34:06,612 - root - INFO - test average_precision, 0.9159
2025-10-01 19:34:06,612 - root - INFO - best test average_precision: 0.9159
2025-10-01 19:34:06,612 - root - INFO - test roc_auc, 0.9215
2025-10-01 19:34:06,612 - root - INFO - new node test loss: 0.4261
2025-10-01 19:34:06,612 - root - INFO - new node test average_precision, 0.8918
2025-10-01 19:34:06,612 - root - INFO - new node test roc_auc, 0.8897
2025-10-01 19:34:06,613 - root - INFO - save model ./saved_models/JODIE/wikipedia/JODIE_bochner_seed0/JODIE_bochner_seed0.pkl
2025-10-01 19:34:25,900 - root - INFO - Epoch: 4, learning rate: 0.0001, train loss: 0.3656
2025-10-01 19:34:25,900 - root - INFO - train average_precision, 0.9127
2025-10-01 19:34:25,900 - root - INFO - train roc_auc, 0.9177
2025-10-01 19:34:25,900 - root - INFO - validate loss: 0.3489
2025-10-01 19:34:25,900 - root - INFO - validate average_precision, 0.9240
2025-10-01 19:34:25,901 - root - INFO - validate roc_auc, 0.9271
2025-10-01 19:34:25,901 - root - INFO - new node validate loss: 0.4161
2025-10-01 19:34:25,901 - root - INFO - new node validate average_precision, 0.8955
2025-10-01 19:34:25,901 - root - INFO - new node validate roc_auc, 0.8881
2025-10-01 19:34:30,554 - root - INFO - test loss: 0.3589
2025-10-01 19:34:30,554 - root - INFO - test average_precision, 0.9182
2025-10-01 19:34:30,554 - root - INFO - best test average_precision: 0.9182
2025-10-01 19:34:30,554 - root - INFO - test roc_auc, 0.9228
2025-10-01 19:34:30,554 - root - INFO - new node test loss: 0.4215
2025-10-01 19:34:30,554 - root - INFO - new node test average_precision, 0.8959
2025-10-01 19:34:30,554 - root - INFO - new node test roc_auc, 0.8936
2025-10-01 19:34:30,555 - root - INFO - save model ./saved_models/JODIE/wikipedia/JODIE_bochner_seed0/JODIE_bochner_seed0.pkl
2025-10-01 19:34:49,695 - root - INFO - Epoch: 5, learning rate: 0.0001, train loss: 0.3569
2025-10-01 19:34:49,695 - root - INFO - train average_precision, 0.9179
2025-10-01 19:34:49,695 - root - INFO - train roc_auc, 0.9215
2025-10-01 19:34:49,695 - root - INFO - validate loss: 0.3402
2025-10-01 19:34:49,695 - root - INFO - validate average_precision, 0.9295
2025-10-01 19:34:49,695 - root - INFO - validate roc_auc, 0.9302
2025-10-01 19:34:49,695 - root - INFO - new node validate loss: 0.4052
2025-10-01 19:34:49,695 - root - INFO - new node validate average_precision, 0.9017
2025-10-01 19:34:49,696 - root - INFO - new node validate roc_auc, 0.8935
2025-10-01 19:34:54,321 - root - INFO - test loss: 0.3581
2025-10-01 19:34:54,321 - root - INFO - test average_precision, 0.9204
2025-10-01 19:34:54,321 - root - INFO - best test average_precision: 0.9204
2025-10-01 19:34:54,321 - root - INFO - test roc_auc, 0.9229
2025-10-01 19:34:54,321 - root - INFO - new node test loss: 0.4081
2025-10-01 19:34:54,321 - root - INFO - new node test average_precision, 0.8998
2025-10-01 19:34:54,321 - root - INFO - new node test roc_auc, 0.8985
2025-10-01 19:34:54,321 - root - INFO - save model ./saved_models/JODIE/wikipedia/JODIE_bochner_seed0/JODIE_bochner_seed0.pkl
2025-10-01 19:35:13,563 - root - INFO - Epoch: 6, learning rate: 0.0001, train loss: 0.3437
2025-10-01 19:35:13,563 - root - INFO - train average_precision, 0.9257
2025-10-01 19:35:13,563 - root - INFO - train roc_auc, 0.9276
2025-10-01 19:35:13,563 - root - INFO - validate loss: 0.3318
2025-10-01 19:35:13,563 - root - INFO - validate average_precision, 0.9354
2025-10-01 19:35:13,564 - root - INFO - validate roc_auc, 0.9338
2025-10-01 19:35:13,564 - root - INFO - new node validate loss: 0.3941
2025-10-01 19:35:13,564 - root - INFO - new node validate average_precision, 0.9085
2025-10-01 19:35:13,564 - root - INFO - new node validate roc_auc, 0.8990
2025-10-01 19:35:18,193 - root - INFO - test loss: 0.3474
2025-10-01 19:35:18,193 - root - INFO - test average_precision, 0.9268
2025-10-01 19:35:18,193 - root - INFO - best test average_precision: 0.9268
2025-10-01 19:35:18,193 - root - INFO - test roc_auc, 0.9276
2025-10-01 19:35:18,193 - root - INFO - new node test loss: 0.3991
2025-10-01 19:35:18,193 - root - INFO - new node test average_precision, 0.9072
2025-10-01 19:35:18,193 - root - INFO - new node test roc_auc, 0.9028
2025-10-01 19:35:18,193 - root - INFO - save model ./saved_models/JODIE/wikipedia/JODIE_bochner_seed0/JODIE_bochner_seed0.pkl
2025-10-01 19:35:37,553 - root - INFO - Epoch: 7, learning rate: 0.0001, train loss: 0.3313
2025-10-01 19:35:37,553 - root - INFO - train average_precision, 0.9320
2025-10-01 19:35:37,554 - root - INFO - train roc_auc, 0.9321
2025-10-01 19:35:37,554 - root - INFO - validate loss: 0.3184
2025-10-01 19:35:37,554 - root - INFO - validate average_precision, 0.9410
2025-10-01 19:35:37,554 - root - INFO - validate roc_auc, 0.9387
2025-10-01 19:35:37,554 - root - INFO - new node validate loss: 0.3899
2025-10-01 19:35:37,554 - root - INFO - new node validate average_precision, 0.9088
2025-10-01 19:35:37,554 - root - INFO - new node validate roc_auc, 0.8988
2025-10-01 19:35:42,258 - root - INFO - test loss: 0.3282
2025-10-01 19:35:42,258 - root - INFO - test average_precision, 0.9367
2025-10-01 19:35:42,258 - root - INFO - best test average_precision: 0.9367
2025-10-01 19:35:42,258 - root - INFO - test roc_auc, 0.9358
2025-10-01 19:35:42,258 - root - INFO - new node test loss: 0.3923
2025-10-01 19:35:42,258 - root - INFO - new node test average_precision, 0.9127
2025-10-01 19:35:42,258 - root - INFO - new node test roc_auc, 0.9060
2025-10-01 19:35:42,259 - root - INFO - save model ./saved_models/JODIE/wikipedia/JODIE_bochner_seed0/JODIE_bochner_seed0.pkl
2025-10-01 19:36:01,543 - root - INFO - Epoch: 8, learning rate: 0.0001, train loss: 0.3201
2025-10-01 19:36:01,543 - root - INFO - train average_precision, 0.9373
2025-10-01 19:36:01,543 - root - INFO - train roc_auc, 0.9364
2025-10-01 19:36:01,543 - root - INFO - validate loss: 0.3107
2025-10-01 19:36:01,543 - root - INFO - validate average_precision, 0.9446
2025-10-01 19:36:01,543 - root - INFO - validate roc_auc, 0.9418
2025-10-01 19:36:01,543 - root - INFO - new node validate loss: 0.3882
2025-10-01 19:36:01,543 - root - INFO - new node validate average_precision, 0.9098
2025-10-01 19:36:01,543 - root - INFO - new node validate roc_auc, 0.8996
2025-10-01 19:36:06,153 - root - INFO - test loss: 0.3219
2025-10-01 19:36:06,153 - root - INFO - test average_precision, 0.9396
2025-10-01 19:36:06,153 - root - INFO - best test average_precision: 0.9396
2025-10-01 19:36:06,153 - root - INFO - test roc_auc, 0.9384
2025-10-01 19:36:06,153 - root - INFO - new node test loss: 0.3794
2025-10-01 19:36:06,153 - root - INFO - new node test average_precision, 0.9187
2025-10-01 19:36:06,154 - root - INFO - new node test roc_auc, 0.9125
2025-10-01 19:36:06,154 - root - INFO - save model ./saved_models/JODIE/wikipedia/JODIE_bochner_seed0/JODIE_bochner_seed0.pkl
2025-10-01 19:36:25,463 - root - INFO - Epoch: 9, learning rate: 0.0001, train loss: 0.3108
2025-10-01 19:36:25,463 - root - INFO - train average_precision, 0.9404
2025-10-01 19:36:25,464 - root - INFO - train roc_auc, 0.9398
2025-10-01 19:36:25,464 - root - INFO - validate loss: 0.3075
2025-10-01 19:36:25,464 - root - INFO - validate average_precision, 0.9455
2025-10-01 19:36:25,464 - root - INFO - validate roc_auc, 0.9431
2025-10-01 19:36:25,464 - root - INFO - new node validate loss: 0.3926
2025-10-01 19:36:25,464 - root - INFO - new node validate average_precision, 0.9101
2025-10-01 19:36:25,464 - root - INFO - new node validate roc_auc, 0.8987
2025-10-01 19:36:30,102 - root - INFO - test loss: 0.3205
2025-10-01 19:36:30,102 - root - INFO - test average_precision, 0.9396
2025-10-01 19:36:30,102 - root - INFO - best test average_precision: 0.9396
2025-10-01 19:36:30,102 - root - INFO - test roc_auc, 0.9388
2025-10-01 19:36:30,102 - root - INFO - new node test loss: 0.3780
2025-10-01 19:36:30,102 - root - INFO - new node test average_precision, 0.9196
2025-10-01 19:36:30,102 - root - INFO - new node test roc_auc, 0.9130
2025-10-01 19:36:30,102 - root - INFO - save model ./saved_models/JODIE/wikipedia/JODIE_bochner_seed0/JODIE_bochner_seed0.pkl
2025-10-01 19:36:49,224 - root - INFO - Epoch: 10, learning rate: 0.0001, train loss: 0.3120
2025-10-01 19:36:49,225 - root - INFO - train average_precision, 0.9409
2025-10-01 19:36:49,225 - root - INFO - train roc_auc, 0.9394
2025-10-01 19:36:49,225 - root - INFO - validate loss: 0.3031
2025-10-01 19:36:49,225 - root - INFO - validate average_precision, 0.9474
2025-10-01 19:36:49,225 - root - INFO - validate roc_auc, 0.9439
2025-10-01 19:36:49,225 - root - INFO - new node validate loss: 0.3876
2025-10-01 19:36:49,225 - root - INFO - new node validate average_precision, 0.9104
2025-10-01 19:36:49,225 - root - INFO - new node validate roc_auc, 0.9002
2025-10-01 19:36:53,879 - root - INFO - test loss: 0.3151
2025-10-01 19:36:53,879 - root - INFO - test average_precision, 0.9436
2025-10-01 19:36:53,879 - root - INFO - best test average_precision: 0.9436
2025-10-01 19:36:53,879 - root - INFO - test roc_auc, 0.9404
2025-10-01 19:36:53,879 - root - INFO - new node test loss: 0.3784
2025-10-01 19:36:53,879 - root - INFO - new node test average_precision, 0.9196
2025-10-01 19:36:53,879 - root - INFO - new node test roc_auc, 0.9111
2025-10-01 19:36:53,879 - root - INFO - save model ./saved_models/JODIE/wikipedia/JODIE_bochner_seed0/JODIE_bochner_seed0.pkl
2025-10-01 19:37:13,335 - root - INFO - Epoch: 11, learning rate: 0.0001, train loss: 0.3005
2025-10-01 19:37:13,335 - root - INFO - train average_precision, 0.9446
2025-10-01 19:37:13,335 - root - INFO - train roc_auc, 0.9431
2025-10-01 19:37:13,335 - root - INFO - validate loss: 0.2931
2025-10-01 19:37:13,335 - root - INFO - validate average_precision, 0.9524
2025-10-01 19:37:13,335 - root - INFO - validate roc_auc, 0.9474
2025-10-01 19:37:13,335 - root - INFO - new node validate loss: 0.3760
2025-10-01 19:37:13,335 - root - INFO - new node validate average_precision, 0.9176
2025-10-01 19:37:13,336 - root - INFO - new node validate roc_auc, 0.9070
2025-10-01 19:37:17,979 - root - INFO - test loss: 0.3061
2025-10-01 19:37:17,979 - root - INFO - test average_precision, 0.9478
2025-10-01 19:37:17,979 - root - INFO - best test average_precision: 0.9478
2025-10-01 19:37:17,979 - root - INFO - test roc_auc, 0.9440
2025-10-01 19:37:17,979 - root - INFO - new node test loss: 0.3624
2025-10-01 19:37:17,979 - root - INFO - new node test average_precision, 0.9292
2025-10-01 19:37:17,979 - root - INFO - new node test roc_auc, 0.9192
2025-10-01 19:37:17,979 - root - INFO - save model ./saved_models/JODIE/wikipedia/JODIE_bochner_seed0/JODIE_bochner_seed0.pkl
2025-10-01 19:37:37,306 - root - INFO - Epoch: 12, learning rate: 0.0001, train loss: 0.2945
2025-10-01 19:37:37,306 - root - INFO - train average_precision, 0.9474
2025-10-01 19:37:37,306 - root - INFO - train roc_auc, 0.9456
2025-10-01 19:37:37,306 - root - INFO - validate loss: 0.2881
2025-10-01 19:37:37,306 - root - INFO - validate average_precision, 0.9533
2025-10-01 19:37:37,306 - root - INFO - validate roc_auc, 0.9497
2025-10-01 19:37:37,306 - root - INFO - new node validate loss: 0.3783
2025-10-01 19:37:37,307 - root - INFO - new node validate average_precision, 0.9175
2025-10-01 19:37:37,307 - root - INFO - new node validate roc_auc, 0.9062
2025-10-01 19:37:41,949 - root - INFO - test loss: 0.3000
2025-10-01 19:37:41,949 - root - INFO - test average_precision, 0.9503
2025-10-01 19:37:41,949 - root - INFO - best test average_precision: 0.9503
2025-10-01 19:37:41,949 - root - INFO - test roc_auc, 0.9471
2025-10-01 19:37:41,949 - root - INFO - new node test loss: 0.3804
2025-10-01 19:37:41,949 - root - INFO - new node test average_precision, 0.9246
2025-10-01 19:37:41,949 - root - INFO - new node test roc_auc, 0.9131
2025-10-01 19:37:41,949 - root - INFO - save model ./saved_models/JODIE/wikipedia/JODIE_bochner_seed0/JODIE_bochner_seed0.pkl
2025-10-01 19:38:01,249 - root - INFO - Epoch: 13, learning rate: 0.0001, train loss: 0.2855
2025-10-01 19:38:01,249 - root - INFO - train average_precision, 0.9500
2025-10-01 19:38:01,249 - root - INFO - train roc_auc, 0.9482
2025-10-01 19:38:01,249 - root - INFO - validate loss: 0.2853
2025-10-01 19:38:01,249 - root - INFO - validate average_precision, 0.9543
2025-10-01 19:38:01,249 - root - INFO - validate roc_auc, 0.9503
2025-10-01 19:38:01,249 - root - INFO - new node validate loss: 0.3681
2025-10-01 19:38:01,249 - root - INFO - new node validate average_precision, 0.9200
2025-10-01 19:38:01,249 - root - INFO - new node validate roc_auc, 0.9103
2025-10-01 19:38:05,872 - root - INFO - test loss: 0.3060
2025-10-01 19:38:05,872 - root - INFO - test average_precision, 0.9483
2025-10-01 19:38:05,872 - root - INFO - best test average_precision: 0.9503
2025-10-01 19:38:05,872 - root - INFO - test roc_auc, 0.9443
2025-10-01 19:38:05,872 - root - INFO - new node test loss: 0.3759
2025-10-01 19:38:05,872 - root - INFO - new node test average_precision, 0.9235
2025-10-01 19:38:05,872 - root - INFO - new node test roc_auc, 0.9140
2025-10-01 19:38:05,872 - root - INFO - save model ./saved_models/JODIE/wikipedia/JODIE_bochner_seed0/JODIE_bochner_seed0.pkl
2025-10-01 19:38:25,108 - root - INFO - Epoch: 14, learning rate: 0.0001, train loss: 0.2820
2025-10-01 19:38:25,109 - root - INFO - train average_precision, 0.9510
2025-10-01 19:38:25,109 - root - INFO - train roc_auc, 0.9497
2025-10-01 19:38:25,109 - root - INFO - validate loss: 0.2887
2025-10-01 19:38:25,109 - root - INFO - validate average_precision, 0.9531
2025-10-01 19:38:25,109 - root - INFO - validate roc_auc, 0.9495
2025-10-01 19:38:25,109 - root - INFO - new node validate loss: 0.3653
2025-10-01 19:38:25,109 - root - INFO - new node validate average_precision, 0.9222
2025-10-01 19:38:25,109 - root - INFO - new node validate roc_auc, 0.9126
2025-10-01 19:38:29,743 - root - INFO - test loss: 0.2990
2025-10-01 19:38:29,743 - root - INFO - test average_precision, 0.9499
2025-10-01 19:38:29,743 - root - INFO - best test average_precision: 0.9503
2025-10-01 19:38:29,743 - root - INFO - test roc_auc, 0.9468
2025-10-01 19:38:29,744 - root - INFO - new node test loss: 0.3635
2025-10-01 19:38:29,744 - root - INFO - new node test average_precision, 0.9246
2025-10-01 19:38:29,744 - root - INFO - new node test roc_auc, 0.9184
2025-10-01 19:38:47,913 - root - INFO - Epoch: 15, learning rate: 0.0001, train loss: 0.2783
2025-10-01 19:38:47,914 - root - INFO - train average_precision, 0.9527
2025-10-01 19:38:47,914 - root - INFO - train roc_auc, 0.9510
2025-10-01 19:38:47,914 - root - INFO - validate loss: 0.2770
2025-10-01 19:38:47,914 - root - INFO - validate average_precision, 0.9570
2025-10-01 19:38:47,914 - root - INFO - validate roc_auc, 0.9530
2025-10-01 19:38:47,914 - root - INFO - new node validate loss: 0.3649
2025-10-01 19:38:47,914 - root - INFO - new node validate average_precision, 0.9228
2025-10-01 19:38:47,914 - root - INFO - new node validate roc_auc, 0.9123
2025-10-01 19:38:52,531 - root - INFO - test loss: 0.2883
2025-10-01 19:38:52,532 - root - INFO - test average_precision, 0.9533
2025-10-01 19:38:52,532 - root - INFO - best test average_precision: 0.9533
2025-10-01 19:38:52,532 - root - INFO - test roc_auc, 0.9503
2025-10-01 19:38:52,532 - root - INFO - new node test loss: 0.3532
2025-10-01 19:38:52,532 - root - INFO - new node test average_precision, 0.9309
2025-10-01 19:38:52,532 - root - INFO - new node test roc_auc, 0.9226
2025-10-01 19:38:52,532 - root - INFO - save model ./saved_models/JODIE/wikipedia/JODIE_bochner_seed0/JODIE_bochner_seed0.pkl
2025-10-01 19:39:11,824 - root - INFO - Epoch: 16, learning rate: 0.0001, train loss: 0.2735
2025-10-01 19:39:11,824 - root - INFO - train average_precision, 0.9536
2025-10-01 19:39:11,824 - root - INFO - train roc_auc, 0.9524
2025-10-01 19:39:11,824 - root - INFO - validate loss: 0.2781
2025-10-01 19:39:11,824 - root - INFO - validate average_precision, 0.9563
2025-10-01 19:39:11,824 - root - INFO - validate roc_auc, 0.9527
2025-10-01 19:39:11,824 - root - INFO - new node validate loss: 0.3646
2025-10-01 19:39:11,824 - root - INFO - new node validate average_precision, 0.9231
2025-10-01 19:39:11,824 - root - INFO - new node validate roc_auc, 0.9129
2025-10-01 19:39:16,489 - root - INFO - test loss: 0.2850
2025-10-01 19:39:16,489 - root - INFO - test average_precision, 0.9551
2025-10-01 19:39:16,489 - root - INFO - best test average_precision: 0.9551
2025-10-01 19:39:16,490 - root - INFO - test roc_auc, 0.9515
2025-10-01 19:39:16,490 - root - INFO - new node test loss: 0.3519
2025-10-01 19:39:16,490 - root - INFO - new node test average_precision, 0.9321
2025-10-01 19:39:16,490 - root - INFO - new node test roc_auc, 0.9234
2025-10-01 19:39:34,635 - root - INFO - Epoch: 17, learning rate: 0.0001, train loss: 0.2672
2025-10-01 19:39:34,635 - root - INFO - train average_precision, 0.9560
2025-10-01 19:39:34,635 - root - INFO - train roc_auc, 0.9545
2025-10-01 19:39:34,635 - root - INFO - validate loss: 0.2728
2025-10-01 19:39:34,635 - root - INFO - validate average_precision, 0.9582
2025-10-01 19:39:34,636 - root - INFO - validate roc_auc, 0.9546
2025-10-01 19:39:34,636 - root - INFO - new node validate loss: 0.3655
2025-10-01 19:39:34,636 - root - INFO - new node validate average_precision, 0.9233
2025-10-01 19:39:34,636 - root - INFO - new node validate roc_auc, 0.9124
2025-10-01 19:39:39,331 - root - INFO - test loss: 0.2760
2025-10-01 19:39:39,331 - root - INFO - test average_precision, 0.9581
2025-10-01 19:39:39,331 - root - INFO - best test average_precision: 0.9581
2025-10-01 19:39:39,331 - root - INFO - test roc_auc, 0.9547
2025-10-01 19:39:39,331 - root - INFO - new node test loss: 0.3483
2025-10-01 19:39:39,331 - root - INFO - new node test average_precision, 0.9343
2025-10-01 19:39:39,331 - root - INFO - new node test roc_auc, 0.9258
2025-10-01 19:39:39,332 - root - INFO - save model ./saved_models/JODIE/wikipedia/JODIE_bochner_seed0/JODIE_bochner_seed0.pkl
2025-10-01 19:39:58,653 - root - INFO - Epoch: 18, learning rate: 0.0001, train loss: 0.2649
2025-10-01 19:39:58,653 - root - INFO - train average_precision, 0.9562
2025-10-01 19:39:58,653 - root - INFO - train roc_auc, 0.9549
2025-10-01 19:39:58,653 - root - INFO - validate loss: 0.2754
2025-10-01 19:39:58,653 - root - INFO - validate average_precision, 0.9573
2025-10-01 19:39:58,653 - root - INFO - validate roc_auc, 0.9541
2025-10-01 19:39:58,653 - root - INFO - new node validate loss: 0.3629
2025-10-01 19:39:58,653 - root - INFO - new node validate average_precision, 0.9238
2025-10-01 19:39:58,653 - root - INFO - new node validate roc_auc, 0.9134
2025-10-01 19:40:03,295 - root - INFO - test loss: 0.2868
2025-10-01 19:40:03,296 - root - INFO - test average_precision, 0.9538
2025-10-01 19:40:03,296 - root - INFO - best test average_precision: 0.9581
2025-10-01 19:40:03,296 - root - INFO - test roc_auc, 0.9518
2025-10-01 19:40:03,296 - root - INFO - new node test loss: 0.3577
2025-10-01 19:40:03,296 - root - INFO - new node test average_precision, 0.9305
2025-10-01 19:40:03,296 - root - INFO - new node test roc_auc, 0.9223
2025-10-01 19:40:21,476 - root - INFO - Epoch: 19, learning rate: 0.0001, train loss: 0.2611
2025-10-01 19:40:21,476 - root - INFO - train average_precision, 0.9574
2025-10-01 19:40:21,476 - root - INFO - train roc_auc, 0.9564
2025-10-01 19:40:21,476 - root - INFO - validate loss: 0.2745
2025-10-01 19:40:21,476 - root - INFO - validate average_precision, 0.9581
2025-10-01 19:40:21,476 - root - INFO - validate roc_auc, 0.9548
2025-10-01 19:40:21,476 - root - INFO - new node validate loss: 0.3650
2025-10-01 19:40:21,476 - root - INFO - new node validate average_precision, 0.9249
2025-10-01 19:40:21,476 - root - INFO - new node validate roc_auc, 0.9146
2025-10-01 19:40:26,135 - root - INFO - test loss: 0.2798
2025-10-01 19:40:26,135 - root - INFO - test average_precision, 0.9561
2025-10-01 19:40:26,135 - root - INFO - best test average_precision: 0.9581
2025-10-01 19:40:26,136 - root - INFO - test roc_auc, 0.9538
2025-10-01 19:40:26,136 - root - INFO - new node test loss: 0.3527
2025-10-01 19:40:26,136 - root - INFO - new node test average_precision, 0.9324
2025-10-01 19:40:26,136 - root - INFO - new node test roc_auc, 0.9249
2025-10-01 19:40:44,285 - root - INFO - Epoch: 20, learning rate: 0.0001, train loss: 0.2615
2025-10-01 19:40:44,285 - root - INFO - train average_precision, 0.9570
2025-10-01 19:40:44,285 - root - INFO - train roc_auc, 0.9561
2025-10-01 19:40:44,285 - root - INFO - validate loss: 0.2663
2025-10-01 19:40:44,285 - root - INFO - validate average_precision, 0.9600
2025-10-01 19:40:44,285 - root - INFO - validate roc_auc, 0.9567
2025-10-01 19:40:44,285 - root - INFO - new node validate loss: 0.3583
2025-10-01 19:40:44,285 - root - INFO - new node validate average_precision, 0.9267
2025-10-01 19:40:44,285 - root - INFO - new node validate roc_auc, 0.9163
2025-10-01 19:40:48,926 - root - INFO - test loss: 0.2735
2025-10-01 19:40:48,926 - root - INFO - test average_precision, 0.9586
2025-10-01 19:40:48,926 - root - INFO - best test average_precision: 0.9586
2025-10-01 19:40:48,926 - root - INFO - test roc_auc, 0.9556
2025-10-01 19:40:48,926 - root - INFO - new node test loss: 0.3403
2025-10-01 19:40:48,926 - root - INFO - new node test average_precision, 0.9368
2025-10-01 19:40:48,926 - root - INFO - new node test roc_auc, 0.9291
2025-10-01 19:40:48,926 - root - INFO - save model ./saved_models/JODIE/wikipedia/JODIE_bochner_seed0/JODIE_bochner_seed0.pkl
2025-10-01 19:41:08,183 - root - INFO - Epoch: 21, learning rate: 0.0001, train loss: 0.2583
2025-10-01 19:41:08,184 - root - INFO - train average_precision, 0.9580
2025-10-01 19:41:08,184 - root - INFO - train roc_auc, 0.9570
2025-10-01 19:41:08,184 - root - INFO - validate loss: 0.2675
2025-10-01 19:41:08,184 - root - INFO - validate average_precision, 0.9601
2025-10-01 19:41:08,184 - root - INFO - validate roc_auc, 0.9569
2025-10-01 19:41:08,184 - root - INFO - new node validate loss: 0.3569
2025-10-01 19:41:08,184 - root - INFO - new node validate average_precision, 0.9279
2025-10-01 19:41:08,184 - root - INFO - new node validate roc_auc, 0.9183
2025-10-01 19:41:12,825 - root - INFO - test loss: 0.2775
2025-10-01 19:41:12,825 - root - INFO - test average_precision, 0.9575
2025-10-01 19:41:12,825 - root - INFO - best test average_precision: 0.9586
2025-10-01 19:41:12,825 - root - INFO - test roc_auc, 0.9552
2025-10-01 19:41:12,825 - root - INFO - new node test loss: 0.3451
2025-10-01 19:41:12,825 - root - INFO - new node test average_precision, 0.9342
2025-10-01 19:41:12,825 - root - INFO - new node test roc_auc, 0.9275
2025-10-01 19:41:12,826 - root - INFO - save model ./saved_models/JODIE/wikipedia/JODIE_bochner_seed0/JODIE_bochner_seed0.pkl
2025-10-01 19:41:32,194 - root - INFO - Epoch: 22, learning rate: 0.0001, train loss: 0.2570
2025-10-01 19:41:32,194 - root - INFO - train average_precision, 0.9589
2025-10-01 19:41:32,194 - root - INFO - train roc_auc, 0.9574
2025-10-01 19:41:32,194 - root - INFO - validate loss: 0.2720
2025-10-01 19:41:32,194 - root - INFO - validate average_precision, 0.9596
2025-10-01 19:41:32,194 - root - INFO - validate roc_auc, 0.9560
2025-10-01 19:41:32,194 - root - INFO - new node validate loss: 0.3652
2025-10-01 19:41:32,194 - root - INFO - new node validate average_precision, 0.9259
2025-10-01 19:41:32,194 - root - INFO - new node validate roc_auc, 0.9167
2025-10-01 19:41:36,852 - root - INFO - test loss: 0.2841
2025-10-01 19:41:36,852 - root - INFO - test average_precision, 0.9551
2025-10-01 19:41:36,852 - root - INFO - best test average_precision: 0.9586
2025-10-01 19:41:36,852 - root - INFO - test roc_auc, 0.9533
2025-10-01 19:41:36,852 - root - INFO - new node test loss: 0.3576
2025-10-01 19:41:36,852 - root - INFO - new node test average_precision, 0.9316
2025-10-01 19:41:36,852 - root - INFO - new node test roc_auc, 0.9245
2025-10-01 19:41:55,048 - root - INFO - Epoch: 23, learning rate: 0.0001, train loss: 0.2531
2025-10-01 19:41:55,048 - root - INFO - train average_precision, 0.9596
2025-10-01 19:41:55,049 - root - INFO - train roc_auc, 0.9586
2025-10-01 19:41:55,049 - root - INFO - validate loss: 0.2639
2025-10-01 19:41:55,049 - root - INFO - validate average_precision, 0.9610
2025-10-01 19:41:55,049 - root - INFO - validate roc_auc, 0.9578
2025-10-01 19:41:55,049 - root - INFO - new node validate loss: 0.3547
2025-10-01 19:41:55,049 - root - INFO - new node validate average_precision, 0.9285
2025-10-01 19:41:55,049 - root - INFO - new node validate roc_auc, 0.9189
2025-10-01 19:41:59,747 - root - INFO - test loss: 0.2751
2025-10-01 19:41:59,747 - root - INFO - test average_precision, 0.9579
2025-10-01 19:41:59,747 - root - INFO - best test average_precision: 0.9586
2025-10-01 19:41:59,747 - root - INFO - test roc_auc, 0.9555
2025-10-01 19:41:59,747 - root - INFO - new node test loss: 0.3394
2025-10-01 19:41:59,747 - root - INFO - new node test average_precision, 0.9380
2025-10-01 19:41:59,747 - root - INFO - new node test roc_auc, 0.9302
2025-10-01 19:41:59,747 - root - INFO - save model ./saved_models/JODIE/wikipedia/JODIE_bochner_seed0/JODIE_bochner_seed0.pkl
2025-10-01 19:42:19,125 - root - INFO - Epoch: 24, learning rate: 0.0001, train loss: 0.2518
2025-10-01 19:42:19,125 - root - INFO - train average_precision, 0.9600
2025-10-01 19:42:19,125 - root - INFO - train roc_auc, 0.9590
2025-10-01 19:42:19,125 - root - INFO - validate loss: 0.2623
2025-10-01 19:42:19,126 - root - INFO - validate average_precision, 0.9622
2025-10-01 19:42:19,126 - root - INFO - validate roc_auc, 0.9584
2025-10-01 19:42:19,126 - root - INFO - new node validate loss: 0.3568
2025-10-01 19:42:19,126 - root - INFO - new node validate average_precision, 0.9290
2025-10-01 19:42:19,126 - root - INFO - new node validate roc_auc, 0.9193
2025-10-01 19:42:23,785 - root - INFO - test loss: 0.2676
2025-10-01 19:42:23,786 - root - INFO - test average_precision, 0.9615
2025-10-01 19:42:23,786 - root - INFO - best test average_precision: 0.9615
2025-10-01 19:42:23,786 - root - INFO - test roc_auc, 0.9584
2025-10-01 19:42:23,786 - root - INFO - new node test loss: 0.3408
2025-10-01 19:42:23,786 - root - INFO - new node test average_precision, 0.9386
2025-10-01 19:42:23,786 - root - INFO - new node test roc_auc, 0.9303
2025-10-01 19:42:23,786 - root - INFO - save model ./saved_models/JODIE/wikipedia/JODIE_bochner_seed0/JODIE_bochner_seed0.pkl
2025-10-01 19:42:43,354 - root - INFO - Epoch: 25, learning rate: 0.0001, train loss: 0.2474
2025-10-01 19:42:43,355 - root - INFO - train average_precision, 0.9610
2025-10-01 19:42:43,355 - root - INFO - train roc_auc, 0.9600
2025-10-01 19:42:43,355 - root - INFO - validate loss: 0.2602
2025-10-01 19:42:43,355 - root - INFO - validate average_precision, 0.9630
2025-10-01 19:42:43,355 - root - INFO - validate roc_auc, 0.9593
2025-10-01 19:42:43,355 - root - INFO - new node validate loss: 0.3537
2025-10-01 19:42:43,355 - root - INFO - new node validate average_precision, 0.9298
2025-10-01 19:42:43,355 - root - INFO - new node validate roc_auc, 0.9204
2025-10-01 19:42:48,000 - root - INFO - test loss: 0.2630
2025-10-01 19:42:48,000 - root - INFO - test average_precision, 0.9624
2025-10-01 19:42:48,000 - root - INFO - best test average_precision: 0.9624
2025-10-01 19:42:48,000 - root - INFO - test roc_auc, 0.9600
2025-10-01 19:42:48,000 - root - INFO - new node test loss: 0.3326
2025-10-01 19:42:48,000 - root - INFO - new node test average_precision, 0.9410
2025-10-01 19:42:48,001 - root - INFO - new node test roc_auc, 0.9334
2025-10-01 19:42:48,001 - root - INFO - save model ./saved_models/JODIE/wikipedia/JODIE_bochner_seed0/JODIE_bochner_seed0.pkl
2025-10-01 19:43:07,389 - root - INFO - Epoch: 26, learning rate: 0.0001, train loss: 0.2460
2025-10-01 19:43:07,389 - root - INFO - train average_precision, 0.9616
2025-10-01 19:43:07,390 - root - INFO - train roc_auc, 0.9606
2025-10-01 19:43:07,390 - root - INFO - validate loss: 0.2589
2025-10-01 19:43:07,390 - root - INFO - validate average_precision, 0.9633
2025-10-01 19:43:07,390 - root - INFO - validate roc_auc, 0.9597
2025-10-01 19:43:07,390 - root - INFO - new node validate loss: 0.3523
2025-10-01 19:43:07,390 - root - INFO - new node validate average_precision, 0.9315
2025-10-01 19:43:07,390 - root - INFO - new node validate roc_auc, 0.9223
2025-10-01 19:43:12,062 - root - INFO - test loss: 0.2660
2025-10-01 19:43:12,062 - root - INFO - test average_precision, 0.9613
2025-10-01 19:43:12,062 - root - INFO - best test average_precision: 0.9624
2025-10-01 19:43:12,062 - root - INFO - test roc_auc, 0.9592
2025-10-01 19:43:12,062 - root - INFO - new node test loss: 0.3381
2025-10-01 19:43:12,062 - root - INFO - new node test average_precision, 0.9391
2025-10-01 19:43:12,062 - root - INFO - new node test roc_auc, 0.9319
2025-10-01 19:43:12,063 - root - INFO - save model ./saved_models/JODIE/wikipedia/JODIE_bochner_seed0/JODIE_bochner_seed0.pkl
2025-10-01 19:43:31,330 - root - INFO - Epoch: 27, learning rate: 0.0001, train loss: 0.2442
2025-10-01 19:43:31,330 - root - INFO - train average_precision, 0.9618
2025-10-01 19:43:31,330 - root - INFO - train roc_auc, 0.9611
2025-10-01 19:43:31,330 - root - INFO - validate loss: 0.2586
2025-10-01 19:43:31,330 - root - INFO - validate average_precision, 0.9634
2025-10-01 19:43:31,330 - root - INFO - validate roc_auc, 0.9599
2025-10-01 19:43:31,330 - root - INFO - new node validate loss: 0.3531
2025-10-01 19:43:31,330 - root - INFO - new node validate average_precision, 0.9309
2025-10-01 19:43:31,330 - root - INFO - new node validate roc_auc, 0.9209
2025-10-01 19:43:35,996 - root - INFO - test loss: 0.2663
2025-10-01 19:43:35,997 - root - INFO - test average_precision, 0.9606
2025-10-01 19:43:35,997 - root - INFO - best test average_precision: 0.9624
2025-10-01 19:43:35,997 - root - INFO - test roc_auc, 0.9590
2025-10-01 19:43:35,997 - root - INFO - new node test loss: 0.3344
2025-10-01 19:43:35,997 - root - INFO - new node test average_precision, 0.9399
2025-10-01 19:43:35,997 - root - INFO - new node test roc_auc, 0.9333
2025-10-01 19:43:35,997 - root - INFO - save model ./saved_models/JODIE/wikipedia/JODIE_bochner_seed0/JODIE_bochner_seed0.pkl
2025-10-01 19:43:55,590 - root - INFO - Epoch: 28, learning rate: 0.0001, train loss: 0.2435
2025-10-01 19:43:55,590 - root - INFO - train average_precision, 0.9620
2025-10-01 19:43:55,590 - root - INFO - train roc_auc, 0.9613
2025-10-01 19:43:55,591 - root - INFO - validate loss: 0.2735
2025-10-01 19:43:55,591 - root - INFO - validate average_precision, 0.9585
2025-10-01 19:43:55,591 - root - INFO - validate roc_auc, 0.9558
2025-10-01 19:43:55,591 - root - INFO - new node validate loss: 0.3497
2025-10-01 19:43:55,591 - root - INFO - new node validate average_precision, 0.9303
2025-10-01 19:43:55,591 - root - INFO - new node validate roc_auc, 0.9220
2025-10-01 19:44:00,318 - root - INFO - test loss: 0.2932
2025-10-01 19:44:00,318 - root - INFO - test average_precision, 0.9520
2025-10-01 19:44:00,318 - root - INFO - best test average_precision: 0.9624
2025-10-01 19:44:00,319 - root - INFO - test roc_auc, 0.9515
2025-10-01 19:44:00,319 - root - INFO - new node test loss: 0.3605
2025-10-01 19:44:00,319 - root - INFO - new node test average_precision, 0.9293
2025-10-01 19:44:00,319 - root - INFO - new node test roc_auc, 0.9237
2025-10-01 19:44:18,659 - root - INFO - Epoch: 29, learning rate: 0.0001, train loss: 0.2411
2025-10-01 19:44:18,659 - root - INFO - train average_precision, 0.9625
2025-10-01 19:44:18,659 - root - INFO - train roc_auc, 0.9620
2025-10-01 19:44:18,659 - root - INFO - validate loss: 0.2582
2025-10-01 19:44:18,659 - root - INFO - validate average_precision, 0.9631
2025-10-01 19:44:18,659 - root - INFO - validate roc_auc, 0.9599
2025-10-01 19:44:18,659 - root - INFO - new node validate loss: 0.3494
2025-10-01 19:44:18,660 - root - INFO - new node validate average_precision, 0.9316
2025-10-01 19:44:18,660 - root - INFO - new node validate roc_auc, 0.9220
2025-10-01 19:44:23,325 - root - INFO - test loss: 0.2716
2025-10-01 19:44:23,325 - root - INFO - test average_precision, 0.9600
2025-10-01 19:44:23,325 - root - INFO - best test average_precision: 0.9624
2025-10-01 19:44:23,325 - root - INFO - test roc_auc, 0.9578
2025-10-01 19:44:23,325 - root - INFO - new node test loss: 0.3393
2025-10-01 19:44:23,325 - root - INFO - new node test average_precision, 0.9387
2025-10-01 19:44:23,325 - root - INFO - new node test roc_auc, 0.9318
2025-10-01 19:44:41,556 - root - INFO - Epoch: 30, learning rate: 0.0001, train loss: 0.2429
2025-10-01 19:44:41,557 - root - INFO - train average_precision, 0.9617
2025-10-01 19:44:41,557 - root - INFO - train roc_auc, 0.9613
2025-10-01 19:44:41,557 - root - INFO - validate loss: 0.2650
2025-10-01 19:44:41,557 - root - INFO - validate average_precision, 0.9616
2025-10-01 19:44:41,557 - root - INFO - validate roc_auc, 0.9586
2025-10-01 19:44:41,557 - root - INFO - new node validate loss: 0.3498
2025-10-01 19:44:41,557 - root - INFO - new node validate average_precision, 0.9317
2025-10-01 19:44:41,557 - root - INFO - new node validate roc_auc, 0.9227
2025-10-01 19:44:46,236 - root - INFO - test loss: 0.2758
2025-10-01 19:44:46,236 - root - INFO - test average_precision, 0.9576
2025-10-01 19:44:46,236 - root - INFO - best test average_precision: 0.9624
2025-10-01 19:44:46,236 - root - INFO - test roc_auc, 0.9567
2025-10-01 19:44:46,236 - root - INFO - new node test loss: 0.3442
2025-10-01 19:44:46,236 - root - INFO - new node test average_precision, 0.9355
2025-10-01 19:44:46,236 - root - INFO - new node test roc_auc, 0.9304
2025-10-01 19:45:04,453 - root - INFO - Epoch: 31, learning rate: 0.0001, train loss: 0.2350
2025-10-01 19:45:04,453 - root - INFO - train average_precision, 0.9639
2025-10-01 19:45:04,453 - root - INFO - train roc_auc, 0.9637
2025-10-01 19:45:04,453 - root - INFO - validate loss: 0.2629
2025-10-01 19:45:04,453 - root - INFO - validate average_precision, 0.9622
2025-10-01 19:45:04,453 - root - INFO - validate roc_auc, 0.9589
2025-10-01 19:45:04,453 - root - INFO - new node validate loss: 0.3445
2025-10-01 19:45:04,453 - root - INFO - new node validate average_precision, 0.9328
2025-10-01 19:45:04,453 - root - INFO - new node validate roc_auc, 0.9245
2025-10-01 19:45:09,150 - root - INFO - test loss: 0.2756
2025-10-01 19:45:09,150 - root - INFO - test average_precision, 0.9589
2025-10-01 19:45:09,150 - root - INFO - best test average_precision: 0.9624
2025-10-01 19:45:09,150 - root - INFO - test roc_auc, 0.9568
2025-10-01 19:45:09,150 - root - INFO - new node test loss: 0.3369
2025-10-01 19:45:09,151 - root - INFO - new node test average_precision, 0.9380
2025-10-01 19:45:09,151 - root - INFO - new node test roc_auc, 0.9327
2025-10-01 19:45:27,375 - root - INFO - Epoch: 32, learning rate: 0.0001, train loss: 0.2363
2025-10-01 19:45:27,375 - root - INFO - train average_precision, 0.9639
2025-10-01 19:45:27,375 - root - INFO - train roc_auc, 0.9633
2025-10-01 19:45:27,376 - root - INFO - validate loss: 0.2691
2025-10-01 19:45:27,376 - root - INFO - validate average_precision, 0.9610
2025-10-01 19:45:27,376 - root - INFO - validate roc_auc, 0.9575
2025-10-01 19:45:27,376 - root - INFO - new node validate loss: 0.3505
2025-10-01 19:45:27,376 - root - INFO - new node validate average_precision, 0.9312
2025-10-01 19:45:27,376 - root - INFO - new node validate roc_auc, 0.9226
2025-10-01 19:45:32,065 - root - INFO - test loss: 0.2940
2025-10-01 19:45:32,065 - root - INFO - test average_precision, 0.9565
2025-10-01 19:45:32,065 - root - INFO - best test average_precision: 0.9624
2025-10-01 19:45:32,065 - root - INFO - test roc_auc, 0.9530
2025-10-01 19:45:32,065 - root - INFO - new node test loss: 0.3519
2025-10-01 19:45:32,065 - root - INFO - new node test average_precision, 0.9354
2025-10-01 19:45:32,065 - root - INFO - new node test roc_auc, 0.9275
2025-10-01 19:45:50,306 - root - INFO - Epoch: 33, learning rate: 0.0001, train loss: 0.2350
2025-10-01 19:45:50,306 - root - INFO - train average_precision, 0.9641
2025-10-01 19:45:50,307 - root - INFO - train roc_auc, 0.9636
2025-10-01 19:45:50,307 - root - INFO - validate loss: 0.2587
2025-10-01 19:45:50,307 - root - INFO - validate average_precision, 0.9633
2025-10-01 19:45:50,307 - root - INFO - validate roc_auc, 0.9603
2025-10-01 19:45:50,307 - root - INFO - new node validate loss: 0.3441
2025-10-01 19:45:50,307 - root - INFO - new node validate average_precision, 0.9341
2025-10-01 19:45:50,307 - root - INFO - new node validate roc_auc, 0.9258
2025-10-01 19:45:54,988 - root - INFO - test loss: 0.2669
2025-10-01 19:45:54,988 - root - INFO - test average_precision, 0.9622
2025-10-01 19:45:54,988 - root - INFO - best test average_precision: 0.9624
2025-10-01 19:45:54,988 - root - INFO - test roc_auc, 0.9594
2025-10-01 19:45:54,988 - root - INFO - new node test loss: 0.3326
2025-10-01 19:45:54,988 - root - INFO - new node test average_precision, 0.9417
2025-10-01 19:45:54,989 - root - INFO - new node test roc_auc, 0.9351
2025-10-01 19:46:13,309 - root - INFO - Epoch: 34, learning rate: 0.0001, train loss: 0.2297
2025-10-01 19:46:13,309 - root - INFO - train average_precision, 0.9651
2025-10-01 19:46:13,309 - root - INFO - train roc_auc, 0.9649
2025-10-01 19:46:13,310 - root - INFO - validate loss: 0.2603
2025-10-01 19:46:13,310 - root - INFO - validate average_precision, 0.9636
2025-10-01 19:46:13,310 - root - INFO - validate roc_auc, 0.9604
2025-10-01 19:46:13,310 - root - INFO - new node validate loss: 0.3429
2025-10-01 19:46:13,310 - root - INFO - new node validate average_precision, 0.9345
2025-10-01 19:46:13,310 - root - INFO - new node validate roc_auc, 0.9260
2025-10-01 19:46:17,946 - root - INFO - test loss: 0.2716
2025-10-01 19:46:17,947 - root - INFO - test average_precision, 0.9607
2025-10-01 19:46:17,947 - root - INFO - best test average_precision: 0.9624
2025-10-01 19:46:17,947 - root - INFO - test roc_auc, 0.9587
2025-10-01 19:46:17,947 - root - INFO - new node test loss: 0.3362
2025-10-01 19:46:17,947 - root - INFO - new node test average_precision, 0.9418
2025-10-01 19:46:17,947 - root - INFO - new node test roc_auc, 0.9350
2025-10-01 19:46:17,947 - root - INFO - save model ./saved_models/JODIE/wikipedia/JODIE_bochner_seed0/JODIE_bochner_seed0.pkl
2025-10-01 19:46:37,220 - root - INFO - Epoch: 35, learning rate: 0.0001, train loss: 0.2275
2025-10-01 19:46:37,220 - root - INFO - train average_precision, 0.9656
2025-10-01 19:46:37,220 - root - INFO - train roc_auc, 0.9654
2025-10-01 19:46:37,220 - root - INFO - validate loss: 0.2640
2025-10-01 19:46:37,220 - root - INFO - validate average_precision, 0.9620
2025-10-01 19:46:37,220 - root - INFO - validate roc_auc, 0.9592
2025-10-01 19:46:37,220 - root - INFO - new node validate loss: 0.3498
2025-10-01 19:46:37,220 - root - INFO - new node validate average_precision, 0.9326
2025-10-01 19:46:37,220 - root - INFO - new node validate roc_auc, 0.9235
2025-10-01 19:46:41,871 - root - INFO - test loss: 0.2766
2025-10-01 19:46:41,871 - root - INFO - test average_precision, 0.9596
2025-10-01 19:46:41,871 - root - INFO - best test average_precision: 0.9624
2025-10-01 19:46:41,871 - root - INFO - test roc_auc, 0.9573
2025-10-01 19:46:41,871 - root - INFO - new node test loss: 0.3446
2025-10-01 19:46:41,871 - root - INFO - new node test average_precision, 0.9383
2025-10-01 19:46:41,871 - root - INFO - new node test roc_auc, 0.9318
2025-10-01 19:46:59,977 - root - INFO - Epoch: 36, learning rate: 0.0001, train loss: 0.2263
2025-10-01 19:46:59,977 - root - INFO - train average_precision, 0.9659
2025-10-01 19:46:59,977 - root - INFO - train roc_auc, 0.9659
2025-10-01 19:46:59,977 - root - INFO - validate loss: 0.2589
2025-10-01 19:46:59,977 - root - INFO - validate average_precision, 0.9629
2025-10-01 19:46:59,977 - root - INFO - validate roc_auc, 0.9602
2025-10-01 19:46:59,977 - root - INFO - new node validate loss: 0.3442
2025-10-01 19:46:59,977 - root - INFO - new node validate average_precision, 0.9331
2025-10-01 19:46:59,977 - root - INFO - new node validate roc_auc, 0.9246
2025-10-01 19:47:04,615 - root - INFO - test loss: 0.2729
2025-10-01 19:47:04,615 - root - INFO - test average_precision, 0.9583
2025-10-01 19:47:04,615 - root - INFO - best test average_precision: 0.9624
2025-10-01 19:47:04,615 - root - INFO - test roc_auc, 0.9576
2025-10-01 19:47:04,615 - root - INFO - new node test loss: 0.3356
2025-10-01 19:47:04,615 - root - INFO - new node test average_precision, 0.9391
2025-10-01 19:47:04,615 - root - INFO - new node test roc_auc, 0.9337
2025-10-01 19:47:22,933 - root - INFO - Epoch: 37, learning rate: 0.0001, train loss: 0.2260
2025-10-01 19:47:22,933 - root - INFO - train average_precision, 0.9660
2025-10-01 19:47:22,933 - root - INFO - train roc_auc, 0.9659
2025-10-01 19:47:22,933 - root - INFO - validate loss: 0.2618
2025-10-01 19:47:22,933 - root - INFO - validate average_precision, 0.9627
2025-10-01 19:47:22,933 - root - INFO - validate roc_auc, 0.9602
2025-10-01 19:47:22,933 - root - INFO - new node validate loss: 0.3388
2025-10-01 19:47:22,933 - root - INFO - new node validate average_precision, 0.9351
2025-10-01 19:47:22,934 - root - INFO - new node validate roc_auc, 0.9271
2025-10-01 19:47:27,605 - root - INFO - test loss: 0.2715
2025-10-01 19:47:27,605 - root - INFO - test average_precision, 0.9587
2025-10-01 19:47:27,605 - root - INFO - best test average_precision: 0.9624
2025-10-01 19:47:27,605 - root - INFO - test roc_auc, 0.9588
2025-10-01 19:47:27,605 - root - INFO - new node test loss: 0.3470
2025-10-01 19:47:27,605 - root - INFO - new node test average_precision, 0.9349
2025-10-01 19:47:27,605 - root - INFO - new node test roc_auc, 0.9313
2025-10-01 19:47:45,886 - root - INFO - Epoch: 38, learning rate: 0.0001, train loss: 0.2268
2025-10-01 19:47:45,886 - root - INFO - train average_precision, 0.9655
2025-10-01 19:47:45,886 - root - INFO - train roc_auc, 0.9658
2025-10-01 19:47:45,887 - root - INFO - validate loss: 0.2581
2025-10-01 19:47:45,887 - root - INFO - validate average_precision, 0.9646
2025-10-01 19:47:45,887 - root - INFO - validate roc_auc, 0.9615
2025-10-01 19:47:45,887 - root - INFO - new node validate loss: 0.3431
2025-10-01 19:47:45,887 - root - INFO - new node validate average_precision, 0.9350
2025-10-01 19:47:45,887 - root - INFO - new node validate roc_auc, 0.9272
2025-10-01 19:47:50,524 - root - INFO - test loss: 0.2701
2025-10-01 19:47:50,524 - root - INFO - test average_precision, 0.9619
2025-10-01 19:47:50,525 - root - INFO - best test average_precision: 0.9624
2025-10-01 19:47:50,525 - root - INFO - test roc_auc, 0.9597
2025-10-01 19:47:50,525 - root - INFO - new node test loss: 0.3420
2025-10-01 19:47:50,525 - root - INFO - new node test average_precision, 0.9399
2025-10-01 19:47:50,525 - root - INFO - new node test roc_auc, 0.9330
2025-10-01 19:47:50,525 - root - INFO - save model ./saved_models/JODIE/wikipedia/JODIE_bochner_seed0/JODIE_bochner_seed0.pkl
2025-10-01 19:48:09,755 - root - INFO - Epoch: 39, learning rate: 0.0001, train loss: 0.2242
2025-10-01 19:48:09,755 - root - INFO - train average_precision, 0.9663
2025-10-01 19:48:09,755 - root - INFO - train roc_auc, 0.9665
2025-10-01 19:48:09,755 - root - INFO - validate loss: 0.2586
2025-10-01 19:48:09,756 - root - INFO - validate average_precision, 0.9646
2025-10-01 19:48:09,756 - root - INFO - validate roc_auc, 0.9615
2025-10-01 19:48:09,756 - root - INFO - new node validate loss: 0.3467
2025-10-01 19:48:09,756 - root - INFO - new node validate average_precision, 0.9346
2025-10-01 19:48:09,756 - root - INFO - new node validate roc_auc, 0.9259
2025-10-01 19:48:14,408 - root - INFO - test loss: 0.2650
2025-10-01 19:48:14,409 - root - INFO - test average_precision, 0.9633
2025-10-01 19:48:14,409 - root - INFO - best test average_precision: 0.9633
2025-10-01 19:48:14,409 - root - INFO - test roc_auc, 0.9613
2025-10-01 19:48:14,409 - root - INFO - new node test loss: 0.3373
2025-10-01 19:48:14,409 - root - INFO - new node test average_precision, 0.9411
2025-10-01 19:48:14,409 - root - INFO - new node test roc_auc, 0.9352
2025-10-01 19:48:14,409 - root - INFO - save model ./saved_models/JODIE/wikipedia/JODIE_bochner_seed0/JODIE_bochner_seed0.pkl
2025-10-01 19:48:33,829 - root - INFO - Epoch: 40, learning rate: 0.0001, train loss: 0.2225
2025-10-01 19:48:33,830 - root - INFO - train average_precision, 0.9672
2025-10-01 19:48:33,830 - root - INFO - train roc_auc, 0.9668
2025-10-01 19:48:33,830 - root - INFO - validate loss: 0.2565
2025-10-01 19:48:33,830 - root - INFO - validate average_precision, 0.9651
2025-10-01 19:48:33,830 - root - INFO - validate roc_auc, 0.9619
2025-10-01 19:48:33,830 - root - INFO - new node validate loss: 0.3426
2025-10-01 19:48:33,830 - root - INFO - new node validate average_precision, 0.9351
2025-10-01 19:48:33,830 - root - INFO - new node validate roc_auc, 0.9269
2025-10-01 19:48:38,524 - root - INFO - test loss: 0.2581
2025-10-01 19:48:38,524 - root - INFO - test average_precision, 0.9643
2025-10-01 19:48:38,525 - root - INFO - best test average_precision: 0.9643
2025-10-01 19:48:38,525 - root - INFO - test roc_auc, 0.9627
2025-10-01 19:48:38,525 - root - INFO - new node test loss: 0.3333
2025-10-01 19:48:38,525 - root - INFO - new node test average_precision, 0.9421
2025-10-01 19:48:38,525 - root - INFO - new node test roc_auc, 0.9361
2025-10-01 19:48:38,525 - root - INFO - save model ./saved_models/JODIE/wikipedia/JODIE_bochner_seed0/JODIE_bochner_seed0.pkl
2025-10-01 19:48:57,895 - root - INFO - Epoch: 41, learning rate: 0.0001, train loss: 0.2204
2025-10-01 19:48:57,895 - root - INFO - train average_precision, 0.9673
2025-10-01 19:48:57,895 - root - INFO - train roc_auc, 0.9673
2025-10-01 19:48:57,895 - root - INFO - validate loss: 0.2602
2025-10-01 19:48:57,895 - root - INFO - validate average_precision, 0.9641
2025-10-01 19:48:57,895 - root - INFO - validate roc_auc, 0.9611
2025-10-01 19:48:57,895 - root - INFO - new node validate loss: 0.3428
2025-10-01 19:48:57,896 - root - INFO - new node validate average_precision, 0.9352
2025-10-01 19:48:57,896 - root - INFO - new node validate roc_auc, 0.9267
2025-10-01 19:49:02,531 - root - INFO - test loss: 0.2778
2025-10-01 19:49:02,532 - root - INFO - test average_precision, 0.9602
2025-10-01 19:49:02,532 - root - INFO - best test average_precision: 0.9643
2025-10-01 19:49:02,532 - root - INFO - test roc_auc, 0.9578
2025-10-01 19:49:02,532 - root - INFO - new node test loss: 0.3436
2025-10-01 19:49:02,532 - root - INFO - new node test average_precision, 0.9398
2025-10-01 19:49:02,532 - root - INFO - new node test roc_auc, 0.9330
2025-10-01 19:49:20,699 - root - INFO - Epoch: 42, learning rate: 0.0001, train loss: 0.2198
2025-10-01 19:49:20,699 - root - INFO - train average_precision, 0.9672
2025-10-01 19:49:20,700 - root - INFO - train roc_auc, 0.9675
2025-10-01 19:49:20,700 - root - INFO - validate loss: 0.2553
2025-10-01 19:49:20,700 - root - INFO - validate average_precision, 0.9653
2025-10-01 19:49:20,700 - root - INFO - validate roc_auc, 0.9622
2025-10-01 19:49:20,700 - root - INFO - new node validate loss: 0.3491
2025-10-01 19:49:20,700 - root - INFO - new node validate average_precision, 0.9337
2025-10-01 19:49:20,700 - root - INFO - new node validate roc_auc, 0.9252
2025-10-01 19:49:25,350 - root - INFO - test loss: 0.2620
2025-10-01 19:49:25,351 - root - INFO - test average_precision, 0.9644
2025-10-01 19:49:25,351 - root - INFO - best test average_precision: 0.9644
2025-10-01 19:49:25,351 - root - INFO - test roc_auc, 0.9619
2025-10-01 19:49:25,351 - root - INFO - new node test loss: 0.3358
2025-10-01 19:49:25,351 - root - INFO - new node test average_precision, 0.9436
2025-10-01 19:49:25,351 - root - INFO - new node test roc_auc, 0.9362
2025-10-01 19:49:25,351 - root - INFO - save model ./saved_models/JODIE/wikipedia/JODIE_bochner_seed0/JODIE_bochner_seed0.pkl
2025-10-01 19:49:44,724 - root - INFO - Epoch: 43, learning rate: 0.0001, train loss: 0.2157
2025-10-01 19:49:44,725 - root - INFO - train average_precision, 0.9685
2025-10-01 19:49:44,725 - root - INFO - train roc_auc, 0.9687
2025-10-01 19:49:44,725 - root - INFO - validate loss: 0.2735
2025-10-01 19:49:44,725 - root - INFO - validate average_precision, 0.9609
2025-10-01 19:49:44,725 - root - INFO - validate roc_auc, 0.9579
2025-10-01 19:49:44,725 - root - INFO - new node validate loss: 0.3567
2025-10-01 19:49:44,725 - root - INFO - new node validate average_precision, 0.9315
2025-10-01 19:49:44,725 - root - INFO - new node validate roc_auc, 0.9225
2025-10-01 19:49:49,411 - root - INFO - test loss: 0.2956
2025-10-01 19:49:49,411 - root - INFO - test average_precision, 0.9556
2025-10-01 19:49:49,412 - root - INFO - best test average_precision: 0.9644
2025-10-01 19:49:49,412 - root - INFO - test roc_auc, 0.9537
2025-10-01 19:49:49,412 - root - INFO - new node test loss: 0.3644
2025-10-01 19:49:49,412 - root - INFO - new node test average_precision, 0.9324
2025-10-01 19:49:49,412 - root - INFO - new node test roc_auc, 0.9265
2025-10-01 19:50:07,570 - root - INFO - Epoch: 44, learning rate: 0.0001, train loss: 0.2170
2025-10-01 19:50:07,570 - root - INFO - train average_precision, 0.9682
2025-10-01 19:50:07,570 - root - INFO - train roc_auc, 0.9683
2025-10-01 19:50:07,570 - root - INFO - validate loss: 0.2605
2025-10-01 19:50:07,570 - root - INFO - validate average_precision, 0.9639
2025-10-01 19:50:07,570 - root - INFO - validate roc_auc, 0.9607
2025-10-01 19:50:07,570 - root - INFO - new node validate loss: 0.3440
2025-10-01 19:50:07,570 - root - INFO - new node validate average_precision, 0.9349
2025-10-01 19:50:07,570 - root - INFO - new node validate roc_auc, 0.9263
2025-10-01 19:50:12,222 - root - INFO - test loss: 0.2649
2025-10-01 19:50:12,222 - root - INFO - test average_precision, 0.9628
2025-10-01 19:50:12,222 - root - INFO - best test average_precision: 0.9644
2025-10-01 19:50:12,222 - root - INFO - test roc_auc, 0.9607
2025-10-01 19:50:12,222 - root - INFO - new node test loss: 0.3346
2025-10-01 19:50:12,223 - root - INFO - new node test average_precision, 0.9410
2025-10-01 19:50:12,223 - root - INFO - new node test roc_auc, 0.9354
2025-10-01 19:50:30,424 - root - INFO - Epoch: 45, learning rate: 0.0001, train loss: 0.2139
2025-10-01 19:50:30,424 - root - INFO - train average_precision, 0.9690
2025-10-01 19:50:30,424 - root - INFO - train roc_auc, 0.9691
2025-10-01 19:50:30,424 - root - INFO - validate loss: 0.2647
2025-10-01 19:50:30,424 - root - INFO - validate average_precision, 0.9633
2025-10-01 19:50:30,424 - root - INFO - validate roc_auc, 0.9602
2025-10-01 19:50:30,424 - root - INFO - new node validate loss: 0.3473
2025-10-01 19:50:30,425 - root - INFO - new node validate average_precision, 0.9342
2025-10-01 19:50:30,425 - root - INFO - new node validate roc_auc, 0.9261
2025-10-01 19:50:35,093 - root - INFO - test loss: 0.2733
2025-10-01 19:50:35,093 - root - INFO - test average_precision, 0.9622
2025-10-01 19:50:35,093 - root - INFO - best test average_precision: 0.9644
2025-10-01 19:50:35,093 - root - INFO - test roc_auc, 0.9595
2025-10-01 19:50:35,093 - root - INFO - new node test loss: 0.3364
2025-10-01 19:50:35,094 - root - INFO - new node test average_precision, 0.9419
2025-10-01 19:50:35,094 - root - INFO - new node test roc_auc, 0.9359
2025-10-01 19:50:53,223 - root - INFO - Epoch: 46, learning rate: 0.0001, train loss: 0.2138
2025-10-01 19:50:53,223 - root - INFO - train average_precision, 0.9688
2025-10-01 19:50:53,223 - root - INFO - train roc_auc, 0.9692
2025-10-01 19:50:53,223 - root - INFO - validate loss: 0.2544
2025-10-01 19:50:53,224 - root - INFO - validate average_precision, 0.9655
2025-10-01 19:50:53,224 - root - INFO - validate roc_auc, 0.9622
2025-10-01 19:50:53,224 - root - INFO - new node validate loss: 0.3450
2025-10-01 19:50:53,224 - root - INFO - new node validate average_precision, 0.9340
2025-10-01 19:50:53,224 - root - INFO - new node validate roc_auc, 0.9251
2025-10-01 19:50:57,859 - root - INFO - test loss: 0.2663
2025-10-01 19:50:57,859 - root - INFO - test average_precision, 0.9625
2025-10-01 19:50:57,859 - root - INFO - best test average_precision: 0.9644
2025-10-01 19:50:57,859 - root - INFO - test roc_auc, 0.9603
2025-10-01 19:50:57,859 - root - INFO - new node test loss: 0.3287
2025-10-01 19:50:57,859 - root - INFO - new node test average_precision, 0.9433
2025-10-01 19:50:57,859 - root - INFO - new node test roc_auc, 0.9372
2025-10-01 19:51:16,121 - root - INFO - Epoch: 47, learning rate: 0.0001, train loss: 0.2113
2025-10-01 19:51:16,122 - root - INFO - train average_precision, 0.9694
2025-10-01 19:51:16,122 - root - INFO - train roc_auc, 0.9698
2025-10-01 19:51:16,122 - root - INFO - validate loss: 0.2701
2025-10-01 19:51:16,122 - root - INFO - validate average_precision, 0.9629
2025-10-01 19:51:16,122 - root - INFO - validate roc_auc, 0.9594
2025-10-01 19:51:16,122 - root - INFO - new node validate loss: 0.3538
2025-10-01 19:51:16,122 - root - INFO - new node validate average_precision, 0.9346
2025-10-01 19:51:16,122 - root - INFO - new node validate roc_auc, 0.9258
2025-10-01 19:51:20,764 - root - INFO - test loss: 0.2847
2025-10-01 19:51:20,765 - root - INFO - test average_precision, 0.9592
2025-10-01 19:51:20,765 - root - INFO - best test average_precision: 0.9644
2025-10-01 19:51:20,765 - root - INFO - test roc_auc, 0.9566
2025-10-01 19:51:20,765 - root - INFO - new node test loss: 0.3537
2025-10-01 19:51:20,765 - root - INFO - new node test average_precision, 0.9375
2025-10-01 19:51:20,765 - root - INFO - new node test roc_auc, 0.9310
2025-10-01 19:51:39,006 - root - INFO - Epoch: 48, learning rate: 0.0001, train loss: 0.2118
2025-10-01 19:51:39,006 - root - INFO - train average_precision, 0.9688
2025-10-01 19:51:39,006 - root - INFO - train roc_auc, 0.9696
2025-10-01 19:51:39,006 - root - INFO - validate loss: 0.2528
2025-10-01 19:51:39,006 - root - INFO - validate average_precision, 0.9665
2025-10-01 19:51:39,006 - root - INFO - validate roc_auc, 0.9635
2025-10-01 19:51:39,006 - root - INFO - new node validate loss: 0.3469
2025-10-01 19:51:39,006 - root - INFO - new node validate average_precision, 0.9356
2025-10-01 19:51:39,006 - root - INFO - new node validate roc_auc, 0.9272
2025-10-01 19:51:43,672 - root - INFO - test loss: 0.2668
2025-10-01 19:51:43,672 - root - INFO - test average_precision, 0.9633
2025-10-01 19:51:43,672 - root - INFO - best test average_precision: 0.9644
2025-10-01 19:51:43,672 - root - INFO - test roc_auc, 0.9614
2025-10-01 19:51:43,672 - root - INFO - new node test loss: 0.3359
2025-10-01 19:51:43,672 - root - INFO - new node test average_precision, 0.9420
2025-10-01 19:51:43,672 - root - INFO - new node test roc_auc, 0.9364
2025-10-01 19:51:43,672 - root - INFO - save model ./saved_models/JODIE/wikipedia/JODIE_bochner_seed0/JODIE_bochner_seed0.pkl
2025-10-01 19:52:02,867 - root - INFO - Epoch: 49, learning rate: 0.0001, train loss: 0.2085
2025-10-01 19:52:02,867 - root - INFO - train average_precision, 0.9701
2025-10-01 19:52:02,868 - root - INFO - train roc_auc, 0.9704
2025-10-01 19:52:02,868 - root - INFO - validate loss: 0.2595
2025-10-01 19:52:02,868 - root - INFO - validate average_precision, 0.9643
2025-10-01 19:52:02,868 - root - INFO - validate roc_auc, 0.9614
2025-10-01 19:52:02,868 - root - INFO - new node validate loss: 0.3476
2025-10-01 19:52:02,868 - root - INFO - new node validate average_precision, 0.9352
2025-10-01 19:52:02,868 - root - INFO - new node validate roc_auc, 0.9268
2025-10-01 19:52:07,527 - root - INFO - test loss: 0.2721
2025-10-01 19:52:07,527 - root - INFO - test average_precision, 0.9613
2025-10-01 19:52:07,527 - root - INFO - best test average_precision: 0.9644
2025-10-01 19:52:07,527 - root - INFO - test roc_auc, 0.9591
2025-10-01 19:52:07,527 - root - INFO - new node test loss: 0.3375
2025-10-01 19:52:07,527 - root - INFO - new node test average_precision, 0.9404
2025-10-01 19:52:07,527 - root - INFO - new node test roc_auc, 0.9347
2025-10-01 19:52:25,686 - root - INFO - Epoch: 50, learning rate: 0.0001, train loss: 0.2074
2025-10-01 19:52:25,687 - root - INFO - train average_precision, 0.9702
2025-10-01 19:52:25,687 - root - INFO - train roc_auc, 0.9708
2025-10-01 19:52:25,687 - root - INFO - validate loss: 0.2584
2025-10-01 19:52:25,687 - root - INFO - validate average_precision, 0.9645
2025-10-01 19:52:25,687 - root - INFO - validate roc_auc, 0.9611
2025-10-01 19:52:25,687 - root - INFO - new node validate loss: 0.3385
2025-10-01 19:52:25,687 - root - INFO - new node validate average_precision, 0.9363
2025-10-01 19:52:25,687 - root - INFO - new node validate roc_auc, 0.9284
2025-10-01 19:52:30,324 - root - INFO - test loss: 0.2672
2025-10-01 19:52:30,325 - root - INFO - test average_precision, 0.9624
2025-10-01 19:52:30,325 - root - INFO - best test average_precision: 0.9644
2025-10-01 19:52:30,325 - root - INFO - test roc_auc, 0.9601
2025-10-01 19:52:30,325 - root - INFO - new node test loss: 0.3253
2025-10-01 19:52:30,325 - root - INFO - new node test average_precision, 0.9437
2025-10-01 19:52:30,325 - root - INFO - new node test roc_auc, 0.9382
2025-10-01 19:52:48,620 - root - INFO - Epoch: 51, learning rate: 0.0001, train loss: 0.2085
2025-10-01 19:52:48,620 - root - INFO - train average_precision, 0.9700
2025-10-01 19:52:48,620 - root - INFO - train roc_auc, 0.9704
2025-10-01 19:52:48,620 - root - INFO - validate loss: 0.2659
2025-10-01 19:52:48,620 - root - INFO - validate average_precision, 0.9631
2025-10-01 19:52:48,620 - root - INFO - validate roc_auc, 0.9597
2025-10-01 19:52:48,620 - root - INFO - new node validate loss: 0.3482
2025-10-01 19:52:48,621 - root - INFO - new node validate average_precision, 0.9355
2025-10-01 19:52:48,621 - root - INFO - new node validate roc_auc, 0.9272
2025-10-01 19:52:53,258 - root - INFO - test loss: 0.2746
2025-10-01 19:52:53,258 - root - INFO - test average_precision, 0.9611
2025-10-01 19:52:53,258 - root - INFO - best test average_precision: 0.9644
2025-10-01 19:52:53,258 - root - INFO - test roc_auc, 0.9589
2025-10-01 19:52:53,258 - root - INFO - new node test loss: 0.3396
2025-10-01 19:52:53,258 - root - INFO - new node test average_precision, 0.9411
2025-10-01 19:52:53,258 - root - INFO - new node test roc_auc, 0.9346
2025-10-01 19:53:11,364 - root - INFO - Epoch: 52, learning rate: 0.0001, train loss: 0.2075
2025-10-01 19:53:11,364 - root - INFO - train average_precision, 0.9705
2025-10-01 19:53:11,365 - root - INFO - train roc_auc, 0.9707
2025-10-01 19:53:11,365 - root - INFO - validate loss: 0.2607
2025-10-01 19:53:11,365 - root - INFO - validate average_precision, 0.9649
2025-10-01 19:53:11,365 - root - INFO - validate roc_auc, 0.9615
2025-10-01 19:53:11,365 - root - INFO - new node validate loss: 0.3455
2025-10-01 19:53:11,365 - root - INFO - new node validate average_precision, 0.9353
2025-10-01 19:53:11,365 - root - INFO - new node validate roc_auc, 0.9273
2025-10-01 19:53:16,012 - root - INFO - test loss: 0.2720
2025-10-01 19:53:16,012 - root - INFO - test average_precision, 0.9616
2025-10-01 19:53:16,012 - root - INFO - best test average_precision: 0.9644
2025-10-01 19:53:16,012 - root - INFO - test roc_auc, 0.9597
2025-10-01 19:53:16,012 - root - INFO - new node test loss: 0.3390
2025-10-01 19:53:16,012 - root - INFO - new node test average_precision, 0.9418
2025-10-01 19:53:16,012 - root - INFO - new node test roc_auc, 0.9359
2025-10-01 19:53:34,158 - root - INFO - Epoch: 53, learning rate: 0.0001, train loss: 0.2059
2025-10-01 19:53:34,159 - root - INFO - train average_precision, 0.9705
2025-10-01 19:53:34,159 - root - INFO - train roc_auc, 0.9711
2025-10-01 19:53:34,159 - root - INFO - validate loss: 0.2630
2025-10-01 19:53:34,159 - root - INFO - validate average_precision, 0.9652
2025-10-01 19:53:34,159 - root - INFO - validate roc_auc, 0.9618
2025-10-01 19:53:34,159 - root - INFO - new node validate loss: 0.3499
2025-10-01 19:53:34,159 - root - INFO - new node validate average_precision, 0.9351
2025-10-01 19:53:34,159 - root - INFO - new node validate roc_auc, 0.9269
2025-10-01 19:53:38,833 - root - INFO - test loss: 0.2740
2025-10-01 19:53:38,833 - root - INFO - test average_precision, 0.9624
2025-10-01 19:53:38,833 - root - INFO - best test average_precision: 0.9644
2025-10-01 19:53:38,833 - root - INFO - test roc_auc, 0.9601
2025-10-01 19:53:38,833 - root - INFO - new node test loss: 0.3423
2025-10-01 19:53:38,833 - root - INFO - new node test average_precision, 0.9410
2025-10-01 19:53:38,833 - root - INFO - new node test roc_auc, 0.9352
2025-10-01 19:53:57,016 - root - INFO - Epoch: 54, learning rate: 0.0001, train loss: 0.2016
2025-10-01 19:53:57,017 - root - INFO - train average_precision, 0.9714
2025-10-01 19:53:57,017 - root - INFO - train roc_auc, 0.9720
2025-10-01 19:53:57,017 - root - INFO - validate loss: 0.2669
2025-10-01 19:53:57,017 - root - INFO - validate average_precision, 0.9648
2025-10-01 19:53:57,017 - root - INFO - validate roc_auc, 0.9613
2025-10-01 19:53:57,017 - root - INFO - new node validate loss: 0.3556
2025-10-01 19:53:57,017 - root - INFO - new node validate average_precision, 0.9363
2025-10-01 19:53:57,017 - root - INFO - new node validate roc_auc, 0.9281
2025-10-01 19:54:01,677 - root - INFO - test loss: 0.2728
2025-10-01 19:54:01,677 - root - INFO - test average_precision, 0.9633
2025-10-01 19:54:01,677 - root - INFO - best test average_precision: 0.9644
2025-10-01 19:54:01,677 - root - INFO - test roc_auc, 0.9609
2025-10-01 19:54:01,677 - root - INFO - new node test loss: 0.3440
2025-10-01 19:54:01,677 - root - INFO - new node test average_precision, 0.9422
2025-10-01 19:54:01,677 - root - INFO - new node test roc_auc, 0.9361
2025-10-01 19:54:19,867 - root - INFO - Epoch: 55, learning rate: 0.0001, train loss: 0.2043
2025-10-01 19:54:19,867 - root - INFO - train average_precision, 0.9705
2025-10-01 19:54:19,867 - root - INFO - train roc_auc, 0.9714
2025-10-01 19:54:19,867 - root - INFO - validate loss: 0.2612
2025-10-01 19:54:19,868 - root - INFO - validate average_precision, 0.9651
2025-10-01 19:54:19,868 - root - INFO - validate roc_auc, 0.9620
2025-10-01 19:54:19,868 - root - INFO - new node validate loss: 0.3449
2025-10-01 19:54:19,868 - root - INFO - new node validate average_precision, 0.9363
2025-10-01 19:54:19,868 - root - INFO - new node validate roc_auc, 0.9285
2025-10-01 19:54:24,510 - root - INFO - test loss: 0.2685
2025-10-01 19:54:24,510 - root - INFO - test average_precision, 0.9633
2025-10-01 19:54:24,510 - root - INFO - best test average_precision: 0.9644
2025-10-01 19:54:24,510 - root - INFO - test roc_auc, 0.9608
2025-10-01 19:54:24,510 - root - INFO - new node test loss: 0.3324
2025-10-01 19:54:24,510 - root - INFO - new node test average_precision, 0.9444
2025-10-01 19:54:24,510 - root - INFO - new node test roc_auc, 0.9385
2025-10-01 19:54:42,725 - root - INFO - Epoch: 56, learning rate: 0.0001, train loss: 0.2019
2025-10-01 19:54:42,725 - root - INFO - train average_precision, 0.9716
2025-10-01 19:54:42,725 - root - INFO - train roc_auc, 0.9719
2025-10-01 19:54:42,725 - root - INFO - validate loss: 0.2669
2025-10-01 19:54:42,725 - root - INFO - validate average_precision, 0.9645
2025-10-01 19:54:42,725 - root - INFO - validate roc_auc, 0.9608
2025-10-01 19:54:42,725 - root - INFO - new node validate loss: 0.3478
2025-10-01 19:54:42,725 - root - INFO - new node validate average_precision, 0.9354
2025-10-01 19:54:42,725 - root - INFO - new node validate roc_auc, 0.9273
2025-10-01 19:54:47,372 - root - INFO - test loss: 0.2940
2025-10-01 19:54:47,372 - root - INFO - test average_precision, 0.9575
2025-10-01 19:54:47,372 - root - INFO - best test average_precision: 0.9644
2025-10-01 19:54:47,372 - root - INFO - test roc_auc, 0.9545
2025-10-01 19:54:47,372 - root - INFO - new node test loss: 0.3542
2025-10-01 19:54:47,372 - root - INFO - new node test average_precision, 0.9379
2025-10-01 19:54:47,372 - root - INFO - new node test roc_auc, 0.9306
2025-10-01 19:55:05,533 - root - INFO - Epoch: 57, learning rate: 0.0001, train loss: 0.2015
2025-10-01 19:55:05,534 - root - INFO - train average_precision, 0.9714
2025-10-01 19:55:05,534 - root - INFO - train roc_auc, 0.9721
2025-10-01 19:55:05,534 - root - INFO - validate loss: 0.2708
2025-10-01 19:55:05,534 - root - INFO - validate average_precision, 0.9631
2025-10-01 19:55:05,534 - root - INFO - validate roc_auc, 0.9592
2025-10-01 19:55:05,534 - root - INFO - new node validate loss: 0.3458
2025-10-01 19:55:05,534 - root - INFO - new node validate average_precision, 0.9353
2025-10-01 19:55:05,534 - root - INFO - new node validate roc_auc, 0.9276
2025-10-01 19:55:10,171 - root - INFO - test loss: 0.2989
2025-10-01 19:55:10,171 - root - INFO - test average_precision, 0.9566
2025-10-01 19:55:10,171 - root - INFO - best test average_precision: 0.9644
2025-10-01 19:55:10,172 - root - INFO - test roc_auc, 0.9532
2025-10-01 19:55:10,172 - root - INFO - new node test loss: 0.3517
2025-10-01 19:55:10,172 - root - INFO - new node test average_precision, 0.9385
2025-10-01 19:55:10,172 - root - INFO - new node test roc_auc, 0.9310
2025-10-01 19:55:28,385 - root - INFO - Epoch: 58, learning rate: 0.0001, train loss: 0.2005
2025-10-01 19:55:28,385 - root - INFO - train average_precision, 0.9716
2025-10-01 19:55:28,385 - root - INFO - train roc_auc, 0.9723
2025-10-01 19:55:28,385 - root - INFO - validate loss: 0.2604
2025-10-01 19:55:28,385 - root - INFO - validate average_precision, 0.9664
2025-10-01 19:55:28,385 - root - INFO - validate roc_auc, 0.9628
2025-10-01 19:55:28,385 - root - INFO - new node validate loss: 0.3546
2025-10-01 19:55:28,385 - root - INFO - new node validate average_precision, 0.9349
2025-10-01 19:55:28,385 - root - INFO - new node validate roc_auc, 0.9262
2025-10-01 19:55:33,041 - root - INFO - test loss: 0.2768
2025-10-01 19:55:33,041 - root - INFO - test average_precision, 0.9625
2025-10-01 19:55:33,041 - root - INFO - best test average_precision: 0.9644
2025-10-01 19:55:33,041 - root - INFO - test roc_auc, 0.9593
2025-10-01 19:55:33,041 - root - INFO - new node test loss: 0.3397
2025-10-01 19:55:33,041 - root - INFO - new node test average_precision, 0.9439
2025-10-01 19:55:33,042 - root - INFO - new node test roc_auc, 0.9364
2025-10-01 19:55:51,181 - root - INFO - Epoch: 59, learning rate: 0.0001, train loss: 0.1989
2025-10-01 19:55:51,181 - root - INFO - train average_precision, 0.9722
2025-10-01 19:55:51,181 - root - INFO - train roc_auc, 0.9727
2025-10-01 19:55:51,181 - root - INFO - validate loss: 0.2638
2025-10-01 19:55:51,181 - root - INFO - validate average_precision, 0.9659
2025-10-01 19:55:51,181 - root - INFO - validate roc_auc, 0.9622
2025-10-01 19:55:51,181 - root - INFO - new node validate loss: 0.3578
2025-10-01 19:55:51,181 - root - INFO - new node validate average_precision, 0.9348
2025-10-01 19:55:51,181 - root - INFO - new node validate roc_auc, 0.9264
2025-10-01 19:55:55,815 - root - INFO - test loss: 0.2752
2025-10-01 19:55:55,815 - root - INFO - test average_precision, 0.9639
2025-10-01 19:55:55,815 - root - INFO - best test average_precision: 0.9644
2025-10-01 19:55:55,815 - root - INFO - test roc_auc, 0.9603
2025-10-01 19:55:55,815 - root - INFO - new node test loss: 0.3412
2025-10-01 19:55:55,815 - root - INFO - new node test average_precision, 0.9447
2025-10-01 19:55:55,815 - root - INFO - new node test roc_auc, 0.9366
2025-10-01 19:56:13,943 - root - INFO - Epoch: 60, learning rate: 0.0001, train loss: 0.1983
2025-10-01 19:56:13,943 - root - INFO - train average_precision, 0.9722
2025-10-01 19:56:13,943 - root - INFO - train roc_auc, 0.9728
2025-10-01 19:56:13,943 - root - INFO - validate loss: 0.2600
2025-10-01 19:56:13,943 - root - INFO - validate average_precision, 0.9666
2025-10-01 19:56:13,943 - root - INFO - validate roc_auc, 0.9631
2025-10-01 19:56:13,943 - root - INFO - new node validate loss: 0.3500
2025-10-01 19:56:13,944 - root - INFO - new node validate average_precision, 0.9369
2025-10-01 19:56:13,944 - root - INFO - new node validate roc_auc, 0.9289
2025-10-01 19:56:18,605 - root - INFO - test loss: 0.2622
2025-10-01 19:56:18,605 - root - INFO - test average_precision, 0.9664
2025-10-01 19:56:18,605 - root - INFO - best test average_precision: 0.9664
2025-10-01 19:56:18,605 - root - INFO - test roc_auc, 0.9636
2025-10-01 19:56:18,605 - root - INFO - new node test loss: 0.3360
2025-10-01 19:56:18,605 - root - INFO - new node test average_precision, 0.9458
2025-10-01 19:56:18,605 - root - INFO - new node test roc_auc, 0.9396
2025-10-01 19:56:36,835 - root - INFO - Epoch: 61, learning rate: 0.0001, train loss: 0.1964
2025-10-01 19:56:36,836 - root - INFO - train average_precision, 0.9724
2025-10-01 19:56:36,836 - root - INFO - train roc_auc, 0.9733
2025-10-01 19:56:36,836 - root - INFO - validate loss: 0.2619
2025-10-01 19:56:36,836 - root - INFO - validate average_precision, 0.9661
2025-10-01 19:56:36,836 - root - INFO - validate roc_auc, 0.9630
2025-10-01 19:56:36,836 - root - INFO - new node validate loss: 0.3536
2025-10-01 19:56:36,836 - root - INFO - new node validate average_precision, 0.9359
2025-10-01 19:56:36,836 - root - INFO - new node validate roc_auc, 0.9280
2025-10-01 19:56:41,536 - root - INFO - test loss: 0.2672
2025-10-01 19:56:41,536 - root - INFO - test average_precision, 0.9658
2025-10-01 19:56:41,536 - root - INFO - best test average_precision: 0.9664
2025-10-01 19:56:41,536 - root - INFO - test roc_auc, 0.9629
2025-10-01 19:56:41,536 - root - INFO - new node test loss: 0.3396
2025-10-01 19:56:41,536 - root - INFO - new node test average_precision, 0.9452
2025-10-01 19:56:41,537 - root - INFO - new node test roc_auc, 0.9385
2025-10-01 19:56:59,712 - root - INFO - Epoch: 62, learning rate: 0.0001, train loss: 0.1960
2025-10-01 19:56:59,712 - root - INFO - train average_precision, 0.9729
2025-10-01 19:56:59,712 - root - INFO - train roc_auc, 0.9734
2025-10-01 19:56:59,713 - root - INFO - validate loss: 0.2693
2025-10-01 19:56:59,713 - root - INFO - validate average_precision, 0.9655
2025-10-01 19:56:59,713 - root - INFO - validate roc_auc, 0.9617
2025-10-01 19:56:59,713 - root - INFO - new node validate loss: 0.3559
2025-10-01 19:56:59,713 - root - INFO - new node validate average_precision, 0.9366
2025-10-01 19:56:59,713 - root - INFO - new node validate roc_auc, 0.9289
2025-10-01 19:57:04,369 - root - INFO - test loss: 0.2820
2025-10-01 19:57:04,370 - root - INFO - test average_precision, 0.9614
2025-10-01 19:57:04,370 - root - INFO - best test average_precision: 0.9664
2025-10-01 19:57:04,370 - root - INFO - test roc_auc, 0.9586
2025-10-01 19:57:04,370 - root - INFO - new node test loss: 0.3508
2025-10-01 19:57:04,370 - root - INFO - new node test average_precision, 0.9430
2025-10-01 19:57:04,370 - root - INFO - new node test roc_auc, 0.9356
2025-10-01 19:57:22,611 - root - INFO - Epoch: 63, learning rate: 0.0001, train loss: 0.1944
2025-10-01 19:57:22,612 - root - INFO - train average_precision, 0.9729
2025-10-01 19:57:22,612 - root - INFO - train roc_auc, 0.9738
2025-10-01 19:57:22,612 - root - INFO - validate loss: 0.2634
2025-10-01 19:57:22,612 - root - INFO - validate average_precision, 0.9661
2025-10-01 19:57:22,612 - root - INFO - validate roc_auc, 0.9626
2025-10-01 19:57:22,612 - root - INFO - new node validate loss: 0.3532
2025-10-01 19:57:22,612 - root - INFO - new node validate average_precision, 0.9366
2025-10-01 19:57:22,612 - root - INFO - new node validate roc_auc, 0.9288
2025-10-01 19:57:27,278 - root - INFO - test loss: 0.2814
2025-10-01 19:57:27,278 - root - INFO - test average_precision, 0.9626
2025-10-01 19:57:27,278 - root - INFO - best test average_precision: 0.9664
2025-10-01 19:57:27,278 - root - INFO - test roc_auc, 0.9593
2025-10-01 19:57:27,278 - root - INFO - new node test loss: 0.3491
2025-10-01 19:57:27,278 - root - INFO - new node test average_precision, 0.9428
2025-10-01 19:57:27,278 - root - INFO - new node test roc_auc, 0.9358
2025-10-01 19:57:45,641 - root - INFO - Epoch: 64, learning rate: 0.0001, train loss: 0.1971
2025-10-01 19:57:45,641 - root - INFO - train average_precision, 0.9722
2025-10-01 19:57:45,641 - root - INFO - train roc_auc, 0.9731
2025-10-01 19:57:45,641 - root - INFO - validate loss: 0.2651
2025-10-01 19:57:45,641 - root - INFO - validate average_precision, 0.9658
2025-10-01 19:57:45,642 - root - INFO - validate roc_auc, 0.9620
2025-10-01 19:57:45,642 - root - INFO - new node validate loss: 0.3467
2025-10-01 19:57:45,642 - root - INFO - new node validate average_precision, 0.9367
2025-10-01 19:57:45,642 - root - INFO - new node validate roc_auc, 0.9289
2025-10-01 19:57:50,337 - root - INFO - test loss: 0.2836
2025-10-01 19:57:50,337 - root - INFO - test average_precision, 0.9616
2025-10-01 19:57:50,337 - root - INFO - best test average_precision: 0.9664
2025-10-01 19:57:50,337 - root - INFO - test roc_auc, 0.9581
2025-10-01 19:57:50,337 - root - INFO - new node test loss: 0.3476
2025-10-01 19:57:50,337 - root - INFO - new node test average_precision, 0.9424
2025-10-01 19:57:50,337 - root - INFO - new node test roc_auc, 0.9357
2025-10-01 19:58:08,500 - root - INFO - Epoch: 65, learning rate: 0.0001, train loss: 0.1932
2025-10-01 19:58:08,500 - root - INFO - train average_precision, 0.9736
2025-10-01 19:58:08,500 - root - INFO - train roc_auc, 0.9741
2025-10-01 19:58:08,500 - root - INFO - validate loss: 0.2643
2025-10-01 19:58:08,500 - root - INFO - validate average_precision, 0.9659
2025-10-01 19:58:08,501 - root - INFO - validate roc_auc, 0.9623
2025-10-01 19:58:08,501 - root - INFO - new node validate loss: 0.3464
2025-10-01 19:58:08,501 - root - INFO - new node validate average_precision, 0.9379
2025-10-01 19:58:08,501 - root - INFO - new node validate roc_auc, 0.9302
2025-10-01 19:58:13,117 - root - INFO - test loss: 0.2875
2025-10-01 19:58:13,117 - root - INFO - test average_precision, 0.9612
2025-10-01 19:58:13,117 - root - INFO - best test average_precision: 0.9664
2025-10-01 19:58:13,118 - root - INFO - test roc_auc, 0.9577
2025-10-01 19:58:13,118 - root - INFO - new node test loss: 0.3406
2025-10-01 19:58:13,118 - root - INFO - new node test average_precision, 0.9429
2025-10-01 19:58:13,118 - root - INFO - new node test roc_auc, 0.9367
2025-10-01 19:58:31,352 - root - INFO - Epoch: 66, learning rate: 0.0001, train loss: 0.1908
2025-10-01 19:58:31,352 - root - INFO - train average_precision, 0.9740
2025-10-01 19:58:31,352 - root - INFO - train roc_auc, 0.9746
2025-10-01 19:58:31,352 - root - INFO - validate loss: 0.2662
2025-10-01 19:58:31,352 - root - INFO - validate average_precision, 0.9658
2025-10-01 19:58:31,352 - root - INFO - validate roc_auc, 0.9620
2025-10-01 19:58:31,352 - root - INFO - new node validate loss: 0.3522
2025-10-01 19:58:31,352 - root - INFO - new node validate average_precision, 0.9366
2025-10-01 19:58:31,352 - root - INFO - new node validate roc_auc, 0.9285
2025-10-01 19:58:36,037 - root - INFO - test loss: 0.2752
2025-10-01 19:58:36,037 - root - INFO - test average_precision, 0.9631
2025-10-01 19:58:36,037 - root - INFO - best test average_precision: 0.9664
2025-10-01 19:58:36,037 - root - INFO - test roc_auc, 0.9604
2025-10-01 19:58:36,037 - root - INFO - new node test loss: 0.3483
2025-10-01 19:58:36,037 - root - INFO - new node test average_precision, 0.9423
2025-10-01 19:58:36,037 - root - INFO - new node test roc_auc, 0.9348
2025-10-01 19:58:54,186 - root - INFO - Epoch: 67, learning rate: 0.0001, train loss: 0.1933
2025-10-01 19:58:54,186 - root - INFO - train average_precision, 0.9734
2025-10-01 19:58:54,186 - root - INFO - train roc_auc, 0.9741
2025-10-01 19:58:54,186 - root - INFO - validate loss: 0.2653
2025-10-01 19:58:54,186 - root - INFO - validate average_precision, 0.9665
2025-10-01 19:58:54,186 - root - INFO - validate roc_auc, 0.9630
2025-10-01 19:58:54,186 - root - INFO - new node validate loss: 0.3496
2025-10-01 19:58:54,186 - root - INFO - new node validate average_precision, 0.9387
2025-10-01 19:58:54,186 - root - INFO - new node validate roc_auc, 0.9308
2025-10-01 19:58:58,832 - root - INFO - test loss: 0.2818
2025-10-01 19:58:58,832 - root - INFO - test average_precision, 0.9628
2025-10-01 19:58:58,832 - root - INFO - best test average_precision: 0.9664
2025-10-01 19:58:58,832 - root - INFO - test roc_auc, 0.9594
2025-10-01 19:58:58,832 - root - INFO - new node test loss: 0.3473
2025-10-01 19:58:58,832 - root - INFO - new node test average_precision, 0.9437
2025-10-01 19:58:58,832 - root - INFO - new node test roc_auc, 0.9367
2025-10-01 19:59:17,058 - root - INFO - Epoch: 68, learning rate: 0.0001, train loss: 0.1900
2025-10-01 19:59:17,058 - root - INFO - train average_precision, 0.9740
2025-10-01 19:59:17,058 - root - INFO - train roc_auc, 0.9748
2025-10-01 19:59:17,058 - root - INFO - validate loss: 0.2684
2025-10-01 19:59:17,058 - root - INFO - validate average_precision, 0.9661
2025-10-01 19:59:17,058 - root - INFO - validate roc_auc, 0.9624
2025-10-01 19:59:17,058 - root - INFO - new node validate loss: 0.3537
2025-10-01 19:59:17,058 - root - INFO - new node validate average_precision, 0.9378
2025-10-01 19:59:17,058 - root - INFO - new node validate roc_auc, 0.9300
2025-10-01 19:59:21,736 - root - INFO - test loss: 0.2882
2025-10-01 19:59:21,737 - root - INFO - test average_precision, 0.9617
2025-10-01 19:59:21,737 - root - INFO - best test average_precision: 0.9664
2025-10-01 19:59:21,737 - root - INFO - test roc_auc, 0.9580
2025-10-01 19:59:21,737 - root - INFO - new node test loss: 0.3444
2025-10-01 19:59:21,737 - root - INFO - new node test average_precision, 0.9442
2025-10-01 19:59:21,737 - root - INFO - new node test roc_auc, 0.9371
2025-10-01 19:59:21,737 - root - INFO - load model ./saved_models/JODIE/wikipedia/JODIE_bochner_seed0/JODIE_bochner_seed0.pkl
2025-10-01 19:59:23,158 - root - INFO - get final performance on dataset wikipedia...
2025-10-01 19:59:28,044 - root - INFO - test loss: 0.2668
2025-10-01 19:59:28,045 - root - INFO - test average_precision, 0.9633
2025-10-01 19:59:28,045 - root - INFO - test roc_auc, 0.9614
2025-10-01 19:59:28,045 - root - INFO - new node test loss: 0.3359
2025-10-01 19:59:28,045 - root - INFO - new node test average_precision, 0.9420
2025-10-01 19:59:28,045 - root - INFO - new node test roc_auc, 0.9364
2025-10-01 19:59:28,045 - root - INFO - Run 1 cost 1594.24 seconds.
