2025-10-08 11:09:06,545 - root - INFO - ********** Run 2 starts. **********
2025-10-08 11:09:06,545 - root - INFO - configuration is Namespace(dataset_name='mooc', batch_size=200, model_name='TCL', gpu=0, num_neighbors=20, sample_neighbor_strategy='recent', time_scaling_factor=1e-06, num_walk_heads=8, num_heads=2, num_layers=2, walk_length=1, time_gap=2000, time_feat_dim=100, position_feat_dim=172, time_window_mode='fixed_proportion', time_encoder_type='time2vec', expert_dim=128, num_mixtures=16, sort_neighbors_by_time=False, patch_size=1, channel_embedding_dim=50, max_input_sequence_length=32, learning_rate=0.0001, dropout=0.1, gamma=0.5, num_epochs=2, optimizer='Adam', weight_decay=0.0, patience=20, val_ratio=0.15, test_ratio=0.15, num_runs=2, test_interval_epochs=100, negative_sample_strategy='random', max_interaction_times=10, load_best_configs=True, data_ratio=0.05, seed=1, save_model_name_suffix='', ablation_dir='', mamba_d_state=256, mamba_d_conv=4, mamba_expand=2, mamba_headdim=64, resume_from_checkpoint=None, save_checkpoints=True, checkpoint_interval=20, start_from_seed=0, max_checkpoints_to_keep=3, checkpoint_strategy='minimal', validate_checkpoints=True, device='cuda:0', save_model_name='TCL_time2vec_seed1')
2025-10-08 11:09:06,546 - root - INFO - Metrics will be saved to: ./saved_metrics/TCL/mooc/TCL_time2vec_seed1
2025-10-08 11:09:06,547 - root - INFO - time encoder type: time2vec
2025-10-08 11:09:06,547 - root - INFO - Time encoder will be injected into TCL model
2025-10-08 11:09:06,683 - root - INFO - model -> Sequential(
  (0): TCL(
    (time_encoder): TimeEncoderWrapper(
      (encoder): Time2VecEncoder(
        (time2vec_layer): SineActivation()
      )
    )
    (depth_embedding): Embedding(21, 172)
    (projection_layer): ModuleDict(
      (node): Linear(in_features=172, out_features=172, bias=True)
      (edge): Linear(in_features=172, out_features=172, bias=True)
      (time): Linear(in_features=100, out_features=172, bias=True)
    )
    (transformers): ModuleList(
      (0-1): 2 x TransformerEncoder(
        (multi_head_attention): MultiheadAttention(
          (out_proj): NonDynamicallyQuantizableLinear(in_features=172, out_features=172, bias=True)
        )
        (dropout): Dropout(p=0.1, inplace=False)
        (linear_layers): ModuleList(
          (0): Linear(in_features=172, out_features=688, bias=True)
          (1): Linear(in_features=688, out_features=172, bias=True)
        )
        (norm_layers): ModuleList(
          (0-1): 2 x LayerNorm((172,), eps=1e-05, elementwise_affine=True)
        )
      )
    )
    (output_layer): Linear(in_features=172, out_features=172, bias=True)
  )
  (1): MergeLayer(
    (fc1): Linear(in_features=344, out_features=172, bias=True)
    (fc2): Linear(in_features=172, out_features=1, bias=True)
    (act): ReLU()
  )
)
2025-10-08 11:09:06,683 - root - INFO - model name: TCL, #parameters: 3537812 B, 3454.89453125 KB, 3.373920440673828 MB.
2025-10-08 11:09:09,436 - root - INFO - Epoch: 1, learning rate: 0.0001, train loss: 0.6540
2025-10-08 11:09:09,437 - root - INFO - train average_precision, 0.5844
2025-10-08 11:09:09,437 - root - INFO - train roc_auc, 0.6223
2025-10-08 11:09:09,437 - root - INFO - validate loss: 0.6885
2025-10-08 11:09:09,437 - root - INFO - validate average_precision, 0.5843
2025-10-08 11:09:09,437 - root - INFO - validate roc_auc, 0.6213
2025-10-08 11:09:09,437 - root - INFO - new node validate loss: 0.6941
2025-10-08 11:09:09,437 - root - INFO - new node validate average_precision, 0.5386
2025-10-08 11:09:09,437 - root - INFO - new node validate roc_auc, 0.5353
2025-10-08 11:09:09,447 - root - INFO - save model ./saved_models/TCL/mooc/TCL_time2vec_seed1/TCL_time2vec_seed1.pkl
2025-10-08 11:09:12,245 - root - INFO - Epoch: 2, learning rate: 0.0001, train loss: 0.6422
2025-10-08 11:09:12,246 - root - INFO - train average_precision, 0.5910
2025-10-08 11:09:12,246 - root - INFO - train roc_auc, 0.6315
2025-10-08 11:09:12,246 - root - INFO - validate loss: 0.6064
2025-10-08 11:09:12,246 - root - INFO - validate average_precision, 0.6460
2025-10-08 11:09:12,246 - root - INFO - validate roc_auc, 0.6876
2025-10-08 11:09:12,246 - root - INFO - new node validate loss: 0.6898
2025-10-08 11:09:12,246 - root - INFO - new node validate average_precision, 0.6027
2025-10-08 11:09:12,246 - root - INFO - new node validate roc_auc, 0.6071
2025-10-08 11:09:12,251 - root - INFO - save model ./saved_models/TCL/mooc/TCL_time2vec_seed1/TCL_time2vec_seed1.pkl
2025-10-08 11:09:12,288 - root - INFO - load model ./saved_models/TCL/mooc/TCL_time2vec_seed1/TCL_time2vec_seed1.pkl
2025-10-08 11:09:12,305 - root - INFO - get final performance on dataset mooc...
2025-10-08 11:09:13,364 - root - INFO - validate loss: 0.6064
2025-10-08 11:09:13,364 - root - INFO - validate average_precision, 0.6460
2025-10-08 11:09:13,365 - root - INFO - validate roc_auc, 0.6876
2025-10-08 11:09:13,365 - root - INFO - new node validate loss: 0.6898
2025-10-08 11:09:13,365 - root - INFO - new node validate average_precision, 0.6027
2025-10-08 11:09:13,365 - root - INFO - new node validate roc_auc, 0.6071
2025-10-08 11:09:13,365 - root - INFO - test loss: 0.6501
2025-10-08 11:09:13,365 - root - INFO - test average_precision, 0.6110
2025-10-08 11:09:13,365 - root - INFO - test roc_auc, 0.6447
2025-10-08 11:09:13,365 - root - INFO - new node test loss: 0.7060
2025-10-08 11:09:13,365 - root - INFO - new node test average_precision, 0.5576
2025-10-08 11:09:13,365 - root - INFO - new node test roc_auc, 0.5593
2025-10-08 11:09:13,373 - root - INFO - ✅ Metrics saved to: ./saved_metrics/TCL/mooc/TCL_time2vec_seed1
2025-10-08 11:09:13,373 - root - INFO - Run 2 cost 6.83 seconds.
2025-10-08 11:09:13,376 - root - INFO - metrics over 2 runs:
2025-10-08 11:09:13,376 - root - INFO - validate average_precision, [np.float64(0.5825672210393931), np.float64(0.6460189249387518)]
2025-10-08 11:09:13,376 - root - INFO - average validate average_precision, 0.6143 ± 0.0449
2025-10-08 11:09:13,376 - root - INFO - validate roc_auc, [np.float64(0.6150873063016529), np.float64(0.687581069214876)]
2025-10-08 11:09:13,376 - root - INFO - average validate roc_auc, 0.6513 ± 0.0513
2025-10-08 11:09:13,376 - root - INFO - new node validate average_precision, [np.float64(0.5247982298505195), np.float64(0.6026698204698854)]
2025-10-08 11:09:13,376 - root - INFO - average new node validate average_precision, 0.5637 ± 0.0551
2025-10-08 11:09:13,376 - root - INFO - new node validate roc_auc, [np.float64(0.536886327961051), np.float64(0.6071334809311956)]
2025-10-08 11:09:13,376 - root - INFO - average new node validate roc_auc, 0.5720 ± 0.0497
2025-10-08 11:09:13,376 - root - INFO - test average_precision, [np.float64(0.5549487906136867), np.float64(0.6109764464112978)]
2025-10-08 11:09:13,377 - root - INFO - average test average_precision, 0.5830 ± 0.0396
2025-10-08 11:09:13,377 - root - INFO - test roc_auc, [np.float64(0.5803010588842976), np.float64(0.644718795196281)]
2025-10-08 11:09:13,377 - root - INFO - average test roc_auc, 0.6125 ± 0.0456
2025-10-08 11:09:13,377 - root - INFO - new node test average_precision, [np.float64(0.5155704647861237), np.float64(0.5576417400849586)]
2025-10-08 11:09:13,377 - root - INFO - average new node test average_precision, 0.5366 ± 0.0297
2025-10-08 11:09:13,377 - root - INFO - new node test roc_auc, [np.float64(0.511275382422253), np.float64(0.5592867175335606)]
2025-10-08 11:09:13,377 - root - INFO - average new node test roc_auc, 0.5353 ± 0.0339
