2025-10-08 11:22:01,896 - root - INFO - ********** Run 2 starts. **********
2025-10-08 11:22:01,896 - root - INFO - configuration is Namespace(dataset_name='mooc', batch_size=200, model_name='TGAT', gpu=0, num_neighbors=20, sample_neighbor_strategy='recent', time_scaling_factor=1e-06, num_walk_heads=8, num_heads=2, num_layers=2, walk_length=1, time_gap=2000, time_feat_dim=100, position_feat_dim=172, time_window_mode='fixed_proportion', time_encoder_type='lete', expert_dim=128, num_mixtures=16, sort_neighbors_by_time=False, patch_size=1, channel_embedding_dim=50, max_input_sequence_length=32, learning_rate=0.0001, dropout=0.1, gamma=0.5, num_epochs=2, optimizer='Adam', weight_decay=0.0, patience=20, val_ratio=0.15, test_ratio=0.15, num_runs=2, test_interval_epochs=100, negative_sample_strategy='random', max_interaction_times=10, load_best_configs=True, data_ratio=0.05, seed=1, save_model_name_suffix='', ablation_dir='', mamba_d_state=256, mamba_d_conv=4, mamba_expand=2, mamba_headdim=64, resume_from_checkpoint=None, save_checkpoints=True, checkpoint_interval=20, start_from_seed=0, max_checkpoints_to_keep=3, checkpoint_strategy='minimal', validate_checkpoints=True, device='cuda:0', save_model_name='TGAT_lete_seed1')
2025-10-08 11:22:01,898 - root - INFO - Metrics will be saved to: ./saved_metrics/TGAT/mooc/TGAT_lete_seed1
2025-10-08 11:22:01,899 - root - INFO - time encoder type: lete
2025-10-08 11:22:01,899 - root - INFO - Time encoder will be injected into TGAT model
2025-10-08 11:22:02,034 - root - INFO - model -> Sequential(
  (0): TGAT(
    (time_encoder): TimeEncoderWrapper(
      (encoder): LeTE(
        (w1_fourier): Linear(in_features=1, out_features=50, bias=True)
        (w2_fourier): FourierSeries()
        (w1_spline): Linear(in_features=1, out_features=50, bias=True)
        (w2_spline): Spline()
        (layernorm): LayerNorm((100,), eps=1e-05, elementwise_affine=True)
      )
    )
    (temporal_conv_layers): ModuleList(
      (0-1): 2 x MultiHeadAttention(
        (query_projection): Linear(in_features=272, out_features=272, bias=False)
        (key_projection): Linear(in_features=444, out_features=272, bias=False)
        (value_projection): Linear(in_features=444, out_features=272, bias=False)
        (layer_norm): LayerNorm((272,), eps=1e-05, elementwise_affine=True)
        (residual_fc): Linear(in_features=272, out_features=272, bias=True)
        (dropout): Dropout(p=0.1, inplace=False)
      )
    )
    (merge_layers): ModuleList(
      (0-1): 2 x MergeLayer(
        (fc1): Linear(in_features=444, out_features=172, bias=True)
        (fc2): Linear(in_features=172, out_features=172, bias=True)
        (act): ReLU()
      )
    )
  )
  (1): MergeLayer(
    (fc1): Linear(in_features=344, out_features=172, bias=True)
    (fc2): Linear(in_features=172, out_features=1, bias=True)
    (act): ReLU()
  )
)
2025-10-08 11:22:02,035 - root - INFO - model name: TGAT, #parameters: 4216652 B, 4117.82421875 KB, 4.021312713623047 MB.
2025-10-08 11:22:13,129 - root - INFO - Epoch: 1, learning rate: 0.0001, train loss: 0.6451
2025-10-08 11:22:13,130 - root - INFO - train average_precision, 0.6176
2025-10-08 11:22:13,130 - root - INFO - train roc_auc, 0.6720
2025-10-08 11:22:13,130 - root - INFO - validate loss: 0.6215
2025-10-08 11:22:13,130 - root - INFO - validate average_precision, 0.5880
2025-10-08 11:22:13,130 - root - INFO - validate roc_auc, 0.6438
2025-10-08 11:22:13,130 - root - INFO - new node validate loss: 0.7089
2025-10-08 11:22:13,130 - root - INFO - new node validate average_precision, 0.5146
2025-10-08 11:22:13,130 - root - INFO - new node validate roc_auc, 0.5295
2025-10-08 11:22:13,140 - root - INFO - save model ./saved_models/TGAT/mooc/TGAT_lete_seed1/TGAT_lete_seed1.pkl
2025-10-08 11:22:24,383 - root - INFO - Epoch: 2, learning rate: 0.0001, train loss: 0.6349
2025-10-08 11:22:24,384 - root - INFO - train average_precision, 0.6466
2025-10-08 11:22:24,384 - root - INFO - train roc_auc, 0.6855
2025-10-08 11:22:24,384 - root - INFO - validate loss: 0.6172
2025-10-08 11:22:24,384 - root - INFO - validate average_precision, 0.6008
2025-10-08 11:22:24,384 - root - INFO - validate roc_auc, 0.6594
2025-10-08 11:22:24,384 - root - INFO - new node validate loss: 0.6890
2025-10-08 11:22:24,384 - root - INFO - new node validate average_precision, 0.5362
2025-10-08 11:22:24,384 - root - INFO - new node validate roc_auc, 0.5531
2025-10-08 11:22:24,390 - root - INFO - save model ./saved_models/TGAT/mooc/TGAT_lete_seed1/TGAT_lete_seed1.pkl
2025-10-08 11:22:24,435 - root - INFO - load model ./saved_models/TGAT/mooc/TGAT_lete_seed1/TGAT_lete_seed1.pkl
2025-10-08 11:22:24,452 - root - INFO - get final performance on dataset mooc...
2025-10-08 11:22:30,975 - root - INFO - validate loss: 0.6172
2025-10-08 11:22:30,975 - root - INFO - validate average_precision, 0.6008
2025-10-08 11:22:30,976 - root - INFO - validate roc_auc, 0.6594
2025-10-08 11:22:30,976 - root - INFO - new node validate loss: 0.6890
2025-10-08 11:22:30,976 - root - INFO - new node validate average_precision, 0.5362
2025-10-08 11:22:30,976 - root - INFO - new node validate roc_auc, 0.5531
2025-10-08 11:22:30,976 - root - INFO - test loss: 0.7083
2025-10-08 11:22:30,976 - root - INFO - test average_precision, 0.6091
2025-10-08 11:22:30,976 - root - INFO - test roc_auc, 0.6593
2025-10-08 11:22:30,976 - root - INFO - new node test loss: 0.7561
2025-10-08 11:22:30,976 - root - INFO - new node test average_precision, 0.5548
2025-10-08 11:22:30,976 - root - INFO - new node test roc_auc, 0.5754
2025-10-08 11:22:30,986 - root - INFO - ✅ Metrics saved to: ./saved_metrics/TGAT/mooc/TGAT_lete_seed1
2025-10-08 11:22:30,987 - root - INFO - Run 2 cost 29.09 seconds.
2025-10-08 11:22:30,991 - root - INFO - metrics over 2 runs:
2025-10-08 11:22:30,991 - root - INFO - validate average_precision, [np.float64(0.6160731496533043), np.float64(0.600826765888204)]
2025-10-08 11:22:30,991 - root - INFO - average validate average_precision, 0.6084 ± 0.0108
2025-10-08 11:22:30,991 - root - INFO - validate roc_auc, [np.float64(0.6722552040289256), np.float64(0.6594083290289257)]
2025-10-08 11:22:30,991 - root - INFO - average validate roc_auc, 0.6658 ± 0.0091
2025-10-08 11:22:30,991 - root - INFO - new node validate average_precision, [np.float64(0.5540617441663377), np.float64(0.536195691508036)]
2025-10-08 11:22:30,991 - root - INFO - average new node validate average_precision, 0.5451 ± 0.0126
2025-10-08 11:22:30,991 - root - INFO - new node validate roc_auc, [np.float64(0.573490932174935), np.float64(0.5530509079716835)]
2025-10-08 11:22:30,991 - root - INFO - average new node validate roc_auc, 0.5633 ± 0.0145
2025-10-08 11:22:30,991 - root - INFO - test average_precision, [np.float64(0.6043378392229084), np.float64(0.6090587411877982)]
2025-10-08 11:22:30,991 - root - INFO - average test average_precision, 0.6067 ± 0.0033
2025-10-08 11:22:30,992 - root - INFO - test roc_auc, [np.float64(0.6532231340392562), np.float64(0.6592527440599174)]
2025-10-08 11:22:30,992 - root - INFO - average test roc_auc, 0.6562 ± 0.0043
2025-10-08 11:22:30,992 - root - INFO - new node test average_precision, [np.float64(0.5482578538993843), np.float64(0.5547983128622707)]
2025-10-08 11:22:30,992 - root - INFO - average new node test average_precision, 0.5515 ± 0.0046
2025-10-08 11:22:30,992 - root - INFO - new node test roc_auc, [np.float64(0.5724298873248327), np.float64(0.5753601857404368)]
2025-10-08 11:22:30,992 - root - INFO - average new node test roc_auc, 0.5739 ± 0.0021
