2025-10-08 05:50:01,087 - root - INFO - ********** Run 2 starts. **********
2025-10-08 05:50:01,087 - root - INFO - configuration is Namespace(dataset_name='reddit', batch_size=200, model_name='GraphMixer', gpu=0, num_neighbors=10, sample_neighbor_strategy='recent', time_scaling_factor=1e-06, num_walk_heads=8, num_heads=2, num_layers=2, walk_length=1, time_gap=2000, time_feat_dim=100, position_feat_dim=172, time_window_mode='fixed_proportion', time_encoder_type='mercer', expert_dim=128, num_mixtures=16, sort_neighbors_by_time=False, patch_size=1, channel_embedding_dim=50, max_input_sequence_length=32, learning_rate=0.0001, dropout=0.5, gamma=0.5, num_epochs=2, optimizer='Adam', weight_decay=0.0, patience=20, val_ratio=0.15, test_ratio=0.15, num_runs=2, test_interval_epochs=100, negative_sample_strategy='random', max_interaction_times=10, load_best_configs=True, data_ratio=0.05, seed=1, save_model_name_suffix='', ablation_dir='', mamba_d_state=256, mamba_d_conv=4, mamba_expand=2, mamba_headdim=64, resume_from_checkpoint=None, save_checkpoints=True, checkpoint_interval=20, start_from_seed=0, max_checkpoints_to_keep=3, checkpoint_strategy='minimal', validate_checkpoints=True, device='cuda:0', save_model_name='GraphMixer_mercer_seed1')
2025-10-08 05:50:01,089 - root - INFO - Metrics will be saved to: ./saved_metrics/GraphMixer/reddit/GraphMixer_mercer_seed1
2025-10-08 05:50:01,089 - root - INFO - time encoder type: mercer
2025-10-08 05:50:01,089 - root - INFO - Time encoder will be injected into GraphMixer model
2025-10-08 05:50:01,299 - root - INFO - model -> Sequential(
  (0): GraphMixer(
    (time_encoder): TimeEncoderWrapper(
      (encoder): MercerTimeEncoder()
    )
    (projection_layer): Linear(in_features=272, out_features=172, bias=True)
    (mlp_mixers): ModuleList(
      (0-1): 2 x MLPMixer(
        (token_norm): LayerNorm((10,), eps=1e-05, elementwise_affine=True)
        (token_feedforward): FeedForwardNet(
          (ffn): Sequential(
            (0): Linear(in_features=10, out_features=5, bias=True)
            (1): GELU(approximate='none')
            (2): Dropout(p=0.5, inplace=False)
            (3): Linear(in_features=5, out_features=10, bias=True)
            (4): Dropout(p=0.5, inplace=False)
          )
        )
        (channel_norm): LayerNorm((172,), eps=1e-05, elementwise_affine=True)
        (channel_feedforward): FeedForwardNet(
          (ffn): Sequential(
            (0): Linear(in_features=172, out_features=688, bias=True)
            (1): GELU(approximate='none')
            (2): Dropout(p=0.5, inplace=False)
            (3): Linear(in_features=688, out_features=172, bias=True)
            (4): Dropout(p=0.5, inplace=False)
          )
        )
      )
    )
    (output_layer): Linear(in_features=344, out_features=172, bias=True)
  )
  (1): MergeLayer(
    (fc1): Linear(in_features=344, out_features=172, bias=True)
    (fc2): Linear(in_features=172, out_features=1, bias=True)
    (act): ReLU()
  )
)
2025-10-08 05:50:01,299 - root - INFO - model name: GraphMixer, #parameters: 2574524 B, 2514.18359375 KB, 2.4552574157714844 MB.
2025-10-08 05:50:06,164 - root - INFO - Epoch: 1, learning rate: 0.0001, train loss: 0.5585
2025-10-08 05:50:06,165 - root - INFO - train average_precision, 0.8255
2025-10-08 05:50:06,165 - root - INFO - train roc_auc, 0.8166
2025-10-08 05:50:06,165 - root - INFO - validate loss: 0.5608
2025-10-08 05:50:06,165 - root - INFO - validate average_precision, 0.8863
2025-10-08 05:50:06,165 - root - INFO - validate roc_auc, 0.8781
2025-10-08 05:50:06,165 - root - INFO - new node validate loss: 0.8658
2025-10-08 05:50:06,165 - root - INFO - new node validate average_precision, 0.7974
2025-10-08 05:50:06,165 - root - INFO - new node validate roc_auc, 0.7811
2025-10-08 05:50:06,175 - root - INFO - save model ./saved_models/GraphMixer/reddit/GraphMixer_mercer_seed1/GraphMixer_mercer_seed1.pkl
2025-10-08 05:50:11,041 - root - INFO - Epoch: 2, learning rate: 0.0001, train loss: 0.4462
2025-10-08 05:50:11,041 - root - INFO - train average_precision, 0.8871
2025-10-08 05:50:11,041 - root - INFO - train roc_auc, 0.8746
2025-10-08 05:50:11,041 - root - INFO - validate loss: 0.5314
2025-10-08 05:50:11,042 - root - INFO - validate average_precision, 0.8913
2025-10-08 05:50:11,042 - root - INFO - validate roc_auc, 0.8826
2025-10-08 05:50:11,042 - root - INFO - new node validate loss: 0.8271
2025-10-08 05:50:11,042 - root - INFO - new node validate average_precision, 0.8070
2025-10-08 05:50:11,042 - root - INFO - new node validate roc_auc, 0.7872
2025-10-08 05:50:11,047 - root - INFO - save model ./saved_models/GraphMixer/reddit/GraphMixer_mercer_seed1/GraphMixer_mercer_seed1.pkl
2025-10-08 05:50:11,075 - root - INFO - load model ./saved_models/GraphMixer/reddit/GraphMixer_mercer_seed1/GraphMixer_mercer_seed1.pkl
2025-10-08 05:50:11,091 - root - INFO - get final performance on dataset reddit...
2025-10-08 05:50:13,089 - root - INFO - validate loss: 0.5314
2025-10-08 05:50:13,089 - root - INFO - validate average_precision, 0.8913
2025-10-08 05:50:13,089 - root - INFO - validate roc_auc, 0.8826
2025-10-08 05:50:13,090 - root - INFO - new node validate loss: 0.8271
2025-10-08 05:50:13,090 - root - INFO - new node validate average_precision, 0.8070
2025-10-08 05:50:13,090 - root - INFO - new node validate roc_auc, 0.7872
2025-10-08 05:50:13,090 - root - INFO - test loss: 0.5336
2025-10-08 05:50:13,090 - root - INFO - test average_precision, 0.9013
2025-10-08 05:50:13,090 - root - INFO - test roc_auc, 0.8971
2025-10-08 05:50:13,090 - root - INFO - new node test loss: 0.8775
2025-10-08 05:50:13,090 - root - INFO - new node test average_precision, 0.8169
2025-10-08 05:50:13,090 - root - INFO - new node test roc_auc, 0.8037
2025-10-08 05:50:13,099 - root - INFO - ✅ Metrics saved to: ./saved_metrics/GraphMixer/reddit/GraphMixer_mercer_seed1
2025-10-08 05:50:13,099 - root - INFO - Run 2 cost 12.01 seconds.
2025-10-08 05:50:13,102 - root - INFO - metrics over 2 runs:
2025-10-08 05:50:13,102 - root - INFO - validate average_precision, [np.float64(0.8877760293544265), np.float64(0.8912981883737567)]
2025-10-08 05:50:13,103 - root - INFO - average validate average_precision, 0.8895 ± 0.0025
2025-10-08 05:50:13,103 - root - INFO - validate roc_auc, [np.float64(0.8806108702209094), np.float64(0.8825794592711238)]
2025-10-08 05:50:13,103 - root - INFO - average validate roc_auc, 0.8816 ± 0.0014
2025-10-08 05:50:13,103 - root - INFO - new node validate average_precision, [np.float64(0.8020785375997476), np.float64(0.8069517865899777)]
2025-10-08 05:50:13,103 - root - INFO - average new node validate average_precision, 0.8045 ± 0.0034
2025-10-08 05:50:13,103 - root - INFO - new node validate roc_auc, [np.float64(0.7860146396099182), np.float64(0.7872178910054237)]
2025-10-08 05:50:13,103 - root - INFO - average new node validate roc_auc, 0.7866 ± 0.0009
2025-10-08 05:50:13,103 - root - INFO - test average_precision, [np.float64(0.8968522706887876), np.float64(0.9012681847718045)]
2025-10-08 05:50:13,103 - root - INFO - average test average_precision, 0.8991 ± 0.0031
2025-10-08 05:50:13,103 - root - INFO - test roc_auc, [np.float64(0.8959271575015895), np.float64(0.8971146257151938)]
2025-10-08 05:50:13,103 - root - INFO - average test roc_auc, 0.8965 ± 0.0008
2025-10-08 05:50:13,103 - root - INFO - new node test average_precision, [np.float64(0.8059489454463747), np.float64(0.8169343291119618)]
2025-10-08 05:50:13,104 - root - INFO - average new node test average_precision, 0.8114 ± 0.0078
2025-10-08 05:50:13,104 - root - INFO - new node test roc_auc, [np.float64(0.800699379616805), np.float64(0.8036789791089567)]
2025-10-08 05:50:13,104 - root - INFO - average new node test roc_auc, 0.8022 ± 0.0021
