2025-10-08 11:32:30,109 - root - INFO - ********** Run 1 starts. **********
2025-10-08 11:32:30,109 - root - INFO - configuration is Namespace(dataset_name='Contacts', batch_size=200, model_name='TGAT', gpu=0, num_neighbors=20, sample_neighbor_strategy='recent', time_scaling_factor=1e-06, num_walk_heads=8, num_heads=2, num_layers=2, walk_length=1, time_gap=2000, time_feat_dim=100, position_feat_dim=172, time_window_mode='fixed_proportion', time_encoder_type='lete', expert_dim=128, num_mixtures=16, sort_neighbors_by_time=False, patch_size=1, channel_embedding_dim=50, max_input_sequence_length=32, learning_rate=0.0001, dropout=0.1, gamma=0.5, num_epochs=2, optimizer='Adam', weight_decay=0.0, patience=20, val_ratio=0.15, test_ratio=0.15, num_runs=2, test_interval_epochs=100, negative_sample_strategy='random', max_interaction_times=10, load_best_configs=True, data_ratio=0.05, seed=0, save_model_name_suffix='', ablation_dir='', mamba_d_state=256, mamba_d_conv=4, mamba_expand=2, mamba_headdim=64, resume_from_checkpoint=None, save_checkpoints=True, checkpoint_interval=5, start_from_seed=0, max_checkpoints_to_keep=3, checkpoint_strategy='minimal', validate_checkpoints=True, device='cuda:0', save_model_name='TGAT_lete_seed0')
2025-10-08 11:32:30,112 - root - INFO - Metrics will be saved to: ./saved_metrics/TGAT/Contacts/TGAT_lete_seed0
2025-10-08 11:32:30,115 - root - INFO - time encoder type: lete
2025-10-08 11:32:30,115 - root - INFO - Time encoder will be injected into TGAT model
2025-10-08 11:32:31,064 - root - INFO - model -> Sequential(
  (0): TGAT(
    (time_encoder): TimeEncoderWrapper(
      (encoder): LeTE(
        (w1_fourier): Linear(in_features=1, out_features=50, bias=True)
        (w2_fourier): FourierSeries()
        (w1_spline): Linear(in_features=1, out_features=50, bias=True)
        (w2_spline): Spline()
        (layernorm): LayerNorm((100,), eps=1e-05, elementwise_affine=True)
      )
    )
    (temporal_conv_layers): ModuleList(
      (0-1): 2 x MultiHeadAttention(
        (query_projection): Linear(in_features=272, out_features=272, bias=False)
        (key_projection): Linear(in_features=444, out_features=272, bias=False)
        (value_projection): Linear(in_features=444, out_features=272, bias=False)
        (layer_norm): LayerNorm((272,), eps=1e-05, elementwise_affine=True)
        (residual_fc): Linear(in_features=272, out_features=272, bias=True)
        (dropout): Dropout(p=0.1, inplace=False)
      )
    )
    (merge_layers): ModuleList(
      (0-1): 2 x MergeLayer(
        (fc1): Linear(in_features=444, out_features=172, bias=True)
        (fc2): Linear(in_features=172, out_features=172, bias=True)
        (act): ReLU()
      )
    )
  )
  (1): MergeLayer(
    (fc1): Linear(in_features=344, out_features=172, bias=True)
    (fc2): Linear(in_features=172, out_features=1, bias=True)
    (act): ReLU()
  )
)
2025-10-08 11:32:31,065 - root - INFO - model name: TGAT, #parameters: 4216652 B, 4117.82421875 KB, 4.021312713623047 MB.
2025-10-08 11:33:40,994 - root - INFO - Epoch: 1, learning rate: 0.0001, train loss: 0.4186
2025-10-08 11:33:40,995 - root - INFO - train average_precision, 0.8325
2025-10-08 11:33:40,995 - root - INFO - train roc_auc, 0.8761
2025-10-08 11:33:40,995 - root - INFO - validate loss: 0.3687
2025-10-08 11:33:40,995 - root - INFO - validate average_precision, 0.8780
2025-10-08 11:33:40,995 - root - INFO - validate roc_auc, 0.9133
2025-10-08 11:33:40,995 - root - INFO - new node validate loss: 0.5394
2025-10-08 11:33:40,995 - root - INFO - new node validate average_precision, 0.8057
2025-10-08 11:33:40,995 - root - INFO - new node validate roc_auc, 0.8439
2025-10-08 11:33:41,006 - root - INFO - save model ./saved_models/TGAT/Contacts/TGAT_lete_seed0/TGAT_lete_seed0.pkl
2025-10-08 11:34:50,263 - root - INFO - Epoch: 2, learning rate: 0.0001, train loss: 0.3356
2025-10-08 11:34:50,264 - root - INFO - train average_precision, 0.8877
2025-10-08 11:34:50,264 - root - INFO - train roc_auc, 0.9181
2025-10-08 11:34:50,264 - root - INFO - validate loss: 0.3435
2025-10-08 11:34:50,264 - root - INFO - validate average_precision, 0.8959
2025-10-08 11:34:50,264 - root - INFO - validate roc_auc, 0.9246
2025-10-08 11:34:50,264 - root - INFO - new node validate loss: 0.4774
2025-10-08 11:34:50,264 - root - INFO - new node validate average_precision, 0.8259
2025-10-08 11:34:50,264 - root - INFO - new node validate roc_auc, 0.8600
2025-10-08 11:34:50,271 - root - INFO - save model ./saved_models/TGAT/Contacts/TGAT_lete_seed0/TGAT_lete_seed0.pkl
2025-10-08 11:34:50,316 - root - INFO - load model ./saved_models/TGAT/Contacts/TGAT_lete_seed0/TGAT_lete_seed0.pkl
2025-10-08 11:34:50,334 - root - INFO - get final performance on dataset Contacts...
2025-10-08 11:35:18,967 - root - INFO - validate loss: 0.3435
2025-10-08 11:35:18,967 - root - INFO - validate average_precision, 0.8959
2025-10-08 11:35:18,967 - root - INFO - validate roc_auc, 0.9246
2025-10-08 11:35:18,967 - root - INFO - new node validate loss: 0.4774
2025-10-08 11:35:18,967 - root - INFO - new node validate average_precision, 0.8259
2025-10-08 11:35:18,967 - root - INFO - new node validate roc_auc, 0.8600
2025-10-08 11:35:18,967 - root - INFO - test loss: 0.3778
2025-10-08 11:35:18,967 - root - INFO - test average_precision, 0.9113
2025-10-08 11:35:18,967 - root - INFO - test roc_auc, 0.9258
2025-10-08 11:35:18,968 - root - INFO - new node test loss: 0.4172
2025-10-08 11:35:18,968 - root - INFO - new node test average_precision, 0.8784
2025-10-08 11:35:18,968 - root - INFO - new node test roc_auc, 0.9009
2025-10-08 11:35:18,977 - root - INFO - ✅ Metrics saved to: ./saved_metrics/TGAT/Contacts/TGAT_lete_seed0
2025-10-08 11:35:18,977 - root - INFO - Run 1 cost 168.87 seconds.
