2025-10-08 10:26:52,467 - root - INFO - ********** Run 2 starts. **********
2025-10-08 10:26:52,467 - root - INFO - configuration is Namespace(dataset_name='Contacts', batch_size=200, model_name='GraphMixer', gpu=0, num_neighbors=20, sample_neighbor_strategy='recent', time_scaling_factor=1e-06, num_walk_heads=8, num_heads=2, num_layers=2, walk_length=1, time_gap=2000, time_feat_dim=100, position_feat_dim=172, time_window_mode='fixed_proportion', time_encoder_type='time2vec', expert_dim=128, num_mixtures=16, sort_neighbors_by_time=False, patch_size=1, channel_embedding_dim=50, max_input_sequence_length=32, learning_rate=0.0001, dropout=0.1, gamma=0.5, num_epochs=2, optimizer='Adam', weight_decay=0.0, patience=20, val_ratio=0.15, test_ratio=0.15, num_runs=2, test_interval_epochs=100, negative_sample_strategy='random', max_interaction_times=10, load_best_configs=True, data_ratio=0.05, seed=1, save_model_name_suffix='', ablation_dir='', mamba_d_state=256, mamba_d_conv=4, mamba_expand=2, mamba_headdim=64, resume_from_checkpoint=None, save_checkpoints=True, checkpoint_interval=20, start_from_seed=0, max_checkpoints_to_keep=3, checkpoint_strategy='minimal', validate_checkpoints=True, device='cuda:0', save_model_name='GraphMixer_time2vec_seed1')
2025-10-08 10:26:52,468 - root - INFO - Metrics will be saved to: ./saved_metrics/GraphMixer/Contacts/GraphMixer_time2vec_seed1
2025-10-08 10:26:52,469 - root - INFO - time encoder type: time2vec
2025-10-08 10:26:52,469 - root - INFO - Time encoder will be injected into GraphMixer model
2025-10-08 10:26:53,214 - root - INFO - model -> Sequential(
  (0): GraphMixer(
    (time_encoder): TimeEncoderWrapper(
      (encoder): Time2VecEncoder(
        (time2vec_layer): SineActivation()
      )
    )
    (projection_layer): Linear(in_features=272, out_features=172, bias=True)
    (mlp_mixers): ModuleList(
      (0-1): 2 x MLPMixer(
        (token_norm): LayerNorm((20,), eps=1e-05, elementwise_affine=True)
        (token_feedforward): FeedForwardNet(
          (ffn): Sequential(
            (0): Linear(in_features=20, out_features=10, bias=True)
            (1): GELU(approximate='none')
            (2): Dropout(p=0.1, inplace=False)
            (3): Linear(in_features=10, out_features=20, bias=True)
            (4): Dropout(p=0.1, inplace=False)
          )
        )
        (channel_norm): LayerNorm((172,), eps=1e-05, elementwise_affine=True)
        (channel_feedforward): FeedForwardNet(
          (ffn): Sequential(
            (0): Linear(in_features=172, out_features=688, bias=True)
            (1): GELU(approximate='none')
            (2): Dropout(p=0.1, inplace=False)
            (3): Linear(in_features=688, out_features=172, bias=True)
            (4): Dropout(p=0.1, inplace=False)
          )
        )
      )
    )
    (output_layer): Linear(in_features=344, out_features=172, bias=True)
  )
  (1): MergeLayer(
    (fc1): Linear(in_features=344, out_features=172, bias=True)
    (fc2): Linear(in_features=172, out_features=1, bias=True)
    (act): ReLU()
  )
)
2025-10-08 10:26:53,214 - root - INFO - model name: GraphMixer, #parameters: 2570804 B, 2510.55078125 KB, 2.451709747314453 MB.
2025-10-08 10:27:10,974 - root - INFO - Epoch: 1, learning rate: 0.0001, train loss: 0.8907
2025-10-08 10:27:10,975 - root - INFO - train average_precision, 0.7757
2025-10-08 10:27:10,975 - root - INFO - train roc_auc, 0.8404
2025-10-08 10:27:10,975 - root - INFO - validate loss: 0.4975
2025-10-08 10:27:10,975 - root - INFO - validate average_precision, 0.7446
2025-10-08 10:27:10,976 - root - INFO - validate roc_auc, 0.8230
2025-10-08 10:27:10,976 - root - INFO - new node validate loss: 0.6627
2025-10-08 10:27:10,976 - root - INFO - new node validate average_precision, 0.6310
2025-10-08 10:27:10,976 - root - INFO - new node validate roc_auc, 0.6903
2025-10-08 10:27:10,986 - root - INFO - save model ./saved_models/GraphMixer/Contacts/GraphMixer_time2vec_seed1/GraphMixer_time2vec_seed1.pkl
2025-10-08 10:27:28,640 - root - INFO - Epoch: 2, learning rate: 0.0001, train loss: 0.8219
2025-10-08 10:27:28,640 - root - INFO - train average_precision, 0.7971
2025-10-08 10:27:28,640 - root - INFO - train roc_auc, 0.8557
2025-10-08 10:27:28,641 - root - INFO - validate loss: 0.4702
2025-10-08 10:27:28,641 - root - INFO - validate average_precision, 0.7813
2025-10-08 10:27:28,641 - root - INFO - validate roc_auc, 0.8364
2025-10-08 10:27:28,641 - root - INFO - new node validate loss: 0.6388
2025-10-08 10:27:28,641 - root - INFO - new node validate average_precision, 0.6645
2025-10-08 10:27:28,641 - root - INFO - new node validate roc_auc, 0.7044
2025-10-08 10:27:28,647 - root - INFO - save model ./saved_models/GraphMixer/Contacts/GraphMixer_time2vec_seed1/GraphMixer_time2vec_seed1.pkl
2025-10-08 10:27:28,675 - root - INFO - load model ./saved_models/GraphMixer/Contacts/GraphMixer_time2vec_seed1/GraphMixer_time2vec_seed1.pkl
2025-10-08 10:27:28,690 - root - INFO - get final performance on dataset Contacts...
2025-10-08 10:27:34,877 - root - INFO - validate loss: 0.4702
2025-10-08 10:27:34,878 - root - INFO - validate average_precision, 0.7813
2025-10-08 10:27:34,878 - root - INFO - validate roc_auc, 0.8364
2025-10-08 10:27:34,878 - root - INFO - new node validate loss: 0.6388
2025-10-08 10:27:34,878 - root - INFO - new node validate average_precision, 0.6645
2025-10-08 10:27:34,878 - root - INFO - new node validate roc_auc, 0.7044
2025-10-08 10:27:34,878 - root - INFO - test loss: 0.5468
2025-10-08 10:27:34,878 - root - INFO - test average_precision, 0.8364
2025-10-08 10:27:34,878 - root - INFO - test roc_auc, 0.8683
2025-10-08 10:27:34,878 - root - INFO - new node test loss: 0.5859
2025-10-08 10:27:34,878 - root - INFO - new node test average_precision, 0.7790
2025-10-08 10:27:34,878 - root - INFO - new node test roc_auc, 0.8127
2025-10-08 10:27:34,887 - root - INFO - ✅ Metrics saved to: ./saved_metrics/GraphMixer/Contacts/GraphMixer_time2vec_seed1
2025-10-08 10:27:34,887 - root - INFO - Run 2 cost 42.42 seconds.
2025-10-08 10:27:34,891 - root - INFO - metrics over 2 runs:
2025-10-08 10:27:34,891 - root - INFO - validate average_precision, [np.float64(0.7776387752885269), np.float64(0.7813360838775587)]
2025-10-08 10:27:34,891 - root - INFO - average validate average_precision, 0.7795 ± 0.0026
2025-10-08 10:27:34,891 - root - INFO - validate roc_auc, [np.float64(0.8403542202308608), np.float64(0.8363706028057731)]
2025-10-08 10:27:34,891 - root - INFO - average validate roc_auc, 0.8384 ± 0.0028
2025-10-08 10:27:34,891 - root - INFO - new node validate average_precision, [np.float64(0.6436130164056694), np.float64(0.6644566938676771)]
2025-10-08 10:27:34,891 - root - INFO - average new node validate average_precision, 0.6540 ± 0.0147
2025-10-08 10:27:34,891 - root - INFO - new node validate roc_auc, [np.float64(0.6956609572400387), np.float64(0.7043923833819241)]
2025-10-08 10:27:34,891 - root - INFO - average new node validate roc_auc, 0.7000 ± 0.0062
2025-10-08 10:27:34,892 - root - INFO - test average_precision, [np.float64(0.7979514082464377), np.float64(0.836401635310477)]
2025-10-08 10:27:34,892 - root - INFO - average test average_precision, 0.8172 ± 0.0272
2025-10-08 10:27:34,892 - root - INFO - test roc_auc, [np.float64(0.8598667756616764), np.float64(0.8682618418883702)]
2025-10-08 10:27:34,892 - root - INFO - average test roc_auc, 0.8641 ± 0.0059
2025-10-08 10:27:34,892 - root - INFO - new node test average_precision, [np.float64(0.7348569944876082), np.float64(0.7790495893147451)]
2025-10-08 10:27:34,892 - root - INFO - average new node test average_precision, 0.7570 ± 0.0312
2025-10-08 10:27:34,892 - root - INFO - new node test roc_auc, [np.float64(0.8007593496230403), np.float64(0.8126907218442933)]
2025-10-08 10:27:34,892 - root - INFO - average new node test roc_auc, 0.8067 ± 0.0084
