2025-10-08 12:12:25,683 - root - INFO - ********** Run 2 starts. **********
2025-10-08 12:12:25,683 - root - INFO - configuration is Namespace(dataset_name='UNvote', batch_size=200, model_name='GraphMixer', gpu=0, num_neighbors=20, sample_neighbor_strategy='uniform', time_scaling_factor=1e-06, num_walk_heads=8, num_heads=2, num_layers=2, walk_length=1, time_gap=2000, time_feat_dim=100, position_feat_dim=172, time_window_mode='fixed_proportion', time_encoder_type='lete', expert_dim=128, num_mixtures=16, sort_neighbors_by_time=False, patch_size=1, channel_embedding_dim=50, max_input_sequence_length=32, learning_rate=0.0001, dropout=0.0, gamma=0.5, num_epochs=2, optimizer='Adam', weight_decay=0.0, patience=20, val_ratio=0.15, test_ratio=0.15, num_runs=2, test_interval_epochs=100, negative_sample_strategy='random', max_interaction_times=10, load_best_configs=True, data_ratio=0.05, seed=1, save_model_name_suffix='', ablation_dir='', mamba_d_state=256, mamba_d_conv=4, mamba_expand=2, mamba_headdim=64, resume_from_checkpoint=None, save_checkpoints=True, checkpoint_interval=20, start_from_seed=0, max_checkpoints_to_keep=3, checkpoint_strategy='minimal', validate_checkpoints=True, device='cuda:0', save_model_name='GraphMixer_lete_seed1')
2025-10-08 12:12:25,685 - root - INFO - Metrics will be saved to: ./saved_metrics/GraphMixer/UNvote/GraphMixer_lete_seed1
2025-10-08 12:12:25,686 - root - INFO - time encoder type: lete
2025-10-08 12:12:25,686 - root - INFO - Time encoder will be injected into GraphMixer model
2025-10-08 12:12:26,011 - root - INFO - model -> Sequential(
  (0): GraphMixer(
    (time_encoder): TimeEncoderWrapper(
      (encoder): LeTE(
        (w1_fourier): Linear(in_features=1, out_features=50, bias=True)
        (w2_fourier): FourierSeries()
        (w1_spline): Linear(in_features=1, out_features=50, bias=True)
        (w2_spline): Spline()
        (layernorm): LayerNorm((100,), eps=1e-05, elementwise_affine=True)
      )
    )
    (projection_layer): Linear(in_features=272, out_features=172, bias=True)
    (mlp_mixers): ModuleList(
      (0-1): 2 x MLPMixer(
        (token_norm): LayerNorm((20,), eps=1e-05, elementwise_affine=True)
        (token_feedforward): FeedForwardNet(
          (ffn): Sequential(
            (0): Linear(in_features=20, out_features=10, bias=True)
            (1): GELU(approximate='none')
            (2): Dropout(p=0.0, inplace=False)
            (3): Linear(in_features=10, out_features=20, bias=True)
            (4): Dropout(p=0.0, inplace=False)
          )
        )
        (channel_norm): LayerNorm((172,), eps=1e-05, elementwise_affine=True)
        (channel_feedforward): FeedForwardNet(
          (ffn): Sequential(
            (0): Linear(in_features=172, out_features=688, bias=True)
            (1): GELU(approximate='none')
            (2): Dropout(p=0.0, inplace=False)
            (3): Linear(in_features=688, out_features=172, bias=True)
            (4): Dropout(p=0.0, inplace=False)
          )
        )
      )
    )
    (output_layer): Linear(in_features=344, out_features=172, bias=True)
  )
  (1): MergeLayer(
    (fc1): Linear(in_features=344, out_features=172, bias=True)
    (fc2): Linear(in_features=172, out_features=1, bias=True)
    (act): ReLU()
  )
)
2025-10-08 12:12:26,012 - root - INFO - model name: GraphMixer, #parameters: 2575676 B, 2515.30859375 KB, 2.4563560485839844 MB.
2025-10-08 12:12:49,084 - root - INFO - Epoch: 1, learning rate: 0.0001, train loss: 0.6742
2025-10-08 12:12:49,085 - root - INFO - train average_precision, 0.5322
2025-10-08 12:12:49,085 - root - INFO - train roc_auc, 0.5547
2025-10-08 12:12:49,085 - root - INFO - validate loss: 0.6929
2025-10-08 12:12:49,085 - root - INFO - validate average_precision, 0.5166
2025-10-08 12:12:49,085 - root - INFO - validate roc_auc, 0.5108
2025-10-08 12:12:49,085 - root - INFO - new node validate loss: 0.6858
2025-10-08 12:12:49,086 - root - INFO - new node validate average_precision, 0.6419
2025-10-08 12:12:49,086 - root - INFO - new node validate roc_auc, 0.5984
2025-10-08 12:12:49,096 - root - INFO - save model ./saved_models/GraphMixer/UNvote/GraphMixer_lete_seed1/GraphMixer_lete_seed1.pkl
2025-10-08 12:13:12,207 - root - INFO - Epoch: 2, learning rate: 0.0001, train loss: 0.6725
2025-10-08 12:13:12,208 - root - INFO - train average_precision, 0.5324
2025-10-08 12:13:12,208 - root - INFO - train roc_auc, 0.5517
2025-10-08 12:13:12,208 - root - INFO - validate loss: 0.6930
2025-10-08 12:13:12,209 - root - INFO - validate average_precision, 0.5180
2025-10-08 12:13:12,209 - root - INFO - validate roc_auc, 0.5120
2025-10-08 12:13:12,209 - root - INFO - new node validate loss: 0.6829
2025-10-08 12:13:12,209 - root - INFO - new node validate average_precision, 0.6367
2025-10-08 12:13:12,209 - root - INFO - new node validate roc_auc, 0.5943
2025-10-08 12:13:12,216 - root - INFO - save model ./saved_models/GraphMixer/UNvote/GraphMixer_lete_seed1/GraphMixer_lete_seed1.pkl
2025-10-08 12:13:12,247 - root - INFO - load model ./saved_models/GraphMixer/UNvote/GraphMixer_lete_seed1/GraphMixer_lete_seed1.pkl
2025-10-08 12:13:12,259 - root - INFO - get final performance on dataset UNvote...
2025-10-08 12:13:20,081 - root - INFO - validate loss: 0.6930
2025-10-08 12:13:20,081 - root - INFO - validate average_precision, 0.5180
2025-10-08 12:13:20,081 - root - INFO - validate roc_auc, 0.5120
2025-10-08 12:13:20,081 - root - INFO - new node validate loss: 0.6829
2025-10-08 12:13:20,081 - root - INFO - new node validate average_precision, 0.6367
2025-10-08 12:13:20,081 - root - INFO - new node validate roc_auc, 0.5943
2025-10-08 12:13:20,081 - root - INFO - test loss: 0.6936
2025-10-08 12:13:20,081 - root - INFO - test average_precision, 0.4940
2025-10-08 12:13:20,082 - root - INFO - test roc_auc, 0.4921
2025-10-08 12:13:20,082 - root - INFO - new node test loss: 0.6958
2025-10-08 12:13:20,082 - root - INFO - new node test average_precision, 0.4425
2025-10-08 12:13:20,082 - root - INFO - new node test roc_auc, 0.4077
2025-10-08 12:13:20,092 - root - INFO - ✅ Metrics saved to: ./saved_metrics/GraphMixer/UNvote/GraphMixer_lete_seed1
2025-10-08 12:13:20,092 - root - INFO - Run 2 cost 54.41 seconds.
2025-10-08 12:13:20,096 - root - INFO - metrics over 2 runs:
2025-10-08 12:13:20,096 - root - INFO - validate average_precision, [np.float64(0.5172858962283553), np.float64(0.5180062037790566)]
2025-10-08 12:13:20,097 - root - INFO - average validate average_precision, 0.5176 ± 0.0005
2025-10-08 12:13:20,097 - root - INFO - validate roc_auc, [np.float64(0.5114166174067666), np.float64(0.5120101595540176)]
2025-10-08 12:13:20,097 - root - INFO - average validate roc_auc, 0.5117 ± 0.0004
2025-10-08 12:13:20,097 - root - INFO - new node validate average_precision, [np.float64(0.6410153241193476), np.float64(0.6366703060571188)]
2025-10-08 12:13:20,097 - root - INFO - average new node validate average_precision, 0.6388 ± 0.0031
2025-10-08 12:13:20,097 - root - INFO - new node validate roc_auc, [np.float64(0.5997685607379047), np.float64(0.5943209537069265)]
2025-10-08 12:13:20,097 - root - INFO - average new node validate roc_auc, 0.5970 ± 0.0039
2025-10-08 12:13:20,097 - root - INFO - test average_precision, [np.float64(0.4944202759268605), np.float64(0.4939538440193306)]
2025-10-08 12:13:20,097 - root - INFO - average test average_precision, 0.4942 ± 0.0003
2025-10-08 12:13:20,097 - root - INFO - test roc_auc, [np.float64(0.48648585724144733), np.float64(0.49212075446120473)]
2025-10-08 12:13:20,097 - root - INFO - average test roc_auc, 0.4893 ± 0.0040
2025-10-08 12:13:20,098 - root - INFO - new node test average_precision, [np.float64(0.4779854892305906), np.float64(0.442491868188002)]
2025-10-08 12:13:20,098 - root - INFO - average new node test average_precision, 0.4602 ± 0.0251
2025-10-08 12:13:20,098 - root - INFO - new node test roc_auc, [np.float64(0.4431155578512397), np.float64(0.4077177944214876)]
2025-10-08 12:13:20,098 - root - INFO - average new node test roc_auc, 0.4254 ± 0.0250
