2025-10-04 01:35:47,266 - root - INFO - ********** Run 1 starts. **********
2025-10-04 01:35:47,267 - root - INFO - configuration is Namespace(dataset_name='wikipedia', batch_size=200, model_name='TGAT', gpu=0, num_neighbors=20, sample_neighbor_strategy='recent', time_scaling_factor=1e-06, num_walk_heads=8, num_heads=2, num_layers=2, walk_length=1, time_gap=2000, time_feat_dim=128, position_feat_dim=172, time_window_mode='fixed_proportion', time_encoder_type='kan_mammote_lite', expert_dim=64, num_mixtures=12, patch_size=1, channel_embedding_dim=50, max_input_sequence_length=32, learning_rate=0.0001, dropout=0.1, gamma=0.5, num_epochs=10, optimizer='Adam', weight_decay=0.0, patience=20, val_ratio=0.15, test_ratio=0.15, num_runs=1, test_interval_epochs=1, negative_sample_strategy='random', max_interaction_times=10, load_best_configs=True, device='cuda:0', seed=0, save_model_name='TGAT_kan_mammote_lite_seed0')
2025-10-04 01:35:47,291 - root - INFO - time encoder type: kan_mammote_lite
2025-10-04 01:35:47,840 - root - INFO - model -> Sequential(
  (0): TGAT(
    (time_encoder): KAN_MAMMOTE_Lite(
      (k_mote): KMOTE(
        (experts): ModuleList(
          (0): SplineKANLayer(
            (input_projection): Linear(in_features=1, out_features=1, bias=True)
            (global_branch): Sequential(
              (0): Linear(in_features=1, out_features=32, bias=True)
              (1): GELU(approximate='none')
              (2): Linear(in_features=32, out_features=64, bias=True)
            )
          )
          (1): FourierKANLayer()
          (2): WaveletKANLayer(
            (linear): Linear(in_features=16, out_features=64, bias=True)
          )
          (3): SplineKANLayer(
            (input_projection): Linear(in_features=1, out_features=1, bias=True)
            (global_branch): Sequential(
              (0): Linear(in_features=1, out_features=32, bias=True)
              (1): GELU(approximate='none')
              (2): Linear(in_features=32, out_features=64, bias=True)
            )
            (local_linear): Linear(in_features=8, out_features=64, bias=True)
          )
        )
        (gating_network): Sequential(
          (0): Linear(in_features=1, out_features=64, bias=True)
          (1): GELU(approximate='none')
          (2): Linear(in_features=64, out_features=4, bias=True)
        )
        (layer_norm): LayerNorm((64,), eps=1e-05, elementwise_affine=True)
      )
      (sm_kernel): SMKernelLayer(
        (kernel): SpectralMixtureKernel(
          (raw_mixture_scales_constraint): Positive()
          (raw_mixture_means_constraint): Positive()
          (raw_mixture_weights_constraint): Positive()
        )
        (layer_norm): LayerNorm((12,), eps=1e-05, elementwise_affine=True)
      )
      (fusion): Sequential(
        (0): Linear(in_features=76, out_features=128, bias=True)
        (1): GELU(approximate='none')
        (2): Linear(in_features=128, out_features=128, bias=True)
        (3): LayerNorm((128,), eps=1e-05, elementwise_affine=True)
      )
    )
    (temporal_conv_layers): ModuleList(
      (0-1): 2 x MultiHeadAttention(
        (query_projection): Linear(in_features=300, out_features=300, bias=False)
        (key_projection): Linear(in_features=472, out_features=300, bias=False)
        (value_projection): Linear(in_features=472, out_features=300, bias=False)
        (layer_norm): LayerNorm((300,), eps=1e-05, elementwise_affine=True)
        (residual_fc): Linear(in_features=300, out_features=300, bias=True)
        (dropout): Dropout(p=0.1, inplace=False)
      )
    )
    (merge_layers): ModuleList(
      (0-1): 2 x MergeLayer(
        (fc1): Linear(in_features=472, out_features=172, bias=True)
        (fc2): Linear(in_features=172, out_features=172, bias=True)
        (act): ReLU()
      )
    )
  )
  (1): MergeLayer(
    (fc1): Linear(in_features=344, out_features=172, bias=True)
    (fc2): Linear(in_features=172, out_features=1, bias=True)
    (act): ReLU()
  )
)
2025-10-04 01:35:47,840 - root - INFO - model name: TGAT, #parameters: 4988308 B, 4871.39453125 KB, 4.757221221923828 MB.
2025-10-04 01:38:18,451 - root - INFO - Epoch: 1, learning rate: 0.0001, train loss: 0.5510
2025-10-04 01:38:18,451 - root - INFO - train average_precision, 0.7451
2025-10-04 01:38:18,451 - root - INFO - train roc_auc, 0.7855
2025-10-04 01:38:18,452 - root - INFO - validate loss: 0.5089
2025-10-04 01:38:18,452 - root - INFO - validate average_precision, 0.8220
2025-10-04 01:38:18,452 - root - INFO - validate roc_auc, 0.8330
2025-10-04 01:38:18,452 - root - INFO - new node validate loss: 0.4952
2025-10-04 01:38:18,452 - root - INFO - new node validate average_precision, 0.8387
2025-10-04 01:38:18,452 - root - INFO - new node validate roc_auc, 0.8434
2025-10-04 01:38:48,115 - root - INFO - test loss: 0.5375
2025-10-04 01:38:48,116 - root - INFO - test average_precision, 0.7965
2025-10-04 01:38:48,116 - root - INFO - best test average_precision: 0.7965
2025-10-04 01:38:48,116 - root - INFO - test roc_auc, 0.8066
2025-10-04 01:38:48,116 - root - INFO - new node test loss: 0.5347
2025-10-04 01:38:48,116 - root - INFO - new node test average_precision, 0.8043
2025-10-04 01:38:48,117 - root - INFO - new node test roc_auc, 0.8089
2025-10-04 01:38:48,122 - root - INFO - save model ./saved_models/TGAT/wikipedia/TGAT_kan_mammote_lite_seed0/TGAT_kan_mammote_lite_seed0.pkl
2025-10-04 01:41:13,699 - root - INFO - Epoch: 2, learning rate: 0.0001, train loss: 0.4431
2025-10-04 01:41:13,700 - root - INFO - train average_precision, 0.8659
2025-10-04 01:41:13,700 - root - INFO - train roc_auc, 0.8775
2025-10-04 01:41:13,700 - root - INFO - validate loss: 0.4230
2025-10-04 01:41:13,700 - root - INFO - validate average_precision, 0.8952
2025-10-04 01:41:13,700 - root - INFO - validate roc_auc, 0.8903
2025-10-04 01:41:13,700 - root - INFO - new node validate loss: 0.4102
2025-10-04 01:41:13,700 - root - INFO - new node validate average_precision, 0.9040
2025-10-04 01:41:13,700 - root - INFO - new node validate roc_auc, 0.8970
2025-10-04 01:41:43,379 - root - INFO - test loss: 0.4547
2025-10-04 01:41:43,379 - root - INFO - test average_precision, 0.8765
2025-10-04 01:41:43,379 - root - INFO - best test average_precision: 0.8765
2025-10-04 01:41:43,380 - root - INFO - test roc_auc, 0.8717
2025-10-04 01:41:43,380 - root - INFO - new node test loss: 0.4611
2025-10-04 01:41:43,380 - root - INFO - new node test average_precision, 0.8756
2025-10-04 01:41:43,380 - root - INFO - new node test roc_auc, 0.8664
2025-10-04 01:41:43,380 - root - INFO - save model ./saved_models/TGAT/wikipedia/TGAT_kan_mammote_lite_seed0/TGAT_kan_mammote_lite_seed0.pkl
2025-10-04 01:44:09,092 - root - INFO - Epoch: 3, learning rate: 0.0001, train loss: 0.3612
2025-10-04 01:44:09,093 - root - INFO - train average_precision, 0.9212
2025-10-04 01:44:09,093 - root - INFO - train roc_auc, 0.9223
2025-10-04 01:44:09,093 - root - INFO - validate loss: 0.3809
2025-10-04 01:44:09,093 - root - INFO - validate average_precision, 0.9144
2025-10-04 01:44:09,093 - root - INFO - validate roc_auc, 0.9118
2025-10-04 01:44:09,093 - root - INFO - new node validate loss: 0.3740
2025-10-04 01:44:09,093 - root - INFO - new node validate average_precision, 0.9151
2025-10-04 01:44:09,093 - root - INFO - new node validate roc_auc, 0.9133
2025-10-04 01:44:38,714 - root - INFO - test loss: 0.4110
2025-10-04 01:44:38,714 - root - INFO - test average_precision, 0.8986
2025-10-04 01:44:38,715 - root - INFO - best test average_precision: 0.8986
2025-10-04 01:44:38,715 - root - INFO - test roc_auc, 0.8965
2025-10-04 01:44:38,715 - root - INFO - new node test loss: 0.4168
2025-10-04 01:44:38,715 - root - INFO - new node test average_precision, 0.8961
2025-10-04 01:44:38,715 - root - INFO - new node test roc_auc, 0.8922
2025-10-04 01:44:38,715 - root - INFO - save model ./saved_models/TGAT/wikipedia/TGAT_kan_mammote_lite_seed0/TGAT_kan_mammote_lite_seed0.pkl
2025-10-04 01:47:04,417 - root - INFO - Epoch: 4, learning rate: 0.0001, train loss: 0.3361
2025-10-04 01:47:04,418 - root - INFO - train average_precision, 0.9321
2025-10-04 01:47:04,418 - root - INFO - train roc_auc, 0.9324
2025-10-04 01:47:04,418 - root - INFO - validate loss: 0.3695
2025-10-04 01:47:04,418 - root - INFO - validate average_precision, 0.9183
2025-10-04 01:47:04,418 - root - INFO - validate roc_auc, 0.9165
2025-10-04 01:47:04,418 - root - INFO - new node validate loss: 0.3611
2025-10-04 01:47:04,418 - root - INFO - new node validate average_precision, 0.9203
2025-10-04 01:47:04,418 - root - INFO - new node validate roc_auc, 0.9189
2025-10-04 01:47:33,946 - root - INFO - test loss: 0.4045
2025-10-04 01:47:33,946 - root - INFO - test average_precision, 0.9021
2025-10-04 01:47:33,946 - root - INFO - best test average_precision: 0.9021
2025-10-04 01:47:33,947 - root - INFO - test roc_auc, 0.9001
2025-10-04 01:47:33,947 - root - INFO - new node test loss: 0.4094
2025-10-04 01:47:33,947 - root - INFO - new node test average_precision, 0.8997
2025-10-04 01:47:33,947 - root - INFO - new node test roc_auc, 0.8959
2025-10-04 01:47:33,947 - root - INFO - save model ./saved_models/TGAT/wikipedia/TGAT_kan_mammote_lite_seed0/TGAT_kan_mammote_lite_seed0.pkl
2025-10-04 01:49:59,606 - root - INFO - Epoch: 5, learning rate: 0.0001, train loss: 0.3243
2025-10-04 01:49:59,607 - root - INFO - train average_precision, 0.9351
2025-10-04 01:49:59,607 - root - INFO - train roc_auc, 0.9365
2025-10-04 01:49:59,607 - root - INFO - validate loss: 0.3657
2025-10-04 01:49:59,607 - root - INFO - validate average_precision, 0.9190
2025-10-04 01:49:59,607 - root - INFO - validate roc_auc, 0.9183
2025-10-04 01:49:59,607 - root - INFO - new node validate loss: 0.3590
2025-10-04 01:49:59,607 - root - INFO - new node validate average_precision, 0.9213
2025-10-04 01:49:59,607 - root - INFO - new node validate roc_auc, 0.9205
2025-10-04 01:50:29,259 - root - INFO - test loss: 0.3988
2025-10-04 01:50:29,259 - root - INFO - test average_precision, 0.9024
2025-10-04 01:50:29,259 - root - INFO - best test average_precision: 0.9024
2025-10-04 01:50:29,259 - root - INFO - test roc_auc, 0.9026
2025-10-04 01:50:29,259 - root - INFO - new node test loss: 0.4070
2025-10-04 01:50:29,260 - root - INFO - new node test average_precision, 0.8986
2025-10-04 01:50:29,260 - root - INFO - new node test roc_auc, 0.8972
2025-10-04 01:50:29,260 - root - INFO - save model ./saved_models/TGAT/wikipedia/TGAT_kan_mammote_lite_seed0/TGAT_kan_mammote_lite_seed0.pkl
2025-10-04 01:52:54,615 - root - INFO - Epoch: 6, learning rate: 0.0001, train loss: 0.3128
2025-10-04 01:52:54,616 - root - INFO - train average_precision, 0.9397
2025-10-04 01:52:54,616 - root - INFO - train roc_auc, 0.9410
2025-10-04 01:52:54,617 - root - INFO - validate loss: 0.3612
2025-10-04 01:52:54,617 - root - INFO - validate average_precision, 0.9192
2025-10-04 01:52:54,617 - root - INFO - validate roc_auc, 0.9203
2025-10-04 01:52:54,617 - root - INFO - new node validate loss: 0.3552
2025-10-04 01:52:54,617 - root - INFO - new node validate average_precision, 0.9220
2025-10-04 01:52:54,617 - root - INFO - new node validate roc_auc, 0.9221
2025-10-04 01:53:24,183 - root - INFO - test loss: 0.3944
2025-10-04 01:53:24,183 - root - INFO - test average_precision, 0.9039
2025-10-04 01:53:24,183 - root - INFO - best test average_precision: 0.9039
2025-10-04 01:53:24,184 - root - INFO - test roc_auc, 0.9054
2025-10-04 01:53:24,184 - root - INFO - new node test loss: 0.4079
2025-10-04 01:53:24,184 - root - INFO - new node test average_precision, 0.8979
2025-10-04 01:53:24,184 - root - INFO - new node test roc_auc, 0.8972
2025-10-04 01:53:24,184 - root - INFO - save model ./saved_models/TGAT/wikipedia/TGAT_kan_mammote_lite_seed0/TGAT_kan_mammote_lite_seed0.pkl
2025-10-04 01:55:49,925 - root - INFO - Epoch: 7, learning rate: 0.0001, train loss: 0.3147
2025-10-04 01:55:49,926 - root - INFO - train average_precision, 0.9380
2025-10-04 01:55:49,926 - root - INFO - train roc_auc, 0.9400
2025-10-04 01:55:49,926 - root - INFO - validate loss: 0.3570
2025-10-04 01:55:49,926 - root - INFO - validate average_precision, 0.9206
2025-10-04 01:55:49,926 - root - INFO - validate roc_auc, 0.9222
2025-10-04 01:55:49,926 - root - INFO - new node validate loss: 0.3570
2025-10-04 01:55:49,926 - root - INFO - new node validate average_precision, 0.9221
2025-10-04 01:55:49,926 - root - INFO - new node validate roc_auc, 0.9215
2025-10-04 01:56:19,546 - root - INFO - test loss: 0.3899
2025-10-04 01:56:19,546 - root - INFO - test average_precision, 0.9067
2025-10-04 01:56:19,546 - root - INFO - best test average_precision: 0.9067
2025-10-04 01:56:19,546 - root - INFO - test roc_auc, 0.9079
2025-10-04 01:56:19,546 - root - INFO - new node test loss: 0.4055
2025-10-04 01:56:19,546 - root - INFO - new node test average_precision, 0.9000
2025-10-04 01:56:19,546 - root - INFO - new node test roc_auc, 0.8999
2025-10-04 01:56:19,546 - root - INFO - save model ./saved_models/TGAT/wikipedia/TGAT_kan_mammote_lite_seed0/TGAT_kan_mammote_lite_seed0.pkl
2025-10-04 01:58:44,907 - root - INFO - Epoch: 8, learning rate: 0.0001, train loss: 0.2994
2025-10-04 01:58:44,908 - root - INFO - train average_precision, 0.9444
2025-10-04 01:58:44,908 - root - INFO - train roc_auc, 0.9456
2025-10-04 01:58:44,908 - root - INFO - validate loss: 0.3511
2025-10-04 01:58:44,908 - root - INFO - validate average_precision, 0.9257
2025-10-04 01:58:44,908 - root - INFO - validate roc_auc, 0.9251
2025-10-04 01:58:44,908 - root - INFO - new node validate loss: 0.3507
2025-10-04 01:58:44,908 - root - INFO - new node validate average_precision, 0.9262
2025-10-04 01:58:44,908 - root - INFO - new node validate roc_auc, 0.9244
2025-10-04 01:59:14,551 - root - INFO - test loss: 0.3849
2025-10-04 01:59:14,552 - root - INFO - test average_precision, 0.9111
2025-10-04 01:59:14,552 - root - INFO - best test average_precision: 0.9111
2025-10-04 01:59:14,552 - root - INFO - test roc_auc, 0.9104
2025-10-04 01:59:14,552 - root - INFO - new node test loss: 0.3991
2025-10-04 01:59:14,552 - root - INFO - new node test average_precision, 0.9046
2025-10-04 01:59:14,552 - root - INFO - new node test roc_auc, 0.9025
2025-10-04 01:59:14,552 - root - INFO - save model ./saved_models/TGAT/wikipedia/TGAT_kan_mammote_lite_seed0/TGAT_kan_mammote_lite_seed0.pkl
2025-10-04 02:01:40,467 - root - INFO - Epoch: 9, learning rate: 0.0001, train loss: 0.2930
2025-10-04 02:01:40,467 - root - INFO - train average_precision, 0.9473
2025-10-04 02:01:40,468 - root - INFO - train roc_auc, 0.9481
2025-10-04 02:01:40,468 - root - INFO - validate loss: 0.3403
2025-10-04 02:01:40,468 - root - INFO - validate average_precision, 0.9294
2025-10-04 02:01:40,468 - root - INFO - validate roc_auc, 0.9290
2025-10-04 02:01:40,468 - root - INFO - new node validate loss: 0.3416
2025-10-04 02:01:40,468 - root - INFO - new node validate average_precision, 0.9306
2025-10-04 02:01:40,468 - root - INFO - new node validate roc_auc, 0.9276
2025-10-04 02:02:10,246 - root - INFO - test loss: 0.3731
2025-10-04 02:02:10,246 - root - INFO - test average_precision, 0.9160
2025-10-04 02:02:10,246 - root - INFO - best test average_precision: 0.9160
2025-10-04 02:02:10,246 - root - INFO - test roc_auc, 0.9152
2025-10-04 02:02:10,246 - root - INFO - new node test loss: 0.3890
2025-10-04 02:02:10,246 - root - INFO - new node test average_precision, 0.9095
2025-10-04 02:02:10,246 - root - INFO - new node test roc_auc, 0.9059
2025-10-04 02:02:10,247 - root - INFO - save model ./saved_models/TGAT/wikipedia/TGAT_kan_mammote_lite_seed0/TGAT_kan_mammote_lite_seed0.pkl
2025-10-04 02:04:36,111 - root - INFO - Epoch: 10, learning rate: 0.0001, train loss: 0.2828
2025-10-04 02:04:36,111 - root - INFO - train average_precision, 0.9513
2025-10-04 02:04:36,112 - root - INFO - train roc_auc, 0.9516
2025-10-04 02:04:36,112 - root - INFO - validate loss: 0.3389
2025-10-04 02:04:36,112 - root - INFO - validate average_precision, 0.9312
2025-10-04 02:04:36,112 - root - INFO - validate roc_auc, 0.9303
2025-10-04 02:04:36,112 - root - INFO - new node validate loss: 0.3379
2025-10-04 02:04:36,112 - root - INFO - new node validate average_precision, 0.9324
2025-10-04 02:04:36,112 - root - INFO - new node validate roc_auc, 0.9296
2025-10-04 02:05:05,808 - root - INFO - test loss: 0.3737
2025-10-04 02:05:05,808 - root - INFO - test average_precision, 0.9179
2025-10-04 02:05:05,808 - root - INFO - best test average_precision: 0.9179
2025-10-04 02:05:05,808 - root - INFO - test roc_auc, 0.9160
2025-10-04 02:05:05,808 - root - INFO - new node test loss: 0.3894
2025-10-04 02:05:05,808 - root - INFO - new node test average_precision, 0.9115
2025-10-04 02:05:05,808 - root - INFO - new node test roc_auc, 0.9073
2025-10-04 02:05:05,809 - root - INFO - save model ./saved_models/TGAT/wikipedia/TGAT_kan_mammote_lite_seed0/TGAT_kan_mammote_lite_seed0.pkl
2025-10-04 02:05:05,862 - root - INFO - load model ./saved_models/TGAT/wikipedia/TGAT_kan_mammote_lite_seed0/TGAT_kan_mammote_lite_seed0.pkl
2025-10-04 02:05:05,887 - root - INFO - get final performance on dataset wikipedia...
2025-10-04 02:06:05,494 - root - INFO - validate loss: 0.3389
2025-10-04 02:06:05,494 - root - INFO - validate average_precision, 0.9312
2025-10-04 02:06:05,494 - root - INFO - validate roc_auc, 0.9303
2025-10-04 02:06:05,494 - root - INFO - new node validate loss: 0.3379
2025-10-04 02:06:05,494 - root - INFO - new node validate average_precision, 0.9324
2025-10-04 02:06:05,494 - root - INFO - new node validate roc_auc, 0.9296
2025-10-04 02:06:05,494 - root - INFO - test loss: 0.3737
2025-10-04 02:06:05,494 - root - INFO - test average_precision, 0.9179
2025-10-04 02:06:05,494 - root - INFO - test roc_auc, 0.9160
2025-10-04 02:06:05,495 - root - INFO - new node test loss: 0.3894
2025-10-04 02:06:05,495 - root - INFO - new node test average_precision, 0.9115
2025-10-04 02:06:05,495 - root - INFO - new node test roc_auc, 0.9073
2025-10-04 02:06:05,495 - root - INFO - Run 1 cost 1818.23 seconds.
2025-10-04 02:06:05,502 - root - INFO - metrics over 1 runs:
2025-10-04 02:06:05,502 - root - INFO - validate average_precision, [np.float64(0.9311839203956453)]
2025-10-04 02:06:05,502 - root - INFO - average validate average_precision, 0.9312 ± nan
2025-10-04 02:06:05,502 - root - INFO - validate roc_auc, [np.float64(0.9303496050801274)]
2025-10-04 02:06:05,503 - root - INFO - average validate roc_auc, 0.9303 ± nan
2025-10-04 02:06:05,503 - root - INFO - new node validate average_precision, [np.float64(0.9324226831919842)]
2025-10-04 02:06:05,503 - root - INFO - average new node validate average_precision, 0.9324 ± nan
2025-10-04 02:06:05,503 - root - INFO - new node validate roc_auc, [np.float64(0.9296098360655738)]
2025-10-04 02:06:05,503 - root - INFO - average new node validate roc_auc, 0.9296 ± nan
2025-10-04 02:06:05,503 - root - INFO - test average_precision, [np.float64(0.9178751950878193)]
2025-10-04 02:06:05,503 - root - INFO - average test average_precision, 0.9179 ± nan
2025-10-04 02:06:05,503 - root - INFO - test roc_auc, [np.float64(0.9159918900893692)]
2025-10-04 02:06:05,503 - root - INFO - average test roc_auc, 0.9160 ± nan
2025-10-04 02:06:05,503 - root - INFO - new node test average_precision, [np.float64(0.911491086925682)]
2025-10-04 02:06:05,504 - root - INFO - average new node test average_precision, 0.9115 ± nan
2025-10-04 02:06:05,504 - root - INFO - new node test roc_auc, [np.float64(0.9072628696613374)]
2025-10-04 02:06:05,504 - root - INFO - average new node test roc_auc, 0.9073 ± nan
