2025-10-02 07:25:10,235 - root - INFO - ********** Run 3 starts. **********
2025-10-02 07:25:10,235 - root - INFO - configuration is Namespace(dataset_name='lastfm', batch_size=200, model_name='DyRep', gpu=0, num_neighbors=10, sample_neighbor_strategy='recent', time_scaling_factor=1e-06, num_walk_heads=8, num_heads=2, num_layers=1, walk_length=1, time_gap=2000, time_feat_dim=128, position_feat_dim=172, time_window_mode='fixed_proportion', time_encoder_type='lete', expert_dim=64, num_mixtures=4, patch_size=1, channel_embedding_dim=50, max_input_sequence_length=32, learning_rate=0.0001, dropout=0.0, gamma=0.5, num_epochs=100, optimizer='Adam', weight_decay=0.0, patience=20, val_ratio=0.15, test_ratio=0.15, num_runs=5, test_interval_epochs=1, negative_sample_strategy='random', max_interaction_times=10, load_best_configs=True, device='cuda:0', seed=2, save_model_name='DyRep_lete_seed2')
2025-10-02 07:25:10,237 - root - INFO - time encoder type: lete
2025-10-02 07:25:11,335 - root - INFO - model -> Sequential(
  (0): MemoryModel(
    (time_encoder): TimeEncoder(
      (w): Linear(in_features=1, out_features=128, bias=True)
    )
    (message_aggregator): MessageAggregator()
    (memory_bank): MemoryBank(num_nodes=1981, memory_dim=172)
    (memory_updater): RNNMemoryUpdater(
      (memory_bank): MemoryBank(num_nodes=1981, memory_dim=172)
      (memory_updater): RNNCell(644, 172)
    )
    (embedding_module): GraphAttentionEmbedding(
      (time_encoder): TimeEncoder(
        (w): Linear(in_features=1, out_features=128, bias=True)
      )
      (temporal_conv_layers): ModuleList(
        (0): MultiHeadAttention(
          (query_projection): Linear(in_features=300, out_features=300, bias=False)
          (key_projection): Linear(in_features=472, out_features=300, bias=False)
          (value_projection): Linear(in_features=472, out_features=300, bias=False)
          (layer_norm): LayerNorm((300,), eps=1e-05, elementwise_affine=True)
          (residual_fc): Linear(in_features=300, out_features=300, bias=True)
          (dropout): Dropout(p=0.0, inplace=False)
        )
      )
      (merge_layers): ModuleList(
        (0): MergeLayer(
          (fc1): Linear(in_features=472, out_features=172, bias=True)
          (fc2): Linear(in_features=172, out_features=172, bias=True)
          (act): ReLU()
        )
      )
    )
  )
  (1): MergeLayer(
    (fc1): Linear(in_features=344, out_features=172, bias=True)
    (fc2): Linear(in_features=172, out_features=1, bias=True)
    (act): ReLU()
  )
)
2025-10-02 07:25:11,336 - root - INFO - model name: DyRep, #parameters: 3102708 B, 3029.98828125 KB, 2.958972930908203 MB.
2025-10-02 07:27:06,468 - root - INFO - Epoch: 1, learning rate: 0.0001, train loss: 0.6096
2025-10-02 07:27:06,469 - root - INFO - train average_precision, 0.6983
2025-10-02 07:27:06,469 - root - INFO - train roc_auc, 0.7044
2025-10-02 07:27:06,469 - root - INFO - validate loss: 1.4034
2025-10-02 07:27:06,470 - root - INFO - validate average_precision, 0.6275
2025-10-02 07:27:06,470 - root - INFO - validate roc_auc, 0.6249
2025-10-02 07:27:06,470 - root - INFO - new node validate loss: 0.7094
2025-10-02 07:27:06,470 - root - INFO - new node validate average_precision, 0.7823
2025-10-02 07:27:06,470 - root - INFO - new node validate roc_auc, 0.7745
2025-10-02 07:27:32,843 - root - INFO - test loss: 1.5380
2025-10-02 07:27:32,844 - root - INFO - test average_precision, 0.6603
2025-10-02 07:27:32,844 - root - INFO - best test average_precision: 0.6603
2025-10-02 07:27:32,844 - root - INFO - test roc_auc, 0.6588
2025-10-02 07:27:32,844 - root - INFO - new node test loss: 1.2833
2025-10-02 07:27:32,845 - root - INFO - new node test average_precision, 0.7711
2025-10-02 07:27:32,845 - root - INFO - new node test roc_auc, 0.7700
2025-10-02 07:27:32,845 - root - INFO - save model ./saved_models/DyRep/lastfm/DyRep_lete_seed2/DyRep_lete_seed2.pkl
2025-10-02 07:29:28,368 - root - INFO - Epoch: 2, learning rate: 0.0001, train loss: 0.5977
2025-10-02 07:29:28,369 - root - INFO - train average_precision, 0.7170
2025-10-02 07:29:28,369 - root - INFO - train roc_auc, 0.7204
2025-10-02 07:29:28,369 - root - INFO - validate loss: 0.6731
2025-10-02 07:29:28,369 - root - INFO - validate average_precision, 0.6389
2025-10-02 07:29:28,370 - root - INFO - validate roc_auc, 0.6445
2025-10-02 07:29:28,370 - root - INFO - new node validate loss: 0.6279
2025-10-02 07:29:28,370 - root - INFO - new node validate average_precision, 0.7555
2025-10-02 07:29:28,370 - root - INFO - new node validate roc_auc, 0.7587
2025-10-02 07:29:54,782 - root - INFO - test loss: 0.6329
2025-10-02 07:29:54,782 - root - INFO - test average_precision, 0.6944
2025-10-02 07:29:54,782 - root - INFO - best test average_precision: 0.6944
2025-10-02 07:29:54,783 - root - INFO - test roc_auc, 0.6987
2025-10-02 07:29:54,783 - root - INFO - new node test loss: 0.5686
2025-10-02 07:29:54,783 - root - INFO - new node test average_precision, 0.8012
2025-10-02 07:29:54,783 - root - INFO - new node test roc_auc, 0.8013
2025-10-02 07:29:54,783 - root - INFO - save model ./saved_models/DyRep/lastfm/DyRep_lete_seed2/DyRep_lete_seed2.pkl
2025-10-02 07:31:50,390 - root - INFO - Epoch: 3, learning rate: 0.0001, train loss: 0.5816
2025-10-02 07:31:50,391 - root - INFO - train average_precision, 0.7397
2025-10-02 07:31:50,391 - root - INFO - train roc_auc, 0.7420
2025-10-02 07:31:50,392 - root - INFO - validate loss: 1.1613
2025-10-02 07:31:50,392 - root - INFO - validate average_precision, 0.6393
2025-10-02 07:31:50,392 - root - INFO - validate roc_auc, 0.6406
2025-10-02 07:31:50,392 - root - INFO - new node validate loss: 0.5365
2025-10-02 07:31:50,392 - root - INFO - new node validate average_precision, 0.8144
2025-10-02 07:31:50,392 - root - INFO - new node validate roc_auc, 0.8127
2025-10-02 07:32:16,683 - root - INFO - test loss: 1.2924
2025-10-02 07:32:16,684 - root - INFO - test average_precision, 0.6637
2025-10-02 07:32:16,684 - root - INFO - best test average_precision: 0.6944
2025-10-02 07:32:16,684 - root - INFO - test roc_auc, 0.6720
2025-10-02 07:32:16,684 - root - INFO - new node test loss: 0.9134
2025-10-02 07:32:16,684 - root - INFO - new node test average_precision, 0.7927
2025-10-02 07:32:16,684 - root - INFO - new node test roc_auc, 0.7928
2025-10-02 07:34:11,740 - root - INFO - Epoch: 4, learning rate: 0.0001, train loss: 0.5806
2025-10-02 07:34:11,741 - root - INFO - train average_precision, 0.7404
2025-10-02 07:34:11,742 - root - INFO - train roc_auc, 0.7411
2025-10-02 07:34:11,742 - root - INFO - validate loss: 0.6308
2025-10-02 07:34:11,742 - root - INFO - validate average_precision, 0.6962
2025-10-02 07:34:11,742 - root - INFO - validate roc_auc, 0.6866
2025-10-02 07:34:11,742 - root - INFO - new node validate loss: 0.5466
2025-10-02 07:34:11,743 - root - INFO - new node validate average_precision, 0.8181
2025-10-02 07:34:11,743 - root - INFO - new node validate roc_auc, 0.8085
2025-10-02 07:34:38,114 - root - INFO - test loss: 1.0049
2025-10-02 07:34:38,114 - root - INFO - test average_precision, 0.7174
2025-10-02 07:34:38,114 - root - INFO - best test average_precision: 0.7174
2025-10-02 07:34:38,114 - root - INFO - test roc_auc, 0.7140
2025-10-02 07:34:38,114 - root - INFO - new node test loss: 0.4447
2025-10-02 07:34:38,115 - root - INFO - new node test average_precision, 0.8505
2025-10-02 07:34:38,115 - root - INFO - new node test roc_auc, 0.8446
2025-10-02 07:34:38,115 - root - INFO - save model ./saved_models/DyRep/lastfm/DyRep_lete_seed2/DyRep_lete_seed2.pkl
2025-10-02 07:36:33,449 - root - INFO - Epoch: 5, learning rate: 0.0001, train loss: 0.5753
2025-10-02 07:36:33,450 - root - INFO - train average_precision, 0.7468
2025-10-02 07:36:33,450 - root - INFO - train roc_auc, 0.7474
2025-10-02 07:36:33,451 - root - INFO - validate loss: 0.9662
2025-10-02 07:36:33,451 - root - INFO - validate average_precision, 0.6733
2025-10-02 07:36:33,451 - root - INFO - validate roc_auc, 0.6646
2025-10-02 07:36:33,451 - root - INFO - new node validate loss: 0.5385
2025-10-02 07:36:33,451 - root - INFO - new node validate average_precision, 0.8257
2025-10-02 07:36:33,451 - root - INFO - new node validate roc_auc, 0.8194
2025-10-02 07:36:59,641 - root - INFO - test loss: 1.3220
2025-10-02 07:36:59,641 - root - INFO - test average_precision, 0.6920
2025-10-02 07:36:59,641 - root - INFO - best test average_precision: 0.7174
2025-10-02 07:36:59,641 - root - INFO - test roc_auc, 0.6846
2025-10-02 07:36:59,642 - root - INFO - new node test loss: 0.9295
2025-10-02 07:36:59,642 - root - INFO - new node test average_precision, 0.8090
2025-10-02 07:36:59,642 - root - INFO - new node test roc_auc, 0.8017
2025-10-02 07:38:54,634 - root - INFO - Epoch: 6, learning rate: 0.0001, train loss: 0.5636
2025-10-02 07:38:54,635 - root - INFO - train average_precision, 0.7621
2025-10-02 07:38:54,636 - root - INFO - train roc_auc, 0.7622
2025-10-02 07:38:54,636 - root - INFO - validate loss: 1.7057
2025-10-02 07:38:54,636 - root - INFO - validate average_precision, 0.6096
2025-10-02 07:38:54,636 - root - INFO - validate roc_auc, 0.6221
2025-10-02 07:38:54,636 - root - INFO - new node validate loss: 0.6528
2025-10-02 07:38:54,636 - root - INFO - new node validate average_precision, 0.8078
2025-10-02 07:38:54,636 - root - INFO - new node validate roc_auc, 0.7924
2025-10-02 07:39:20,838 - root - INFO - test loss: 2.0558
2025-10-02 07:39:20,838 - root - INFO - test average_precision, 0.5932
2025-10-02 07:39:20,838 - root - INFO - best test average_precision: 0.7174
2025-10-02 07:39:20,838 - root - INFO - test roc_auc, 0.6246
2025-10-02 07:39:20,838 - root - INFO - new node test loss: 1.7905
2025-10-02 07:39:20,839 - root - INFO - new node test average_precision, 0.7208
2025-10-02 07:39:20,839 - root - INFO - new node test roc_auc, 0.7445
2025-10-02 07:41:15,912 - root - INFO - Epoch: 7, learning rate: 0.0001, train loss: 0.5558
2025-10-02 07:41:15,913 - root - INFO - train average_precision, 0.7711
2025-10-02 07:41:15,914 - root - INFO - train roc_auc, 0.7719
2025-10-02 07:41:15,914 - root - INFO - validate loss: 1.4823
2025-10-02 07:41:15,914 - root - INFO - validate average_precision, 0.6223
2025-10-02 07:41:15,914 - root - INFO - validate roc_auc, 0.6359
2025-10-02 07:41:15,914 - root - INFO - new node validate loss: 0.7901
2025-10-02 07:41:15,914 - root - INFO - new node validate average_precision, 0.7826
2025-10-02 07:41:15,914 - root - INFO - new node validate roc_auc, 0.7716
2025-10-02 07:41:42,028 - root - INFO - test loss: 1.8013
2025-10-02 07:41:42,028 - root - INFO - test average_precision, 0.6075
2025-10-02 07:41:42,028 - root - INFO - best test average_precision: 0.7174
2025-10-02 07:41:42,028 - root - INFO - test roc_auc, 0.6378
2025-10-02 07:41:42,028 - root - INFO - new node test loss: 1.5582
2025-10-02 07:41:42,029 - root - INFO - new node test average_precision, 0.7270
2025-10-02 07:41:42,029 - root - INFO - new node test roc_auc, 0.7503
2025-10-02 07:43:36,932 - root - INFO - Epoch: 8, learning rate: 0.0001, train loss: 0.5571
2025-10-02 07:43:36,933 - root - INFO - train average_precision, 0.7683
2025-10-02 07:43:36,934 - root - INFO - train roc_auc, 0.7683
2025-10-02 07:43:36,934 - root - INFO - validate loss: 1.9458
2025-10-02 07:43:36,934 - root - INFO - validate average_precision, 0.5807
2025-10-02 07:43:36,934 - root - INFO - validate roc_auc, 0.5926
2025-10-02 07:43:36,934 - root - INFO - new node validate loss: 0.5262
2025-10-02 07:43:36,934 - root - INFO - new node validate average_precision, 0.8319
2025-10-02 07:43:36,934 - root - INFO - new node validate roc_auc, 0.8293
2025-10-02 07:44:03,137 - root - INFO - test loss: 2.2416
2025-10-02 07:44:03,137 - root - INFO - test average_precision, 0.5553
2025-10-02 07:44:03,137 - root - INFO - best test average_precision: 0.7174
2025-10-02 07:44:03,137 - root - INFO - test roc_auc, 0.5744
2025-10-02 07:44:03,137 - root - INFO - new node test loss: 2.1559
2025-10-02 07:44:03,137 - root - INFO - new node test average_precision, 0.6353
2025-10-02 07:44:03,137 - root - INFO - new node test roc_auc, 0.6704
2025-10-02 07:45:58,244 - root - INFO - Epoch: 9, learning rate: 0.0001, train loss: 0.5569
2025-10-02 07:45:58,245 - root - INFO - train average_precision, 0.7705
2025-10-02 07:45:58,246 - root - INFO - train roc_auc, 0.7707
2025-10-02 07:45:58,246 - root - INFO - validate loss: 1.2922
2025-10-02 07:45:58,246 - root - INFO - validate average_precision, 0.6544
2025-10-02 07:45:58,246 - root - INFO - validate roc_auc, 0.6589
2025-10-02 07:45:58,246 - root - INFO - new node validate loss: 0.5222
2025-10-02 07:45:58,246 - root - INFO - new node validate average_precision, 0.8298
2025-10-02 07:45:58,246 - root - INFO - new node validate roc_auc, 0.8254
2025-10-02 07:46:24,667 - root - INFO - test loss: 1.5225
2025-10-02 07:46:24,668 - root - INFO - test average_precision, 0.6712
2025-10-02 07:46:24,668 - root - INFO - best test average_precision: 0.7174
2025-10-02 07:46:24,668 - root - INFO - test roc_auc, 0.6845
2025-10-02 07:46:24,668 - root - INFO - new node test loss: 1.0995
2025-10-02 07:46:24,668 - root - INFO - new node test average_precision, 0.8039
2025-10-02 07:46:24,668 - root - INFO - new node test roc_auc, 0.8025
2025-10-02 07:48:19,771 - root - INFO - Epoch: 10, learning rate: 0.0001, train loss: 0.5537
2025-10-02 07:48:19,772 - root - INFO - train average_precision, 0.7734
2025-10-02 07:48:19,773 - root - INFO - train roc_auc, 0.7730
2025-10-02 07:48:19,773 - root - INFO - validate loss: 1.5973
2025-10-02 07:48:19,773 - root - INFO - validate average_precision, 0.6540
2025-10-02 07:48:19,773 - root - INFO - validate roc_auc, 0.6458
2025-10-02 07:48:19,773 - root - INFO - new node validate loss: 0.8554
2025-10-02 07:48:19,773 - root - INFO - new node validate average_precision, 0.7919
2025-10-02 07:48:19,773 - root - INFO - new node validate roc_auc, 0.7769
2025-10-02 07:48:46,072 - root - INFO - test loss: 1.8130
2025-10-02 07:48:46,073 - root - INFO - test average_precision, 0.6812
2025-10-02 07:48:46,073 - root - INFO - best test average_precision: 0.7174
2025-10-02 07:48:46,073 - root - INFO - test roc_auc, 0.6737
2025-10-02 07:48:46,073 - root - INFO - new node test loss: 1.3839
2025-10-02 07:48:46,073 - root - INFO - new node test average_precision, 0.7966
2025-10-02 07:48:46,073 - root - INFO - new node test roc_auc, 0.7859
2025-10-02 07:50:41,304 - root - INFO - Epoch: 11, learning rate: 0.0001, train loss: 0.5600
2025-10-02 07:50:41,305 - root - INFO - train average_precision, 0.7656
2025-10-02 07:50:41,305 - root - INFO - train roc_auc, 0.7651
2025-10-02 07:50:41,306 - root - INFO - validate loss: 1.2851
2025-10-02 07:50:41,306 - root - INFO - validate average_precision, 0.6690
2025-10-02 07:50:41,306 - root - INFO - validate roc_auc, 0.6625
2025-10-02 07:50:41,306 - root - INFO - new node validate loss: 0.6726
2025-10-02 07:50:41,306 - root - INFO - new node validate average_precision, 0.8042
2025-10-02 07:50:41,306 - root - INFO - new node validate roc_auc, 0.7949
2025-10-02 07:51:07,617 - root - INFO - test loss: 1.5455
2025-10-02 07:51:07,617 - root - INFO - test average_precision, 0.6892
2025-10-02 07:51:07,617 - root - INFO - best test average_precision: 0.7174
2025-10-02 07:51:07,617 - root - INFO - test roc_auc, 0.6845
2025-10-02 07:51:07,617 - root - INFO - new node test loss: 1.0217
2025-10-02 07:51:07,618 - root - INFO - new node test average_precision, 0.8105
2025-10-02 07:51:07,618 - root - INFO - new node test roc_auc, 0.8041
2025-10-02 07:53:02,350 - root - INFO - Epoch: 12, learning rate: 0.0001, train loss: 0.5485
2025-10-02 07:53:02,351 - root - INFO - train average_precision, 0.7795
2025-10-02 07:53:02,352 - root - INFO - train roc_auc, 0.7794
2025-10-02 07:53:02,352 - root - INFO - validate loss: 1.3591
2025-10-02 07:53:02,352 - root - INFO - validate average_precision, 0.6412
2025-10-02 07:53:02,352 - root - INFO - validate roc_auc, 0.6469
2025-10-02 07:53:02,352 - root - INFO - new node validate loss: 0.5657
2025-10-02 07:53:02,353 - root - INFO - new node validate average_precision, 0.8235
2025-10-02 07:53:02,353 - root - INFO - new node validate roc_auc, 0.8185
2025-10-02 07:53:28,485 - root - INFO - test loss: 1.7154
2025-10-02 07:53:28,486 - root - INFO - test average_precision, 0.6274
2025-10-02 07:53:28,486 - root - INFO - best test average_precision: 0.7174
2025-10-02 07:53:28,486 - root - INFO - test roc_auc, 0.6482
2025-10-02 07:53:28,486 - root - INFO - new node test loss: 1.4342
2025-10-02 07:53:28,486 - root - INFO - new node test average_precision, 0.7499
2025-10-02 07:53:28,486 - root - INFO - new node test roc_auc, 0.7571
2025-10-02 07:55:23,350 - root - INFO - Epoch: 13, learning rate: 0.0001, train loss: 0.5490
2025-10-02 07:55:23,351 - root - INFO - train average_precision, 0.7785
2025-10-02 07:55:23,351 - root - INFO - train roc_auc, 0.7787
2025-10-02 07:55:23,351 - root - INFO - validate loss: 1.2022
2025-10-02 07:55:23,352 - root - INFO - validate average_precision, 0.6622
2025-10-02 07:55:23,352 - root - INFO - validate roc_auc, 0.6539
2025-10-02 07:55:23,352 - root - INFO - new node validate loss: 0.6391
2025-10-02 07:55:23,352 - root - INFO - new node validate average_precision, 0.8162
2025-10-02 07:55:23,352 - root - INFO - new node validate roc_auc, 0.8074
2025-10-02 07:55:49,503 - root - INFO - test loss: 1.4492
2025-10-02 07:55:49,503 - root - INFO - test average_precision, 0.6850
2025-10-02 07:55:49,503 - root - INFO - best test average_precision: 0.7174
2025-10-02 07:55:49,503 - root - INFO - test roc_auc, 0.6814
2025-10-02 07:55:49,503 - root - INFO - new node test loss: 1.1851
2025-10-02 07:55:49,503 - root - INFO - new node test average_precision, 0.8033
2025-10-02 07:55:49,504 - root - INFO - new node test roc_auc, 0.7898
2025-10-02 07:57:44,345 - root - INFO - Epoch: 14, learning rate: 0.0001, train loss: 0.5567
2025-10-02 07:57:44,347 - root - INFO - train average_precision, 0.7702
2025-10-02 07:57:44,347 - root - INFO - train roc_auc, 0.7690
2025-10-02 07:57:44,347 - root - INFO - validate loss: 1.4038
2025-10-02 07:57:44,347 - root - INFO - validate average_precision, 0.6607
2025-10-02 07:57:44,347 - root - INFO - validate roc_auc, 0.6544
2025-10-02 07:57:44,348 - root - INFO - new node validate loss: 0.6599
2025-10-02 07:57:44,348 - root - INFO - new node validate average_precision, 0.8097
2025-10-02 07:57:44,348 - root - INFO - new node validate roc_auc, 0.7965
2025-10-02 07:58:10,520 - root - INFO - test loss: 1.5824
2025-10-02 07:58:10,521 - root - INFO - test average_precision, 0.6928
2025-10-02 07:58:10,521 - root - INFO - best test average_precision: 0.7174
2025-10-02 07:58:10,521 - root - INFO - test roc_auc, 0.6920
2025-10-02 07:58:10,521 - root - INFO - new node test loss: 1.2201
2025-10-02 07:58:10,521 - root - INFO - new node test average_precision, 0.8123
2025-10-02 07:58:10,521 - root - INFO - new node test roc_auc, 0.8017
2025-10-02 08:00:05,613 - root - INFO - Epoch: 15, learning rate: 0.0001, train loss: 0.5512
2025-10-02 08:00:05,614 - root - INFO - train average_precision, 0.7765
2025-10-02 08:00:05,614 - root - INFO - train roc_auc, 0.7758
2025-10-02 08:00:05,614 - root - INFO - validate loss: 1.1770
2025-10-02 08:00:05,615 - root - INFO - validate average_precision, 0.6520
2025-10-02 08:00:05,615 - root - INFO - validate roc_auc, 0.6400
2025-10-02 08:00:05,615 - root - INFO - new node validate loss: 0.5549
2025-10-02 08:00:05,615 - root - INFO - new node validate average_precision, 0.8181
2025-10-02 08:00:05,615 - root - INFO - new node validate roc_auc, 0.8134
2025-10-02 08:00:31,918 - root - INFO - test loss: 1.3764
2025-10-02 08:00:31,918 - root - INFO - test average_precision, 0.6903
2025-10-02 08:00:31,918 - root - INFO - best test average_precision: 0.7174
2025-10-02 08:00:31,919 - root - INFO - test roc_auc, 0.6783
2025-10-02 08:00:31,919 - root - INFO - new node test loss: 1.0778
2025-10-02 08:00:31,919 - root - INFO - new node test average_precision, 0.7977
2025-10-02 08:00:31,919 - root - INFO - new node test roc_auc, 0.7823
2025-10-02 08:02:26,824 - root - INFO - Epoch: 16, learning rate: 0.0001, train loss: 0.5518
2025-10-02 08:02:26,825 - root - INFO - train average_precision, 0.7748
2025-10-02 08:02:26,826 - root - INFO - train roc_auc, 0.7736
2025-10-02 08:02:26,826 - root - INFO - validate loss: 1.3665
2025-10-02 08:02:26,826 - root - INFO - validate average_precision, 0.6597
2025-10-02 08:02:26,826 - root - INFO - validate roc_auc, 0.6582
2025-10-02 08:02:26,826 - root - INFO - new node validate loss: 0.6717
2025-10-02 08:02:26,826 - root - INFO - new node validate average_precision, 0.8102
2025-10-02 08:02:26,826 - root - INFO - new node validate roc_auc, 0.8023
2025-10-02 08:02:53,058 - root - INFO - test loss: 1.5603
2025-10-02 08:02:53,059 - root - INFO - test average_precision, 0.6674
2025-10-02 08:02:53,059 - root - INFO - best test average_precision: 0.7174
2025-10-02 08:02:53,059 - root - INFO - test roc_auc, 0.6768
2025-10-02 08:02:53,059 - root - INFO - new node test loss: 1.1008
2025-10-02 08:02:53,059 - root - INFO - new node test average_precision, 0.7952
2025-10-02 08:02:53,059 - root - INFO - new node test roc_auc, 0.7901
2025-10-02 08:04:48,150 - root - INFO - Epoch: 17, learning rate: 0.0001, train loss: 0.5515
2025-10-02 08:04:48,151 - root - INFO - train average_precision, 0.7759
2025-10-02 08:04:48,151 - root - INFO - train roc_auc, 0.7747
2025-10-02 08:04:48,151 - root - INFO - validate loss: 1.2416
2025-10-02 08:04:48,152 - root - INFO - validate average_precision, 0.6682
2025-10-02 08:04:48,152 - root - INFO - validate roc_auc, 0.6540
2025-10-02 08:04:48,152 - root - INFO - new node validate loss: 0.5924
2025-10-02 08:04:48,152 - root - INFO - new node validate average_precision, 0.8143
2025-10-02 08:04:48,152 - root - INFO - new node validate roc_auc, 0.8030
2025-10-02 08:05:14,370 - root - INFO - test loss: 1.5014
2025-10-02 08:05:14,370 - root - INFO - test average_precision, 0.7044
2025-10-02 08:05:14,370 - root - INFO - best test average_precision: 0.7174
2025-10-02 08:05:14,370 - root - INFO - test roc_auc, 0.6921
2025-10-02 08:05:14,370 - root - INFO - new node test loss: 1.0815
2025-10-02 08:05:14,370 - root - INFO - new node test average_precision, 0.8110
2025-10-02 08:05:14,371 - root - INFO - new node test roc_auc, 0.7968
2025-10-02 08:07:09,163 - root - INFO - Epoch: 18, learning rate: 0.0001, train loss: 0.5550
2025-10-02 08:07:09,164 - root - INFO - train average_precision, 0.7714
2025-10-02 08:07:09,164 - root - INFO - train roc_auc, 0.7693
2025-10-02 08:07:09,164 - root - INFO - validate loss: 1.4158
2025-10-02 08:07:09,165 - root - INFO - validate average_precision, 0.6537
2025-10-02 08:07:09,165 - root - INFO - validate roc_auc, 0.6531
2025-10-02 08:07:09,165 - root - INFO - new node validate loss: 0.6575
2025-10-02 08:07:09,165 - root - INFO - new node validate average_precision, 0.8138
2025-10-02 08:07:09,165 - root - INFO - new node validate roc_auc, 0.8008
2025-10-02 08:07:35,299 - root - INFO - test loss: 1.6267
2025-10-02 08:07:35,299 - root - INFO - test average_precision, 0.6798
2025-10-02 08:07:35,299 - root - INFO - best test average_precision: 0.7174
2025-10-02 08:07:35,300 - root - INFO - test roc_auc, 0.6856
2025-10-02 08:07:35,300 - root - INFO - new node test loss: 1.2364
2025-10-02 08:07:35,300 - root - INFO - new node test average_precision, 0.8047
2025-10-02 08:07:35,300 - root - INFO - new node test roc_auc, 0.8022
2025-10-02 08:09:30,167 - root - INFO - Epoch: 19, learning rate: 0.0001, train loss: 0.5532
2025-10-02 08:09:30,168 - root - INFO - train average_precision, 0.7737
2025-10-02 08:09:30,168 - root - INFO - train roc_auc, 0.7716
2025-10-02 08:09:30,168 - root - INFO - validate loss: 1.0750
2025-10-02 08:09:30,168 - root - INFO - validate average_precision, 0.6679
2025-10-02 08:09:30,169 - root - INFO - validate roc_auc, 0.6582
2025-10-02 08:09:30,169 - root - INFO - new node validate loss: 0.6722
2025-10-02 08:09:30,169 - root - INFO - new node validate average_precision, 0.7926
2025-10-02 08:09:30,169 - root - INFO - new node validate roc_auc, 0.7754
2025-10-02 08:09:56,338 - root - INFO - test loss: 1.2137
2025-10-02 08:09:56,338 - root - INFO - test average_precision, 0.6990
2025-10-02 08:09:56,338 - root - INFO - best test average_precision: 0.7174
2025-10-02 08:09:56,338 - root - INFO - test roc_auc, 0.6906
2025-10-02 08:09:56,338 - root - INFO - new node test loss: 0.8216
2025-10-02 08:09:56,339 - root - INFO - new node test average_precision, 0.8212
2025-10-02 08:09:56,339 - root - INFO - new node test roc_auc, 0.8092
2025-10-02 08:11:51,051 - root - INFO - Epoch: 20, learning rate: 0.0001, train loss: 0.5479
2025-10-02 08:11:51,052 - root - INFO - train average_precision, 0.7793
2025-10-02 08:11:51,052 - root - INFO - train roc_auc, 0.7789
2025-10-02 08:11:51,052 - root - INFO - validate loss: 1.3996
2025-10-02 08:11:51,052 - root - INFO - validate average_precision, 0.6348
2025-10-02 08:11:51,053 - root - INFO - validate roc_auc, 0.6413
2025-10-02 08:11:51,053 - root - INFO - new node validate loss: 0.6049
2025-10-02 08:11:51,053 - root - INFO - new node validate average_precision, 0.8304
2025-10-02 08:11:51,053 - root - INFO - new node validate roc_auc, 0.8187
2025-10-02 08:12:17,238 - root - INFO - test loss: 1.6593
2025-10-02 08:12:17,239 - root - INFO - test average_precision, 0.5868
2025-10-02 08:12:17,239 - root - INFO - best test average_precision: 0.7174
2025-10-02 08:12:17,239 - root - INFO - test roc_auc, 0.6080
2025-10-02 08:12:17,239 - root - INFO - new node test loss: 1.2311
2025-10-02 08:12:17,239 - root - INFO - new node test average_precision, 0.7017
2025-10-02 08:12:17,239 - root - INFO - new node test roc_auc, 0.7108
2025-10-02 08:14:12,342 - root - INFO - Epoch: 21, learning rate: 0.0001, train loss: 0.5460
2025-10-02 08:14:12,343 - root - INFO - train average_precision, 0.7825
2025-10-02 08:14:12,344 - root - INFO - train roc_auc, 0.7816
2025-10-02 08:14:12,344 - root - INFO - validate loss: 1.4610
2025-10-02 08:14:12,344 - root - INFO - validate average_precision, 0.6547
2025-10-02 08:14:12,344 - root - INFO - validate roc_auc, 0.6406
2025-10-02 08:14:12,344 - root - INFO - new node validate loss: 0.5764
2025-10-02 08:14:12,344 - root - INFO - new node validate average_precision, 0.8247
2025-10-02 08:14:12,344 - root - INFO - new node validate roc_auc, 0.8153
2025-10-02 08:14:38,540 - root - INFO - test loss: 1.7085
2025-10-02 08:14:38,541 - root - INFO - test average_precision, 0.6972
2025-10-02 08:14:38,541 - root - INFO - best test average_precision: 0.7174
2025-10-02 08:14:38,541 - root - INFO - test roc_auc, 0.6833
2025-10-02 08:14:38,541 - root - INFO - new node test loss: 1.2445
2025-10-02 08:14:38,541 - root - INFO - new node test average_precision, 0.8013
2025-10-02 08:14:38,541 - root - INFO - new node test roc_auc, 0.7833
2025-10-02 08:16:33,664 - root - INFO - Epoch: 22, learning rate: 0.0001, train loss: 0.5397
2025-10-02 08:16:33,665 - root - INFO - train average_precision, 0.7890
2025-10-02 08:16:33,666 - root - INFO - train roc_auc, 0.7880
2025-10-02 08:16:33,666 - root - INFO - validate loss: 0.9910
2025-10-02 08:16:33,666 - root - INFO - validate average_precision, 0.6718
2025-10-02 08:16:33,666 - root - INFO - validate roc_auc, 0.6593
2025-10-02 08:16:33,666 - root - INFO - new node validate loss: 0.6557
2025-10-02 08:16:33,666 - root - INFO - new node validate average_precision, 0.8010
2025-10-02 08:16:33,666 - root - INFO - new node validate roc_auc, 0.7895
2025-10-02 08:17:00,058 - root - INFO - test loss: 1.0223
2025-10-02 08:17:00,058 - root - INFO - test average_precision, 0.7173
2025-10-02 08:17:00,059 - root - INFO - best test average_precision: 0.7174
2025-10-02 08:17:00,059 - root - INFO - test roc_auc, 0.7053
2025-10-02 08:17:00,059 - root - INFO - new node test loss: 0.7725
2025-10-02 08:17:00,059 - root - INFO - new node test average_precision, 0.8273
2025-10-02 08:17:00,059 - root - INFO - new node test roc_auc, 0.8196
2025-10-02 08:18:55,252 - root - INFO - Epoch: 23, learning rate: 0.0001, train loss: 0.5450
2025-10-02 08:18:55,253 - root - INFO - train average_precision, 0.7827
2025-10-02 08:18:55,253 - root - INFO - train roc_auc, 0.7826
2025-10-02 08:18:55,254 - root - INFO - validate loss: 1.3282
2025-10-02 08:18:55,254 - root - INFO - validate average_precision, 0.6776
2025-10-02 08:18:55,254 - root - INFO - validate roc_auc, 0.6706
2025-10-02 08:18:55,254 - root - INFO - new node validate loss: 0.6584
2025-10-02 08:18:55,254 - root - INFO - new node validate average_precision, 0.8111
2025-10-02 08:18:55,254 - root - INFO - new node validate roc_auc, 0.8026
2025-10-02 08:19:21,548 - root - INFO - test loss: 1.5573
2025-10-02 08:19:21,549 - root - INFO - test average_precision, 0.7055
2025-10-02 08:19:21,549 - root - INFO - best test average_precision: 0.7174
2025-10-02 08:19:21,549 - root - INFO - test roc_auc, 0.7033
2025-10-02 08:19:21,549 - root - INFO - new node test loss: 1.1068
2025-10-02 08:19:21,549 - root - INFO - new node test average_precision, 0.8324
2025-10-02 08:19:21,549 - root - INFO - new node test roc_auc, 0.8231
2025-10-02 08:21:16,280 - root - INFO - Epoch: 24, learning rate: 0.0001, train loss: 0.5436
2025-10-02 08:21:16,281 - root - INFO - train average_precision, 0.7851
2025-10-02 08:21:16,281 - root - INFO - train roc_auc, 0.7839
2025-10-02 08:21:16,281 - root - INFO - validate loss: 1.1445
2025-10-02 08:21:16,282 - root - INFO - validate average_precision, 0.6650
2025-10-02 08:21:16,282 - root - INFO - validate roc_auc, 0.6618
2025-10-02 08:21:16,282 - root - INFO - new node validate loss: 0.8262
2025-10-02 08:21:16,282 - root - INFO - new node validate average_precision, 0.7773
2025-10-02 08:21:16,282 - root - INFO - new node validate roc_auc, 0.7687
2025-10-02 08:21:42,460 - root - INFO - test loss: 1.3940
2025-10-02 08:21:42,460 - root - INFO - test average_precision, 0.6835
2025-10-02 08:21:42,460 - root - INFO - best test average_precision: 0.7174
2025-10-02 08:21:42,460 - root - INFO - test roc_auc, 0.6933
2025-10-02 08:21:42,460 - root - INFO - new node test loss: 1.0047
2025-10-02 08:21:42,460 - root - INFO - new node test average_precision, 0.8170
2025-10-02 08:21:42,461 - root - INFO - new node test roc_auc, 0.8082
2025-10-02 08:21:42,461 - root - INFO - load model ./saved_models/DyRep/lastfm/DyRep_lete_seed2/DyRep_lete_seed2.pkl
2025-10-02 08:21:42,806 - root - INFO - get final performance on dataset lastfm...
2025-10-02 08:22:09,065 - root - INFO - test loss: 1.0049
2025-10-02 08:22:09,065 - root - INFO - test average_precision, 0.7174
2025-10-02 08:22:09,065 - root - INFO - test roc_auc, 0.7140
2025-10-02 08:22:09,065 - root - INFO - new node test loss: 0.4447
2025-10-02 08:22:09,066 - root - INFO - new node test average_precision, 0.8505
2025-10-02 08:22:09,066 - root - INFO - new node test roc_auc, 0.8446
2025-10-02 08:22:09,066 - root - INFO - Run 3 cost 3418.83 seconds.
