2025-10-08 05:49:34,602 - root - INFO - ********** Run 1 starts. **********
2025-10-08 05:49:34,603 - root - INFO - configuration is Namespace(dataset_name='wikipedia', batch_size=200, model_name='GraphMixer', gpu=0, num_neighbors=30, sample_neighbor_strategy='recent', time_scaling_factor=1e-06, num_walk_heads=8, num_heads=2, num_layers=2, walk_length=1, time_gap=2000, time_feat_dim=100, position_feat_dim=172, time_window_mode='fixed_proportion', time_encoder_type='mercer', expert_dim=128, num_mixtures=16, sort_neighbors_by_time=False, patch_size=1, channel_embedding_dim=50, max_input_sequence_length=32, learning_rate=0.0001, dropout=0.5, gamma=0.5, num_epochs=2, optimizer='Adam', weight_decay=0.0, patience=20, val_ratio=0.15, test_ratio=0.15, num_runs=2, test_interval_epochs=100, negative_sample_strategy='random', max_interaction_times=10, load_best_configs=True, data_ratio=0.05, seed=0, save_model_name_suffix='', ablation_dir='', mamba_d_state=256, mamba_d_conv=4, mamba_expand=2, mamba_headdim=64, resume_from_checkpoint=None, save_checkpoints=True, checkpoint_interval=5, start_from_seed=0, max_checkpoints_to_keep=3, checkpoint_strategy='minimal', validate_checkpoints=True, device='cuda:0', save_model_name='GraphMixer_mercer_seed0')
2025-10-08 05:49:34,607 - root - INFO - Metrics will be saved to: ./saved_metrics/GraphMixer/wikipedia/GraphMixer_mercer_seed0
2025-10-08 05:49:34,608 - root - INFO - time encoder type: mercer
2025-10-08 05:49:34,608 - root - INFO - Time encoder will be injected into GraphMixer model
2025-10-08 05:49:34,848 - root - INFO - model -> Sequential(
  (0): GraphMixer(
    (time_encoder): TimeEncoderWrapper(
      (encoder): MercerTimeEncoder()
    )
    (projection_layer): Linear(in_features=272, out_features=172, bias=True)
    (mlp_mixers): ModuleList(
      (0-1): 2 x MLPMixer(
        (token_norm): LayerNorm((30,), eps=1e-05, elementwise_affine=True)
        (token_feedforward): FeedForwardNet(
          (ffn): Sequential(
            (0): Linear(in_features=30, out_features=15, bias=True)
            (1): GELU(approximate='none')
            (2): Dropout(p=0.5, inplace=False)
            (3): Linear(in_features=15, out_features=30, bias=True)
            (4): Dropout(p=0.5, inplace=False)
          )
        )
        (channel_norm): LayerNorm((172,), eps=1e-05, elementwise_affine=True)
        (channel_feedforward): FeedForwardNet(
          (ffn): Sequential(
            (0): Linear(in_features=172, out_features=688, bias=True)
            (1): GELU(approximate='none')
            (2): Dropout(p=0.5, inplace=False)
            (3): Linear(in_features=688, out_features=172, bias=True)
            (4): Dropout(p=0.5, inplace=False)
          )
        )
      )
    )
    (output_layer): Linear(in_features=344, out_features=172, bias=True)
  )
  (1): MergeLayer(
    (fc1): Linear(in_features=344, out_features=172, bias=True)
    (fc2): Linear(in_features=172, out_features=1, bias=True)
    (act): ReLU()
  )
)
2025-10-08 05:49:34,848 - root - INFO - model name: GraphMixer, #parameters: 2581484 B, 2520.98046875 KB, 2.461894989013672 MB.
2025-10-08 05:49:37,139 - root - INFO - Epoch: 1, learning rate: 0.0001, train loss: 0.6844
2025-10-08 05:49:37,139 - root - INFO - train average_precision, 0.7209
2025-10-08 05:49:37,139 - root - INFO - train roc_auc, 0.7081
2025-10-08 05:49:37,139 - root - INFO - validate loss: 0.6383
2025-10-08 05:49:37,140 - root - INFO - validate average_precision, 0.7965
2025-10-08 05:49:37,140 - root - INFO - validate roc_auc, 0.7708
2025-10-08 05:49:37,140 - root - INFO - new node validate loss: 0.6661
2025-10-08 05:49:37,140 - root - INFO - new node validate average_precision, 0.7232
2025-10-08 05:49:37,140 - root - INFO - new node validate roc_auc, 0.6599
2025-10-08 05:49:37,148 - root - INFO - save model ./saved_models/GraphMixer/wikipedia/GraphMixer_mercer_seed0/GraphMixer_mercer_seed0.pkl
2025-10-08 05:49:38,509 - root - INFO - Epoch: 2, learning rate: 0.0001, train loss: 0.6013
2025-10-08 05:49:38,510 - root - INFO - train average_precision, 0.8102
2025-10-08 05:49:38,510 - root - INFO - train roc_auc, 0.8055
2025-10-08 05:49:38,510 - root - INFO - validate loss: 0.5507
2025-10-08 05:49:38,510 - root - INFO - validate average_precision, 0.8134
2025-10-08 05:49:38,510 - root - INFO - validate roc_auc, 0.8159
2025-10-08 05:49:38,510 - root - INFO - new node validate loss: 0.7313
2025-10-08 05:49:38,510 - root - INFO - new node validate average_precision, 0.7207
2025-10-08 05:49:38,510 - root - INFO - new node validate roc_auc, 0.7006
2025-10-08 05:49:38,515 - root - INFO - save model ./saved_models/GraphMixer/wikipedia/GraphMixer_mercer_seed0/GraphMixer_mercer_seed0.pkl
2025-10-08 05:49:38,543 - root - INFO - load model ./saved_models/GraphMixer/wikipedia/GraphMixer_mercer_seed0/GraphMixer_mercer_seed0.pkl
2025-10-08 05:49:38,559 - root - INFO - get final performance on dataset wikipedia...
2025-10-08 05:49:39,093 - root - INFO - validate loss: 0.5507
2025-10-08 05:49:39,093 - root - INFO - validate average_precision, 0.8134
2025-10-08 05:49:39,093 - root - INFO - validate roc_auc, 0.8159
2025-10-08 05:49:39,093 - root - INFO - new node validate loss: 0.7313
2025-10-08 05:49:39,093 - root - INFO - new node validate average_precision, 0.7207
2025-10-08 05:49:39,093 - root - INFO - new node validate roc_auc, 0.7006
2025-10-08 05:49:39,093 - root - INFO - test loss: 0.5957
2025-10-08 05:49:39,093 - root - INFO - test average_precision, 0.7637
2025-10-08 05:49:39,094 - root - INFO - test roc_auc, 0.7832
2025-10-08 05:49:39,094 - root - INFO - new node test loss: 0.7455
2025-10-08 05:49:39,094 - root - INFO - new node test average_precision, 0.6816
2025-10-08 05:49:39,094 - root - INFO - new node test roc_auc, 0.6830
2025-10-08 05:49:39,102 - root - INFO - ✅ Metrics saved to: ./saved_metrics/GraphMixer/wikipedia/GraphMixer_mercer_seed0
2025-10-08 05:49:39,102 - root - INFO - Run 1 cost 4.50 seconds.
