2025-10-08 11:35:18,993 - root - INFO - ********** Run 2 starts. **********
2025-10-08 11:35:18,993 - root - INFO - configuration is Namespace(dataset_name='Contacts', batch_size=200, model_name='TGAT', gpu=0, num_neighbors=20, sample_neighbor_strategy='recent', time_scaling_factor=1e-06, num_walk_heads=8, num_heads=2, num_layers=2, walk_length=1, time_gap=2000, time_feat_dim=100, position_feat_dim=172, time_window_mode='fixed_proportion', time_encoder_type='lete', expert_dim=128, num_mixtures=16, sort_neighbors_by_time=False, patch_size=1, channel_embedding_dim=50, max_input_sequence_length=32, learning_rate=0.0001, dropout=0.1, gamma=0.5, num_epochs=2, optimizer='Adam', weight_decay=0.0, patience=20, val_ratio=0.15, test_ratio=0.15, num_runs=2, test_interval_epochs=100, negative_sample_strategy='random', max_interaction_times=10, load_best_configs=True, data_ratio=0.05, seed=1, save_model_name_suffix='', ablation_dir='', mamba_d_state=256, mamba_d_conv=4, mamba_expand=2, mamba_headdim=64, resume_from_checkpoint=None, save_checkpoints=True, checkpoint_interval=20, start_from_seed=0, max_checkpoints_to_keep=3, checkpoint_strategy='minimal', validate_checkpoints=True, device='cuda:0', save_model_name='TGAT_lete_seed1')
2025-10-08 11:35:18,995 - root - INFO - Metrics will be saved to: ./saved_metrics/TGAT/Contacts/TGAT_lete_seed1
2025-10-08 11:35:18,996 - root - INFO - time encoder type: lete
2025-10-08 11:35:18,996 - root - INFO - Time encoder will be injected into TGAT model
2025-10-08 11:35:19,728 - root - INFO - model -> Sequential(
  (0): TGAT(
    (time_encoder): TimeEncoderWrapper(
      (encoder): LeTE(
        (w1_fourier): Linear(in_features=1, out_features=50, bias=True)
        (w2_fourier): FourierSeries()
        (w1_spline): Linear(in_features=1, out_features=50, bias=True)
        (w2_spline): Spline()
        (layernorm): LayerNorm((100,), eps=1e-05, elementwise_affine=True)
      )
    )
    (temporal_conv_layers): ModuleList(
      (0-1): 2 x MultiHeadAttention(
        (query_projection): Linear(in_features=272, out_features=272, bias=False)
        (key_projection): Linear(in_features=444, out_features=272, bias=False)
        (value_projection): Linear(in_features=444, out_features=272, bias=False)
        (layer_norm): LayerNorm((272,), eps=1e-05, elementwise_affine=True)
        (residual_fc): Linear(in_features=272, out_features=272, bias=True)
        (dropout): Dropout(p=0.1, inplace=False)
      )
    )
    (merge_layers): ModuleList(
      (0-1): 2 x MergeLayer(
        (fc1): Linear(in_features=444, out_features=172, bias=True)
        (fc2): Linear(in_features=172, out_features=172, bias=True)
        (act): ReLU()
      )
    )
  )
  (1): MergeLayer(
    (fc1): Linear(in_features=344, out_features=172, bias=True)
    (fc2): Linear(in_features=172, out_features=1, bias=True)
    (act): ReLU()
  )
)
2025-10-08 11:35:19,728 - root - INFO - model name: TGAT, #parameters: 4216652 B, 4117.82421875 KB, 4.021312713623047 MB.
2025-10-08 11:36:28,599 - root - INFO - Epoch: 1, learning rate: 0.0001, train loss: 0.4112
2025-10-08 11:36:28,599 - root - INFO - train average_precision, 0.8370
2025-10-08 11:36:28,600 - root - INFO - train roc_auc, 0.8812
2025-10-08 11:36:28,600 - root - INFO - validate loss: 0.3589
2025-10-08 11:36:28,600 - root - INFO - validate average_precision, 0.8863
2025-10-08 11:36:28,600 - root - INFO - validate roc_auc, 0.9176
2025-10-08 11:36:28,600 - root - INFO - new node validate loss: 0.4960
2025-10-08 11:36:28,600 - root - INFO - new node validate average_precision, 0.8133
2025-10-08 11:36:28,600 - root - INFO - new node validate roc_auc, 0.8552
2025-10-08 11:36:28,611 - root - INFO - save model ./saved_models/TGAT/Contacts/TGAT_lete_seed1/TGAT_lete_seed1.pkl
2025-10-08 11:37:37,788 - root - INFO - Epoch: 2, learning rate: 0.0001, train loss: 0.3348
2025-10-08 11:37:37,789 - root - INFO - train average_precision, 0.8881
2025-10-08 11:37:37,789 - root - INFO - train roc_auc, 0.9184
2025-10-08 11:37:37,789 - root - INFO - validate loss: 0.3474
2025-10-08 11:37:37,789 - root - INFO - validate average_precision, 0.8938
2025-10-08 11:37:37,790 - root - INFO - validate roc_auc, 0.9230
2025-10-08 11:37:37,790 - root - INFO - new node validate loss: 0.4787
2025-10-08 11:37:37,790 - root - INFO - new node validate average_precision, 0.8203
2025-10-08 11:37:37,790 - root - INFO - new node validate roc_auc, 0.8605
2025-10-08 11:37:37,798 - root - INFO - save model ./saved_models/TGAT/Contacts/TGAT_lete_seed1/TGAT_lete_seed1.pkl
2025-10-08 11:37:37,844 - root - INFO - load model ./saved_models/TGAT/Contacts/TGAT_lete_seed1/TGAT_lete_seed1.pkl
2025-10-08 11:37:37,862 - root - INFO - get final performance on dataset Contacts...
2025-10-08 11:38:06,762 - root - INFO - validate loss: 0.3474
2025-10-08 11:38:06,762 - root - INFO - validate average_precision, 0.8938
2025-10-08 11:38:06,762 - root - INFO - validate roc_auc, 0.9230
2025-10-08 11:38:06,762 - root - INFO - new node validate loss: 0.4787
2025-10-08 11:38:06,762 - root - INFO - new node validate average_precision, 0.8203
2025-10-08 11:38:06,762 - root - INFO - new node validate roc_auc, 0.8605
2025-10-08 11:38:06,762 - root - INFO - test loss: 0.3822
2025-10-08 11:38:06,762 - root - INFO - test average_precision, 0.9020
2025-10-08 11:38:06,762 - root - INFO - test roc_auc, 0.9195
2025-10-08 11:38:06,762 - root - INFO - new node test loss: 0.4188
2025-10-08 11:38:06,762 - root - INFO - new node test average_precision, 0.8695
2025-10-08 11:38:06,763 - root - INFO - new node test roc_auc, 0.8976
2025-10-08 11:38:06,771 - root - INFO - ✅ Metrics saved to: ./saved_metrics/TGAT/Contacts/TGAT_lete_seed1
2025-10-08 11:38:06,772 - root - INFO - Run 2 cost 167.78 seconds.
2025-10-08 11:38:06,776 - root - INFO - metrics over 2 runs:
2025-10-08 11:38:06,776 - root - INFO - validate average_precision, [np.float64(0.8959029498680728), np.float64(0.8937858441735562)]
2025-10-08 11:38:06,776 - root - INFO - average validate average_precision, 0.8948 ± 0.0015
2025-10-08 11:38:06,776 - root - INFO - validate roc_auc, [np.float64(0.9245962009876098), np.float64(0.9230340387774127)]
2025-10-08 11:38:06,776 - root - INFO - average validate roc_auc, 0.9238 ± 0.0011
2025-10-08 11:38:06,776 - root - INFO - new node validate average_precision, [np.float64(0.8259445263531563), np.float64(0.8203189172793985)]
2025-10-08 11:38:06,776 - root - INFO - average new node validate average_precision, 0.8231 ± 0.0040
2025-10-08 11:38:06,776 - root - INFO - new node validate roc_auc, [np.float64(0.8599899052478134), np.float64(0.8604738945578232)]
2025-10-08 11:38:06,776 - root - INFO - average new node validate roc_auc, 0.8602 ± 0.0003
2025-10-08 11:38:06,777 - root - INFO - test average_precision, [np.float64(0.9113172748884966), np.float64(0.9019821480772365)]
2025-10-08 11:38:06,777 - root - INFO - average test average_precision, 0.9066 ± 0.0066
2025-10-08 11:38:06,777 - root - INFO - test roc_auc, [np.float64(0.9257895322070089), np.float64(0.9194770259774798)]
2025-10-08 11:38:06,777 - root - INFO - average test roc_auc, 0.9226 ± 0.0045
2025-10-08 11:38:06,777 - root - INFO - new node test average_precision, [np.float64(0.8783768283425846), np.float64(0.8695499796121282)]
2025-10-08 11:38:06,777 - root - INFO - average new node test average_precision, 0.8740 ± 0.0062
2025-10-08 11:38:06,777 - root - INFO - new node test roc_auc, [np.float64(0.9009193162877687), np.float64(0.897628035060178)]
2025-10-08 11:38:06,777 - root - INFO - average new node test roc_auc, 0.8993 ± 0.0023
