2025-10-08 11:16:01,146 - root - INFO - ********** Run 2 starts. **********
2025-10-08 11:16:01,147 - root - INFO - configuration is Namespace(dataset_name='UNvote', batch_size=200, model_name='TCL', gpu=0, num_neighbors=20, sample_neighbor_strategy='uniform', time_scaling_factor=1e-06, num_walk_heads=8, num_heads=2, num_layers=2, walk_length=1, time_gap=2000, time_feat_dim=100, position_feat_dim=172, time_window_mode='fixed_proportion', time_encoder_type='time2vec', expert_dim=128, num_mixtures=16, sort_neighbors_by_time=False, patch_size=1, channel_embedding_dim=50, max_input_sequence_length=32, learning_rate=0.0001, dropout=0.0, gamma=0.5, num_epochs=2, optimizer='Adam', weight_decay=0.0, patience=20, val_ratio=0.15, test_ratio=0.15, num_runs=2, test_interval_epochs=100, negative_sample_strategy='random', max_interaction_times=10, load_best_configs=True, data_ratio=0.05, seed=1, save_model_name_suffix='', ablation_dir='', mamba_d_state=256, mamba_d_conv=4, mamba_expand=2, mamba_headdim=64, resume_from_checkpoint=None, save_checkpoints=True, checkpoint_interval=20, start_from_seed=0, max_checkpoints_to_keep=3, checkpoint_strategy='minimal', validate_checkpoints=True, device='cuda:0', save_model_name='TCL_time2vec_seed1')
2025-10-08 11:16:01,148 - root - INFO - Metrics will be saved to: ./saved_metrics/TCL/UNvote/TCL_time2vec_seed1
2025-10-08 11:16:01,148 - root - INFO - time encoder type: time2vec
2025-10-08 11:16:01,148 - root - INFO - Time encoder will be injected into TCL model
2025-10-08 11:16:01,463 - root - INFO - model -> Sequential(
  (0): TCL(
    (time_encoder): TimeEncoderWrapper(
      (encoder): Time2VecEncoder(
        (time2vec_layer): SineActivation()
      )
    )
    (depth_embedding): Embedding(21, 172)
    (projection_layer): ModuleDict(
      (node): Linear(in_features=172, out_features=172, bias=True)
      (edge): Linear(in_features=172, out_features=172, bias=True)
      (time): Linear(in_features=100, out_features=172, bias=True)
    )
    (transformers): ModuleList(
      (0-1): 2 x TransformerEncoder(
        (multi_head_attention): MultiheadAttention(
          (out_proj): NonDynamicallyQuantizableLinear(in_features=172, out_features=172, bias=True)
        )
        (dropout): Dropout(p=0.0, inplace=False)
        (linear_layers): ModuleList(
          (0): Linear(in_features=172, out_features=688, bias=True)
          (1): Linear(in_features=688, out_features=172, bias=True)
        )
        (norm_layers): ModuleList(
          (0-1): 2 x LayerNorm((172,), eps=1e-05, elementwise_affine=True)
        )
      )
    )
    (output_layer): Linear(in_features=172, out_features=172, bias=True)
  )
  (1): MergeLayer(
    (fc1): Linear(in_features=344, out_features=172, bias=True)
    (fc2): Linear(in_features=172, out_features=1, bias=True)
    (act): ReLU()
  )
)
2025-10-08 11:16:01,464 - root - INFO - model name: TCL, #parameters: 3537812 B, 3454.89453125 KB, 3.373920440673828 MB.
2025-10-08 11:16:11,586 - root - INFO - Epoch: 1, learning rate: 0.0001, train loss: 0.6660
2025-10-08 11:16:11,586 - root - INFO - train average_precision, 0.5375
2025-10-08 11:16:11,586 - root - INFO - train roc_auc, 0.5608
2025-10-08 11:16:11,586 - root - INFO - validate loss: 0.6939
2025-10-08 11:16:11,586 - root - INFO - validate average_precision, 0.4974
2025-10-08 11:16:11,586 - root - INFO - validate roc_auc, 0.4904
2025-10-08 11:16:11,586 - root - INFO - new node validate loss: 0.7004
2025-10-08 11:16:11,587 - root - INFO - new node validate average_precision, 0.4325
2025-10-08 11:16:11,587 - root - INFO - new node validate roc_auc, 0.3501
2025-10-08 11:16:11,596 - root - INFO - save model ./saved_models/TCL/UNvote/TCL_time2vec_seed1/TCL_time2vec_seed1.pkl
2025-10-08 11:16:21,738 - root - INFO - Epoch: 2, learning rate: 0.0001, train loss: 0.6700
2025-10-08 11:16:21,739 - root - INFO - train average_precision, 0.5365
2025-10-08 11:16:21,739 - root - INFO - train roc_auc, 0.5612
2025-10-08 11:16:21,739 - root - INFO - validate loss: 0.6930
2025-10-08 11:16:21,739 - root - INFO - validate average_precision, 0.5215
2025-10-08 11:16:21,739 - root - INFO - validate roc_auc, 0.5129
2025-10-08 11:16:21,739 - root - INFO - new node validate loss: 0.6908
2025-10-08 11:16:21,739 - root - INFO - new node validate average_precision, 0.6426
2025-10-08 11:16:21,739 - root - INFO - new node validate roc_auc, 0.6677
2025-10-08 11:16:21,743 - root - INFO - save model ./saved_models/TCL/UNvote/TCL_time2vec_seed1/TCL_time2vec_seed1.pkl
2025-10-08 11:16:21,780 - root - INFO - load model ./saved_models/TCL/UNvote/TCL_time2vec_seed1/TCL_time2vec_seed1.pkl
2025-10-08 11:16:21,792 - root - INFO - get final performance on dataset UNvote...
2025-10-08 11:16:24,380 - root - INFO - validate loss: 0.6930
2025-10-08 11:16:24,380 - root - INFO - validate average_precision, 0.5215
2025-10-08 11:16:24,380 - root - INFO - validate roc_auc, 0.5129
2025-10-08 11:16:24,380 - root - INFO - new node validate loss: 0.6908
2025-10-08 11:16:24,380 - root - INFO - new node validate average_precision, 0.6426
2025-10-08 11:16:24,380 - root - INFO - new node validate roc_auc, 0.6677
2025-10-08 11:16:24,380 - root - INFO - test loss: 0.6931
2025-10-08 11:16:24,380 - root - INFO - test average_precision, 0.5000
2025-10-08 11:16:24,380 - root - INFO - test roc_auc, 0.4999
2025-10-08 11:16:24,380 - root - INFO - new node test loss: 0.6931
2025-10-08 11:16:24,381 - root - INFO - new node test average_precision, 0.5000
2025-10-08 11:16:24,381 - root - INFO - new node test roc_auc, 0.4998
2025-10-08 11:16:24,389 - root - INFO - ✅ Metrics saved to: ./saved_metrics/TCL/UNvote/TCL_time2vec_seed1
2025-10-08 11:16:24,389 - root - INFO - Run 2 cost 23.24 seconds.
2025-10-08 11:16:24,393 - root - INFO - metrics over 2 runs:
2025-10-08 11:16:24,393 - root - INFO - validate average_precision, [np.float64(0.5023533348231356), np.float64(0.5215441358746014)]
2025-10-08 11:16:24,393 - root - INFO - average validate average_precision, 0.5119 ± 0.0136
2025-10-08 11:16:24,393 - root - INFO - validate roc_auc, [np.float64(0.4991652453383314), np.float64(0.5129071583044982)]
2025-10-08 11:16:24,393 - root - INFO - average validate roc_auc, 0.5060 ± 0.0097
2025-10-08 11:16:24,393 - root - INFO - new node validate average_precision, [np.float64(0.466423751611542), np.float64(0.6425959831823678)]
2025-10-08 11:16:24,393 - root - INFO - average new node validate average_precision, 0.5545 ± 0.1246
2025-10-08 11:16:24,394 - root - INFO - new node validate roc_auc, [np.float64(0.4157568003828751), np.float64(0.66772320744866)]
2025-10-08 11:16:24,394 - root - INFO - average new node validate roc_auc, 0.5417 ± 0.1782
2025-10-08 11:16:24,394 - root - INFO - test average_precision, [np.float64(0.5), np.float64(0.5)]
2025-10-08 11:16:24,394 - root - INFO - average test average_precision, 0.5000 ± 0.0000
2025-10-08 11:16:24,394 - root - INFO - test roc_auc, [np.float64(0.5), np.float64(0.4998913043478261)]
2025-10-08 11:16:24,394 - root - INFO - average test roc_auc, 0.4999 ± 0.0001
2025-10-08 11:16:24,394 - root - INFO - new node test average_precision, [np.float64(0.5), np.float64(0.5)]
2025-10-08 11:16:24,394 - root - INFO - average new node test average_precision, 0.5000 ± 0.0000
2025-10-08 11:16:24,394 - root - INFO - new node test roc_auc, [np.float64(0.5), np.float64(0.49975)]
2025-10-08 11:16:24,394 - root - INFO - average new node test roc_auc, 0.4999 ± 0.0002
