2025-10-08 12:04:35,442 - root - INFO - ********** Run 2 starts. **********
2025-10-08 12:04:35,442 - root - INFO - configuration is Namespace(dataset_name='enron', batch_size=200, model_name='GraphMixer', gpu=0, num_neighbors=20, sample_neighbor_strategy='recent', time_scaling_factor=1e-06, num_walk_heads=8, num_heads=2, num_layers=2, walk_length=1, time_gap=2000, time_feat_dim=100, position_feat_dim=172, time_window_mode='fixed_proportion', time_encoder_type='lete', expert_dim=128, num_mixtures=16, sort_neighbors_by_time=False, patch_size=1, channel_embedding_dim=50, max_input_sequence_length=32, learning_rate=0.0001, dropout=0.5, gamma=0.5, num_epochs=2, optimizer='Adam', weight_decay=0.0, patience=20, val_ratio=0.15, test_ratio=0.15, num_runs=2, test_interval_epochs=100, negative_sample_strategy='random', max_interaction_times=10, load_best_configs=True, data_ratio=0.05, seed=1, save_model_name_suffix='', ablation_dir='', mamba_d_state=256, mamba_d_conv=4, mamba_expand=2, mamba_headdim=64, resume_from_checkpoint=None, save_checkpoints=True, checkpoint_interval=20, start_from_seed=0, max_checkpoints_to_keep=3, checkpoint_strategy='minimal', validate_checkpoints=True, device='cuda:0', save_model_name='GraphMixer_lete_seed1')
2025-10-08 12:04:35,443 - root - INFO - Metrics will be saved to: ./saved_metrics/GraphMixer/enron/GraphMixer_lete_seed1
2025-10-08 12:04:35,444 - root - INFO - time encoder type: lete
2025-10-08 12:04:35,444 - root - INFO - Time encoder will be injected into GraphMixer model
2025-10-08 12:04:35,490 - root - INFO - model -> Sequential(
  (0): GraphMixer(
    (time_encoder): TimeEncoderWrapper(
      (encoder): LeTE(
        (w1_fourier): Linear(in_features=1, out_features=50, bias=True)
        (w2_fourier): FourierSeries()
        (w1_spline): Linear(in_features=1, out_features=50, bias=True)
        (w2_spline): Spline()
        (layernorm): LayerNorm((100,), eps=1e-05, elementwise_affine=True)
      )
    )
    (projection_layer): Linear(in_features=272, out_features=172, bias=True)
    (mlp_mixers): ModuleList(
      (0-1): 2 x MLPMixer(
        (token_norm): LayerNorm((20,), eps=1e-05, elementwise_affine=True)
        (token_feedforward): FeedForwardNet(
          (ffn): Sequential(
            (0): Linear(in_features=20, out_features=10, bias=True)
            (1): GELU(approximate='none')
            (2): Dropout(p=0.5, inplace=False)
            (3): Linear(in_features=10, out_features=20, bias=True)
            (4): Dropout(p=0.5, inplace=False)
          )
        )
        (channel_norm): LayerNorm((172,), eps=1e-05, elementwise_affine=True)
        (channel_feedforward): FeedForwardNet(
          (ffn): Sequential(
            (0): Linear(in_features=172, out_features=688, bias=True)
            (1): GELU(approximate='none')
            (2): Dropout(p=0.5, inplace=False)
            (3): Linear(in_features=688, out_features=172, bias=True)
            (4): Dropout(p=0.5, inplace=False)
          )
        )
      )
    )
    (output_layer): Linear(in_features=344, out_features=172, bias=True)
  )
  (1): MergeLayer(
    (fc1): Linear(in_features=344, out_features=172, bias=True)
    (fc2): Linear(in_features=172, out_features=1, bias=True)
    (act): ReLU()
  )
)
2025-10-08 12:04:35,490 - root - INFO - model name: GraphMixer, #parameters: 2575676 B, 2515.30859375 KB, 2.4563560485839844 MB.
2025-10-08 12:04:36,522 - root - INFO - Epoch: 1, learning rate: 0.0001, train loss: 0.6774
2025-10-08 12:04:36,522 - root - INFO - train average_precision, 0.7525
2025-10-08 12:04:36,522 - root - INFO - train roc_auc, 0.7708
2025-10-08 12:04:36,522 - root - INFO - validate loss: 0.6323
2025-10-08 12:04:36,522 - root - INFO - validate average_precision, 0.7654
2025-10-08 12:04:36,522 - root - INFO - validate roc_auc, 0.7984
2025-10-08 12:04:36,522 - root - INFO - new node validate loss: 0.6955
2025-10-08 12:04:36,522 - root - INFO - new node validate average_precision, 0.5227
2025-10-08 12:04:36,522 - root - INFO - new node validate roc_auc, 0.5342
2025-10-08 12:04:36,532 - root - INFO - save model ./saved_models/GraphMixer/enron/GraphMixer_lete_seed1/GraphMixer_lete_seed1.pkl
2025-10-08 12:04:37,604 - root - INFO - Epoch: 2, learning rate: 0.0001, train loss: 0.5980
2025-10-08 12:04:37,604 - root - INFO - train average_precision, 0.8161
2025-10-08 12:04:37,604 - root - INFO - train roc_auc, 0.8428
2025-10-08 12:04:37,604 - root - INFO - validate loss: 0.5069
2025-10-08 12:04:37,604 - root - INFO - validate average_precision, 0.7891
2025-10-08 12:04:37,604 - root - INFO - validate roc_auc, 0.8298
2025-10-08 12:04:37,604 - root - INFO - new node validate loss: 0.7899
2025-10-08 12:04:37,604 - root - INFO - new node validate average_precision, 0.5775
2025-10-08 12:04:37,604 - root - INFO - new node validate roc_auc, 0.6198
2025-10-08 12:04:37,608 - root - INFO - save model ./saved_models/GraphMixer/enron/GraphMixer_lete_seed1/GraphMixer_lete_seed1.pkl
2025-10-08 12:04:37,637 - root - INFO - load model ./saved_models/GraphMixer/enron/GraphMixer_lete_seed1/GraphMixer_lete_seed1.pkl
2025-10-08 12:04:37,652 - root - INFO - get final performance on dataset enron...
2025-10-08 12:04:37,983 - root - INFO - validate loss: 0.5069
2025-10-08 12:04:37,983 - root - INFO - validate average_precision, 0.7891
2025-10-08 12:04:37,983 - root - INFO - validate roc_auc, 0.8298
2025-10-08 12:04:37,983 - root - INFO - new node validate loss: 0.7899
2025-10-08 12:04:37,983 - root - INFO - new node validate average_precision, 0.5775
2025-10-08 12:04:37,984 - root - INFO - new node validate roc_auc, 0.6198
2025-10-08 12:04:37,984 - root - INFO - test loss: 0.5787
2025-10-08 12:04:37,984 - root - INFO - test average_precision, 0.7668
2025-10-08 12:04:37,984 - root - INFO - test roc_auc, 0.7734
2025-10-08 12:04:37,984 - root - INFO - new node test loss: 0.8106
2025-10-08 12:04:37,984 - root - INFO - new node test average_precision, 0.5993
2025-10-08 12:04:37,984 - root - INFO - new node test roc_auc, 0.5854
2025-10-08 12:04:37,992 - root - INFO - ✅ Metrics saved to: ./saved_metrics/GraphMixer/enron/GraphMixer_lete_seed1
2025-10-08 12:04:37,992 - root - INFO - Run 2 cost 2.55 seconds.
2025-10-08 12:04:37,995 - root - INFO - metrics over 2 runs:
2025-10-08 12:04:37,995 - root - INFO - validate average_precision, [np.float64(0.8086897969362387), np.float64(0.7890829607647006)]
2025-10-08 12:04:37,995 - root - INFO - average validate average_precision, 0.7989 ± 0.0139
2025-10-08 12:04:37,995 - root - INFO - validate roc_auc, [np.float64(0.8324663842975207), np.float64(0.829835622130395)]
2025-10-08 12:04:37,995 - root - INFO - average validate roc_auc, 0.8312 ± 0.0019
2025-10-08 12:04:37,996 - root - INFO - new node validate average_precision, [np.float64(0.5824836969180021), np.float64(0.5775127098060888)]
2025-10-08 12:04:37,996 - root - INFO - average new node validate average_precision, 0.5800 ± 0.0035
2025-10-08 12:04:37,996 - root - INFO - new node validate roc_auc, [np.float64(0.5938397502601458), np.float64(0.6198126951092611)]
2025-10-08 12:04:37,996 - root - INFO - average new node validate roc_auc, 0.6068 ± 0.0184
2025-10-08 12:04:37,996 - root - INFO - test average_precision, [np.float64(0.7693637196101601), np.float64(0.7668444167862736)]
2025-10-08 12:04:37,996 - root - INFO - average test average_precision, 0.7681 ± 0.0018
2025-10-08 12:04:37,996 - root - INFO - test roc_auc, [np.float64(0.7764156884880775), np.float64(0.7734478236090488)]
2025-10-08 12:04:37,996 - root - INFO - average test roc_auc, 0.7749 ± 0.0021
2025-10-08 12:04:37,996 - root - INFO - new node test average_precision, [np.float64(0.5295266833698022), np.float64(0.5992844509785192)]
2025-10-08 12:04:37,996 - root - INFO - average new node test average_precision, 0.5644 ± 0.0493
2025-10-08 12:04:37,996 - root - INFO - new node test roc_auc, [np.float64(0.5661538461538461), np.float64(0.5854437869822485)]
2025-10-08 12:04:37,996 - root - INFO - average new node test roc_auc, 0.5758 ± 0.0136
