2025-10-08 12:48:24,331 - root - INFO - ********** Run 2 starts. **********
2025-10-08 12:48:24,331 - root - INFO - configuration is Namespace(dataset_name='mooc', batch_size=200, model_name='DyGMamba', gpu=0, num_neighbors=20, sample_neighbor_strategy='uniform', time_scaling_factor=1e-06, num_walk_heads=8, num_heads=2, num_layers=2, walk_length=1, time_gap=2000, time_feat_dim=100, position_feat_dim=172, time_window_mode='fixed_proportion', time_encoder_type='lete', expert_dim=128, num_mixtures=16, sort_neighbors_by_time=False, patch_size=8, channel_embedding_dim=50, max_input_sequence_length=256, learning_rate=0.0001, dropout=0.1, gamma=0.5, num_epochs=2, optimizer='Adam', weight_decay=0.0, patience=20, val_ratio=0.15, test_ratio=0.15, num_runs=2, test_interval_epochs=100, negative_sample_strategy='random', max_interaction_times=10, load_best_configs=True, data_ratio=0.05, seed=1, save_model_name_suffix='', ablation_dir='', mamba_d_state=256, mamba_d_conv=4, mamba_expand=2, mamba_headdim=64, resume_from_checkpoint=None, save_checkpoints=True, checkpoint_interval=20, start_from_seed=0, max_checkpoints_to_keep=3, checkpoint_strategy='minimal', validate_checkpoints=True, device='cuda:0', save_model_name='DyGMamba_lete_seed1')
2025-10-08 12:48:24,333 - root - INFO - Metrics will be saved to: ./saved_metrics/DyGMamba/mooc/DyGMamba_lete_seed1
2025-10-08 12:48:24,334 - root - INFO - time encoder type: lete
2025-10-08 12:48:24,334 - root - INFO - Time encoder will be injected into DyGMamba model
2025-10-08 12:48:24,614 - root - INFO - model -> Sequential(
  (0): DyGMamba(
    (time_encoder): TimeEncoderWrapper(
      (encoder): LeTE(
        (w1_fourier): Linear(in_features=1, out_features=50, bias=True)
        (w2_fourier): FourierSeries()
        (w1_spline): Linear(in_features=1, out_features=50, bias=True)
        (w2_spline): Spline()
        (layernorm): LayerNorm((100,), eps=1e-05, elementwise_affine=True)
      )
    )
    (neighbor_co_occurrence_encoder): NIFEncoder(
      (nif_encode_layer): Sequential(
        (0): Linear(in_features=1, out_features=50, bias=True)
        (1): ReLU()
        (2): Linear(in_features=50, out_features=50, bias=True)
      )
    )
    (projection_layer): ModuleDict(
      (node): Linear(in_features=1376, out_features=50, bias=True)
      (edge): Linear(in_features=1376, out_features=50, bias=True)
      (time): Linear(in_features=800, out_features=50, bias=True)
      (neighbor_co_occurrence): Linear(in_features=400, out_features=50, bias=True)
    )
    (output_layer): Linear(in_features=100, out_features=172, bias=True)
    (output_layer_t_diff): Linear(in_features=25, out_features=172, bias=True)
    (mamba): ModuleList(
      (0-1): 2 x Mamba(
        (in_proj): Linear(in_features=100, out_features=200, bias=False)
        (conv1d): Conv1d(100, 100, kernel_size=(4,), stride=(1,), padding=(3,), groups=100)
        (act): SiLU()
        (x_proj): Linear(in_features=100, out_features=39, bias=False)
        (dt_proj): Linear(in_features=7, out_features=100, bias=True)
        (out_proj): Linear(in_features=100, out_features=100, bias=False)
      )
    )
    (mamba_t_diff): ModuleList(
      (0-1): 2 x Mamba(
        (in_proj): Linear(in_features=25, out_features=50, bias=False)
        (conv1d): Conv1d(25, 25, kernel_size=(4,), stride=(1,), padding=(3,), groups=25)
        (act): SiLU()
        (x_proj): Linear(in_features=25, out_features=34, bias=False)
        (dt_proj): Linear(in_features=2, out_features=25, bias=True)
        (out_proj): Linear(in_features=25, out_features=25, bias=False)
      )
    )
    (projection_layer_t_diff): Linear(in_features=100, out_features=25, bias=True)
    (projection_layer_t_diff_up): Linear(in_features=25, out_features=100, bias=True)
    (weightagg): Linear(in_features=100, out_features=1, bias=True)
    (reduce_layer): Linear(in_features=200, out_features=100, bias=True)
    (channel_norm): LayerNorm((100,), eps=1e-05, elementwise_affine=True)
    (channel_feedforward): FeedForwardNet(
      (ffn): Sequential(
        (0): Linear(in_features=100, out_features=400, bias=True)
        (1): GELU(approximate='none')
        (2): Dropout(p=0.1, inplace=False)
        (3): Linear(in_features=400, out_features=100, bias=True)
        (4): Dropout(p=0.1, inplace=False)
      )
    )
    (neighbor_selection_layer): Linear(in_features=100, out_features=100, bias=True)
  )
  (1): MergeLayerTD(
    (fc1): Linear(in_features=516, out_features=172, bias=True)
    (fc2): Linear(in_features=172, out_features=1, bias=True)
    (act): ReLU()
  )
)
2025-10-08 12:48:24,615 - root - INFO - model name: DyGMamba, #parameters: 2037740 B, 1989.98046875 KB, 1.9433403015136719 MB.
2025-10-08 12:48:44,677 - root - INFO - Epoch: 1, learning rate: 0.0001, train loss: 0.6399
2025-10-08 12:48:44,678 - root - INFO - train average_precision, 0.6200
2025-10-08 12:48:44,678 - root - INFO - train roc_auc, 0.6644
2025-10-08 12:48:44,678 - root - INFO - validate loss: 0.6273
2025-10-08 12:48:44,678 - root - INFO - validate average_precision, 0.6219
2025-10-08 12:48:44,678 - root - INFO - validate roc_auc, 0.6469
2025-10-08 12:48:44,678 - root - INFO - new node validate loss: 0.7017
2025-10-08 12:48:44,678 - root - INFO - new node validate average_precision, 0.5755
2025-10-08 12:48:44,678 - root - INFO - new node validate roc_auc, 0.5686
2025-10-08 12:48:44,688 - root - INFO - save model ./saved_models/DyGMamba/mooc/DyGMamba_lete_seed1/DyGMamba_lete_seed1.pkl
2025-10-08 12:49:04,764 - root - INFO - Epoch: 2, learning rate: 0.0001, train loss: 0.6993
2025-10-08 12:49:04,765 - root - INFO - train average_precision, 0.6122
2025-10-08 12:49:04,765 - root - INFO - train roc_auc, 0.6501
2025-10-08 12:49:04,765 - root - INFO - validate loss: 0.6184
2025-10-08 12:49:04,765 - root - INFO - validate average_precision, 0.6530
2025-10-08 12:49:04,765 - root - INFO - validate roc_auc, 0.6832
2025-10-08 12:49:04,765 - root - INFO - new node validate loss: 0.6827
2025-10-08 12:49:04,765 - root - INFO - new node validate average_precision, 0.5796
2025-10-08 12:49:04,765 - root - INFO - new node validate roc_auc, 0.5803
2025-10-08 12:49:04,771 - root - INFO - save model ./saved_models/DyGMamba/mooc/DyGMamba_lete_seed1/DyGMamba_lete_seed1.pkl
2025-10-08 12:49:04,797 - root - INFO - load model ./saved_models/DyGMamba/mooc/DyGMamba_lete_seed1/DyGMamba_lete_seed1.pkl
2025-10-08 12:49:04,815 - root - INFO - get final performance on dataset mooc...
2025-10-08 12:49:15,754 - root - INFO - validate loss: 0.6184
2025-10-08 12:49:15,754 - root - INFO - validate average_precision, 0.6530
2025-10-08 12:49:15,754 - root - INFO - validate roc_auc, 0.6832
2025-10-08 12:49:15,754 - root - INFO - new node validate loss: 0.6827
2025-10-08 12:49:15,754 - root - INFO - new node validate average_precision, 0.5796
2025-10-08 12:49:15,754 - root - INFO - new node validate roc_auc, 0.5803
2025-10-08 12:49:15,754 - root - INFO - test loss: 0.6344
2025-10-08 12:49:15,754 - root - INFO - test average_precision, 0.6063
2025-10-08 12:49:15,754 - root - INFO - test roc_auc, 0.6405
2025-10-08 12:49:15,754 - root - INFO - new node test loss: 0.6896
2025-10-08 12:49:15,754 - root - INFO - new node test average_precision, 0.5479
2025-10-08 12:49:15,754 - root - INFO - new node test roc_auc, 0.5474
2025-10-08 12:49:15,765 - root - INFO - ✅ Metrics saved to: ./saved_metrics/DyGMamba/mooc/DyGMamba_lete_seed1
2025-10-08 12:49:15,765 - root - INFO - Run 2 cost 51.43 seconds.
2025-10-08 12:49:15,769 - root - INFO - metrics over 2 runs:
2025-10-08 12:49:15,769 - root - INFO - validate average_precision, [np.float64(0.6013356556112432), np.float64(0.652999496781811)]
2025-10-08 12:49:15,770 - root - INFO - average validate average_precision, 0.6272 ± 0.0365
2025-10-08 12:49:15,770 - root - INFO - validate roc_auc, [np.float64(0.6387982373450413), np.float64(0.6832465844524793)]
2025-10-08 12:49:15,770 - root - INFO - average validate roc_auc, 0.6610 ± 0.0314
2025-10-08 12:49:15,770 - root - INFO - new node validate average_precision, [np.float64(0.5543022397634773), np.float64(0.5795874855736995)]
2025-10-08 12:49:15,771 - root - INFO - average new node validate average_precision, 0.5669 ± 0.0179
2025-10-08 12:49:15,771 - root - INFO - new node validate roc_auc, [np.float64(0.5563283370407677), np.float64(0.5803029418142646)]
2025-10-08 12:49:15,771 - root - INFO - average new node validate roc_auc, 0.5683 ± 0.0170
2025-10-08 12:49:15,771 - root - INFO - test average_precision, [np.float64(0.5899938883267153), np.float64(0.6062804010867995)]
2025-10-08 12:49:15,771 - root - INFO - average test average_precision, 0.5981 ± 0.0115
2025-10-08 12:49:15,771 - root - INFO - test roc_auc, [np.float64(0.6266332257231404), np.float64(0.6405220364152893)]
2025-10-08 12:49:15,772 - root - INFO - average test roc_auc, 0.6336 ± 0.0098
2025-10-08 12:49:15,772 - root - INFO - new node test average_precision, [np.float64(0.5303698696528844), np.float64(0.5479093394159594)]
2025-10-08 12:49:15,772 - root - INFO - average new node test average_precision, 0.5391 ± 0.0124
2025-10-08 12:49:15,772 - root - INFO - new node test roc_auc, [np.float64(0.5266904520683415), np.float64(0.5474482090066489)]
2025-10-08 12:49:15,772 - root - INFO - average new node test roc_auc, 0.5371 ± 0.0147
