2025-10-08 12:22:10,163 - root - INFO - ********** Run 2 starts. **********
2025-10-08 12:22:10,163 - root - INFO - configuration is Namespace(dataset_name='enron', batch_size=200, model_name='DyGFormer', gpu=0, num_neighbors=20, sample_neighbor_strategy='uniform', time_scaling_factor=1e-06, num_walk_heads=8, num_heads=2, num_layers=2, walk_length=1, time_gap=2000, time_feat_dim=100, position_feat_dim=172, time_window_mode='fixed_proportion', time_encoder_type='lete', expert_dim=128, num_mixtures=16, sort_neighbors_by_time=False, patch_size=4, channel_embedding_dim=50, max_input_sequence_length=256, learning_rate=0.0001, dropout=0.0, gamma=0.5, num_epochs=2, optimizer='Adam', weight_decay=0.0, patience=20, val_ratio=0.15, test_ratio=0.15, num_runs=2, test_interval_epochs=100, negative_sample_strategy='random', max_interaction_times=10, load_best_configs=True, data_ratio=0.05, seed=1, save_model_name_suffix='', ablation_dir='', mamba_d_state=256, mamba_d_conv=4, mamba_expand=2, mamba_headdim=64, resume_from_checkpoint=None, save_checkpoints=True, checkpoint_interval=20, start_from_seed=0, max_checkpoints_to_keep=3, checkpoint_strategy='minimal', validate_checkpoints=True, device='cuda:0', save_model_name='DyGFormer_lete_seed1')
2025-10-08 12:22:10,164 - root - INFO - Metrics will be saved to: ./saved_metrics/DyGFormer/enron/DyGFormer_lete_seed1
2025-10-08 12:22:10,165 - root - INFO - time encoder type: lete
2025-10-08 12:22:10,165 - root - INFO - Time encoder will be injected into DyGFormer model
2025-10-08 12:22:10,214 - root - INFO - model -> Sequential(
  (0): DyGFormer(
    (time_encoder): TimeEncoderWrapper(
      (encoder): LeTE(
        (w1_fourier): Linear(in_features=1, out_features=50, bias=True)
        (w2_fourier): FourierSeries()
        (w1_spline): Linear(in_features=1, out_features=50, bias=True)
        (w2_spline): Spline()
        (layernorm): LayerNorm((100,), eps=1e-05, elementwise_affine=True)
      )
    )
    (neighbor_co_occurrence_encoder): NeighborCooccurrenceEncoder(
      (neighbor_co_occurrence_encode_layer): Sequential(
        (0): Linear(in_features=1, out_features=50, bias=True)
        (1): ReLU()
        (2): Linear(in_features=50, out_features=50, bias=True)
      )
    )
    (projection_layer): ModuleDict(
      (node): Linear(in_features=688, out_features=50, bias=True)
      (edge): Linear(in_features=688, out_features=50, bias=True)
      (time): Linear(in_features=400, out_features=50, bias=True)
      (neighbor_co_occurrence): Linear(in_features=200, out_features=50, bias=True)
    )
    (transformers): ModuleList(
      (0-1): 2 x TransformerEncoder(
        (multi_head_attention): MultiheadAttention(
          (out_proj): NonDynamicallyQuantizableLinear(in_features=200, out_features=200, bias=True)
        )
        (dropout): Dropout(p=0.0, inplace=False)
        (linear_layers): ModuleList(
          (0): Linear(in_features=200, out_features=800, bias=True)
          (1): Linear(in_features=800, out_features=200, bias=True)
        )
        (norm_layers): ModuleList(
          (0-1): 2 x LayerNorm((200,), eps=1e-05, elementwise_affine=True)
        )
      )
    )
    (output_layer): Linear(in_features=200, out_features=172, bias=True)
  )
  (1): MergeLayer(
    (fc1): Linear(in_features=344, out_features=172, bias=True)
    (fc2): Linear(in_features=172, out_features=1, bias=True)
    (act): ReLU()
  )
)
2025-10-08 12:22:10,214 - root - INFO - model name: DyGFormer, #parameters: 4649412 B, 4540.44140625 KB, 4.434024810791016 MB.
2025-10-08 12:22:15,476 - root - INFO - Epoch: 1, learning rate: 0.0001, train loss: 0.5486
2025-10-08 12:22:15,477 - root - INFO - train average_precision, 0.7997
2025-10-08 12:22:15,477 - root - INFO - train roc_auc, 0.8429
2025-10-08 12:22:15,477 - root - INFO - validate loss: 0.4999
2025-10-08 12:22:15,477 - root - INFO - validate average_precision, 0.8149
2025-10-08 12:22:15,477 - root - INFO - validate roc_auc, 0.8477
2025-10-08 12:22:15,477 - root - INFO - new node validate loss: 0.8103
2025-10-08 12:22:15,477 - root - INFO - new node validate average_precision, 0.6908
2025-10-08 12:22:15,477 - root - INFO - new node validate roc_auc, 0.6790
2025-10-08 12:22:15,486 - root - INFO - save model ./saved_models/DyGFormer/enron/DyGFormer_lete_seed1/DyGFormer_lete_seed1.pkl
2025-10-08 12:22:20,545 - root - INFO - Epoch: 2, learning rate: 0.0001, train loss: 0.5154
2025-10-08 12:22:20,546 - root - INFO - train average_precision, 0.8089
2025-10-08 12:22:20,546 - root - INFO - train roc_auc, 0.8423
2025-10-08 12:22:20,546 - root - INFO - validate loss: 0.4908
2025-10-08 12:22:20,546 - root - INFO - validate average_precision, 0.8198
2025-10-08 12:22:20,546 - root - INFO - validate roc_auc, 0.8512
2025-10-08 12:22:20,546 - root - INFO - new node validate loss: 0.7505
2025-10-08 12:22:20,546 - root - INFO - new node validate average_precision, 0.7061
2025-10-08 12:22:20,546 - root - INFO - new node validate roc_auc, 0.6795
2025-10-08 12:22:20,551 - root - INFO - save model ./saved_models/DyGFormer/enron/DyGFormer_lete_seed1/DyGFormer_lete_seed1.pkl
2025-10-08 12:22:20,600 - root - INFO - load model ./saved_models/DyGFormer/enron/DyGFormer_lete_seed1/DyGFormer_lete_seed1.pkl
2025-10-08 12:22:20,625 - root - INFO - get final performance on dataset enron...
2025-10-08 12:22:22,301 - root - INFO - validate loss: 0.4908
2025-10-08 12:22:22,302 - root - INFO - validate average_precision, 0.8198
2025-10-08 12:22:22,302 - root - INFO - validate roc_auc, 0.8512
2025-10-08 12:22:22,302 - root - INFO - new node validate loss: 0.7505
2025-10-08 12:22:22,302 - root - INFO - new node validate average_precision, 0.7061
2025-10-08 12:22:22,302 - root - INFO - new node validate roc_auc, 0.6795
2025-10-08 12:22:22,302 - root - INFO - test loss: 0.5051
2025-10-08 12:22:22,302 - root - INFO - test average_precision, 0.8334
2025-10-08 12:22:22,302 - root - INFO - test roc_auc, 0.8409
2025-10-08 12:22:22,302 - root - INFO - new node test loss: 0.6625
2025-10-08 12:22:22,302 - root - INFO - new node test average_precision, 0.6320
2025-10-08 12:22:22,303 - root - INFO - new node test roc_auc, 0.6842
2025-10-08 12:22:22,313 - root - INFO - ✅ Metrics saved to: ./saved_metrics/DyGFormer/enron/DyGFormer_lete_seed1
2025-10-08 12:22:22,313 - root - INFO - Run 2 cost 12.15 seconds.
2025-10-08 12:22:22,317 - root - INFO - metrics over 2 runs:
2025-10-08 12:22:22,317 - root - INFO - validate average_precision, [np.float64(0.8371115973150877), np.float64(0.8197910586422408)]
2025-10-08 12:22:22,317 - root - INFO - average validate average_precision, 0.8285 ± 0.0122
2025-10-08 12:22:22,317 - root - INFO - validate roc_auc, [np.float64(0.8574108034894399), np.float64(0.8511884343434343)]
2025-10-08 12:22:22,318 - root - INFO - average validate roc_auc, 0.8543 ± 0.0044
2025-10-08 12:22:22,318 - root - INFO - new node validate average_precision, [np.float64(0.7003798233083728), np.float64(0.7060858916386885)]
2025-10-08 12:22:22,318 - root - INFO - average new node validate average_precision, 0.7032 ± 0.0040
2025-10-08 12:22:22,318 - root - INFO - new node validate roc_auc, [np.float64(0.6818730489073881), np.float64(0.6794588969823101)]
2025-10-08 12:22:22,318 - root - INFO - average new node validate roc_auc, 0.6807 ± 0.0017
2025-10-08 12:22:22,318 - root - INFO - test average_precision, [np.float64(0.8504022928223305), np.float64(0.8334457816733231)]
2025-10-08 12:22:22,318 - root - INFO - average test average_precision, 0.8419 ± 0.0120
2025-10-08 12:22:22,318 - root - INFO - test roc_auc, [np.float64(0.8505095001746877), np.float64(0.8409469982094506)]
2025-10-08 12:22:22,318 - root - INFO - average test roc_auc, 0.8457 ± 0.0068
2025-10-08 12:22:22,318 - root - INFO - new node test average_precision, [np.float64(0.6809981175530432), np.float64(0.6320154054021927)]
2025-10-08 12:22:22,318 - root - INFO - average new node test average_precision, 0.6565 ± 0.0346
2025-10-08 12:22:22,318 - root - INFO - new node test roc_auc, [np.float64(0.712603550295858), np.float64(0.6842011834319527)]
2025-10-08 12:22:22,319 - root - INFO - average new node test roc_auc, 0.6984 ± 0.0201
