2025-10-07 12:40:20,644 - root - INFO - ********** Run 1 starts. **********
2025-10-07 12:40:20,645 - root - INFO - configuration is Namespace(dataset_name='SocialEvo', batch_size=200, model_name='TGAT', gpu=0, num_neighbors=20, sample_neighbor_strategy='recent', time_scaling_factor=1e-06, num_walk_heads=8, num_heads=2, num_layers=2, walk_length=1, time_gap=2000, time_feat_dim=100, position_feat_dim=172, time_window_mode='fixed_proportion', time_encoder_type='lete', expert_dim=128, num_mixtures=16, sort_neighbors_by_time=False, patch_size=1, channel_embedding_dim=50, max_input_sequence_length=32, learning_rate=0.0001, dropout=0.1, gamma=0.5, num_epochs=1000, optimizer='Adam', weight_decay=0.0, patience=20, val_ratio=0.15, test_ratio=0.15, num_runs=1, test_interval_epochs=100, negative_sample_strategy='random', max_interaction_times=10, load_best_configs=True, data_ratio=1.0, seed=0, save_model_name_suffix='', ablation_dir='', mamba_d_state=256, mamba_d_conv=4, mamba_expand=2, mamba_headdim=64, device='cuda:0', save_model_name='TGAT_lete_seed0')
2025-10-07 12:40:20,647 - root - INFO - Metrics will be saved to: ./saved_metrics/TGAT/SocialEvo/TGAT_lete_seed0
2025-10-07 12:40:20,650 - root - INFO - time encoder type: lete
2025-10-07 12:40:20,650 - root - INFO - Time encoder will be injected into TGAT model
2025-10-07 12:40:21,493 - root - INFO - model -> Sequential(
  (0): TGAT(
    (time_encoder): TimeEncoderWrapper(
      (encoder): LeTE(
        (w1_fourier): Linear(in_features=1, out_features=50, bias=True)
        (w2_fourier): FourierSeries()
        (w1_spline): Linear(in_features=1, out_features=50, bias=True)
        (w2_spline): Spline()
        (layernorm): LayerNorm((100,), eps=1e-05, elementwise_affine=True)
      )
    )
    (temporal_conv_layers): ModuleList(
      (0-1): 2 x MultiHeadAttention(
        (query_projection): Linear(in_features=272, out_features=272, bias=False)
        (key_projection): Linear(in_features=444, out_features=272, bias=False)
        (value_projection): Linear(in_features=444, out_features=272, bias=False)
        (layer_norm): LayerNorm((272,), eps=1e-05, elementwise_affine=True)
        (residual_fc): Linear(in_features=272, out_features=272, bias=True)
        (dropout): Dropout(p=0.1, inplace=False)
      )
    )
    (merge_layers): ModuleList(
      (0-1): 2 x MergeLayer(
        (fc1): Linear(in_features=444, out_features=172, bias=True)
        (fc2): Linear(in_features=172, out_features=172, bias=True)
        (act): ReLU()
      )
    )
  )
  (1): MergeLayer(
    (fc1): Linear(in_features=344, out_features=172, bias=True)
    (fc2): Linear(in_features=172, out_features=1, bias=True)
    (act): ReLU()
  )
)
2025-10-07 12:40:21,493 - root - INFO - model name: TGAT, #parameters: 4216652 B, 4117.82421875 KB, 4.021312713623047 MB.
2025-10-07 13:00:55,811 - root - INFO - Epoch: 1, learning rate: 0.0001, train loss: 0.3385
2025-10-07 13:00:55,813 - root - INFO - train average_precision, 0.8932
2025-10-07 13:00:55,816 - root - INFO - train roc_auc, 0.9214
2025-10-07 13:00:55,816 - root - INFO - validate loss: 0.3529
2025-10-07 13:00:55,816 - root - INFO - validate average_precision, 0.8955
2025-10-07 13:00:55,816 - root - INFO - validate roc_auc, 0.9194
2025-10-07 13:00:55,816 - root - INFO - new node validate loss: 0.3850
2025-10-07 13:00:55,816 - root - INFO - new node validate average_precision, 0.8791
2025-10-07 13:00:55,817 - root - INFO - new node validate roc_auc, 0.9049
2025-10-07 13:00:55,828 - root - INFO - save model ./saved_models/TGAT/SocialEvo/TGAT_lete_seed0/TGAT_lete_seed0.pkl
2025-10-07 13:21:39,050 - root - INFO - Epoch: 2, learning rate: 0.0001, train loss: 0.3022
2025-10-07 13:21:39,051 - root - INFO - train average_precision, 0.9137
2025-10-07 13:21:39,052 - root - INFO - train roc_auc, 0.9360
2025-10-07 13:21:39,052 - root - INFO - validate loss: 0.3224
2025-10-07 13:21:39,052 - root - INFO - validate average_precision, 0.9132
2025-10-07 13:21:39,053 - root - INFO - validate roc_auc, 0.9331
2025-10-07 13:21:39,053 - root - INFO - new node validate loss: 0.3543
2025-10-07 13:21:39,053 - root - INFO - new node validate average_precision, 0.8971
2025-10-07 13:21:39,053 - root - INFO - new node validate roc_auc, 0.9198
2025-10-07 13:21:39,061 - root - INFO - save model ./saved_models/TGAT/SocialEvo/TGAT_lete_seed0/TGAT_lete_seed0.pkl
2025-10-07 13:42:20,752 - root - INFO - Epoch: 3, learning rate: 0.0001, train loss: 0.2954
2025-10-07 13:42:20,753 - root - INFO - train average_precision, 0.9167
2025-10-07 13:42:20,754 - root - INFO - train roc_auc, 0.9382
2025-10-07 13:42:20,754 - root - INFO - validate loss: 0.3211
2025-10-07 13:42:20,754 - root - INFO - validate average_precision, 0.9134
2025-10-07 13:42:20,754 - root - INFO - validate roc_auc, 0.9335
2025-10-07 13:42:20,755 - root - INFO - new node validate loss: 0.3516
2025-10-07 13:42:20,755 - root - INFO - new node validate average_precision, 0.8958
2025-10-07 13:42:20,755 - root - INFO - new node validate roc_auc, 0.9196
2025-10-07 13:42:20,763 - root - INFO - save model ./saved_models/TGAT/SocialEvo/TGAT_lete_seed0/TGAT_lete_seed0.pkl
2025-10-07 14:03:00,985 - root - INFO - Epoch: 4, learning rate: 0.0001, train loss: 0.2876
2025-10-07 14:03:00,986 - root - INFO - train average_precision, 0.9192
2025-10-07 14:03:00,987 - root - INFO - train roc_auc, 0.9407
2025-10-07 14:03:00,987 - root - INFO - validate loss: 0.3455
2025-10-07 14:03:00,987 - root - INFO - validate average_precision, 0.8990
2025-10-07 14:03:00,988 - root - INFO - validate roc_auc, 0.9226
2025-10-07 14:03:00,988 - root - INFO - new node validate loss: 0.3787
2025-10-07 14:03:00,988 - root - INFO - new node validate average_precision, 0.8814
2025-10-07 14:03:00,988 - root - INFO - new node validate roc_auc, 0.9077
2025-10-07 14:23:41,551 - root - INFO - Epoch: 5, learning rate: 0.0001, train loss: 0.2874
2025-10-07 14:23:41,553 - root - INFO - train average_precision, 0.9192
2025-10-07 14:23:41,553 - root - INFO - train roc_auc, 0.9407
2025-10-07 14:23:41,553 - root - INFO - validate loss: 0.3210
2025-10-07 14:23:41,554 - root - INFO - validate average_precision, 0.9138
2025-10-07 14:23:41,554 - root - INFO - validate roc_auc, 0.9336
2025-10-07 14:23:41,554 - root - INFO - new node validate loss: 0.3535
2025-10-07 14:23:41,554 - root - INFO - new node validate average_precision, 0.8952
2025-10-07 14:23:41,554 - root - INFO - new node validate roc_auc, 0.9192
2025-10-07 14:23:41,562 - root - INFO - save model ./saved_models/TGAT/SocialEvo/TGAT_lete_seed0/TGAT_lete_seed0.pkl
2025-10-07 14:44:27,899 - root - INFO - Epoch: 6, learning rate: 0.0001, train loss: 0.2814
2025-10-07 14:44:27,901 - root - INFO - train average_precision, 0.9216
2025-10-07 14:44:27,901 - root - INFO - train roc_auc, 0.9427
2025-10-07 14:44:27,901 - root - INFO - validate loss: 0.3081
2025-10-07 14:44:27,902 - root - INFO - validate average_precision, 0.9151
2025-10-07 14:44:27,902 - root - INFO - validate roc_auc, 0.9363
2025-10-07 14:44:27,902 - root - INFO - new node validate loss: 0.3385
2025-10-07 14:44:27,902 - root - INFO - new node validate average_precision, 0.9000
2025-10-07 14:44:27,902 - root - INFO - new node validate roc_auc, 0.9244
2025-10-07 14:44:27,910 - root - INFO - save model ./saved_models/TGAT/SocialEvo/TGAT_lete_seed0/TGAT_lete_seed0.pkl
2025-10-07 15:05:05,866 - root - INFO - Epoch: 7, learning rate: 0.0001, train loss: 0.2742
2025-10-07 15:05:05,868 - root - INFO - train average_precision, 0.9242
2025-10-07 15:05:05,868 - root - INFO - train roc_auc, 0.9448
2025-10-07 15:05:05,868 - root - INFO - validate loss: 0.3100
2025-10-07 15:05:05,869 - root - INFO - validate average_precision, 0.9177
2025-10-07 15:05:05,869 - root - INFO - validate roc_auc, 0.9371
2025-10-07 15:05:05,869 - root - INFO - new node validate loss: 0.3424
2025-10-07 15:05:05,869 - root - INFO - new node validate average_precision, 0.9007
2025-10-07 15:05:05,869 - root - INFO - new node validate roc_auc, 0.9236
2025-10-07 15:05:05,879 - root - INFO - save model ./saved_models/TGAT/SocialEvo/TGAT_lete_seed0/TGAT_lete_seed0.pkl
2025-10-07 15:25:48,499 - root - INFO - Epoch: 8, learning rate: 0.0001, train loss: 0.2752
2025-10-07 15:25:48,500 - root - INFO - train average_precision, 0.9236
2025-10-07 15:25:48,501 - root - INFO - train roc_auc, 0.9444
2025-10-07 15:25:48,501 - root - INFO - validate loss: 0.3059
2025-10-07 15:25:48,501 - root - INFO - validate average_precision, 0.9196
2025-10-07 15:25:48,502 - root - INFO - validate roc_auc, 0.9385
2025-10-07 15:25:48,502 - root - INFO - new node validate loss: 0.3356
2025-10-07 15:25:48,502 - root - INFO - new node validate average_precision, 0.9039
2025-10-07 15:25:48,502 - root - INFO - new node validate roc_auc, 0.9257
2025-10-07 15:25:48,509 - root - INFO - save model ./saved_models/TGAT/SocialEvo/TGAT_lete_seed0/TGAT_lete_seed0.pkl
2025-10-07 15:46:29,729 - root - INFO - Epoch: 9, learning rate: 0.0001, train loss: 0.2795
2025-10-07 15:46:29,730 - root - INFO - train average_precision, 0.9225
2025-10-07 15:46:29,731 - root - INFO - train roc_auc, 0.9432
2025-10-07 15:46:29,731 - root - INFO - validate loss: 0.3107
2025-10-07 15:46:29,731 - root - INFO - validate average_precision, 0.9183
2025-10-07 15:46:29,732 - root - INFO - validate roc_auc, 0.9379
2025-10-07 15:46:29,732 - root - INFO - new node validate loss: 0.3405
2025-10-07 15:46:29,732 - root - INFO - new node validate average_precision, 0.9016
2025-10-07 15:46:29,732 - root - INFO - new node validate roc_auc, 0.9245
2025-10-07 16:07:11,856 - root - INFO - Epoch: 10, learning rate: 0.0001, train loss: 0.2750
2025-10-07 16:07:11,857 - root - INFO - train average_precision, 0.9242
2025-10-07 16:07:11,858 - root - INFO - train roc_auc, 0.9447
2025-10-07 16:07:11,858 - root - INFO - validate loss: 0.2996
2025-10-07 16:07:11,858 - root - INFO - validate average_precision, 0.9206
2025-10-07 16:07:11,859 - root - INFO - validate roc_auc, 0.9401
2025-10-07 16:07:11,859 - root - INFO - new node validate loss: 0.3297
2025-10-07 16:07:11,859 - root - INFO - new node validate average_precision, 0.9050
2025-10-07 16:07:11,859 - root - INFO - new node validate roc_auc, 0.9278
2025-10-07 16:07:11,867 - root - INFO - save model ./saved_models/TGAT/SocialEvo/TGAT_lete_seed0/TGAT_lete_seed0.pkl
2025-10-07 16:27:51,340 - root - INFO - Epoch: 11, learning rate: 0.0001, train loss: 0.2742
2025-10-07 16:27:51,342 - root - INFO - train average_precision, 0.9243
2025-10-07 16:27:51,342 - root - INFO - train roc_auc, 0.9450
2025-10-07 16:27:51,342 - root - INFO - validate loss: 0.3012
2025-10-07 16:27:51,343 - root - INFO - validate average_precision, 0.9210
2025-10-07 16:27:51,343 - root - INFO - validate roc_auc, 0.9397
2025-10-07 16:27:51,343 - root - INFO - new node validate loss: 0.3328
2025-10-07 16:27:51,343 - root - INFO - new node validate average_precision, 0.9040
2025-10-07 16:27:51,343 - root - INFO - new node validate roc_auc, 0.9261
2025-10-07 16:48:30,229 - root - INFO - Epoch: 12, learning rate: 0.0001, train loss: 0.2739
2025-10-07 16:48:30,230 - root - INFO - train average_precision, 0.9249
2025-10-07 16:48:30,231 - root - INFO - train roc_auc, 0.9450
2025-10-07 16:48:30,231 - root - INFO - validate loss: 0.3033
2025-10-07 16:48:30,231 - root - INFO - validate average_precision, 0.9188
2025-10-07 16:48:30,232 - root - INFO - validate roc_auc, 0.9386
2025-10-07 16:48:30,232 - root - INFO - new node validate loss: 0.3337
2025-10-07 16:48:30,232 - root - INFO - new node validate average_precision, 0.9023
2025-10-07 16:48:30,232 - root - INFO - new node validate roc_auc, 0.9257
2025-10-07 17:09:06,836 - root - INFO - Epoch: 13, learning rate: 0.0001, train loss: 0.2701
2025-10-07 17:09:06,837 - root - INFO - train average_precision, 0.9255
2025-10-07 17:09:06,838 - root - INFO - train roc_auc, 0.9460
2025-10-07 17:09:06,838 - root - INFO - validate loss: 0.2964
2025-10-07 17:09:06,838 - root - INFO - validate average_precision, 0.9227
2025-10-07 17:09:06,839 - root - INFO - validate roc_auc, 0.9418
2025-10-07 17:09:06,839 - root - INFO - new node validate loss: 0.3275
2025-10-07 17:09:06,839 - root - INFO - new node validate average_precision, 0.9063
2025-10-07 17:09:06,839 - root - INFO - new node validate roc_auc, 0.9289
2025-10-07 17:09:06,847 - root - INFO - save model ./saved_models/TGAT/SocialEvo/TGAT_lete_seed0/TGAT_lete_seed0.pkl
2025-10-07 17:29:47,957 - root - INFO - Epoch: 14, learning rate: 0.0001, train loss: 0.2699
2025-10-07 17:29:47,959 - root - INFO - train average_precision, 0.9259
2025-10-07 17:29:47,959 - root - INFO - train roc_auc, 0.9462
2025-10-07 17:29:47,960 - root - INFO - validate loss: 0.3006
2025-10-07 17:29:47,960 - root - INFO - validate average_precision, 0.9202
2025-10-07 17:29:47,960 - root - INFO - validate roc_auc, 0.9397
2025-10-07 17:29:47,960 - root - INFO - new node validate loss: 0.3343
2025-10-07 17:29:47,960 - root - INFO - new node validate average_precision, 0.9035
2025-10-07 17:29:47,960 - root - INFO - new node validate roc_auc, 0.9261
2025-10-07 17:50:28,910 - root - INFO - Epoch: 15, learning rate: 0.0001, train loss: 0.2726
2025-10-07 17:50:28,911 - root - INFO - train average_precision, 0.9245
2025-10-07 17:50:28,912 - root - INFO - train roc_auc, 0.9452
2025-10-07 17:50:28,912 - root - INFO - validate loss: 0.3045
2025-10-07 17:50:28,912 - root - INFO - validate average_precision, 0.9197
2025-10-07 17:50:28,913 - root - INFO - validate roc_auc, 0.9390
2025-10-07 17:50:28,913 - root - INFO - new node validate loss: 0.3348
2025-10-07 17:50:28,913 - root - INFO - new node validate average_precision, 0.9038
2025-10-07 17:50:28,913 - root - INFO - new node validate roc_auc, 0.9262
2025-10-07 18:11:12,870 - root - INFO - Epoch: 16, learning rate: 0.0001, train loss: 0.2694
2025-10-07 18:11:12,871 - root - INFO - train average_precision, 0.9255
2025-10-07 18:11:12,872 - root - INFO - train roc_auc, 0.9461
2025-10-07 18:11:12,872 - root - INFO - validate loss: 0.3115
2025-10-07 18:11:12,872 - root - INFO - validate average_precision, 0.9183
2025-10-07 18:11:12,872 - root - INFO - validate roc_auc, 0.9385
2025-10-07 18:11:12,873 - root - INFO - new node validate loss: 0.3439
2025-10-07 18:11:12,873 - root - INFO - new node validate average_precision, 0.9000
2025-10-07 18:11:12,873 - root - INFO - new node validate roc_auc, 0.9240
2025-10-07 18:31:54,087 - root - INFO - Epoch: 17, learning rate: 0.0001, train loss: 0.2665
2025-10-07 18:31:54,088 - root - INFO - train average_precision, 0.9268
2025-10-07 18:31:54,089 - root - INFO - train roc_auc, 0.9471
2025-10-07 18:31:54,089 - root - INFO - validate loss: 0.3082
2025-10-07 18:31:54,090 - root - INFO - validate average_precision, 0.9193
2025-10-07 18:31:54,090 - root - INFO - validate roc_auc, 0.9391
2025-10-07 18:31:54,090 - root - INFO - new node validate loss: 0.3424
2025-10-07 18:31:54,090 - root - INFO - new node validate average_precision, 0.9018
2025-10-07 18:31:54,090 - root - INFO - new node validate roc_auc, 0.9247
2025-10-07 18:52:38,441 - root - INFO - Epoch: 18, learning rate: 0.0001, train loss: 0.2677
2025-10-07 18:52:38,443 - root - INFO - train average_precision, 0.9261
2025-10-07 18:52:38,443 - root - INFO - train roc_auc, 0.9466
2025-10-07 18:52:38,443 - root - INFO - validate loss: 0.3110
2025-10-07 18:52:38,444 - root - INFO - validate average_precision, 0.9180
2025-10-07 18:52:38,444 - root - INFO - validate roc_auc, 0.9378
2025-10-07 18:52:38,444 - root - INFO - new node validate loss: 0.3449
2025-10-07 18:52:38,444 - root - INFO - new node validate average_precision, 0.9003
2025-10-07 18:52:38,444 - root - INFO - new node validate roc_auc, 0.9232
2025-10-07 19:13:18,715 - root - INFO - Epoch: 19, learning rate: 0.0001, train loss: 0.2666
2025-10-07 19:13:18,717 - root - INFO - train average_precision, 0.9266
2025-10-07 19:13:18,717 - root - INFO - train roc_auc, 0.9470
2025-10-07 19:13:18,718 - root - INFO - validate loss: 0.3018
2025-10-07 19:13:18,718 - root - INFO - validate average_precision, 0.9205
2025-10-07 19:13:18,718 - root - INFO - validate roc_auc, 0.9402
2025-10-07 19:13:18,718 - root - INFO - new node validate loss: 0.3361
2025-10-07 19:13:18,718 - root - INFO - new node validate average_precision, 0.9023
2025-10-07 19:13:18,718 - root - INFO - new node validate roc_auc, 0.9257
