2025-10-08 11:26:20,057 - root - INFO - ********** Run 1 starts. **********
2025-10-08 11:26:20,057 - root - INFO - configuration is Namespace(dataset_name='SocialEvo', batch_size=200, model_name='TGAT', gpu=0, num_neighbors=20, sample_neighbor_strategy='recent', time_scaling_factor=1e-06, num_walk_heads=8, num_heads=2, num_layers=2, walk_length=1, time_gap=2000, time_feat_dim=100, position_feat_dim=172, time_window_mode='fixed_proportion', time_encoder_type='lete', expert_dim=128, num_mixtures=16, sort_neighbors_by_time=False, patch_size=1, channel_embedding_dim=50, max_input_sequence_length=32, learning_rate=0.0001, dropout=0.1, gamma=0.5, num_epochs=2, optimizer='Adam', weight_decay=0.0, patience=20, val_ratio=0.15, test_ratio=0.15, num_runs=2, test_interval_epochs=100, negative_sample_strategy='random', max_interaction_times=10, load_best_configs=True, data_ratio=0.05, seed=0, save_model_name_suffix='', ablation_dir='', mamba_d_state=256, mamba_d_conv=4, mamba_expand=2, mamba_headdim=64, resume_from_checkpoint=None, save_checkpoints=True, checkpoint_interval=5, start_from_seed=0, max_checkpoints_to_keep=3, checkpoint_strategy='minimal', validate_checkpoints=True, device='cuda:0', save_model_name='TGAT_lete_seed0')
2025-10-08 11:26:20,059 - root - INFO - Metrics will be saved to: ./saved_metrics/TGAT/SocialEvo/TGAT_lete_seed0
2025-10-08 11:26:20,061 - root - INFO - time encoder type: lete
2025-10-08 11:26:20,062 - root - INFO - Time encoder will be injected into TGAT model
2025-10-08 11:26:20,907 - root - INFO - model -> Sequential(
  (0): TGAT(
    (time_encoder): TimeEncoderWrapper(
      (encoder): LeTE(
        (w1_fourier): Linear(in_features=1, out_features=50, bias=True)
        (w2_fourier): FourierSeries()
        (w1_spline): Linear(in_features=1, out_features=50, bias=True)
        (w2_spline): Spline()
        (layernorm): LayerNorm((100,), eps=1e-05, elementwise_affine=True)
      )
    )
    (temporal_conv_layers): ModuleList(
      (0-1): 2 x MultiHeadAttention(
        (query_projection): Linear(in_features=272, out_features=272, bias=False)
        (key_projection): Linear(in_features=444, out_features=272, bias=False)
        (value_projection): Linear(in_features=444, out_features=272, bias=False)
        (layer_norm): LayerNorm((272,), eps=1e-05, elementwise_affine=True)
        (residual_fc): Linear(in_features=272, out_features=272, bias=True)
        (dropout): Dropout(p=0.1, inplace=False)
      )
    )
    (merge_layers): ModuleList(
      (0-1): 2 x MergeLayer(
        (fc1): Linear(in_features=444, out_features=172, bias=True)
        (fc2): Linear(in_features=172, out_features=172, bias=True)
        (act): ReLU()
      )
    )
  )
  (1): MergeLayer(
    (fc1): Linear(in_features=344, out_features=172, bias=True)
    (fc2): Linear(in_features=172, out_features=1, bias=True)
    (act): ReLU()
  )
)
2025-10-08 11:26:20,908 - root - INFO - model name: TGAT, #parameters: 4216652 B, 4117.82421875 KB, 4.021312713623047 MB.
2025-10-08 11:27:27,961 - root - INFO - Epoch: 1, learning rate: 0.0001, train loss: 0.4010
2025-10-08 11:27:27,961 - root - INFO - train average_precision, 0.8345
2025-10-08 11:27:27,961 - root - INFO - train roc_auc, 0.8857
2025-10-08 11:27:27,962 - root - INFO - validate loss: 0.3885
2025-10-08 11:27:27,962 - root - INFO - validate average_precision, 0.8596
2025-10-08 11:27:27,962 - root - INFO - validate roc_auc, 0.8993
2025-10-08 11:27:27,962 - root - INFO - new node validate loss: 0.4516
2025-10-08 11:27:27,962 - root - INFO - new node validate average_precision, 0.7946
2025-10-08 11:27:27,962 - root - INFO - new node validate roc_auc, 0.8536
2025-10-08 11:27:27,973 - root - INFO - save model ./saved_models/TGAT/SocialEvo/TGAT_lete_seed0/TGAT_lete_seed0.pkl
2025-10-08 11:28:33,401 - root - INFO - Epoch: 2, learning rate: 0.0001, train loss: 0.3497
2025-10-08 11:28:33,402 - root - INFO - train average_precision, 0.8770
2025-10-08 11:28:33,402 - root - INFO - train roc_auc, 0.9130
2025-10-08 11:28:33,402 - root - INFO - validate loss: 0.3875
2025-10-08 11:28:33,402 - root - INFO - validate average_precision, 0.8688
2025-10-08 11:28:33,402 - root - INFO - validate roc_auc, 0.9006
2025-10-08 11:28:33,402 - root - INFO - new node validate loss: 0.4809
2025-10-08 11:28:33,402 - root - INFO - new node validate average_precision, 0.8078
2025-10-08 11:28:33,402 - root - INFO - new node validate roc_auc, 0.8533
2025-10-08 11:28:33,410 - root - INFO - save model ./saved_models/TGAT/SocialEvo/TGAT_lete_seed0/TGAT_lete_seed0.pkl
2025-10-08 11:28:33,456 - root - INFO - load model ./saved_models/TGAT/SocialEvo/TGAT_lete_seed0/TGAT_lete_seed0.pkl
2025-10-08 11:28:33,475 - root - INFO - get final performance on dataset SocialEvo...
2025-10-08 11:28:57,891 - root - INFO - validate loss: 0.3875
2025-10-08 11:28:57,891 - root - INFO - validate average_precision, 0.8688
2025-10-08 11:28:57,891 - root - INFO - validate roc_auc, 0.9006
2025-10-08 11:28:57,891 - root - INFO - new node validate loss: 0.4809
2025-10-08 11:28:57,891 - root - INFO - new node validate average_precision, 0.8078
2025-10-08 11:28:57,891 - root - INFO - new node validate roc_auc, 0.8533
2025-10-08 11:28:57,892 - root - INFO - test loss: 0.3797
2025-10-08 11:28:57,892 - root - INFO - test average_precision, 0.8771
2025-10-08 11:28:57,892 - root - INFO - test roc_auc, 0.9056
2025-10-08 11:28:57,892 - root - INFO - new node test loss: 0.4425
2025-10-08 11:28:57,892 - root - INFO - new node test average_precision, 0.8289
2025-10-08 11:28:57,892 - root - INFO - new node test roc_auc, 0.8702
2025-10-08 11:28:57,901 - root - INFO - ✅ Metrics saved to: ./saved_metrics/TGAT/SocialEvo/TGAT_lete_seed0
2025-10-08 11:28:57,901 - root - INFO - Run 1 cost 157.84 seconds.
