2025-10-08 09:38:08,286 - root - INFO - ********** Run 2 starts. **********
2025-10-08 09:38:08,287 - root - INFO - configuration is Namespace(dataset_name='UNvote', batch_size=200, model_name='TCL', gpu=0, num_neighbors=20, sample_neighbor_strategy='uniform', time_scaling_factor=1e-06, num_walk_heads=8, num_heads=2, num_layers=2, walk_length=1, time_gap=2000, time_feat_dim=100, position_feat_dim=172, time_window_mode='fixed_proportion', time_encoder_type='bochner', expert_dim=128, num_mixtures=16, sort_neighbors_by_time=False, patch_size=1, channel_embedding_dim=50, max_input_sequence_length=32, learning_rate=0.0001, dropout=0.0, gamma=0.5, num_epochs=2, optimizer='Adam', weight_decay=0.0, patience=20, val_ratio=0.15, test_ratio=0.15, num_runs=2, test_interval_epochs=100, negative_sample_strategy='random', max_interaction_times=10, load_best_configs=True, data_ratio=0.05, seed=1, save_model_name_suffix='', ablation_dir='', mamba_d_state=256, mamba_d_conv=4, mamba_expand=2, mamba_headdim=64, resume_from_checkpoint=None, save_checkpoints=True, checkpoint_interval=20, start_from_seed=0, max_checkpoints_to_keep=3, checkpoint_strategy='minimal', validate_checkpoints=True, device='cuda:0', save_model_name='TCL_bochner_seed1')
2025-10-08 09:38:08,288 - root - INFO - Metrics will be saved to: ./saved_metrics/TCL/UNvote/TCL_bochner_seed1
2025-10-08 09:38:08,289 - root - INFO - time encoder type: bochner
2025-10-08 09:38:08,289 - root - INFO - Time encoder will be injected into TCL model
2025-10-08 09:38:08,604 - root - INFO - model -> Sequential(
  (0): TCL(
    (time_encoder): TimeEncoderWrapper(
      (encoder): BochnerTimeEncoder()
    )
    (depth_embedding): Embedding(21, 172)
    (projection_layer): ModuleDict(
      (node): Linear(in_features=172, out_features=172, bias=True)
      (edge): Linear(in_features=172, out_features=172, bias=True)
      (time): Linear(in_features=100, out_features=172, bias=True)
    )
    (transformers): ModuleList(
      (0-1): 2 x TransformerEncoder(
        (multi_head_attention): MultiheadAttention(
          (out_proj): NonDynamicallyQuantizableLinear(in_features=172, out_features=172, bias=True)
        )
        (dropout): Dropout(p=0.0, inplace=False)
        (linear_layers): ModuleList(
          (0): Linear(in_features=172, out_features=688, bias=True)
          (1): Linear(in_features=688, out_features=172, bias=True)
        )
        (norm_layers): ModuleList(
          (0-1): 2 x LayerNorm((172,), eps=1e-05, elementwise_affine=True)
        )
      )
    )
    (output_layer): Linear(in_features=172, out_features=172, bias=True)
  )
  (1): MergeLayer(
    (fc1): Linear(in_features=344, out_features=172, bias=True)
    (fc2): Linear(in_features=172, out_features=1, bias=True)
    (act): ReLU()
  )
)
2025-10-08 09:38:08,604 - root - INFO - model name: TCL, #parameters: 3537412 B, 3454.50390625 KB, 3.3735389709472656 MB.
2025-10-08 09:38:19,291 - root - INFO - Epoch: 1, learning rate: 0.0001, train loss: 0.6666
2025-10-08 09:38:19,291 - root - INFO - train average_precision, 0.5396
2025-10-08 09:38:19,291 - root - INFO - train roc_auc, 0.5597
2025-10-08 09:38:19,291 - root - INFO - validate loss: 0.6948
2025-10-08 09:38:19,292 - root - INFO - validate average_precision, 0.5034
2025-10-08 09:38:19,292 - root - INFO - validate roc_auc, 0.4899
2025-10-08 09:38:19,292 - root - INFO - new node validate loss: 0.7052
2025-10-08 09:38:19,292 - root - INFO - new node validate average_precision, 0.4078
2025-10-08 09:38:19,292 - root - INFO - new node validate roc_auc, 0.3285
2025-10-08 09:38:19,300 - root - INFO - save model ./saved_models/TCL/UNvote/TCL_bochner_seed1/TCL_bochner_seed1.pkl
2025-10-08 09:38:29,802 - root - INFO - Epoch: 2, learning rate: 0.0001, train loss: 0.6688
2025-10-08 09:38:29,802 - root - INFO - train average_precision, 0.5431
2025-10-08 09:38:29,802 - root - INFO - train roc_auc, 0.5652
2025-10-08 09:38:29,802 - root - INFO - validate loss: 0.6931
2025-10-08 09:38:29,802 - root - INFO - validate average_precision, 0.5200
2025-10-08 09:38:29,802 - root - INFO - validate roc_auc, 0.5107
2025-10-08 09:38:29,802 - root - INFO - new node validate loss: 0.6892
2025-10-08 09:38:29,802 - root - INFO - new node validate average_precision, 0.6245
2025-10-08 09:38:29,802 - root - INFO - new node validate roc_auc, 0.5938
2025-10-08 09:38:29,807 - root - INFO - save model ./saved_models/TCL/UNvote/TCL_bochner_seed1/TCL_bochner_seed1.pkl
2025-10-08 09:38:29,846 - root - INFO - load model ./saved_models/TCL/UNvote/TCL_bochner_seed1/TCL_bochner_seed1.pkl
2025-10-08 09:38:29,863 - root - INFO - get final performance on dataset UNvote...
2025-10-08 09:38:32,407 - root - INFO - validate loss: 0.6931
2025-10-08 09:38:32,407 - root - INFO - validate average_precision, 0.5200
2025-10-08 09:38:32,407 - root - INFO - validate roc_auc, 0.5107
2025-10-08 09:38:32,407 - root - INFO - new node validate loss: 0.6892
2025-10-08 09:38:32,408 - root - INFO - new node validate average_precision, 0.6245
2025-10-08 09:38:32,408 - root - INFO - new node validate roc_auc, 0.5938
2025-10-08 09:38:32,408 - root - INFO - test loss: 0.6932
2025-10-08 09:38:32,408 - root - INFO - test average_precision, 0.4914
2025-10-08 09:38:32,408 - root - INFO - test roc_auc, 0.4880
2025-10-08 09:38:32,408 - root - INFO - new node test loss: 0.6930
2025-10-08 09:38:32,408 - root - INFO - new node test average_precision, 0.5437
2025-10-08 09:38:32,408 - root - INFO - new node test roc_auc, 0.5396
2025-10-08 09:38:32,416 - root - INFO - ✅ Metrics saved to: ./saved_metrics/TCL/UNvote/TCL_bochner_seed1
2025-10-08 09:38:32,416 - root - INFO - Run 2 cost 24.13 seconds.
2025-10-08 09:38:32,419 - root - INFO - metrics over 2 runs:
2025-10-08 09:38:32,419 - root - INFO - validate average_precision, [np.float64(0.5155262319972516), np.float64(0.5200002251802816)]
2025-10-08 09:38:32,419 - root - INFO - average validate average_precision, 0.5178 ± 0.0032
2025-10-08 09:38:32,419 - root - INFO - validate roc_auc, [np.float64(0.5042490376297577), np.float64(0.5107119773644753)]
2025-10-08 09:38:32,420 - root - INFO - average validate roc_auc, 0.5075 ± 0.0046
2025-10-08 09:38:32,420 - root - INFO - new node validate average_precision, [np.float64(0.6108872196808464), np.float64(0.6244572696482902)]
2025-10-08 09:38:32,420 - root - INFO - average new node validate average_precision, 0.6177 ± 0.0096
2025-10-08 09:38:32,420 - root - INFO - new node validate roc_auc, [np.float64(0.5904871432300731), np.float64(0.5937771362687085)]
2025-10-08 09:38:32,420 - root - INFO - average new node validate roc_auc, 0.5921 ± 0.0023
2025-10-08 09:38:32,420 - root - INFO - test average_precision, [np.float64(0.4980512008581709), np.float64(0.49141188238998984)]
2025-10-08 09:38:32,420 - root - INFO - average test average_precision, 0.4947 ± 0.0047
2025-10-08 09:38:32,420 - root - INFO - test roc_auc, [np.float64(0.49106513605442176), np.float64(0.48800795992309964)]
2025-10-08 09:38:32,420 - root - INFO - average test roc_auc, 0.4895 ± 0.0022
2025-10-08 09:38:32,420 - root - INFO - new node test average_precision, [np.float64(0.548565974492061), np.float64(0.543651394476107)]
2025-10-08 09:38:32,421 - root - INFO - average new node test average_precision, 0.5461 ± 0.0035
2025-10-08 09:38:32,421 - root - INFO - new node test roc_auc, [np.float64(0.5439988016528925), np.float64(0.5396083032024793)]
2025-10-08 09:38:32,421 - root - INFO - average new node test roc_auc, 0.5418 ± 0.0031
