2025-10-01 08:48:40,874 - root - INFO - ********** Run 4 starts. **********
2025-10-01 08:48:40,875 - root - INFO - configuration is Namespace(dataset_name='wikipedia', batch_size=200, model_name='DyRep', gpu=0, num_neighbors=10, sample_neighbor_strategy='recent', time_scaling_factor=1e-06, num_walk_heads=8, num_heads=2, num_layers=1, walk_length=1, time_gap=2000, time_feat_dim=128, position_feat_dim=172, time_window_mode='fixed_proportion', time_encoder_type='lete', expert_dim=64, num_mixtures=4, patch_size=1, channel_embedding_dim=50, max_input_sequence_length=32, learning_rate=0.0001, dropout=0.1, gamma=0.5, num_epochs=100, optimizer='Adam', weight_decay=0.0, patience=20, val_ratio=0.15, test_ratio=0.15, num_runs=5, test_interval_epochs=1, negative_sample_strategy='random', max_interaction_times=10, load_best_configs=True, device='cuda:0', seed=3, save_model_name='DyRep_seed3')
2025-10-01 08:48:40,877 - root - INFO - time encoder type: lete
2025-10-01 08:48:41,034 - root - INFO - model -> Sequential(
  (0): MemoryModel(
    (time_encoder): TimeEncoder(
      (w): Linear(in_features=1, out_features=128, bias=True)
    )
    (message_aggregator): MessageAggregator()
    (memory_bank): MemoryBank(num_nodes=9228, memory_dim=172)
    (memory_updater): RNNMemoryUpdater(
      (memory_bank): MemoryBank(num_nodes=9228, memory_dim=172)
      (memory_updater): RNNCell(644, 172)
    )
    (embedding_module): GraphAttentionEmbedding(
      (time_encoder): TimeEncoder(
        (w): Linear(in_features=1, out_features=128, bias=True)
      )
      (temporal_conv_layers): ModuleList(
        (0): MultiHeadAttention(
          (query_projection): Linear(in_features=300, out_features=300, bias=False)
          (key_projection): Linear(in_features=472, out_features=300, bias=False)
          (value_projection): Linear(in_features=472, out_features=300, bias=False)
          (layer_norm): LayerNorm((300,), eps=1e-05, elementwise_affine=True)
          (residual_fc): Linear(in_features=300, out_features=300, bias=True)
          (dropout): Dropout(p=0.1, inplace=False)
        )
      )
      (merge_layers): ModuleList(
        (0): MergeLayer(
          (fc1): Linear(in_features=472, out_features=172, bias=True)
          (fc2): Linear(in_features=172, out_features=172, bias=True)
          (act): ReLU()
        )
      )
    )
  )
  (1): MergeLayer(
    (fc1): Linear(in_features=344, out_features=172, bias=True)
    (fc2): Linear(in_features=172, out_features=1, bias=True)
    (act): ReLU()
  )
)
2025-10-01 08:48:41,035 - root - INFO - model name: DyRep, #parameters: 3102708 B, 3029.98828125 KB, 2.958972930908203 MB.
2025-10-01 08:49:04,399 - root - INFO - Epoch: 1, learning rate: 0.0001, train loss: 0.5835
2025-10-01 08:49:04,399 - root - INFO - train average_precision, 0.7293
2025-10-01 08:49:04,399 - root - INFO - train roc_auc, 0.7576
2025-10-01 08:49:04,399 - root - INFO - validate loss: 0.5027
2025-10-01 08:49:04,399 - root - INFO - validate average_precision, 0.8207
2025-10-01 08:49:04,399 - root - INFO - validate roc_auc, 0.8345
2025-10-01 08:49:04,400 - root - INFO - new node validate loss: 0.5651
2025-10-01 08:49:04,400 - root - INFO - new node validate average_precision, 0.7688
2025-10-01 08:49:04,400 - root - INFO - new node validate roc_auc, 0.7691
2025-10-01 08:49:10,699 - root - INFO - test loss: 0.5205
2025-10-01 08:49:10,700 - root - INFO - test average_precision, 0.8072
2025-10-01 08:49:10,700 - root - INFO - best test average_precision: 0.8072
2025-10-01 08:49:10,700 - root - INFO - test roc_auc, 0.8189
2025-10-01 08:49:10,700 - root - INFO - new node test loss: 0.5717
2025-10-01 08:49:10,700 - root - INFO - new node test average_precision, 0.7664
2025-10-01 08:49:10,700 - root - INFO - new node test roc_auc, 0.7714
2025-10-01 08:49:10,700 - root - INFO - save model ./saved_models/DyRep/wikipedia/DyRep_seed3/DyRep_seed3.pkl
2025-10-01 08:49:35,002 - root - INFO - Epoch: 2, learning rate: 0.0001, train loss: 0.4684
2025-10-01 08:49:35,002 - root - INFO - train average_precision, 0.8496
2025-10-01 08:49:35,002 - root - INFO - train roc_auc, 0.8617
2025-10-01 08:49:35,002 - root - INFO - validate loss: 0.4571
2025-10-01 08:49:35,002 - root - INFO - validate average_precision, 0.8686
2025-10-01 08:49:35,002 - root - INFO - validate roc_auc, 0.8719
2025-10-01 08:49:35,002 - root - INFO - new node validate loss: 0.5219
2025-10-01 08:49:35,002 - root - INFO - new node validate average_precision, 0.8315
2025-10-01 08:49:35,002 - root - INFO - new node validate roc_auc, 0.8220
2025-10-01 08:49:41,054 - root - INFO - test loss: 0.4742
2025-10-01 08:49:41,054 - root - INFO - test average_precision, 0.8556
2025-10-01 08:49:41,054 - root - INFO - best test average_precision: 0.8556
2025-10-01 08:49:41,054 - root - INFO - test roc_auc, 0.8615
2025-10-01 08:49:41,054 - root - INFO - new node test loss: 0.5319
2025-10-01 08:49:41,054 - root - INFO - new node test average_precision, 0.8223
2025-10-01 08:49:41,054 - root - INFO - new node test roc_auc, 0.8185
2025-10-01 08:49:41,054 - root - INFO - save model ./saved_models/DyRep/wikipedia/DyRep_seed3/DyRep_seed3.pkl
2025-10-01 08:50:05,021 - root - INFO - Epoch: 3, learning rate: 0.0001, train loss: 0.4280
2025-10-01 08:50:05,022 - root - INFO - train average_precision, 0.8832
2025-10-01 08:50:05,022 - root - INFO - train roc_auc, 0.8865
2025-10-01 08:50:05,022 - root - INFO - validate loss: 0.4288
2025-10-01 08:50:05,022 - root - INFO - validate average_precision, 0.8899
2025-10-01 08:50:05,022 - root - INFO - validate roc_auc, 0.8891
2025-10-01 08:50:05,022 - root - INFO - new node validate loss: 0.4925
2025-10-01 08:50:05,022 - root - INFO - new node validate average_precision, 0.8586
2025-10-01 08:50:05,022 - root - INFO - new node validate roc_auc, 0.8502
2025-10-01 08:50:11,037 - root - INFO - test loss: 0.4367
2025-10-01 08:50:11,037 - root - INFO - test average_precision, 0.8832
2025-10-01 08:50:11,038 - root - INFO - best test average_precision: 0.8832
2025-10-01 08:50:11,038 - root - INFO - test roc_auc, 0.8840
2025-10-01 08:50:11,038 - root - INFO - new node test loss: 0.4896
2025-10-01 08:50:11,038 - root - INFO - new node test average_precision, 0.8488
2025-10-01 08:50:11,038 - root - INFO - new node test roc_auc, 0.8466
2025-10-01 08:50:11,038 - root - INFO - save model ./saved_models/DyRep/wikipedia/DyRep_seed3/DyRep_seed3.pkl
2025-10-01 08:50:34,973 - root - INFO - Epoch: 4, learning rate: 0.0001, train loss: 0.4185
2025-10-01 08:50:34,973 - root - INFO - train average_precision, 0.8941
2025-10-01 08:50:34,973 - root - INFO - train roc_auc, 0.8924
2025-10-01 08:50:34,973 - root - INFO - validate loss: 0.4287
2025-10-01 08:50:34,973 - root - INFO - validate average_precision, 0.8921
2025-10-01 08:50:34,973 - root - INFO - validate roc_auc, 0.8893
2025-10-01 08:50:34,973 - root - INFO - new node validate loss: 0.4849
2025-10-01 08:50:34,973 - root - INFO - new node validate average_precision, 0.8647
2025-10-01 08:50:34,973 - root - INFO - new node validate roc_auc, 0.8526
2025-10-01 08:50:41,160 - root - INFO - test loss: 0.4393
2025-10-01 08:50:41,160 - root - INFO - test average_precision, 0.8865
2025-10-01 08:50:41,160 - root - INFO - best test average_precision: 0.8865
2025-10-01 08:50:41,160 - root - INFO - test roc_auc, 0.8850
2025-10-01 08:50:41,160 - root - INFO - new node test loss: 0.4765
2025-10-01 08:50:41,160 - root - INFO - new node test average_precision, 0.8644
2025-10-01 08:50:41,160 - root - INFO - new node test roc_auc, 0.8606
2025-10-01 08:50:41,160 - root - INFO - save model ./saved_models/DyRep/wikipedia/DyRep_seed3/DyRep_seed3.pkl
2025-10-01 08:51:05,397 - root - INFO - Epoch: 5, learning rate: 0.0001, train loss: 0.3957
2025-10-01 08:51:05,397 - root - INFO - train average_precision, 0.9075
2025-10-01 08:51:05,397 - root - INFO - train roc_auc, 0.9042
2025-10-01 08:51:05,397 - root - INFO - validate loss: 0.4064
2025-10-01 08:51:05,397 - root - INFO - validate average_precision, 0.9070
2025-10-01 08:51:05,397 - root - INFO - validate roc_auc, 0.9018
2025-10-01 08:51:05,397 - root - INFO - new node validate loss: 0.4841
2025-10-01 08:51:05,397 - root - INFO - new node validate average_precision, 0.8638
2025-10-01 08:51:05,397 - root - INFO - new node validate roc_auc, 0.8532
2025-10-01 08:51:11,623 - root - INFO - test loss: 0.4134
2025-10-01 08:51:11,624 - root - INFO - test average_precision, 0.9003
2025-10-01 08:51:11,624 - root - INFO - best test average_precision: 0.9003
2025-10-01 08:51:11,624 - root - INFO - test roc_auc, 0.8959
2025-10-01 08:51:11,624 - root - INFO - new node test loss: 0.4709
2025-10-01 08:51:11,624 - root - INFO - new node test average_precision, 0.8669
2025-10-01 08:51:11,624 - root - INFO - new node test roc_auc, 0.8588
2025-10-01 08:51:11,624 - root - INFO - save model ./saved_models/DyRep/wikipedia/DyRep_seed3/DyRep_seed3.pkl
2025-10-01 08:51:35,848 - root - INFO - Epoch: 6, learning rate: 0.0001, train loss: 0.3765
2025-10-01 08:51:35,848 - root - INFO - train average_precision, 0.9169
2025-10-01 08:51:35,848 - root - INFO - train roc_auc, 0.9129
2025-10-01 08:51:35,848 - root - INFO - validate loss: 0.3823
2025-10-01 08:51:35,848 - root - INFO - validate average_precision, 0.9188
2025-10-01 08:51:35,848 - root - INFO - validate roc_auc, 0.9127
2025-10-01 08:51:35,848 - root - INFO - new node validate loss: 0.4752
2025-10-01 08:51:35,849 - root - INFO - new node validate average_precision, 0.8717
2025-10-01 08:51:35,849 - root - INFO - new node validate roc_auc, 0.8592
2025-10-01 08:51:41,918 - root - INFO - test loss: 0.3778
2025-10-01 08:51:41,918 - root - INFO - test average_precision, 0.9187
2025-10-01 08:51:41,918 - root - INFO - best test average_precision: 0.9187
2025-10-01 08:51:41,918 - root - INFO - test roc_auc, 0.9140
2025-10-01 08:51:41,918 - root - INFO - new node test loss: 0.4423
2025-10-01 08:51:41,918 - root - INFO - new node test average_precision, 0.8851
2025-10-01 08:51:41,918 - root - INFO - new node test roc_auc, 0.8776
2025-10-01 08:51:41,919 - root - INFO - save model ./saved_models/DyRep/wikipedia/DyRep_seed3/DyRep_seed3.pkl
2025-10-01 08:52:05,658 - root - INFO - Epoch: 7, learning rate: 0.0001, train loss: 0.3622
2025-10-01 08:52:05,658 - root - INFO - train average_precision, 0.9233
2025-10-01 08:52:05,658 - root - INFO - train roc_auc, 0.9192
2025-10-01 08:52:05,658 - root - INFO - validate loss: 0.3685
2025-10-01 08:52:05,658 - root - INFO - validate average_precision, 0.9249
2025-10-01 08:52:05,658 - root - INFO - validate roc_auc, 0.9190
2025-10-01 08:52:05,658 - root - INFO - new node validate loss: 0.4794
2025-10-01 08:52:05,658 - root - INFO - new node validate average_precision, 0.8753
2025-10-01 08:52:05,658 - root - INFO - new node validate roc_auc, 0.8596
2025-10-01 08:52:11,674 - root - INFO - test loss: 0.3627
2025-10-01 08:52:11,674 - root - INFO - test average_precision, 0.9260
2025-10-01 08:52:11,674 - root - INFO - best test average_precision: 0.9260
2025-10-01 08:52:11,674 - root - INFO - test roc_auc, 0.9216
2025-10-01 08:52:11,674 - root - INFO - new node test loss: 0.4454
2025-10-01 08:52:11,674 - root - INFO - new node test average_precision, 0.8896
2025-10-01 08:52:11,674 - root - INFO - new node test roc_auc, 0.8787
2025-10-01 08:52:11,674 - root - INFO - save model ./saved_models/DyRep/wikipedia/DyRep_seed3/DyRep_seed3.pkl
2025-10-01 08:52:35,612 - root - INFO - Epoch: 8, learning rate: 0.0001, train loss: 0.3514
2025-10-01 08:52:35,613 - root - INFO - train average_precision, 0.9278
2025-10-01 08:52:35,613 - root - INFO - train roc_auc, 0.9238
2025-10-01 08:52:35,613 - root - INFO - validate loss: 0.3643
2025-10-01 08:52:35,613 - root - INFO - validate average_precision, 0.9271
2025-10-01 08:52:35,613 - root - INFO - validate roc_auc, 0.9202
2025-10-01 08:52:35,613 - root - INFO - new node validate loss: 0.4729
2025-10-01 08:52:35,613 - root - INFO - new node validate average_precision, 0.8794
2025-10-01 08:52:35,613 - root - INFO - new node validate roc_auc, 0.8631
2025-10-01 08:52:41,675 - root - INFO - test loss: 0.3664
2025-10-01 08:52:41,676 - root - INFO - test average_precision, 0.9237
2025-10-01 08:52:41,676 - root - INFO - best test average_precision: 0.9260
2025-10-01 08:52:41,676 - root - INFO - test roc_auc, 0.9188
2025-10-01 08:52:41,676 - root - INFO - new node test loss: 0.4515
2025-10-01 08:52:41,676 - root - INFO - new node test average_precision, 0.8865
2025-10-01 08:52:41,676 - root - INFO - new node test roc_auc, 0.8746
2025-10-01 08:52:41,676 - root - INFO - save model ./saved_models/DyRep/wikipedia/DyRep_seed3/DyRep_seed3.pkl
2025-10-01 08:53:05,520 - root - INFO - Epoch: 9, learning rate: 0.0001, train loss: 0.3411
2025-10-01 08:53:05,521 - root - INFO - train average_precision, 0.9322
2025-10-01 08:53:05,521 - root - INFO - train roc_auc, 0.9277
2025-10-01 08:53:05,521 - root - INFO - validate loss: 0.3571
2025-10-01 08:53:05,521 - root - INFO - validate average_precision, 0.9298
2025-10-01 08:53:05,521 - root - INFO - validate roc_auc, 0.9232
2025-10-01 08:53:05,521 - root - INFO - new node validate loss: 0.4614
2025-10-01 08:53:05,521 - root - INFO - new node validate average_precision, 0.8842
2025-10-01 08:53:05,521 - root - INFO - new node validate roc_auc, 0.8687
2025-10-01 08:53:11,399 - root - INFO - test loss: 0.3514
2025-10-01 08:53:11,400 - root - INFO - test average_precision, 0.9297
2025-10-01 08:53:11,400 - root - INFO - best test average_precision: 0.9297
2025-10-01 08:53:11,400 - root - INFO - test roc_auc, 0.9248
2025-10-01 08:53:11,400 - root - INFO - new node test loss: 0.4231
2025-10-01 08:53:11,400 - root - INFO - new node test average_precision, 0.8992
2025-10-01 08:53:11,400 - root - INFO - new node test roc_auc, 0.8886
2025-10-01 08:53:11,400 - root - INFO - save model ./saved_models/DyRep/wikipedia/DyRep_seed3/DyRep_seed3.pkl
2025-10-01 08:53:35,505 - root - INFO - Epoch: 10, learning rate: 0.0001, train loss: 0.3330
2025-10-01 08:53:35,506 - root - INFO - train average_precision, 0.9345
2025-10-01 08:53:35,506 - root - INFO - train roc_auc, 0.9306
2025-10-01 08:53:35,506 - root - INFO - validate loss: 0.3519
2025-10-01 08:53:35,506 - root - INFO - validate average_precision, 0.9326
2025-10-01 08:53:35,506 - root - INFO - validate roc_auc, 0.9259
2025-10-01 08:53:35,506 - root - INFO - new node validate loss: 0.4513
2025-10-01 08:53:35,506 - root - INFO - new node validate average_precision, 0.8890
2025-10-01 08:53:35,506 - root - INFO - new node validate roc_auc, 0.8730
2025-10-01 08:53:41,669 - root - INFO - test loss: 0.3492
2025-10-01 08:53:41,669 - root - INFO - test average_precision, 0.9317
2025-10-01 08:53:41,669 - root - INFO - best test average_precision: 0.9317
2025-10-01 08:53:41,669 - root - INFO - test roc_auc, 0.9264
2025-10-01 08:53:41,669 - root - INFO - new node test loss: 0.4085
2025-10-01 08:53:41,669 - root - INFO - new node test average_precision, 0.9067
2025-10-01 08:53:41,669 - root - INFO - new node test roc_auc, 0.8971
2025-10-01 08:53:41,670 - root - INFO - save model ./saved_models/DyRep/wikipedia/DyRep_seed3/DyRep_seed3.pkl
2025-10-01 08:54:05,987 - root - INFO - Epoch: 11, learning rate: 0.0001, train loss: 0.3241
2025-10-01 08:54:05,987 - root - INFO - train average_precision, 0.9386
2025-10-01 08:54:05,987 - root - INFO - train roc_auc, 0.9344
2025-10-01 08:54:05,987 - root - INFO - validate loss: 0.3607
2025-10-01 08:54:05,987 - root - INFO - validate average_precision, 0.9297
2025-10-01 08:54:05,987 - root - INFO - validate roc_auc, 0.9221
2025-10-01 08:54:05,987 - root - INFO - new node validate loss: 0.4516
2025-10-01 08:54:05,987 - root - INFO - new node validate average_precision, 0.8873
2025-10-01 08:54:05,987 - root - INFO - new node validate roc_auc, 0.8736
2025-10-01 08:54:12,110 - root - INFO - test loss: 0.3611
2025-10-01 08:54:12,111 - root - INFO - test average_precision, 0.9269
2025-10-01 08:54:12,111 - root - INFO - best test average_precision: 0.9317
2025-10-01 08:54:12,111 - root - INFO - test roc_auc, 0.9213
2025-10-01 08:54:12,111 - root - INFO - new node test loss: 0.4183
2025-10-01 08:54:12,111 - root - INFO - new node test average_precision, 0.8991
2025-10-01 08:54:12,111 - root - INFO - new node test roc_auc, 0.8900
2025-10-01 08:54:34,765 - root - INFO - Epoch: 12, learning rate: 0.0001, train loss: 0.3181
2025-10-01 08:54:34,766 - root - INFO - train average_precision, 0.9403
2025-10-01 08:54:34,766 - root - INFO - train roc_auc, 0.9365
2025-10-01 08:54:34,766 - root - INFO - validate loss: 0.3422
2025-10-01 08:54:34,766 - root - INFO - validate average_precision, 0.9377
2025-10-01 08:54:34,766 - root - INFO - validate roc_auc, 0.9300
2025-10-01 08:54:34,766 - root - INFO - new node validate loss: 0.4364
2025-10-01 08:54:34,766 - root - INFO - new node validate average_precision, 0.8978
2025-10-01 08:54:34,766 - root - INFO - new node validate roc_auc, 0.8830
2025-10-01 08:54:40,811 - root - INFO - test loss: 0.3402
2025-10-01 08:54:40,811 - root - INFO - test average_precision, 0.9355
2025-10-01 08:54:40,811 - root - INFO - best test average_precision: 0.9355
2025-10-01 08:54:40,811 - root - INFO - test roc_auc, 0.9295
2025-10-01 08:54:40,811 - root - INFO - new node test loss: 0.3956
2025-10-01 08:54:40,811 - root - INFO - new node test average_precision, 0.9117
2025-10-01 08:54:40,811 - root - INFO - new node test roc_auc, 0.9018
2025-10-01 08:54:40,811 - root - INFO - save model ./saved_models/DyRep/wikipedia/DyRep_seed3/DyRep_seed3.pkl
2025-10-01 08:55:04,930 - root - INFO - Epoch: 13, learning rate: 0.0001, train loss: 0.3076
2025-10-01 08:55:04,930 - root - INFO - train average_precision, 0.9445
2025-10-01 08:55:04,930 - root - INFO - train roc_auc, 0.9403
2025-10-01 08:55:04,930 - root - INFO - validate loss: 0.3370
2025-10-01 08:55:04,930 - root - INFO - validate average_precision, 0.9389
2025-10-01 08:55:04,930 - root - INFO - validate roc_auc, 0.9311
2025-10-01 08:55:04,930 - root - INFO - new node validate loss: 0.4376
2025-10-01 08:55:04,930 - root - INFO - new node validate average_precision, 0.8965
2025-10-01 08:55:04,930 - root - INFO - new node validate roc_auc, 0.8805
2025-10-01 08:55:11,122 - root - INFO - test loss: 0.3313
2025-10-01 08:55:11,122 - root - INFO - test average_precision, 0.9387
2025-10-01 08:55:11,122 - root - INFO - best test average_precision: 0.9387
2025-10-01 08:55:11,122 - root - INFO - test roc_auc, 0.9330
2025-10-01 08:55:11,122 - root - INFO - new node test loss: 0.4002
2025-10-01 08:55:11,122 - root - INFO - new node test average_precision, 0.9100
2025-10-01 08:55:11,123 - root - INFO - new node test roc_auc, 0.9009
2025-10-01 08:55:11,123 - root - INFO - save model ./saved_models/DyRep/wikipedia/DyRep_seed3/DyRep_seed3.pkl
2025-10-01 08:55:35,367 - root - INFO - Epoch: 14, learning rate: 0.0001, train loss: 0.3051
2025-10-01 08:55:35,368 - root - INFO - train average_precision, 0.9449
2025-10-01 08:55:35,368 - root - INFO - train roc_auc, 0.9413
2025-10-01 08:55:35,368 - root - INFO - validate loss: 0.3298
2025-10-01 08:55:35,368 - root - INFO - validate average_precision, 0.9423
2025-10-01 08:55:35,368 - root - INFO - validate roc_auc, 0.9349
2025-10-01 08:55:35,368 - root - INFO - new node validate loss: 0.4279
2025-10-01 08:55:35,368 - root - INFO - new node validate average_precision, 0.9013
2025-10-01 08:55:35,368 - root - INFO - new node validate roc_auc, 0.8858
2025-10-01 08:55:41,536 - root - INFO - test loss: 0.3269
2025-10-01 08:55:41,537 - root - INFO - test average_precision, 0.9402
2025-10-01 08:55:41,537 - root - INFO - best test average_precision: 0.9402
2025-10-01 08:55:41,537 - root - INFO - test roc_auc, 0.9350
2025-10-01 08:55:41,537 - root - INFO - new node test loss: 0.3987
2025-10-01 08:55:41,537 - root - INFO - new node test average_precision, 0.9125
2025-10-01 08:55:41,537 - root - INFO - new node test roc_auc, 0.9015
2025-10-01 08:55:41,537 - root - INFO - save model ./saved_models/DyRep/wikipedia/DyRep_seed3/DyRep_seed3.pkl
2025-10-01 08:56:05,742 - root - INFO - Epoch: 15, learning rate: 0.0001, train loss: 0.3015
2025-10-01 08:56:05,742 - root - INFO - train average_precision, 0.9463
2025-10-01 08:56:05,742 - root - INFO - train roc_auc, 0.9425
2025-10-01 08:56:05,743 - root - INFO - validate loss: 0.3290
2025-10-01 08:56:05,743 - root - INFO - validate average_precision, 0.9422
2025-10-01 08:56:05,743 - root - INFO - validate roc_auc, 0.9348
2025-10-01 08:56:05,743 - root - INFO - new node validate loss: 0.4236
2025-10-01 08:56:05,743 - root - INFO - new node validate average_precision, 0.9034
2025-10-01 08:56:05,743 - root - INFO - new node validate roc_auc, 0.8882
2025-10-01 08:56:11,754 - root - INFO - test loss: 0.3249
2025-10-01 08:56:11,754 - root - INFO - test average_precision, 0.9394
2025-10-01 08:56:11,754 - root - INFO - best test average_precision: 0.9402
2025-10-01 08:56:11,754 - root - INFO - test roc_auc, 0.9357
2025-10-01 08:56:11,754 - root - INFO - new node test loss: 0.3985
2025-10-01 08:56:11,754 - root - INFO - new node test average_precision, 0.9116
2025-10-01 08:56:11,754 - root - INFO - new node test roc_auc, 0.9021
2025-10-01 08:56:34,725 - root - INFO - Epoch: 16, learning rate: 0.0001, train loss: 0.2954
2025-10-01 08:56:34,725 - root - INFO - train average_precision, 0.9480
2025-10-01 08:56:34,725 - root - INFO - train roc_auc, 0.9446
2025-10-01 08:56:34,725 - root - INFO - validate loss: 0.3291
2025-10-01 08:56:34,725 - root - INFO - validate average_precision, 0.9422
2025-10-01 08:56:34,725 - root - INFO - validate roc_auc, 0.9347
2025-10-01 08:56:34,725 - root - INFO - new node validate loss: 0.4297
2025-10-01 08:56:34,725 - root - INFO - new node validate average_precision, 0.9004
2025-10-01 08:56:34,725 - root - INFO - new node validate roc_auc, 0.8834
2025-10-01 08:56:40,880 - root - INFO - test loss: 0.3288
2025-10-01 08:56:40,881 - root - INFO - test average_precision, 0.9406
2025-10-01 08:56:40,881 - root - INFO - best test average_precision: 0.9406
2025-10-01 08:56:40,881 - root - INFO - test roc_auc, 0.9352
2025-10-01 08:56:40,881 - root - INFO - new node test loss: 0.4060
2025-10-01 08:56:40,881 - root - INFO - new node test average_precision, 0.9098
2025-10-01 08:56:40,881 - root - INFO - new node test roc_auc, 0.9001
2025-10-01 08:57:03,906 - root - INFO - Epoch: 17, learning rate: 0.0001, train loss: 0.2918
2025-10-01 08:57:03,906 - root - INFO - train average_precision, 0.9492
2025-10-01 08:57:03,906 - root - INFO - train roc_auc, 0.9458
2025-10-01 08:57:03,906 - root - INFO - validate loss: 0.3205
2025-10-01 08:57:03,906 - root - INFO - validate average_precision, 0.9456
2025-10-01 08:57:03,906 - root - INFO - validate roc_auc, 0.9387
2025-10-01 08:57:03,906 - root - INFO - new node validate loss: 0.4135
2025-10-01 08:57:03,906 - root - INFO - new node validate average_precision, 0.9063
2025-10-01 08:57:03,906 - root - INFO - new node validate roc_auc, 0.8924
2025-10-01 08:57:10,083 - root - INFO - test loss: 0.3145
2025-10-01 08:57:10,083 - root - INFO - test average_precision, 0.9455
2025-10-01 08:57:10,083 - root - INFO - best test average_precision: 0.9455
2025-10-01 08:57:10,083 - root - INFO - test roc_auc, 0.9413
2025-10-01 08:57:10,083 - root - INFO - new node test loss: 0.3898
2025-10-01 08:57:10,083 - root - INFO - new node test average_precision, 0.9169
2025-10-01 08:57:10,083 - root - INFO - new node test roc_auc, 0.9075
2025-10-01 08:57:10,083 - root - INFO - save model ./saved_models/DyRep/wikipedia/DyRep_seed3/DyRep_seed3.pkl
2025-10-01 08:57:34,119 - root - INFO - Epoch: 18, learning rate: 0.0001, train loss: 0.2869
2025-10-01 08:57:34,119 - root - INFO - train average_precision, 0.9509
2025-10-01 08:57:34,119 - root - INFO - train roc_auc, 0.9475
2025-10-01 08:57:34,120 - root - INFO - validate loss: 0.3173
2025-10-01 08:57:34,120 - root - INFO - validate average_precision, 0.9458
2025-10-01 08:57:34,120 - root - INFO - validate roc_auc, 0.9393
2025-10-01 08:57:34,120 - root - INFO - new node validate loss: 0.4119
2025-10-01 08:57:34,120 - root - INFO - new node validate average_precision, 0.9078
2025-10-01 08:57:34,120 - root - INFO - new node validate roc_auc, 0.8923
2025-10-01 08:57:40,108 - root - INFO - test loss: 0.3189
2025-10-01 08:57:40,108 - root - INFO - test average_precision, 0.9436
2025-10-01 08:57:40,108 - root - INFO - best test average_precision: 0.9455
2025-10-01 08:57:40,108 - root - INFO - test roc_auc, 0.9390
2025-10-01 08:57:40,108 - root - INFO - new node test loss: 0.3991
2025-10-01 08:57:40,109 - root - INFO - new node test average_precision, 0.9135
2025-10-01 08:57:40,109 - root - INFO - new node test roc_auc, 0.9025
2025-10-01 08:57:40,109 - root - INFO - save model ./saved_models/DyRep/wikipedia/DyRep_seed3/DyRep_seed3.pkl
2025-10-01 08:58:04,072 - root - INFO - Epoch: 19, learning rate: 0.0001, train loss: 0.2805
2025-10-01 08:58:04,072 - root - INFO - train average_precision, 0.9523
2025-10-01 08:58:04,073 - root - INFO - train roc_auc, 0.9492
2025-10-01 08:58:04,073 - root - INFO - validate loss: 0.3193
2025-10-01 08:58:04,073 - root - INFO - validate average_precision, 0.9451
2025-10-01 08:58:04,073 - root - INFO - validate roc_auc, 0.9394
2025-10-01 08:58:04,073 - root - INFO - new node validate loss: 0.4100
2025-10-01 08:58:04,073 - root - INFO - new node validate average_precision, 0.9075
2025-10-01 08:58:04,073 - root - INFO - new node validate roc_auc, 0.8941
2025-10-01 08:58:10,180 - root - INFO - test loss: 0.3292
2025-10-01 08:58:10,180 - root - INFO - test average_precision, 0.9416
2025-10-01 08:58:10,180 - root - INFO - best test average_precision: 0.9455
2025-10-01 08:58:10,180 - root - INFO - test roc_auc, 0.9363
2025-10-01 08:58:10,180 - root - INFO - new node test loss: 0.4046
2025-10-01 08:58:10,180 - root - INFO - new node test average_precision, 0.9113
2025-10-01 08:58:10,180 - root - INFO - new node test roc_auc, 0.9003
2025-10-01 08:58:33,075 - root - INFO - Epoch: 20, learning rate: 0.0001, train loss: 0.2815
2025-10-01 08:58:33,075 - root - INFO - train average_precision, 0.9520
2025-10-01 08:58:33,075 - root - INFO - train roc_auc, 0.9491
2025-10-01 08:58:33,075 - root - INFO - validate loss: 0.3213
2025-10-01 08:58:33,076 - root - INFO - validate average_precision, 0.9453
2025-10-01 08:58:33,076 - root - INFO - validate roc_auc, 0.9394
2025-10-01 08:58:33,076 - root - INFO - new node validate loss: 0.4116
2025-10-01 08:58:33,076 - root - INFO - new node validate average_precision, 0.9072
2025-10-01 08:58:33,076 - root - INFO - new node validate roc_auc, 0.8939
2025-10-01 08:58:39,263 - root - INFO - test loss: 0.3489
2025-10-01 08:58:39,263 - root - INFO - test average_precision, 0.9331
2025-10-01 08:58:39,263 - root - INFO - best test average_precision: 0.9455
2025-10-01 08:58:39,263 - root - INFO - test roc_auc, 0.9285
2025-10-01 08:58:39,264 - root - INFO - new node test loss: 0.4261
2025-10-01 08:58:39,264 - root - INFO - new node test average_precision, 0.9036
2025-10-01 08:58:39,264 - root - INFO - new node test roc_auc, 0.8912
2025-10-01 08:59:02,244 - root - INFO - Epoch: 21, learning rate: 0.0001, train loss: 0.2792
2025-10-01 08:59:02,244 - root - INFO - train average_precision, 0.9529
2025-10-01 08:59:02,245 - root - INFO - train roc_auc, 0.9500
2025-10-01 08:59:02,245 - root - INFO - validate loss: 0.3188
2025-10-01 08:59:02,245 - root - INFO - validate average_precision, 0.9461
2025-10-01 08:59:02,245 - root - INFO - validate roc_auc, 0.9396
2025-10-01 08:59:02,245 - root - INFO - new node validate loss: 0.4150
2025-10-01 08:59:02,245 - root - INFO - new node validate average_precision, 0.9073
2025-10-01 08:59:02,245 - root - INFO - new node validate roc_auc, 0.8926
2025-10-01 08:59:08,410 - root - INFO - test loss: 0.3439
2025-10-01 08:59:08,410 - root - INFO - test average_precision, 0.9356
2025-10-01 08:59:08,410 - root - INFO - best test average_precision: 0.9455
2025-10-01 08:59:08,411 - root - INFO - test roc_auc, 0.9304
2025-10-01 08:59:08,411 - root - INFO - new node test loss: 0.4251
2025-10-01 08:59:08,411 - root - INFO - new node test average_precision, 0.9039
2025-10-01 08:59:08,411 - root - INFO - new node test roc_auc, 0.8921
2025-10-01 08:59:08,411 - root - INFO - save model ./saved_models/DyRep/wikipedia/DyRep_seed3/DyRep_seed3.pkl
2025-10-01 08:59:32,567 - root - INFO - Epoch: 22, learning rate: 0.0001, train loss: 0.2743
2025-10-01 08:59:32,567 - root - INFO - train average_precision, 0.9546
2025-10-01 08:59:32,567 - root - INFO - train roc_auc, 0.9516
2025-10-01 08:59:32,567 - root - INFO - validate loss: 0.3191
2025-10-01 08:59:32,568 - root - INFO - validate average_precision, 0.9453
2025-10-01 08:59:32,568 - root - INFO - validate roc_auc, 0.9397
2025-10-01 08:59:32,568 - root - INFO - new node validate loss: 0.4116
2025-10-01 08:59:32,568 - root - INFO - new node validate average_precision, 0.9095
2025-10-01 08:59:32,568 - root - INFO - new node validate roc_auc, 0.8956
2025-10-01 08:59:38,685 - root - INFO - test loss: 0.3247
2025-10-01 08:59:38,685 - root - INFO - test average_precision, 0.9410
2025-10-01 08:59:38,685 - root - INFO - best test average_precision: 0.9455
2025-10-01 08:59:38,685 - root - INFO - test roc_auc, 0.9369
2025-10-01 08:59:38,685 - root - INFO - new node test loss: 0.4021
2025-10-01 08:59:38,685 - root - INFO - new node test average_precision, 0.9120
2025-10-01 08:59:38,685 - root - INFO - new node test roc_auc, 0.9014
2025-10-01 09:00:01,596 - root - INFO - Epoch: 23, learning rate: 0.0001, train loss: 0.2701
2025-10-01 09:00:01,596 - root - INFO - train average_precision, 0.9558
2025-10-01 09:00:01,597 - root - INFO - train roc_auc, 0.9529
2025-10-01 09:00:01,597 - root - INFO - validate loss: 0.3079
2025-10-01 09:00:01,597 - root - INFO - validate average_precision, 0.9491
2025-10-01 09:00:01,597 - root - INFO - validate roc_auc, 0.9438
2025-10-01 09:00:01,597 - root - INFO - new node validate loss: 0.3978
2025-10-01 09:00:01,597 - root - INFO - new node validate average_precision, 0.9126
2025-10-01 09:00:01,597 - root - INFO - new node validate roc_auc, 0.9005
2025-10-01 09:00:07,730 - root - INFO - test loss: 0.3137
2025-10-01 09:00:07,730 - root - INFO - test average_precision, 0.9472
2025-10-01 09:00:07,730 - root - INFO - best test average_precision: 0.9472
2025-10-01 09:00:07,730 - root - INFO - test roc_auc, 0.9424
2025-10-01 09:00:07,731 - root - INFO - new node test loss: 0.3811
2025-10-01 09:00:07,731 - root - INFO - new node test average_precision, 0.9221
2025-10-01 09:00:07,731 - root - INFO - new node test roc_auc, 0.9125
2025-10-01 09:00:07,731 - root - INFO - save model ./saved_models/DyRep/wikipedia/DyRep_seed3/DyRep_seed3.pkl
2025-10-01 09:00:31,666 - root - INFO - Epoch: 24, learning rate: 0.0001, train loss: 0.2690
2025-10-01 09:00:31,667 - root - INFO - train average_precision, 0.9556
2025-10-01 09:00:31,667 - root - INFO - train roc_auc, 0.9532
2025-10-01 09:00:31,667 - root - INFO - validate loss: 0.3159
2025-10-01 09:00:31,667 - root - INFO - validate average_precision, 0.9461
2025-10-01 09:00:31,667 - root - INFO - validate roc_auc, 0.9407
2025-10-01 09:00:31,667 - root - INFO - new node validate loss: 0.4059
2025-10-01 09:00:31,667 - root - INFO - new node validate average_precision, 0.9114
2025-10-01 09:00:31,667 - root - INFO - new node validate roc_auc, 0.8978
2025-10-01 09:00:37,665 - root - INFO - test loss: 0.3488
2025-10-01 09:00:37,666 - root - INFO - test average_precision, 0.9329
2025-10-01 09:00:37,666 - root - INFO - best test average_precision: 0.9472
2025-10-01 09:00:37,666 - root - INFO - test roc_auc, 0.9280
2025-10-01 09:00:37,666 - root - INFO - new node test loss: 0.4289
2025-10-01 09:00:37,666 - root - INFO - new node test average_precision, 0.9009
2025-10-01 09:00:37,666 - root - INFO - new node test roc_auc, 0.8882
2025-10-01 09:01:00,281 - root - INFO - Epoch: 25, learning rate: 0.0001, train loss: 0.2690
2025-10-01 09:01:00,281 - root - INFO - train average_precision, 0.9562
2025-10-01 09:01:00,281 - root - INFO - train roc_auc, 0.9535
2025-10-01 09:01:00,281 - root - INFO - validate loss: 0.3071
2025-10-01 09:01:00,281 - root - INFO - validate average_precision, 0.9506
2025-10-01 09:01:00,281 - root - INFO - validate roc_auc, 0.9453
2025-10-01 09:01:00,281 - root - INFO - new node validate loss: 0.3958
2025-10-01 09:01:00,281 - root - INFO - new node validate average_precision, 0.9146
2025-10-01 09:01:00,281 - root - INFO - new node validate roc_auc, 0.9020
2025-10-01 09:01:06,335 - root - INFO - test loss: 0.3254
2025-10-01 09:01:06,335 - root - INFO - test average_precision, 0.9451
2025-10-01 09:01:06,335 - root - INFO - best test average_precision: 0.9472
2025-10-01 09:01:06,335 - root - INFO - test roc_auc, 0.9402
2025-10-01 09:01:06,335 - root - INFO - new node test loss: 0.3961
2025-10-01 09:01:06,335 - root - INFO - new node test average_precision, 0.9199
2025-10-01 09:01:06,335 - root - INFO - new node test roc_auc, 0.9097
2025-10-01 09:01:06,336 - root - INFO - save model ./saved_models/DyRep/wikipedia/DyRep_seed3/DyRep_seed3.pkl
2025-10-01 09:01:30,334 - root - INFO - Epoch: 26, learning rate: 0.0001, train loss: 0.2652
2025-10-01 09:01:30,334 - root - INFO - train average_precision, 0.9566
2025-10-01 09:01:30,334 - root - INFO - train roc_auc, 0.9543
2025-10-01 09:01:30,334 - root - INFO - validate loss: 0.3063
2025-10-01 09:01:30,334 - root - INFO - validate average_precision, 0.9494
2025-10-01 09:01:30,334 - root - INFO - validate roc_auc, 0.9435
2025-10-01 09:01:30,334 - root - INFO - new node validate loss: 0.3974
2025-10-01 09:01:30,334 - root - INFO - new node validate average_precision, 0.9130
2025-10-01 09:01:30,335 - root - INFO - new node validate roc_auc, 0.8998
2025-10-01 09:01:36,379 - root - INFO - test loss: 0.3186
2025-10-01 09:01:36,379 - root - INFO - test average_precision, 0.9445
2025-10-01 09:01:36,379 - root - INFO - best test average_precision: 0.9472
2025-10-01 09:01:36,380 - root - INFO - test roc_auc, 0.9389
2025-10-01 09:01:36,380 - root - INFO - new node test loss: 0.3965
2025-10-01 09:01:36,380 - root - INFO - new node test average_precision, 0.9150
2025-10-01 09:01:36,380 - root - INFO - new node test roc_auc, 0.9033
2025-10-01 09:01:59,007 - root - INFO - Epoch: 27, learning rate: 0.0001, train loss: 0.2595
2025-10-01 09:01:59,007 - root - INFO - train average_precision, 0.9588
2025-10-01 09:01:59,007 - root - INFO - train roc_auc, 0.9563
2025-10-01 09:01:59,008 - root - INFO - validate loss: 0.3042
2025-10-01 09:01:59,008 - root - INFO - validate average_precision, 0.9506
2025-10-01 09:01:59,008 - root - INFO - validate roc_auc, 0.9446
2025-10-01 09:01:59,008 - root - INFO - new node validate loss: 0.3983
2025-10-01 09:01:59,008 - root - INFO - new node validate average_precision, 0.9125
2025-10-01 09:01:59,008 - root - INFO - new node validate roc_auc, 0.8995
2025-10-01 09:02:04,969 - root - INFO - test loss: 0.3191
2025-10-01 09:02:04,969 - root - INFO - test average_precision, 0.9446
2025-10-01 09:02:04,969 - root - INFO - best test average_precision: 0.9472
2025-10-01 09:02:04,969 - root - INFO - test roc_auc, 0.9395
2025-10-01 09:02:04,969 - root - INFO - new node test loss: 0.3935
2025-10-01 09:02:04,969 - root - INFO - new node test average_precision, 0.9161
2025-10-01 09:02:04,969 - root - INFO - new node test roc_auc, 0.9055
2025-10-01 09:02:27,469 - root - INFO - Epoch: 28, learning rate: 0.0001, train loss: 0.2563
2025-10-01 09:02:27,470 - root - INFO - train average_precision, 0.9592
2025-10-01 09:02:27,470 - root - INFO - train roc_auc, 0.9573
2025-10-01 09:02:27,470 - root - INFO - validate loss: 0.3023
2025-10-01 09:02:27,470 - root - INFO - validate average_precision, 0.9506
2025-10-01 09:02:27,470 - root - INFO - validate roc_auc, 0.9448
2025-10-01 09:02:27,470 - root - INFO - new node validate loss: 0.3977
2025-10-01 09:02:27,470 - root - INFO - new node validate average_precision, 0.9123
2025-10-01 09:02:27,470 - root - INFO - new node validate roc_auc, 0.8986
2025-10-01 09:02:33,477 - root - INFO - test loss: 0.3240
2025-10-01 09:02:33,478 - root - INFO - test average_precision, 0.9412
2025-10-01 09:02:33,478 - root - INFO - best test average_precision: 0.9472
2025-10-01 09:02:33,478 - root - INFO - test roc_auc, 0.9374
2025-10-01 09:02:33,478 - root - INFO - new node test loss: 0.3996
2025-10-01 09:02:33,478 - root - INFO - new node test average_precision, 0.9120
2025-10-01 09:02:33,478 - root - INFO - new node test roc_auc, 0.9033
2025-10-01 09:02:56,043 - root - INFO - Epoch: 29, learning rate: 0.0001, train loss: 0.2549
2025-10-01 09:02:56,043 - root - INFO - train average_precision, 0.9597
2025-10-01 09:02:56,043 - root - INFO - train roc_auc, 0.9575
2025-10-01 09:02:56,043 - root - INFO - validate loss: 0.2973
2025-10-01 09:02:56,043 - root - INFO - validate average_precision, 0.9521
2025-10-01 09:02:56,043 - root - INFO - validate roc_auc, 0.9463
2025-10-01 09:02:56,044 - root - INFO - new node validate loss: 0.3901
2025-10-01 09:02:56,044 - root - INFO - new node validate average_precision, 0.9174
2025-10-01 09:02:56,044 - root - INFO - new node validate roc_auc, 0.9037
2025-10-01 09:03:02,044 - root - INFO - test loss: 0.3058
2025-10-01 09:03:02,044 - root - INFO - test average_precision, 0.9492
2025-10-01 09:03:02,044 - root - INFO - best test average_precision: 0.9492
2025-10-01 09:03:02,044 - root - INFO - test roc_auc, 0.9444
2025-10-01 09:03:02,044 - root - INFO - new node test loss: 0.3849
2025-10-01 09:03:02,044 - root - INFO - new node test average_precision, 0.9203
2025-10-01 09:03:02,044 - root - INFO - new node test roc_auc, 0.9103
2025-10-01 09:03:02,044 - root - INFO - save model ./saved_models/DyRep/wikipedia/DyRep_seed3/DyRep_seed3.pkl
2025-10-01 09:03:25,934 - root - INFO - Epoch: 30, learning rate: 0.0001, train loss: 0.2519
2025-10-01 09:03:25,934 - root - INFO - train average_precision, 0.9601
2025-10-01 09:03:25,934 - root - INFO - train roc_auc, 0.9583
2025-10-01 09:03:25,934 - root - INFO - validate loss: 0.3053
2025-10-01 09:03:25,934 - root - INFO - validate average_precision, 0.9498
2025-10-01 09:03:25,934 - root - INFO - validate roc_auc, 0.9441
2025-10-01 09:03:25,934 - root - INFO - new node validate loss: 0.3947
2025-10-01 09:03:25,934 - root - INFO - new node validate average_precision, 0.9120
2025-10-01 09:03:25,934 - root - INFO - new node validate roc_auc, 0.9004
2025-10-01 09:03:31,940 - root - INFO - test loss: 0.3255
2025-10-01 09:03:31,941 - root - INFO - test average_precision, 0.9424
2025-10-01 09:03:31,941 - root - INFO - best test average_precision: 0.9492
2025-10-01 09:03:31,941 - root - INFO - test roc_auc, 0.9372
2025-10-01 09:03:31,941 - root - INFO - new node test loss: 0.3976
2025-10-01 09:03:31,941 - root - INFO - new node test average_precision, 0.9152
2025-10-01 09:03:31,941 - root - INFO - new node test roc_auc, 0.9034
2025-10-01 09:03:54,425 - root - INFO - Epoch: 31, learning rate: 0.0001, train loss: 0.2476
2025-10-01 09:03:54,426 - root - INFO - train average_precision, 0.9617
2025-10-01 09:03:54,426 - root - INFO - train roc_auc, 0.9599
2025-10-01 09:03:54,426 - root - INFO - validate loss: 0.2986
2025-10-01 09:03:54,426 - root - INFO - validate average_precision, 0.9519
2025-10-01 09:03:54,426 - root - INFO - validate roc_auc, 0.9470
2025-10-01 09:03:54,426 - root - INFO - new node validate loss: 0.3939
2025-10-01 09:03:54,426 - root - INFO - new node validate average_precision, 0.9129
2025-10-01 09:03:54,426 - root - INFO - new node validate roc_auc, 0.9016
2025-10-01 09:04:00,421 - root - INFO - test loss: 0.3114
2025-10-01 09:04:00,421 - root - INFO - test average_precision, 0.9480
2025-10-01 09:04:00,421 - root - INFO - best test average_precision: 0.9492
2025-10-01 09:04:00,421 - root - INFO - test roc_auc, 0.9434
2025-10-01 09:04:00,421 - root - INFO - new node test loss: 0.3906
2025-10-01 09:04:00,422 - root - INFO - new node test average_precision, 0.9200
2025-10-01 09:04:00,422 - root - INFO - new node test roc_auc, 0.9098
2025-10-01 09:04:23,195 - root - INFO - Epoch: 32, learning rate: 0.0001, train loss: 0.2467
2025-10-01 09:04:23,196 - root - INFO - train average_precision, 0.9615
2025-10-01 09:04:23,196 - root - INFO - train roc_auc, 0.9600
2025-10-01 09:04:23,196 - root - INFO - validate loss: 0.2968
2025-10-01 09:04:23,196 - root - INFO - validate average_precision, 0.9519
2025-10-01 09:04:23,196 - root - INFO - validate roc_auc, 0.9465
2025-10-01 09:04:23,196 - root - INFO - new node validate loss: 0.3895
2025-10-01 09:04:23,196 - root - INFO - new node validate average_precision, 0.9150
2025-10-01 09:04:23,196 - root - INFO - new node validate roc_auc, 0.9025
2025-10-01 09:04:29,369 - root - INFO - test loss: 0.3179
2025-10-01 09:04:29,370 - root - INFO - test average_precision, 0.9453
2025-10-01 09:04:29,370 - root - INFO - best test average_precision: 0.9492
2025-10-01 09:04:29,370 - root - INFO - test roc_auc, 0.9399
2025-10-01 09:04:29,370 - root - INFO - new node test loss: 0.3932
2025-10-01 09:04:29,370 - root - INFO - new node test average_precision, 0.9185
2025-10-01 09:04:29,370 - root - INFO - new node test roc_auc, 0.9066
2025-10-01 09:04:52,224 - root - INFO - Epoch: 33, learning rate: 0.0001, train loss: 0.2426
2025-10-01 09:04:52,224 - root - INFO - train average_precision, 0.9626
2025-10-01 09:04:52,224 - root - INFO - train roc_auc, 0.9612
2025-10-01 09:04:52,224 - root - INFO - validate loss: 0.2967
2025-10-01 09:04:52,224 - root - INFO - validate average_precision, 0.9528
2025-10-01 09:04:52,224 - root - INFO - validate roc_auc, 0.9477
2025-10-01 09:04:52,225 - root - INFO - new node validate loss: 0.3846
2025-10-01 09:04:52,225 - root - INFO - new node validate average_precision, 0.9172
2025-10-01 09:04:52,225 - root - INFO - new node validate roc_auc, 0.9060
2025-10-01 09:04:58,195 - root - INFO - test loss: 0.3059
2025-10-01 09:04:58,195 - root - INFO - test average_precision, 0.9501
2025-10-01 09:04:58,195 - root - INFO - best test average_precision: 0.9501
2025-10-01 09:04:58,195 - root - INFO - test roc_auc, 0.9450
2025-10-01 09:04:58,195 - root - INFO - new node test loss: 0.3807
2025-10-01 09:04:58,195 - root - INFO - new node test average_precision, 0.9230
2025-10-01 09:04:58,195 - root - INFO - new node test roc_auc, 0.9123
2025-10-01 09:04:58,195 - root - INFO - save model ./saved_models/DyRep/wikipedia/DyRep_seed3/DyRep_seed3.pkl
2025-10-01 09:05:22,000 - root - INFO - Epoch: 34, learning rate: 0.0001, train loss: 0.2425
2025-10-01 09:05:22,000 - root - INFO - train average_precision, 0.9626
2025-10-01 09:05:22,001 - root - INFO - train roc_auc, 0.9613
2025-10-01 09:05:22,001 - root - INFO - validate loss: 0.2943
2025-10-01 09:05:22,001 - root - INFO - validate average_precision, 0.9522
2025-10-01 09:05:22,001 - root - INFO - validate roc_auc, 0.9477
2025-10-01 09:05:22,001 - root - INFO - new node validate loss: 0.3950
2025-10-01 09:05:22,001 - root - INFO - new node validate average_precision, 0.9137
2025-10-01 09:05:22,001 - root - INFO - new node validate roc_auc, 0.9023
2025-10-01 09:05:28,027 - root - INFO - test loss: 0.3173
2025-10-01 09:05:28,028 - root - INFO - test average_precision, 0.9454
2025-10-01 09:05:28,028 - root - INFO - best test average_precision: 0.9501
2025-10-01 09:05:28,028 - root - INFO - test roc_auc, 0.9415
2025-10-01 09:05:28,028 - root - INFO - new node test loss: 0.3929
2025-10-01 09:05:28,028 - root - INFO - new node test average_precision, 0.9173
2025-10-01 09:05:28,028 - root - INFO - new node test roc_auc, 0.9084
2025-10-01 09:05:50,574 - root - INFO - Epoch: 35, learning rate: 0.0001, train loss: 0.2402
2025-10-01 09:05:50,574 - root - INFO - train average_precision, 0.9627
2025-10-01 09:05:50,574 - root - INFO - train roc_auc, 0.9619
2025-10-01 09:05:50,575 - root - INFO - validate loss: 0.2989
2025-10-01 09:05:50,575 - root - INFO - validate average_precision, 0.9522
2025-10-01 09:05:50,575 - root - INFO - validate roc_auc, 0.9476
2025-10-01 09:05:50,575 - root - INFO - new node validate loss: 0.3866
2025-10-01 09:05:50,575 - root - INFO - new node validate average_precision, 0.9156
2025-10-01 09:05:50,575 - root - INFO - new node validate roc_auc, 0.9053
2025-10-01 09:05:56,544 - root - INFO - test loss: 0.3031
2025-10-01 09:05:56,544 - root - INFO - test average_precision, 0.9506
2025-10-01 09:05:56,544 - root - INFO - best test average_precision: 0.9506
2025-10-01 09:05:56,544 - root - INFO - test roc_auc, 0.9465
2025-10-01 09:05:56,544 - root - INFO - new node test loss: 0.3847
2025-10-01 09:05:56,544 - root - INFO - new node test average_precision, 0.9219
2025-10-01 09:05:56,544 - root - INFO - new node test roc_auc, 0.9122
2025-10-01 09:06:19,170 - root - INFO - Epoch: 36, learning rate: 0.0001, train loss: 0.2411
2025-10-01 09:06:19,170 - root - INFO - train average_precision, 0.9630
2025-10-01 09:06:19,171 - root - INFO - train roc_auc, 0.9618
2025-10-01 09:06:19,171 - root - INFO - validate loss: 0.2933
2025-10-01 09:06:19,171 - root - INFO - validate average_precision, 0.9532
2025-10-01 09:06:19,171 - root - INFO - validate roc_auc, 0.9485
2025-10-01 09:06:19,171 - root - INFO - new node validate loss: 0.3821
2025-10-01 09:06:19,171 - root - INFO - new node validate average_precision, 0.9175
2025-10-01 09:06:19,171 - root - INFO - new node validate roc_auc, 0.9072
2025-10-01 09:06:25,226 - root - INFO - test loss: 0.3119
2025-10-01 09:06:25,226 - root - INFO - test average_precision, 0.9482
2025-10-01 09:06:25,227 - root - INFO - best test average_precision: 0.9506
2025-10-01 09:06:25,227 - root - INFO - test roc_auc, 0.9432
2025-10-01 09:06:25,227 - root - INFO - new node test loss: 0.3858
2025-10-01 09:06:25,227 - root - INFO - new node test average_precision, 0.9208
2025-10-01 09:06:25,227 - root - INFO - new node test roc_auc, 0.9109
2025-10-01 09:06:25,227 - root - INFO - save model ./saved_models/DyRep/wikipedia/DyRep_seed3/DyRep_seed3.pkl
2025-10-01 09:06:49,222 - root - INFO - Epoch: 37, learning rate: 0.0001, train loss: 0.2412
2025-10-01 09:06:49,222 - root - INFO - train average_precision, 0.9628
2025-10-01 09:06:49,222 - root - INFO - train roc_auc, 0.9618
2025-10-01 09:06:49,222 - root - INFO - validate loss: 0.2992
2025-10-01 09:06:49,222 - root - INFO - validate average_precision, 0.9516
2025-10-01 09:06:49,222 - root - INFO - validate roc_auc, 0.9466
2025-10-01 09:06:49,222 - root - INFO - new node validate loss: 0.3851
2025-10-01 09:06:49,222 - root - INFO - new node validate average_precision, 0.9153
2025-10-01 09:06:49,222 - root - INFO - new node validate roc_auc, 0.9038
2025-10-01 09:06:55,353 - root - INFO - test loss: 0.3144
2025-10-01 09:06:55,353 - root - INFO - test average_precision, 0.9475
2025-10-01 09:06:55,353 - root - INFO - best test average_precision: 0.9506
2025-10-01 09:06:55,353 - root - INFO - test roc_auc, 0.9419
2025-10-01 09:06:55,353 - root - INFO - new node test loss: 0.3852
2025-10-01 09:06:55,353 - root - INFO - new node test average_precision, 0.9202
2025-10-01 09:06:55,353 - root - INFO - new node test roc_auc, 0.9102
2025-10-01 09:07:18,425 - root - INFO - Epoch: 38, learning rate: 0.0001, train loss: 0.2341
2025-10-01 09:07:18,425 - root - INFO - train average_precision, 0.9647
2025-10-01 09:07:18,425 - root - INFO - train roc_auc, 0.9638
2025-10-01 09:07:18,425 - root - INFO - validate loss: 0.2985
2025-10-01 09:07:18,425 - root - INFO - validate average_precision, 0.9514
2025-10-01 09:07:18,425 - root - INFO - validate roc_auc, 0.9468
2025-10-01 09:07:18,425 - root - INFO - new node validate loss: 0.3903
2025-10-01 09:07:18,426 - root - INFO - new node validate average_precision, 0.9140
2025-10-01 09:07:18,426 - root - INFO - new node validate roc_auc, 0.9026
2025-10-01 09:07:24,601 - root - INFO - test loss: 0.3158
2025-10-01 09:07:24,601 - root - INFO - test average_precision, 0.9462
2025-10-01 09:07:24,601 - root - INFO - best test average_precision: 0.9506
2025-10-01 09:07:24,601 - root - INFO - test roc_auc, 0.9421
2025-10-01 09:07:24,601 - root - INFO - new node test loss: 0.3920
2025-10-01 09:07:24,601 - root - INFO - new node test average_precision, 0.9195
2025-10-01 09:07:24,601 - root - INFO - new node test roc_auc, 0.9089
2025-10-01 09:07:47,445 - root - INFO - Epoch: 39, learning rate: 0.0001, train loss: 0.2325
2025-10-01 09:07:47,445 - root - INFO - train average_precision, 0.9649
2025-10-01 09:07:47,445 - root - INFO - train roc_auc, 0.9640
2025-10-01 09:07:47,445 - root - INFO - validate loss: 0.2920
2025-10-01 09:07:47,445 - root - INFO - validate average_precision, 0.9539
2025-10-01 09:07:47,445 - root - INFO - validate roc_auc, 0.9492
2025-10-01 09:07:47,445 - root - INFO - new node validate loss: 0.3909
2025-10-01 09:07:47,445 - root - INFO - new node validate average_precision, 0.9143
2025-10-01 09:07:47,446 - root - INFO - new node validate roc_auc, 0.9035
2025-10-01 09:07:53,559 - root - INFO - test loss: 0.2959
2025-10-01 09:07:53,559 - root - INFO - test average_precision, 0.9530
2025-10-01 09:07:53,559 - root - INFO - best test average_precision: 0.9530
2025-10-01 09:07:53,559 - root - INFO - test roc_auc, 0.9487
2025-10-01 09:07:53,559 - root - INFO - new node test loss: 0.3762
2025-10-01 09:07:53,559 - root - INFO - new node test average_precision, 0.9257
2025-10-01 09:07:53,559 - root - INFO - new node test roc_auc, 0.9167
2025-10-01 09:07:53,559 - root - INFO - save model ./saved_models/DyRep/wikipedia/DyRep_seed3/DyRep_seed3.pkl
2025-10-01 09:08:17,556 - root - INFO - Epoch: 40, learning rate: 0.0001, train loss: 0.2332
2025-10-01 09:08:17,556 - root - INFO - train average_precision, 0.9645
2025-10-01 09:08:17,556 - root - INFO - train roc_auc, 0.9639
2025-10-01 09:08:17,556 - root - INFO - validate loss: 0.3065
2025-10-01 09:08:17,556 - root - INFO - validate average_precision, 0.9505
2025-10-01 09:08:17,556 - root - INFO - validate roc_auc, 0.9462
2025-10-01 09:08:17,556 - root - INFO - new node validate loss: 0.3886
2025-10-01 09:08:17,557 - root - INFO - new node validate average_precision, 0.9152
2025-10-01 09:08:17,557 - root - INFO - new node validate roc_auc, 0.9045
2025-10-01 09:08:23,579 - root - INFO - test loss: 0.3256
2025-10-01 09:08:23,580 - root - INFO - test average_precision, 0.9458
2025-10-01 09:08:23,580 - root - INFO - best test average_precision: 0.9530
2025-10-01 09:08:23,580 - root - INFO - test roc_auc, 0.9411
2025-10-01 09:08:23,580 - root - INFO - new node test loss: 0.3963
2025-10-01 09:08:23,580 - root - INFO - new node test average_precision, 0.9200
2025-10-01 09:08:23,580 - root - INFO - new node test roc_auc, 0.9101
2025-10-01 09:08:46,381 - root - INFO - Epoch: 41, learning rate: 0.0001, train loss: 0.2307
2025-10-01 09:08:46,381 - root - INFO - train average_precision, 0.9652
2025-10-01 09:08:46,381 - root - INFO - train roc_auc, 0.9648
2025-10-01 09:08:46,381 - root - INFO - validate loss: 0.2944
2025-10-01 09:08:46,381 - root - INFO - validate average_precision, 0.9529
2025-10-01 09:08:46,381 - root - INFO - validate roc_auc, 0.9486
2025-10-01 09:08:46,381 - root - INFO - new node validate loss: 0.3869
2025-10-01 09:08:46,381 - root - INFO - new node validate average_precision, 0.9158
2025-10-01 09:08:46,381 - root - INFO - new node validate roc_auc, 0.9048
2025-10-01 09:08:52,446 - root - INFO - test loss: 0.3004
2025-10-01 09:08:52,447 - root - INFO - test average_precision, 0.9517
2025-10-01 09:08:52,447 - root - INFO - best test average_precision: 0.9530
2025-10-01 09:08:52,447 - root - INFO - test roc_auc, 0.9475
2025-10-01 09:08:52,447 - root - INFO - new node test loss: 0.3716
2025-10-01 09:08:52,447 - root - INFO - new node test average_precision, 0.9271
2025-10-01 09:08:52,447 - root - INFO - new node test roc_auc, 0.9183
2025-10-01 09:09:15,005 - root - INFO - Epoch: 42, learning rate: 0.0001, train loss: 0.2272
2025-10-01 09:09:15,005 - root - INFO - train average_precision, 0.9666
2025-10-01 09:09:15,005 - root - INFO - train roc_auc, 0.9657
2025-10-01 09:09:15,005 - root - INFO - validate loss: 0.2938
2025-10-01 09:09:15,005 - root - INFO - validate average_precision, 0.9539
2025-10-01 09:09:15,005 - root - INFO - validate roc_auc, 0.9490
2025-10-01 09:09:15,005 - root - INFO - new node validate loss: 0.3824
2025-10-01 09:09:15,005 - root - INFO - new node validate average_precision, 0.9162
2025-10-01 09:09:15,005 - root - INFO - new node validate roc_auc, 0.9058
2025-10-01 09:09:20,979 - root - INFO - test loss: 0.3028
2025-10-01 09:09:20,979 - root - INFO - test average_precision, 0.9512
2025-10-01 09:09:20,979 - root - INFO - best test average_precision: 0.9530
2025-10-01 09:09:20,979 - root - INFO - test roc_auc, 0.9469
2025-10-01 09:09:20,980 - root - INFO - new node test loss: 0.3723
2025-10-01 09:09:20,980 - root - INFO - new node test average_precision, 0.9274
2025-10-01 09:09:20,980 - root - INFO - new node test roc_auc, 0.9183
2025-10-01 09:09:43,776 - root - INFO - Epoch: 43, learning rate: 0.0001, train loss: 0.2292
2025-10-01 09:09:43,776 - root - INFO - train average_precision, 0.9658
2025-10-01 09:09:43,776 - root - INFO - train roc_auc, 0.9652
2025-10-01 09:09:43,776 - root - INFO - validate loss: 0.2957
2025-10-01 09:09:43,776 - root - INFO - validate average_precision, 0.9526
2025-10-01 09:09:43,776 - root - INFO - validate roc_auc, 0.9478
2025-10-01 09:09:43,777 - root - INFO - new node validate loss: 0.3884
2025-10-01 09:09:43,777 - root - INFO - new node validate average_precision, 0.9142
2025-10-01 09:09:43,777 - root - INFO - new node validate roc_auc, 0.9035
2025-10-01 09:09:49,858 - root - INFO - test loss: 0.3050
2025-10-01 09:09:49,858 - root - INFO - test average_precision, 0.9498
2025-10-01 09:09:49,858 - root - INFO - best test average_precision: 0.9530
2025-10-01 09:09:49,858 - root - INFO - test roc_auc, 0.9452
2025-10-01 09:09:49,858 - root - INFO - new node test loss: 0.3787
2025-10-01 09:09:49,858 - root - INFO - new node test average_precision, 0.9242
2025-10-01 09:09:49,858 - root - INFO - new node test roc_auc, 0.9144
2025-10-01 09:10:12,785 - root - INFO - Epoch: 44, learning rate: 0.0001, train loss: 0.2271
2025-10-01 09:10:12,785 - root - INFO - train average_precision, 0.9665
2025-10-01 09:10:12,785 - root - INFO - train roc_auc, 0.9660
2025-10-01 09:10:12,785 - root - INFO - validate loss: 0.2916
2025-10-01 09:10:12,785 - root - INFO - validate average_precision, 0.9539
2025-10-01 09:10:12,785 - root - INFO - validate roc_auc, 0.9498
2025-10-01 09:10:12,786 - root - INFO - new node validate loss: 0.3831
2025-10-01 09:10:12,786 - root - INFO - new node validate average_precision, 0.9182
2025-10-01 09:10:12,786 - root - INFO - new node validate roc_auc, 0.9075
2025-10-01 09:10:18,857 - root - INFO - test loss: 0.3025
2025-10-01 09:10:18,857 - root - INFO - test average_precision, 0.9516
2025-10-01 09:10:18,857 - root - INFO - best test average_precision: 0.9530
2025-10-01 09:10:18,857 - root - INFO - test roc_auc, 0.9470
2025-10-01 09:10:18,857 - root - INFO - new node test loss: 0.3769
2025-10-01 09:10:18,858 - root - INFO - new node test average_precision, 0.9268
2025-10-01 09:10:18,858 - root - INFO - new node test roc_auc, 0.9176
2025-10-01 09:10:41,441 - root - INFO - Epoch: 45, learning rate: 0.0001, train loss: 0.2238
2025-10-01 09:10:41,442 - root - INFO - train average_precision, 0.9670
2025-10-01 09:10:41,442 - root - INFO - train roc_auc, 0.9667
2025-10-01 09:10:41,442 - root - INFO - validate loss: 0.3023
2025-10-01 09:10:41,442 - root - INFO - validate average_precision, 0.9511
2025-10-01 09:10:41,442 - root - INFO - validate roc_auc, 0.9467
2025-10-01 09:10:41,442 - root - INFO - new node validate loss: 0.3887
2025-10-01 09:10:41,442 - root - INFO - new node validate average_precision, 0.9147
2025-10-01 09:10:41,442 - root - INFO - new node validate roc_auc, 0.9034
2025-10-01 09:10:47,410 - root - INFO - test loss: 0.3192
2025-10-01 09:10:47,410 - root - INFO - test average_precision, 0.9456
2025-10-01 09:10:47,410 - root - INFO - best test average_precision: 0.9530
2025-10-01 09:10:47,410 - root - INFO - test roc_auc, 0.9412
2025-10-01 09:10:47,411 - root - INFO - new node test loss: 0.3851
2025-10-01 09:10:47,411 - root - INFO - new node test average_precision, 0.9228
2025-10-01 09:10:47,411 - root - INFO - new node test roc_auc, 0.9125
2025-10-01 09:11:10,177 - root - INFO - Epoch: 46, learning rate: 0.0001, train loss: 0.2230
2025-10-01 09:11:10,177 - root - INFO - train average_precision, 0.9671
2025-10-01 09:11:10,177 - root - INFO - train roc_auc, 0.9669
2025-10-01 09:11:10,177 - root - INFO - validate loss: 0.2998
2025-10-01 09:11:10,178 - root - INFO - validate average_precision, 0.9520
2025-10-01 09:11:10,178 - root - INFO - validate roc_auc, 0.9472
2025-10-01 09:11:10,178 - root - INFO - new node validate loss: 0.3882
2025-10-01 09:11:10,178 - root - INFO - new node validate average_precision, 0.9164
2025-10-01 09:11:10,178 - root - INFO - new node validate roc_auc, 0.9053
2025-10-01 09:11:16,225 - root - INFO - test loss: 0.3128
2025-10-01 09:11:16,225 - root - INFO - test average_precision, 0.9480
2025-10-01 09:11:16,225 - root - INFO - best test average_precision: 0.9530
2025-10-01 09:11:16,225 - root - INFO - test roc_auc, 0.9431
2025-10-01 09:11:16,225 - root - INFO - new node test loss: 0.3821
2025-10-01 09:11:16,225 - root - INFO - new node test average_precision, 0.9238
2025-10-01 09:11:16,225 - root - INFO - new node test roc_auc, 0.9146
2025-10-01 09:11:39,249 - root - INFO - Epoch: 47, learning rate: 0.0001, train loss: 0.2184
2025-10-01 09:11:39,249 - root - INFO - train average_precision, 0.9680
2025-10-01 09:11:39,249 - root - INFO - train roc_auc, 0.9679
2025-10-01 09:11:39,250 - root - INFO - validate loss: 0.2999
2025-10-01 09:11:39,250 - root - INFO - validate average_precision, 0.9531
2025-10-01 09:11:39,250 - root - INFO - validate roc_auc, 0.9489
2025-10-01 09:11:39,250 - root - INFO - new node validate loss: 0.3871
2025-10-01 09:11:39,250 - root - INFO - new node validate average_precision, 0.9175
2025-10-01 09:11:39,250 - root - INFO - new node validate roc_auc, 0.9073
2025-10-01 09:11:45,403 - root - INFO - test loss: 0.3077
2025-10-01 09:11:45,403 - root - INFO - test average_precision, 0.9517
2025-10-01 09:11:45,403 - root - INFO - best test average_precision: 0.9530
2025-10-01 09:11:45,403 - root - INFO - test roc_auc, 0.9469
2025-10-01 09:11:45,403 - root - INFO - new node test loss: 0.3724
2025-10-01 09:11:45,403 - root - INFO - new node test average_precision, 0.9285
2025-10-01 09:11:45,403 - root - INFO - new node test roc_auc, 0.9204
2025-10-01 09:12:08,410 - root - INFO - Epoch: 48, learning rate: 0.0001, train loss: 0.2199
2025-10-01 09:12:08,410 - root - INFO - train average_precision, 0.9679
2025-10-01 09:12:08,410 - root - INFO - train roc_auc, 0.9675
2025-10-01 09:12:08,410 - root - INFO - validate loss: 0.2923
2025-10-01 09:12:08,410 - root - INFO - validate average_precision, 0.9543
2025-10-01 09:12:08,411 - root - INFO - validate roc_auc, 0.9499
2025-10-01 09:12:08,411 - root - INFO - new node validate loss: 0.3847
2025-10-01 09:12:08,411 - root - INFO - new node validate average_precision, 0.9173
2025-10-01 09:12:08,411 - root - INFO - new node validate roc_auc, 0.9068
2025-10-01 09:12:14,553 - root - INFO - test loss: 0.3040
2025-10-01 09:12:14,553 - root - INFO - test average_precision, 0.9521
2025-10-01 09:12:14,553 - root - INFO - best test average_precision: 0.9530
2025-10-01 09:12:14,553 - root - INFO - test roc_auc, 0.9473
2025-10-01 09:12:14,553 - root - INFO - new node test loss: 0.3649
2025-10-01 09:12:14,553 - root - INFO - new node test average_precision, 0.9304
2025-10-01 09:12:14,553 - root - INFO - new node test roc_auc, 0.9219
2025-10-01 09:12:14,554 - root - INFO - save model ./saved_models/DyRep/wikipedia/DyRep_seed3/DyRep_seed3.pkl
2025-10-01 09:12:38,902 - root - INFO - Epoch: 49, learning rate: 0.0001, train loss: 0.2186
2025-10-01 09:12:38,902 - root - INFO - train average_precision, 0.9683
2025-10-01 09:12:38,902 - root - INFO - train roc_auc, 0.9678
2025-10-01 09:12:38,902 - root - INFO - validate loss: 0.2962
2025-10-01 09:12:38,902 - root - INFO - validate average_precision, 0.9527
2025-10-01 09:12:38,902 - root - INFO - validate roc_auc, 0.9481
2025-10-01 09:12:38,902 - root - INFO - new node validate loss: 0.3871
2025-10-01 09:12:38,902 - root - INFO - new node validate average_precision, 0.9158
2025-10-01 09:12:38,902 - root - INFO - new node validate roc_auc, 0.9044
2025-10-01 09:12:45,056 - root - INFO - test loss: 0.3033
2025-10-01 09:12:45,056 - root - INFO - test average_precision, 0.9507
2025-10-01 09:12:45,056 - root - INFO - best test average_precision: 0.9530
2025-10-01 09:12:45,056 - root - INFO - test roc_auc, 0.9461
2025-10-01 09:12:45,056 - root - INFO - new node test loss: 0.3720
2025-10-01 09:12:45,056 - root - INFO - new node test average_precision, 0.9268
2025-10-01 09:12:45,056 - root - INFO - new node test roc_auc, 0.9176
2025-10-01 09:13:07,978 - root - INFO - Epoch: 50, learning rate: 0.0001, train loss: 0.2172
2025-10-01 09:13:07,978 - root - INFO - train average_precision, 0.9685
2025-10-01 09:13:07,979 - root - INFO - train roc_auc, 0.9684
2025-10-01 09:13:07,979 - root - INFO - validate loss: 0.2981
2025-10-01 09:13:07,979 - root - INFO - validate average_precision, 0.9524
2025-10-01 09:13:07,979 - root - INFO - validate roc_auc, 0.9481
2025-10-01 09:13:07,979 - root - INFO - new node validate loss: 0.3945
2025-10-01 09:13:07,979 - root - INFO - new node validate average_precision, 0.9145
2025-10-01 09:13:07,979 - root - INFO - new node validate roc_auc, 0.9027
2025-10-01 09:13:14,107 - root - INFO - test loss: 0.3059
2025-10-01 09:13:14,107 - root - INFO - test average_precision, 0.9499
2025-10-01 09:13:14,107 - root - INFO - best test average_precision: 0.9530
2025-10-01 09:13:14,108 - root - INFO - test roc_auc, 0.9456
2025-10-01 09:13:14,108 - root - INFO - new node test loss: 0.3741
2025-10-01 09:13:14,108 - root - INFO - new node test average_precision, 0.9259
2025-10-01 09:13:14,108 - root - INFO - new node test roc_auc, 0.9164
2025-10-01 09:13:37,219 - root - INFO - Epoch: 51, learning rate: 0.0001, train loss: 0.2127
2025-10-01 09:13:37,220 - root - INFO - train average_precision, 0.9694
2025-10-01 09:13:37,220 - root - INFO - train roc_auc, 0.9693
2025-10-01 09:13:37,220 - root - INFO - validate loss: 0.2972
2025-10-01 09:13:37,220 - root - INFO - validate average_precision, 0.9533
2025-10-01 09:13:37,220 - root - INFO - validate roc_auc, 0.9487
2025-10-01 09:13:37,220 - root - INFO - new node validate loss: 0.3874
2025-10-01 09:13:37,220 - root - INFO - new node validate average_precision, 0.9175
2025-10-01 09:13:37,220 - root - INFO - new node validate roc_auc, 0.9068
2025-10-01 09:13:43,318 - root - INFO - test loss: 0.3030
2025-10-01 09:13:43,318 - root - INFO - test average_precision, 0.9510
2025-10-01 09:13:43,319 - root - INFO - best test average_precision: 0.9530
2025-10-01 09:13:43,319 - root - INFO - test roc_auc, 0.9468
2025-10-01 09:13:43,319 - root - INFO - new node test loss: 0.3684
2025-10-01 09:13:43,319 - root - INFO - new node test average_precision, 0.9291
2025-10-01 09:13:43,319 - root - INFO - new node test roc_auc, 0.9200
2025-10-01 09:14:06,219 - root - INFO - Epoch: 52, learning rate: 0.0001, train loss: 0.2121
2025-10-01 09:14:06,219 - root - INFO - train average_precision, 0.9695
2025-10-01 09:14:06,220 - root - INFO - train roc_auc, 0.9696
2025-10-01 09:14:06,220 - root - INFO - validate loss: 0.2939
2025-10-01 09:14:06,220 - root - INFO - validate average_precision, 0.9532
2025-10-01 09:14:06,220 - root - INFO - validate roc_auc, 0.9490
2025-10-01 09:14:06,220 - root - INFO - new node validate loss: 0.3911
2025-10-01 09:14:06,220 - root - INFO - new node validate average_precision, 0.9164
2025-10-01 09:14:06,220 - root - INFO - new node validate roc_auc, 0.9049
2025-10-01 09:14:12,235 - root - INFO - test loss: 0.3042
2025-10-01 09:14:12,235 - root - INFO - test average_precision, 0.9511
2025-10-01 09:14:12,235 - root - INFO - best test average_precision: 0.9530
2025-10-01 09:14:12,235 - root - INFO - test roc_auc, 0.9469
2025-10-01 09:14:12,235 - root - INFO - new node test loss: 0.3753
2025-10-01 09:14:12,235 - root - INFO - new node test average_precision, 0.9266
2025-10-01 09:14:12,235 - root - INFO - new node test roc_auc, 0.9178
2025-10-01 09:14:34,886 - root - INFO - Epoch: 53, learning rate: 0.0001, train loss: 0.2118
2025-10-01 09:14:34,886 - root - INFO - train average_precision, 0.9698
2025-10-01 09:14:34,887 - root - INFO - train roc_auc, 0.9697
2025-10-01 09:14:34,887 - root - INFO - validate loss: 0.2996
2025-10-01 09:14:34,887 - root - INFO - validate average_precision, 0.9522
2025-10-01 09:14:34,887 - root - INFO - validate roc_auc, 0.9476
2025-10-01 09:14:34,887 - root - INFO - new node validate loss: 0.3988
2025-10-01 09:14:34,887 - root - INFO - new node validate average_precision, 0.9137
2025-10-01 09:14:34,887 - root - INFO - new node validate roc_auc, 0.9015
2025-10-01 09:14:40,978 - root - INFO - test loss: 0.3088
2025-10-01 09:14:40,979 - root - INFO - test average_precision, 0.9486
2025-10-01 09:14:40,979 - root - INFO - best test average_precision: 0.9530
2025-10-01 09:14:40,979 - root - INFO - test roc_auc, 0.9446
2025-10-01 09:14:40,979 - root - INFO - new node test loss: 0.3825
2025-10-01 09:14:40,979 - root - INFO - new node test average_precision, 0.9231
2025-10-01 09:14:40,979 - root - INFO - new node test roc_auc, 0.9137
2025-10-01 09:15:03,878 - root - INFO - Epoch: 54, learning rate: 0.0001, train loss: 0.2090
2025-10-01 09:15:03,878 - root - INFO - train average_precision, 0.9701
2025-10-01 09:15:03,878 - root - INFO - train roc_auc, 0.9703
2025-10-01 09:15:03,878 - root - INFO - validate loss: 0.2952
2025-10-01 09:15:03,878 - root - INFO - validate average_precision, 0.9532
2025-10-01 09:15:03,878 - root - INFO - validate roc_auc, 0.9490
2025-10-01 09:15:03,878 - root - INFO - new node validate loss: 0.3962
2025-10-01 09:15:03,878 - root - INFO - new node validate average_precision, 0.9136
2025-10-01 09:15:03,878 - root - INFO - new node validate roc_auc, 0.9019
2025-10-01 09:15:09,913 - root - INFO - test loss: 0.3031
2025-10-01 09:15:09,913 - root - INFO - test average_precision, 0.9502
2025-10-01 09:15:09,913 - root - INFO - best test average_precision: 0.9530
2025-10-01 09:15:09,914 - root - INFO - test roc_auc, 0.9465
2025-10-01 09:15:09,914 - root - INFO - new node test loss: 0.3715
2025-10-01 09:15:09,914 - root - INFO - new node test average_precision, 0.9275
2025-10-01 09:15:09,914 - root - INFO - new node test roc_auc, 0.9194
2025-10-01 09:15:32,633 - root - INFO - Epoch: 55, learning rate: 0.0001, train loss: 0.2073
2025-10-01 09:15:32,633 - root - INFO - train average_precision, 0.9708
2025-10-01 09:15:32,633 - root - INFO - train roc_auc, 0.9710
2025-10-01 09:15:32,633 - root - INFO - validate loss: 0.2946
2025-10-01 09:15:32,633 - root - INFO - validate average_precision, 0.9540
2025-10-01 09:15:32,634 - root - INFO - validate roc_auc, 0.9499
2025-10-01 09:15:32,634 - root - INFO - new node validate loss: 0.3922
2025-10-01 09:15:32,634 - root - INFO - new node validate average_precision, 0.9172
2025-10-01 09:15:32,634 - root - INFO - new node validate roc_auc, 0.9059
2025-10-01 09:15:38,701 - root - INFO - test loss: 0.3108
2025-10-01 09:15:38,701 - root - INFO - test average_precision, 0.9503
2025-10-01 09:15:38,701 - root - INFO - best test average_precision: 0.9530
2025-10-01 09:15:38,701 - root - INFO - test roc_auc, 0.9453
2025-10-01 09:15:38,701 - root - INFO - new node test loss: 0.3765
2025-10-01 09:15:38,701 - root - INFO - new node test average_precision, 0.9278
2025-10-01 09:15:38,701 - root - INFO - new node test roc_auc, 0.9186
2025-10-01 09:16:01,749 - root - INFO - Epoch: 56, learning rate: 0.0001, train loss: 0.2080
2025-10-01 09:16:01,749 - root - INFO - train average_precision, 0.9703
2025-10-01 09:16:01,749 - root - INFO - train roc_auc, 0.9707
2025-10-01 09:16:01,750 - root - INFO - validate loss: 0.3053
2025-10-01 09:16:01,750 - root - INFO - validate average_precision, 0.9524
2025-10-01 09:16:01,750 - root - INFO - validate roc_auc, 0.9483
2025-10-01 09:16:01,750 - root - INFO - new node validate loss: 0.4013
2025-10-01 09:16:01,750 - root - INFO - new node validate average_precision, 0.9143
2025-10-01 09:16:01,750 - root - INFO - new node validate roc_auc, 0.9034
2025-10-01 09:16:07,839 - root - INFO - test loss: 0.3088
2025-10-01 09:16:07,839 - root - INFO - test average_precision, 0.9514
2025-10-01 09:16:07,840 - root - INFO - best test average_precision: 0.9530
2025-10-01 09:16:07,840 - root - INFO - test roc_auc, 0.9470
2025-10-01 09:16:07,840 - root - INFO - new node test loss: 0.3853
2025-10-01 09:16:07,840 - root - INFO - new node test average_precision, 0.9241
2025-10-01 09:16:07,840 - root - INFO - new node test roc_auc, 0.9151
2025-10-01 09:16:30,396 - root - INFO - Epoch: 57, learning rate: 0.0001, train loss: 0.2053
2025-10-01 09:16:30,396 - root - INFO - train average_precision, 0.9710
2025-10-01 09:16:30,396 - root - INFO - train roc_auc, 0.9714
2025-10-01 09:16:30,396 - root - INFO - validate loss: 0.2965
2025-10-01 09:16:30,396 - root - INFO - validate average_precision, 0.9527
2025-10-01 09:16:30,397 - root - INFO - validate roc_auc, 0.9487
2025-10-01 09:16:30,397 - root - INFO - new node validate loss: 0.3943
2025-10-01 09:16:30,397 - root - INFO - new node validate average_precision, 0.9150
2025-10-01 09:16:30,397 - root - INFO - new node validate roc_auc, 0.9026
2025-10-01 09:16:36,435 - root - INFO - test loss: 0.3054
2025-10-01 09:16:36,435 - root - INFO - test average_precision, 0.9505
2025-10-01 09:16:36,435 - root - INFO - best test average_precision: 0.9530
2025-10-01 09:16:36,435 - root - INFO - test roc_auc, 0.9461
2025-10-01 09:16:36,435 - root - INFO - new node test loss: 0.3819
2025-10-01 09:16:36,435 - root - INFO - new node test average_precision, 0.9240
2025-10-01 09:16:36,435 - root - INFO - new node test roc_auc, 0.9154
2025-10-01 09:16:59,123 - root - INFO - Epoch: 58, learning rate: 0.0001, train loss: 0.2072
2025-10-01 09:16:59,123 - root - INFO - train average_precision, 0.9707
2025-10-01 09:16:59,123 - root - INFO - train roc_auc, 0.9709
2025-10-01 09:16:59,123 - root - INFO - validate loss: 0.3045
2025-10-01 09:16:59,123 - root - INFO - validate average_precision, 0.9522
2025-10-01 09:16:59,123 - root - INFO - validate roc_auc, 0.9474
2025-10-01 09:16:59,123 - root - INFO - new node validate loss: 0.3996
2025-10-01 09:16:59,124 - root - INFO - new node validate average_precision, 0.9153
2025-10-01 09:16:59,124 - root - INFO - new node validate roc_auc, 0.9034
2025-10-01 09:17:05,179 - root - INFO - test loss: 0.3146
2025-10-01 09:17:05,179 - root - INFO - test average_precision, 0.9494
2025-10-01 09:17:05,179 - root - INFO - best test average_precision: 0.9530
2025-10-01 09:17:05,179 - root - INFO - test roc_auc, 0.9444
2025-10-01 09:17:05,179 - root - INFO - new node test loss: 0.3819
2025-10-01 09:17:05,179 - root - INFO - new node test average_precision, 0.9263
2025-10-01 09:17:05,179 - root - INFO - new node test roc_auc, 0.9166
2025-10-01 09:17:27,882 - root - INFO - Epoch: 59, learning rate: 0.0001, train loss: 0.2057
2025-10-01 09:17:27,882 - root - INFO - train average_precision, 0.9713
2025-10-01 09:17:27,882 - root - INFO - train roc_auc, 0.9713
2025-10-01 09:17:27,882 - root - INFO - validate loss: 0.3011
2025-10-01 09:17:27,882 - root - INFO - validate average_precision, 0.9521
2025-10-01 09:17:27,882 - root - INFO - validate roc_auc, 0.9478
2025-10-01 09:17:27,882 - root - INFO - new node validate loss: 0.3956
2025-10-01 09:17:27,882 - root - INFO - new node validate average_precision, 0.9152
2025-10-01 09:17:27,883 - root - INFO - new node validate roc_auc, 0.9039
2025-10-01 09:17:33,910 - root - INFO - test loss: 0.3127
2025-10-01 09:17:33,910 - root - INFO - test average_precision, 0.9491
2025-10-01 09:17:33,910 - root - INFO - best test average_precision: 0.9530
2025-10-01 09:17:33,910 - root - INFO - test roc_auc, 0.9443
2025-10-01 09:17:33,910 - root - INFO - new node test loss: 0.3846
2025-10-01 09:17:33,910 - root - INFO - new node test average_precision, 0.9252
2025-10-01 09:17:33,910 - root - INFO - new node test roc_auc, 0.9152
2025-10-01 09:17:56,475 - root - INFO - Epoch: 60, learning rate: 0.0001, train loss: 0.2015
2025-10-01 09:17:56,477 - root - INFO - train average_precision, 0.9718
2025-10-01 09:17:56,477 - root - INFO - train roc_auc, 0.9722
2025-10-01 09:17:56,477 - root - INFO - validate loss: 0.3030
2025-10-01 09:17:56,477 - root - INFO - validate average_precision, 0.9528
2025-10-01 09:17:56,477 - root - INFO - validate roc_auc, 0.9484
2025-10-01 09:17:56,477 - root - INFO - new node validate loss: 0.4026
2025-10-01 09:17:56,477 - root - INFO - new node validate average_precision, 0.9142
2025-10-01 09:17:56,478 - root - INFO - new node validate roc_auc, 0.9016
2025-10-01 09:18:02,501 - root - INFO - test loss: 0.3080
2025-10-01 09:18:02,501 - root - INFO - test average_precision, 0.9512
2025-10-01 09:18:02,501 - root - INFO - best test average_precision: 0.9530
2025-10-01 09:18:02,501 - root - INFO - test roc_auc, 0.9468
2025-10-01 09:18:02,502 - root - INFO - new node test loss: 0.3730
2025-10-01 09:18:02,502 - root - INFO - new node test average_precision, 0.9279
2025-10-01 09:18:02,502 - root - INFO - new node test roc_auc, 0.9191
2025-10-01 09:18:25,092 - root - INFO - Epoch: 61, learning rate: 0.0001, train loss: 0.2021
2025-10-01 09:18:25,093 - root - INFO - train average_precision, 0.9716
2025-10-01 09:18:25,093 - root - INFO - train roc_auc, 0.9722
2025-10-01 09:18:25,093 - root - INFO - validate loss: 0.2997
2025-10-01 09:18:25,093 - root - INFO - validate average_precision, 0.9549
2025-10-01 09:18:25,093 - root - INFO - validate roc_auc, 0.9508
2025-10-01 09:18:25,093 - root - INFO - new node validate loss: 0.3905
2025-10-01 09:18:25,093 - root - INFO - new node validate average_precision, 0.9179
2025-10-01 09:18:25,093 - root - INFO - new node validate roc_auc, 0.9078
2025-10-01 09:18:31,091 - root - INFO - test loss: 0.3062
2025-10-01 09:18:31,091 - root - INFO - test average_precision, 0.9532
2025-10-01 09:18:31,091 - root - INFO - best test average_precision: 0.9532
2025-10-01 09:18:31,091 - root - INFO - test roc_auc, 0.9491
2025-10-01 09:18:31,091 - root - INFO - new node test loss: 0.3612
2025-10-01 09:18:31,091 - root - INFO - new node test average_precision, 0.9337
2025-10-01 09:18:31,091 - root - INFO - new node test roc_auc, 0.9255
2025-10-01 09:18:31,092 - root - INFO - save model ./saved_models/DyRep/wikipedia/DyRep_seed3/DyRep_seed3.pkl
2025-10-01 09:18:55,366 - root - INFO - Epoch: 62, learning rate: 0.0001, train loss: 0.1985
2025-10-01 09:18:55,366 - root - INFO - train average_precision, 0.9723
2025-10-01 09:18:55,366 - root - INFO - train roc_auc, 0.9729
2025-10-01 09:18:55,366 - root - INFO - validate loss: 0.3004
2025-10-01 09:18:55,366 - root - INFO - validate average_precision, 0.9532
2025-10-01 09:18:55,366 - root - INFO - validate roc_auc, 0.9494
2025-10-01 09:18:55,366 - root - INFO - new node validate loss: 0.3982
2025-10-01 09:18:55,366 - root - INFO - new node validate average_precision, 0.9156
2025-10-01 09:18:55,366 - root - INFO - new node validate roc_auc, 0.9039
2025-10-01 09:19:01,505 - root - INFO - test loss: 0.3107
2025-10-01 09:19:01,505 - root - INFO - test average_precision, 0.9503
2025-10-01 09:19:01,505 - root - INFO - best test average_precision: 0.9532
2025-10-01 09:19:01,505 - root - INFO - test roc_auc, 0.9463
2025-10-01 09:19:01,505 - root - INFO - new node test loss: 0.3849
2025-10-01 09:19:01,505 - root - INFO - new node test average_precision, 0.9261
2025-10-01 09:19:01,505 - root - INFO - new node test roc_auc, 0.9163
2025-10-01 09:19:24,128 - root - INFO - Epoch: 63, learning rate: 0.0001, train loss: 0.1967
2025-10-01 09:19:24,128 - root - INFO - train average_precision, 0.9730
2025-10-01 09:19:24,128 - root - INFO - train roc_auc, 0.9735
2025-10-01 09:19:24,128 - root - INFO - validate loss: 0.3061
2025-10-01 09:19:24,128 - root - INFO - validate average_precision, 0.9517
2025-10-01 09:19:24,128 - root - INFO - validate roc_auc, 0.9474
2025-10-01 09:19:24,128 - root - INFO - new node validate loss: 0.4012
2025-10-01 09:19:24,128 - root - INFO - new node validate average_precision, 0.9149
2025-10-01 09:19:24,128 - root - INFO - new node validate roc_auc, 0.9032
2025-10-01 09:19:30,154 - root - INFO - test loss: 0.3195
2025-10-01 09:19:30,154 - root - INFO - test average_precision, 0.9477
2025-10-01 09:19:30,154 - root - INFO - best test average_precision: 0.9532
2025-10-01 09:19:30,154 - root - INFO - test roc_auc, 0.9432
2025-10-01 09:19:30,155 - root - INFO - new node test loss: 0.3874
2025-10-01 09:19:30,155 - root - INFO - new node test average_precision, 0.9247
2025-10-01 09:19:30,155 - root - INFO - new node test roc_auc, 0.9149
2025-10-01 09:19:52,732 - root - INFO - Epoch: 64, learning rate: 0.0001, train loss: 0.1974
2025-10-01 09:19:52,732 - root - INFO - train average_precision, 0.9724
2025-10-01 09:19:52,732 - root - INFO - train roc_auc, 0.9732
2025-10-01 09:19:52,732 - root - INFO - validate loss: 0.3028
2025-10-01 09:19:52,732 - root - INFO - validate average_precision, 0.9532
2025-10-01 09:19:52,733 - root - INFO - validate roc_auc, 0.9484
2025-10-01 09:19:52,733 - root - INFO - new node validate loss: 0.3940
2025-10-01 09:19:52,733 - root - INFO - new node validate average_precision, 0.9162
2025-10-01 09:19:52,733 - root - INFO - new node validate roc_auc, 0.9046
2025-10-01 09:19:58,720 - root - INFO - test loss: 0.3078
2025-10-01 09:19:58,721 - root - INFO - test average_precision, 0.9515
2025-10-01 09:19:58,721 - root - INFO - best test average_precision: 0.9532
2025-10-01 09:19:58,721 - root - INFO - test roc_auc, 0.9468
2025-10-01 09:19:58,721 - root - INFO - new node test loss: 0.3773
2025-10-01 09:19:58,721 - root - INFO - new node test average_precision, 0.9286
2025-10-01 09:19:58,721 - root - INFO - new node test roc_auc, 0.9190
2025-10-01 09:20:21,456 - root - INFO - Epoch: 65, learning rate: 0.0001, train loss: 0.1999
2025-10-01 09:20:21,456 - root - INFO - train average_precision, 0.9721
2025-10-01 09:20:21,456 - root - INFO - train roc_auc, 0.9727
2025-10-01 09:20:21,457 - root - INFO - validate loss: 0.3076
2025-10-01 09:20:21,457 - root - INFO - validate average_precision, 0.9507
2025-10-01 09:20:21,457 - root - INFO - validate roc_auc, 0.9469
2025-10-01 09:20:21,457 - root - INFO - new node validate loss: 0.4028
2025-10-01 09:20:21,457 - root - INFO - new node validate average_precision, 0.9131
2025-10-01 09:20:21,457 - root - INFO - new node validate roc_auc, 0.9015
2025-10-01 09:20:27,425 - root - INFO - test loss: 0.3145
2025-10-01 09:20:27,425 - root - INFO - test average_precision, 0.9485
2025-10-01 09:20:27,426 - root - INFO - best test average_precision: 0.9532
2025-10-01 09:20:27,426 - root - INFO - test roc_auc, 0.9444
2025-10-01 09:20:27,426 - root - INFO - new node test loss: 0.3910
2025-10-01 09:20:27,426 - root - INFO - new node test average_precision, 0.9238
2025-10-01 09:20:27,426 - root - INFO - new node test roc_auc, 0.9135
2025-10-01 09:20:50,171 - root - INFO - Epoch: 66, learning rate: 0.0001, train loss: 0.1972
2025-10-01 09:20:50,171 - root - INFO - train average_precision, 0.9725
2025-10-01 09:20:50,171 - root - INFO - train roc_auc, 0.9732
2025-10-01 09:20:50,171 - root - INFO - validate loss: 0.3084
2025-10-01 09:20:50,172 - root - INFO - validate average_precision, 0.9517
2025-10-01 09:20:50,172 - root - INFO - validate roc_auc, 0.9477
2025-10-01 09:20:50,172 - root - INFO - new node validate loss: 0.4010
2025-10-01 09:20:50,172 - root - INFO - new node validate average_precision, 0.9154
2025-10-01 09:20:50,172 - root - INFO - new node validate roc_auc, 0.9038
2025-10-01 09:20:56,293 - root - INFO - test loss: 0.3262
2025-10-01 09:20:56,293 - root - INFO - test average_precision, 0.9451
2025-10-01 09:20:56,293 - root - INFO - best test average_precision: 0.9532
2025-10-01 09:20:56,293 - root - INFO - test roc_auc, 0.9409
2025-10-01 09:20:56,293 - root - INFO - new node test loss: 0.3879
2025-10-01 09:20:56,294 - root - INFO - new node test average_precision, 0.9234
2025-10-01 09:20:56,294 - root - INFO - new node test roc_auc, 0.9141
2025-10-01 09:21:19,085 - root - INFO - Epoch: 67, learning rate: 0.0001, train loss: 0.1982
2025-10-01 09:21:19,086 - root - INFO - train average_precision, 0.9721
2025-10-01 09:21:19,086 - root - INFO - train roc_auc, 0.9730
2025-10-01 09:21:19,086 - root - INFO - validate loss: 0.3166
2025-10-01 09:21:19,086 - root - INFO - validate average_precision, 0.9502
2025-10-01 09:21:19,086 - root - INFO - validate roc_auc, 0.9456
2025-10-01 09:21:19,086 - root - INFO - new node validate loss: 0.4099
2025-10-01 09:21:19,086 - root - INFO - new node validate average_precision, 0.9125
2025-10-01 09:21:19,086 - root - INFO - new node validate roc_auc, 0.9005
2025-10-01 09:21:25,157 - root - INFO - test loss: 0.3269
2025-10-01 09:21:25,157 - root - INFO - test average_precision, 0.9457
2025-10-01 09:21:25,157 - root - INFO - best test average_precision: 0.9532
2025-10-01 09:21:25,157 - root - INFO - test roc_auc, 0.9410
2025-10-01 09:21:25,157 - root - INFO - new node test loss: 0.3900
2025-10-01 09:21:25,157 - root - INFO - new node test average_precision, 0.9238
2025-10-01 09:21:25,157 - root - INFO - new node test roc_auc, 0.9137
2025-10-01 09:21:47,859 - root - INFO - Epoch: 68, learning rate: 0.0001, train loss: 0.1961
2025-10-01 09:21:47,859 - root - INFO - train average_precision, 0.9728
2025-10-01 09:21:47,859 - root - INFO - train roc_auc, 0.9735
2025-10-01 09:21:47,859 - root - INFO - validate loss: 0.3103
2025-10-01 09:21:47,859 - root - INFO - validate average_precision, 0.9522
2025-10-01 09:21:47,859 - root - INFO - validate roc_auc, 0.9477
2025-10-01 09:21:47,859 - root - INFO - new node validate loss: 0.4070
2025-10-01 09:21:47,859 - root - INFO - new node validate average_precision, 0.9138
2025-10-01 09:21:47,859 - root - INFO - new node validate roc_auc, 0.9026
2025-10-01 09:21:53,881 - root - INFO - test loss: 0.3102
2025-10-01 09:21:53,881 - root - INFO - test average_precision, 0.9510
2025-10-01 09:21:53,881 - root - INFO - best test average_precision: 0.9532
2025-10-01 09:21:53,881 - root - INFO - test roc_auc, 0.9468
2025-10-01 09:21:53,881 - root - INFO - new node test loss: 0.3748
2025-10-01 09:21:53,881 - root - INFO - new node test average_precision, 0.9281
2025-10-01 09:21:53,881 - root - INFO - new node test roc_auc, 0.9203
2025-10-01 09:22:16,557 - root - INFO - Epoch: 69, learning rate: 0.0001, train loss: 0.1942
2025-10-01 09:22:16,557 - root - INFO - train average_precision, 0.9735
2025-10-01 09:22:16,557 - root - INFO - train roc_auc, 0.9741
2025-10-01 09:22:16,557 - root - INFO - validate loss: 0.3100
2025-10-01 09:22:16,557 - root - INFO - validate average_precision, 0.9529
2025-10-01 09:22:16,557 - root - INFO - validate roc_auc, 0.9488
2025-10-01 09:22:16,557 - root - INFO - new node validate loss: 0.4042
2025-10-01 09:22:16,557 - root - INFO - new node validate average_precision, 0.9161
2025-10-01 09:22:16,557 - root - INFO - new node validate roc_auc, 0.9052
2025-10-01 09:22:22,579 - root - INFO - test loss: 0.3151
2025-10-01 09:22:22,579 - root - INFO - test average_precision, 0.9511
2025-10-01 09:22:22,579 - root - INFO - best test average_precision: 0.9532
2025-10-01 09:22:22,579 - root - INFO - test roc_auc, 0.9470
2025-10-01 09:22:22,579 - root - INFO - new node test loss: 0.3880
2025-10-01 09:22:22,580 - root - INFO - new node test average_precision, 0.9276
2025-10-01 09:22:22,580 - root - INFO - new node test roc_auc, 0.9182
2025-10-01 09:22:45,205 - root - INFO - Epoch: 70, learning rate: 0.0001, train loss: 0.1938
2025-10-01 09:22:45,205 - root - INFO - train average_precision, 0.9732
2025-10-01 09:22:45,205 - root - INFO - train roc_auc, 0.9740
2025-10-01 09:22:45,205 - root - INFO - validate loss: 0.3084
2025-10-01 09:22:45,206 - root - INFO - validate average_precision, 0.9509
2025-10-01 09:22:45,206 - root - INFO - validate roc_auc, 0.9469
2025-10-01 09:22:45,206 - root - INFO - new node validate loss: 0.4119
2025-10-01 09:22:45,206 - root - INFO - new node validate average_precision, 0.9118
2025-10-01 09:22:45,206 - root - INFO - new node validate roc_auc, 0.8992
2025-10-01 09:22:51,195 - root - INFO - test loss: 0.3203
2025-10-01 09:22:51,196 - root - INFO - test average_precision, 0.9471
2025-10-01 09:22:51,196 - root - INFO - best test average_precision: 0.9532
2025-10-01 09:22:51,196 - root - INFO - test roc_auc, 0.9429
2025-10-01 09:22:51,196 - root - INFO - new node test loss: 0.3852
2025-10-01 09:22:51,196 - root - INFO - new node test average_precision, 0.9245
2025-10-01 09:22:51,196 - root - INFO - new node test roc_auc, 0.9155
2025-10-01 09:23:13,732 - root - INFO - Epoch: 71, learning rate: 0.0001, train loss: 0.1917
2025-10-01 09:23:13,732 - root - INFO - train average_precision, 0.9738
2025-10-01 09:23:13,732 - root - INFO - train roc_auc, 0.9746
2025-10-01 09:23:13,732 - root - INFO - validate loss: 0.3186
2025-10-01 09:23:13,733 - root - INFO - validate average_precision, 0.9534
2025-10-01 09:23:13,733 - root - INFO - validate roc_auc, 0.9489
2025-10-01 09:23:13,733 - root - INFO - new node validate loss: 0.4179
2025-10-01 09:23:13,733 - root - INFO - new node validate average_precision, 0.9135
2025-10-01 09:23:13,733 - root - INFO - new node validate roc_auc, 0.9018
2025-10-01 09:23:19,709 - root - INFO - test loss: 0.3248
2025-10-01 09:23:19,709 - root - INFO - test average_precision, 0.9500
2025-10-01 09:23:19,710 - root - INFO - best test average_precision: 0.9532
2025-10-01 09:23:19,710 - root - INFO - test roc_auc, 0.9462
2025-10-01 09:23:19,710 - root - INFO - new node test loss: 0.3856
2025-10-01 09:23:19,710 - root - INFO - new node test average_precision, 0.9291
2025-10-01 09:23:19,710 - root - INFO - new node test roc_auc, 0.9198
2025-10-01 09:23:42,304 - root - INFO - Epoch: 72, learning rate: 0.0001, train loss: 0.1875
2025-10-01 09:23:42,305 - root - INFO - train average_precision, 0.9747
2025-10-01 09:23:42,305 - root - INFO - train roc_auc, 0.9755
2025-10-01 09:23:42,305 - root - INFO - validate loss: 0.3084
2025-10-01 09:23:42,305 - root - INFO - validate average_precision, 0.9542
2025-10-01 09:23:42,305 - root - INFO - validate roc_auc, 0.9502
2025-10-01 09:23:42,305 - root - INFO - new node validate loss: 0.4085
2025-10-01 09:23:42,305 - root - INFO - new node validate average_precision, 0.9155
2025-10-01 09:23:42,305 - root - INFO - new node validate roc_auc, 0.9042
2025-10-01 09:23:48,275 - root - INFO - test loss: 0.3112
2025-10-01 09:23:48,275 - root - INFO - test average_precision, 0.9522
2025-10-01 09:23:48,275 - root - INFO - best test average_precision: 0.9532
2025-10-01 09:23:48,275 - root - INFO - test roc_auc, 0.9487
2025-10-01 09:23:48,275 - root - INFO - new node test loss: 0.3738
2025-10-01 09:23:48,276 - root - INFO - new node test average_precision, 0.9312
2025-10-01 09:23:48,276 - root - INFO - new node test roc_auc, 0.9228
2025-10-01 09:24:10,993 - root - INFO - Epoch: 73, learning rate: 0.0001, train loss: 0.1887
2025-10-01 09:24:10,993 - root - INFO - train average_precision, 0.9745
2025-10-01 09:24:10,993 - root - INFO - train roc_auc, 0.9753
2025-10-01 09:24:10,993 - root - INFO - validate loss: 0.3204
2025-10-01 09:24:10,993 - root - INFO - validate average_precision, 0.9522
2025-10-01 09:24:10,993 - root - INFO - validate roc_auc, 0.9477
2025-10-01 09:24:10,993 - root - INFO - new node validate loss: 0.4133
2025-10-01 09:24:10,993 - root - INFO - new node validate average_precision, 0.9149
2025-10-01 09:24:10,993 - root - INFO - new node validate roc_auc, 0.9031
2025-10-01 09:24:17,028 - root - INFO - test loss: 0.3230
2025-10-01 09:24:17,028 - root - INFO - test average_precision, 0.9502
2025-10-01 09:24:17,029 - root - INFO - best test average_precision: 0.9532
2025-10-01 09:24:17,029 - root - INFO - test roc_auc, 0.9456
2025-10-01 09:24:17,029 - root - INFO - new node test loss: 0.3819
2025-10-01 09:24:17,029 - root - INFO - new node test average_precision, 0.9291
2025-10-01 09:24:17,029 - root - INFO - new node test roc_auc, 0.9207
2025-10-01 09:24:39,651 - root - INFO - Epoch: 74, learning rate: 0.0001, train loss: 0.1886
2025-10-01 09:24:39,651 - root - INFO - train average_precision, 0.9739
2025-10-01 09:24:39,651 - root - INFO - train roc_auc, 0.9751
2025-10-01 09:24:39,651 - root - INFO - validate loss: 0.3114
2025-10-01 09:24:39,651 - root - INFO - validate average_precision, 0.9518
2025-10-01 09:24:39,651 - root - INFO - validate roc_auc, 0.9474
2025-10-01 09:24:39,651 - root - INFO - new node validate loss: 0.4107
2025-10-01 09:24:39,651 - root - INFO - new node validate average_precision, 0.9146
2025-10-01 09:24:39,651 - root - INFO - new node validate roc_auc, 0.9028
2025-10-01 09:24:45,692 - root - INFO - test loss: 0.3164
2025-10-01 09:24:45,692 - root - INFO - test average_precision, 0.9497
2025-10-01 09:24:45,692 - root - INFO - best test average_precision: 0.9532
2025-10-01 09:24:45,692 - root - INFO - test roc_auc, 0.9452
2025-10-01 09:24:45,692 - root - INFO - new node test loss: 0.3848
2025-10-01 09:24:45,692 - root - INFO - new node test average_precision, 0.9274
2025-10-01 09:24:45,692 - root - INFO - new node test roc_auc, 0.9178
2025-10-01 09:25:08,257 - root - INFO - Epoch: 75, learning rate: 0.0001, train loss: 0.1852
2025-10-01 09:25:08,257 - root - INFO - train average_precision, 0.9750
2025-10-01 09:25:08,257 - root - INFO - train roc_auc, 0.9760
2025-10-01 09:25:08,257 - root - INFO - validate loss: 0.3168
2025-10-01 09:25:08,257 - root - INFO - validate average_precision, 0.9532
2025-10-01 09:25:08,257 - root - INFO - validate roc_auc, 0.9489
2025-10-01 09:25:08,257 - root - INFO - new node validate loss: 0.4113
2025-10-01 09:25:08,257 - root - INFO - new node validate average_precision, 0.9157
2025-10-01 09:25:08,257 - root - INFO - new node validate roc_auc, 0.9043
2025-10-01 09:25:14,234 - root - INFO - test loss: 0.3177
2025-10-01 09:25:14,234 - root - INFO - test average_precision, 0.9513
2025-10-01 09:25:14,234 - root - INFO - best test average_precision: 0.9532
2025-10-01 09:25:14,234 - root - INFO - test roc_auc, 0.9472
2025-10-01 09:25:14,234 - root - INFO - new node test loss: 0.3919
2025-10-01 09:25:14,234 - root - INFO - new node test average_precision, 0.9267
2025-10-01 09:25:14,234 - root - INFO - new node test roc_auc, 0.9175
2025-10-01 09:25:36,867 - root - INFO - Epoch: 76, learning rate: 0.0001, train loss: 0.1869
2025-10-01 09:25:36,867 - root - INFO - train average_precision, 0.9745
2025-10-01 09:25:36,867 - root - INFO - train roc_auc, 0.9756
2025-10-01 09:25:36,867 - root - INFO - validate loss: 0.3129
2025-10-01 09:25:36,868 - root - INFO - validate average_precision, 0.9520
2025-10-01 09:25:36,868 - root - INFO - validate roc_auc, 0.9483
2025-10-01 09:25:36,868 - root - INFO - new node validate loss: 0.4101
2025-10-01 09:25:36,868 - root - INFO - new node validate average_precision, 0.9146
2025-10-01 09:25:36,868 - root - INFO - new node validate roc_auc, 0.9033
2025-10-01 09:25:42,896 - root - INFO - test loss: 0.3120
2025-10-01 09:25:42,896 - root - INFO - test average_precision, 0.9524
2025-10-01 09:25:42,896 - root - INFO - best test average_precision: 0.9532
2025-10-01 09:25:42,896 - root - INFO - test roc_auc, 0.9482
2025-10-01 09:25:42,897 - root - INFO - new node test loss: 0.3843
2025-10-01 09:25:42,897 - root - INFO - new node test average_precision, 0.9281
2025-10-01 09:25:42,897 - root - INFO - new node test roc_auc, 0.9197
2025-10-01 09:26:05,597 - root - INFO - Epoch: 77, learning rate: 0.0001, train loss: 0.1855
2025-10-01 09:26:05,598 - root - INFO - train average_precision, 0.9749
2025-10-01 09:26:05,598 - root - INFO - train roc_auc, 0.9760
2025-10-01 09:26:05,598 - root - INFO - validate loss: 0.3124
2025-10-01 09:26:05,598 - root - INFO - validate average_precision, 0.9524
2025-10-01 09:26:05,598 - root - INFO - validate roc_auc, 0.9486
2025-10-01 09:26:05,598 - root - INFO - new node validate loss: 0.4133
2025-10-01 09:26:05,598 - root - INFO - new node validate average_precision, 0.9133
2025-10-01 09:26:05,598 - root - INFO - new node validate roc_auc, 0.9018
2025-10-01 09:26:11,613 - root - INFO - test loss: 0.3124
2025-10-01 09:26:11,614 - root - INFO - test average_precision, 0.9518
2025-10-01 09:26:11,614 - root - INFO - best test average_precision: 0.9532
2025-10-01 09:26:11,614 - root - INFO - test roc_auc, 0.9484
2025-10-01 09:26:11,614 - root - INFO - new node test loss: 0.3860
2025-10-01 09:26:11,614 - root - INFO - new node test average_precision, 0.9284
2025-10-01 09:26:11,614 - root - INFO - new node test roc_auc, 0.9195
2025-10-01 09:26:34,184 - root - INFO - Epoch: 78, learning rate: 0.0001, train loss: 0.1859
2025-10-01 09:26:34,184 - root - INFO - train average_precision, 0.9750
2025-10-01 09:26:34,184 - root - INFO - train roc_auc, 0.9760
2025-10-01 09:26:34,184 - root - INFO - validate loss: 0.3115
2025-10-01 09:26:34,184 - root - INFO - validate average_precision, 0.9524
2025-10-01 09:26:34,184 - root - INFO - validate roc_auc, 0.9482
2025-10-01 09:26:34,184 - root - INFO - new node validate loss: 0.4232
2025-10-01 09:26:34,184 - root - INFO - new node validate average_precision, 0.9112
2025-10-01 09:26:34,184 - root - INFO - new node validate roc_auc, 0.8992
2025-10-01 09:26:40,223 - root - INFO - test loss: 0.3146
2025-10-01 09:26:40,223 - root - INFO - test average_precision, 0.9496
2025-10-01 09:26:40,223 - root - INFO - best test average_precision: 0.9532
2025-10-01 09:26:40,223 - root - INFO - test roc_auc, 0.9457
2025-10-01 09:26:40,223 - root - INFO - new node test loss: 0.3835
2025-10-01 09:26:40,223 - root - INFO - new node test average_precision, 0.9268
2025-10-01 09:26:40,223 - root - INFO - new node test roc_auc, 0.9173
2025-10-01 09:27:02,666 - root - INFO - Epoch: 79, learning rate: 0.0001, train loss: 0.1826
2025-10-01 09:27:02,666 - root - INFO - train average_precision, 0.9754
2025-10-01 09:27:02,666 - root - INFO - train roc_auc, 0.9767
2025-10-01 09:27:02,666 - root - INFO - validate loss: 0.3157
2025-10-01 09:27:02,666 - root - INFO - validate average_precision, 0.9521
2025-10-01 09:27:02,666 - root - INFO - validate roc_auc, 0.9480
2025-10-01 09:27:02,666 - root - INFO - new node validate loss: 0.4248
2025-10-01 09:27:02,666 - root - INFO - new node validate average_precision, 0.9124
2025-10-01 09:27:02,666 - root - INFO - new node validate roc_auc, 0.9001
2025-10-01 09:27:08,623 - root - INFO - test loss: 0.3205
2025-10-01 09:27:08,623 - root - INFO - test average_precision, 0.9499
2025-10-01 09:27:08,623 - root - INFO - best test average_precision: 0.9532
2025-10-01 09:27:08,623 - root - INFO - test roc_auc, 0.9457
2025-10-01 09:27:08,623 - root - INFO - new node test loss: 0.3904
2025-10-01 09:27:08,623 - root - INFO - new node test average_precision, 0.9264
2025-10-01 09:27:08,623 - root - INFO - new node test roc_auc, 0.9173
2025-10-01 09:27:31,188 - root - INFO - Epoch: 80, learning rate: 0.0001, train loss: 0.1823
2025-10-01 09:27:31,188 - root - INFO - train average_precision, 0.9753
2025-10-01 09:27:31,188 - root - INFO - train roc_auc, 0.9768
2025-10-01 09:27:31,188 - root - INFO - validate loss: 0.3115
2025-10-01 09:27:31,188 - root - INFO - validate average_precision, 0.9512
2025-10-01 09:27:31,188 - root - INFO - validate roc_auc, 0.9467
2025-10-01 09:27:31,188 - root - INFO - new node validate loss: 0.4259
2025-10-01 09:27:31,189 - root - INFO - new node validate average_precision, 0.9098
2025-10-01 09:27:31,189 - root - INFO - new node validate roc_auc, 0.8963
2025-10-01 09:27:37,143 - root - INFO - test loss: 0.3314
2025-10-01 09:27:37,143 - root - INFO - test average_precision, 0.9451
2025-10-01 09:27:37,143 - root - INFO - best test average_precision: 0.9532
2025-10-01 09:27:37,143 - root - INFO - test roc_auc, 0.9405
2025-10-01 09:27:37,143 - root - INFO - new node test loss: 0.3988
2025-10-01 09:27:37,143 - root - INFO - new node test average_precision, 0.9209
2025-10-01 09:27:37,143 - root - INFO - new node test roc_auc, 0.9113
2025-10-01 09:27:59,709 - root - INFO - Epoch: 81, learning rate: 0.0001, train loss: 0.1808
2025-10-01 09:27:59,709 - root - INFO - train average_precision, 0.9761
2025-10-01 09:27:59,709 - root - INFO - train roc_auc, 0.9771
2025-10-01 09:27:59,709 - root - INFO - validate loss: 0.3061
2025-10-01 09:27:59,709 - root - INFO - validate average_precision, 0.9529
2025-10-01 09:27:59,709 - root - INFO - validate roc_auc, 0.9489
2025-10-01 09:27:59,709 - root - INFO - new node validate loss: 0.4278
2025-10-01 09:27:59,709 - root - INFO - new node validate average_precision, 0.9111
2025-10-01 09:27:59,709 - root - INFO - new node validate roc_auc, 0.8987
2025-10-01 09:28:05,735 - root - INFO - test loss: 0.3219
2025-10-01 09:28:05,735 - root - INFO - test average_precision, 0.9480
2025-10-01 09:28:05,735 - root - INFO - best test average_precision: 0.9532
2025-10-01 09:28:05,735 - root - INFO - test roc_auc, 0.9441
2025-10-01 09:28:05,735 - root - INFO - new node test loss: 0.3964
2025-10-01 09:28:05,735 - root - INFO - new node test average_precision, 0.9229
2025-10-01 09:28:05,735 - root - INFO - new node test roc_auc, 0.9138
2025-10-01 09:28:05,735 - root - INFO - load model ./saved_models/DyRep/wikipedia/DyRep_seed3/DyRep_seed3.pkl
2025-10-01 09:28:07,152 - root - INFO - get final performance on dataset wikipedia...
2025-10-01 09:28:13,548 - root - INFO - test loss: 0.3062
2025-10-01 09:28:13,548 - root - INFO - test average_precision, 0.9532
2025-10-01 09:28:13,548 - root - INFO - test roc_auc, 0.9491
2025-10-01 09:28:13,548 - root - INFO - new node test loss: 0.3612
2025-10-01 09:28:13,548 - root - INFO - new node test average_precision, 0.9337
2025-10-01 09:28:13,548 - root - INFO - new node test roc_auc, 0.9255
2025-10-01 09:28:13,548 - root - INFO - Run 4 cost 2372.67 seconds.
