2025-10-08 10:38:25,856 - root - INFO - ********** Run 2 starts. **********
2025-10-08 10:38:25,856 - root - INFO - configuration is Namespace(dataset_name='lastfm', batch_size=200, model_name='DyGFormer', gpu=0, num_neighbors=20, sample_neighbor_strategy='uniform', time_scaling_factor=1e-06, num_walk_heads=8, num_heads=2, num_layers=2, walk_length=1, time_gap=2000, time_feat_dim=100, position_feat_dim=172, time_window_mode='fixed_proportion', time_encoder_type='time2vec', expert_dim=128, num_mixtures=16, sort_neighbors_by_time=False, patch_size=16, channel_embedding_dim=50, max_input_sequence_length=512, learning_rate=0.0001, dropout=0.1, gamma=0.5, num_epochs=2, optimizer='Adam', weight_decay=0.0, patience=20, val_ratio=0.15, test_ratio=0.15, num_runs=2, test_interval_epochs=100, negative_sample_strategy='random', max_interaction_times=10, load_best_configs=True, data_ratio=0.05, seed=1, save_model_name_suffix='', ablation_dir='', mamba_d_state=256, mamba_d_conv=4, mamba_expand=2, mamba_headdim=64, resume_from_checkpoint=None, save_checkpoints=True, checkpoint_interval=20, start_from_seed=0, max_checkpoints_to_keep=3, checkpoint_strategy='minimal', validate_checkpoints=True, device='cuda:0', save_model_name='DyGFormer_time2vec_seed1')
2025-10-08 10:38:25,858 - root - INFO - Metrics will be saved to: ./saved_metrics/DyGFormer/lastfm/DyGFormer_time2vec_seed1
2025-10-08 10:38:25,858 - root - INFO - time encoder type: time2vec
2025-10-08 10:38:25,858 - root - INFO - Time encoder will be injected into DyGFormer model
2025-10-08 10:38:26,256 - root - INFO - model -> Sequential(
  (0): DyGFormer(
    (time_encoder): TimeEncoderWrapper(
      (encoder): Time2VecEncoder(
        (time2vec_layer): SineActivation()
      )
    )
    (neighbor_co_occurrence_encoder): NeighborCooccurrenceEncoder(
      (neighbor_co_occurrence_encode_layer): Sequential(
        (0): Linear(in_features=1, out_features=50, bias=True)
        (1): ReLU()
        (2): Linear(in_features=50, out_features=50, bias=True)
      )
    )
    (projection_layer): ModuleDict(
      (node): Linear(in_features=2752, out_features=50, bias=True)
      (edge): Linear(in_features=2752, out_features=50, bias=True)
      (time): Linear(in_features=1600, out_features=50, bias=True)
      (neighbor_co_occurrence): Linear(in_features=800, out_features=50, bias=True)
    )
    (transformers): ModuleList(
      (0-1): 2 x TransformerEncoder(
        (multi_head_attention): MultiheadAttention(
          (out_proj): NonDynamicallyQuantizableLinear(in_features=200, out_features=200, bias=True)
        )
        (dropout): Dropout(p=0.1, inplace=False)
        (linear_layers): ModuleList(
          (0): Linear(in_features=200, out_features=800, bias=True)
          (1): Linear(in_features=800, out_features=200, bias=True)
        )
        (norm_layers): ModuleList(
          (0-1): 2 x LayerNorm((200,), eps=1e-05, elementwise_affine=True)
        )
      )
    )
    (output_layer): Linear(in_features=200, out_features=172, bias=True)
  )
  (1): MergeLayer(
    (fc1): Linear(in_features=344, out_features=172, bias=True)
    (fc2): Linear(in_features=172, out_features=1, bias=True)
    (act): ReLU()
  )
)
2025-10-08 10:38:26,256 - root - INFO - model name: DyGFormer, #parameters: 5830140 B, 5693.49609375 KB, 5.560054779052734 MB.
2025-10-08 10:39:19,901 - root - INFO - Epoch: 1, learning rate: 0.0001, train loss: 44.9007
2025-10-08 10:39:19,902 - root - INFO - train average_precision, 0.5257
2025-10-08 10:39:19,902 - root - INFO - train roc_auc, 0.5438
2025-10-08 10:39:19,902 - root - INFO - validate loss: 49.9810
2025-10-08 10:39:19,902 - root - INFO - validate average_precision, 0.5001
2025-10-08 10:39:19,902 - root - INFO - validate roc_auc, 0.5001
2025-10-08 10:39:19,902 - root - INFO - new node validate loss: 49.9674
2025-10-08 10:39:19,902 - root - INFO - new node validate average_precision, 0.5000
2025-10-08 10:39:19,902 - root - INFO - new node validate roc_auc, 0.5000
2025-10-08 10:39:19,913 - root - INFO - save model ./saved_models/DyGFormer/lastfm/DyGFormer_time2vec_seed1/DyGFormer_time2vec_seed1.pkl
2025-10-08 10:40:13,718 - root - INFO - Epoch: 2, learning rate: 0.0001, train loss: 47.9198
2025-10-08 10:40:13,719 - root - INFO - train average_precision, 0.5096
2025-10-08 10:40:13,719 - root - INFO - train roc_auc, 0.5177
2025-10-08 10:40:13,719 - root - INFO - validate loss: 49.9759
2025-10-08 10:40:13,719 - root - INFO - validate average_precision, 0.5001
2025-10-08 10:40:13,719 - root - INFO - validate roc_auc, 0.5001
2025-10-08 10:40:13,719 - root - INFO - new node validate loss: 49.9690
2025-10-08 10:40:13,719 - root - INFO - new node validate average_precision, 0.4999
2025-10-08 10:40:13,719 - root - INFO - new node validate roc_auc, 0.4998
2025-10-08 10:40:13,726 - root - INFO - load model ./saved_models/DyGFormer/lastfm/DyGFormer_time2vec_seed1/DyGFormer_time2vec_seed1.pkl
2025-10-08 10:40:13,747 - root - INFO - get final performance on dataset lastfm...
2025-10-08 10:40:39,224 - root - INFO - validate loss: 49.9810
2025-10-08 10:40:39,225 - root - INFO - validate average_precision, 0.5001
2025-10-08 10:40:39,225 - root - INFO - validate roc_auc, 0.5001
2025-10-08 10:40:39,225 - root - INFO - new node validate loss: 49.9674
2025-10-08 10:40:39,225 - root - INFO - new node validate average_precision, 0.5000
2025-10-08 10:40:39,225 - root - INFO - new node validate roc_auc, 0.5000
2025-10-08 10:40:39,226 - root - INFO - test loss: 50.0000
2025-10-08 10:40:39,226 - root - INFO - test average_precision, 0.5000
2025-10-08 10:40:39,226 - root - INFO - test roc_auc, 0.5000
2025-10-08 10:40:39,226 - root - INFO - new node test loss: 50.0000
2025-10-08 10:40:39,226 - root - INFO - new node test average_precision, 0.5000
2025-10-08 10:40:39,226 - root - INFO - new node test roc_auc, 0.5000
2025-10-08 10:40:39,234 - root - INFO - ✅ Metrics saved to: ./saved_metrics/DyGFormer/lastfm/DyGFormer_time2vec_seed1
2025-10-08 10:40:39,234 - root - INFO - Run 2 cost 133.38 seconds.
2025-10-08 10:40:39,238 - root - INFO - metrics over 2 runs:
2025-10-08 10:40:39,238 - root - INFO - validate average_precision, [np.float64(0.5001026804919046), np.float64(0.5000514040202547)]
2025-10-08 10:40:39,238 - root - INFO - average validate average_precision, 0.5001 ± 0.0000
2025-10-08 10:40:39,238 - root - INFO - validate roc_auc, [np.float64(0.5002040816326531), np.float64(0.5001020408163265)]
2025-10-08 10:40:39,238 - root - INFO - average validate roc_auc, 0.5002 ± 0.0001
2025-10-08 10:40:39,238 - root - INFO - new node validate average_precision, [np.float64(0.49991771094402665), np.float64(0.500000835421888)]
2025-10-08 10:40:39,238 - root - INFO - average new node validate average_precision, 0.5000 ± 0.0001
2025-10-08 10:40:39,238 - root - INFO - new node validate roc_auc, [np.float64(0.49983333333333335), np.float64(0.5)]
2025-10-08 10:40:39,239 - root - INFO - average new node validate roc_auc, 0.4999 ± 0.0001
2025-10-08 10:40:39,239 - root - INFO - test average_precision, [np.float64(0.4999745537312669), np.float64(0.5)]
2025-10-08 10:40:39,239 - root - INFO - average test average_precision, 0.5000 ± 0.0000
2025-10-08 10:40:39,239 - root - INFO - test roc_auc, [np.float64(0.49994897959183676), np.float64(0.5)]
2025-10-08 10:40:39,239 - root - INFO - average test roc_auc, 0.5000 ± 0.0000
2025-10-08 10:40:39,239 - root - INFO - new node test average_precision, [np.float64(0.499937656641604), np.float64(0.5)]
2025-10-08 10:40:39,239 - root - INFO - average new node test average_precision, 0.5000 ± 0.0000
2025-10-08 10:40:39,239 - root - INFO - new node test roc_auc, [np.float64(0.499875), np.float64(0.5)]
2025-10-08 10:40:39,239 - root - INFO - average new node test roc_auc, 0.4999 ± 0.0001
