2025-10-08 10:31:21,512 - root - INFO - ********** Run 2 starts. **********
2025-10-08 10:31:21,512 - root - INFO - configuration is Namespace(dataset_name='UNvote', batch_size=200, model_name='GraphMixer', gpu=0, num_neighbors=20, sample_neighbor_strategy='uniform', time_scaling_factor=1e-06, num_walk_heads=8, num_heads=2, num_layers=2, walk_length=1, time_gap=2000, time_feat_dim=100, position_feat_dim=172, time_window_mode='fixed_proportion', time_encoder_type='time2vec', expert_dim=128, num_mixtures=16, sort_neighbors_by_time=False, patch_size=1, channel_embedding_dim=50, max_input_sequence_length=32, learning_rate=0.0001, dropout=0.0, gamma=0.5, num_epochs=2, optimizer='Adam', weight_decay=0.0, patience=20, val_ratio=0.15, test_ratio=0.15, num_runs=2, test_interval_epochs=100, negative_sample_strategy='random', max_interaction_times=10, load_best_configs=True, data_ratio=0.05, seed=1, save_model_name_suffix='', ablation_dir='', mamba_d_state=256, mamba_d_conv=4, mamba_expand=2, mamba_headdim=64, resume_from_checkpoint=None, save_checkpoints=True, checkpoint_interval=20, start_from_seed=0, max_checkpoints_to_keep=3, checkpoint_strategy='minimal', validate_checkpoints=True, device='cuda:0', save_model_name='GraphMixer_time2vec_seed1')
2025-10-08 10:31:21,513 - root - INFO - Metrics will be saved to: ./saved_metrics/GraphMixer/UNvote/GraphMixer_time2vec_seed1
2025-10-08 10:31:21,514 - root - INFO - time encoder type: time2vec
2025-10-08 10:31:21,514 - root - INFO - Time encoder will be injected into GraphMixer model
2025-10-08 10:31:21,833 - root - INFO - model -> Sequential(
  (0): GraphMixer(
    (time_encoder): TimeEncoderWrapper(
      (encoder): Time2VecEncoder(
        (time2vec_layer): SineActivation()
      )
    )
    (projection_layer): Linear(in_features=272, out_features=172, bias=True)
    (mlp_mixers): ModuleList(
      (0-1): 2 x MLPMixer(
        (token_norm): LayerNorm((20,), eps=1e-05, elementwise_affine=True)
        (token_feedforward): FeedForwardNet(
          (ffn): Sequential(
            (0): Linear(in_features=20, out_features=10, bias=True)
            (1): GELU(approximate='none')
            (2): Dropout(p=0.0, inplace=False)
            (3): Linear(in_features=10, out_features=20, bias=True)
            (4): Dropout(p=0.0, inplace=False)
          )
        )
        (channel_norm): LayerNorm((172,), eps=1e-05, elementwise_affine=True)
        (channel_feedforward): FeedForwardNet(
          (ffn): Sequential(
            (0): Linear(in_features=172, out_features=688, bias=True)
            (1): GELU(approximate='none')
            (2): Dropout(p=0.0, inplace=False)
            (3): Linear(in_features=688, out_features=172, bias=True)
            (4): Dropout(p=0.0, inplace=False)
          )
        )
      )
    )
    (output_layer): Linear(in_features=344, out_features=172, bias=True)
  )
  (1): MergeLayer(
    (fc1): Linear(in_features=344, out_features=172, bias=True)
    (fc2): Linear(in_features=172, out_features=1, bias=True)
    (act): ReLU()
  )
)
2025-10-08 10:31:21,833 - root - INFO - model name: GraphMixer, #parameters: 2570804 B, 2510.55078125 KB, 2.451709747314453 MB.
2025-10-08 10:31:44,190 - root - INFO - Epoch: 1, learning rate: 0.0001, train loss: 46.8830
2025-10-08 10:31:44,191 - root - INFO - train average_precision, 0.5033
2025-10-08 10:31:44,191 - root - INFO - train roc_auc, 0.5051
2025-10-08 10:31:44,191 - root - INFO - validate loss: 48.9691
2025-10-08 10:31:44,191 - root - INFO - validate average_precision, 0.4984
2025-10-08 10:31:44,191 - root - INFO - validate roc_auc, 0.4956
2025-10-08 10:31:44,191 - root - INFO - new node validate loss: 49.2443
2025-10-08 10:31:44,191 - root - INFO - new node validate average_precision, 0.4885
2025-10-08 10:31:44,191 - root - INFO - new node validate roc_auc, 0.4720
2025-10-08 10:31:44,201 - root - INFO - save model ./saved_models/GraphMixer/UNvote/GraphMixer_time2vec_seed1/GraphMixer_time2vec_seed1.pkl
2025-10-08 10:32:06,805 - root - INFO - Epoch: 2, learning rate: 0.0001, train loss: 47.2299
2025-10-08 10:32:06,806 - root - INFO - train average_precision, 0.5015
2025-10-08 10:32:06,806 - root - INFO - train roc_auc, 0.5012
2025-10-08 10:32:06,806 - root - INFO - validate loss: 48.9332
2025-10-08 10:32:06,806 - root - INFO - validate average_precision, 0.4986
2025-10-08 10:32:06,806 - root - INFO - validate roc_auc, 0.4960
2025-10-08 10:32:06,806 - root - INFO - new node validate loss: 49.3468
2025-10-08 10:32:06,806 - root - INFO - new node validate average_precision, 0.4880
2025-10-08 10:32:06,806 - root - INFO - new node validate roc_auc, 0.4709
2025-10-08 10:32:06,813 - root - INFO - save model ./saved_models/GraphMixer/UNvote/GraphMixer_time2vec_seed1/GraphMixer_time2vec_seed1.pkl
2025-10-08 10:32:06,843 - root - INFO - load model ./saved_models/GraphMixer/UNvote/GraphMixer_time2vec_seed1/GraphMixer_time2vec_seed1.pkl
2025-10-08 10:32:06,855 - root - INFO - get final performance on dataset UNvote...
2025-10-08 10:32:14,528 - root - INFO - validate loss: 48.9332
2025-10-08 10:32:14,529 - root - INFO - validate average_precision, 0.4986
2025-10-08 10:32:14,529 - root - INFO - validate roc_auc, 0.4960
2025-10-08 10:32:14,529 - root - INFO - new node validate loss: 49.3468
2025-10-08 10:32:14,529 - root - INFO - new node validate average_precision, 0.4880
2025-10-08 10:32:14,529 - root - INFO - new node validate roc_auc, 0.4709
2025-10-08 10:32:14,529 - root - INFO - test loss: 50.1548
2025-10-08 10:32:14,529 - root - INFO - test average_precision, 0.5000
2025-10-08 10:32:14,529 - root - INFO - test roc_auc, 0.4985
2025-10-08 10:32:14,529 - root - INFO - new node test loss: 53.2750
2025-10-08 10:32:14,529 - root - INFO - new node test average_precision, 0.4857
2025-10-08 10:32:14,529 - root - INFO - new node test roc_auc, 0.4672
2025-10-08 10:32:14,537 - root - INFO - ✅ Metrics saved to: ./saved_metrics/GraphMixer/UNvote/GraphMixer_time2vec_seed1
2025-10-08 10:32:14,537 - root - INFO - Run 2 cost 53.02 seconds.
2025-10-08 10:32:14,540 - root - INFO - metrics over 2 runs:
2025-10-08 10:32:14,540 - root - INFO - validate average_precision, [np.float64(0.4995192920164622), np.float64(0.49855407607013696)]
2025-10-08 10:32:14,540 - root - INFO - average validate average_precision, 0.4990 ± 0.0007
2025-10-08 10:32:14,540 - root - INFO - validate roc_auc, [np.float64(0.4988521241830066), np.float64(0.4960307309688582)]
2025-10-08 10:32:14,540 - root - INFO - average validate roc_auc, 0.4974 ± 0.0020
2025-10-08 10:32:14,540 - root - INFO - new node validate average_precision, [np.float64(0.5029798533851819), np.float64(0.4879804137282181)]
2025-10-08 10:32:14,541 - root - INFO - average new node validate average_precision, 0.4955 ± 0.0106
2025-10-08 10:32:14,541 - root - INFO - new node validate roc_auc, [np.float64(0.505497737556561), np.float64(0.4709212930734424)]
2025-10-08 10:32:14,541 - root - INFO - average new node validate roc_auc, 0.4882 ± 0.0244
2025-10-08 10:32:14,541 - root - INFO - test average_precision, [np.float64(0.5), np.float64(0.4999644004177467)]
2025-10-08 10:32:14,541 - root - INFO - average test average_precision, 0.5000 ± 0.0000
2025-10-08 10:32:14,541 - root - INFO - test roc_auc, [np.float64(0.5), np.float64(0.49845238095238087)]
2025-10-08 10:32:14,541 - root - INFO - average test roc_auc, 0.4992 ± 0.0011
2025-10-08 10:32:14,541 - root - INFO - new node test average_precision, [np.float64(0.5), np.float64(0.4857303569779433)]
2025-10-08 10:32:14,541 - root - INFO - average new node test average_precision, 0.4929 ± 0.0101
2025-10-08 10:32:14,541 - root - INFO - new node test roc_auc, [np.float64(0.5), np.float64(0.46724999999999994)]
2025-10-08 10:32:14,541 - root - INFO - average new node test roc_auc, 0.4836 ± 0.0232
