2025-10-08 07:13:13,115 - root - INFO - ********** Run 1 starts. **********
2025-10-08 07:13:13,115 - root - INFO - configuration is Namespace(dataset_name='UNvote', batch_size=200, model_name='DyGMamba', gpu=0, num_neighbors=20, sample_neighbor_strategy='uniform', time_scaling_factor=1e-06, num_walk_heads=8, num_heads=2, num_layers=2, walk_length=1, time_gap=2000, time_feat_dim=100, position_feat_dim=172, time_window_mode='fixed_proportion', time_encoder_type='mercer', expert_dim=128, num_mixtures=16, sort_neighbors_by_time=False, patch_size=4, channel_embedding_dim=50, max_input_sequence_length=128, learning_rate=0.0001, dropout=0.2, gamma=0.5, num_epochs=2, optimizer='Adam', weight_decay=0.0, patience=20, val_ratio=0.15, test_ratio=0.15, num_runs=2, test_interval_epochs=100, negative_sample_strategy='random', max_interaction_times=10, load_best_configs=True, data_ratio=0.05, seed=0, save_model_name_suffix='', ablation_dir='', mamba_d_state=256, mamba_d_conv=4, mamba_expand=2, mamba_headdim=64, resume_from_checkpoint=None, save_checkpoints=True, checkpoint_interval=5, start_from_seed=0, max_checkpoints_to_keep=3, checkpoint_strategy='minimal', validate_checkpoints=True, device='cuda:0', save_model_name='DyGMamba_mercer_seed0')
2025-10-08 07:13:13,120 - root - INFO - Metrics will be saved to: ./saved_metrics/DyGMamba/UNvote/DyGMamba_mercer_seed0
2025-10-08 07:13:13,121 - root - INFO - time encoder type: mercer
2025-10-08 07:13:13,121 - root - INFO - Time encoder will be injected into DyGMamba model
2025-10-08 07:13:14,393 - root - INFO - model -> Sequential(
  (0): DyGMamba(
    (time_encoder): TimeEncoderWrapper(
      (encoder): MercerTimeEncoder()
    )
    (neighbor_co_occurrence_encoder): NIFEncoder(
      (nif_encode_layer): Sequential(
        (0): Linear(in_features=1, out_features=50, bias=True)
        (1): ReLU()
        (2): Linear(in_features=50, out_features=50, bias=True)
      )
    )
    (projection_layer): ModuleDict(
      (node): Linear(in_features=688, out_features=50, bias=True)
      (edge): Linear(in_features=688, out_features=50, bias=True)
      (time): Linear(in_features=400, out_features=50, bias=True)
      (neighbor_co_occurrence): Linear(in_features=200, out_features=50, bias=True)
    )
    (output_layer): Linear(in_features=100, out_features=172, bias=True)
    (output_layer_t_diff): Linear(in_features=25, out_features=172, bias=True)
    (mamba): ModuleList(
      (0-1): 2 x Mamba(
        (in_proj): Linear(in_features=100, out_features=200, bias=False)
        (conv1d): Conv1d(100, 100, kernel_size=(4,), stride=(1,), padding=(3,), groups=100)
        (act): SiLU()
        (x_proj): Linear(in_features=100, out_features=39, bias=False)
        (dt_proj): Linear(in_features=7, out_features=100, bias=True)
        (out_proj): Linear(in_features=100, out_features=100, bias=False)
      )
    )
    (mamba_t_diff): ModuleList(
      (0-1): 2 x Mamba(
        (in_proj): Linear(in_features=25, out_features=50, bias=False)
        (conv1d): Conv1d(25, 25, kernel_size=(4,), stride=(1,), padding=(3,), groups=25)
        (act): SiLU()
        (x_proj): Linear(in_features=25, out_features=34, bias=False)
        (dt_proj): Linear(in_features=2, out_features=25, bias=True)
        (out_proj): Linear(in_features=25, out_features=25, bias=False)
      )
    )
    (projection_layer_t_diff): Linear(in_features=100, out_features=25, bias=True)
    (projection_layer_t_diff_up): Linear(in_features=25, out_features=100, bias=True)
    (weightagg): Linear(in_features=100, out_features=1, bias=True)
    (reduce_layer): Linear(in_features=200, out_features=100, bias=True)
    (channel_norm): LayerNorm((100,), eps=1e-05, elementwise_affine=True)
    (channel_feedforward): FeedForwardNet(
      (ffn): Sequential(
        (0): Linear(in_features=100, out_features=400, bias=True)
        (1): GELU(approximate='none')
        (2): Dropout(p=0.2, inplace=False)
        (3): Linear(in_features=400, out_features=100, bias=True)
        (4): Dropout(p=0.2, inplace=False)
      )
    )
    (neighbor_selection_layer): Linear(in_features=100, out_features=100, bias=True)
  )
  (1): MergeLayerTD(
    (fc1): Linear(in_features=516, out_features=172, bias=True)
    (fc2): Linear(in_features=172, out_features=1, bias=True)
    (act): ReLU()
  )
)
2025-10-08 07:13:14,394 - root - INFO - model name: DyGMamba, #parameters: 1644068 B, 1605.53515625 KB, 1.5679054260253906 MB.
2025-10-08 07:14:04,435 - root - INFO - Epoch: 1, learning rate: 0.0001, train loss: 0.6664
2025-10-08 07:14:04,436 - root - INFO - train average_precision, 0.5453
2025-10-08 07:14:04,436 - root - INFO - train roc_auc, 0.5652
2025-10-08 07:14:04,436 - root - INFO - validate loss: 0.6927
2025-10-08 07:14:04,436 - root - INFO - validate average_precision, 0.5178
2025-10-08 07:14:04,436 - root - INFO - validate roc_auc, 0.5179
2025-10-08 07:14:04,436 - root - INFO - new node validate loss: 0.6900
2025-10-08 07:14:04,436 - root - INFO - new node validate average_precision, 0.5709
2025-10-08 07:14:04,436 - root - INFO - new node validate roc_auc, 0.5698
2025-10-08 07:14:04,446 - root - INFO - save model ./saved_models/DyGMamba/UNvote/DyGMamba_mercer_seed0/DyGMamba_mercer_seed0.pkl
2025-10-08 07:14:53,604 - root - INFO - Epoch: 2, learning rate: 0.0001, train loss: 0.6718
2025-10-08 07:14:53,605 - root - INFO - train average_precision, 0.5431
2025-10-08 07:14:53,605 - root - INFO - train roc_auc, 0.5616
2025-10-08 07:14:53,605 - root - INFO - validate loss: 0.6936
2025-10-08 07:14:53,605 - root - INFO - validate average_precision, 0.5070
2025-10-08 07:14:53,605 - root - INFO - validate roc_auc, 0.5037
2025-10-08 07:14:53,605 - root - INFO - new node validate loss: 0.6975
2025-10-08 07:14:53,605 - root - INFO - new node validate average_precision, 0.4522
2025-10-08 07:14:53,605 - root - INFO - new node validate roc_auc, 0.3952
2025-10-08 07:14:53,614 - root - INFO - load model ./saved_models/DyGMamba/UNvote/DyGMamba_mercer_seed0/DyGMamba_mercer_seed0.pkl
2025-10-08 07:14:53,633 - root - INFO - get final performance on dataset UNvote...
2025-10-08 07:15:08,684 - root - INFO - validate loss: 0.6927
2025-10-08 07:15:08,684 - root - INFO - validate average_precision, 0.5178
2025-10-08 07:15:08,684 - root - INFO - validate roc_auc, 0.5179
2025-10-08 07:15:08,684 - root - INFO - new node validate loss: 0.6900
2025-10-08 07:15:08,684 - root - INFO - new node validate average_precision, 0.5709
2025-10-08 07:15:08,685 - root - INFO - new node validate roc_auc, 0.5698
2025-10-08 07:15:08,685 - root - INFO - test loss: 0.6932
2025-10-08 07:15:08,685 - root - INFO - test average_precision, 0.5050
2025-10-08 07:15:08,685 - root - INFO - test roc_auc, 0.5091
2025-10-08 07:15:08,685 - root - INFO - new node test loss: 0.6940
2025-10-08 07:15:08,685 - root - INFO - new node test average_precision, 0.4818
2025-10-08 07:15:08,685 - root - INFO - new node test roc_auc, 0.4743
2025-10-08 07:15:08,695 - root - INFO - ✅ Metrics saved to: ./saved_metrics/DyGMamba/UNvote/DyGMamba_mercer_seed0
2025-10-08 07:15:08,695 - root - INFO - Run 1 cost 115.58 seconds.
