2025-10-08 07:18:23,443 - root - INFO - ********** Run 2 starts. **********
2025-10-08 07:18:23,443 - root - INFO - configuration is Namespace(dataset_name='reddit', batch_size=200, model_name='TCL', gpu=0, num_neighbors=20, sample_neighbor_strategy='uniform', time_scaling_factor=1e-06, num_walk_heads=8, num_heads=2, num_layers=2, walk_length=1, time_gap=2000, time_feat_dim=100, position_feat_dim=172, time_window_mode='fixed_proportion', time_encoder_type='mercer', expert_dim=128, num_mixtures=16, sort_neighbors_by_time=False, patch_size=1, channel_embedding_dim=50, max_input_sequence_length=32, learning_rate=0.0001, dropout=0.1, gamma=0.5, num_epochs=2, optimizer='Adam', weight_decay=0.0, patience=20, val_ratio=0.15, test_ratio=0.15, num_runs=2, test_interval_epochs=100, negative_sample_strategy='random', max_interaction_times=10, load_best_configs=True, data_ratio=0.05, seed=1, save_model_name_suffix='', ablation_dir='', mamba_d_state=256, mamba_d_conv=4, mamba_expand=2, mamba_headdim=64, resume_from_checkpoint=None, save_checkpoints=True, checkpoint_interval=20, start_from_seed=0, max_checkpoints_to_keep=3, checkpoint_strategy='minimal', validate_checkpoints=True, device='cuda:0', save_model_name='TCL_mercer_seed1')
2025-10-08 07:18:23,445 - root - INFO - Metrics will be saved to: ./saved_metrics/TCL/reddit/TCL_mercer_seed1
2025-10-08 07:18:23,445 - root - INFO - time encoder type: mercer
2025-10-08 07:18:23,445 - root - INFO - Time encoder will be injected into TCL model
2025-10-08 07:18:23,679 - root - INFO - model -> Sequential(
  (0): TCL(
    (time_encoder): TimeEncoderWrapper(
      (encoder): MercerTimeEncoder()
    )
    (depth_embedding): Embedding(21, 172)
    (projection_layer): ModuleDict(
      (node): Linear(in_features=172, out_features=172, bias=True)
      (edge): Linear(in_features=172, out_features=172, bias=True)
      (time): Linear(in_features=100, out_features=172, bias=True)
    )
    (transformers): ModuleList(
      (0-1): 2 x TransformerEncoder(
        (multi_head_attention): MultiheadAttention(
          (out_proj): NonDynamicallyQuantizableLinear(in_features=172, out_features=172, bias=True)
        )
        (dropout): Dropout(p=0.1, inplace=False)
        (linear_layers): ModuleList(
          (0): Linear(in_features=172, out_features=688, bias=True)
          (1): Linear(in_features=688, out_features=172, bias=True)
        )
        (norm_layers): ModuleList(
          (0-1): 2 x LayerNorm((172,), eps=1e-05, elementwise_affine=True)
        )
      )
    )
    (output_layer): Linear(in_features=172, out_features=172, bias=True)
  )
  (1): MergeLayer(
    (fc1): Linear(in_features=344, out_features=172, bias=True)
    (fc2): Linear(in_features=172, out_features=1, bias=True)
    (act): ReLU()
  )
)
2025-10-08 07:18:23,679 - root - INFO - model name: TCL, #parameters: 3544212 B, 3461.14453125 KB, 3.380023956298828 MB.
2025-10-08 07:18:29,810 - root - INFO - Epoch: 1, learning rate: 0.0001, train loss: 0.6022
2025-10-08 07:18:29,810 - root - INFO - train average_precision, 0.7176
2025-10-08 07:18:29,810 - root - INFO - train roc_auc, 0.7377
2025-10-08 07:18:29,810 - root - INFO - validate loss: 0.5556
2025-10-08 07:18:29,811 - root - INFO - validate average_precision, 0.7763
2025-10-08 07:18:29,811 - root - INFO - validate roc_auc, 0.7799
2025-10-08 07:18:29,811 - root - INFO - new node validate loss: 0.6443
2025-10-08 07:18:29,811 - root - INFO - new node validate average_precision, 0.6806
2025-10-08 07:18:29,811 - root - INFO - new node validate roc_auc, 0.6881
2025-10-08 07:18:29,820 - root - INFO - save model ./saved_models/TCL/reddit/TCL_mercer_seed1/TCL_mercer_seed1.pkl
2025-10-08 07:18:35,765 - root - INFO - Epoch: 2, learning rate: 0.0001, train loss: 0.5054
2025-10-08 07:18:35,765 - root - INFO - train average_precision, 0.8225
2025-10-08 07:18:35,766 - root - INFO - train roc_auc, 0.8328
2025-10-08 07:18:35,766 - root - INFO - validate loss: 0.5137
2025-10-08 07:18:35,766 - root - INFO - validate average_precision, 0.8201
2025-10-08 07:18:35,766 - root - INFO - validate roc_auc, 0.8204
2025-10-08 07:18:35,766 - root - INFO - new node validate loss: 0.6382
2025-10-08 07:18:35,766 - root - INFO - new node validate average_precision, 0.7059
2025-10-08 07:18:35,766 - root - INFO - new node validate roc_auc, 0.7100
2025-10-08 07:18:35,770 - root - INFO - save model ./saved_models/TCL/reddit/TCL_mercer_seed1/TCL_mercer_seed1.pkl
2025-10-08 07:18:35,808 - root - INFO - load model ./saved_models/TCL/reddit/TCL_mercer_seed1/TCL_mercer_seed1.pkl
2025-10-08 07:18:35,820 - root - INFO - get final performance on dataset reddit...
2025-10-08 07:18:38,155 - root - INFO - validate loss: 0.5137
2025-10-08 07:18:38,156 - root - INFO - validate average_precision, 0.8201
2025-10-08 07:18:38,156 - root - INFO - validate roc_auc, 0.8204
2025-10-08 07:18:38,156 - root - INFO - new node validate loss: 0.6382
2025-10-08 07:18:38,156 - root - INFO - new node validate average_precision, 0.7059
2025-10-08 07:18:38,156 - root - INFO - new node validate roc_auc, 0.7100
2025-10-08 07:18:38,156 - root - INFO - test loss: 0.4982
2025-10-08 07:18:38,156 - root - INFO - test average_precision, 0.8332
2025-10-08 07:18:38,156 - root - INFO - test roc_auc, 0.8324
2025-10-08 07:18:38,156 - root - INFO - new node test loss: 0.6338
2025-10-08 07:18:38,156 - root - INFO - new node test average_precision, 0.7195
2025-10-08 07:18:38,156 - root - INFO - new node test roc_auc, 0.7194
2025-10-08 07:18:38,164 - root - INFO - ✅ Metrics saved to: ./saved_metrics/TCL/reddit/TCL_mercer_seed1
2025-10-08 07:18:38,164 - root - INFO - Run 2 cost 14.72 seconds.
2025-10-08 07:18:38,169 - root - INFO - metrics over 2 runs:
2025-10-08 07:18:38,169 - root - INFO - validate average_precision, [np.float64(0.8204006486565103), np.float64(0.8201377245546078)]
2025-10-08 07:18:38,169 - root - INFO - average validate average_precision, 0.8203 ± 0.0002
2025-10-08 07:18:38,169 - root - INFO - validate roc_auc, [np.float64(0.8208854877376546), np.float64(0.8204452627719765)]
2025-10-08 07:18:38,169 - root - INFO - average validate roc_auc, 0.8207 ± 0.0003
2025-10-08 07:18:38,169 - root - INFO - new node validate average_precision, [np.float64(0.718112674860327), np.float64(0.7059089004948598)]
2025-10-08 07:18:38,169 - root - INFO - average new node validate average_precision, 0.7120 ± 0.0086
2025-10-08 07:18:38,169 - root - INFO - new node validate roc_auc, [np.float64(0.7180805821863575), np.float64(0.709972693292337)]
2025-10-08 07:18:38,169 - root - INFO - average new node validate roc_auc, 0.7140 ± 0.0057
2025-10-08 07:18:38,169 - root - INFO - test average_precision, [np.float64(0.8343955502887587), np.float64(0.8331729180987669)]
2025-10-08 07:18:38,169 - root - INFO - average test average_precision, 0.8338 ± 0.0009
2025-10-08 07:18:38,170 - root - INFO - test roc_auc, [np.float64(0.8356455061983472), np.float64(0.8323954585187541)]
2025-10-08 07:18:38,170 - root - INFO - average test roc_auc, 0.8340 ± 0.0023
2025-10-08 07:18:38,170 - root - INFO - new node test average_precision, [np.float64(0.724635562932103), np.float64(0.7194597493153309)]
2025-10-08 07:18:38,170 - root - INFO - average new node test average_precision, 0.7220 ± 0.0037
2025-10-08 07:18:38,170 - root - INFO - new node test roc_auc, [np.float64(0.7291991603185596), np.float64(0.7194305719067405)]
2025-10-08 07:18:38,170 - root - INFO - average new node test roc_auc, 0.7243 ± 0.0069
