2025-10-02 18:55:00,711 - root - INFO - ********** Run 3 starts. **********
2025-10-02 18:55:00,712 - root - INFO - configuration is Namespace(dataset_name='mooc', batch_size=200, model_name='JODIE', gpu=0, num_neighbors=10, sample_neighbor_strategy='uniform', time_scaling_factor=1e-06, num_walk_heads=8, num_heads=2, num_layers=1, walk_length=1, time_gap=2000, time_feat_dim=128, position_feat_dim=172, time_window_mode='fixed_proportion', time_encoder_type='original', expert_dim=64, num_mixtures=4, patch_size=1, channel_embedding_dim=50, max_input_sequence_length=32, learning_rate=0.0001, dropout=0.2, gamma=0.5, num_epochs=100, optimizer='Adam', weight_decay=0.0, patience=20, val_ratio=0.15, test_ratio=0.15, num_runs=5, test_interval_epochs=1, negative_sample_strategy='random', max_interaction_times=10, load_best_configs=True, device='cuda:0', seed=2, save_model_name='JODIE_original_seed2')
2025-10-02 18:55:00,712 - root - INFO - time encoder type: original
2025-10-02 18:55:01,094 - root - INFO - model -> Sequential(
  (0): MemoryModel(
    (time_encoder): TimeEncoder(
      (w): Linear(in_features=1, out_features=128, bias=True)
    )
    (message_aggregator): MessageAggregator()
    (memory_bank): MemoryBank(num_nodes=7145, memory_dim=172)
    (memory_updater): RNNMemoryUpdater(
      (memory_bank): MemoryBank(num_nodes=7145, memory_dim=172)
      (memory_updater): RNNCell(644, 172)
    )
    (embedding_module): TimeProjectionEmbedding(
      (dropout): Dropout(p=0.2, inplace=False)
      (linear_layer): Linear(in_features=1, out_features=172, bias=True)
    )
  )
  (1): MergeLayer(
    (fc1): Linear(in_features=344, out_features=172, bias=True)
    (fc2): Linear(in_features=172, out_features=1, bias=True)
    (act): ReLU()
  )
)
2025-10-02 18:55:01,095 - root - INFO - model name: JODIE, #parameters: 803236 B, 784.41015625 KB, 0.7660255432128906 MB.
2025-10-02 18:56:01,484 - root - INFO - Epoch: 1, learning rate: 0.0001, train loss: 0.4689
2025-10-02 18:56:01,485 - root - INFO - train average_precision, 0.7600
2025-10-02 18:56:01,485 - root - INFO - train roc_auc, 0.8171
2025-10-02 18:56:01,485 - root - INFO - validate loss: 0.5922
2025-10-02 18:56:01,485 - root - INFO - validate average_precision, 0.6726
2025-10-02 18:56:01,485 - root - INFO - validate roc_auc, 0.7229
2025-10-02 18:56:01,485 - root - INFO - new node validate loss: 0.6296
2025-10-02 18:56:01,485 - root - INFO - new node validate average_precision, 0.6481
2025-10-02 18:56:01,485 - root - INFO - new node validate roc_auc, 0.6914
2025-10-02 18:56:12,293 - root - INFO - test loss: 0.6241
2025-10-02 18:56:12,293 - root - INFO - test average_precision, 0.6279
2025-10-02 18:56:12,293 - root - INFO - best test average_precision: 0.6279
2025-10-02 18:56:12,293 - root - INFO - test roc_auc, 0.6755
2025-10-02 18:56:12,293 - root - INFO - new node test loss: 0.6091
2025-10-02 18:56:12,294 - root - INFO - new node test average_precision, 0.6652
2025-10-02 18:56:12,294 - root - INFO - new node test roc_auc, 0.7133
2025-10-02 18:56:12,294 - root - INFO - save model ./saved_models/JODIE/mooc/JODIE_original_seed2/JODIE_original_seed2.pkl
2025-10-02 18:57:14,934 - root - INFO - Epoch: 2, learning rate: 0.0001, train loss: 0.4157
2025-10-02 18:57:14,934 - root - INFO - train average_precision, 0.8191
2025-10-02 18:57:14,935 - root - INFO - train roc_auc, 0.8668
2025-10-02 18:57:14,935 - root - INFO - validate loss: 0.5595
2025-10-02 18:57:14,935 - root - INFO - validate average_precision, 0.7249
2025-10-02 18:57:14,935 - root - INFO - validate roc_auc, 0.7722
2025-10-02 18:57:14,935 - root - INFO - new node validate loss: 0.6784
2025-10-02 18:57:14,935 - root - INFO - new node validate average_precision, 0.6330
2025-10-02 18:57:14,935 - root - INFO - new node validate roc_auc, 0.6763
2025-10-02 18:57:25,615 - root - INFO - test loss: 0.5871
2025-10-02 18:57:25,615 - root - INFO - test average_precision, 0.6864
2025-10-02 18:57:25,615 - root - INFO - best test average_precision: 0.6864
2025-10-02 18:57:25,615 - root - INFO - test roc_auc, 0.7322
2025-10-02 18:57:25,615 - root - INFO - new node test loss: 0.5814
2025-10-02 18:57:25,615 - root - INFO - new node test average_precision, 0.7086
2025-10-02 18:57:25,615 - root - INFO - new node test roc_auc, 0.7551
2025-10-02 18:57:25,615 - root - INFO - save model ./saved_models/JODIE/mooc/JODIE_original_seed2/JODIE_original_seed2.pkl
2025-10-02 18:58:28,269 - root - INFO - Epoch: 3, learning rate: 0.0001, train loss: 0.4166
2025-10-02 18:58:28,269 - root - INFO - train average_precision, 0.8126
2025-10-02 18:58:28,269 - root - INFO - train roc_auc, 0.8620
2025-10-02 18:58:28,270 - root - INFO - validate loss: 0.5941
2025-10-02 18:58:28,270 - root - INFO - validate average_precision, 0.6922
2025-10-02 18:58:28,270 - root - INFO - validate roc_auc, 0.7341
2025-10-02 18:58:28,270 - root - INFO - new node validate loss: 0.6401
2025-10-02 18:58:28,270 - root - INFO - new node validate average_precision, 0.6666
2025-10-02 18:58:28,270 - root - INFO - new node validate roc_auc, 0.7038
2025-10-02 18:58:38,833 - root - INFO - test loss: 0.6689
2025-10-02 18:58:38,833 - root - INFO - test average_precision, 0.6088
2025-10-02 18:58:38,833 - root - INFO - best test average_precision: 0.6864
2025-10-02 18:58:38,833 - root - INFO - test roc_auc, 0.6398
2025-10-02 18:58:38,833 - root - INFO - new node test loss: 0.6412
2025-10-02 18:58:38,833 - root - INFO - new node test average_precision, 0.6537
2025-10-02 18:58:38,833 - root - INFO - new node test roc_auc, 0.6836
2025-10-02 18:59:39,308 - root - INFO - Epoch: 4, learning rate: 0.0001, train loss: 0.3945
2025-10-02 18:59:39,309 - root - INFO - train average_precision, 0.8359
2025-10-02 18:59:39,309 - root - INFO - train roc_auc, 0.8793
2025-10-02 18:59:39,309 - root - INFO - validate loss: 0.4880
2025-10-02 18:59:39,309 - root - INFO - validate average_precision, 0.7883
2025-10-02 18:59:39,310 - root - INFO - validate roc_auc, 0.8337
2025-10-02 18:59:39,310 - root - INFO - new node validate loss: 0.6300
2025-10-02 18:59:39,310 - root - INFO - new node validate average_precision, 0.6721
2025-10-02 18:59:39,310 - root - INFO - new node validate roc_auc, 0.7130
2025-10-02 18:59:49,827 - root - INFO - test loss: 0.5816
2025-10-02 18:59:49,827 - root - INFO - test average_precision, 0.7274
2025-10-02 18:59:49,827 - root - INFO - best test average_precision: 0.7274
2025-10-02 18:59:49,827 - root - INFO - test roc_auc, 0.7762
2025-10-02 18:59:49,827 - root - INFO - new node test loss: 0.5573
2025-10-02 18:59:49,827 - root - INFO - new node test average_precision, 0.7160
2025-10-02 18:59:49,827 - root - INFO - new node test roc_auc, 0.7678
2025-10-02 18:59:49,827 - root - INFO - save model ./saved_models/JODIE/mooc/JODIE_original_seed2/JODIE_original_seed2.pkl
2025-10-02 19:00:52,172 - root - INFO - Epoch: 5, learning rate: 0.0001, train loss: 0.3886
2025-10-02 19:00:52,172 - root - INFO - train average_precision, 0.8410
2025-10-02 19:00:52,173 - root - INFO - train roc_auc, 0.8829
2025-10-02 19:00:52,173 - root - INFO - validate loss: 0.5127
2025-10-02 19:00:52,173 - root - INFO - validate average_precision, 0.7720
2025-10-02 19:00:52,173 - root - INFO - validate roc_auc, 0.8167
2025-10-02 19:00:52,173 - root - INFO - new node validate loss: 0.6090
2025-10-02 19:00:52,173 - root - INFO - new node validate average_precision, 0.7005
2025-10-02 19:00:52,173 - root - INFO - new node validate roc_auc, 0.7423
2025-10-02 19:01:02,771 - root - INFO - test loss: 0.6329
2025-10-02 19:01:02,771 - root - INFO - test average_precision, 0.6941
2025-10-02 19:01:02,771 - root - INFO - best test average_precision: 0.7274
2025-10-02 19:01:02,771 - root - INFO - test roc_auc, 0.7483
2025-10-02 19:01:02,771 - root - INFO - new node test loss: 0.5835
2025-10-02 19:01:02,771 - root - INFO - new node test average_precision, 0.7228
2025-10-02 19:01:02,771 - root - INFO - new node test roc_auc, 0.7679
2025-10-02 19:02:02,981 - root - INFO - Epoch: 6, learning rate: 0.0001, train loss: 0.3785
2025-10-02 19:02:02,981 - root - INFO - train average_precision, 0.8465
2025-10-02 19:02:02,981 - root - INFO - train roc_auc, 0.8889
2025-10-02 19:02:02,981 - root - INFO - validate loss: 0.6644
2025-10-02 19:02:02,981 - root - INFO - validate average_precision, 0.6916
2025-10-02 19:02:02,982 - root - INFO - validate roc_auc, 0.7328
2025-10-02 19:02:02,982 - root - INFO - new node validate loss: 0.6188
2025-10-02 19:02:02,982 - root - INFO - new node validate average_precision, 0.6921
2025-10-02 19:02:02,982 - root - INFO - new node validate roc_auc, 0.7288
2025-10-02 19:02:13,508 - root - INFO - test loss: 0.8353
2025-10-02 19:02:13,508 - root - INFO - test average_precision, 0.6413
2025-10-02 19:02:13,508 - root - INFO - best test average_precision: 0.7274
2025-10-02 19:02:13,508 - root - INFO - test roc_auc, 0.6753
2025-10-02 19:02:13,509 - root - INFO - new node test loss: 0.7118
2025-10-02 19:02:13,509 - root - INFO - new node test average_precision, 0.6810
2025-10-02 19:02:13,509 - root - INFO - new node test roc_auc, 0.7185
2025-10-02 19:03:13,585 - root - INFO - Epoch: 7, learning rate: 0.0001, train loss: 0.3820
2025-10-02 19:03:13,586 - root - INFO - train average_precision, 0.8416
2025-10-02 19:03:13,586 - root - INFO - train roc_auc, 0.8855
2025-10-02 19:03:13,586 - root - INFO - validate loss: 0.4797
2025-10-02 19:03:13,586 - root - INFO - validate average_precision, 0.8047
2025-10-02 19:03:13,586 - root - INFO - validate roc_auc, 0.8446
2025-10-02 19:03:13,586 - root - INFO - new node validate loss: 0.6544
2025-10-02 19:03:13,586 - root - INFO - new node validate average_precision, 0.6710
2025-10-02 19:03:13,586 - root - INFO - new node validate roc_auc, 0.6948
2025-10-02 19:03:24,180 - root - INFO - test loss: 0.5007
2025-10-02 19:03:24,180 - root - INFO - test average_precision, 0.7889
2025-10-02 19:03:24,181 - root - INFO - best test average_precision: 0.7889
2025-10-02 19:03:24,181 - root - INFO - test roc_auc, 0.8257
2025-10-02 19:03:24,181 - root - INFO - new node test loss: 0.5232
2025-10-02 19:03:24,181 - root - INFO - new node test average_precision, 0.7533
2025-10-02 19:03:24,181 - root - INFO - new node test roc_auc, 0.8037
2025-10-02 19:03:24,181 - root - INFO - save model ./saved_models/JODIE/mooc/JODIE_original_seed2/JODIE_original_seed2.pkl
2025-10-02 19:04:26,525 - root - INFO - Epoch: 8, learning rate: 0.0001, train loss: 0.3663
2025-10-02 19:04:26,525 - root - INFO - train average_precision, 0.8593
2025-10-02 19:04:26,526 - root - INFO - train roc_auc, 0.8973
2025-10-02 19:04:26,526 - root - INFO - validate loss: 0.4876
2025-10-02 19:04:26,526 - root - INFO - validate average_precision, 0.8017
2025-10-02 19:04:26,526 - root - INFO - validate roc_auc, 0.8409
2025-10-02 19:04:26,526 - root - INFO - new node validate loss: 0.5987
2025-10-02 19:04:26,526 - root - INFO - new node validate average_precision, 0.7229
2025-10-02 19:04:26,526 - root - INFO - new node validate roc_auc, 0.7618
2025-10-02 19:04:37,035 - root - INFO - test loss: 0.5148
2025-10-02 19:04:37,035 - root - INFO - test average_precision, 0.7771
2025-10-02 19:04:37,035 - root - INFO - best test average_precision: 0.7889
2025-10-02 19:04:37,035 - root - INFO - test roc_auc, 0.8118
2025-10-02 19:04:37,035 - root - INFO - new node test loss: 0.5111
2025-10-02 19:04:37,036 - root - INFO - new node test average_precision, 0.7855
2025-10-02 19:04:37,036 - root - INFO - new node test roc_auc, 0.8238
2025-10-02 19:05:37,225 - root - INFO - Epoch: 9, learning rate: 0.0001, train loss: 0.3571
2025-10-02 19:05:37,225 - root - INFO - train average_precision, 0.8666
2025-10-02 19:05:37,225 - root - INFO - train roc_auc, 0.9027
2025-10-02 19:05:37,225 - root - INFO - validate loss: 0.4915
2025-10-02 19:05:37,225 - root - INFO - validate average_precision, 0.7960
2025-10-02 19:05:37,226 - root - INFO - validate roc_auc, 0.8328
2025-10-02 19:05:37,226 - root - INFO - new node validate loss: 0.5787
2025-10-02 19:05:37,226 - root - INFO - new node validate average_precision, 0.7382
2025-10-02 19:05:37,226 - root - INFO - new node validate roc_auc, 0.7761
2025-10-02 19:05:47,935 - root - INFO - test loss: 0.5475
2025-10-02 19:05:47,935 - root - INFO - test average_precision, 0.7492
2025-10-02 19:05:47,935 - root - INFO - best test average_precision: 0.7889
2025-10-02 19:05:47,935 - root - INFO - test roc_auc, 0.7868
2025-10-02 19:05:47,935 - root - INFO - new node test loss: 0.5236
2025-10-02 19:05:47,935 - root - INFO - new node test average_precision, 0.7753
2025-10-02 19:05:47,935 - root - INFO - new node test roc_auc, 0.8120
2025-10-02 19:06:48,045 - root - INFO - Epoch: 10, learning rate: 0.0001, train loss: 0.3556
2025-10-02 19:06:48,045 - root - INFO - train average_precision, 0.8677
2025-10-02 19:06:48,046 - root - INFO - train roc_auc, 0.9034
2025-10-02 19:06:48,046 - root - INFO - validate loss: 0.4711
2025-10-02 19:06:48,046 - root - INFO - validate average_precision, 0.8177
2025-10-02 19:06:48,046 - root - INFO - validate roc_auc, 0.8521
2025-10-02 19:06:48,046 - root - INFO - new node validate loss: 0.6180
2025-10-02 19:06:48,046 - root - INFO - new node validate average_precision, 0.7059
2025-10-02 19:06:48,046 - root - INFO - new node validate roc_auc, 0.7397
2025-10-02 19:06:58,569 - root - INFO - test loss: 0.5004
2025-10-02 19:06:58,570 - root - INFO - test average_precision, 0.7923
2025-10-02 19:06:58,570 - root - INFO - best test average_precision: 0.7923
2025-10-02 19:06:58,570 - root - INFO - test roc_auc, 0.8257
2025-10-02 19:06:58,570 - root - INFO - new node test loss: 0.5024
2025-10-02 19:06:58,570 - root - INFO - new node test average_precision, 0.7830
2025-10-02 19:06:58,570 - root - INFO - new node test roc_auc, 0.8254
2025-10-02 19:06:58,570 - root - INFO - save model ./saved_models/JODIE/mooc/JODIE_original_seed2/JODIE_original_seed2.pkl
2025-10-02 19:08:00,822 - root - INFO - Epoch: 11, learning rate: 0.0001, train loss: 0.3528
2025-10-02 19:08:00,822 - root - INFO - train average_precision, 0.8692
2025-10-02 19:08:00,823 - root - INFO - train roc_auc, 0.9047
2025-10-02 19:08:00,823 - root - INFO - validate loss: 0.4942
2025-10-02 19:08:00,823 - root - INFO - validate average_precision, 0.7995
2025-10-02 19:08:00,823 - root - INFO - validate roc_auc, 0.8327
2025-10-02 19:08:00,823 - root - INFO - new node validate loss: 0.5708
2025-10-02 19:08:00,823 - root - INFO - new node validate average_precision, 0.7545
2025-10-02 19:08:00,823 - root - INFO - new node validate roc_auc, 0.7872
2025-10-02 19:08:11,308 - root - INFO - test loss: 0.5531
2025-10-02 19:08:11,308 - root - INFO - test average_precision, 0.7427
2025-10-02 19:08:11,308 - root - INFO - best test average_precision: 0.7923
2025-10-02 19:08:11,308 - root - INFO - test roc_auc, 0.7789
2025-10-02 19:08:11,308 - root - INFO - new node test loss: 0.5257
2025-10-02 19:08:11,309 - root - INFO - new node test average_precision, 0.7741
2025-10-02 19:08:11,309 - root - INFO - new node test roc_auc, 0.8083
2025-10-02 19:09:11,541 - root - INFO - Epoch: 12, learning rate: 0.0001, train loss: 0.3506
2025-10-02 19:09:11,541 - root - INFO - train average_precision, 0.8717
2025-10-02 19:09:11,541 - root - INFO - train roc_auc, 0.9061
2025-10-02 19:09:11,541 - root - INFO - validate loss: 0.4757
2025-10-02 19:09:11,541 - root - INFO - validate average_precision, 0.8107
2025-10-02 19:09:11,541 - root - INFO - validate roc_auc, 0.8457
2025-10-02 19:09:11,542 - root - INFO - new node validate loss: 0.5937
2025-10-02 19:09:11,542 - root - INFO - new node validate average_precision, 0.7401
2025-10-02 19:09:11,542 - root - INFO - new node validate roc_auc, 0.7730
2025-10-02 19:09:22,160 - root - INFO - test loss: 0.5253
2025-10-02 19:09:22,160 - root - INFO - test average_precision, 0.7602
2025-10-02 19:09:22,160 - root - INFO - best test average_precision: 0.7923
2025-10-02 19:09:22,160 - root - INFO - test roc_auc, 0.8020
2025-10-02 19:09:22,160 - root - INFO - new node test loss: 0.4998
2025-10-02 19:09:22,160 - root - INFO - new node test average_precision, 0.7855
2025-10-02 19:09:22,161 - root - INFO - new node test roc_auc, 0.8278
2025-10-02 19:10:22,517 - root - INFO - Epoch: 13, learning rate: 0.0001, train loss: 0.3474
2025-10-02 19:10:22,517 - root - INFO - train average_precision, 0.8744
2025-10-02 19:10:22,517 - root - INFO - train roc_auc, 0.9080
2025-10-02 19:10:22,517 - root - INFO - validate loss: 0.4938
2025-10-02 19:10:22,517 - root - INFO - validate average_precision, 0.7968
2025-10-02 19:10:22,517 - root - INFO - validate roc_auc, 0.8324
2025-10-02 19:10:22,517 - root - INFO - new node validate loss: 0.5654
2025-10-02 19:10:22,517 - root - INFO - new node validate average_precision, 0.7567
2025-10-02 19:10:22,518 - root - INFO - new node validate roc_auc, 0.7899
2025-10-02 19:10:32,966 - root - INFO - test loss: 0.5494
2025-10-02 19:10:32,966 - root - INFO - test average_precision, 0.7457
2025-10-02 19:10:32,967 - root - INFO - best test average_precision: 0.7923
2025-10-02 19:10:32,967 - root - INFO - test roc_auc, 0.7877
2025-10-02 19:10:32,967 - root - INFO - new node test loss: 0.5117
2025-10-02 19:10:32,967 - root - INFO - new node test average_precision, 0.7822
2025-10-02 19:10:32,967 - root - INFO - new node test roc_auc, 0.8204
2025-10-02 19:11:33,107 - root - INFO - Epoch: 14, learning rate: 0.0001, train loss: 0.3477
2025-10-02 19:11:33,107 - root - INFO - train average_precision, 0.8731
2025-10-02 19:11:33,108 - root - INFO - train roc_auc, 0.9076
2025-10-02 19:11:33,108 - root - INFO - validate loss: 0.4826
2025-10-02 19:11:33,108 - root - INFO - validate average_precision, 0.8160
2025-10-02 19:11:33,108 - root - INFO - validate roc_auc, 0.8453
2025-10-02 19:11:33,108 - root - INFO - new node validate loss: 0.6310
2025-10-02 19:11:33,108 - root - INFO - new node validate average_precision, 0.6966
2025-10-02 19:11:33,108 - root - INFO - new node validate roc_auc, 0.7406
2025-10-02 19:11:43,527 - root - INFO - test loss: 0.5189
2025-10-02 19:11:43,528 - root - INFO - test average_precision, 0.7769
2025-10-02 19:11:43,528 - root - INFO - best test average_precision: 0.7923
2025-10-02 19:11:43,528 - root - INFO - test roc_auc, 0.8084
2025-10-02 19:11:43,528 - root - INFO - new node test loss: 0.5255
2025-10-02 19:11:43,528 - root - INFO - new node test average_precision, 0.7860
2025-10-02 19:11:43,528 - root - INFO - new node test roc_auc, 0.8148
2025-10-02 19:12:43,599 - root - INFO - Epoch: 15, learning rate: 0.0001, train loss: 0.3453
2025-10-02 19:12:43,599 - root - INFO - train average_precision, 0.8760
2025-10-02 19:12:43,599 - root - INFO - train roc_auc, 0.9092
2025-10-02 19:12:43,599 - root - INFO - validate loss: 0.4683
2025-10-02 19:12:43,599 - root - INFO - validate average_precision, 0.8311
2025-10-02 19:12:43,600 - root - INFO - validate roc_auc, 0.8610
2025-10-02 19:12:43,600 - root - INFO - new node validate loss: 0.6609
2025-10-02 19:12:43,600 - root - INFO - new node validate average_precision, 0.6898
2025-10-02 19:12:43,600 - root - INFO - new node validate roc_auc, 0.7234
2025-10-02 19:12:54,223 - root - INFO - test loss: 0.4978
2025-10-02 19:12:54,224 - root - INFO - test average_precision, 0.7943
2025-10-02 19:12:54,224 - root - INFO - best test average_precision: 0.7943
2025-10-02 19:12:54,224 - root - INFO - test roc_auc, 0.8323
2025-10-02 19:12:54,224 - root - INFO - new node test loss: 0.5032
2025-10-02 19:12:54,224 - root - INFO - new node test average_precision, 0.8103
2025-10-02 19:12:54,224 - root - INFO - new node test roc_auc, 0.8413
2025-10-02 19:12:54,224 - root - INFO - save model ./saved_models/JODIE/mooc/JODIE_original_seed2/JODIE_original_seed2.pkl
2025-10-02 19:13:56,649 - root - INFO - Epoch: 16, learning rate: 0.0001, train loss: 0.3414
2025-10-02 19:13:56,650 - root - INFO - train average_precision, 0.8792
2025-10-02 19:13:56,650 - root - INFO - train roc_auc, 0.9116
2025-10-02 19:13:56,650 - root - INFO - validate loss: 0.5016
2025-10-02 19:13:56,650 - root - INFO - validate average_precision, 0.7844
2025-10-02 19:13:56,650 - root - INFO - validate roc_auc, 0.8227
2025-10-02 19:13:56,650 - root - INFO - new node validate loss: 0.5957
2025-10-02 19:13:56,651 - root - INFO - new node validate average_precision, 0.7399
2025-10-02 19:13:56,651 - root - INFO - new node validate roc_auc, 0.7741
2025-10-02 19:14:07,282 - root - INFO - test loss: 0.5632
2025-10-02 19:14:07,282 - root - INFO - test average_precision, 0.7232
2025-10-02 19:14:07,282 - root - INFO - best test average_precision: 0.7943
2025-10-02 19:14:07,283 - root - INFO - test roc_auc, 0.7701
2025-10-02 19:14:07,283 - root - INFO - new node test loss: 0.5208
2025-10-02 19:14:07,283 - root - INFO - new node test average_precision, 0.7793
2025-10-02 19:14:07,283 - root - INFO - new node test roc_auc, 0.8164
2025-10-02 19:15:07,501 - root - INFO - Epoch: 17, learning rate: 0.0001, train loss: 0.3384
2025-10-02 19:15:07,501 - root - INFO - train average_precision, 0.8820
2025-10-02 19:15:07,501 - root - INFO - train roc_auc, 0.9133
2025-10-02 19:15:07,501 - root - INFO - validate loss: 0.4938
2025-10-02 19:15:07,502 - root - INFO - validate average_precision, 0.8036
2025-10-02 19:15:07,502 - root - INFO - validate roc_auc, 0.8367
2025-10-02 19:15:07,502 - root - INFO - new node validate loss: 0.5981
2025-10-02 19:15:07,502 - root - INFO - new node validate average_precision, 0.7448
2025-10-02 19:15:07,502 - root - INFO - new node validate roc_auc, 0.7725
2025-10-02 19:15:18,075 - root - INFO - test loss: 0.5512
2025-10-02 19:15:18,075 - root - INFO - test average_precision, 0.7303
2025-10-02 19:15:18,075 - root - INFO - best test average_precision: 0.7943
2025-10-02 19:15:18,075 - root - INFO - test roc_auc, 0.7786
2025-10-02 19:15:18,075 - root - INFO - new node test loss: 0.5146
2025-10-02 19:15:18,075 - root - INFO - new node test average_precision, 0.7883
2025-10-02 19:15:18,075 - root - INFO - new node test roc_auc, 0.8224
2025-10-02 19:16:18,365 - root - INFO - Epoch: 18, learning rate: 0.0001, train loss: 0.3358
2025-10-02 19:16:18,365 - root - INFO - train average_precision, 0.8838
2025-10-02 19:16:18,365 - root - INFO - train roc_auc, 0.9145
2025-10-02 19:16:18,365 - root - INFO - validate loss: 0.5194
2025-10-02 19:16:18,365 - root - INFO - validate average_precision, 0.7750
2025-10-02 19:16:18,366 - root - INFO - validate roc_auc, 0.8151
2025-10-02 19:16:18,366 - root - INFO - new node validate loss: 0.5872
2025-10-02 19:16:18,366 - root - INFO - new node validate average_precision, 0.7570
2025-10-02 19:16:18,366 - root - INFO - new node validate roc_auc, 0.7839
2025-10-02 19:16:28,891 - root - INFO - test loss: 0.5921
2025-10-02 19:16:28,891 - root - INFO - test average_precision, 0.7030
2025-10-02 19:16:28,891 - root - INFO - best test average_precision: 0.7943
2025-10-02 19:16:28,891 - root - INFO - test roc_auc, 0.7553
2025-10-02 19:16:28,891 - root - INFO - new node test loss: 0.5478
2025-10-02 19:16:28,891 - root - INFO - new node test average_precision, 0.7558
2025-10-02 19:16:28,892 - root - INFO - new node test roc_auc, 0.7976
2025-10-02 19:17:28,936 - root - INFO - Epoch: 19, learning rate: 0.0001, train loss: 0.3390
2025-10-02 19:17:28,936 - root - INFO - train average_precision, 0.8809
2025-10-02 19:17:28,937 - root - INFO - train roc_auc, 0.9128
2025-10-02 19:17:28,937 - root - INFO - validate loss: 0.5033
2025-10-02 19:17:28,937 - root - INFO - validate average_precision, 0.7916
2025-10-02 19:17:28,937 - root - INFO - validate roc_auc, 0.8268
2025-10-02 19:17:28,937 - root - INFO - new node validate loss: 0.5893
2025-10-02 19:17:28,937 - root - INFO - new node validate average_precision, 0.7505
2025-10-02 19:17:28,937 - root - INFO - new node validate roc_auc, 0.7830
2025-10-02 19:17:39,412 - root - INFO - test loss: 0.5539
2025-10-02 19:17:39,412 - root - INFO - test average_precision, 0.7328
2025-10-02 19:17:39,412 - root - INFO - best test average_precision: 0.7943
2025-10-02 19:17:39,412 - root - INFO - test roc_auc, 0.7760
2025-10-02 19:17:39,412 - root - INFO - new node test loss: 0.5129
2025-10-02 19:17:39,412 - root - INFO - new node test average_precision, 0.7889
2025-10-02 19:17:39,412 - root - INFO - new node test roc_auc, 0.8242
2025-10-02 19:18:39,535 - root - INFO - Epoch: 20, learning rate: 0.0001, train loss: 0.3346
2025-10-02 19:18:39,536 - root - INFO - train average_precision, 0.8852
2025-10-02 19:18:39,536 - root - INFO - train roc_auc, 0.9154
2025-10-02 19:18:39,536 - root - INFO - validate loss: 0.4873
2025-10-02 19:18:39,536 - root - INFO - validate average_precision, 0.8170
2025-10-02 19:18:39,536 - root - INFO - validate roc_auc, 0.8478
2025-10-02 19:18:39,536 - root - INFO - new node validate loss: 0.6141
2025-10-02 19:18:39,536 - root - INFO - new node validate average_precision, 0.7237
2025-10-02 19:18:39,537 - root - INFO - new node validate roc_auc, 0.7651
2025-10-02 19:18:50,048 - root - INFO - test loss: 0.5322
2025-10-02 19:18:50,048 - root - INFO - test average_precision, 0.7684
2025-10-02 19:18:50,048 - root - INFO - best test average_precision: 0.7943
2025-10-02 19:18:50,048 - root - INFO - test roc_auc, 0.8080
2025-10-02 19:18:50,048 - root - INFO - new node test loss: 0.5108
2025-10-02 19:18:50,048 - root - INFO - new node test average_precision, 0.7983
2025-10-02 19:18:50,048 - root - INFO - new node test roc_auc, 0.8307
2025-10-02 19:19:50,014 - root - INFO - Epoch: 21, learning rate: 0.0001, train loss: 0.3334
2025-10-02 19:19:50,014 - root - INFO - train average_precision, 0.8865
2025-10-02 19:19:50,014 - root - INFO - train roc_auc, 0.9163
2025-10-02 19:19:50,015 - root - INFO - validate loss: 0.4773
2025-10-02 19:19:50,015 - root - INFO - validate average_precision, 0.8224
2025-10-02 19:19:50,015 - root - INFO - validate roc_auc, 0.8499
2025-10-02 19:19:50,015 - root - INFO - new node validate loss: 0.6228
2025-10-02 19:19:50,015 - root - INFO - new node validate average_precision, 0.7207
2025-10-02 19:19:50,015 - root - INFO - new node validate roc_auc, 0.7598
2025-10-02 19:20:00,577 - root - INFO - test loss: 0.5183
2025-10-02 19:20:00,577 - root - INFO - test average_precision, 0.7728
2025-10-02 19:20:00,577 - root - INFO - best test average_precision: 0.7943
2025-10-02 19:20:00,577 - root - INFO - test roc_auc, 0.8057
2025-10-02 19:20:00,577 - root - INFO - new node test loss: 0.5274
2025-10-02 19:20:00,577 - root - INFO - new node test average_precision, 0.7912
2025-10-02 19:20:00,578 - root - INFO - new node test roc_auc, 0.8160
2025-10-02 19:21:00,532 - root - INFO - Epoch: 22, learning rate: 0.0001, train loss: 0.3354
2025-10-02 19:21:00,533 - root - INFO - train average_precision, 0.8840
2025-10-02 19:21:00,533 - root - INFO - train roc_auc, 0.9149
2025-10-02 19:21:00,533 - root - INFO - validate loss: 0.4665
2025-10-02 19:21:00,533 - root - INFO - validate average_precision, 0.8344
2025-10-02 19:21:00,533 - root - INFO - validate roc_auc, 0.8621
2025-10-02 19:21:00,533 - root - INFO - new node validate loss: 0.6084
2025-10-02 19:21:00,533 - root - INFO - new node validate average_precision, 0.7305
2025-10-02 19:21:00,533 - root - INFO - new node validate roc_auc, 0.7682
2025-10-02 19:21:10,958 - root - INFO - test loss: 0.4998
2025-10-02 19:21:10,958 - root - INFO - test average_precision, 0.8028
2025-10-02 19:21:10,958 - root - INFO - best test average_precision: 0.8028
2025-10-02 19:21:10,958 - root - INFO - test roc_auc, 0.8347
2025-10-02 19:21:10,958 - root - INFO - new node test loss: 0.4918
2025-10-02 19:21:10,958 - root - INFO - new node test average_precision, 0.8179
2025-10-02 19:21:10,958 - root - INFO - new node test roc_auc, 0.8445
2025-10-02 19:21:10,959 - root - INFO - save model ./saved_models/JODIE/mooc/JODIE_original_seed2/JODIE_original_seed2.pkl
2025-10-02 19:22:13,199 - root - INFO - Epoch: 23, learning rate: 0.0001, train loss: 0.3317
2025-10-02 19:22:13,199 - root - INFO - train average_precision, 0.8867
2025-10-02 19:22:13,199 - root - INFO - train roc_auc, 0.9170
2025-10-02 19:22:13,199 - root - INFO - validate loss: 0.4908
2025-10-02 19:22:13,199 - root - INFO - validate average_precision, 0.8174
2025-10-02 19:22:13,200 - root - INFO - validate roc_auc, 0.8468
2025-10-02 19:22:13,200 - root - INFO - new node validate loss: 0.6440
2025-10-02 19:22:13,200 - root - INFO - new node validate average_precision, 0.7068
2025-10-02 19:22:13,200 - root - INFO - new node validate roc_auc, 0.7469
2025-10-02 19:22:23,874 - root - INFO - test loss: 0.5279
2025-10-02 19:22:23,874 - root - INFO - test average_precision, 0.7707
2025-10-02 19:22:23,874 - root - INFO - best test average_precision: 0.8028
2025-10-02 19:22:23,874 - root - INFO - test roc_auc, 0.8060
2025-10-02 19:22:23,874 - root - INFO - new node test loss: 0.5521
2025-10-02 19:22:23,874 - root - INFO - new node test average_precision, 0.7870
2025-10-02 19:22:23,874 - root - INFO - new node test roc_auc, 0.8130
2025-10-02 19:23:24,016 - root - INFO - Epoch: 24, learning rate: 0.0001, train loss: 0.3318
2025-10-02 19:23:24,016 - root - INFO - train average_precision, 0.8872
2025-10-02 19:23:24,016 - root - INFO - train roc_auc, 0.9168
2025-10-02 19:23:24,016 - root - INFO - validate loss: 0.4667
2025-10-02 19:23:24,016 - root - INFO - validate average_precision, 0.8371
2025-10-02 19:23:24,016 - root - INFO - validate roc_auc, 0.8640
2025-10-02 19:23:24,016 - root - INFO - new node validate loss: 0.6166
2025-10-02 19:23:24,017 - root - INFO - new node validate average_precision, 0.7426
2025-10-02 19:23:24,017 - root - INFO - new node validate roc_auc, 0.7722
2025-10-02 19:23:34,605 - root - INFO - test loss: 0.5006
2025-10-02 19:23:34,605 - root - INFO - test average_precision, 0.8008
2025-10-02 19:23:34,605 - root - INFO - best test average_precision: 0.8028
2025-10-02 19:23:34,605 - root - INFO - test roc_auc, 0.8317
2025-10-02 19:23:34,605 - root - INFO - new node test loss: 0.4971
2025-10-02 19:23:34,605 - root - INFO - new node test average_precision, 0.8160
2025-10-02 19:23:34,605 - root - INFO - new node test roc_auc, 0.8437
2025-10-02 19:23:34,605 - root - INFO - save model ./saved_models/JODIE/mooc/JODIE_original_seed2/JODIE_original_seed2.pkl
2025-10-02 19:24:36,964 - root - INFO - Epoch: 25, learning rate: 0.0001, train loss: 0.3315
2025-10-02 19:24:36,964 - root - INFO - train average_precision, 0.8870
2025-10-02 19:24:36,964 - root - INFO - train roc_auc, 0.9170
2025-10-02 19:24:36,964 - root - INFO - validate loss: 0.4913
2025-10-02 19:24:36,965 - root - INFO - validate average_precision, 0.8227
2025-10-02 19:24:36,965 - root - INFO - validate roc_auc, 0.8506
2025-10-02 19:24:36,965 - root - INFO - new node validate loss: 0.6446
2025-10-02 19:24:36,965 - root - INFO - new node validate average_precision, 0.7164
2025-10-02 19:24:36,965 - root - INFO - new node validate roc_auc, 0.7522
2025-10-02 19:24:47,351 - root - INFO - test loss: 0.5297
2025-10-02 19:24:47,351 - root - INFO - test average_precision, 0.7727
2025-10-02 19:24:47,351 - root - INFO - best test average_precision: 0.8028
2025-10-02 19:24:47,351 - root - INFO - test roc_auc, 0.8047
2025-10-02 19:24:47,351 - root - INFO - new node test loss: 0.5532
2025-10-02 19:24:47,352 - root - INFO - new node test average_precision, 0.7906
2025-10-02 19:24:47,352 - root - INFO - new node test roc_auc, 0.8135
2025-10-02 19:25:47,563 - root - INFO - Epoch: 26, learning rate: 0.0001, train loss: 0.3291
2025-10-02 19:25:47,563 - root - INFO - train average_precision, 0.8886
2025-10-02 19:25:47,563 - root - INFO - train roc_auc, 0.9183
2025-10-02 19:25:47,563 - root - INFO - validate loss: 0.4652
2025-10-02 19:25:47,563 - root - INFO - validate average_precision, 0.8362
2025-10-02 19:25:47,563 - root - INFO - validate roc_auc, 0.8634
2025-10-02 19:25:47,564 - root - INFO - new node validate loss: 0.6134
2025-10-02 19:25:47,564 - root - INFO - new node validate average_precision, 0.7251
2025-10-02 19:25:47,564 - root - INFO - new node validate roc_auc, 0.7627
2025-10-02 19:25:58,118 - root - INFO - test loss: 0.4981
2025-10-02 19:25:58,118 - root - INFO - test average_precision, 0.8029
2025-10-02 19:25:58,118 - root - INFO - best test average_precision: 0.8029
2025-10-02 19:25:58,118 - root - INFO - test roc_auc, 0.8338
2025-10-02 19:25:58,118 - root - INFO - new node test loss: 0.5227
2025-10-02 19:25:58,118 - root - INFO - new node test average_precision, 0.8044
2025-10-02 19:25:58,118 - root - INFO - new node test roc_auc, 0.8291
2025-10-02 19:26:58,326 - root - INFO - Epoch: 27, learning rate: 0.0001, train loss: 0.3268
2025-10-02 19:26:58,326 - root - INFO - train average_precision, 0.8908
2025-10-02 19:26:58,326 - root - INFO - train roc_auc, 0.9195
2025-10-02 19:26:58,326 - root - INFO - validate loss: 0.4693
2025-10-02 19:26:58,326 - root - INFO - validate average_precision, 0.8367
2025-10-02 19:26:58,327 - root - INFO - validate roc_auc, 0.8632
2025-10-02 19:26:58,327 - root - INFO - new node validate loss: 0.6054
2025-10-02 19:26:58,327 - root - INFO - new node validate average_precision, 0.7501
2025-10-02 19:26:58,327 - root - INFO - new node validate roc_auc, 0.7796
2025-10-02 19:27:08,721 - root - INFO - test loss: 0.5068
2025-10-02 19:27:08,721 - root - INFO - test average_precision, 0.7955
2025-10-02 19:27:08,721 - root - INFO - best test average_precision: 0.8029
2025-10-02 19:27:08,721 - root - INFO - test roc_auc, 0.8239
2025-10-02 19:27:08,721 - root - INFO - new node test loss: 0.4944
2025-10-02 19:27:08,721 - root - INFO - new node test average_precision, 0.8182
2025-10-02 19:27:08,721 - root - INFO - new node test roc_auc, 0.8463
2025-10-02 19:28:08,772 - root - INFO - Epoch: 28, learning rate: 0.0001, train loss: 0.3291
2025-10-02 19:28:08,773 - root - INFO - train average_precision, 0.8885
2025-10-02 19:28:08,773 - root - INFO - train roc_auc, 0.9183
2025-10-02 19:28:08,773 - root - INFO - validate loss: 0.4907
2025-10-02 19:28:08,773 - root - INFO - validate average_precision, 0.8154
2025-10-02 19:28:08,773 - root - INFO - validate roc_auc, 0.8459
2025-10-02 19:28:08,773 - root - INFO - new node validate loss: 0.6371
2025-10-02 19:28:08,773 - root - INFO - new node validate average_precision, 0.7196
2025-10-02 19:28:08,773 - root - INFO - new node validate roc_auc, 0.7547
2025-10-02 19:28:19,360 - root - INFO - test loss: 0.5307
2025-10-02 19:28:19,360 - root - INFO - test average_precision, 0.7628
2025-10-02 19:28:19,360 - root - INFO - best test average_precision: 0.8029
2025-10-02 19:28:19,361 - root - INFO - test roc_auc, 0.7999
2025-10-02 19:28:19,361 - root - INFO - new node test loss: 0.5452
2025-10-02 19:28:19,361 - root - INFO - new node test average_precision, 0.7832
2025-10-02 19:28:19,361 - root - INFO - new node test roc_auc, 0.8101
2025-10-02 19:29:19,508 - root - INFO - Epoch: 29, learning rate: 0.0001, train loss: 0.3291
2025-10-02 19:29:19,508 - root - INFO - train average_precision, 0.8883
2025-10-02 19:29:19,509 - root - INFO - train roc_auc, 0.9184
2025-10-02 19:29:19,509 - root - INFO - validate loss: 0.4847
2025-10-02 19:29:19,509 - root - INFO - validate average_precision, 0.8203
2025-10-02 19:29:19,509 - root - INFO - validate roc_auc, 0.8492
2025-10-02 19:29:19,509 - root - INFO - new node validate loss: 0.6112
2025-10-02 19:29:19,509 - root - INFO - new node validate average_precision, 0.7507
2025-10-02 19:29:19,509 - root - INFO - new node validate roc_auc, 0.7753
2025-10-02 19:29:30,050 - root - INFO - test loss: 0.5197
2025-10-02 19:29:30,050 - root - INFO - test average_precision, 0.7735
2025-10-02 19:29:30,051 - root - INFO - best test average_precision: 0.8029
2025-10-02 19:29:30,051 - root - INFO - test roc_auc, 0.8056
2025-10-02 19:29:30,051 - root - INFO - new node test loss: 0.5165
2025-10-02 19:29:30,051 - root - INFO - new node test average_precision, 0.7972
2025-10-02 19:29:30,051 - root - INFO - new node test roc_auc, 0.8275
2025-10-02 19:30:30,161 - root - INFO - Epoch: 30, learning rate: 0.0001, train loss: 0.3281
2025-10-02 19:30:30,161 - root - INFO - train average_precision, 0.8887
2025-10-02 19:30:30,162 - root - INFO - train roc_auc, 0.9186
2025-10-02 19:30:30,162 - root - INFO - validate loss: 0.4910
2025-10-02 19:30:30,162 - root - INFO - validate average_precision, 0.8195
2025-10-02 19:30:30,162 - root - INFO - validate roc_auc, 0.8487
2025-10-02 19:30:30,162 - root - INFO - new node validate loss: 0.6104
2025-10-02 19:30:30,162 - root - INFO - new node validate average_precision, 0.7487
2025-10-02 19:30:30,162 - root - INFO - new node validate roc_auc, 0.7767
2025-10-02 19:30:40,534 - root - INFO - test loss: 0.5250
2025-10-02 19:30:40,535 - root - INFO - test average_precision, 0.7773
2025-10-02 19:30:40,535 - root - INFO - best test average_precision: 0.8029
2025-10-02 19:30:40,535 - root - INFO - test roc_auc, 0.8089
2025-10-02 19:30:40,535 - root - INFO - new node test loss: 0.5184
2025-10-02 19:30:40,535 - root - INFO - new node test average_precision, 0.8050
2025-10-02 19:30:40,535 - root - INFO - new node test roc_auc, 0.8329
2025-10-02 19:31:40,595 - root - INFO - Epoch: 31, learning rate: 0.0001, train loss: 0.3239
2025-10-02 19:31:40,596 - root - INFO - train average_precision, 0.8922
2025-10-02 19:31:40,596 - root - INFO - train roc_auc, 0.9208
2025-10-02 19:31:40,596 - root - INFO - validate loss: 0.4992
2025-10-02 19:31:40,596 - root - INFO - validate average_precision, 0.7994
2025-10-02 19:31:40,596 - root - INFO - validate roc_auc, 0.8342
2025-10-02 19:31:40,596 - root - INFO - new node validate loss: 0.6018
2025-10-02 19:31:40,596 - root - INFO - new node validate average_precision, 0.7530
2025-10-02 19:31:40,596 - root - INFO - new node validate roc_auc, 0.7820
2025-10-02 19:31:51,106 - root - INFO - test loss: 0.5437
2025-10-02 19:31:51,106 - root - INFO - test average_precision, 0.7547
2025-10-02 19:31:51,106 - root - INFO - best test average_precision: 0.8029
2025-10-02 19:31:51,106 - root - INFO - test roc_auc, 0.7947
2025-10-02 19:31:51,106 - root - INFO - new node test loss: 0.5139
2025-10-02 19:31:51,107 - root - INFO - new node test average_precision, 0.7851
2025-10-02 19:31:51,107 - root - INFO - new node test roc_auc, 0.8231
2025-10-02 19:32:51,258 - root - INFO - Epoch: 32, learning rate: 0.0001, train loss: 0.3246
2025-10-02 19:32:51,258 - root - INFO - train average_precision, 0.8922
2025-10-02 19:32:51,258 - root - INFO - train roc_auc, 0.9208
2025-10-02 19:32:51,259 - root - INFO - validate loss: 0.4873
2025-10-02 19:32:51,259 - root - INFO - validate average_precision, 0.8180
2025-10-02 19:32:51,259 - root - INFO - validate roc_auc, 0.8499
2025-10-02 19:32:51,259 - root - INFO - new node validate loss: 0.6252
2025-10-02 19:32:51,259 - root - INFO - new node validate average_precision, 0.7390
2025-10-02 19:32:51,259 - root - INFO - new node validate roc_auc, 0.7641
2025-10-02 19:33:01,750 - root - INFO - test loss: 0.5156
2025-10-02 19:33:01,751 - root - INFO - test average_precision, 0.7925
2025-10-02 19:33:01,751 - root - INFO - best test average_precision: 0.8029
2025-10-02 19:33:01,751 - root - INFO - test roc_auc, 0.8256
2025-10-02 19:33:01,751 - root - INFO - new node test loss: 0.5223
2025-10-02 19:33:01,751 - root - INFO - new node test average_precision, 0.7840
2025-10-02 19:33:01,751 - root - INFO - new node test roc_auc, 0.8237
2025-10-02 19:34:01,957 - root - INFO - Epoch: 33, learning rate: 0.0001, train loss: 0.3251
2025-10-02 19:34:01,958 - root - INFO - train average_precision, 0.8917
2025-10-02 19:34:01,958 - root - INFO - train roc_auc, 0.9207
2025-10-02 19:34:01,958 - root - INFO - validate loss: 0.4740
2025-10-02 19:34:01,958 - root - INFO - validate average_precision, 0.8349
2025-10-02 19:34:01,958 - root - INFO - validate roc_auc, 0.8603
2025-10-02 19:34:01,958 - root - INFO - new node validate loss: 0.6355
2025-10-02 19:34:01,958 - root - INFO - new node validate average_precision, 0.7294
2025-10-02 19:34:01,958 - root - INFO - new node validate roc_auc, 0.7563
2025-10-02 19:34:12,358 - root - INFO - test loss: 0.5113
2025-10-02 19:34:12,359 - root - INFO - test average_precision, 0.7899
2025-10-02 19:34:12,359 - root - INFO - best test average_precision: 0.8029
2025-10-02 19:34:12,359 - root - INFO - test roc_auc, 0.8206
2025-10-02 19:34:12,359 - root - INFO - new node test loss: 0.5326
2025-10-02 19:34:12,359 - root - INFO - new node test average_precision, 0.8078
2025-10-02 19:34:12,359 - root - INFO - new node test roc_auc, 0.8296
2025-10-02 19:35:12,433 - root - INFO - Epoch: 34, learning rate: 0.0001, train loss: 0.3235
2025-10-02 19:35:12,434 - root - INFO - train average_precision, 0.8934
2025-10-02 19:35:12,434 - root - INFO - train roc_auc, 0.9217
2025-10-02 19:35:12,434 - root - INFO - validate loss: 0.5030
2025-10-02 19:35:12,434 - root - INFO - validate average_precision, 0.8119
2025-10-02 19:35:12,434 - root - INFO - validate roc_auc, 0.8409
2025-10-02 19:35:12,434 - root - INFO - new node validate loss: 0.6277
2025-10-02 19:35:12,434 - root - INFO - new node validate average_precision, 0.7397
2025-10-02 19:35:12,434 - root - INFO - new node validate roc_auc, 0.7690
2025-10-02 19:35:23,158 - root - INFO - test loss: 0.5401
2025-10-02 19:35:23,158 - root - INFO - test average_precision, 0.7628
2025-10-02 19:35:23,158 - root - INFO - best test average_precision: 0.8029
2025-10-02 19:35:23,158 - root - INFO - test roc_auc, 0.7957
2025-10-02 19:35:23,158 - root - INFO - new node test loss: 0.5411
2025-10-02 19:35:23,158 - root - INFO - new node test average_precision, 0.7898
2025-10-02 19:35:23,158 - root - INFO - new node test roc_auc, 0.8175
2025-10-02 19:36:23,392 - root - INFO - Epoch: 35, learning rate: 0.0001, train loss: 0.3227
2025-10-02 19:36:23,392 - root - INFO - train average_precision, 0.8938
2025-10-02 19:36:23,393 - root - INFO - train roc_auc, 0.9219
2025-10-02 19:36:23,393 - root - INFO - validate loss: 0.5013
2025-10-02 19:36:23,393 - root - INFO - validate average_precision, 0.8136
2025-10-02 19:36:23,393 - root - INFO - validate roc_auc, 0.8439
2025-10-02 19:36:23,393 - root - INFO - new node validate loss: 0.6274
2025-10-02 19:36:23,393 - root - INFO - new node validate average_precision, 0.7310
2025-10-02 19:36:23,393 - root - INFO - new node validate roc_auc, 0.7654
2025-10-02 19:36:33,935 - root - INFO - test loss: 0.5368
2025-10-02 19:36:33,935 - root - INFO - test average_precision, 0.7645
2025-10-02 19:36:33,935 - root - INFO - best test average_precision: 0.8029
2025-10-02 19:36:33,935 - root - INFO - test roc_auc, 0.8000
2025-10-02 19:36:33,935 - root - INFO - new node test loss: 0.5275
2025-10-02 19:36:33,936 - root - INFO - new node test average_precision, 0.7965
2025-10-02 19:36:33,936 - root - INFO - new node test roc_auc, 0.8273
2025-10-02 19:37:34,203 - root - INFO - Epoch: 36, learning rate: 0.0001, train loss: 0.3240
2025-10-02 19:37:34,203 - root - INFO - train average_precision, 0.8917
2025-10-02 19:37:34,203 - root - INFO - train roc_auc, 0.9205
2025-10-02 19:37:34,203 - root - INFO - validate loss: 0.4967
2025-10-02 19:37:34,204 - root - INFO - validate average_precision, 0.8189
2025-10-02 19:37:34,204 - root - INFO - validate roc_auc, 0.8467
2025-10-02 19:37:34,204 - root - INFO - new node validate loss: 0.6416
2025-10-02 19:37:34,204 - root - INFO - new node validate average_precision, 0.7307
2025-10-02 19:37:34,204 - root - INFO - new node validate roc_auc, 0.7606
2025-10-02 19:37:44,671 - root - INFO - test loss: 0.5289
2025-10-02 19:37:44,672 - root - INFO - test average_precision, 0.7746
2025-10-02 19:37:44,672 - root - INFO - best test average_precision: 0.8029
2025-10-02 19:37:44,672 - root - INFO - test roc_auc, 0.8066
2025-10-02 19:37:44,672 - root - INFO - new node test loss: 0.5235
2025-10-02 19:37:44,672 - root - INFO - new node test average_precision, 0.8036
2025-10-02 19:37:44,672 - root - INFO - new node test roc_auc, 0.8307
2025-10-02 19:38:44,869 - root - INFO - Epoch: 37, learning rate: 0.0001, train loss: 0.3220
2025-10-02 19:38:44,869 - root - INFO - train average_precision, 0.8946
2025-10-02 19:38:44,870 - root - INFO - train roc_auc, 0.9221
2025-10-02 19:38:44,870 - root - INFO - validate loss: 0.4840
2025-10-02 19:38:44,870 - root - INFO - validate average_precision, 0.8305
2025-10-02 19:38:44,870 - root - INFO - validate roc_auc, 0.8563
2025-10-02 19:38:44,870 - root - INFO - new node validate loss: 0.6140
2025-10-02 19:38:44,870 - root - INFO - new node validate average_precision, 0.7495
2025-10-02 19:38:44,870 - root - INFO - new node validate roc_auc, 0.7777
2025-10-02 19:38:55,370 - root - INFO - test loss: 0.5207
2025-10-02 19:38:55,370 - root - INFO - test average_precision, 0.7820
2025-10-02 19:38:55,370 - root - INFO - best test average_precision: 0.8029
2025-10-02 19:38:55,370 - root - INFO - test roc_auc, 0.8122
2025-10-02 19:38:55,370 - root - INFO - new node test loss: 0.5106
2025-10-02 19:38:55,370 - root - INFO - new node test average_precision, 0.8118
2025-10-02 19:38:55,370 - root - INFO - new node test roc_auc, 0.8393
2025-10-02 19:39:55,536 - root - INFO - Epoch: 38, learning rate: 0.0001, train loss: 0.3212
2025-10-02 19:39:55,537 - root - INFO - train average_precision, 0.8944
2025-10-02 19:39:55,537 - root - INFO - train roc_auc, 0.9226
2025-10-02 19:39:55,537 - root - INFO - validate loss: 0.4938
2025-10-02 19:39:55,537 - root - INFO - validate average_precision, 0.8200
2025-10-02 19:39:55,537 - root - INFO - validate roc_auc, 0.8490
2025-10-02 19:39:55,537 - root - INFO - new node validate loss: 0.6293
2025-10-02 19:39:55,537 - root - INFO - new node validate average_precision, 0.7486
2025-10-02 19:39:55,537 - root - INFO - new node validate roc_auc, 0.7756
2025-10-02 19:40:06,073 - root - INFO - test loss: 0.5315
2025-10-02 19:40:06,073 - root - INFO - test average_precision, 0.7664
2025-10-02 19:40:06,073 - root - INFO - best test average_precision: 0.8029
2025-10-02 19:40:06,073 - root - INFO - test roc_auc, 0.8047
2025-10-02 19:40:06,073 - root - INFO - new node test loss: 0.5423
2025-10-02 19:40:06,074 - root - INFO - new node test average_precision, 0.7885
2025-10-02 19:40:06,074 - root - INFO - new node test roc_auc, 0.8179
2025-10-02 19:41:06,203 - root - INFO - Epoch: 39, learning rate: 0.0001, train loss: 0.3219
2025-10-02 19:41:06,203 - root - INFO - train average_precision, 0.8945
2025-10-02 19:41:06,204 - root - INFO - train roc_auc, 0.9224
2025-10-02 19:41:06,204 - root - INFO - validate loss: 0.4894
2025-10-02 19:41:06,204 - root - INFO - validate average_precision, 0.8355
2025-10-02 19:41:06,204 - root - INFO - validate roc_auc, 0.8622
2025-10-02 19:41:06,204 - root - INFO - new node validate loss: 0.6630
2025-10-02 19:41:06,204 - root - INFO - new node validate average_precision, 0.7062
2025-10-02 19:41:06,204 - root - INFO - new node validate roc_auc, 0.7349
2025-10-02 19:41:16,613 - root - INFO - test loss: 0.5198
2025-10-02 19:41:16,613 - root - INFO - test average_precision, 0.8007
2025-10-02 19:41:16,614 - root - INFO - best test average_precision: 0.8029
2025-10-02 19:41:16,614 - root - INFO - test roc_auc, 0.8303
2025-10-02 19:41:16,614 - root - INFO - new node test loss: 0.5183
2025-10-02 19:41:16,614 - root - INFO - new node test average_precision, 0.8116
2025-10-02 19:41:16,614 - root - INFO - new node test roc_auc, 0.8418
2025-10-02 19:42:16,899 - root - INFO - Epoch: 40, learning rate: 0.0001, train loss: 0.3213
2025-10-02 19:42:16,900 - root - INFO - train average_precision, 0.8947
2025-10-02 19:42:16,900 - root - INFO - train roc_auc, 0.9229
2025-10-02 19:42:16,900 - root - INFO - validate loss: 0.4919
2025-10-02 19:42:16,900 - root - INFO - validate average_precision, 0.8239
2025-10-02 19:42:16,900 - root - INFO - validate roc_auc, 0.8522
2025-10-02 19:42:16,900 - root - INFO - new node validate loss: 0.6256
2025-10-02 19:42:16,900 - root - INFO - new node validate average_precision, 0.7418
2025-10-02 19:42:16,900 - root - INFO - new node validate roc_auc, 0.7690
2025-10-02 19:42:27,423 - root - INFO - test loss: 0.5282
2025-10-02 19:42:27,423 - root - INFO - test average_precision, 0.7761
2025-10-02 19:42:27,423 - root - INFO - best test average_precision: 0.8029
2025-10-02 19:42:27,423 - root - INFO - test roc_auc, 0.8092
2025-10-02 19:42:27,423 - root - INFO - new node test loss: 0.5184
2025-10-02 19:42:27,424 - root - INFO - new node test average_precision, 0.8065
2025-10-02 19:42:27,424 - root - INFO - new node test roc_auc, 0.8343
2025-10-02 19:43:27,432 - root - INFO - Epoch: 41, learning rate: 0.0001, train loss: 0.3193
2025-10-02 19:43:27,433 - root - INFO - train average_precision, 0.8957
2025-10-02 19:43:27,433 - root - INFO - train roc_auc, 0.9235
2025-10-02 19:43:27,433 - root - INFO - validate loss: 0.4821
2025-10-02 19:43:27,433 - root - INFO - validate average_precision, 0.8290
2025-10-02 19:43:27,433 - root - INFO - validate roc_auc, 0.8563
2025-10-02 19:43:27,433 - root - INFO - new node validate loss: 0.6168
2025-10-02 19:43:27,433 - root - INFO - new node validate average_precision, 0.7448
2025-10-02 19:43:27,434 - root - INFO - new node validate roc_auc, 0.7732
2025-10-02 19:43:38,154 - root - INFO - test loss: 0.5170
2025-10-02 19:43:38,154 - root - INFO - test average_precision, 0.7835
2025-10-02 19:43:38,154 - root - INFO - best test average_precision: 0.8029
2025-10-02 19:43:38,155 - root - INFO - test roc_auc, 0.8160
2025-10-02 19:43:38,155 - root - INFO - new node test loss: 0.5049
2025-10-02 19:43:38,155 - root - INFO - new node test average_precision, 0.8132
2025-10-02 19:43:38,155 - root - INFO - new node test roc_auc, 0.8415
2025-10-02 19:44:38,123 - root - INFO - Epoch: 42, learning rate: 0.0001, train loss: 0.3184
2025-10-02 19:44:38,123 - root - INFO - train average_precision, 0.8969
2025-10-02 19:44:38,124 - root - INFO - train roc_auc, 0.9241
2025-10-02 19:44:38,124 - root - INFO - validate loss: 0.4996
2025-10-02 19:44:38,124 - root - INFO - validate average_precision, 0.8169
2025-10-02 19:44:38,124 - root - INFO - validate roc_auc, 0.8463
2025-10-02 19:44:38,124 - root - INFO - new node validate loss: 0.6274
2025-10-02 19:44:38,124 - root - INFO - new node validate average_precision, 0.7331
2025-10-02 19:44:38,124 - root - INFO - new node validate roc_auc, 0.7687
2025-10-02 19:44:48,506 - root - INFO - test loss: 0.5429
2025-10-02 19:44:48,506 - root - INFO - test average_precision, 0.7593
2025-10-02 19:44:48,506 - root - INFO - best test average_precision: 0.8029
2025-10-02 19:44:48,506 - root - INFO - test roc_auc, 0.7966
2025-10-02 19:44:48,506 - root - INFO - new node test loss: 0.5352
2025-10-02 19:44:48,507 - root - INFO - new node test average_precision, 0.7885
2025-10-02 19:44:48,507 - root - INFO - new node test roc_auc, 0.8217
2025-10-02 19:45:48,781 - root - INFO - Epoch: 43, learning rate: 0.0001, train loss: 0.3180
2025-10-02 19:45:48,782 - root - INFO - train average_precision, 0.8964
2025-10-02 19:45:48,782 - root - INFO - train roc_auc, 0.9243
2025-10-02 19:45:48,782 - root - INFO - validate loss: 0.4862
2025-10-02 19:45:48,782 - root - INFO - validate average_precision, 0.8337
2025-10-02 19:45:48,782 - root - INFO - validate roc_auc, 0.8607
2025-10-02 19:45:48,782 - root - INFO - new node validate loss: 0.6398
2025-10-02 19:45:48,782 - root - INFO - new node validate average_precision, 0.7326
2025-10-02 19:45:48,782 - root - INFO - new node validate roc_auc, 0.7643
2025-10-02 19:45:59,207 - root - INFO - test loss: 0.5254
2025-10-02 19:45:59,207 - root - INFO - test average_precision, 0.7846
2025-10-02 19:45:59,207 - root - INFO - best test average_precision: 0.8029
2025-10-02 19:45:59,207 - root - INFO - test roc_auc, 0.8176
2025-10-02 19:45:59,207 - root - INFO - new node test loss: 0.5210
2025-10-02 19:45:59,207 - root - INFO - new node test average_precision, 0.8133
2025-10-02 19:45:59,207 - root - INFO - new node test roc_auc, 0.8402
2025-10-02 19:46:59,252 - root - INFO - Epoch: 44, learning rate: 0.0001, train loss: 0.3180
2025-10-02 19:46:59,253 - root - INFO - train average_precision, 0.8970
2025-10-02 19:46:59,253 - root - INFO - train roc_auc, 0.9244
2025-10-02 19:46:59,253 - root - INFO - validate loss: 0.5135
2025-10-02 19:46:59,253 - root - INFO - validate average_precision, 0.8099
2025-10-02 19:46:59,253 - root - INFO - validate roc_auc, 0.8476
2025-10-02 19:46:59,253 - root - INFO - new node validate loss: 0.6479
2025-10-02 19:46:59,253 - root - INFO - new node validate average_precision, 0.7199
2025-10-02 19:46:59,253 - root - INFO - new node validate roc_auc, 0.7516
2025-10-02 19:47:09,714 - root - INFO - test loss: 0.5604
2025-10-02 19:47:09,714 - root - INFO - test average_precision, 0.7516
2025-10-02 19:47:09,714 - root - INFO - best test average_precision: 0.8029
2025-10-02 19:47:09,714 - root - INFO - test roc_auc, 0.8033
2025-10-02 19:47:09,714 - root - INFO - new node test loss: 0.5679
2025-10-02 19:47:09,714 - root - INFO - new node test average_precision, 0.7519
2025-10-02 19:47:09,714 - root - INFO - new node test roc_auc, 0.7986
2025-10-02 19:47:09,715 - root - INFO - load model ./saved_models/JODIE/mooc/JODIE_original_seed2/JODIE_original_seed2.pkl
2025-10-02 19:47:12,651 - root - INFO - get final performance on dataset mooc...
2025-10-02 19:47:23,750 - root - INFO - test loss: 0.5006
2025-10-02 19:47:23,750 - root - INFO - test average_precision, 0.8008
2025-10-02 19:47:23,750 - root - INFO - test roc_auc, 0.8317
2025-10-02 19:47:23,750 - root - INFO - new node test loss: 0.4971
2025-10-02 19:47:23,750 - root - INFO - new node test average_precision, 0.8160
2025-10-02 19:47:23,750 - root - INFO - new node test roc_auc, 0.8437
2025-10-02 19:47:23,750 - root - INFO - Run 3 cost 3143.04 seconds.
