2025-10-08 10:17:21,896 - root - INFO - ********** Run 1 starts. **********
2025-10-08 10:17:21,896 - root - INFO - configuration is Namespace(dataset_name='Contacts', batch_size=200, model_name='TGN', gpu=0, num_neighbors=10, sample_neighbor_strategy='recent', time_scaling_factor=1e-06, num_walk_heads=8, num_heads=2, num_layers=1, walk_length=1, time_gap=2000, time_feat_dim=100, position_feat_dim=172, time_window_mode='fixed_proportion', time_encoder_type='time2vec', expert_dim=128, num_mixtures=16, sort_neighbors_by_time=False, patch_size=1, channel_embedding_dim=50, max_input_sequence_length=32, learning_rate=0.0001, dropout=0.1, gamma=0.5, num_epochs=2, optimizer='Adam', weight_decay=0.0, patience=20, val_ratio=0.15, test_ratio=0.15, num_runs=2, test_interval_epochs=100, negative_sample_strategy='random', max_interaction_times=10, load_best_configs=True, data_ratio=0.05, seed=0, save_model_name_suffix='', ablation_dir='', mamba_d_state=256, mamba_d_conv=4, mamba_expand=2, mamba_headdim=64, resume_from_checkpoint=None, save_checkpoints=True, checkpoint_interval=5, start_from_seed=0, max_checkpoints_to_keep=3, checkpoint_strategy='minimal', validate_checkpoints=True, device='cuda:0', save_model_name='TGN_time2vec_seed0')
2025-10-08 10:17:21,899 - root - INFO - Metrics will be saved to: ./saved_metrics/TGN/Contacts/TGN_time2vec_seed0
2025-10-08 10:17:21,900 - root - INFO - time encoder type: time2vec
2025-10-08 10:17:21,900 - root - INFO - Time encoder will be injected into TGN model
2025-10-08 10:17:22,933 - root - INFO - model -> Sequential(
  (0): MemoryModel(
    (time_encoder): TimeEncoder(
      (w): Linear(in_features=1, out_features=100, bias=True)
    )
    (message_aggregator): MessageAggregator()
    (memory_bank): MemoryBank(num_nodes=693, memory_dim=172)
    (memory_updater): GRUMemoryUpdater(
      (memory_bank): MemoryBank(num_nodes=693, memory_dim=172)
      (memory_updater): GRUCell(616, 172)
    )
    (embedding_module): GraphAttentionEmbedding(
      (time_encoder): TimeEncoder(
        (w): Linear(in_features=1, out_features=100, bias=True)
      )
      (temporal_conv_layers): ModuleList(
        (0): MultiHeadAttention(
          (query_projection): Linear(in_features=272, out_features=272, bias=False)
          (key_projection): Linear(in_features=444, out_features=272, bias=False)
          (value_projection): Linear(in_features=444, out_features=272, bias=False)
          (layer_norm): LayerNorm((272,), eps=1e-05, elementwise_affine=True)
          (residual_fc): Linear(in_features=272, out_features=272, bias=True)
          (dropout): Dropout(p=0.1, inplace=False)
        )
      )
      (merge_layers): ModuleList(
        (0): MergeLayer(
          (fc1): Linear(in_features=444, out_features=172, bias=True)
          (fc2): Linear(in_features=172, out_features=172, bias=True)
          (act): ReLU()
        )
      )
    )
  )
  (1): MergeLayer(
    (fc1): Linear(in_features=344, out_features=172, bias=True)
    (fc2): Linear(in_features=172, out_features=1, bias=True)
    (act): ReLU()
  )
)
2025-10-08 10:17:22,933 - root - INFO - model name: TGN, #parameters: 3855876 B, 3765.50390625 KB, 3.6772499084472656 MB.
2025-10-08 10:17:34,944 - root - INFO - Epoch: 1, learning rate: 0.0001, train loss: 0.4432
2025-10-08 10:17:34,945 - root - INFO - train average_precision, 0.8095
2025-10-08 10:17:34,945 - root - INFO - train roc_auc, 0.8632
2025-10-08 10:17:34,945 - root - INFO - validate loss: 0.4562
2025-10-08 10:17:34,945 - root - INFO - validate average_precision, 0.8139
2025-10-08 10:17:34,945 - root - INFO - validate roc_auc, 0.8560
2025-10-08 10:17:34,945 - root - INFO - new node validate loss: 0.7295
2025-10-08 10:17:34,945 - root - INFO - new node validate average_precision, 0.6075
2025-10-08 10:17:34,945 - root - INFO - new node validate roc_auc, 0.6601
2025-10-08 10:17:34,955 - root - INFO - save model ./saved_models/TGN/Contacts/TGN_time2vec_seed0/TGN_time2vec_seed0.pkl
2025-10-08 10:17:46,237 - root - INFO - Epoch: 2, learning rate: 0.0001, train loss: 0.3804
2025-10-08 10:17:46,238 - root - INFO - train average_precision, 0.8544
2025-10-08 10:17:46,239 - root - INFO - train roc_auc, 0.8922
2025-10-08 10:17:46,239 - root - INFO - validate loss: 0.4482
2025-10-08 10:17:46,239 - root - INFO - validate average_precision, 0.8245
2025-10-08 10:17:46,239 - root - INFO - validate roc_auc, 0.8663
2025-10-08 10:17:46,239 - root - INFO - new node validate loss: 0.7430
2025-10-08 10:17:46,239 - root - INFO - new node validate average_precision, 0.5556
2025-10-08 10:17:46,239 - root - INFO - new node validate roc_auc, 0.6019
2025-10-08 10:17:46,244 - root - INFO - save model ./saved_models/TGN/Contacts/TGN_time2vec_seed0/TGN_time2vec_seed0.pkl
2025-10-08 10:17:46,367 - root - INFO - load model ./saved_models/TGN/Contacts/TGN_time2vec_seed0/TGN_time2vec_seed0.pkl
2025-10-08 10:17:46,474 - root - INFO - get final performance on dataset Contacts...
2025-10-08 10:17:48,179 - root - INFO - test loss: 0.5171
2025-10-08 10:17:48,179 - root - INFO - test average_precision, 0.7886
2025-10-08 10:17:48,179 - root - INFO - test roc_auc, 0.8299
2025-10-08 10:17:48,179 - root - INFO - new node test loss: 0.5725
2025-10-08 10:17:48,179 - root - INFO - new node test average_precision, 0.7221
2025-10-08 10:17:48,179 - root - INFO - new node test roc_auc, 0.7716
2025-10-08 10:17:48,187 - root - INFO - ✅ Metrics saved to: ./saved_metrics/TGN/Contacts/TGN_time2vec_seed0
2025-10-08 10:17:48,187 - root - INFO - Run 1 cost 26.29 seconds.
