2025-10-02 12:47:09,699 - root - INFO - ********** Run 5 starts. **********
2025-10-02 12:47:09,699 - root - INFO - configuration is Namespace(dataset_name='mooc', batch_size=200, model_name='JODIE', gpu=0, num_neighbors=10, sample_neighbor_strategy='uniform', time_scaling_factor=1e-06, num_walk_heads=8, num_heads=2, num_layers=1, walk_length=1, time_gap=2000, time_feat_dim=128, position_feat_dim=172, time_window_mode='fixed_proportion', time_encoder_type='mercer', expert_dim=64, num_mixtures=4, patch_size=1, channel_embedding_dim=50, max_input_sequence_length=32, learning_rate=0.0001, dropout=0.2, gamma=0.5, num_epochs=100, optimizer='Adam', weight_decay=0.0, patience=20, val_ratio=0.15, test_ratio=0.15, num_runs=5, test_interval_epochs=1, negative_sample_strategy='random', max_interaction_times=10, load_best_configs=True, device='cuda:0', seed=4, save_model_name='JODIE_mercer_seed4')
2025-10-02 12:47:09,700 - root - INFO - time encoder type: mercer
2025-10-02 12:47:10,091 - root - INFO - model -> Sequential(
  (0): MemoryModel(
    (time_encoder): TimeEncoder(
      (w): Linear(in_features=1, out_features=128, bias=True)
    )
    (message_aggregator): MessageAggregator()
    (memory_bank): MemoryBank(num_nodes=7145, memory_dim=172)
    (memory_updater): RNNMemoryUpdater(
      (memory_bank): MemoryBank(num_nodes=7145, memory_dim=172)
      (memory_updater): RNNCell(644, 172)
    )
    (embedding_module): TimeProjectionEmbedding(
      (dropout): Dropout(p=0.2, inplace=False)
      (linear_layer): Linear(in_features=1, out_features=172, bias=True)
    )
  )
  (1): MergeLayer(
    (fc1): Linear(in_features=344, out_features=172, bias=True)
    (fc2): Linear(in_features=172, out_features=1, bias=True)
    (act): ReLU()
  )
)
2025-10-02 12:47:10,092 - root - INFO - model name: JODIE, #parameters: 803236 B, 784.41015625 KB, 0.7660255432128906 MB.
2025-10-02 12:48:10,540 - root - INFO - Epoch: 1, learning rate: 0.0001, train loss: 0.4627
2025-10-02 12:48:10,541 - root - INFO - train average_precision, 0.7693
2025-10-02 12:48:10,541 - root - INFO - train roc_auc, 0.8243
2025-10-02 12:48:10,541 - root - INFO - validate loss: 0.5321
2025-10-02 12:48:10,541 - root - INFO - validate average_precision, 0.7308
2025-10-02 12:48:10,541 - root - INFO - validate roc_auc, 0.7882
2025-10-02 12:48:10,541 - root - INFO - new node validate loss: 0.6367
2025-10-02 12:48:10,541 - root - INFO - new node validate average_precision, 0.6379
2025-10-02 12:48:10,541 - root - INFO - new node validate roc_auc, 0.6853
2025-10-02 12:48:21,218 - root - INFO - test loss: 0.5681
2025-10-02 12:48:21,218 - root - INFO - test average_precision, 0.6973
2025-10-02 12:48:21,218 - root - INFO - best test average_precision: 0.6973
2025-10-02 12:48:21,218 - root - INFO - test roc_auc, 0.7513
2025-10-02 12:48:21,218 - root - INFO - new node test loss: 0.5666
2025-10-02 12:48:21,218 - root - INFO - new node test average_precision, 0.7088
2025-10-02 12:48:21,218 - root - INFO - new node test roc_auc, 0.7638
2025-10-02 12:48:21,218 - root - INFO - save model ./saved_models/JODIE/mooc/JODIE_mercer_seed4/JODIE_mercer_seed4.pkl
2025-10-02 12:49:23,449 - root - INFO - Epoch: 2, learning rate: 0.0001, train loss: 0.4152
2025-10-02 12:49:23,450 - root - INFO - train average_precision, 0.8213
2025-10-02 12:49:23,450 - root - INFO - train roc_auc, 0.8671
2025-10-02 12:49:23,450 - root - INFO - validate loss: 0.6222
2025-10-02 12:49:23,450 - root - INFO - validate average_precision, 0.6616
2025-10-02 12:49:23,451 - root - INFO - validate roc_auc, 0.7028
2025-10-02 12:49:23,451 - root - INFO - new node validate loss: 0.6162
2025-10-02 12:49:23,451 - root - INFO - new node validate average_precision, 0.6864
2025-10-02 12:49:23,451 - root - INFO - new node validate roc_auc, 0.7245
2025-10-02 12:49:34,203 - root - INFO - test loss: 0.6713
2025-10-02 12:49:34,203 - root - INFO - test average_precision, 0.6165
2025-10-02 12:49:34,203 - root - INFO - best test average_precision: 0.6973
2025-10-02 12:49:34,203 - root - INFO - test roc_auc, 0.6537
2025-10-02 12:49:34,203 - root - INFO - new node test loss: 0.6513
2025-10-02 12:49:34,203 - root - INFO - new node test average_precision, 0.6403
2025-10-02 12:49:34,203 - root - INFO - new node test roc_auc, 0.6793
2025-10-02 12:50:34,298 - root - INFO - Epoch: 3, learning rate: 0.0001, train loss: 0.3960
2025-10-02 12:50:34,298 - root - INFO - train average_precision, 0.8371
2025-10-02 12:50:34,299 - root - INFO - train roc_auc, 0.8810
2025-10-02 12:50:34,299 - root - INFO - validate loss: 0.5833
2025-10-02 12:50:34,299 - root - INFO - validate average_precision, 0.7070
2025-10-02 12:50:34,299 - root - INFO - validate roc_auc, 0.7566
2025-10-02 12:50:34,299 - root - INFO - new node validate loss: 0.6460
2025-10-02 12:50:34,299 - root - INFO - new node validate average_precision, 0.6441
2025-10-02 12:50:34,299 - root - INFO - new node validate roc_auc, 0.6929
2025-10-02 12:50:44,839 - root - INFO - test loss: 0.6363
2025-10-02 12:50:44,840 - root - INFO - test average_precision, 0.6779
2025-10-02 12:50:44,840 - root - INFO - best test average_precision: 0.6973
2025-10-02 12:50:44,840 - root - INFO - test roc_auc, 0.7287
2025-10-02 12:50:44,840 - root - INFO - new node test loss: 0.5636
2025-10-02 12:50:44,840 - root - INFO - new node test average_precision, 0.7328
2025-10-02 12:50:44,840 - root - INFO - new node test roc_auc, 0.7784
2025-10-02 12:51:44,811 - root - INFO - Epoch: 4, learning rate: 0.0001, train loss: 0.4016
2025-10-02 12:51:44,812 - root - INFO - train average_precision, 0.8268
2025-10-02 12:51:44,812 - root - INFO - train roc_auc, 0.8731
2025-10-02 12:51:44,812 - root - INFO - validate loss: 0.5171
2025-10-02 12:51:44,812 - root - INFO - validate average_precision, 0.7783
2025-10-02 12:51:44,812 - root - INFO - validate roc_auc, 0.8215
2025-10-02 12:51:44,812 - root - INFO - new node validate loss: 0.6280
2025-10-02 12:51:44,812 - root - INFO - new node validate average_precision, 0.6930
2025-10-02 12:51:44,813 - root - INFO - new node validate roc_auc, 0.7315
2025-10-02 12:51:55,338 - root - INFO - test loss: 0.5851
2025-10-02 12:51:55,338 - root - INFO - test average_precision, 0.7164
2025-10-02 12:51:55,338 - root - INFO - best test average_precision: 0.7164
2025-10-02 12:51:55,338 - root - INFO - test roc_auc, 0.7618
2025-10-02 12:51:55,338 - root - INFO - new node test loss: 0.5724
2025-10-02 12:51:55,338 - root - INFO - new node test average_precision, 0.7340
2025-10-02 12:51:55,339 - root - INFO - new node test roc_auc, 0.7787
2025-10-02 12:51:55,339 - root - INFO - save model ./saved_models/JODIE/mooc/JODIE_mercer_seed4/JODIE_mercer_seed4.pkl
2025-10-02 12:52:57,261 - root - INFO - Epoch: 5, learning rate: 0.0001, train loss: 0.3833
2025-10-02 12:52:57,261 - root - INFO - train average_precision, 0.8437
2025-10-02 12:52:57,261 - root - INFO - train roc_auc, 0.8859
2025-10-02 12:52:57,261 - root - INFO - validate loss: 0.5058
2025-10-02 12:52:57,261 - root - INFO - validate average_precision, 0.7894
2025-10-02 12:52:57,261 - root - INFO - validate roc_auc, 0.8300
2025-10-02 12:52:57,261 - root - INFO - new node validate loss: 0.6068
2025-10-02 12:52:57,262 - root - INFO - new node validate average_precision, 0.6986
2025-10-02 12:52:57,262 - root - INFO - new node validate roc_auc, 0.7400
2025-10-02 12:53:07,779 - root - INFO - test loss: 0.5448
2025-10-02 12:53:07,779 - root - INFO - test average_precision, 0.7380
2025-10-02 12:53:07,780 - root - INFO - best test average_precision: 0.7380
2025-10-02 12:53:07,780 - root - INFO - test roc_auc, 0.7822
2025-10-02 12:53:07,780 - root - INFO - new node test loss: 0.5239
2025-10-02 12:53:07,780 - root - INFO - new node test average_precision, 0.7733
2025-10-02 12:53:07,780 - root - INFO - new node test roc_auc, 0.8147
2025-10-02 12:53:07,780 - root - INFO - save model ./saved_models/JODIE/mooc/JODIE_mercer_seed4/JODIE_mercer_seed4.pkl
2025-10-02 12:54:10,035 - root - INFO - Epoch: 6, learning rate: 0.0001, train loss: 0.4004
2025-10-02 12:54:10,035 - root - INFO - train average_precision, 0.8295
2025-10-02 12:54:10,035 - root - INFO - train roc_auc, 0.8723
2025-10-02 12:54:10,035 - root - INFO - validate loss: 0.5028
2025-10-02 12:54:10,036 - root - INFO - validate average_precision, 0.7799
2025-10-02 12:54:10,036 - root - INFO - validate roc_auc, 0.8246
2025-10-02 12:54:10,036 - root - INFO - new node validate loss: 0.6167
2025-10-02 12:54:10,036 - root - INFO - new node validate average_precision, 0.6886
2025-10-02 12:54:10,036 - root - INFO - new node validate roc_auc, 0.7307
2025-10-02 12:54:20,607 - root - INFO - test loss: 0.5109
2025-10-02 12:54:20,607 - root - INFO - test average_precision, 0.7820
2025-10-02 12:54:20,607 - root - INFO - best test average_precision: 0.7820
2025-10-02 12:54:20,608 - root - INFO - test roc_auc, 0.8248
2025-10-02 12:54:20,608 - root - INFO - new node test loss: 0.5331
2025-10-02 12:54:20,608 - root - INFO - new node test average_precision, 0.7605
2025-10-02 12:54:20,608 - root - INFO - new node test roc_auc, 0.8036
2025-10-02 12:55:20,544 - root - INFO - Epoch: 7, learning rate: 0.0001, train loss: 0.3749
2025-10-02 12:55:20,544 - root - INFO - train average_precision, 0.8489
2025-10-02 12:55:20,545 - root - INFO - train roc_auc, 0.8903
2025-10-02 12:55:20,545 - root - INFO - validate loss: 0.4917
2025-10-02 12:55:20,545 - root - INFO - validate average_precision, 0.7892
2025-10-02 12:55:20,545 - root - INFO - validate roc_auc, 0.8308
2025-10-02 12:55:20,545 - root - INFO - new node validate loss: 0.5878
2025-10-02 12:55:20,545 - root - INFO - new node validate average_precision, 0.7116
2025-10-02 12:55:20,545 - root - INFO - new node validate roc_auc, 0.7589
2025-10-02 12:55:31,099 - root - INFO - test loss: 0.5299
2025-10-02 12:55:31,099 - root - INFO - test average_precision, 0.7521
2025-10-02 12:55:31,099 - root - INFO - best test average_precision: 0.7820
2025-10-02 12:55:31,100 - root - INFO - test roc_auc, 0.7932
2025-10-02 12:55:31,100 - root - INFO - new node test loss: 0.5144
2025-10-02 12:55:31,100 - root - INFO - new node test average_precision, 0.7750
2025-10-02 12:55:31,100 - root - INFO - new node test roc_auc, 0.8150
2025-10-02 12:56:31,055 - root - INFO - Epoch: 8, learning rate: 0.0001, train loss: 0.3677
2025-10-02 12:56:31,055 - root - INFO - train average_precision, 0.8566
2025-10-02 12:56:31,056 - root - INFO - train roc_auc, 0.8953
2025-10-02 12:56:31,056 - root - INFO - validate loss: 0.4900
2025-10-02 12:56:31,056 - root - INFO - validate average_precision, 0.7926
2025-10-02 12:56:31,056 - root - INFO - validate roc_auc, 0.8306
2025-10-02 12:56:31,056 - root - INFO - new node validate loss: 0.6060
2025-10-02 12:56:31,056 - root - INFO - new node validate average_precision, 0.7059
2025-10-02 12:56:31,056 - root - INFO - new node validate roc_auc, 0.7482
2025-10-02 12:56:41,553 - root - INFO - test loss: 0.5258
2025-10-02 12:56:41,553 - root - INFO - test average_precision, 0.7593
2025-10-02 12:56:41,553 - root - INFO - best test average_precision: 0.7820
2025-10-02 12:56:41,553 - root - INFO - test roc_auc, 0.7953
2025-10-02 12:56:41,553 - root - INFO - new node test loss: 0.5287
2025-10-02 12:56:41,553 - root - INFO - new node test average_precision, 0.7720
2025-10-02 12:56:41,553 - root - INFO - new node test roc_auc, 0.8035
2025-10-02 12:56:41,554 - root - INFO - save model ./saved_models/JODIE/mooc/JODIE_mercer_seed4/JODIE_mercer_seed4.pkl
2025-10-02 12:57:43,552 - root - INFO - Epoch: 9, learning rate: 0.0001, train loss: 0.3638
2025-10-02 12:57:43,553 - root - INFO - train average_precision, 0.8590
2025-10-02 12:57:43,553 - root - INFO - train roc_auc, 0.8973
2025-10-02 12:57:43,553 - root - INFO - validate loss: 0.4819
2025-10-02 12:57:43,553 - root - INFO - validate average_precision, 0.8077
2025-10-02 12:57:43,553 - root - INFO - validate roc_auc, 0.8424
2025-10-02 12:57:43,553 - root - INFO - new node validate loss: 0.5630
2025-10-02 12:57:43,553 - root - INFO - new node validate average_precision, 0.7410
2025-10-02 12:57:43,553 - root - INFO - new node validate roc_auc, 0.7826
2025-10-02 12:57:54,366 - root - INFO - test loss: 0.5149
2025-10-02 12:57:54,367 - root - INFO - test average_precision, 0.7812
2025-10-02 12:57:54,367 - root - INFO - best test average_precision: 0.7820
2025-10-02 12:57:54,367 - root - INFO - test roc_auc, 0.8137
2025-10-02 12:57:54,367 - root - INFO - new node test loss: 0.4934
2025-10-02 12:57:54,367 - root - INFO - new node test average_precision, 0.7967
2025-10-02 12:57:54,367 - root - INFO - new node test roc_auc, 0.8332
2025-10-02 12:57:54,367 - root - INFO - save model ./saved_models/JODIE/mooc/JODIE_mercer_seed4/JODIE_mercer_seed4.pkl
2025-10-02 12:58:56,211 - root - INFO - Epoch: 10, learning rate: 0.0001, train loss: 0.3577
2025-10-02 12:58:56,211 - root - INFO - train average_precision, 0.8648
2025-10-02 12:58:56,211 - root - INFO - train roc_auc, 0.9013
2025-10-02 12:58:56,211 - root - INFO - validate loss: 0.4792
2025-10-02 12:58:56,211 - root - INFO - validate average_precision, 0.7928
2025-10-02 12:58:56,211 - root - INFO - validate roc_auc, 0.8404
2025-10-02 12:58:56,211 - root - INFO - new node validate loss: 0.5599
2025-10-02 12:58:56,212 - root - INFO - new node validate average_precision, 0.7522
2025-10-02 12:58:56,212 - root - INFO - new node validate roc_auc, 0.7857
2025-10-02 12:59:06,703 - root - INFO - test loss: 0.5591
2025-10-02 12:59:06,703 - root - INFO - test average_precision, 0.7313
2025-10-02 12:59:06,703 - root - INFO - best test average_precision: 0.7820
2025-10-02 12:59:06,704 - root - INFO - test roc_auc, 0.7860
2025-10-02 12:59:06,704 - root - INFO - new node test loss: 0.5228
2025-10-02 12:59:06,704 - root - INFO - new node test average_precision, 0.7569
2025-10-02 12:59:06,704 - root - INFO - new node test roc_auc, 0.8073
2025-10-02 13:00:06,424 - root - INFO - Epoch: 11, learning rate: 0.0001, train loss: 0.3543
2025-10-02 13:00:06,424 - root - INFO - train average_precision, 0.8677
2025-10-02 13:00:06,424 - root - INFO - train roc_auc, 0.9033
2025-10-02 13:00:06,424 - root - INFO - validate loss: 0.4741
2025-10-02 13:00:06,424 - root - INFO - validate average_precision, 0.8028
2025-10-02 13:00:06,424 - root - INFO - validate roc_auc, 0.8467
2025-10-02 13:00:06,424 - root - INFO - new node validate loss: 0.5473
2025-10-02 13:00:06,425 - root - INFO - new node validate average_precision, 0.7609
2025-10-02 13:00:06,425 - root - INFO - new node validate roc_auc, 0.7984
2025-10-02 13:00:16,924 - root - INFO - test loss: 0.5596
2025-10-02 13:00:16,924 - root - INFO - test average_precision, 0.7455
2025-10-02 13:00:16,924 - root - INFO - best test average_precision: 0.7820
2025-10-02 13:00:16,924 - root - INFO - test roc_auc, 0.7968
2025-10-02 13:00:16,924 - root - INFO - new node test loss: 0.5185
2025-10-02 13:00:16,924 - root - INFO - new node test average_precision, 0.7637
2025-10-02 13:00:16,924 - root - INFO - new node test roc_auc, 0.8114
2025-10-02 13:01:16,784 - root - INFO - Epoch: 12, learning rate: 0.0001, train loss: 0.3546
2025-10-02 13:01:16,784 - root - INFO - train average_precision, 0.8660
2025-10-02 13:01:16,785 - root - INFO - train roc_auc, 0.9028
2025-10-02 13:01:16,785 - root - INFO - validate loss: 0.4827
2025-10-02 13:01:16,785 - root - INFO - validate average_precision, 0.8158
2025-10-02 13:01:16,785 - root - INFO - validate roc_auc, 0.8470
2025-10-02 13:01:16,785 - root - INFO - new node validate loss: 0.5812
2025-10-02 13:01:16,785 - root - INFO - new node validate average_precision, 0.7355
2025-10-02 13:01:16,785 - root - INFO - new node validate roc_auc, 0.7727
2025-10-02 13:01:27,530 - root - INFO - test loss: 0.5116
2025-10-02 13:01:27,530 - root - INFO - test average_precision, 0.7924
2025-10-02 13:01:27,530 - root - INFO - best test average_precision: 0.7924
2025-10-02 13:01:27,530 - root - INFO - test roc_auc, 0.8202
2025-10-02 13:01:27,530 - root - INFO - new node test loss: 0.5068
2025-10-02 13:01:27,530 - root - INFO - new node test average_precision, 0.7986
2025-10-02 13:01:27,530 - root - INFO - new node test roc_auc, 0.8303
2025-10-02 13:01:27,530 - root - INFO - save model ./saved_models/JODIE/mooc/JODIE_mercer_seed4/JODIE_mercer_seed4.pkl
2025-10-02 13:02:29,602 - root - INFO - Epoch: 13, learning rate: 0.0001, train loss: 0.3497
2025-10-02 13:02:29,602 - root - INFO - train average_precision, 0.8705
2025-10-02 13:02:29,603 - root - INFO - train roc_auc, 0.9058
2025-10-02 13:02:29,603 - root - INFO - validate loss: 0.4756
2025-10-02 13:02:29,603 - root - INFO - validate average_precision, 0.8186
2025-10-02 13:02:29,603 - root - INFO - validate roc_auc, 0.8503
2025-10-02 13:02:29,603 - root - INFO - new node validate loss: 0.5640
2025-10-02 13:02:29,603 - root - INFO - new node validate average_precision, 0.7598
2025-10-02 13:02:29,603 - root - INFO - new node validate roc_auc, 0.7889
2025-10-02 13:02:40,103 - root - INFO - test loss: 0.5073
2025-10-02 13:02:40,103 - root - INFO - test average_precision, 0.7944
2025-10-02 13:02:40,103 - root - INFO - best test average_precision: 0.7944
2025-10-02 13:02:40,103 - root - INFO - test roc_auc, 0.8257
2025-10-02 13:02:40,103 - root - INFO - new node test loss: 0.5044
2025-10-02 13:02:40,103 - root - INFO - new node test average_precision, 0.8040
2025-10-02 13:02:40,103 - root - INFO - new node test roc_auc, 0.8319
2025-10-02 13:02:40,104 - root - INFO - save model ./saved_models/JODIE/mooc/JODIE_mercer_seed4/JODIE_mercer_seed4.pkl
2025-10-02 13:03:42,005 - root - INFO - Epoch: 14, learning rate: 0.0001, train loss: 0.3467
2025-10-02 13:03:42,006 - root - INFO - train average_precision, 0.8746
2025-10-02 13:03:42,006 - root - INFO - train roc_auc, 0.9083
2025-10-02 13:03:42,006 - root - INFO - validate loss: 0.4804
2025-10-02 13:03:42,006 - root - INFO - validate average_precision, 0.8212
2025-10-02 13:03:42,006 - root - INFO - validate roc_auc, 0.8503
2025-10-02 13:03:42,006 - root - INFO - new node validate loss: 0.5667
2025-10-02 13:03:42,006 - root - INFO - new node validate average_precision, 0.7594
2025-10-02 13:03:42,006 - root - INFO - new node validate roc_auc, 0.7901
2025-10-02 13:03:52,677 - root - INFO - test loss: 0.5140
2025-10-02 13:03:52,678 - root - INFO - test average_precision, 0.7926
2025-10-02 13:03:52,678 - root - INFO - best test average_precision: 0.7944
2025-10-02 13:03:52,678 - root - INFO - test roc_auc, 0.8216
2025-10-02 13:03:52,678 - root - INFO - new node test loss: 0.5049
2025-10-02 13:03:52,678 - root - INFO - new node test average_precision, 0.8042
2025-10-02 13:03:52,678 - root - INFO - new node test roc_auc, 0.8341
2025-10-02 13:03:52,678 - root - INFO - save model ./saved_models/JODIE/mooc/JODIE_mercer_seed4/JODIE_mercer_seed4.pkl
2025-10-02 13:04:54,574 - root - INFO - Epoch: 15, learning rate: 0.0001, train loss: 0.3466
2025-10-02 13:04:54,574 - root - INFO - train average_precision, 0.8744
2025-10-02 13:04:54,574 - root - INFO - train roc_auc, 0.9078
2025-10-02 13:04:54,574 - root - INFO - validate loss: 0.4740
2025-10-02 13:04:54,575 - root - INFO - validate average_precision, 0.8244
2025-10-02 13:04:54,575 - root - INFO - validate roc_auc, 0.8536
2025-10-02 13:04:54,575 - root - INFO - new node validate loss: 0.5642
2025-10-02 13:04:54,575 - root - INFO - new node validate average_precision, 0.7580
2025-10-02 13:04:54,575 - root - INFO - new node validate roc_auc, 0.7893
2025-10-02 13:05:05,060 - root - INFO - test loss: 0.5006
2025-10-02 13:05:05,060 - root - INFO - test average_precision, 0.8051
2025-10-02 13:05:05,060 - root - INFO - best test average_precision: 0.8051
2025-10-02 13:05:05,060 - root - INFO - test roc_auc, 0.8333
2025-10-02 13:05:05,060 - root - INFO - new node test loss: 0.4935
2025-10-02 13:05:05,060 - root - INFO - new node test average_precision, 0.8083
2025-10-02 13:05:05,061 - root - INFO - new node test roc_auc, 0.8385
2025-10-02 13:05:05,061 - root - INFO - save model ./saved_models/JODIE/mooc/JODIE_mercer_seed4/JODIE_mercer_seed4.pkl
2025-10-02 13:06:06,913 - root - INFO - Epoch: 16, learning rate: 0.0001, train loss: 0.3435
2025-10-02 13:06:06,913 - root - INFO - train average_precision, 0.8766
2025-10-02 13:06:06,914 - root - INFO - train roc_auc, 0.9098
2025-10-02 13:06:06,914 - root - INFO - validate loss: 0.4689
2025-10-02 13:06:06,914 - root - INFO - validate average_precision, 0.8236
2025-10-02 13:06:06,914 - root - INFO - validate roc_auc, 0.8562
2025-10-02 13:06:06,914 - root - INFO - new node validate loss: 0.5641
2025-10-02 13:06:06,914 - root - INFO - new node validate average_precision, 0.7668
2025-10-02 13:06:06,914 - root - INFO - new node validate roc_auc, 0.7936
2025-10-02 13:06:17,379 - root - INFO - test loss: 0.4918
2025-10-02 13:06:17,379 - root - INFO - test average_precision, 0.8080
2025-10-02 13:06:17,379 - root - INFO - best test average_precision: 0.8080
2025-10-02 13:06:17,379 - root - INFO - test roc_auc, 0.8404
2025-10-02 13:06:17,380 - root - INFO - new node test loss: 0.4997
2025-10-02 13:06:17,380 - root - INFO - new node test average_precision, 0.8040
2025-10-02 13:06:17,380 - root - INFO - new node test roc_auc, 0.8349
2025-10-02 13:07:16,990 - root - INFO - Epoch: 17, learning rate: 0.0001, train loss: 0.3431
2025-10-02 13:07:16,990 - root - INFO - train average_precision, 0.8766
2025-10-02 13:07:16,991 - root - INFO - train roc_auc, 0.9098
2025-10-02 13:07:16,991 - root - INFO - validate loss: 0.4821
2025-10-02 13:07:16,991 - root - INFO - validate average_precision, 0.8194
2025-10-02 13:07:16,991 - root - INFO - validate roc_auc, 0.8487
2025-10-02 13:07:16,991 - root - INFO - new node validate loss: 0.5823
2025-10-02 13:07:16,991 - root - INFO - new node validate average_precision, 0.7538
2025-10-02 13:07:16,991 - root - INFO - new node validate roc_auc, 0.7814
2025-10-02 13:07:27,651 - root - INFO - test loss: 0.5214
2025-10-02 13:07:27,651 - root - INFO - test average_precision, 0.7863
2025-10-02 13:07:27,651 - root - INFO - best test average_precision: 0.8080
2025-10-02 13:07:27,651 - root - INFO - test roc_auc, 0.8166
2025-10-02 13:07:27,651 - root - INFO - new node test loss: 0.5272
2025-10-02 13:07:27,651 - root - INFO - new node test average_precision, 0.7924
2025-10-02 13:07:27,651 - root - INFO - new node test roc_auc, 0.8201
2025-10-02 13:08:27,324 - root - INFO - Epoch: 18, learning rate: 0.0001, train loss: 0.3400
2025-10-02 13:08:27,325 - root - INFO - train average_precision, 0.8797
2025-10-02 13:08:27,325 - root - INFO - train roc_auc, 0.9122
2025-10-02 13:08:27,325 - root - INFO - validate loss: 0.4746
2025-10-02 13:08:27,325 - root - INFO - validate average_precision, 0.8220
2025-10-02 13:08:27,325 - root - INFO - validate roc_auc, 0.8546
2025-10-02 13:08:27,325 - root - INFO - new node validate loss: 0.5623
2025-10-02 13:08:27,325 - root - INFO - new node validate average_precision, 0.7639
2025-10-02 13:08:27,326 - root - INFO - new node validate roc_auc, 0.7931
2025-10-02 13:08:37,805 - root - INFO - test loss: 0.5076
2025-10-02 13:08:37,806 - root - INFO - test average_precision, 0.7968
2025-10-02 13:08:37,806 - root - INFO - best test average_precision: 0.8080
2025-10-02 13:08:37,806 - root - INFO - test roc_auc, 0.8301
2025-10-02 13:08:37,806 - root - INFO - new node test loss: 0.4978
2025-10-02 13:08:37,806 - root - INFO - new node test average_precision, 0.8030
2025-10-02 13:08:37,806 - root - INFO - new node test roc_auc, 0.8375
2025-10-02 13:09:37,662 - root - INFO - Epoch: 19, learning rate: 0.0001, train loss: 0.3384
2025-10-02 13:09:37,662 - root - INFO - train average_precision, 0.8809
2025-10-02 13:09:37,663 - root - INFO - train roc_auc, 0.9128
2025-10-02 13:09:37,663 - root - INFO - validate loss: 0.4930
2025-10-02 13:09:37,663 - root - INFO - validate average_precision, 0.8139
2025-10-02 13:09:37,663 - root - INFO - validate roc_auc, 0.8418
2025-10-02 13:09:37,663 - root - INFO - new node validate loss: 0.5811
2025-10-02 13:09:37,663 - root - INFO - new node validate average_precision, 0.7554
2025-10-02 13:09:37,663 - root - INFO - new node validate roc_auc, 0.7799
2025-10-02 13:09:48,159 - root - INFO - test loss: 0.5386
2025-10-02 13:09:48,159 - root - INFO - test average_precision, 0.7626
2025-10-02 13:09:48,159 - root - INFO - best test average_precision: 0.8080
2025-10-02 13:09:48,159 - root - INFO - test roc_auc, 0.7950
2025-10-02 13:09:48,159 - root - INFO - new node test loss: 0.5478
2025-10-02 13:09:48,159 - root - INFO - new node test average_precision, 0.7704
2025-10-02 13:09:48,159 - root - INFO - new node test roc_auc, 0.7982
2025-10-02 13:10:47,693 - root - INFO - Epoch: 20, learning rate: 0.0001, train loss: 0.3371
2025-10-02 13:10:47,693 - root - INFO - train average_precision, 0.8824
2025-10-02 13:10:47,693 - root - INFO - train roc_auc, 0.9137
2025-10-02 13:10:47,693 - root - INFO - validate loss: 0.4713
2025-10-02 13:10:47,694 - root - INFO - validate average_precision, 0.8287
2025-10-02 13:10:47,694 - root - INFO - validate roc_auc, 0.8563
2025-10-02 13:10:47,694 - root - INFO - new node validate loss: 0.5684
2025-10-02 13:10:47,694 - root - INFO - new node validate average_precision, 0.7578
2025-10-02 13:10:47,694 - root - INFO - new node validate roc_auc, 0.7865
2025-10-02 13:10:58,209 - root - INFO - test loss: 0.5168
2025-10-02 13:10:58,209 - root - INFO - test average_precision, 0.7829
2025-10-02 13:10:58,209 - root - INFO - best test average_precision: 0.8080
2025-10-02 13:10:58,210 - root - INFO - test roc_auc, 0.8141
2025-10-02 13:10:58,210 - root - INFO - new node test loss: 0.5267
2025-10-02 13:10:58,210 - root - INFO - new node test average_precision, 0.7894
2025-10-02 13:10:58,210 - root - INFO - new node test roc_auc, 0.8144
2025-10-02 13:10:58,210 - root - INFO - save model ./saved_models/JODIE/mooc/JODIE_mercer_seed4/JODIE_mercer_seed4.pkl
2025-10-02 13:12:00,097 - root - INFO - Epoch: 21, learning rate: 0.0001, train loss: 0.3352
2025-10-02 13:12:00,098 - root - INFO - train average_precision, 0.8831
2025-10-02 13:12:00,098 - root - INFO - train roc_auc, 0.9143
2025-10-02 13:12:00,098 - root - INFO - validate loss: 0.4745
2025-10-02 13:12:00,098 - root - INFO - validate average_precision, 0.8266
2025-10-02 13:12:00,098 - root - INFO - validate roc_auc, 0.8554
2025-10-02 13:12:00,098 - root - INFO - new node validate loss: 0.5717
2025-10-02 13:12:00,098 - root - INFO - new node validate average_precision, 0.7561
2025-10-02 13:12:00,098 - root - INFO - new node validate roc_auc, 0.7846
2025-10-02 13:12:10,597 - root - INFO - test loss: 0.5186
2025-10-02 13:12:10,598 - root - INFO - test average_precision, 0.7747
2025-10-02 13:12:10,598 - root - INFO - best test average_precision: 0.8080
2025-10-02 13:12:10,598 - root - INFO - test roc_auc, 0.8115
2025-10-02 13:12:10,598 - root - INFO - new node test loss: 0.5294
2025-10-02 13:12:10,598 - root - INFO - new node test average_precision, 0.7829
2025-10-02 13:12:10,598 - root - INFO - new node test roc_auc, 0.8131
2025-10-02 13:13:10,578 - root - INFO - Epoch: 22, learning rate: 0.0001, train loss: 0.3347
2025-10-02 13:13:10,579 - root - INFO - train average_precision, 0.8836
2025-10-02 13:13:10,579 - root - INFO - train roc_auc, 0.9150
2025-10-02 13:13:10,579 - root - INFO - validate loss: 0.4663
2025-10-02 13:13:10,579 - root - INFO - validate average_precision, 0.8355
2025-10-02 13:13:10,579 - root - INFO - validate roc_auc, 0.8632
2025-10-02 13:13:10,579 - root - INFO - new node validate loss: 0.6060
2025-10-02 13:13:10,579 - root - INFO - new node validate average_precision, 0.7433
2025-10-02 13:13:10,579 - root - INFO - new node validate roc_auc, 0.7733
2025-10-02 13:13:21,156 - root - INFO - test loss: 0.4967
2025-10-02 13:13:21,156 - root - INFO - test average_precision, 0.8024
2025-10-02 13:13:21,156 - root - INFO - best test average_precision: 0.8080
2025-10-02 13:13:21,156 - root - INFO - test roc_auc, 0.8357
2025-10-02 13:13:21,156 - root - INFO - new node test loss: 0.5184
2025-10-02 13:13:21,156 - root - INFO - new node test average_precision, 0.7949
2025-10-02 13:13:21,156 - root - INFO - new node test roc_auc, 0.8257
2025-10-02 13:13:21,156 - root - INFO - save model ./saved_models/JODIE/mooc/JODIE_mercer_seed4/JODIE_mercer_seed4.pkl
2025-10-02 13:14:22,969 - root - INFO - Epoch: 23, learning rate: 0.0001, train loss: 0.3351
2025-10-02 13:14:22,969 - root - INFO - train average_precision, 0.8835
2025-10-02 13:14:22,970 - root - INFO - train roc_auc, 0.9145
2025-10-02 13:14:22,970 - root - INFO - validate loss: 0.4682
2025-10-02 13:14:22,970 - root - INFO - validate average_precision, 0.8317
2025-10-02 13:14:22,970 - root - INFO - validate roc_auc, 0.8601
2025-10-02 13:14:22,970 - root - INFO - new node validate loss: 0.5794
2025-10-02 13:14:22,970 - root - INFO - new node validate average_precision, 0.7623
2025-10-02 13:14:22,970 - root - INFO - new node validate roc_auc, 0.7873
2025-10-02 13:14:33,609 - root - INFO - test loss: 0.5171
2025-10-02 13:14:33,609 - root - INFO - test average_precision, 0.7840
2025-10-02 13:14:33,609 - root - INFO - best test average_precision: 0.8080
2025-10-02 13:14:33,609 - root - INFO - test roc_auc, 0.8169
2025-10-02 13:14:33,609 - root - INFO - new node test loss: 0.5353
2025-10-02 13:14:33,609 - root - INFO - new node test average_precision, 0.7840
2025-10-02 13:14:33,609 - root - INFO - new node test roc_auc, 0.8095
2025-10-02 13:15:33,184 - root - INFO - Epoch: 24, learning rate: 0.0001, train loss: 0.3319
2025-10-02 13:15:33,184 - root - INFO - train average_precision, 0.8858
2025-10-02 13:15:33,184 - root - INFO - train roc_auc, 0.9163
2025-10-02 13:15:33,185 - root - INFO - validate loss: 0.4664
2025-10-02 13:15:33,185 - root - INFO - validate average_precision, 0.8373
2025-10-02 13:15:33,185 - root - INFO - validate roc_auc, 0.8638
2025-10-02 13:15:33,185 - root - INFO - new node validate loss: 0.5712
2025-10-02 13:15:33,185 - root - INFO - new node validate average_precision, 0.7665
2025-10-02 13:15:33,185 - root - INFO - new node validate roc_auc, 0.7933
2025-10-02 13:15:43,603 - root - INFO - test loss: 0.5127
2025-10-02 13:15:43,604 - root - INFO - test average_precision, 0.7955
2025-10-02 13:15:43,604 - root - INFO - best test average_precision: 0.8080
2025-10-02 13:15:43,604 - root - INFO - test roc_auc, 0.8244
2025-10-02 13:15:43,604 - root - INFO - new node test loss: 0.5261
2025-10-02 13:15:43,604 - root - INFO - new node test average_precision, 0.7950
2025-10-02 13:15:43,604 - root - INFO - new node test roc_auc, 0.8217
2025-10-02 13:15:43,604 - root - INFO - save model ./saved_models/JODIE/mooc/JODIE_mercer_seed4/JODIE_mercer_seed4.pkl
2025-10-02 13:16:45,419 - root - INFO - Epoch: 25, learning rate: 0.0001, train loss: 0.3337
2025-10-02 13:16:45,419 - root - INFO - train average_precision, 0.8853
2025-10-02 13:16:45,420 - root - INFO - train roc_auc, 0.9158
2025-10-02 13:16:45,420 - root - INFO - validate loss: 0.4929
2025-10-02 13:16:45,420 - root - INFO - validate average_precision, 0.8141
2025-10-02 13:16:45,420 - root - INFO - validate roc_auc, 0.8454
2025-10-02 13:16:45,420 - root - INFO - new node validate loss: 0.6205
2025-10-02 13:16:45,420 - root - INFO - new node validate average_precision, 0.7499
2025-10-02 13:16:45,420 - root - INFO - new node validate roc_auc, 0.7723
2025-10-02 13:16:56,079 - root - INFO - test loss: 0.5313
2025-10-02 13:16:56,079 - root - INFO - test average_precision, 0.7720
2025-10-02 13:16:56,079 - root - INFO - best test average_precision: 0.8080
2025-10-02 13:16:56,080 - root - INFO - test roc_auc, 0.8065
2025-10-02 13:16:56,080 - root - INFO - new node test loss: 0.5681
2025-10-02 13:16:56,080 - root - INFO - new node test average_precision, 0.7590
2025-10-02 13:16:56,080 - root - INFO - new node test roc_auc, 0.7907
2025-10-02 13:17:55,726 - root - INFO - Epoch: 26, learning rate: 0.0001, train loss: 0.3323
2025-10-02 13:17:55,727 - root - INFO - train average_precision, 0.8853
2025-10-02 13:17:55,727 - root - INFO - train roc_auc, 0.9162
2025-10-02 13:17:55,727 - root - INFO - validate loss: 0.4644
2025-10-02 13:17:55,727 - root - INFO - validate average_precision, 0.8390
2025-10-02 13:17:55,727 - root - INFO - validate roc_auc, 0.8668
2025-10-02 13:17:55,727 - root - INFO - new node validate loss: 0.5821
2025-10-02 13:17:55,727 - root - INFO - new node validate average_precision, 0.7592
2025-10-02 13:17:55,727 - root - INFO - new node validate roc_auc, 0.7893
2025-10-02 13:18:06,239 - root - INFO - test loss: 0.5101
2025-10-02 13:18:06,239 - root - INFO - test average_precision, 0.7923
2025-10-02 13:18:06,240 - root - INFO - best test average_precision: 0.8080
2025-10-02 13:18:06,240 - root - INFO - test roc_auc, 0.8287
2025-10-02 13:18:06,240 - root - INFO - new node test loss: 0.5217
2025-10-02 13:18:06,240 - root - INFO - new node test average_precision, 0.7939
2025-10-02 13:18:06,240 - root - INFO - new node test roc_auc, 0.8266
2025-10-02 13:18:06,240 - root - INFO - save model ./saved_models/JODIE/mooc/JODIE_mercer_seed4/JODIE_mercer_seed4.pkl
2025-10-02 13:19:08,270 - root - INFO - Epoch: 27, learning rate: 0.0001, train loss: 0.3284
2025-10-02 13:19:08,271 - root - INFO - train average_precision, 0.8889
2025-10-02 13:19:08,271 - root - INFO - train roc_auc, 0.9185
2025-10-02 13:19:08,271 - root - INFO - validate loss: 0.4883
2025-10-02 13:19:08,271 - root - INFO - validate average_precision, 0.8282
2025-10-02 13:19:08,271 - root - INFO - validate roc_auc, 0.8560
2025-10-02 13:19:08,271 - root - INFO - new node validate loss: 0.6304
2025-10-02 13:19:08,271 - root - INFO - new node validate average_precision, 0.7355
2025-10-02 13:19:08,271 - root - INFO - new node validate roc_auc, 0.7629
2025-10-02 13:19:18,781 - root - INFO - test loss: 0.5227
2025-10-02 13:19:18,781 - root - INFO - test average_precision, 0.7923
2025-10-02 13:19:18,781 - root - INFO - best test average_precision: 0.8080
2025-10-02 13:19:18,781 - root - INFO - test roc_auc, 0.8219
2025-10-02 13:19:18,782 - root - INFO - new node test loss: 0.5650
2025-10-02 13:19:18,782 - root - INFO - new node test average_precision, 0.7809
2025-10-02 13:19:18,782 - root - INFO - new node test roc_auc, 0.8070
2025-10-02 13:20:18,560 - root - INFO - Epoch: 28, learning rate: 0.0001, train loss: 0.3281
2025-10-02 13:20:18,561 - root - INFO - train average_precision, 0.8885
2025-10-02 13:20:18,561 - root - INFO - train roc_auc, 0.9184
2025-10-02 13:20:18,561 - root - INFO - validate loss: 0.4827
2025-10-02 13:20:18,561 - root - INFO - validate average_precision, 0.8308
2025-10-02 13:20:18,561 - root - INFO - validate roc_auc, 0.8576
2025-10-02 13:20:18,561 - root - INFO - new node validate loss: 0.6355
2025-10-02 13:20:18,561 - root - INFO - new node validate average_precision, 0.7370
2025-10-02 13:20:18,561 - root - INFO - new node validate roc_auc, 0.7636
2025-10-02 13:20:29,102 - root - INFO - test loss: 0.5279
2025-10-02 13:20:29,102 - root - INFO - test average_precision, 0.7850
2025-10-02 13:20:29,102 - root - INFO - best test average_precision: 0.8080
2025-10-02 13:20:29,102 - root - INFO - test roc_auc, 0.8166
2025-10-02 13:20:29,102 - root - INFO - new node test loss: 0.5648
2025-10-02 13:20:29,102 - root - INFO - new node test average_precision, 0.7753
2025-10-02 13:20:29,102 - root - INFO - new node test roc_auc, 0.8025
2025-10-02 13:21:28,870 - root - INFO - Epoch: 29, learning rate: 0.0001, train loss: 0.3300
2025-10-02 13:21:28,870 - root - INFO - train average_precision, 0.8878
2025-10-02 13:21:28,870 - root - INFO - train roc_auc, 0.9178
2025-10-02 13:21:28,870 - root - INFO - validate loss: 0.4735
2025-10-02 13:21:28,870 - root - INFO - validate average_precision, 0.8356
2025-10-02 13:21:28,870 - root - INFO - validate roc_auc, 0.8606
2025-10-02 13:21:28,871 - root - INFO - new node validate loss: 0.6324
2025-10-02 13:21:28,871 - root - INFO - new node validate average_precision, 0.7435
2025-10-02 13:21:28,871 - root - INFO - new node validate roc_auc, 0.7648
2025-10-02 13:21:39,428 - root - INFO - test loss: 0.5213
2025-10-02 13:21:39,428 - root - INFO - test average_precision, 0.7855
2025-10-02 13:21:39,428 - root - INFO - best test average_precision: 0.8080
2025-10-02 13:21:39,428 - root - INFO - test roc_auc, 0.8153
2025-10-02 13:21:39,428 - root - INFO - new node test loss: 0.5616
2025-10-02 13:21:39,428 - root - INFO - new node test average_precision, 0.7809
2025-10-02 13:21:39,428 - root - INFO - new node test roc_auc, 0.8046
2025-10-02 13:22:39,042 - root - INFO - Epoch: 30, learning rate: 0.0001, train loss: 0.3258
2025-10-02 13:22:39,042 - root - INFO - train average_precision, 0.8914
2025-10-02 13:22:39,043 - root - INFO - train roc_auc, 0.9201
2025-10-02 13:22:39,043 - root - INFO - validate loss: 0.4845
2025-10-02 13:22:39,043 - root - INFO - validate average_precision, 0.8272
2025-10-02 13:22:39,043 - root - INFO - validate roc_auc, 0.8532
2025-10-02 13:22:39,043 - root - INFO - new node validate loss: 0.6703
2025-10-02 13:22:39,043 - root - INFO - new node validate average_precision, 0.7171
2025-10-02 13:22:39,043 - root - INFO - new node validate roc_auc, 0.7374
2025-10-02 13:22:49,646 - root - INFO - test loss: 0.5241
2025-10-02 13:22:49,646 - root - INFO - test average_precision, 0.7918
2025-10-02 13:22:49,646 - root - INFO - best test average_precision: 0.8080
2025-10-02 13:22:49,646 - root - INFO - test roc_auc, 0.8209
2025-10-02 13:22:49,646 - root - INFO - new node test loss: 0.6028
2025-10-02 13:22:49,646 - root - INFO - new node test average_precision, 0.7560
2025-10-02 13:22:49,646 - root - INFO - new node test roc_auc, 0.7786
2025-10-02 13:23:49,389 - root - INFO - Epoch: 31, learning rate: 0.0001, train loss: 0.3287
2025-10-02 13:23:49,389 - root - INFO - train average_precision, 0.8893
2025-10-02 13:23:49,390 - root - INFO - train roc_auc, 0.9188
2025-10-02 13:23:49,390 - root - INFO - validate loss: 0.5549
2025-10-02 13:23:49,390 - root - INFO - validate average_precision, 0.8070
2025-10-02 13:23:49,390 - root - INFO - validate roc_auc, 0.8335
2025-10-02 13:23:49,390 - root - INFO - new node validate loss: 0.6791
2025-10-02 13:23:49,390 - root - INFO - new node validate average_precision, 0.7163
2025-10-02 13:23:49,390 - root - INFO - new node validate roc_auc, 0.7353
2025-10-02 13:23:59,910 - root - INFO - test loss: 0.5772
2025-10-02 13:23:59,910 - root - INFO - test average_precision, 0.7664
2025-10-02 13:23:59,910 - root - INFO - best test average_precision: 0.8080
2025-10-02 13:23:59,910 - root - INFO - test roc_auc, 0.8064
2025-10-02 13:23:59,910 - root - INFO - new node test loss: 0.6174
2025-10-02 13:23:59,910 - root - INFO - new node test average_precision, 0.7542
2025-10-02 13:23:59,910 - root - INFO - new node test roc_auc, 0.7839
2025-10-02 13:24:59,745 - root - INFO - Epoch: 32, learning rate: 0.0001, train loss: 0.3258
2025-10-02 13:24:59,745 - root - INFO - train average_precision, 0.8905
2025-10-02 13:24:59,746 - root - INFO - train roc_auc, 0.9200
2025-10-02 13:24:59,746 - root - INFO - validate loss: 0.5156
2025-10-02 13:24:59,746 - root - INFO - validate average_precision, 0.8069
2025-10-02 13:24:59,746 - root - INFO - validate roc_auc, 0.8383
2025-10-02 13:24:59,746 - root - INFO - new node validate loss: 0.6602
2025-10-02 13:24:59,746 - root - INFO - new node validate average_precision, 0.7405
2025-10-02 13:24:59,746 - root - INFO - new node validate roc_auc, 0.7620
2025-10-02 13:25:10,206 - root - INFO - test loss: 0.5689
2025-10-02 13:25:10,207 - root - INFO - test average_precision, 0.7497
2025-10-02 13:25:10,207 - root - INFO - best test average_precision: 0.8080
2025-10-02 13:25:10,207 - root - INFO - test roc_auc, 0.7923
2025-10-02 13:25:10,207 - root - INFO - new node test loss: 0.5956
2025-10-02 13:25:10,207 - root - INFO - new node test average_precision, 0.7580
2025-10-02 13:25:10,207 - root - INFO - new node test roc_auc, 0.7923
2025-10-02 13:26:09,887 - root - INFO - Epoch: 33, learning rate: 0.0001, train loss: 0.3224
2025-10-02 13:26:09,887 - root - INFO - train average_precision, 0.8935
2025-10-02 13:26:09,887 - root - INFO - train roc_auc, 0.9218
2025-10-02 13:26:09,887 - root - INFO - validate loss: 0.5019
2025-10-02 13:26:09,887 - root - INFO - validate average_precision, 0.8264
2025-10-02 13:26:09,887 - root - INFO - validate roc_auc, 0.8520
2025-10-02 13:26:09,888 - root - INFO - new node validate loss: 0.6816
2025-10-02 13:26:09,888 - root - INFO - new node validate average_precision, 0.7172
2025-10-02 13:26:09,888 - root - INFO - new node validate roc_auc, 0.7332
2025-10-02 13:26:20,417 - root - INFO - test loss: 0.5525
2025-10-02 13:26:20,417 - root - INFO - test average_precision, 0.7935
2025-10-02 13:26:20,418 - root - INFO - best test average_precision: 0.8080
2025-10-02 13:26:20,418 - root - INFO - test roc_auc, 0.8184
2025-10-02 13:26:20,418 - root - INFO - new node test loss: 0.6269
2025-10-02 13:26:20,418 - root - INFO - new node test average_precision, 0.7651
2025-10-02 13:26:20,418 - root - INFO - new node test roc_auc, 0.7793
2025-10-02 13:27:20,258 - root - INFO - Epoch: 34, learning rate: 0.0001, train loss: 0.3238
2025-10-02 13:27:20,259 - root - INFO - train average_precision, 0.8916
2025-10-02 13:27:20,259 - root - INFO - train roc_auc, 0.9209
2025-10-02 13:27:20,259 - root - INFO - validate loss: 0.4841
2025-10-02 13:27:20,259 - root - INFO - validate average_precision, 0.8327
2025-10-02 13:27:20,259 - root - INFO - validate roc_auc, 0.8559
2025-10-02 13:27:20,259 - root - INFO - new node validate loss: 0.6535
2025-10-02 13:27:20,259 - root - INFO - new node validate average_precision, 0.7326
2025-10-02 13:27:20,259 - root - INFO - new node validate roc_auc, 0.7532
2025-10-02 13:27:30,732 - root - INFO - test loss: 0.5363
2025-10-02 13:27:30,732 - root - INFO - test average_precision, 0.7961
2025-10-02 13:27:30,733 - root - INFO - best test average_precision: 0.8080
2025-10-02 13:27:30,733 - root - INFO - test roc_auc, 0.8227
2025-10-02 13:27:30,733 - root - INFO - new node test loss: 0.5713
2025-10-02 13:27:30,733 - root - INFO - new node test average_precision, 0.7887
2025-10-02 13:27:30,733 - root - INFO - new node test roc_auc, 0.8084
2025-10-02 13:28:30,510 - root - INFO - Epoch: 35, learning rate: 0.0001, train loss: 0.3239
2025-10-02 13:28:30,511 - root - INFO - train average_precision, 0.8914
2025-10-02 13:28:30,511 - root - INFO - train roc_auc, 0.9209
2025-10-02 13:28:30,511 - root - INFO - validate loss: 0.5379
2025-10-02 13:28:30,511 - root - INFO - validate average_precision, 0.8028
2025-10-02 13:28:30,511 - root - INFO - validate roc_auc, 0.8309
2025-10-02 13:28:30,511 - root - INFO - new node validate loss: 0.6888
2025-10-02 13:28:30,511 - root - INFO - new node validate average_precision, 0.7330
2025-10-02 13:28:30,511 - root - INFO - new node validate roc_auc, 0.7479
2025-10-02 13:28:40,957 - root - INFO - test loss: 0.5850
2025-10-02 13:28:40,958 - root - INFO - test average_precision, 0.7671
2025-10-02 13:28:40,958 - root - INFO - best test average_precision: 0.8080
2025-10-02 13:28:40,958 - root - INFO - test roc_auc, 0.7938
2025-10-02 13:28:40,958 - root - INFO - new node test loss: 0.6167
2025-10-02 13:28:40,958 - root - INFO - new node test average_precision, 0.7559
2025-10-02 13:28:40,958 - root - INFO - new node test roc_auc, 0.7826
2025-10-02 13:29:40,571 - root - INFO - Epoch: 36, learning rate: 0.0001, train loss: 0.3219
2025-10-02 13:29:40,572 - root - INFO - train average_precision, 0.8936
2025-10-02 13:29:40,572 - root - INFO - train roc_auc, 0.9222
2025-10-02 13:29:40,572 - root - INFO - validate loss: 0.5230
2025-10-02 13:29:40,572 - root - INFO - validate average_precision, 0.8172
2025-10-02 13:29:40,572 - root - INFO - validate roc_auc, 0.8369
2025-10-02 13:29:40,572 - root - INFO - new node validate loss: 0.6745
2025-10-02 13:29:40,572 - root - INFO - new node validate average_precision, 0.7160
2025-10-02 13:29:40,572 - root - INFO - new node validate roc_auc, 0.7318
2025-10-02 13:29:51,129 - root - INFO - test loss: 0.5895
2025-10-02 13:29:51,130 - root - INFO - test average_precision, 0.7743
2025-10-02 13:29:51,130 - root - INFO - best test average_precision: 0.8080
2025-10-02 13:29:51,130 - root - INFO - test roc_auc, 0.8004
2025-10-02 13:29:51,130 - root - INFO - new node test loss: 0.6519
2025-10-02 13:29:51,130 - root - INFO - new node test average_precision, 0.7436
2025-10-02 13:29:51,130 - root - INFO - new node test roc_auc, 0.7566
2025-10-02 13:30:50,765 - root - INFO - Epoch: 37, learning rate: 0.0001, train loss: 0.3221
2025-10-02 13:30:50,765 - root - INFO - train average_precision, 0.8933
2025-10-02 13:30:50,765 - root - INFO - train roc_auc, 0.9221
2025-10-02 13:30:50,765 - root - INFO - validate loss: 0.4952
2025-10-02 13:30:50,766 - root - INFO - validate average_precision, 0.8236
2025-10-02 13:30:50,766 - root - INFO - validate roc_auc, 0.8465
2025-10-02 13:30:50,766 - root - INFO - new node validate loss: 0.6326
2025-10-02 13:30:50,766 - root - INFO - new node validate average_precision, 0.7431
2025-10-02 13:30:50,766 - root - INFO - new node validate roc_auc, 0.7633
2025-10-02 13:31:01,166 - root - INFO - test loss: 0.5680
2025-10-02 13:31:01,166 - root - INFO - test average_precision, 0.7860
2025-10-02 13:31:01,166 - root - INFO - best test average_precision: 0.8080
2025-10-02 13:31:01,166 - root - INFO - test roc_auc, 0.8056
2025-10-02 13:31:01,166 - root - INFO - new node test loss: 0.6237
2025-10-02 13:31:01,167 - root - INFO - new node test average_precision, 0.7614
2025-10-02 13:31:01,167 - root - INFO - new node test roc_auc, 0.7728
2025-10-02 13:32:01,063 - root - INFO - Epoch: 38, learning rate: 0.0001, train loss: 0.3222
2025-10-02 13:32:01,064 - root - INFO - train average_precision, 0.8929
2025-10-02 13:32:01,064 - root - INFO - train roc_auc, 0.9215
2025-10-02 13:32:01,064 - root - INFO - validate loss: 0.5452
2025-10-02 13:32:01,064 - root - INFO - validate average_precision, 0.8148
2025-10-02 13:32:01,064 - root - INFO - validate roc_auc, 0.8331
2025-10-02 13:32:01,064 - root - INFO - new node validate loss: 0.6650
2025-10-02 13:32:01,064 - root - INFO - new node validate average_precision, 0.7348
2025-10-02 13:32:01,064 - root - INFO - new node validate roc_auc, 0.7502
2025-10-02 13:32:11,607 - root - INFO - test loss: 0.5923
2025-10-02 13:32:11,607 - root - INFO - test average_precision, 0.7646
2025-10-02 13:32:11,607 - root - INFO - best test average_precision: 0.8080
2025-10-02 13:32:11,607 - root - INFO - test roc_auc, 0.7974
2025-10-02 13:32:11,607 - root - INFO - new node test loss: 0.6329
2025-10-02 13:32:11,607 - root - INFO - new node test average_precision, 0.7534
2025-10-02 13:32:11,607 - root - INFO - new node test roc_auc, 0.7747
2025-10-02 13:33:11,459 - root - INFO - Epoch: 39, learning rate: 0.0001, train loss: 0.3186
2025-10-02 13:33:11,460 - root - INFO - train average_precision, 0.8958
2025-10-02 13:33:11,460 - root - INFO - train roc_auc, 0.9239
2025-10-02 13:33:11,460 - root - INFO - validate loss: 0.5371
2025-10-02 13:33:11,460 - root - INFO - validate average_precision, 0.8223
2025-10-02 13:33:11,460 - root - INFO - validate roc_auc, 0.8420
2025-10-02 13:33:11,460 - root - INFO - new node validate loss: 0.6592
2025-10-02 13:33:11,460 - root - INFO - new node validate average_precision, 0.7435
2025-10-02 13:33:11,460 - root - INFO - new node validate roc_auc, 0.7620
2025-10-02 13:33:21,959 - root - INFO - test loss: 0.5832
2025-10-02 13:33:21,960 - root - INFO - test average_precision, 0.7769
2025-10-02 13:33:21,960 - root - INFO - best test average_precision: 0.8080
2025-10-02 13:33:21,960 - root - INFO - test roc_auc, 0.8078
2025-10-02 13:33:21,960 - root - INFO - new node test loss: 0.6093
2025-10-02 13:33:21,960 - root - INFO - new node test average_precision, 0.7699
2025-10-02 13:33:21,960 - root - INFO - new node test roc_auc, 0.7932
2025-10-02 13:34:21,857 - root - INFO - Epoch: 40, learning rate: 0.0001, train loss: 0.3175
2025-10-02 13:34:21,857 - root - INFO - train average_precision, 0.8964
2025-10-02 13:34:21,858 - root - INFO - train roc_auc, 0.9242
2025-10-02 13:34:21,858 - root - INFO - validate loss: 0.5665
2025-10-02 13:34:21,858 - root - INFO - validate average_precision, 0.8032
2025-10-02 13:34:21,858 - root - INFO - validate roc_auc, 0.8294
2025-10-02 13:34:21,858 - root - INFO - new node validate loss: 0.6914
2025-10-02 13:34:21,858 - root - INFO - new node validate average_precision, 0.7132
2025-10-02 13:34:21,858 - root - INFO - new node validate roc_auc, 0.7374
2025-10-02 13:34:32,356 - root - INFO - test loss: 0.5958
2025-10-02 13:34:32,356 - root - INFO - test average_precision, 0.7595
2025-10-02 13:34:32,357 - root - INFO - best test average_precision: 0.8080
2025-10-02 13:34:32,357 - root - INFO - test roc_auc, 0.8002
2025-10-02 13:34:32,357 - root - INFO - new node test loss: 0.6667
2025-10-02 13:34:32,357 - root - INFO - new node test average_precision, 0.7316
2025-10-02 13:34:32,357 - root - INFO - new node test roc_auc, 0.7537
2025-10-02 13:35:32,037 - root - INFO - Epoch: 41, learning rate: 0.0001, train loss: 0.3175
2025-10-02 13:35:32,038 - root - INFO - train average_precision, 0.8955
2025-10-02 13:35:32,038 - root - INFO - train roc_auc, 0.9241
2025-10-02 13:35:32,038 - root - INFO - validate loss: 0.5432
2025-10-02 13:35:32,038 - root - INFO - validate average_precision, 0.8116
2025-10-02 13:35:32,038 - root - INFO - validate roc_auc, 0.8356
2025-10-02 13:35:32,038 - root - INFO - new node validate loss: 0.6696
2025-10-02 13:35:32,038 - root - INFO - new node validate average_precision, 0.7264
2025-10-02 13:35:32,038 - root - INFO - new node validate roc_auc, 0.7470
2025-10-02 13:35:42,569 - root - INFO - test loss: 0.5900
2025-10-02 13:35:42,569 - root - INFO - test average_precision, 0.7604
2025-10-02 13:35:42,569 - root - INFO - best test average_precision: 0.8080
2025-10-02 13:35:42,569 - root - INFO - test roc_auc, 0.7981
2025-10-02 13:35:42,569 - root - INFO - new node test loss: 0.6502
2025-10-02 13:35:42,569 - root - INFO - new node test average_precision, 0.7389
2025-10-02 13:35:42,569 - root - INFO - new node test roc_auc, 0.7596
2025-10-02 13:36:42,438 - root - INFO - Epoch: 42, learning rate: 0.0001, train loss: 0.3181
2025-10-02 13:36:42,438 - root - INFO - train average_precision, 0.8950
2025-10-02 13:36:42,439 - root - INFO - train roc_auc, 0.9237
2025-10-02 13:36:42,439 - root - INFO - validate loss: 0.5375
2025-10-02 13:36:42,439 - root - INFO - validate average_precision, 0.8222
2025-10-02 13:36:42,439 - root - INFO - validate roc_auc, 0.8411
2025-10-02 13:36:42,439 - root - INFO - new node validate loss: 0.6252
2025-10-02 13:36:42,439 - root - INFO - new node validate average_precision, 0.7504
2025-10-02 13:36:42,439 - root - INFO - new node validate roc_auc, 0.7745
2025-10-02 13:36:52,922 - root - INFO - test loss: 0.5791
2025-10-02 13:36:52,922 - root - INFO - test average_precision, 0.7842
2025-10-02 13:36:52,922 - root - INFO - best test average_precision: 0.8080
2025-10-02 13:36:52,923 - root - INFO - test roc_auc, 0.8101
2025-10-02 13:36:52,923 - root - INFO - new node test loss: 0.6505
2025-10-02 13:36:52,923 - root - INFO - new node test average_precision, 0.7520
2025-10-02 13:36:52,923 - root - INFO - new node test roc_auc, 0.7680
2025-10-02 13:37:52,603 - root - INFO - Epoch: 43, learning rate: 0.0001, train loss: 0.3183
2025-10-02 13:37:52,604 - root - INFO - train average_precision, 0.8951
2025-10-02 13:37:52,604 - root - INFO - train roc_auc, 0.9236
2025-10-02 13:37:52,604 - root - INFO - validate loss: 0.4990
2025-10-02 13:37:52,604 - root - INFO - validate average_precision, 0.8178
2025-10-02 13:37:52,604 - root - INFO - validate roc_auc, 0.8458
2025-10-02 13:37:52,604 - root - INFO - new node validate loss: 0.6236
2025-10-02 13:37:52,604 - root - INFO - new node validate average_precision, 0.7480
2025-10-02 13:37:52,604 - root - INFO - new node validate roc_auc, 0.7681
2025-10-02 13:38:03,218 - root - INFO - test loss: 0.5319
2025-10-02 13:38:03,218 - root - INFO - test average_precision, 0.7885
2025-10-02 13:38:03,218 - root - INFO - best test average_precision: 0.8080
2025-10-02 13:38:03,218 - root - INFO - test roc_auc, 0.8194
2025-10-02 13:38:03,218 - root - INFO - new node test loss: 0.6190
2025-10-02 13:38:03,218 - root - INFO - new node test average_precision, 0.7531
2025-10-02 13:38:03,218 - root - INFO - new node test roc_auc, 0.7730
2025-10-02 13:39:02,856 - root - INFO - Epoch: 44, learning rate: 0.0001, train loss: 0.3150
2025-10-02 13:39:02,856 - root - INFO - train average_precision, 0.8977
2025-10-02 13:39:02,856 - root - INFO - train roc_auc, 0.9253
2025-10-02 13:39:02,856 - root - INFO - validate loss: 0.5402
2025-10-02 13:39:02,856 - root - INFO - validate average_precision, 0.8168
2025-10-02 13:39:02,857 - root - INFO - validate roc_auc, 0.8372
2025-10-02 13:39:02,857 - root - INFO - new node validate loss: 0.6805
2025-10-02 13:39:02,857 - root - INFO - new node validate average_precision, 0.7311
2025-10-02 13:39:02,857 - root - INFO - new node validate roc_auc, 0.7421
2025-10-02 13:39:13,323 - root - INFO - test loss: 0.5952
2025-10-02 13:39:13,324 - root - INFO - test average_precision, 0.7733
2025-10-02 13:39:13,324 - root - INFO - best test average_precision: 0.8080
2025-10-02 13:39:13,324 - root - INFO - test roc_auc, 0.8016
2025-10-02 13:39:13,324 - root - INFO - new node test loss: 0.6629
2025-10-02 13:39:13,324 - root - INFO - new node test average_precision, 0.7404
2025-10-02 13:39:13,324 - root - INFO - new node test roc_auc, 0.7572
2025-10-02 13:40:13,187 - root - INFO - Epoch: 45, learning rate: 0.0001, train loss: 0.3144
2025-10-02 13:40:13,187 - root - INFO - train average_precision, 0.8990
2025-10-02 13:40:13,187 - root - INFO - train roc_auc, 0.9258
2025-10-02 13:40:13,187 - root - INFO - validate loss: 0.4930
2025-10-02 13:40:13,188 - root - INFO - validate average_precision, 0.8155
2025-10-02 13:40:13,188 - root - INFO - validate roc_auc, 0.8453
2025-10-02 13:40:13,188 - root - INFO - new node validate loss: 0.5918
2025-10-02 13:40:13,188 - root - INFO - new node validate average_precision, 0.7620
2025-10-02 13:40:13,188 - root - INFO - new node validate roc_auc, 0.7869
2025-10-02 13:40:23,611 - root - INFO - test loss: 0.5466
2025-10-02 13:40:23,612 - root - INFO - test average_precision, 0.7624
2025-10-02 13:40:23,612 - root - INFO - best test average_precision: 0.8080
2025-10-02 13:40:23,612 - root - INFO - test roc_auc, 0.7974
2025-10-02 13:40:23,612 - root - INFO - new node test loss: 0.5839
2025-10-02 13:40:23,612 - root - INFO - new node test average_precision, 0.7414
2025-10-02 13:40:23,612 - root - INFO - new node test roc_auc, 0.7753
2025-10-02 13:41:23,308 - root - INFO - Epoch: 46, learning rate: 0.0001, train loss: 0.3160
2025-10-02 13:41:23,309 - root - INFO - train average_precision, 0.8966
2025-10-02 13:41:23,309 - root - INFO - train roc_auc, 0.9248
2025-10-02 13:41:23,309 - root - INFO - validate loss: 0.5289
2025-10-02 13:41:23,309 - root - INFO - validate average_precision, 0.8184
2025-10-02 13:41:23,309 - root - INFO - validate roc_auc, 0.8391
2025-10-02 13:41:23,309 - root - INFO - new node validate loss: 0.6565
2025-10-02 13:41:23,309 - root - INFO - new node validate average_precision, 0.7400
2025-10-02 13:41:23,309 - root - INFO - new node validate roc_auc, 0.7583
2025-10-02 13:41:33,831 - root - INFO - test loss: 0.5873
2025-10-02 13:41:33,831 - root - INFO - test average_precision, 0.7779
2025-10-02 13:41:33,831 - root - INFO - best test average_precision: 0.8080
2025-10-02 13:41:33,831 - root - INFO - test roc_auc, 0.8025
2025-10-02 13:41:33,831 - root - INFO - new node test loss: 0.6410
2025-10-02 13:41:33,831 - root - INFO - new node test average_precision, 0.7537
2025-10-02 13:41:33,831 - root - INFO - new node test roc_auc, 0.7683
2025-10-02 13:41:33,832 - root - INFO - load model ./saved_models/JODIE/mooc/JODIE_mercer_seed4/JODIE_mercer_seed4.pkl
2025-10-02 13:41:36,765 - root - INFO - get final performance on dataset mooc...
2025-10-02 13:41:47,951 - root - INFO - test loss: 0.5101
2025-10-02 13:41:47,951 - root - INFO - test average_precision, 0.7923
2025-10-02 13:41:47,952 - root - INFO - test roc_auc, 0.8287
2025-10-02 13:41:47,952 - root - INFO - new node test loss: 0.5217
2025-10-02 13:41:47,952 - root - INFO - new node test average_precision, 0.7939
2025-10-02 13:41:47,952 - root - INFO - new node test roc_auc, 0.8266
2025-10-02 13:41:47,952 - root - INFO - Run 5 cost 3278.25 seconds.
2025-10-02 13:41:47,957 - root - INFO - metrics over 5 runs:
2025-10-02 13:41:47,957 - root - INFO - test average_precision, [np.float64(0.8088682857278205), np.float64(0.7837743030606178), np.float64(0.8234642771181876), np.float64(0.7744601232266961), np.float64(0.7923270006343571)]
2025-10-02 13:41:47,958 - root - INFO - average test average_precision, 0.7966 ± 0.0197
2025-10-02 13:41:47,958 - root - INFO - test roc_auc, [np.float64(0.8525077454703335), np.float64(0.8325677281879836), np.float64(0.8485278024347304), np.float64(0.8229546127558689), np.float64(0.8286573906011472)]
2025-10-02 13:41:47,959 - root - INFO - average test roc_auc, 0.8370 ± 0.0128
2025-10-02 13:41:47,959 - root - INFO - new node test average_precision, [np.float64(0.8031936894774035), np.float64(0.7920044939906508), np.float64(0.8183593861821756), np.float64(0.7856319755871973), np.float64(0.7939475510319821)]
2025-10-02 13:41:47,959 - root - INFO - average new node test average_precision, 0.7986 ± 0.0127
2025-10-02 13:41:47,959 - root - INFO - new node test roc_auc, [np.float64(0.8413261467889173), np.float64(0.8350776156074431), np.float64(0.8429575521362185), np.float64(0.8273277338981989), np.float64(0.8266107345420658)]
2025-10-02 13:41:47,959 - root - INFO - average new node test roc_auc, 0.8347 ± 0.0076
