2025-10-02 14:33:18,078 - root - INFO - ********** Run 1 starts. **********
2025-10-02 14:33:18,078 - root - INFO - configuration is Namespace(dataset_name='enron', batch_size=200, model_name='JODIE', gpu=0, num_neighbors=10, sample_neighbor_strategy='uniform', time_scaling_factor=1e-06, num_walk_heads=8, num_heads=2, num_layers=1, walk_length=1, time_gap=2000, time_feat_dim=128, position_feat_dim=172, time_window_mode='fixed_proportion', time_encoder_type='kan_mammote', expert_dim=64, num_mixtures=4, patch_size=1, channel_embedding_dim=50, max_input_sequence_length=32, learning_rate=0.0001, dropout=0.1, gamma=0.5, num_epochs=100, optimizer='Adam', weight_decay=0.0, patience=20, val_ratio=0.15, test_ratio=0.15, num_runs=1, test_interval_epochs=1, negative_sample_strategy='random', max_interaction_times=10, load_best_configs=True, device='cuda:0', seed=0, save_model_name='JODIE_kan_mammote_seed0')
2025-10-02 14:33:18,088 - root - INFO - time encoder type: kan_mammote
2025-10-02 14:33:18,375 - root - INFO - model -> Sequential(
  (0): MemoryModel(
    (time_encoder): TimeEncoder(
      (w): Linear(in_features=1, out_features=128, bias=True)
    )
    (message_aggregator): MessageAggregator()
    (memory_bank): MemoryBank(num_nodes=185, memory_dim=172)
    (memory_updater): RNNMemoryUpdater(
      (memory_bank): MemoryBank(num_nodes=185, memory_dim=172)
      (memory_updater): RNNCell(644, 172)
    )
    (embedding_module): TimeProjectionEmbedding(
      (dropout): Dropout(p=0.1, inplace=False)
      (linear_layer): Linear(in_features=1, out_features=172, bias=True)
    )
  )
  (1): MergeLayer(
    (fc1): Linear(in_features=344, out_features=172, bias=True)
    (fc2): Linear(in_features=172, out_features=1, bias=True)
    (act): ReLU()
  )
)
2025-10-02 14:33:18,375 - root - INFO - model name: JODIE, #parameters: 803236 B, 784.41015625 KB, 0.7660255432128906 MB.
2025-10-02 14:33:24,787 - root - INFO - Epoch: 1, learning rate: 0.0001, train loss: 0.5380
2025-10-02 14:33:24,787 - root - INFO - train average_precision, 0.7357
2025-10-02 14:33:24,787 - root - INFO - train roc_auc, 0.8022
2025-10-02 14:33:24,787 - root - INFO - validate loss: 0.5875
2025-10-02 14:33:24,787 - root - INFO - validate average_precision, 0.6732
2025-10-02 14:33:24,787 - root - INFO - validate roc_auc, 0.7428
2025-10-02 14:33:24,787 - root - INFO - new node validate loss: 0.6498
2025-10-02 14:33:24,787 - root - INFO - new node validate average_precision, 0.6763
2025-10-02 14:33:24,787 - root - INFO - new node validate roc_auc, 0.7107
2025-10-02 14:33:25,621 - root - INFO - test loss: 0.5613
2025-10-02 14:33:25,621 - root - INFO - test average_precision, 0.7173
2025-10-02 14:33:25,621 - root - INFO - best test average_precision: 0.7173
2025-10-02 14:33:25,621 - root - INFO - test roc_auc, 0.7820
2025-10-02 14:33:25,621 - root - INFO - new node test loss: 0.6477
2025-10-02 14:33:25,621 - root - INFO - new node test average_precision, 0.7067
2025-10-02 14:33:25,621 - root - INFO - new node test roc_auc, 0.7340
2025-10-02 14:33:25,621 - root - INFO - save model ./saved_models/JODIE/enron/JODIE_kan_mammote_seed0/JODIE_kan_mammote_seed0.pkl
2025-10-02 14:33:31,078 - root - INFO - Epoch: 2, learning rate: 0.0001, train loss: 0.4655
2025-10-02 14:33:31,079 - root - INFO - train average_precision, 0.8039
2025-10-02 14:33:31,079 - root - INFO - train roc_auc, 0.8506
2025-10-02 14:33:31,079 - root - INFO - validate loss: 0.5630
2025-10-02 14:33:31,079 - root - INFO - validate average_precision, 0.7753
2025-10-02 14:33:31,079 - root - INFO - validate roc_auc, 0.8064
2025-10-02 14:33:31,079 - root - INFO - new node validate loss: 0.6603
2025-10-02 14:33:31,080 - root - INFO - new node validate average_precision, 0.7012
2025-10-02 14:33:31,080 - root - INFO - new node validate roc_auc, 0.7178
2025-10-02 14:33:31,924 - root - INFO - test loss: 0.6074
2025-10-02 14:33:31,924 - root - INFO - test average_precision, 0.7942
2025-10-02 14:33:31,924 - root - INFO - best test average_precision: 0.7942
2025-10-02 14:33:31,924 - root - INFO - test roc_auc, 0.8322
2025-10-02 14:33:31,924 - root - INFO - new node test loss: 0.5855
2025-10-02 14:33:31,924 - root - INFO - new node test average_precision, 0.7812
2025-10-02 14:33:31,925 - root - INFO - new node test roc_auc, 0.7943
2025-10-02 14:33:31,925 - root - INFO - save model ./saved_models/JODIE/enron/JODIE_kan_mammote_seed0/JODIE_kan_mammote_seed0.pkl
2025-10-02 14:33:37,258 - root - INFO - Epoch: 3, learning rate: 0.0001, train loss: 0.4109
2025-10-02 14:33:37,258 - root - INFO - train average_precision, 0.8625
2025-10-02 14:33:37,258 - root - INFO - train roc_auc, 0.8907
2025-10-02 14:33:37,258 - root - INFO - validate loss: 0.6883
2025-10-02 14:33:37,258 - root - INFO - validate average_precision, 0.7666
2025-10-02 14:33:37,258 - root - INFO - validate roc_auc, 0.8102
2025-10-02 14:33:37,258 - root - INFO - new node validate loss: 0.6123
2025-10-02 14:33:37,258 - root - INFO - new node validate average_precision, 0.7727
2025-10-02 14:33:37,258 - root - INFO - new node validate roc_auc, 0.7896
2025-10-02 14:33:38,095 - root - INFO - test loss: 0.8357
2025-10-02 14:33:38,095 - root - INFO - test average_precision, 0.7592
2025-10-02 14:33:38,095 - root - INFO - best test average_precision: 0.7942
2025-10-02 14:33:38,095 - root - INFO - test roc_auc, 0.8095
2025-10-02 14:33:38,095 - root - INFO - new node test loss: 0.8934
2025-10-02 14:33:38,095 - root - INFO - new node test average_precision, 0.7436
2025-10-02 14:33:38,095 - root - INFO - new node test roc_auc, 0.7574
2025-10-02 14:33:43,369 - root - INFO - Epoch: 4, learning rate: 0.0001, train loss: 0.4297
2025-10-02 14:33:43,369 - root - INFO - train average_precision, 0.8456
2025-10-02 14:33:43,369 - root - INFO - train roc_auc, 0.8805
2025-10-02 14:33:43,370 - root - INFO - validate loss: 0.5844
2025-10-02 14:33:43,370 - root - INFO - validate average_precision, 0.7927
2025-10-02 14:33:43,370 - root - INFO - validate roc_auc, 0.8224
2025-10-02 14:33:43,370 - root - INFO - new node validate loss: 0.7307
2025-10-02 14:33:43,370 - root - INFO - new node validate average_precision, 0.6976
2025-10-02 14:33:43,370 - root - INFO - new node validate roc_auc, 0.7269
2025-10-02 14:33:44,213 - root - INFO - test loss: 0.5510
2025-10-02 14:33:44,213 - root - INFO - test average_precision, 0.8183
2025-10-02 14:33:44,213 - root - INFO - best test average_precision: 0.8183
2025-10-02 14:33:44,213 - root - INFO - test roc_auc, 0.8521
2025-10-02 14:33:44,213 - root - INFO - new node test loss: 0.6232
2025-10-02 14:33:44,213 - root - INFO - new node test average_precision, 0.7725
2025-10-02 14:33:44,213 - root - INFO - new node test roc_auc, 0.7989
2025-10-02 14:33:44,213 - root - INFO - save model ./saved_models/JODIE/enron/JODIE_kan_mammote_seed0/JODIE_kan_mammote_seed0.pkl
2025-10-02 14:33:49,763 - root - INFO - Epoch: 5, learning rate: 0.0001, train loss: 0.3979
2025-10-02 14:33:49,763 - root - INFO - train average_precision, 0.8729
2025-10-02 14:33:49,763 - root - INFO - train roc_auc, 0.8980
2025-10-02 14:33:49,763 - root - INFO - validate loss: 0.7210
2025-10-02 14:33:49,763 - root - INFO - validate average_precision, 0.7070
2025-10-02 14:33:49,763 - root - INFO - validate roc_auc, 0.7645
2025-10-02 14:33:49,764 - root - INFO - new node validate loss: 0.7430
2025-10-02 14:33:49,764 - root - INFO - new node validate average_precision, 0.7167
2025-10-02 14:33:49,764 - root - INFO - new node validate roc_auc, 0.7356
2025-10-02 14:33:50,602 - root - INFO - test loss: 0.7414
2025-10-02 14:33:50,602 - root - INFO - test average_precision, 0.7301
2025-10-02 14:33:50,603 - root - INFO - best test average_precision: 0.8183
2025-10-02 14:33:50,603 - root - INFO - test roc_auc, 0.7937
2025-10-02 14:33:50,603 - root - INFO - new node test loss: 0.8436
2025-10-02 14:33:50,603 - root - INFO - new node test average_precision, 0.7435
2025-10-02 14:33:50,603 - root - INFO - new node test roc_auc, 0.7586
2025-10-02 14:33:55,915 - root - INFO - Epoch: 6, learning rate: 0.0001, train loss: 0.4194
2025-10-02 14:33:55,915 - root - INFO - train average_precision, 0.8565
2025-10-02 14:33:55,916 - root - INFO - train roc_auc, 0.8860
2025-10-02 14:33:55,916 - root - INFO - validate loss: 0.8161
2025-10-02 14:33:55,916 - root - INFO - validate average_precision, 0.7300
2025-10-02 14:33:55,916 - root - INFO - validate roc_auc, 0.7766
2025-10-02 14:33:55,916 - root - INFO - new node validate loss: 0.6778
2025-10-02 14:33:55,916 - root - INFO - new node validate average_precision, 0.7451
2025-10-02 14:33:55,916 - root - INFO - new node validate roc_auc, 0.7577
2025-10-02 14:33:56,759 - root - INFO - test loss: 0.8446
2025-10-02 14:33:56,760 - root - INFO - test average_precision, 0.7519
2025-10-02 14:33:56,760 - root - INFO - best test average_precision: 0.8183
2025-10-02 14:33:56,760 - root - INFO - test roc_auc, 0.8032
2025-10-02 14:33:56,760 - root - INFO - new node test loss: 0.9012
2025-10-02 14:33:56,760 - root - INFO - new node test average_precision, 0.7407
2025-10-02 14:33:56,760 - root - INFO - new node test roc_auc, 0.7562
2025-10-02 14:34:01,980 - root - INFO - Epoch: 7, learning rate: 0.0001, train loss: 0.3964
2025-10-02 14:34:01,981 - root - INFO - train average_precision, 0.8768
2025-10-02 14:34:01,981 - root - INFO - train roc_auc, 0.8995
2025-10-02 14:34:01,981 - root - INFO - validate loss: 0.6223
2025-10-02 14:34:01,981 - root - INFO - validate average_precision, 0.7463
2025-10-02 14:34:01,981 - root - INFO - validate roc_auc, 0.7982
2025-10-02 14:34:01,981 - root - INFO - new node validate loss: 0.6694
2025-10-02 14:34:01,981 - root - INFO - new node validate average_precision, 0.7374
2025-10-02 14:34:01,981 - root - INFO - new node validate roc_auc, 0.7572
2025-10-02 14:34:02,822 - root - INFO - test loss: 0.6119
2025-10-02 14:34:02,823 - root - INFO - test average_precision, 0.7686
2025-10-02 14:34:02,823 - root - INFO - best test average_precision: 0.8183
2025-10-02 14:34:02,823 - root - INFO - test roc_auc, 0.8073
2025-10-02 14:34:02,823 - root - INFO - new node test loss: 0.7385
2025-10-02 14:34:02,823 - root - INFO - new node test average_precision, 0.7353
2025-10-02 14:34:02,823 - root - INFO - new node test roc_auc, 0.7526
2025-10-02 14:34:08,152 - root - INFO - Epoch: 8, learning rate: 0.0001, train loss: 0.3967
2025-10-02 14:34:08,152 - root - INFO - train average_precision, 0.8703
2025-10-02 14:34:08,152 - root - INFO - train roc_auc, 0.8981
2025-10-02 14:34:08,152 - root - INFO - validate loss: 0.4965
2025-10-02 14:34:08,153 - root - INFO - validate average_precision, 0.8017
2025-10-02 14:34:08,153 - root - INFO - validate roc_auc, 0.8390
2025-10-02 14:34:08,153 - root - INFO - new node validate loss: 0.6209
2025-10-02 14:34:08,153 - root - INFO - new node validate average_precision, 0.7539
2025-10-02 14:34:08,153 - root - INFO - new node validate roc_auc, 0.7658
2025-10-02 14:34:08,996 - root - INFO - test loss: 0.5341
2025-10-02 14:34:08,996 - root - INFO - test average_precision, 0.7998
2025-10-02 14:34:08,996 - root - INFO - best test average_precision: 0.8183
2025-10-02 14:34:08,996 - root - INFO - test roc_auc, 0.8305
2025-10-02 14:34:08,996 - root - INFO - new node test loss: 0.6407
2025-10-02 14:34:08,996 - root - INFO - new node test average_precision, 0.7369
2025-10-02 14:34:08,996 - root - INFO - new node test roc_auc, 0.7471
2025-10-02 14:34:08,996 - root - INFO - save model ./saved_models/JODIE/enron/JODIE_kan_mammote_seed0/JODIE_kan_mammote_seed0.pkl
2025-10-02 14:34:14,388 - root - INFO - Epoch: 9, learning rate: 0.0001, train loss: 0.3901
2025-10-02 14:34:14,389 - root - INFO - train average_precision, 0.8801
2025-10-02 14:34:14,389 - root - INFO - train roc_auc, 0.8989
2025-10-02 14:34:14,389 - root - INFO - validate loss: 0.6002
2025-10-02 14:34:14,389 - root - INFO - validate average_precision, 0.6790
2025-10-02 14:34:14,389 - root - INFO - validate roc_auc, 0.7446
2025-10-02 14:34:14,389 - root - INFO - new node validate loss: 0.6997
2025-10-02 14:34:14,389 - root - INFO - new node validate average_precision, 0.6845
2025-10-02 14:34:14,389 - root - INFO - new node validate roc_auc, 0.7156
2025-10-02 14:34:15,228 - root - INFO - test loss: 0.5553
2025-10-02 14:34:15,228 - root - INFO - test average_precision, 0.7213
2025-10-02 14:34:15,229 - root - INFO - best test average_precision: 0.8183
2025-10-02 14:34:15,229 - root - INFO - test roc_auc, 0.7880
2025-10-02 14:34:15,229 - root - INFO - new node test loss: 0.6390
2025-10-02 14:34:15,229 - root - INFO - new node test average_precision, 0.7314
2025-10-02 14:34:15,229 - root - INFO - new node test roc_auc, 0.7564
2025-10-02 14:34:20,512 - root - INFO - Epoch: 10, learning rate: 0.0001, train loss: 0.3988
2025-10-02 14:34:20,512 - root - INFO - train average_precision, 0.8684
2025-10-02 14:34:20,512 - root - INFO - train roc_auc, 0.8971
2025-10-02 14:34:20,512 - root - INFO - validate loss: 0.5064
2025-10-02 14:34:20,512 - root - INFO - validate average_precision, 0.8258
2025-10-02 14:34:20,512 - root - INFO - validate roc_auc, 0.8563
2025-10-02 14:34:20,512 - root - INFO - new node validate loss: 0.6578
2025-10-02 14:34:20,512 - root - INFO - new node validate average_precision, 0.7588
2025-10-02 14:34:20,512 - root - INFO - new node validate roc_auc, 0.7799
2025-10-02 14:34:21,346 - root - INFO - test loss: 0.5544
2025-10-02 14:34:21,346 - root - INFO - test average_precision, 0.7789
2025-10-02 14:34:21,346 - root - INFO - best test average_precision: 0.8183
2025-10-02 14:34:21,346 - root - INFO - test roc_auc, 0.8332
2025-10-02 14:34:21,346 - root - INFO - new node test loss: 0.5986
2025-10-02 14:34:21,346 - root - INFO - new node test average_precision, 0.7859
2025-10-02 14:34:21,347 - root - INFO - new node test roc_auc, 0.8050
2025-10-02 14:34:21,347 - root - INFO - save model ./saved_models/JODIE/enron/JODIE_kan_mammote_seed0/JODIE_kan_mammote_seed0.pkl
2025-10-02 14:34:26,931 - root - INFO - Epoch: 11, learning rate: 0.0001, train loss: 0.3896
2025-10-02 14:34:26,931 - root - INFO - train average_precision, 0.8838
2025-10-02 14:34:26,931 - root - INFO - train roc_auc, 0.9025
2025-10-02 14:34:26,931 - root - INFO - validate loss: 0.5774
2025-10-02 14:34:26,931 - root - INFO - validate average_precision, 0.7585
2025-10-02 14:34:26,931 - root - INFO - validate roc_auc, 0.8052
2025-10-02 14:34:26,931 - root - INFO - new node validate loss: 0.6817
2025-10-02 14:34:26,932 - root - INFO - new node validate average_precision, 0.7385
2025-10-02 14:34:26,932 - root - INFO - new node validate roc_auc, 0.7498
2025-10-02 14:34:27,775 - root - INFO - test loss: 0.6064
2025-10-02 14:34:27,775 - root - INFO - test average_precision, 0.7316
2025-10-02 14:34:27,775 - root - INFO - best test average_precision: 0.8183
2025-10-02 14:34:27,775 - root - INFO - test roc_auc, 0.7937
2025-10-02 14:34:27,775 - root - INFO - new node test loss: 0.6931
2025-10-02 14:34:27,775 - root - INFO - new node test average_precision, 0.7464
2025-10-02 14:34:27,775 - root - INFO - new node test roc_auc, 0.7625
2025-10-02 14:34:33,086 - root - INFO - Epoch: 12, learning rate: 0.0001, train loss: 0.3590
2025-10-02 14:34:33,086 - root - INFO - train average_precision, 0.9021
2025-10-02 14:34:33,086 - root - INFO - train roc_auc, 0.9175
2025-10-02 14:34:33,086 - root - INFO - validate loss: 0.8095
2025-10-02 14:34:33,086 - root - INFO - validate average_precision, 0.7420
2025-10-02 14:34:33,086 - root - INFO - validate roc_auc, 0.7859
2025-10-02 14:34:33,086 - root - INFO - new node validate loss: 0.6403
2025-10-02 14:34:33,086 - root - INFO - new node validate average_precision, 0.7698
2025-10-02 14:34:33,086 - root - INFO - new node validate roc_auc, 0.7774
2025-10-02 14:34:33,920 - root - INFO - test loss: 0.8337
2025-10-02 14:34:33,920 - root - INFO - test average_precision, 0.7581
2025-10-02 14:34:33,920 - root - INFO - best test average_precision: 0.8183
2025-10-02 14:34:33,920 - root - INFO - test roc_auc, 0.8087
2025-10-02 14:34:33,920 - root - INFO - new node test loss: 0.8900
2025-10-02 14:34:33,920 - root - INFO - new node test average_precision, 0.7446
2025-10-02 14:34:33,920 - root - INFO - new node test roc_auc, 0.7620
2025-10-02 14:34:39,151 - root - INFO - Epoch: 13, learning rate: 0.0001, train loss: 0.3785
2025-10-02 14:34:39,152 - root - INFO - train average_precision, 0.8822
2025-10-02 14:34:39,152 - root - INFO - train roc_auc, 0.9062
2025-10-02 14:34:39,152 - root - INFO - validate loss: 0.6059
2025-10-02 14:34:39,152 - root - INFO - validate average_precision, 0.7955
2025-10-02 14:34:39,152 - root - INFO - validate roc_auc, 0.8279
2025-10-02 14:34:39,152 - root - INFO - new node validate loss: 0.6551
2025-10-02 14:34:39,152 - root - INFO - new node validate average_precision, 0.7620
2025-10-02 14:34:39,152 - root - INFO - new node validate roc_auc, 0.7806
2025-10-02 14:34:39,986 - root - INFO - test loss: 0.6977
2025-10-02 14:34:39,986 - root - INFO - test average_precision, 0.7789
2025-10-02 14:34:39,986 - root - INFO - best test average_precision: 0.8183
2025-10-02 14:34:39,986 - root - INFO - test roc_auc, 0.8252
2025-10-02 14:34:39,986 - root - INFO - new node test loss: 0.7386
2025-10-02 14:34:39,986 - root - INFO - new node test average_precision, 0.7793
2025-10-02 14:34:39,986 - root - INFO - new node test roc_auc, 0.7898
2025-10-02 14:34:45,225 - root - INFO - Epoch: 14, learning rate: 0.0001, train loss: 0.3769
2025-10-02 14:34:45,225 - root - INFO - train average_precision, 0.8911
2025-10-02 14:34:45,225 - root - INFO - train roc_auc, 0.9088
2025-10-02 14:34:45,225 - root - INFO - validate loss: 0.7021
2025-10-02 14:34:45,225 - root - INFO - validate average_precision, 0.7392
2025-10-02 14:34:45,225 - root - INFO - validate roc_auc, 0.7822
2025-10-02 14:34:45,225 - root - INFO - new node validate loss: 0.6716
2025-10-02 14:34:45,225 - root - INFO - new node validate average_precision, 0.7588
2025-10-02 14:34:45,226 - root - INFO - new node validate roc_auc, 0.7716
2025-10-02 14:34:46,069 - root - INFO - test loss: 0.6967
2025-10-02 14:34:46,069 - root - INFO - test average_precision, 0.7517
2025-10-02 14:34:46,069 - root - INFO - best test average_precision: 0.8183
2025-10-02 14:34:46,069 - root - INFO - test roc_auc, 0.8020
2025-10-02 14:34:46,069 - root - INFO - new node test loss: 0.7550
2025-10-02 14:34:46,069 - root - INFO - new node test average_precision, 0.7408
2025-10-02 14:34:46,069 - root - INFO - new node test roc_auc, 0.7622
2025-10-02 14:34:51,410 - root - INFO - Epoch: 15, learning rate: 0.0001, train loss: 0.3845
2025-10-02 14:34:51,410 - root - INFO - train average_precision, 0.8825
2025-10-02 14:34:51,411 - root - INFO - train roc_auc, 0.9047
2025-10-02 14:34:51,411 - root - INFO - validate loss: 0.5929
2025-10-02 14:34:51,411 - root - INFO - validate average_precision, 0.7295
2025-10-02 14:34:51,411 - root - INFO - validate roc_auc, 0.7745
2025-10-02 14:34:51,411 - root - INFO - new node validate loss: 0.6601
2025-10-02 14:34:51,411 - root - INFO - new node validate average_precision, 0.7319
2025-10-02 14:34:51,411 - root - INFO - new node validate roc_auc, 0.7382
2025-10-02 14:34:52,245 - root - INFO - test loss: 0.6086
2025-10-02 14:34:52,245 - root - INFO - test average_precision, 0.7284
2025-10-02 14:34:52,245 - root - INFO - best test average_precision: 0.8183
2025-10-02 14:34:52,245 - root - INFO - test roc_auc, 0.7907
2025-10-02 14:34:52,246 - root - INFO - new node test loss: 0.6650
2025-10-02 14:34:52,246 - root - INFO - new node test average_precision, 0.7095
2025-10-02 14:34:52,246 - root - INFO - new node test roc_auc, 0.7431
2025-10-02 14:34:57,470 - root - INFO - Epoch: 16, learning rate: 0.0001, train loss: 0.3720
2025-10-02 14:34:57,470 - root - INFO - train average_precision, 0.8890
2025-10-02 14:34:57,470 - root - INFO - train roc_auc, 0.9102
2025-10-02 14:34:57,470 - root - INFO - validate loss: 0.5995
2025-10-02 14:34:57,470 - root - INFO - validate average_precision, 0.7920
2025-10-02 14:34:57,470 - root - INFO - validate roc_auc, 0.8215
2025-10-02 14:34:57,470 - root - INFO - new node validate loss: 0.6897
2025-10-02 14:34:57,470 - root - INFO - new node validate average_precision, 0.7505
2025-10-02 14:34:57,470 - root - INFO - new node validate roc_auc, 0.7573
2025-10-02 14:34:58,316 - root - INFO - test loss: 0.6461
2025-10-02 14:34:58,316 - root - INFO - test average_precision, 0.7878
2025-10-02 14:34:58,316 - root - INFO - best test average_precision: 0.8183
2025-10-02 14:34:58,316 - root - INFO - test roc_auc, 0.8269
2025-10-02 14:34:58,316 - root - INFO - new node test loss: 0.7863
2025-10-02 14:34:58,316 - root - INFO - new node test average_precision, 0.7611
2025-10-02 14:34:58,316 - root - INFO - new node test roc_auc, 0.7723
2025-10-02 14:35:03,742 - root - INFO - Epoch: 17, learning rate: 0.0001, train loss: 0.3871
2025-10-02 14:35:03,742 - root - INFO - train average_precision, 0.8852
2025-10-02 14:35:03,742 - root - INFO - train roc_auc, 0.9046
2025-10-02 14:35:03,742 - root - INFO - validate loss: 0.5339
2025-10-02 14:35:03,742 - root - INFO - validate average_precision, 0.7955
2025-10-02 14:35:03,742 - root - INFO - validate roc_auc, 0.8376
2025-10-02 14:35:03,742 - root - INFO - new node validate loss: 0.6769
2025-10-02 14:35:03,742 - root - INFO - new node validate average_precision, 0.7376
2025-10-02 14:35:03,742 - root - INFO - new node validate roc_auc, 0.7538
2025-10-02 14:35:04,579 - root - INFO - test loss: 0.6652
2025-10-02 14:35:04,579 - root - INFO - test average_precision, 0.7707
2025-10-02 14:35:04,579 - root - INFO - best test average_precision: 0.8183
2025-10-02 14:35:04,579 - root - INFO - test roc_auc, 0.8230
2025-10-02 14:35:04,579 - root - INFO - new node test loss: 0.7413
2025-10-02 14:35:04,579 - root - INFO - new node test average_precision, 0.7631
2025-10-02 14:35:04,579 - root - INFO - new node test roc_auc, 0.7785
2025-10-02 14:35:09,770 - root - INFO - Epoch: 18, learning rate: 0.0001, train loss: 0.3534
2025-10-02 14:35:09,770 - root - INFO - train average_precision, 0.9057
2025-10-02 14:35:09,770 - root - INFO - train roc_auc, 0.9197
2025-10-02 14:35:09,770 - root - INFO - validate loss: 0.8063
2025-10-02 14:35:09,771 - root - INFO - validate average_precision, 0.7292
2025-10-02 14:35:09,771 - root - INFO - validate roc_auc, 0.7703
2025-10-02 14:35:09,771 - root - INFO - new node validate loss: 0.7516
2025-10-02 14:35:09,771 - root - INFO - new node validate average_precision, 0.7375
2025-10-02 14:35:09,771 - root - INFO - new node validate roc_auc, 0.7454
2025-10-02 14:35:10,608 - root - INFO - test loss: 0.8063
2025-10-02 14:35:10,608 - root - INFO - test average_precision, 0.7454
2025-10-02 14:35:10,608 - root - INFO - best test average_precision: 0.8183
2025-10-02 14:35:10,608 - root - INFO - test roc_auc, 0.8002
2025-10-02 14:35:10,609 - root - INFO - new node test loss: 0.8795
2025-10-02 14:35:10,609 - root - INFO - new node test average_precision, 0.7509
2025-10-02 14:35:10,609 - root - INFO - new node test roc_auc, 0.7703
2025-10-02 14:35:15,874 - root - INFO - Epoch: 19, learning rate: 0.0001, train loss: 0.3791
2025-10-02 14:35:15,874 - root - INFO - train average_precision, 0.8822
2025-10-02 14:35:15,874 - root - INFO - train roc_auc, 0.9057
2025-10-02 14:35:15,874 - root - INFO - validate loss: 0.8137
2025-10-02 14:35:15,874 - root - INFO - validate average_precision, 0.7703
2025-10-02 14:35:15,874 - root - INFO - validate roc_auc, 0.8166
2025-10-02 14:35:15,874 - root - INFO - new node validate loss: 0.8754
2025-10-02 14:35:15,874 - root - INFO - new node validate average_precision, 0.7253
2025-10-02 14:35:15,874 - root - INFO - new node validate roc_auc, 0.7514
2025-10-02 14:35:16,719 - root - INFO - test loss: 0.8692
2025-10-02 14:35:16,719 - root - INFO - test average_precision, 0.7829
2025-10-02 14:35:16,719 - root - INFO - best test average_precision: 0.8183
2025-10-02 14:35:16,719 - root - INFO - test roc_auc, 0.8293
2025-10-02 14:35:16,719 - root - INFO - new node test loss: 1.0038
2025-10-02 14:35:16,719 - root - INFO - new node test average_precision, 0.7619
2025-10-02 14:35:16,719 - root - INFO - new node test roc_auc, 0.7811
2025-10-02 14:35:22,019 - root - INFO - Epoch: 20, learning rate: 0.0001, train loss: 0.3907
2025-10-02 14:35:22,019 - root - INFO - train average_precision, 0.8831
2025-10-02 14:35:22,019 - root - INFO - train roc_auc, 0.9013
2025-10-02 14:35:22,019 - root - INFO - validate loss: 0.6184
2025-10-02 14:35:22,019 - root - INFO - validate average_precision, 0.7083
2025-10-02 14:35:22,019 - root - INFO - validate roc_auc, 0.7664
2025-10-02 14:35:22,019 - root - INFO - new node validate loss: 0.7107
2025-10-02 14:35:22,019 - root - INFO - new node validate average_precision, 0.7053
2025-10-02 14:35:22,019 - root - INFO - new node validate roc_auc, 0.7329
2025-10-02 14:35:22,859 - root - INFO - test loss: 0.5831
2025-10-02 14:35:22,859 - root - INFO - test average_precision, 0.7426
2025-10-02 14:35:22,859 - root - INFO - best test average_precision: 0.8183
2025-10-02 14:35:22,859 - root - INFO - test roc_auc, 0.8009
2025-10-02 14:35:22,859 - root - INFO - new node test loss: 0.6874
2025-10-02 14:35:22,860 - root - INFO - new node test average_precision, 0.7371
2025-10-02 14:35:22,860 - root - INFO - new node test roc_auc, 0.7558
2025-10-02 14:35:28,114 - root - INFO - Epoch: 21, learning rate: 0.0001, train loss: 0.3734
2025-10-02 14:35:28,114 - root - INFO - train average_precision, 0.8883
2025-10-02 14:35:28,114 - root - INFO - train roc_auc, 0.9098
2025-10-02 14:35:28,114 - root - INFO - validate loss: 0.4805
2025-10-02 14:35:28,114 - root - INFO - validate average_precision, 0.8239
2025-10-02 14:35:28,114 - root - INFO - validate roc_auc, 0.8615
2025-10-02 14:35:28,114 - root - INFO - new node validate loss: 0.6748
2025-10-02 14:35:28,114 - root - INFO - new node validate average_precision, 0.7614
2025-10-02 14:35:28,114 - root - INFO - new node validate roc_auc, 0.7824
2025-10-02 14:35:28,946 - root - INFO - test loss: 0.4801
2025-10-02 14:35:28,946 - root - INFO - test average_precision, 0.8318
2025-10-02 14:35:28,946 - root - INFO - best test average_precision: 0.8318
2025-10-02 14:35:28,946 - root - INFO - test roc_auc, 0.8687
2025-10-02 14:35:28,946 - root - INFO - new node test loss: 0.5485
2025-10-02 14:35:28,946 - root - INFO - new node test average_precision, 0.7984
2025-10-02 14:35:28,946 - root - INFO - new node test roc_auc, 0.8271
2025-10-02 14:35:34,233 - root - INFO - Epoch: 22, learning rate: 0.0001, train loss: 0.3899
2025-10-02 14:35:34,233 - root - INFO - train average_precision, 0.8743
2025-10-02 14:35:34,233 - root - INFO - train roc_auc, 0.8998
2025-10-02 14:35:34,233 - root - INFO - validate loss: 0.6279
2025-10-02 14:35:34,233 - root - INFO - validate average_precision, 0.7608
2025-10-02 14:35:34,233 - root - INFO - validate roc_auc, 0.8102
2025-10-02 14:35:34,233 - root - INFO - new node validate loss: 0.6072
2025-10-02 14:35:34,234 - root - INFO - new node validate average_precision, 0.7601
2025-10-02 14:35:34,234 - root - INFO - new node validate roc_auc, 0.7765
2025-10-02 14:35:35,078 - root - INFO - test loss: 0.6317
2025-10-02 14:35:35,078 - root - INFO - test average_precision, 0.7583
2025-10-02 14:35:35,078 - root - INFO - best test average_precision: 0.8318
2025-10-02 14:35:35,078 - root - INFO - test roc_auc, 0.8162
2025-10-02 14:35:35,078 - root - INFO - new node test loss: 0.7209
2025-10-02 14:35:35,078 - root - INFO - new node test average_precision, 0.7348
2025-10-02 14:35:35,078 - root - INFO - new node test roc_auc, 0.7663
2025-10-02 14:35:40,398 - root - INFO - Epoch: 23, learning rate: 0.0001, train loss: 0.3635
2025-10-02 14:35:40,398 - root - INFO - train average_precision, 0.8943
2025-10-02 14:35:40,398 - root - INFO - train roc_auc, 0.9140
2025-10-02 14:35:40,398 - root - INFO - validate loss: 0.4525
2025-10-02 14:35:40,398 - root - INFO - validate average_precision, 0.8365
2025-10-02 14:35:40,398 - root - INFO - validate roc_auc, 0.8672
2025-10-02 14:35:40,398 - root - INFO - new node validate loss: 0.6198
2025-10-02 14:35:40,398 - root - INFO - new node validate average_precision, 0.7729
2025-10-02 14:35:40,398 - root - INFO - new node validate roc_auc, 0.7791
2025-10-02 14:35:41,367 - root - INFO - test loss: 0.7611
2025-10-02 14:35:41,367 - root - INFO - test average_precision, 0.7793
2025-10-02 14:35:41,367 - root - INFO - best test average_precision: 0.8318
2025-10-02 14:35:41,367 - root - INFO - test roc_auc, 0.8232
2025-10-02 14:35:41,367 - root - INFO - new node test loss: 0.6387
2025-10-02 14:35:41,367 - root - INFO - new node test average_precision, 0.7784
2025-10-02 14:35:41,367 - root - INFO - new node test roc_auc, 0.8000
2025-10-02 14:35:41,367 - root - INFO - save model ./saved_models/JODIE/enron/JODIE_kan_mammote_seed0/JODIE_kan_mammote_seed0.pkl
2025-10-02 14:35:46,808 - root - INFO - Epoch: 24, learning rate: 0.0001, train loss: 0.3701
2025-10-02 14:35:46,808 - root - INFO - train average_precision, 0.8925
2025-10-02 14:35:46,808 - root - INFO - train roc_auc, 0.9112
2025-10-02 14:35:46,808 - root - INFO - validate loss: 0.5365
2025-10-02 14:35:46,808 - root - INFO - validate average_precision, 0.8036
2025-10-02 14:35:46,808 - root - INFO - validate roc_auc, 0.8399
2025-10-02 14:35:46,808 - root - INFO - new node validate loss: 0.7861
2025-10-02 14:35:46,809 - root - INFO - new node validate average_precision, 0.7295
2025-10-02 14:35:46,809 - root - INFO - new node validate roc_auc, 0.7328
2025-10-02 14:35:47,642 - root - INFO - test loss: 0.5549
2025-10-02 14:35:47,642 - root - INFO - test average_precision, 0.8013
2025-10-02 14:35:47,642 - root - INFO - best test average_precision: 0.8318
2025-10-02 14:35:47,642 - root - INFO - test roc_auc, 0.8418
2025-10-02 14:35:47,642 - root - INFO - new node test loss: 0.6404
2025-10-02 14:35:47,642 - root - INFO - new node test average_precision, 0.7824
2025-10-02 14:35:47,642 - root - INFO - new node test roc_auc, 0.8002
2025-10-02 14:35:52,924 - root - INFO - Epoch: 25, learning rate: 0.0001, train loss: 0.4083
2025-10-02 14:35:52,924 - root - INFO - train average_precision, 0.8686
2025-10-02 14:35:52,924 - root - INFO - train roc_auc, 0.8932
2025-10-02 14:35:52,924 - root - INFO - validate loss: 0.5222
2025-10-02 14:35:52,924 - root - INFO - validate average_precision, 0.7972
2025-10-02 14:35:52,924 - root - INFO - validate roc_auc, 0.8298
2025-10-02 14:35:52,924 - root - INFO - new node validate loss: 0.6016
2025-10-02 14:35:52,924 - root - INFO - new node validate average_precision, 0.7510
2025-10-02 14:35:52,924 - root - INFO - new node validate roc_auc, 0.7719
2025-10-02 14:35:53,758 - root - INFO - test loss: 0.5392
2025-10-02 14:35:53,758 - root - INFO - test average_precision, 0.7645
2025-10-02 14:35:53,759 - root - INFO - best test average_precision: 0.8318
2025-10-02 14:35:53,759 - root - INFO - test roc_auc, 0.8214
2025-10-02 14:35:53,759 - root - INFO - new node test loss: 0.6109
2025-10-02 14:35:53,759 - root - INFO - new node test average_precision, 0.7764
2025-10-02 14:35:53,759 - root - INFO - new node test roc_auc, 0.7879
2025-10-02 14:35:58,992 - root - INFO - Epoch: 26, learning rate: 0.0001, train loss: 0.3639
2025-10-02 14:35:58,992 - root - INFO - train average_precision, 0.8971
2025-10-02 14:35:58,992 - root - INFO - train roc_auc, 0.9152
2025-10-02 14:35:58,992 - root - INFO - validate loss: 0.6551
2025-10-02 14:35:58,992 - root - INFO - validate average_precision, 0.7776
2025-10-02 14:35:58,992 - root - INFO - validate roc_auc, 0.8075
2025-10-02 14:35:58,992 - root - INFO - new node validate loss: 0.6803
2025-10-02 14:35:58,992 - root - INFO - new node validate average_precision, 0.7235
2025-10-02 14:35:58,992 - root - INFO - new node validate roc_auc, 0.7360
2025-10-02 14:35:59,826 - root - INFO - test loss: 0.7095
2025-10-02 14:35:59,826 - root - INFO - test average_precision, 0.7837
2025-10-02 14:35:59,826 - root - INFO - best test average_precision: 0.8318
2025-10-02 14:35:59,826 - root - INFO - test roc_auc, 0.8236
2025-10-02 14:35:59,826 - root - INFO - new node test loss: 0.7013
2025-10-02 14:35:59,826 - root - INFO - new node test average_precision, 0.7729
2025-10-02 14:35:59,826 - root - INFO - new node test roc_auc, 0.7812
2025-10-02 14:36:05,157 - root - INFO - Epoch: 27, learning rate: 0.0001, train loss: 0.3748
2025-10-02 14:36:05,157 - root - INFO - train average_precision, 0.8851
2025-10-02 14:36:05,158 - root - INFO - train roc_auc, 0.9075
2025-10-02 14:36:05,158 - root - INFO - validate loss: 0.5746
2025-10-02 14:36:05,158 - root - INFO - validate average_precision, 0.7875
2025-10-02 14:36:05,158 - root - INFO - validate roc_auc, 0.8223
2025-10-02 14:36:05,158 - root - INFO - new node validate loss: 0.6991
2025-10-02 14:36:05,158 - root - INFO - new node validate average_precision, 0.7246
2025-10-02 14:36:05,158 - root - INFO - new node validate roc_auc, 0.7300
2025-10-02 14:36:06,001 - root - INFO - test loss: 0.5874
2025-10-02 14:36:06,002 - root - INFO - test average_precision, 0.7933
2025-10-02 14:36:06,002 - root - INFO - best test average_precision: 0.8318
2025-10-02 14:36:06,002 - root - INFO - test roc_auc, 0.8281
2025-10-02 14:36:06,002 - root - INFO - new node test loss: 0.5871
2025-10-02 14:36:06,002 - root - INFO - new node test average_precision, 0.7854
2025-10-02 14:36:06,002 - root - INFO - new node test roc_auc, 0.8076
2025-10-02 14:36:11,295 - root - INFO - Epoch: 28, learning rate: 0.0001, train loss: 0.3432
2025-10-02 14:36:11,295 - root - INFO - train average_precision, 0.9056
2025-10-02 14:36:11,295 - root - INFO - train roc_auc, 0.9227
2025-10-02 14:36:11,295 - root - INFO - validate loss: 0.4860
2025-10-02 14:36:11,295 - root - INFO - validate average_precision, 0.8460
2025-10-02 14:36:11,295 - root - INFO - validate roc_auc, 0.8692
2025-10-02 14:36:11,295 - root - INFO - new node validate loss: 0.6747
2025-10-02 14:36:11,295 - root - INFO - new node validate average_precision, 0.7728
2025-10-02 14:36:11,296 - root - INFO - new node validate roc_auc, 0.7789
2025-10-02 14:36:12,133 - root - INFO - test loss: 0.5763
2025-10-02 14:36:12,134 - root - INFO - test average_precision, 0.8360
2025-10-02 14:36:12,134 - root - INFO - best test average_precision: 0.8360
2025-10-02 14:36:12,134 - root - INFO - test roc_auc, 0.8672
2025-10-02 14:36:12,134 - root - INFO - new node test loss: 0.7252
2025-10-02 14:36:12,134 - root - INFO - new node test average_precision, 0.7536
2025-10-02 14:36:12,134 - root - INFO - new node test roc_auc, 0.7714
2025-10-02 14:36:12,134 - root - INFO - save model ./saved_models/JODIE/enron/JODIE_kan_mammote_seed0/JODIE_kan_mammote_seed0.pkl
2025-10-02 14:36:17,558 - root - INFO - Epoch: 29, learning rate: 0.0001, train loss: 0.3436
2025-10-02 14:36:17,559 - root - INFO - train average_precision, 0.9082
2025-10-02 14:36:17,559 - root - INFO - train roc_auc, 0.9233
2025-10-02 14:36:17,559 - root - INFO - validate loss: 0.5156
2025-10-02 14:36:17,559 - root - INFO - validate average_precision, 0.8350
2025-10-02 14:36:17,559 - root - INFO - validate roc_auc, 0.8640
2025-10-02 14:36:17,559 - root - INFO - new node validate loss: 0.7790
2025-10-02 14:36:17,559 - root - INFO - new node validate average_precision, 0.7138
2025-10-02 14:36:17,559 - root - INFO - new node validate roc_auc, 0.7244
2025-10-02 14:36:18,529 - root - INFO - test loss: 0.6031
2025-10-02 14:36:18,529 - root - INFO - test average_precision, 0.8061
2025-10-02 14:36:18,529 - root - INFO - best test average_precision: 0.8360
2025-10-02 14:36:18,530 - root - INFO - test roc_auc, 0.8505
2025-10-02 14:36:18,530 - root - INFO - new node test loss: 0.6582
2025-10-02 14:36:18,530 - root - INFO - new node test average_precision, 0.7934
2025-10-02 14:36:18,530 - root - INFO - new node test roc_auc, 0.8116
2025-10-02 14:36:23,794 - root - INFO - Epoch: 30, learning rate: 0.0001, train loss: 0.3597
2025-10-02 14:36:23,795 - root - INFO - train average_precision, 0.8979
2025-10-02 14:36:23,795 - root - INFO - train roc_auc, 0.9156
2025-10-02 14:36:23,795 - root - INFO - validate loss: 0.5467
2025-10-02 14:36:23,795 - root - INFO - validate average_precision, 0.8163
2025-10-02 14:36:23,795 - root - INFO - validate roc_auc, 0.8462
2025-10-02 14:36:23,795 - root - INFO - new node validate loss: 0.5808
2025-10-02 14:36:23,795 - root - INFO - new node validate average_precision, 0.7958
2025-10-02 14:36:23,795 - root - INFO - new node validate roc_auc, 0.8048
2025-10-02 14:36:24,639 - root - INFO - test loss: 0.5726
2025-10-02 14:36:24,640 - root - INFO - test average_precision, 0.8111
2025-10-02 14:36:24,640 - root - INFO - best test average_precision: 0.8360
2025-10-02 14:36:24,640 - root - INFO - test roc_auc, 0.8409
2025-10-02 14:36:24,640 - root - INFO - new node test loss: 0.6292
2025-10-02 14:36:24,640 - root - INFO - new node test average_precision, 0.7778
2025-10-02 14:36:24,640 - root - INFO - new node test roc_auc, 0.8113
2025-10-02 14:36:29,911 - root - INFO - Epoch: 31, learning rate: 0.0001, train loss: 0.3335
2025-10-02 14:36:29,911 - root - INFO - train average_precision, 0.9156
2025-10-02 14:36:29,911 - root - INFO - train roc_auc, 0.9266
2025-10-02 14:36:29,911 - root - INFO - validate loss: 0.7686
2025-10-02 14:36:29,911 - root - INFO - validate average_precision, 0.7976
2025-10-02 14:36:29,911 - root - INFO - validate roc_auc, 0.8308
2025-10-02 14:36:29,911 - root - INFO - new node validate loss: 0.7939
2025-10-02 14:36:29,911 - root - INFO - new node validate average_precision, 0.7853
2025-10-02 14:36:29,911 - root - INFO - new node validate roc_auc, 0.7861
2025-10-02 14:36:30,754 - root - INFO - test loss: 0.9025
2025-10-02 14:36:30,754 - root - INFO - test average_precision, 0.7870
2025-10-02 14:36:30,754 - root - INFO - best test average_precision: 0.8360
2025-10-02 14:36:30,754 - root - INFO - test roc_auc, 0.8301
2025-10-02 14:36:30,754 - root - INFO - new node test loss: 1.0269
2025-10-02 14:36:30,754 - root - INFO - new node test average_precision, 0.7625
2025-10-02 14:36:30,754 - root - INFO - new node test roc_auc, 0.7769
2025-10-02 14:36:35,977 - root - INFO - Epoch: 32, learning rate: 0.0001, train loss: 0.3398
2025-10-02 14:36:35,977 - root - INFO - train average_precision, 0.9126
2025-10-02 14:36:35,977 - root - INFO - train roc_auc, 0.9242
2025-10-02 14:36:35,977 - root - INFO - validate loss: 0.7694
2025-10-02 14:36:35,977 - root - INFO - validate average_precision, 0.7719
2025-10-02 14:36:35,977 - root - INFO - validate roc_auc, 0.8112
2025-10-02 14:36:35,977 - root - INFO - new node validate loss: 0.7413
2025-10-02 14:36:35,977 - root - INFO - new node validate average_precision, 0.7722
2025-10-02 14:36:35,977 - root - INFO - new node validate roc_auc, 0.7823
2025-10-02 14:36:36,820 - root - INFO - test loss: 0.8399
2025-10-02 14:36:36,820 - root - INFO - test average_precision, 0.7591
2025-10-02 14:36:36,820 - root - INFO - best test average_precision: 0.8360
2025-10-02 14:36:36,820 - root - INFO - test roc_auc, 0.8112
2025-10-02 14:36:36,820 - root - INFO - new node test loss: 0.9880
2025-10-02 14:36:36,820 - root - INFO - new node test average_precision, 0.7399
2025-10-02 14:36:36,820 - root - INFO - new node test roc_auc, 0.7612
2025-10-02 14:36:42,072 - root - INFO - Epoch: 33, learning rate: 0.0001, train loss: 0.3714
2025-10-02 14:36:42,072 - root - INFO - train average_precision, 0.8926
2025-10-02 14:36:42,073 - root - INFO - train roc_auc, 0.9098
2025-10-02 14:36:42,073 - root - INFO - validate loss: 0.5878
2025-10-02 14:36:42,073 - root - INFO - validate average_precision, 0.7882
2025-10-02 14:36:42,073 - root - INFO - validate roc_auc, 0.8290
2025-10-02 14:36:42,073 - root - INFO - new node validate loss: 0.6712
2025-10-02 14:36:42,073 - root - INFO - new node validate average_precision, 0.7403
2025-10-02 14:36:42,073 - root - INFO - new node validate roc_auc, 0.7484
2025-10-02 14:36:42,906 - root - INFO - test loss: 0.6652
2025-10-02 14:36:42,906 - root - INFO - test average_precision, 0.7722
2025-10-02 14:36:42,907 - root - INFO - best test average_precision: 0.8360
2025-10-02 14:36:42,907 - root - INFO - test roc_auc, 0.8217
2025-10-02 14:36:42,907 - root - INFO - new node test loss: 0.7236
2025-10-02 14:36:42,907 - root - INFO - new node test average_precision, 0.7813
2025-10-02 14:36:42,907 - root - INFO - new node test roc_auc, 0.7906
2025-10-02 14:36:48,195 - root - INFO - Epoch: 34, learning rate: 0.0001, train loss: 0.3569
2025-10-02 14:36:48,195 - root - INFO - train average_precision, 0.8985
2025-10-02 14:36:48,195 - root - INFO - train roc_auc, 0.9175
2025-10-02 14:36:48,195 - root - INFO - validate loss: 0.5793
2025-10-02 14:36:48,195 - root - INFO - validate average_precision, 0.8142
2025-10-02 14:36:48,195 - root - INFO - validate roc_auc, 0.8473
2025-10-02 14:36:48,195 - root - INFO - new node validate loss: 0.6835
2025-10-02 14:36:48,195 - root - INFO - new node validate average_precision, 0.7666
2025-10-02 14:36:48,195 - root - INFO - new node validate roc_auc, 0.7737
2025-10-02 14:36:49,030 - root - INFO - test loss: 0.5911
2025-10-02 14:36:49,030 - root - INFO - test average_precision, 0.8089
2025-10-02 14:36:49,030 - root - INFO - best test average_precision: 0.8360
2025-10-02 14:36:49,030 - root - INFO - test roc_auc, 0.8484
2025-10-02 14:36:49,030 - root - INFO - new node test loss: 0.6832
2025-10-02 14:36:49,030 - root - INFO - new node test average_precision, 0.7840
2025-10-02 14:36:49,030 - root - INFO - new node test roc_auc, 0.7955
2025-10-02 14:36:54,312 - root - INFO - Epoch: 35, learning rate: 0.0001, train loss: 0.3412
2025-10-02 14:36:54,313 - root - INFO - train average_precision, 0.9116
2025-10-02 14:36:54,313 - root - INFO - train roc_auc, 0.9249
2025-10-02 14:36:54,313 - root - INFO - validate loss: 0.4766
2025-10-02 14:36:54,313 - root - INFO - validate average_precision, 0.8319
2025-10-02 14:36:54,313 - root - INFO - validate roc_auc, 0.8589
2025-10-02 14:36:54,313 - root - INFO - new node validate loss: 0.7137
2025-10-02 14:36:54,313 - root - INFO - new node validate average_precision, 0.7517
2025-10-02 14:36:54,313 - root - INFO - new node validate roc_auc, 0.7592
2025-10-02 14:36:55,146 - root - INFO - test loss: 0.4737
2025-10-02 14:36:55,146 - root - INFO - test average_precision, 0.8376
2025-10-02 14:36:55,146 - root - INFO - best test average_precision: 0.8376
2025-10-02 14:36:55,146 - root - INFO - test roc_auc, 0.8651
2025-10-02 14:36:55,146 - root - INFO - new node test loss: 0.5428
2025-10-02 14:36:55,146 - root - INFO - new node test average_precision, 0.7981
2025-10-02 14:36:55,147 - root - INFO - new node test roc_auc, 0.8236
2025-10-02 14:37:00,644 - root - INFO - Epoch: 36, learning rate: 0.0001, train loss: 0.3508
2025-10-02 14:37:00,644 - root - INFO - train average_precision, 0.9059
2025-10-02 14:37:00,644 - root - INFO - train roc_auc, 0.9199
2025-10-02 14:37:00,644 - root - INFO - validate loss: 0.4978
2025-10-02 14:37:00,644 - root - INFO - validate average_precision, 0.8366
2025-10-02 14:37:00,644 - root - INFO - validate roc_auc, 0.8583
2025-10-02 14:37:00,644 - root - INFO - new node validate loss: 0.6396
2025-10-02 14:37:00,644 - root - INFO - new node validate average_precision, 0.7816
2025-10-02 14:37:00,644 - root - INFO - new node validate roc_auc, 0.7949
2025-10-02 14:37:01,487 - root - INFO - test loss: 0.5696
2025-10-02 14:37:01,487 - root - INFO - test average_precision, 0.7992
2025-10-02 14:37:01,488 - root - INFO - best test average_precision: 0.8376
2025-10-02 14:37:01,488 - root - INFO - test roc_auc, 0.8378
2025-10-02 14:37:01,488 - root - INFO - new node test loss: 0.5990
2025-10-02 14:37:01,488 - root - INFO - new node test average_precision, 0.7879
2025-10-02 14:37:01,488 - root - INFO - new node test roc_auc, 0.8032
2025-10-02 14:37:06,742 - root - INFO - Epoch: 37, learning rate: 0.0001, train loss: 0.3751
2025-10-02 14:37:06,743 - root - INFO - train average_precision, 0.8880
2025-10-02 14:37:06,743 - root - INFO - train roc_auc, 0.9086
2025-10-02 14:37:06,743 - root - INFO - validate loss: 0.6148
2025-10-02 14:37:06,743 - root - INFO - validate average_precision, 0.7601
2025-10-02 14:37:06,743 - root - INFO - validate roc_auc, 0.8006
2025-10-02 14:37:06,743 - root - INFO - new node validate loss: 0.6432
2025-10-02 14:37:06,743 - root - INFO - new node validate average_precision, 0.7596
2025-10-02 14:37:06,743 - root - INFO - new node validate roc_auc, 0.7644
2025-10-02 14:37:07,577 - root - INFO - test loss: 0.6466
2025-10-02 14:37:07,577 - root - INFO - test average_precision, 0.7570
2025-10-02 14:37:07,577 - root - INFO - best test average_precision: 0.8376
2025-10-02 14:37:07,577 - root - INFO - test roc_auc, 0.8079
2025-10-02 14:37:07,577 - root - INFO - new node test loss: 0.7754
2025-10-02 14:37:07,577 - root - INFO - new node test average_precision, 0.7330
2025-10-02 14:37:07,577 - root - INFO - new node test roc_auc, 0.7494
2025-10-02 14:37:12,937 - root - INFO - Epoch: 38, learning rate: 0.0001, train loss: 0.3382
2025-10-02 14:37:12,937 - root - INFO - train average_precision, 0.9094
2025-10-02 14:37:12,938 - root - INFO - train roc_auc, 0.9253
2025-10-02 14:37:12,938 - root - INFO - validate loss: 0.5094
2025-10-02 14:37:12,938 - root - INFO - validate average_precision, 0.7990
2025-10-02 14:37:12,938 - root - INFO - validate roc_auc, 0.8367
2025-10-02 14:37:12,938 - root - INFO - new node validate loss: 0.6441
2025-10-02 14:37:12,938 - root - INFO - new node validate average_precision, 0.7572
2025-10-02 14:37:12,938 - root - INFO - new node validate roc_auc, 0.7589
2025-10-02 14:37:13,782 - root - INFO - test loss: 0.5564
2025-10-02 14:37:13,782 - root - INFO - test average_precision, 0.7914
2025-10-02 14:37:13,782 - root - INFO - best test average_precision: 0.8376
2025-10-02 14:37:13,782 - root - INFO - test roc_auc, 0.8371
2025-10-02 14:37:13,782 - root - INFO - new node test loss: 0.6484
2025-10-02 14:37:13,782 - root - INFO - new node test average_precision, 0.7611
2025-10-02 14:37:13,782 - root - INFO - new node test roc_auc, 0.7799
2025-10-02 14:37:19,067 - root - INFO - Epoch: 39, learning rate: 0.0001, train loss: 0.3394
2025-10-02 14:37:19,067 - root - INFO - train average_precision, 0.9140
2025-10-02 14:37:19,067 - root - INFO - train roc_auc, 0.9261
2025-10-02 14:37:19,067 - root - INFO - validate loss: 0.8670
2025-10-02 14:37:19,067 - root - INFO - validate average_precision, 0.7420
2025-10-02 14:37:19,067 - root - INFO - validate roc_auc, 0.7929
2025-10-02 14:37:19,067 - root - INFO - new node validate loss: 0.7284
2025-10-02 14:37:19,068 - root - INFO - new node validate average_precision, 0.7394
2025-10-02 14:37:19,068 - root - INFO - new node validate roc_auc, 0.7556
2025-10-02 14:37:19,904 - root - INFO - test loss: 0.9353
2025-10-02 14:37:19,904 - root - INFO - test average_precision, 0.7474
2025-10-02 14:37:19,904 - root - INFO - best test average_precision: 0.8376
2025-10-02 14:37:19,904 - root - INFO - test roc_auc, 0.8049
2025-10-02 14:37:19,904 - root - INFO - new node test loss: 1.0974
2025-10-02 14:37:19,904 - root - INFO - new node test average_precision, 0.7077
2025-10-02 14:37:19,904 - root - INFO - new node test roc_auc, 0.7300
2025-10-02 14:37:25,161 - root - INFO - Epoch: 40, learning rate: 0.0001, train loss: 0.3440
2025-10-02 14:37:25,162 - root - INFO - train average_precision, 0.9084
2025-10-02 14:37:25,162 - root - INFO - train roc_auc, 0.9233
2025-10-02 14:37:25,162 - root - INFO - validate loss: 0.5630
2025-10-02 14:37:25,162 - root - INFO - validate average_precision, 0.8080
2025-10-02 14:37:25,162 - root - INFO - validate roc_auc, 0.8338
2025-10-02 14:37:25,162 - root - INFO - new node validate loss: 0.6375
2025-10-02 14:37:25,162 - root - INFO - new node validate average_precision, 0.7753
2025-10-02 14:37:25,162 - root - INFO - new node validate roc_auc, 0.7863
2025-10-02 14:37:26,004 - root - INFO - test loss: 0.5337
2025-10-02 14:37:26,004 - root - INFO - test average_precision, 0.8261
2025-10-02 14:37:26,004 - root - INFO - best test average_precision: 0.8376
2025-10-02 14:37:26,004 - root - INFO - test roc_auc, 0.8565
2025-10-02 14:37:26,004 - root - INFO - new node test loss: 0.6217
2025-10-02 14:37:26,004 - root - INFO - new node test average_precision, 0.7929
2025-10-02 14:37:26,004 - root - INFO - new node test roc_auc, 0.8214
2025-10-02 14:37:31,389 - root - INFO - Epoch: 41, learning rate: 0.0001, train loss: 0.3380
2025-10-02 14:37:31,389 - root - INFO - train average_precision, 0.9119
2025-10-02 14:37:31,389 - root - INFO - train roc_auc, 0.9259
2025-10-02 14:37:31,389 - root - INFO - validate loss: 0.5349
2025-10-02 14:37:31,389 - root - INFO - validate average_precision, 0.8327
2025-10-02 14:37:31,389 - root - INFO - validate roc_auc, 0.8542
2025-10-02 14:37:31,389 - root - INFO - new node validate loss: 0.7004
2025-10-02 14:37:31,389 - root - INFO - new node validate average_precision, 0.7599
2025-10-02 14:37:31,389 - root - INFO - new node validate roc_auc, 0.7703
2025-10-02 14:37:32,225 - root - INFO - test loss: 0.4997
2025-10-02 14:37:32,225 - root - INFO - test average_precision, 0.8483
2025-10-02 14:37:32,226 - root - INFO - best test average_precision: 0.8483
2025-10-02 14:37:32,226 - root - INFO - test roc_auc, 0.8673
2025-10-02 14:37:32,226 - root - INFO - new node test loss: 0.5912
2025-10-02 14:37:32,226 - root - INFO - new node test average_precision, 0.7919
2025-10-02 14:37:32,226 - root - INFO - new node test roc_auc, 0.8093
2025-10-02 14:37:37,513 - root - INFO - Epoch: 42, learning rate: 0.0001, train loss: 0.3368
2025-10-02 14:37:37,514 - root - INFO - train average_precision, 0.9111
2025-10-02 14:37:37,514 - root - INFO - train roc_auc, 0.9258
2025-10-02 14:37:37,514 - root - INFO - validate loss: 0.6083
2025-10-02 14:37:37,514 - root - INFO - validate average_precision, 0.8158
2025-10-02 14:37:37,514 - root - INFO - validate roc_auc, 0.8476
2025-10-02 14:37:37,514 - root - INFO - new node validate loss: 0.6724
2025-10-02 14:37:37,514 - root - INFO - new node validate average_precision, 0.7846
2025-10-02 14:37:37,514 - root - INFO - new node validate roc_auc, 0.7919
2025-10-02 14:37:38,351 - root - INFO - test loss: 0.6188
2025-10-02 14:37:38,352 - root - INFO - test average_precision, 0.8332
2025-10-02 14:37:38,352 - root - INFO - best test average_precision: 0.8483
2025-10-02 14:37:38,352 - root - INFO - test roc_auc, 0.8662
2025-10-02 14:37:38,352 - root - INFO - new node test loss: 0.7584
2025-10-02 14:37:38,352 - root - INFO - new node test average_precision, 0.8019
2025-10-02 14:37:38,352 - root - INFO - new node test roc_auc, 0.8202
2025-10-02 14:37:43,622 - root - INFO - Epoch: 43, learning rate: 0.0001, train loss: 0.3421
2025-10-02 14:37:43,622 - root - INFO - train average_precision, 0.9050
2025-10-02 14:37:43,623 - root - INFO - train roc_auc, 0.9234
2025-10-02 14:37:43,623 - root - INFO - validate loss: 0.7273
2025-10-02 14:37:43,623 - root - INFO - validate average_precision, 0.7821
2025-10-02 14:37:43,623 - root - INFO - validate roc_auc, 0.8211
2025-10-02 14:37:43,623 - root - INFO - new node validate loss: 0.7589
2025-10-02 14:37:43,623 - root - INFO - new node validate average_precision, 0.7399
2025-10-02 14:37:43,623 - root - INFO - new node validate roc_auc, 0.7507
2025-10-02 14:37:44,468 - root - INFO - test loss: 0.8651
2025-10-02 14:37:44,468 - root - INFO - test average_precision, 0.7509
2025-10-02 14:37:44,468 - root - INFO - best test average_precision: 0.8483
2025-10-02 14:37:44,468 - root - INFO - test roc_auc, 0.8076
2025-10-02 14:37:44,468 - root - INFO - new node test loss: 1.0377
2025-10-02 14:37:44,468 - root - INFO - new node test average_precision, 0.7273
2025-10-02 14:37:44,468 - root - INFO - new node test roc_auc, 0.7559
2025-10-02 14:37:49,775 - root - INFO - Epoch: 44, learning rate: 0.0001, train loss: 0.3248
2025-10-02 14:37:49,775 - root - INFO - train average_precision, 0.9175
2025-10-02 14:37:49,775 - root - INFO - train roc_auc, 0.9308
2025-10-02 14:37:49,775 - root - INFO - validate loss: 0.6390
2025-10-02 14:37:49,775 - root - INFO - validate average_precision, 0.7995
2025-10-02 14:37:49,775 - root - INFO - validate roc_auc, 0.8380
2025-10-02 14:37:49,776 - root - INFO - new node validate loss: 0.5862
2025-10-02 14:37:49,776 - root - INFO - new node validate average_precision, 0.7977
2025-10-02 14:37:49,776 - root - INFO - new node validate roc_auc, 0.8121
2025-10-02 14:37:50,613 - root - INFO - test loss: 0.7869
2025-10-02 14:37:50,614 - root - INFO - test average_precision, 0.7666
2025-10-02 14:37:50,614 - root - INFO - best test average_precision: 0.8483
2025-10-02 14:37:50,614 - root - INFO - test roc_auc, 0.8165
2025-10-02 14:37:50,614 - root - INFO - new node test loss: 0.8263
2025-10-02 14:37:50,614 - root - INFO - new node test average_precision, 0.7701
2025-10-02 14:37:50,614 - root - INFO - new node test roc_auc, 0.7884
2025-10-02 14:37:55,884 - root - INFO - Epoch: 45, learning rate: 0.0001, train loss: 0.3393
2025-10-02 14:37:55,884 - root - INFO - train average_precision, 0.9107
2025-10-02 14:37:55,884 - root - INFO - train roc_auc, 0.9244
2025-10-02 14:37:55,884 - root - INFO - validate loss: 0.6951
2025-10-02 14:37:55,884 - root - INFO - validate average_precision, 0.7818
2025-10-02 14:37:55,884 - root - INFO - validate roc_auc, 0.8221
2025-10-02 14:37:55,884 - root - INFO - new node validate loss: 0.8190
2025-10-02 14:37:55,884 - root - INFO - new node validate average_precision, 0.7490
2025-10-02 14:37:55,884 - root - INFO - new node validate roc_auc, 0.7624
2025-10-02 14:37:56,727 - root - INFO - test loss: 0.7171
2025-10-02 14:37:56,727 - root - INFO - test average_precision, 0.7804
2025-10-02 14:37:56,727 - root - INFO - best test average_precision: 0.8483
2025-10-02 14:37:56,727 - root - INFO - test roc_auc, 0.8276
2025-10-02 14:37:56,728 - root - INFO - new node test loss: 0.8396
2025-10-02 14:37:56,728 - root - INFO - new node test average_precision, 0.7726
2025-10-02 14:37:56,728 - root - INFO - new node test roc_auc, 0.7846
2025-10-02 14:38:02,001 - root - INFO - Epoch: 46, learning rate: 0.0001, train loss: 0.3299
2025-10-02 14:38:02,001 - root - INFO - train average_precision, 0.9137
2025-10-02 14:38:02,001 - root - INFO - train roc_auc, 0.9286
2025-10-02 14:38:02,001 - root - INFO - validate loss: 0.7397
2025-10-02 14:38:02,001 - root - INFO - validate average_precision, 0.7629
2025-10-02 14:38:02,001 - root - INFO - validate roc_auc, 0.8074
2025-10-02 14:38:02,001 - root - INFO - new node validate loss: 0.6380
2025-10-02 14:38:02,001 - root - INFO - new node validate average_precision, 0.7926
2025-10-02 14:38:02,001 - root - INFO - new node validate roc_auc, 0.7952
2025-10-02 14:38:02,840 - root - INFO - test loss: 0.7922
2025-10-02 14:38:02,840 - root - INFO - test average_precision, 0.7728
2025-10-02 14:38:02,840 - root - INFO - best test average_precision: 0.8483
2025-10-02 14:38:02,840 - root - INFO - test roc_auc, 0.8185
2025-10-02 14:38:02,840 - root - INFO - new node test loss: 0.8936
2025-10-02 14:38:02,840 - root - INFO - new node test average_precision, 0.7515
2025-10-02 14:38:02,840 - root - INFO - new node test roc_auc, 0.7645
2025-10-02 14:38:08,269 - root - INFO - Epoch: 47, learning rate: 0.0001, train loss: 0.3321
2025-10-02 14:38:08,269 - root - INFO - train average_precision, 0.9130
2025-10-02 14:38:08,269 - root - INFO - train roc_auc, 0.9279
2025-10-02 14:38:08,269 - root - INFO - validate loss: 0.4536
2025-10-02 14:38:08,269 - root - INFO - validate average_precision, 0.8485
2025-10-02 14:38:08,269 - root - INFO - validate roc_auc, 0.8680
2025-10-02 14:38:08,269 - root - INFO - new node validate loss: 0.6623
2025-10-02 14:38:08,269 - root - INFO - new node validate average_precision, 0.7795
2025-10-02 14:38:08,269 - root - INFO - new node validate roc_auc, 0.7912
2025-10-02 14:38:09,106 - root - INFO - test loss: 0.5198
2025-10-02 14:38:09,106 - root - INFO - test average_precision, 0.8247
2025-10-02 14:38:09,106 - root - INFO - best test average_precision: 0.8483
2025-10-02 14:38:09,106 - root - INFO - test roc_auc, 0.8516
2025-10-02 14:38:09,106 - root - INFO - new node test loss: 0.5385
2025-10-02 14:38:09,106 - root - INFO - new node test average_precision, 0.7854
2025-10-02 14:38:09,106 - root - INFO - new node test roc_auc, 0.8161
2025-10-02 14:38:14,322 - root - INFO - Epoch: 48, learning rate: 0.0001, train loss: 0.3165
2025-10-02 14:38:14,322 - root - INFO - train average_precision, 0.9198
2025-10-02 14:38:14,323 - root - INFO - train roc_auc, 0.9334
2025-10-02 14:38:14,323 - root - INFO - validate loss: 0.7061
2025-10-02 14:38:14,323 - root - INFO - validate average_precision, 0.7942
2025-10-02 14:38:14,323 - root - INFO - validate roc_auc, 0.8229
2025-10-02 14:38:14,323 - root - INFO - new node validate loss: 0.8144
2025-10-02 14:38:14,323 - root - INFO - new node validate average_precision, 0.7336
2025-10-02 14:38:14,323 - root - INFO - new node validate roc_auc, 0.7462
2025-10-02 14:38:15,162 - root - INFO - test loss: 0.7157
2025-10-02 14:38:15,162 - root - INFO - test average_precision, 0.7750
2025-10-02 14:38:15,162 - root - INFO - best test average_precision: 0.8483
2025-10-02 14:38:15,162 - root - INFO - test roc_auc, 0.8180
2025-10-02 14:38:15,162 - root - INFO - new node test loss: 0.8141
2025-10-02 14:38:15,162 - root - INFO - new node test average_precision, 0.7428
2025-10-02 14:38:15,162 - root - INFO - new node test roc_auc, 0.7620
2025-10-02 14:38:15,162 - root - INFO - load model ./saved_models/JODIE/enron/JODIE_kan_mammote_seed0/JODIE_kan_mammote_seed0.pkl
2025-10-02 14:38:15,272 - root - INFO - get final performance on dataset enron...
2025-10-02 14:38:16,112 - root - INFO - test loss: 0.5763
2025-10-02 14:38:16,112 - root - INFO - test average_precision, 0.8360
2025-10-02 14:38:16,112 - root - INFO - test roc_auc, 0.8672
2025-10-02 14:38:16,112 - root - INFO - new node test loss: 0.7252
2025-10-02 14:38:16,112 - root - INFO - new node test average_precision, 0.7536
2025-10-02 14:38:16,112 - root - INFO - new node test roc_auc, 0.7714
2025-10-02 14:38:16,112 - root - INFO - Run 1 cost 298.03 seconds.
2025-10-02 14:38:16,120 - root - INFO - metrics over 1 runs:
2025-10-02 14:38:16,120 - root - INFO - test average_precision, [np.float64(0.8359521205281355)]
2025-10-02 14:38:16,120 - root - INFO - average test average_precision, 0.8360 ± nan
2025-10-02 14:38:16,120 - root - INFO - test roc_auc, [np.float64(0.8671507221065227)]
2025-10-02 14:38:16,120 - root - INFO - average test roc_auc, 0.8672 ± nan
2025-10-02 14:38:16,120 - root - INFO - new node test average_precision, [np.float64(0.7536185818178264)]
2025-10-02 14:38:16,120 - root - INFO - average new node test average_precision, 0.7536 ± nan
2025-10-02 14:38:16,120 - root - INFO - new node test roc_auc, [np.float64(0.7714256944444444)]
2025-10-02 14:38:16,121 - root - INFO - average new node test roc_auc, 0.7714 ± nan
