2025-10-02 22:36:25,516 - root - INFO - ********** Run 1 starts. **********
2025-10-02 22:36:25,516 - root - INFO - configuration is Namespace(dataset_name='wikipedia', batch_size=200, model_name='TCL', gpu=0, num_neighbors=20, sample_neighbor_strategy='recent', time_scaling_factor=1e-06, num_walk_heads=8, num_heads=2, num_layers=2, walk_length=1, time_gap=2000, time_feat_dim=128, position_feat_dim=172, time_window_mode='fixed_proportion', time_encoder_type='lete', expert_dim=64, num_mixtures=4, patch_size=1, channel_embedding_dim=50, max_input_sequence_length=32, learning_rate=0.0001, dropout=0.1, gamma=0.5, num_epochs=2, optimizer='Adam', weight_decay=0.0, patience=20, val_ratio=0.15, test_ratio=0.15, num_runs=5, test_interval_epochs=1, negative_sample_strategy='random', max_interaction_times=10, load_best_configs=True, device='cuda:0', seed=0, save_model_name='TCL_lete_seed0')
2025-10-02 22:36:25,518 - root - INFO - time encoder type: lete
2025-10-02 22:36:25,760 - root - INFO - model -> Sequential(
  (0): TCL(
    (time_encoder): TimeEncoder(
      (w): Linear(in_features=1, out_features=128, bias=True)
    )
    (depth_embedding): Embedding(21, 172)
    (projection_layer): ModuleDict(
      (node): Linear(in_features=172, out_features=172, bias=True)
      (edge): Linear(in_features=172, out_features=172, bias=True)
      (time): Linear(in_features=128, out_features=172, bias=True)
    )
    (transformers): ModuleList(
      (0-1): 2 x TransformerEncoder(
        (multi_head_attention): MultiheadAttention(
          (out_proj): NonDynamicallyQuantizableLinear(in_features=172, out_features=172, bias=True)
        )
        (dropout): Dropout(p=0.1, inplace=False)
        (linear_layers): ModuleList(
          (0): Linear(in_features=172, out_features=688, bias=True)
          (1): Linear(in_features=688, out_features=172, bias=True)
        )
        (norm_layers): ModuleList(
          (0-1): 2 x LayerNorm((172,), eps=1e-05, elementwise_affine=True)
        )
      )
    )
    (output_layer): Linear(in_features=172, out_features=172, bias=True)
  )
  (1): MergeLayer(
    (fc1): Linear(in_features=344, out_features=172, bias=True)
    (fc2): Linear(in_features=172, out_features=1, bias=True)
    (act): ReLU()
  )
)
2025-10-02 22:36:25,761 - root - INFO - model name: TCL, #parameters: 3557300 B, 3473.92578125 KB, 3.392505645751953 MB.
2025-10-02 22:36:47,555 - root - INFO - Epoch: 1, learning rate: 0.0001, train loss: 0.3429
2025-10-02 22:36:47,556 - root - INFO - train average_precision, 0.9249
2025-10-02 22:36:47,556 - root - INFO - train roc_auc, 0.9229
2025-10-02 22:36:47,556 - root - INFO - validate loss: 0.3260
2025-10-02 22:36:47,556 - root - INFO - validate average_precision, 0.9374
2025-10-02 22:36:47,556 - root - INFO - validate roc_auc, 0.9321
2025-10-02 22:36:47,557 - root - INFO - new node validate loss: 0.3070
2025-10-02 22:36:47,557 - root - INFO - new node validate average_precision, 0.9403
2025-10-02 22:36:47,557 - root - INFO - new node validate roc_auc, 0.9393
2025-10-02 22:36:50,935 - root - INFO - test loss: 0.3576
2025-10-02 22:36:50,936 - root - INFO - test average_precision, 0.9242
2025-10-02 22:36:50,936 - root - INFO - best test average_precision: 0.9242
2025-10-02 22:36:50,936 - root - INFO - test roc_auc, 0.9163
2025-10-02 22:36:50,936 - root - INFO - new node test loss: 0.3506
2025-10-02 22:36:50,936 - root - INFO - new node test average_precision, 0.9247
2025-10-02 22:36:50,936 - root - INFO - new node test roc_auc, 0.9202
2025-10-02 22:36:50,936 - root - INFO - save model ./saved_models/TCL/wikipedia/TCL_lete_seed0/TCL_lete_seed0.pkl
2025-10-02 22:37:11,404 - root - INFO - Epoch: 2, learning rate: 0.0001, train loss: 0.2974
2025-10-02 22:37:11,405 - root - INFO - train average_precision, 0.9467
2025-10-02 22:37:11,405 - root - INFO - train roc_auc, 0.9431
2025-10-02 22:37:11,405 - root - INFO - validate loss: 0.3121
2025-10-02 22:37:11,405 - root - INFO - validate average_precision, 0.9451
2025-10-02 22:37:11,405 - root - INFO - validate roc_auc, 0.9372
2025-10-02 22:37:11,405 - root - INFO - new node validate loss: 0.2883
2025-10-02 22:37:11,405 - root - INFO - new node validate average_precision, 0.9509
2025-10-02 22:37:11,405 - root - INFO - new node validate roc_auc, 0.9465
2025-10-02 22:37:14,802 - root - INFO - test loss: 0.3448
2025-10-02 22:37:14,803 - root - INFO - test average_precision, 0.9318
2025-10-02 22:37:14,803 - root - INFO - best test average_precision: 0.9318
2025-10-02 22:37:14,803 - root - INFO - test roc_auc, 0.9216
2025-10-02 22:37:14,803 - root - INFO - new node test loss: 0.3339
2025-10-02 22:37:14,803 - root - INFO - new node test average_precision, 0.9343
2025-10-02 22:37:14,803 - root - INFO - new node test roc_auc, 0.9269
2025-10-02 22:37:14,803 - root - INFO - save model ./saved_models/TCL/wikipedia/TCL_lete_seed0/TCL_lete_seed0.pkl
2025-10-02 22:37:14,842 - root - INFO - load model ./saved_models/TCL/wikipedia/TCL_lete_seed0/TCL_lete_seed0.pkl
2025-10-02 22:37:14,858 - root - INFO - get final performance on dataset wikipedia...
2025-10-02 22:37:21,689 - root - INFO - validate loss: 0.3121
2025-10-02 22:37:21,689 - root - INFO - validate average_precision, 0.9451
2025-10-02 22:37:21,689 - root - INFO - validate roc_auc, 0.9372
2025-10-02 22:37:21,689 - root - INFO - new node validate loss: 0.2883
2025-10-02 22:37:21,689 - root - INFO - new node validate average_precision, 0.9509
2025-10-02 22:37:21,689 - root - INFO - new node validate roc_auc, 0.9465
2025-10-02 22:37:21,689 - root - INFO - test loss: 0.3448
2025-10-02 22:37:21,689 - root - INFO - test average_precision, 0.9318
2025-10-02 22:37:21,689 - root - INFO - test roc_auc, 0.9216
2025-10-02 22:37:21,690 - root - INFO - new node test loss: 0.3339
2025-10-02 22:37:21,690 - root - INFO - new node test average_precision, 0.9343
2025-10-02 22:37:21,690 - root - INFO - new node test roc_auc, 0.9269
2025-10-02 22:37:21,690 - root - INFO - Run 1 cost 56.17 seconds.
