2025-10-08 06:32:50,145 - root - INFO - ********** Run 2 starts. **********
2025-10-08 06:32:50,145 - root - INFO - configuration is Namespace(dataset_name='wikipedia', batch_size=200, model_name='DyGMamba', gpu=0, num_neighbors=20, sample_neighbor_strategy='uniform', time_scaling_factor=1e-06, num_walk_heads=8, num_heads=2, num_layers=2, walk_length=1, time_gap=2000, time_feat_dim=100, position_feat_dim=172, time_window_mode='fixed_proportion', time_encoder_type='mercer', expert_dim=128, num_mixtures=16, sort_neighbors_by_time=False, patch_size=1, channel_embedding_dim=50, max_input_sequence_length=32, learning_rate=0.0001, dropout=0.1, gamma=0.5, num_epochs=2, optimizer='Adam', weight_decay=0.0, patience=20, val_ratio=0.15, test_ratio=0.15, num_runs=2, test_interval_epochs=100, negative_sample_strategy='random', max_interaction_times=5, load_best_configs=True, data_ratio=0.05, seed=1, save_model_name_suffix='', ablation_dir='', mamba_d_state=256, mamba_d_conv=4, mamba_expand=2, mamba_headdim=64, resume_from_checkpoint=None, save_checkpoints=True, checkpoint_interval=20, start_from_seed=0, max_checkpoints_to_keep=3, checkpoint_strategy='minimal', validate_checkpoints=True, device='cuda:0', save_model_name='DyGMamba_mercer_seed1')
2025-10-08 06:32:50,146 - root - INFO - Metrics will be saved to: ./saved_metrics/DyGMamba/wikipedia/DyGMamba_mercer_seed1
2025-10-08 06:32:50,147 - root - INFO - time encoder type: mercer
2025-10-08 06:32:50,147 - root - INFO - Time encoder will be injected into DyGMamba model
2025-10-08 06:32:50,207 - root - INFO - model -> Sequential(
  (0): DyGMamba(
    (time_encoder): TimeEncoderWrapper(
      (encoder): MercerTimeEncoder()
    )
    (neighbor_co_occurrence_encoder): NIFEncoder(
      (nif_encode_layer): Sequential(
        (0): Linear(in_features=1, out_features=50, bias=True)
        (1): ReLU()
        (2): Linear(in_features=50, out_features=50, bias=True)
      )
    )
    (projection_layer): ModuleDict(
      (node): Linear(in_features=172, out_features=50, bias=True)
      (edge): Linear(in_features=172, out_features=50, bias=True)
      (time): Linear(in_features=100, out_features=50, bias=True)
      (neighbor_co_occurrence): Linear(in_features=50, out_features=50, bias=True)
    )
    (output_layer): Linear(in_features=100, out_features=172, bias=True)
    (output_layer_t_diff): Linear(in_features=25, out_features=172, bias=True)
    (mamba): ModuleList(
      (0-1): 2 x Mamba(
        (in_proj): Linear(in_features=100, out_features=200, bias=False)
        (conv1d): Conv1d(100, 100, kernel_size=(4,), stride=(1,), padding=(3,), groups=100)
        (act): SiLU()
        (x_proj): Linear(in_features=100, out_features=39, bias=False)
        (dt_proj): Linear(in_features=7, out_features=100, bias=True)
        (out_proj): Linear(in_features=100, out_features=100, bias=False)
      )
    )
    (mamba_t_diff): ModuleList(
      (0-1): 2 x Mamba(
        (in_proj): Linear(in_features=25, out_features=50, bias=False)
        (conv1d): Conv1d(25, 25, kernel_size=(4,), stride=(1,), padding=(3,), groups=25)
        (act): SiLU()
        (x_proj): Linear(in_features=25, out_features=34, bias=False)
        (dt_proj): Linear(in_features=2, out_features=25, bias=True)
        (out_proj): Linear(in_features=25, out_features=25, bias=False)
      )
    )
    (projection_layer_t_diff): Linear(in_features=100, out_features=25, bias=True)
    (projection_layer_t_diff_up): Linear(in_features=25, out_features=100, bias=True)
    (weightagg): Linear(in_features=100, out_features=1, bias=True)
    (reduce_layer): Linear(in_features=200, out_features=100, bias=True)
    (channel_norm): LayerNorm((100,), eps=1e-05, elementwise_affine=True)
    (channel_feedforward): FeedForwardNet(
      (ffn): Sequential(
        (0): Linear(in_features=100, out_features=400, bias=True)
        (1): GELU(approximate='none')
        (2): Dropout(p=0.1, inplace=False)
        (3): Linear(in_features=400, out_features=100, bias=True)
        (4): Dropout(p=0.1, inplace=False)
      )
    )
    (neighbor_selection_layer): Linear(in_features=100, out_features=100, bias=True)
  )
  (1): MergeLayerTD(
    (fc1): Linear(in_features=516, out_features=172, bias=True)
    (fc2): Linear(in_features=172, out_features=1, bias=True)
    (act): ReLU()
  )
)
2025-10-08 06:32:50,208 - root - INFO - model name: DyGMamba, #parameters: 1347668 B, 1316.08203125 KB, 1.2852363586425781 MB.
2025-10-08 06:32:55,315 - root - INFO - Epoch: 1, learning rate: 0.0001, train loss: 0.5126
2025-10-08 06:32:55,315 - root - INFO - train average_precision, 0.9161
2025-10-08 06:32:55,315 - root - INFO - train roc_auc, 0.8837
2025-10-08 06:32:55,315 - root - INFO - validate loss: 0.3459
2025-10-08 06:32:55,316 - root - INFO - validate average_precision, 0.9610
2025-10-08 06:32:55,316 - root - INFO - validate roc_auc, 0.9494
2025-10-08 06:32:55,316 - root - INFO - new node validate loss: 0.4496
2025-10-08 06:32:55,316 - root - INFO - new node validate average_precision, 0.9087
2025-10-08 06:32:55,316 - root - INFO - new node validate roc_auc, 0.8881
2025-10-08 06:32:55,325 - root - INFO - save model ./saved_models/DyGMamba/wikipedia/DyGMamba_mercer_seed1/DyGMamba_mercer_seed1.pkl
2025-10-08 06:33:00,480 - root - INFO - Epoch: 2, learning rate: 0.0001, train loss: 0.4644
2025-10-08 06:33:00,480 - root - INFO - train average_precision, 0.9211
2025-10-08 06:33:00,480 - root - INFO - train roc_auc, 0.8893
2025-10-08 06:33:00,480 - root - INFO - validate loss: 0.3017
2025-10-08 06:33:00,480 - root - INFO - validate average_precision, 0.9638
2025-10-08 06:33:00,480 - root - INFO - validate roc_auc, 0.9507
2025-10-08 06:33:00,480 - root - INFO - new node validate loss: 0.3919
2025-10-08 06:33:00,481 - root - INFO - new node validate average_precision, 0.9265
2025-10-08 06:33:00,481 - root - INFO - new node validate roc_auc, 0.9081
2025-10-08 06:33:00,486 - root - INFO - save model ./saved_models/DyGMamba/wikipedia/DyGMamba_mercer_seed1/DyGMamba_mercer_seed1.pkl
2025-10-08 06:33:00,506 - root - INFO - load model ./saved_models/DyGMamba/wikipedia/DyGMamba_mercer_seed1/DyGMamba_mercer_seed1.pkl
2025-10-08 06:33:00,521 - root - INFO - get final performance on dataset wikipedia...
2025-10-08 06:33:02,935 - root - INFO - validate loss: 0.3017
2025-10-08 06:33:02,935 - root - INFO - validate average_precision, 0.9638
2025-10-08 06:33:02,936 - root - INFO - validate roc_auc, 0.9507
2025-10-08 06:33:02,936 - root - INFO - new node validate loss: 0.3919
2025-10-08 06:33:02,936 - root - INFO - new node validate average_precision, 0.9265
2025-10-08 06:33:02,936 - root - INFO - new node validate roc_auc, 0.9081
2025-10-08 06:33:02,936 - root - INFO - test loss: 0.2873
2025-10-08 06:33:02,936 - root - INFO - test average_precision, 0.9648
2025-10-08 06:33:02,936 - root - INFO - test roc_auc, 0.9549
2025-10-08 06:33:02,936 - root - INFO - new node test loss: 0.3309
2025-10-08 06:33:02,936 - root - INFO - new node test average_precision, 0.9506
2025-10-08 06:33:02,936 - root - INFO - new node test roc_auc, 0.9391
2025-10-08 06:33:02,945 - root - INFO - ✅ Metrics saved to: ./saved_metrics/DyGMamba/wikipedia/DyGMamba_mercer_seed1
2025-10-08 06:33:02,945 - root - INFO - Run 2 cost 12.80 seconds.
2025-10-08 06:33:02,948 - root - INFO - metrics over 2 runs:
2025-10-08 06:33:02,948 - root - INFO - validate average_precision, [np.float64(0.9458590235647185), np.float64(0.9637642448070275)]
2025-10-08 06:33:02,949 - root - INFO - average validate average_precision, 0.9548 ± 0.0127
2025-10-08 06:33:02,949 - root - INFO - validate roc_auc, [np.float64(0.919657591088998), np.float64(0.9507255604987638)]
2025-10-08 06:33:02,949 - root - INFO - average validate roc_auc, 0.9352 ± 0.0220
2025-10-08 06:33:02,949 - root - INFO - new node validate average_precision, [np.float64(0.8890748817384406), np.float64(0.9265198915784261)]
2025-10-08 06:33:02,949 - root - INFO - average new node validate average_precision, 0.9078 ± 0.0265
2025-10-08 06:33:02,949 - root - INFO - new node validate roc_auc, [np.float64(0.8319814537419652), np.float64(0.9080722365702478)]
2025-10-08 06:33:02,949 - root - INFO - average new node validate roc_auc, 0.8700 ± 0.0538
2025-10-08 06:33:02,949 - root - INFO - test average_precision, [np.float64(0.9477659814468078), np.float64(0.9648230254939962)]
2025-10-08 06:33:02,949 - root - INFO - average test average_precision, 0.9563 ± 0.0121
2025-10-08 06:33:02,949 - root - INFO - test roc_auc, [np.float64(0.9252558886709807), np.float64(0.954894604547582)]
2025-10-08 06:33:02,949 - root - INFO - average test roc_auc, 0.9401 ± 0.0210
2025-10-08 06:33:02,950 - root - INFO - new node test average_precision, [np.float64(0.9276641466467138), np.float64(0.9505695060103737)]
2025-10-08 06:33:02,950 - root - INFO - average new node test average_precision, 0.9391 ± 0.0162
2025-10-08 06:33:02,950 - root - INFO - new node test roc_auc, [np.float64(0.888218475558266), np.float64(0.9391199052355038)]
2025-10-08 06:33:02,950 - root - INFO - average new node test roc_auc, 0.9137 ± 0.0360
