2025-10-08 13:03:16,563 - root - INFO - ********** Run 2 starts. **********
2025-10-08 13:03:16,563 - root - INFO - configuration is Namespace(dataset_name='uci', batch_size=200, model_name='DyGMamba', gpu=0, num_neighbors=20, sample_neighbor_strategy='uniform', time_scaling_factor=1e-06, num_walk_heads=8, num_heads=2, num_layers=2, walk_length=1, time_gap=2000, time_feat_dim=100, position_feat_dim=172, time_window_mode='fixed_proportion', time_encoder_type='lete', expert_dim=128, num_mixtures=16, sort_neighbors_by_time=False, patch_size=1, channel_embedding_dim=50, max_input_sequence_length=32, learning_rate=0.0001, dropout=0.1, gamma=0.5, num_epochs=2, optimizer='Adam', weight_decay=0.0, patience=20, val_ratio=0.15, test_ratio=0.15, num_runs=2, test_interval_epochs=1, negative_sample_strategy='random', max_interaction_times=5, load_best_configs=True, data_ratio=0.05, seed=1, save_model_name_suffix='', ablation_dir='', mamba_d_state=256, mamba_d_conv=4, mamba_expand=2, mamba_headdim=64, resume_from_checkpoint=None, save_checkpoints=True, checkpoint_interval=20, start_from_seed=0, max_checkpoints_to_keep=3, checkpoint_strategy='minimal', validate_checkpoints=True, device='cuda:0', save_model_name='DyGMamba_lete_seed1')
2025-10-08 13:03:16,565 - root - INFO - Metrics will be saved to: ./saved_metrics/DyGMamba/uci/DyGMamba_lete_seed1
2025-10-08 13:03:16,567 - root - INFO - time encoder type: lete
2025-10-08 13:03:16,567 - root - INFO - Time encoder will be injected into DyGMamba model
2025-10-08 13:03:16,593 - root - INFO - model -> Sequential(
  (0): DyGMamba(
    (time_encoder): TimeEncoderWrapper(
      (encoder): LeTE(
        (w1_fourier): Linear(in_features=1, out_features=50, bias=True)
        (w2_fourier): FourierSeries()
        (w1_spline): Linear(in_features=1, out_features=50, bias=True)
        (w2_spline): Spline()
        (layernorm): LayerNorm((100,), eps=1e-05, elementwise_affine=True)
      )
    )
    (neighbor_co_occurrence_encoder): NIFEncoder(
      (nif_encode_layer): Sequential(
        (0): Linear(in_features=1, out_features=50, bias=True)
        (1): ReLU()
        (2): Linear(in_features=50, out_features=50, bias=True)
      )
    )
    (projection_layer): ModuleDict(
      (node): Linear(in_features=172, out_features=50, bias=True)
      (edge): Linear(in_features=172, out_features=50, bias=True)
      (time): Linear(in_features=100, out_features=50, bias=True)
      (neighbor_co_occurrence): Linear(in_features=50, out_features=50, bias=True)
    )
    (output_layer): Linear(in_features=100, out_features=172, bias=True)
    (output_layer_t_diff): Linear(in_features=25, out_features=172, bias=True)
    (mamba): ModuleList(
      (0-1): 2 x Mamba(
        (in_proj): Linear(in_features=100, out_features=200, bias=False)
        (conv1d): Conv1d(100, 100, kernel_size=(4,), stride=(1,), padding=(3,), groups=100)
        (act): SiLU()
        (x_proj): Linear(in_features=100, out_features=39, bias=False)
        (dt_proj): Linear(in_features=7, out_features=100, bias=True)
        (out_proj): Linear(in_features=100, out_features=100, bias=False)
      )
    )
    (mamba_t_diff): ModuleList(
      (0-1): 2 x Mamba(
        (in_proj): Linear(in_features=25, out_features=50, bias=False)
        (conv1d): Conv1d(25, 25, kernel_size=(4,), stride=(1,), padding=(3,), groups=25)
        (act): SiLU()
        (x_proj): Linear(in_features=25, out_features=34, bias=False)
        (dt_proj): Linear(in_features=2, out_features=25, bias=True)
        (out_proj): Linear(in_features=25, out_features=25, bias=False)
      )
    )
    (projection_layer_t_diff): Linear(in_features=100, out_features=25, bias=True)
    (projection_layer_t_diff_up): Linear(in_features=25, out_features=100, bias=True)
    (weightagg): Linear(in_features=100, out_features=1, bias=True)
    (reduce_layer): Linear(in_features=200, out_features=100, bias=True)
    (channel_norm): LayerNorm((100,), eps=1e-05, elementwise_affine=True)
    (channel_feedforward): FeedForwardNet(
      (ffn): Sequential(
        (0): Linear(in_features=100, out_features=400, bias=True)
        (1): GELU(approximate='none')
        (2): Dropout(p=0.1, inplace=False)
        (3): Linear(in_features=400, out_features=100, bias=True)
        (4): Dropout(p=0.1, inplace=False)
      )
    )
    (neighbor_selection_layer): Linear(in_features=100, out_features=100, bias=True)
  )
  (1): MergeLayerTD(
    (fc1): Linear(in_features=516, out_features=172, bias=True)
    (fc2): Linear(in_features=172, out_features=1, bias=True)
    (act): ReLU()
  )
)
2025-10-08 13:03:16,594 - root - INFO - model name: DyGMamba, #parameters: 1346140 B, 1314.58984375 KB, 1.2837791442871094 MB.
2025-10-08 13:03:18,507 - root - INFO - Epoch: 1, learning rate: 0.0001, train loss: 0.6773
2025-10-08 13:03:18,507 - root - INFO - train average_precision, 0.6971
2025-10-08 13:03:18,507 - root - INFO - train roc_auc, 0.6626
2025-10-08 13:03:18,507 - root - INFO - validate loss: 0.6333
2025-10-08 13:03:18,507 - root - INFO - validate average_precision, 0.8833
2025-10-08 13:03:18,507 - root - INFO - validate roc_auc, 0.8524
2025-10-08 13:03:18,508 - root - INFO - new node validate loss: 0.6585
2025-10-08 13:03:18,508 - root - INFO - new node validate average_precision, 0.7565
2025-10-08 13:03:18,508 - root - INFO - new node validate roc_auc, 0.7170
2025-10-08 13:03:19,025 - root - INFO - test loss: 0.6521
2025-10-08 13:03:19,025 - root - INFO - test average_precision, 0.8302
2025-10-08 13:03:19,025 - root - INFO - best test average_precision: 0.8302
2025-10-08 13:03:19,025 - root - INFO - test roc_auc, 0.8096
2025-10-08 13:03:19,025 - root - INFO - new node test loss: 0.6581
2025-10-08 13:03:19,025 - root - INFO - new node test average_precision, 0.8124
2025-10-08 13:03:19,025 - root - INFO - new node test roc_auc, 0.7820
2025-10-08 13:03:19,031 - root - INFO - save model ./saved_models/DyGMamba/uci/DyGMamba_lete_seed1/DyGMamba_lete_seed1.pkl
2025-10-08 13:03:20,988 - root - INFO - Epoch: 2, learning rate: 0.0001, train loss: 0.6484
2025-10-08 13:03:20,988 - root - INFO - train average_precision, 0.7934
2025-10-08 13:03:20,988 - root - INFO - train roc_auc, 0.7631
2025-10-08 13:03:20,988 - root - INFO - validate loss: 0.6055
2025-10-08 13:03:20,988 - root - INFO - validate average_precision, 0.8877
2025-10-08 13:03:20,988 - root - INFO - validate roc_auc, 0.8580
2025-10-08 13:03:20,988 - root - INFO - new node validate loss: 0.6522
2025-10-08 13:03:20,988 - root - INFO - new node validate average_precision, 0.7353
2025-10-08 13:03:20,989 - root - INFO - new node validate roc_auc, 0.6871
2025-10-08 13:03:21,504 - root - INFO - test loss: 0.6406
2025-10-08 13:03:21,504 - root - INFO - test average_precision, 0.7842
2025-10-08 13:03:21,504 - root - INFO - best test average_precision: 0.8302
2025-10-08 13:03:21,504 - root - INFO - test roc_auc, 0.7413
2025-10-08 13:03:21,504 - root - INFO - new node test loss: 0.6568
2025-10-08 13:03:21,505 - root - INFO - new node test average_precision, 0.7088
2025-10-08 13:03:21,505 - root - INFO - new node test roc_auc, 0.6797
2025-10-08 13:03:21,508 - root - INFO - save model ./saved_models/DyGMamba/uci/DyGMamba_lete_seed1/DyGMamba_lete_seed1.pkl
2025-10-08 13:03:21,529 - root - INFO - load model ./saved_models/DyGMamba/uci/DyGMamba_lete_seed1/DyGMamba_lete_seed1.pkl
2025-10-08 13:03:21,542 - root - INFO - get final performance on dataset uci...
2025-10-08 13:03:22,452 - root - INFO - validate loss: 0.6055
2025-10-08 13:03:22,452 - root - INFO - validate average_precision, 0.8877
2025-10-08 13:03:22,452 - root - INFO - validate roc_auc, 0.8580
2025-10-08 13:03:22,452 - root - INFO - new node validate loss: 0.6522
2025-10-08 13:03:22,452 - root - INFO - new node validate average_precision, 0.7353
2025-10-08 13:03:22,452 - root - INFO - new node validate roc_auc, 0.6871
2025-10-08 13:03:22,452 - root - INFO - test loss: 0.6406
2025-10-08 13:03:22,452 - root - INFO - test average_precision, 0.7842
2025-10-08 13:03:22,452 - root - INFO - test roc_auc, 0.7413
2025-10-08 13:03:22,452 - root - INFO - new node test loss: 0.6568
2025-10-08 13:03:22,452 - root - INFO - new node test average_precision, 0.7088
2025-10-08 13:03:22,452 - root - INFO - new node test roc_auc, 0.6797
2025-10-08 13:03:22,461 - root - INFO - ✅ Metrics saved to: ./saved_metrics/DyGMamba/uci/DyGMamba_lete_seed1
2025-10-08 13:03:22,461 - root - INFO - Run 2 cost 5.90 seconds.
2025-10-08 13:03:22,464 - root - INFO - metrics over 2 runs:
2025-10-08 13:03:22,464 - root - INFO - validate average_precision, [np.float64(0.8572164707045875), np.float64(0.8876721876338144)]
2025-10-08 13:03:22,464 - root - INFO - average validate average_precision, 0.8724 ± 0.0215
2025-10-08 13:03:22,464 - root - INFO - validate roc_auc, [np.float64(0.8313590277777777), np.float64(0.8579708333333333)]
2025-10-08 13:03:22,464 - root - INFO - average validate roc_auc, 0.8447 ± 0.0188
2025-10-08 13:03:22,464 - root - INFO - new node validate average_precision, [np.float64(0.7126136160328627), np.float64(0.7352572618539892)]
2025-10-08 13:03:22,464 - root - INFO - average new node validate average_precision, 0.7239 ± 0.0160
2025-10-08 13:03:22,464 - root - INFO - new node validate roc_auc, [np.float64(0.6652222222222223), np.float64(0.6871333333333333)]
2025-10-08 13:03:22,464 - root - INFO - average new node validate roc_auc, 0.6762 ± 0.0155
2025-10-08 13:03:22,464 - root - INFO - test average_precision, [np.float64(0.786439602019974), np.float64(0.7842187897689333)]
2025-10-08 13:03:22,465 - root - INFO - average test average_precision, 0.7853 ± 0.0016
2025-10-08 13:03:22,465 - root - INFO - test roc_auc, [np.float64(0.7489248698458976), np.float64(0.7412863268776899)]
2025-10-08 13:03:22,465 - root - INFO - average test roc_auc, 0.7451 ± 0.0054
2025-10-08 13:03:22,465 - root - INFO - new node test average_precision, [np.float64(0.7330740935412844), np.float64(0.7087729035794778)]
2025-10-08 13:03:22,465 - root - INFO - average new node test average_precision, 0.7209 ± 0.0172
2025-10-08 13:03:22,465 - root - INFO - new node test roc_auc, [np.float64(0.6974555555555555), np.float64(0.6797152777777777)]
2025-10-08 13:03:22,465 - root - INFO - average new node test roc_auc, 0.6886 ± 0.0125
