2025-10-02 11:20:08,563 - root - INFO - ********** Run 3 starts. **********
2025-10-02 11:20:08,563 - root - INFO - configuration is Namespace(dataset_name='reddit', batch_size=200, model_name='JODIE', gpu=0, num_neighbors=10, sample_neighbor_strategy='uniform', time_scaling_factor=1e-06, num_walk_heads=8, num_heads=2, num_layers=1, walk_length=1, time_gap=2000, time_feat_dim=128, position_feat_dim=172, time_window_mode='fixed_proportion', time_encoder_type='time2vec', expert_dim=64, num_mixtures=4, patch_size=1, channel_embedding_dim=50, max_input_sequence_length=32, learning_rate=0.0001, dropout=0.1, gamma=0.5, num_epochs=100, optimizer='Adam', weight_decay=0.0, patience=20, val_ratio=0.15, test_ratio=0.15, num_runs=5, test_interval_epochs=1, negative_sample_strategy='random', max_interaction_times=10, load_best_configs=True, device='cuda:0', seed=2, save_model_name='JODIE_time2vec_seed2')
2025-10-02 11:20:08,564 - root - INFO - time encoder type: time2vec
2025-10-02 11:20:09,199 - root - INFO - model -> Sequential(
  (0): MemoryModel(
    (time_encoder): TimeEncoder(
      (w): Linear(in_features=1, out_features=128, bias=True)
    )
    (message_aggregator): MessageAggregator()
    (memory_bank): MemoryBank(num_nodes=10985, memory_dim=172)
    (memory_updater): RNNMemoryUpdater(
      (memory_bank): MemoryBank(num_nodes=10985, memory_dim=172)
      (memory_updater): RNNCell(644, 172)
    )
    (embedding_module): TimeProjectionEmbedding(
      (dropout): Dropout(p=0.1, inplace=False)
      (linear_layer): Linear(in_features=1, out_features=172, bias=True)
    )
  )
  (1): MergeLayer(
    (fc1): Linear(in_features=344, out_features=172, bias=True)
    (fc2): Linear(in_features=172, out_features=1, bias=True)
    (act): ReLU()
  )
)
2025-10-02 11:20:09,200 - root - INFO - model name: JODIE, #parameters: 803236 B, 784.41015625 KB, 0.7660255432128906 MB.
2025-10-02 11:22:01,341 - root - INFO - Epoch: 1, learning rate: 0.0001, train loss: 0.2967
2025-10-02 11:22:01,342 - root - INFO - train average_precision, 0.9408
2025-10-02 11:22:01,342 - root - INFO - train roc_auc, 0.9437
2025-10-02 11:22:01,342 - root - INFO - validate loss: 0.2474
2025-10-02 11:22:01,342 - root - INFO - validate average_precision, 0.9657
2025-10-02 11:22:01,342 - root - INFO - validate roc_auc, 0.9651
2025-10-02 11:22:01,342 - root - INFO - new node validate loss: 0.4149
2025-10-02 11:22:01,342 - root - INFO - new node validate average_precision, 0.9098
2025-10-02 11:22:01,342 - root - INFO - new node validate roc_auc, 0.9031
2025-10-02 11:22:21,472 - root - INFO - test loss: 0.2533
2025-10-02 11:22:21,472 - root - INFO - test average_precision, 0.9638
2025-10-02 11:22:21,472 - root - INFO - best test average_precision: 0.9638
2025-10-02 11:22:21,472 - root - INFO - test roc_auc, 0.9642
2025-10-02 11:22:21,472 - root - INFO - new node test loss: 0.3297
2025-10-02 11:22:21,473 - root - INFO - new node test average_precision, 0.9427
2025-10-02 11:22:21,473 - root - INFO - new node test roc_auc, 0.9409
2025-10-02 11:22:21,473 - root - INFO - save model ./saved_models/JODIE/reddit/JODIE_time2vec_seed2/JODIE_time2vec_seed2.pkl
2025-10-02 11:24:14,261 - root - INFO - Epoch: 2, learning rate: 0.0001, train loss: 0.2250
2025-10-02 11:24:14,262 - root - INFO - train average_precision, 0.9682
2025-10-02 11:24:14,262 - root - INFO - train roc_auc, 0.9680
2025-10-02 11:24:14,262 - root - INFO - validate loss: 0.2372
2025-10-02 11:24:14,262 - root - INFO - validate average_precision, 0.9694
2025-10-02 11:24:14,262 - root - INFO - validate roc_auc, 0.9689
2025-10-02 11:24:14,262 - root - INFO - new node validate loss: 0.3974
2025-10-02 11:24:14,263 - root - INFO - new node validate average_precision, 0.9174
2025-10-02 11:24:14,263 - root - INFO - new node validate roc_auc, 0.9095
2025-10-02 11:24:34,325 - root - INFO - test loss: 0.2688
2025-10-02 11:24:34,325 - root - INFO - test average_precision, 0.9661
2025-10-02 11:24:34,325 - root - INFO - best test average_precision: 0.9661
2025-10-02 11:24:34,325 - root - INFO - test roc_auc, 0.9657
2025-10-02 11:24:34,325 - root - INFO - new node test loss: 0.3505
2025-10-02 11:24:34,325 - root - INFO - new node test average_precision, 0.9406
2025-10-02 11:24:34,325 - root - INFO - new node test roc_auc, 0.9366
2025-10-02 11:24:34,326 - root - INFO - save model ./saved_models/JODIE/reddit/JODIE_time2vec_seed2/JODIE_time2vec_seed2.pkl
2025-10-02 11:26:28,074 - root - INFO - Epoch: 3, learning rate: 0.0001, train loss: 0.2133
2025-10-02 11:26:28,074 - root - INFO - train average_precision, 0.9716
2025-10-02 11:26:28,075 - root - INFO - train roc_auc, 0.9712
2025-10-02 11:26:28,075 - root - INFO - validate loss: 0.2073
2025-10-02 11:26:28,075 - root - INFO - validate average_precision, 0.9744
2025-10-02 11:26:28,075 - root - INFO - validate roc_auc, 0.9741
2025-10-02 11:26:28,075 - root - INFO - new node validate loss: 0.3689
2025-10-02 11:26:28,075 - root - INFO - new node validate average_precision, 0.9274
2025-10-02 11:26:28,075 - root - INFO - new node validate roc_auc, 0.9225
2025-10-02 11:26:47,975 - root - INFO - test loss: 0.2140
2025-10-02 11:26:47,976 - root - INFO - test average_precision, 0.9731
2025-10-02 11:26:47,976 - root - INFO - best test average_precision: 0.9731
2025-10-02 11:26:47,976 - root - INFO - test roc_auc, 0.9728
2025-10-02 11:26:47,976 - root - INFO - new node test loss: 0.3014
2025-10-02 11:26:47,976 - root - INFO - new node test average_precision, 0.9481
2025-10-02 11:26:47,976 - root - INFO - new node test roc_auc, 0.9479
2025-10-02 11:26:47,976 - root - INFO - save model ./saved_models/JODIE/reddit/JODIE_time2vec_seed2/JODIE_time2vec_seed2.pkl
2025-10-02 11:28:41,262 - root - INFO - Epoch: 4, learning rate: 0.0001, train loss: 0.2065
2025-10-02 11:28:41,263 - root - INFO - train average_precision, 0.9732
2025-10-02 11:28:41,263 - root - INFO - train roc_auc, 0.9730
2025-10-02 11:28:41,263 - root - INFO - validate loss: 0.2021
2025-10-02 11:28:41,264 - root - INFO - validate average_precision, 0.9753
2025-10-02 11:28:41,264 - root - INFO - validate roc_auc, 0.9752
2025-10-02 11:28:41,264 - root - INFO - new node validate loss: 0.3480
2025-10-02 11:28:41,264 - root - INFO - new node validate average_precision, 0.9325
2025-10-02 11:28:41,264 - root - INFO - new node validate roc_auc, 0.9278
2025-10-02 11:29:01,481 - root - INFO - test loss: 0.1996
2025-10-02 11:29:01,482 - root - INFO - test average_precision, 0.9758
2025-10-02 11:29:01,482 - root - INFO - best test average_precision: 0.9758
2025-10-02 11:29:01,482 - root - INFO - test roc_auc, 0.9759
2025-10-02 11:29:01,482 - root - INFO - new node test loss: 0.2784
2025-10-02 11:29:01,482 - root - INFO - new node test average_precision, 0.9538
2025-10-02 11:29:01,482 - root - INFO - new node test roc_auc, 0.9544
2025-10-02 11:29:01,482 - root - INFO - save model ./saved_models/JODIE/reddit/JODIE_time2vec_seed2/JODIE_time2vec_seed2.pkl
2025-10-02 11:30:54,414 - root - INFO - Epoch: 5, learning rate: 0.0001, train loss: 0.2025
2025-10-02 11:30:54,414 - root - INFO - train average_precision, 0.9742
2025-10-02 11:30:54,415 - root - INFO - train roc_auc, 0.9739
2025-10-02 11:30:54,415 - root - INFO - validate loss: 0.2034
2025-10-02 11:30:54,415 - root - INFO - validate average_precision, 0.9761
2025-10-02 11:30:54,415 - root - INFO - validate roc_auc, 0.9758
2025-10-02 11:30:54,415 - root - INFO - new node validate loss: 0.3497
2025-10-02 11:30:54,415 - root - INFO - new node validate average_precision, 0.9321
2025-10-02 11:30:54,415 - root - INFO - new node validate roc_auc, 0.9263
2025-10-02 11:31:14,279 - root - INFO - test loss: 0.2055
2025-10-02 11:31:14,279 - root - INFO - test average_precision, 0.9765
2025-10-02 11:31:14,279 - root - INFO - best test average_precision: 0.9765
2025-10-02 11:31:14,279 - root - INFO - test roc_auc, 0.9761
2025-10-02 11:31:14,279 - root - INFO - new node test loss: 0.2851
2025-10-02 11:31:14,280 - root - INFO - new node test average_precision, 0.9534
2025-10-02 11:31:14,280 - root - INFO - new node test roc_auc, 0.9520
2025-10-02 11:31:14,280 - root - INFO - save model ./saved_models/JODIE/reddit/JODIE_time2vec_seed2/JODIE_time2vec_seed2.pkl
2025-10-02 11:33:06,834 - root - INFO - Epoch: 6, learning rate: 0.0001, train loss: 0.2009
2025-10-02 11:33:06,835 - root - INFO - train average_precision, 0.9746
2025-10-02 11:33:06,835 - root - INFO - train roc_auc, 0.9743
2025-10-02 11:33:06,835 - root - INFO - validate loss: 0.2019
2025-10-02 11:33:06,836 - root - INFO - validate average_precision, 0.9756
2025-10-02 11:33:06,836 - root - INFO - validate roc_auc, 0.9754
2025-10-02 11:33:06,836 - root - INFO - new node validate loss: 0.3443
2025-10-02 11:33:06,836 - root - INFO - new node validate average_precision, 0.9334
2025-10-02 11:33:06,836 - root - INFO - new node validate roc_auc, 0.9285
2025-10-02 11:33:26,990 - root - INFO - test loss: 0.2109
2025-10-02 11:33:26,991 - root - INFO - test average_precision, 0.9726
2025-10-02 11:33:26,991 - root - INFO - best test average_precision: 0.9765
2025-10-02 11:33:26,991 - root - INFO - test roc_auc, 0.9732
2025-10-02 11:33:26,991 - root - INFO - new node test loss: 0.2775
2025-10-02 11:33:26,991 - root - INFO - new node test average_precision, 0.9529
2025-10-02 11:33:26,991 - root - INFO - new node test roc_auc, 0.9538
2025-10-02 11:35:18,582 - root - INFO - Epoch: 7, learning rate: 0.0001, train loss: 0.1980
2025-10-02 11:35:18,583 - root - INFO - train average_precision, 0.9752
2025-10-02 11:35:18,583 - root - INFO - train roc_auc, 0.9750
2025-10-02 11:35:18,583 - root - INFO - validate loss: 0.1933
2025-10-02 11:35:18,583 - root - INFO - validate average_precision, 0.9775
2025-10-02 11:35:18,583 - root - INFO - validate roc_auc, 0.9772
2025-10-02 11:35:18,583 - root - INFO - new node validate loss: 0.3534
2025-10-02 11:35:18,584 - root - INFO - new node validate average_precision, 0.9309
2025-10-02 11:35:18,584 - root - INFO - new node validate roc_auc, 0.9258
2025-10-02 11:35:38,526 - root - INFO - test loss: 0.1899
2025-10-02 11:35:38,527 - root - INFO - test average_precision, 0.9783
2025-10-02 11:35:38,527 - root - INFO - best test average_precision: 0.9783
2025-10-02 11:35:38,527 - root - INFO - test roc_auc, 0.9781
2025-10-02 11:35:38,527 - root - INFO - new node test loss: 0.2758
2025-10-02 11:35:38,527 - root - INFO - new node test average_precision, 0.9560
2025-10-02 11:35:38,527 - root - INFO - new node test roc_auc, 0.9559
2025-10-02 11:35:38,527 - root - INFO - save model ./saved_models/JODIE/reddit/JODIE_time2vec_seed2/JODIE_time2vec_seed2.pkl
2025-10-02 11:37:31,402 - root - INFO - Epoch: 8, learning rate: 0.0001, train loss: 0.1951
2025-10-02 11:37:31,403 - root - INFO - train average_precision, 0.9758
2025-10-02 11:37:31,403 - root - INFO - train roc_auc, 0.9756
2025-10-02 11:37:31,403 - root - INFO - validate loss: 0.1931
2025-10-02 11:37:31,404 - root - INFO - validate average_precision, 0.9778
2025-10-02 11:37:31,404 - root - INFO - validate roc_auc, 0.9774
2025-10-02 11:37:31,404 - root - INFO - new node validate loss: 0.3465
2025-10-02 11:37:31,404 - root - INFO - new node validate average_precision, 0.9327
2025-10-02 11:37:31,404 - root - INFO - new node validate roc_auc, 0.9280
2025-10-02 11:37:51,328 - root - INFO - test loss: 0.1906
2025-10-02 11:37:51,328 - root - INFO - test average_precision, 0.9787
2025-10-02 11:37:51,328 - root - INFO - best test average_precision: 0.9787
2025-10-02 11:37:51,328 - root - INFO - test roc_auc, 0.9783
2025-10-02 11:37:51,329 - root - INFO - new node test loss: 0.2633
2025-10-02 11:37:51,329 - root - INFO - new node test average_precision, 0.9588
2025-10-02 11:37:51,329 - root - INFO - new node test roc_auc, 0.9592
2025-10-02 11:37:51,329 - root - INFO - save model ./saved_models/JODIE/reddit/JODIE_time2vec_seed2/JODIE_time2vec_seed2.pkl
2025-10-02 11:39:44,204 - root - INFO - Epoch: 9, learning rate: 0.0001, train loss: 0.1933
2025-10-02 11:39:44,205 - root - INFO - train average_precision, 0.9763
2025-10-02 11:39:44,205 - root - INFO - train roc_auc, 0.9760
2025-10-02 11:39:44,205 - root - INFO - validate loss: 0.1923
2025-10-02 11:39:44,205 - root - INFO - validate average_precision, 0.9782
2025-10-02 11:39:44,205 - root - INFO - validate roc_auc, 0.9778
2025-10-02 11:39:44,205 - root - INFO - new node validate loss: 0.3430
2025-10-02 11:39:44,205 - root - INFO - new node validate average_precision, 0.9345
2025-10-02 11:39:44,206 - root - INFO - new node validate roc_auc, 0.9294
2025-10-02 11:40:04,038 - root - INFO - test loss: 0.1908
2025-10-02 11:40:04,039 - root - INFO - test average_precision, 0.9789
2025-10-02 11:40:04,039 - root - INFO - best test average_precision: 0.9789
2025-10-02 11:40:04,039 - root - INFO - test roc_auc, 0.9785
2025-10-02 11:40:04,039 - root - INFO - new node test loss: 0.2680
2025-10-02 11:40:04,039 - root - INFO - new node test average_precision, 0.9589
2025-10-02 11:40:04,039 - root - INFO - new node test roc_auc, 0.9584
2025-10-02 11:40:04,039 - root - INFO - save model ./saved_models/JODIE/reddit/JODIE_time2vec_seed2/JODIE_time2vec_seed2.pkl
2025-10-02 11:41:56,879 - root - INFO - Epoch: 10, learning rate: 0.0001, train loss: 0.1908
2025-10-02 11:41:56,880 - root - INFO - train average_precision, 0.9770
2025-10-02 11:41:56,880 - root - INFO - train roc_auc, 0.9767
2025-10-02 11:41:56,880 - root - INFO - validate loss: 0.1965
2025-10-02 11:41:56,880 - root - INFO - validate average_precision, 0.9773
2025-10-02 11:41:56,880 - root - INFO - validate roc_auc, 0.9767
2025-10-02 11:41:56,881 - root - INFO - new node validate loss: 0.3559
2025-10-02 11:41:56,881 - root - INFO - new node validate average_precision, 0.9305
2025-10-02 11:41:56,881 - root - INFO - new node validate roc_auc, 0.9246
2025-10-02 11:42:17,045 - root - INFO - test loss: 0.2033
2025-10-02 11:42:17,045 - root - INFO - test average_precision, 0.9765
2025-10-02 11:42:17,045 - root - INFO - best test average_precision: 0.9789
2025-10-02 11:42:17,046 - root - INFO - test roc_auc, 0.9758
2025-10-02 11:42:17,046 - root - INFO - new node test loss: 0.2772
2025-10-02 11:42:17,046 - root - INFO - new node test average_precision, 0.9561
2025-10-02 11:42:17,046 - root - INFO - new node test roc_auc, 0.9547
2025-10-02 11:44:08,436 - root - INFO - Epoch: 11, learning rate: 0.0001, train loss: 0.1890
2025-10-02 11:44:08,437 - root - INFO - train average_precision, 0.9774
2025-10-02 11:44:08,437 - root - INFO - train roc_auc, 0.9771
2025-10-02 11:44:08,437 - root - INFO - validate loss: 0.1910
2025-10-02 11:44:08,437 - root - INFO - validate average_precision, 0.9783
2025-10-02 11:44:08,437 - root - INFO - validate roc_auc, 0.9779
2025-10-02 11:44:08,437 - root - INFO - new node validate loss: 0.3408
2025-10-02 11:44:08,438 - root - INFO - new node validate average_precision, 0.9341
2025-10-02 11:44:08,438 - root - INFO - new node validate roc_auc, 0.9289
2025-10-02 11:44:28,245 - root - INFO - test loss: 0.1919
2025-10-02 11:44:28,245 - root - INFO - test average_precision, 0.9782
2025-10-02 11:44:28,245 - root - INFO - best test average_precision: 0.9789
2025-10-02 11:44:28,245 - root - INFO - test roc_auc, 0.9780
2025-10-02 11:44:28,245 - root - INFO - new node test loss: 0.2533
2025-10-02 11:44:28,245 - root - INFO - new node test average_precision, 0.9617
2025-10-02 11:44:28,245 - root - INFO - new node test roc_auc, 0.9617
2025-10-02 11:44:28,246 - root - INFO - save model ./saved_models/JODIE/reddit/JODIE_time2vec_seed2/JODIE_time2vec_seed2.pkl
2025-10-02 11:46:21,037 - root - INFO - Epoch: 12, learning rate: 0.0001, train loss: 0.1870
2025-10-02 11:46:21,038 - root - INFO - train average_precision, 0.9778
2025-10-02 11:46:21,038 - root - INFO - train roc_auc, 0.9776
2025-10-02 11:46:21,038 - root - INFO - validate loss: 0.1933
2025-10-02 11:46:21,038 - root - INFO - validate average_precision, 0.9779
2025-10-02 11:46:21,038 - root - INFO - validate roc_auc, 0.9777
2025-10-02 11:46:21,039 - root - INFO - new node validate loss: 0.3410
2025-10-02 11:46:21,039 - root - INFO - new node validate average_precision, 0.9350
2025-10-02 11:46:21,039 - root - INFO - new node validate roc_auc, 0.9299
2025-10-02 11:46:41,156 - root - INFO - test loss: 0.2026
2025-10-02 11:46:41,156 - root - INFO - test average_precision, 0.9766
2025-10-02 11:46:41,156 - root - INFO - best test average_precision: 0.9789
2025-10-02 11:46:41,156 - root - INFO - test roc_auc, 0.9766
2025-10-02 11:46:41,156 - root - INFO - new node test loss: 0.2657
2025-10-02 11:46:41,156 - root - INFO - new node test average_precision, 0.9562
2025-10-02 11:46:41,156 - root - INFO - new node test roc_auc, 0.9573
2025-10-02 11:48:32,472 - root - INFO - Epoch: 13, learning rate: 0.0001, train loss: 0.1854
2025-10-02 11:48:32,473 - root - INFO - train average_precision, 0.9783
2025-10-02 11:48:32,474 - root - INFO - train roc_auc, 0.9779
2025-10-02 11:48:32,474 - root - INFO - validate loss: 0.1882
2025-10-02 11:48:32,474 - root - INFO - validate average_precision, 0.9793
2025-10-02 11:48:32,474 - root - INFO - validate roc_auc, 0.9787
2025-10-02 11:48:32,474 - root - INFO - new node validate loss: 0.3345
2025-10-02 11:48:32,474 - root - INFO - new node validate average_precision, 0.9376
2025-10-02 11:48:32,474 - root - INFO - new node validate roc_auc, 0.9319
2025-10-02 11:48:52,317 - root - INFO - test loss: 0.1875
2025-10-02 11:48:52,318 - root - INFO - test average_precision, 0.9798
2025-10-02 11:48:52,318 - root - INFO - best test average_precision: 0.9798
2025-10-02 11:48:52,318 - root - INFO - test roc_auc, 0.9793
2025-10-02 11:48:52,318 - root - INFO - new node test loss: 0.2510
2025-10-02 11:48:52,318 - root - INFO - new node test average_precision, 0.9629
2025-10-02 11:48:52,318 - root - INFO - new node test roc_auc, 0.9624
2025-10-02 11:48:52,318 - root - INFO - save model ./saved_models/JODIE/reddit/JODIE_time2vec_seed2/JODIE_time2vec_seed2.pkl
2025-10-02 11:50:45,114 - root - INFO - Epoch: 14, learning rate: 0.0001, train loss: 0.1833
2025-10-02 11:50:45,115 - root - INFO - train average_precision, 0.9788
2025-10-02 11:50:45,115 - root - INFO - train roc_auc, 0.9784
2025-10-02 11:50:45,115 - root - INFO - validate loss: 0.1824
2025-10-02 11:50:45,116 - root - INFO - validate average_precision, 0.9802
2025-10-02 11:50:45,116 - root - INFO - validate roc_auc, 0.9797
2025-10-02 11:50:45,116 - root - INFO - new node validate loss: 0.3375
2025-10-02 11:50:45,116 - root - INFO - new node validate average_precision, 0.9358
2025-10-02 11:50:45,116 - root - INFO - new node validate roc_auc, 0.9312
2025-10-02 11:51:04,974 - root - INFO - test loss: 0.1787
2025-10-02 11:51:04,974 - root - INFO - test average_precision, 0.9810
2025-10-02 11:51:04,974 - root - INFO - best test average_precision: 0.9810
2025-10-02 11:51:04,974 - root - INFO - test roc_auc, 0.9806
2025-10-02 11:51:04,974 - root - INFO - new node test loss: 0.2516
2025-10-02 11:51:04,974 - root - INFO - new node test average_precision, 0.9622
2025-10-02 11:51:04,974 - root - INFO - new node test roc_auc, 0.9627
2025-10-02 11:51:04,975 - root - INFO - save model ./saved_models/JODIE/reddit/JODIE_time2vec_seed2/JODIE_time2vec_seed2.pkl
2025-10-02 11:52:58,083 - root - INFO - Epoch: 15, learning rate: 0.0001, train loss: 0.1838
2025-10-02 11:52:58,084 - root - INFO - train average_precision, 0.9786
2025-10-02 11:52:58,085 - root - INFO - train roc_auc, 0.9783
2025-10-02 11:52:58,085 - root - INFO - validate loss: 0.1812
2025-10-02 11:52:58,085 - root - INFO - validate average_precision, 0.9806
2025-10-02 11:52:58,085 - root - INFO - validate roc_auc, 0.9800
2025-10-02 11:52:58,085 - root - INFO - new node validate loss: 0.3312
2025-10-02 11:52:58,085 - root - INFO - new node validate average_precision, 0.9388
2025-10-02 11:52:58,085 - root - INFO - new node validate roc_auc, 0.9328
2025-10-02 11:53:17,968 - root - INFO - test loss: 0.1773
2025-10-02 11:53:17,968 - root - INFO - test average_precision, 0.9814
2025-10-02 11:53:17,969 - root - INFO - best test average_precision: 0.9814
2025-10-02 11:53:17,969 - root - INFO - test roc_auc, 0.9809
2025-10-02 11:53:17,969 - root - INFO - new node test loss: 0.2534
2025-10-02 11:53:17,969 - root - INFO - new node test average_precision, 0.9621
2025-10-02 11:53:17,969 - root - INFO - new node test roc_auc, 0.9620
2025-10-02 11:53:17,969 - root - INFO - save model ./saved_models/JODIE/reddit/JODIE_time2vec_seed2/JODIE_time2vec_seed2.pkl
2025-10-02 11:55:11,328 - root - INFO - Epoch: 16, learning rate: 0.0001, train loss: 0.1813
2025-10-02 11:55:11,329 - root - INFO - train average_precision, 0.9791
2025-10-02 11:55:11,329 - root - INFO - train roc_auc, 0.9788
2025-10-02 11:55:11,329 - root - INFO - validate loss: 0.1848
2025-10-02 11:55:11,330 - root - INFO - validate average_precision, 0.9798
2025-10-02 11:55:11,330 - root - INFO - validate roc_auc, 0.9793
2025-10-02 11:55:11,330 - root - INFO - new node validate loss: 0.3311
2025-10-02 11:55:11,330 - root - INFO - new node validate average_precision, 0.9390
2025-10-02 11:55:11,330 - root - INFO - new node validate roc_auc, 0.9337
2025-10-02 11:55:31,252 - root - INFO - test loss: 0.1863
2025-10-02 11:55:31,253 - root - INFO - test average_precision, 0.9799
2025-10-02 11:55:31,253 - root - INFO - best test average_precision: 0.9814
2025-10-02 11:55:31,253 - root - INFO - test roc_auc, 0.9793
2025-10-02 11:55:31,253 - root - INFO - new node test loss: 0.2615
2025-10-02 11:55:31,253 - root - INFO - new node test average_precision, 0.9596
2025-10-02 11:55:31,253 - root - INFO - new node test roc_auc, 0.9592
2025-10-02 11:57:23,077 - root - INFO - Epoch: 17, learning rate: 0.0001, train loss: 0.1792
2025-10-02 11:57:23,078 - root - INFO - train average_precision, 0.9796
2025-10-02 11:57:23,078 - root - INFO - train roc_auc, 0.9793
2025-10-02 11:57:23,078 - root - INFO - validate loss: 0.1788
2025-10-02 11:57:23,078 - root - INFO - validate average_precision, 0.9811
2025-10-02 11:57:23,078 - root - INFO - validate roc_auc, 0.9804
2025-10-02 11:57:23,078 - root - INFO - new node validate loss: 0.3413
2025-10-02 11:57:23,078 - root - INFO - new node validate average_precision, 0.9371
2025-10-02 11:57:23,078 - root - INFO - new node validate roc_auc, 0.9315
2025-10-02 11:57:43,078 - root - INFO - test loss: 0.1739
2025-10-02 11:57:43,079 - root - INFO - test average_precision, 0.9821
2025-10-02 11:57:43,079 - root - INFO - best test average_precision: 0.9821
2025-10-02 11:57:43,079 - root - INFO - test roc_auc, 0.9815
2025-10-02 11:57:43,079 - root - INFO - new node test loss: 0.2556
2025-10-02 11:57:43,079 - root - INFO - new node test average_precision, 0.9631
2025-10-02 11:57:43,079 - root - INFO - new node test roc_auc, 0.9627
2025-10-02 11:57:43,079 - root - INFO - save model ./saved_models/JODIE/reddit/JODIE_time2vec_seed2/JODIE_time2vec_seed2.pkl
2025-10-02 11:59:36,051 - root - INFO - Epoch: 18, learning rate: 0.0001, train loss: 0.1787
2025-10-02 11:59:36,052 - root - INFO - train average_precision, 0.9798
2025-10-02 11:59:36,052 - root - INFO - train roc_auc, 0.9794
2025-10-02 11:59:36,052 - root - INFO - validate loss: 0.1805
2025-10-02 11:59:36,052 - root - INFO - validate average_precision, 0.9806
2025-10-02 11:59:36,052 - root - INFO - validate roc_auc, 0.9801
2025-10-02 11:59:36,052 - root - INFO - new node validate loss: 0.3410
2025-10-02 11:59:36,053 - root - INFO - new node validate average_precision, 0.9351
2025-10-02 11:59:36,053 - root - INFO - new node validate roc_auc, 0.9298
2025-10-02 11:59:56,019 - root - INFO - test loss: 0.1795
2025-10-02 11:59:56,020 - root - INFO - test average_precision, 0.9812
2025-10-02 11:59:56,020 - root - INFO - best test average_precision: 0.9821
2025-10-02 11:59:56,020 - root - INFO - test roc_auc, 0.9805
2025-10-02 11:59:56,020 - root - INFO - new node test loss: 0.2594
2025-10-02 11:59:56,020 - root - INFO - new node test average_precision, 0.9609
2025-10-02 11:59:56,020 - root - INFO - new node test roc_auc, 0.9598
2025-10-02 12:01:47,370 - root - INFO - Epoch: 19, learning rate: 0.0001, train loss: 0.1769
2025-10-02 12:01:47,371 - root - INFO - train average_precision, 0.9801
2025-10-02 12:01:47,372 - root - INFO - train roc_auc, 0.9798
2025-10-02 12:01:47,372 - root - INFO - validate loss: 0.1800
2025-10-02 12:01:47,372 - root - INFO - validate average_precision, 0.9808
2025-10-02 12:01:47,372 - root - INFO - validate roc_auc, 0.9803
2025-10-02 12:01:47,372 - root - INFO - new node validate loss: 0.3434
2025-10-02 12:01:47,372 - root - INFO - new node validate average_precision, 0.9368
2025-10-02 12:01:47,372 - root - INFO - new node validate roc_auc, 0.9312
2025-10-02 12:02:07,135 - root - INFO - test loss: 0.1836
2025-10-02 12:02:07,136 - root - INFO - test average_precision, 0.9803
2025-10-02 12:02:07,136 - root - INFO - best test average_precision: 0.9821
2025-10-02 12:02:07,136 - root - INFO - test roc_auc, 0.9797
2025-10-02 12:02:07,136 - root - INFO - new node test loss: 0.2652
2025-10-02 12:02:07,136 - root - INFO - new node test average_precision, 0.9603
2025-10-02 12:02:07,136 - root - INFO - new node test roc_auc, 0.9595
2025-10-02 12:03:58,757 - root - INFO - Epoch: 20, learning rate: 0.0001, train loss: 0.1757
2025-10-02 12:03:58,758 - root - INFO - train average_precision, 0.9803
2025-10-02 12:03:58,758 - root - INFO - train roc_auc, 0.9800
2025-10-02 12:03:58,758 - root - INFO - validate loss: 0.1778
2025-10-02 12:03:58,758 - root - INFO - validate average_precision, 0.9815
2025-10-02 12:03:58,758 - root - INFO - validate roc_auc, 0.9809
2025-10-02 12:03:58,759 - root - INFO - new node validate loss: 0.3250
2025-10-02 12:03:58,759 - root - INFO - new node validate average_precision, 0.9398
2025-10-02 12:03:58,759 - root - INFO - new node validate roc_auc, 0.9353
2025-10-02 12:04:18,803 - root - INFO - test loss: 0.1737
2025-10-02 12:04:18,803 - root - INFO - test average_precision, 0.9825
2025-10-02 12:04:18,804 - root - INFO - best test average_precision: 0.9825
2025-10-02 12:04:18,804 - root - INFO - test roc_auc, 0.9820
2025-10-02 12:04:18,804 - root - INFO - new node test loss: 0.2412
2025-10-02 12:04:18,804 - root - INFO - new node test average_precision, 0.9657
2025-10-02 12:04:18,804 - root - INFO - new node test roc_auc, 0.9648
2025-10-02 12:04:18,804 - root - INFO - save model ./saved_models/JODIE/reddit/JODIE_time2vec_seed2/JODIE_time2vec_seed2.pkl
2025-10-02 12:06:11,617 - root - INFO - Epoch: 21, learning rate: 0.0001, train loss: 0.1751
2025-10-02 12:06:11,617 - root - INFO - train average_precision, 0.9804
2025-10-02 12:06:11,618 - root - INFO - train roc_auc, 0.9802
2025-10-02 12:06:11,618 - root - INFO - validate loss: 0.1771
2025-10-02 12:06:11,618 - root - INFO - validate average_precision, 0.9813
2025-10-02 12:06:11,618 - root - INFO - validate roc_auc, 0.9808
2025-10-02 12:06:11,618 - root - INFO - new node validate loss: 0.3347
2025-10-02 12:06:11,618 - root - INFO - new node validate average_precision, 0.9385
2025-10-02 12:06:11,618 - root - INFO - new node validate roc_auc, 0.9327
2025-10-02 12:06:31,833 - root - INFO - test loss: 0.1770
2025-10-02 12:06:31,833 - root - INFO - test average_precision, 0.9814
2025-10-02 12:06:31,833 - root - INFO - best test average_precision: 0.9825
2025-10-02 12:06:31,833 - root - INFO - test roc_auc, 0.9810
2025-10-02 12:06:31,834 - root - INFO - new node test loss: 0.2558
2025-10-02 12:06:31,834 - root - INFO - new node test average_precision, 0.9623
2025-10-02 12:06:31,834 - root - INFO - new node test roc_auc, 0.9613
2025-10-02 12:08:22,814 - root - INFO - Epoch: 22, learning rate: 0.0001, train loss: 0.1737
2025-10-02 12:08:22,815 - root - INFO - train average_precision, 0.9808
2025-10-02 12:08:22,816 - root - INFO - train roc_auc, 0.9804
2025-10-02 12:08:22,816 - root - INFO - validate loss: 0.1770
2025-10-02 12:08:22,816 - root - INFO - validate average_precision, 0.9814
2025-10-02 12:08:22,816 - root - INFO - validate roc_auc, 0.9808
2025-10-02 12:08:22,816 - root - INFO - new node validate loss: 0.3458
2025-10-02 12:08:22,816 - root - INFO - new node validate average_precision, 0.9360
2025-10-02 12:08:22,816 - root - INFO - new node validate roc_auc, 0.9302
2025-10-02 12:08:42,792 - root - INFO - test loss: 0.1771
2025-10-02 12:08:42,792 - root - INFO - test average_precision, 0.9816
2025-10-02 12:08:42,792 - root - INFO - best test average_precision: 0.9825
2025-10-02 12:08:42,792 - root - INFO - test roc_auc, 0.9810
2025-10-02 12:08:42,792 - root - INFO - new node test loss: 0.2601
2025-10-02 12:08:42,792 - root - INFO - new node test average_precision, 0.9610
2025-10-02 12:08:42,793 - root - INFO - new node test roc_auc, 0.9601
2025-10-02 12:10:34,381 - root - INFO - Epoch: 23, learning rate: 0.0001, train loss: 0.1721
2025-10-02 12:10:34,381 - root - INFO - train average_precision, 0.9812
2025-10-02 12:10:34,382 - root - INFO - train roc_auc, 0.9808
2025-10-02 12:10:34,382 - root - INFO - validate loss: 0.1773
2025-10-02 12:10:34,382 - root - INFO - validate average_precision, 0.9815
2025-10-02 12:10:34,382 - root - INFO - validate roc_auc, 0.9810
2025-10-02 12:10:34,382 - root - INFO - new node validate loss: 0.3364
2025-10-02 12:10:34,382 - root - INFO - new node validate average_precision, 0.9375
2025-10-02 12:10:34,382 - root - INFO - new node validate roc_auc, 0.9324
2025-10-02 12:10:54,436 - root - INFO - test loss: 0.1803
2025-10-02 12:10:54,436 - root - INFO - test average_precision, 0.9813
2025-10-02 12:10:54,436 - root - INFO - best test average_precision: 0.9825
2025-10-02 12:10:54,437 - root - INFO - test roc_auc, 0.9808
2025-10-02 12:10:54,437 - root - INFO - new node test loss: 0.2567
2025-10-02 12:10:54,437 - root - INFO - new node test average_precision, 0.9614
2025-10-02 12:10:54,437 - root - INFO - new node test roc_auc, 0.9604
2025-10-02 12:10:54,437 - root - INFO - save model ./saved_models/JODIE/reddit/JODIE_time2vec_seed2/JODIE_time2vec_seed2.pkl
2025-10-02 12:12:47,207 - root - INFO - Epoch: 24, learning rate: 0.0001, train loss: 0.1708
2025-10-02 12:12:47,208 - root - INFO - train average_precision, 0.9815
2025-10-02 12:12:47,208 - root - INFO - train roc_auc, 0.9811
2025-10-02 12:12:47,208 - root - INFO - validate loss: 0.1735
2025-10-02 12:12:47,209 - root - INFO - validate average_precision, 0.9821
2025-10-02 12:12:47,209 - root - INFO - validate roc_auc, 0.9816
2025-10-02 12:12:47,209 - root - INFO - new node validate loss: 0.3317
2025-10-02 12:12:47,209 - root - INFO - new node validate average_precision, 0.9388
2025-10-02 12:12:47,209 - root - INFO - new node validate roc_auc, 0.9338
2025-10-02 12:13:07,010 - root - INFO - test loss: 0.1691
2025-10-02 12:13:07,010 - root - INFO - test average_precision, 0.9832
2025-10-02 12:13:07,011 - root - INFO - best test average_precision: 0.9832
2025-10-02 12:13:07,011 - root - INFO - test roc_auc, 0.9827
2025-10-02 12:13:07,011 - root - INFO - new node test loss: 0.2393
2025-10-02 12:13:07,011 - root - INFO - new node test average_precision, 0.9655
2025-10-02 12:13:07,011 - root - INFO - new node test roc_auc, 0.9656
2025-10-02 12:13:07,011 - root - INFO - save model ./saved_models/JODIE/reddit/JODIE_time2vec_seed2/JODIE_time2vec_seed2.pkl
2025-10-02 12:14:59,307 - root - INFO - Epoch: 25, learning rate: 0.0001, train loss: 0.1710
2025-10-02 12:14:59,308 - root - INFO - train average_precision, 0.9814
2025-10-02 12:14:59,308 - root - INFO - train roc_auc, 0.9810
2025-10-02 12:14:59,308 - root - INFO - validate loss: 0.1793
2025-10-02 12:14:59,308 - root - INFO - validate average_precision, 0.9808
2025-10-02 12:14:59,308 - root - INFO - validate roc_auc, 0.9804
2025-10-02 12:14:59,309 - root - INFO - new node validate loss: 0.3243
2025-10-02 12:14:59,309 - root - INFO - new node validate average_precision, 0.9419
2025-10-02 12:14:59,309 - root - INFO - new node validate roc_auc, 0.9375
2025-10-02 12:15:19,251 - root - INFO - test loss: 0.1808
2025-10-02 12:15:19,251 - root - INFO - test average_precision, 0.9806
2025-10-02 12:15:19,251 - root - INFO - best test average_precision: 0.9832
2025-10-02 12:15:19,251 - root - INFO - test roc_auc, 0.9804
2025-10-02 12:15:19,251 - root - INFO - new node test loss: 0.2473
2025-10-02 12:15:19,251 - root - INFO - new node test average_precision, 0.9626
2025-10-02 12:15:19,251 - root - INFO - new node test roc_auc, 0.9633
2025-10-02 12:17:10,587 - root - INFO - Epoch: 26, learning rate: 0.0001, train loss: 0.1699
2025-10-02 12:17:10,587 - root - INFO - train average_precision, 0.9816
2025-10-02 12:17:10,588 - root - INFO - train roc_auc, 0.9812
2025-10-02 12:17:10,588 - root - INFO - validate loss: 0.1789
2025-10-02 12:17:10,588 - root - INFO - validate average_precision, 0.9813
2025-10-02 12:17:10,588 - root - INFO - validate roc_auc, 0.9808
2025-10-02 12:17:10,588 - root - INFO - new node validate loss: 0.3376
2025-10-02 12:17:10,588 - root - INFO - new node validate average_precision, 0.9379
2025-10-02 12:17:10,588 - root - INFO - new node validate roc_auc, 0.9318
2025-10-02 12:17:30,413 - root - INFO - test loss: 0.1861
2025-10-02 12:17:30,413 - root - INFO - test average_precision, 0.9803
2025-10-02 12:17:30,414 - root - INFO - best test average_precision: 0.9832
2025-10-02 12:17:30,414 - root - INFO - test roc_auc, 0.9797
2025-10-02 12:17:30,414 - root - INFO - new node test loss: 0.2643
2025-10-02 12:17:30,414 - root - INFO - new node test average_precision, 0.9591
2025-10-02 12:17:30,414 - root - INFO - new node test roc_auc, 0.9583
2025-10-02 12:19:21,700 - root - INFO - Epoch: 27, learning rate: 0.0001, train loss: 0.1699
2025-10-02 12:19:21,701 - root - INFO - train average_precision, 0.9815
2025-10-02 12:19:21,701 - root - INFO - train roc_auc, 0.9813
2025-10-02 12:19:21,702 - root - INFO - validate loss: 0.1721
2025-10-02 12:19:21,702 - root - INFO - validate average_precision, 0.9823
2025-10-02 12:19:21,702 - root - INFO - validate roc_auc, 0.9818
2025-10-02 12:19:21,702 - root - INFO - new node validate loss: 0.3221
2025-10-02 12:19:21,702 - root - INFO - new node validate average_precision, 0.9430
2025-10-02 12:19:21,702 - root - INFO - new node validate roc_auc, 0.9375
2025-10-02 12:19:41,605 - root - INFO - test loss: 0.1691
2025-10-02 12:19:41,605 - root - INFO - test average_precision, 0.9830
2025-10-02 12:19:41,605 - root - INFO - best test average_precision: 0.9832
2025-10-02 12:19:41,605 - root - INFO - test roc_auc, 0.9826
2025-10-02 12:19:41,605 - root - INFO - new node test loss: 0.2396
2025-10-02 12:19:41,605 - root - INFO - new node test average_precision, 0.9668
2025-10-02 12:19:41,605 - root - INFO - new node test roc_auc, 0.9655
2025-10-02 12:19:41,606 - root - INFO - save model ./saved_models/JODIE/reddit/JODIE_time2vec_seed2/JODIE_time2vec_seed2.pkl
2025-10-02 12:21:34,735 - root - INFO - Epoch: 28, learning rate: 0.0001, train loss: 0.1687
2025-10-02 12:21:34,736 - root - INFO - train average_precision, 0.9817
2025-10-02 12:21:34,737 - root - INFO - train roc_auc, 0.9815
2025-10-02 12:21:34,737 - root - INFO - validate loss: 0.1773
2025-10-02 12:21:34,737 - root - INFO - validate average_precision, 0.9816
2025-10-02 12:21:34,737 - root - INFO - validate roc_auc, 0.9810
2025-10-02 12:21:34,737 - root - INFO - new node validate loss: 0.3398
2025-10-02 12:21:34,737 - root - INFO - new node validate average_precision, 0.9358
2025-10-02 12:21:34,737 - root - INFO - new node validate roc_auc, 0.9305
2025-10-02 12:21:54,695 - root - INFO - test loss: 0.1825
2025-10-02 12:21:54,696 - root - INFO - test average_precision, 0.9808
2025-10-02 12:21:54,696 - root - INFO - best test average_precision: 0.9832
2025-10-02 12:21:54,696 - root - INFO - test roc_auc, 0.9804
2025-10-02 12:21:54,696 - root - INFO - new node test loss: 0.2635
2025-10-02 12:21:54,696 - root - INFO - new node test average_precision, 0.9590
2025-10-02 12:21:54,696 - root - INFO - new node test roc_auc, 0.9584
2025-10-02 12:23:45,949 - root - INFO - Epoch: 29, learning rate: 0.0001, train loss: 0.1674
2025-10-02 12:23:45,950 - root - INFO - train average_precision, 0.9821
2025-10-02 12:23:45,950 - root - INFO - train roc_auc, 0.9818
2025-10-02 12:23:45,950 - root - INFO - validate loss: 0.1743
2025-10-02 12:23:45,950 - root - INFO - validate average_precision, 0.9820
2025-10-02 12:23:45,950 - root - INFO - validate roc_auc, 0.9815
2025-10-02 12:23:45,950 - root - INFO - new node validate loss: 0.3276
2025-10-02 12:23:45,950 - root - INFO - new node validate average_precision, 0.9425
2025-10-02 12:23:45,951 - root - INFO - new node validate roc_auc, 0.9371
2025-10-02 12:24:05,853 - root - INFO - test loss: 0.1813
2025-10-02 12:24:05,853 - root - INFO - test average_precision, 0.9810
2025-10-02 12:24:05,853 - root - INFO - best test average_precision: 0.9832
2025-10-02 12:24:05,853 - root - INFO - test roc_auc, 0.9807
2025-10-02 12:24:05,853 - root - INFO - new node test loss: 0.2463
2025-10-02 12:24:05,853 - root - INFO - new node test average_precision, 0.9644
2025-10-02 12:24:05,853 - root - INFO - new node test roc_auc, 0.9637
2025-10-02 12:25:57,077 - root - INFO - Epoch: 30, learning rate: 0.0001, train loss: 0.1661
2025-10-02 12:25:57,078 - root - INFO - train average_precision, 0.9823
2025-10-02 12:25:57,078 - root - INFO - train roc_auc, 0.9821
2025-10-02 12:25:57,079 - root - INFO - validate loss: 0.1761
2025-10-02 12:25:57,079 - root - INFO - validate average_precision, 0.9819
2025-10-02 12:25:57,079 - root - INFO - validate roc_auc, 0.9815
2025-10-02 12:25:57,079 - root - INFO - new node validate loss: 0.3260
2025-10-02 12:25:57,079 - root - INFO - new node validate average_precision, 0.9413
2025-10-02 12:25:57,079 - root - INFO - new node validate roc_auc, 0.9358
2025-10-02 12:26:17,133 - root - INFO - test loss: 0.1771
2025-10-02 12:26:17,133 - root - INFO - test average_precision, 0.9823
2025-10-02 12:26:17,133 - root - INFO - best test average_precision: 0.9832
2025-10-02 12:26:17,133 - root - INFO - test roc_auc, 0.9820
2025-10-02 12:26:17,134 - root - INFO - new node test loss: 0.2394
2025-10-02 12:26:17,134 - root - INFO - new node test average_precision, 0.9661
2025-10-02 12:26:17,134 - root - INFO - new node test roc_auc, 0.9655
2025-10-02 12:28:08,352 - root - INFO - Epoch: 31, learning rate: 0.0001, train loss: 0.1666
2025-10-02 12:28:08,353 - root - INFO - train average_precision, 0.9821
2025-10-02 12:28:08,353 - root - INFO - train roc_auc, 0.9819
2025-10-02 12:28:08,353 - root - INFO - validate loss: 0.1734
2025-10-02 12:28:08,354 - root - INFO - validate average_precision, 0.9825
2025-10-02 12:28:08,354 - root - INFO - validate roc_auc, 0.9818
2025-10-02 12:28:08,354 - root - INFO - new node validate loss: 0.3230
2025-10-02 12:28:08,354 - root - INFO - new node validate average_precision, 0.9420
2025-10-02 12:28:08,354 - root - INFO - new node validate roc_auc, 0.9366
2025-10-02 12:28:28,350 - root - INFO - test loss: 0.1758
2025-10-02 12:28:28,350 - root - INFO - test average_precision, 0.9821
2025-10-02 12:28:28,350 - root - INFO - best test average_precision: 0.9832
2025-10-02 12:28:28,350 - root - INFO - test roc_auc, 0.9817
2025-10-02 12:28:28,350 - root - INFO - new node test loss: 0.2440
2025-10-02 12:28:28,350 - root - INFO - new node test average_precision, 0.9650
2025-10-02 12:28:28,350 - root - INFO - new node test roc_auc, 0.9642
2025-10-02 12:30:19,515 - root - INFO - Epoch: 32, learning rate: 0.0001, train loss: 0.1663
2025-10-02 12:30:19,516 - root - INFO - train average_precision, 0.9822
2025-10-02 12:30:19,517 - root - INFO - train roc_auc, 0.9820
2025-10-02 12:30:19,517 - root - INFO - validate loss: 0.1711
2025-10-02 12:30:19,517 - root - INFO - validate average_precision, 0.9826
2025-10-02 12:30:19,517 - root - INFO - validate roc_auc, 0.9821
2025-10-02 12:30:19,517 - root - INFO - new node validate loss: 0.3252
2025-10-02 12:30:19,517 - root - INFO - new node validate average_precision, 0.9420
2025-10-02 12:30:19,517 - root - INFO - new node validate roc_auc, 0.9369
2025-10-02 12:30:39,578 - root - INFO - test loss: 0.1692
2025-10-02 12:30:39,578 - root - INFO - test average_precision, 0.9832
2025-10-02 12:30:39,578 - root - INFO - best test average_precision: 0.9832
2025-10-02 12:30:39,578 - root - INFO - test roc_auc, 0.9827
2025-10-02 12:30:39,578 - root - INFO - new node test loss: 0.2448
2025-10-02 12:30:39,578 - root - INFO - new node test average_precision, 0.9650
2025-10-02 12:30:39,578 - root - INFO - new node test roc_auc, 0.9643
2025-10-02 12:30:39,579 - root - INFO - save model ./saved_models/JODIE/reddit/JODIE_time2vec_seed2/JODIE_time2vec_seed2.pkl
2025-10-02 12:32:32,281 - root - INFO - Epoch: 33, learning rate: 0.0001, train loss: 0.1655
2025-10-02 12:32:32,282 - root - INFO - train average_precision, 0.9825
2025-10-02 12:32:32,282 - root - INFO - train roc_auc, 0.9822
2025-10-02 12:32:32,283 - root - INFO - validate loss: 0.1736
2025-10-02 12:32:32,283 - root - INFO - validate average_precision, 0.9823
2025-10-02 12:32:32,283 - root - INFO - validate roc_auc, 0.9817
2025-10-02 12:32:32,283 - root - INFO - new node validate loss: 0.3271
2025-10-02 12:32:32,283 - root - INFO - new node validate average_precision, 0.9413
2025-10-02 12:32:32,283 - root - INFO - new node validate roc_auc, 0.9356
2025-10-02 12:32:52,206 - root - INFO - test loss: 0.1795
2025-10-02 12:32:52,207 - root - INFO - test average_precision, 0.9815
2025-10-02 12:32:52,207 - root - INFO - best test average_precision: 0.9832
2025-10-02 12:32:52,207 - root - INFO - test roc_auc, 0.9810
2025-10-02 12:32:52,207 - root - INFO - new node test loss: 0.2473
2025-10-02 12:32:52,207 - root - INFO - new node test average_precision, 0.9644
2025-10-02 12:32:52,207 - root - INFO - new node test roc_auc, 0.9633
2025-10-02 12:34:43,503 - root - INFO - Epoch: 34, learning rate: 0.0001, train loss: 0.1645
2025-10-02 12:34:43,504 - root - INFO - train average_precision, 0.9826
2025-10-02 12:34:43,504 - root - INFO - train roc_auc, 0.9824
2025-10-02 12:34:43,505 - root - INFO - validate loss: 0.1718
2025-10-02 12:34:43,505 - root - INFO - validate average_precision, 0.9826
2025-10-02 12:34:43,505 - root - INFO - validate roc_auc, 0.9821
2025-10-02 12:34:43,505 - root - INFO - new node validate loss: 0.3237
2025-10-02 12:34:43,505 - root - INFO - new node validate average_precision, 0.9426
2025-10-02 12:34:43,505 - root - INFO - new node validate roc_auc, 0.9372
2025-10-02 12:35:03,274 - root - INFO - test loss: 0.1718
2025-10-02 12:35:03,274 - root - INFO - test average_precision, 0.9828
2025-10-02 12:35:03,274 - root - INFO - best test average_precision: 0.9832
2025-10-02 12:35:03,274 - root - INFO - test roc_auc, 0.9824
2025-10-02 12:35:03,274 - root - INFO - new node test loss: 0.2446
2025-10-02 12:35:03,275 - root - INFO - new node test average_precision, 0.9649
2025-10-02 12:35:03,275 - root - INFO - new node test roc_auc, 0.9644
2025-10-02 12:35:03,275 - root - INFO - save model ./saved_models/JODIE/reddit/JODIE_time2vec_seed2/JODIE_time2vec_seed2.pkl
2025-10-02 12:36:56,126 - root - INFO - Epoch: 35, learning rate: 0.0001, train loss: 0.1636
2025-10-02 12:36:56,127 - root - INFO - train average_precision, 0.9828
2025-10-02 12:36:56,127 - root - INFO - train roc_auc, 0.9826
2025-10-02 12:36:56,127 - root - INFO - validate loss: 0.1739
2025-10-02 12:36:56,127 - root - INFO - validate average_precision, 0.9823
2025-10-02 12:36:56,127 - root - INFO - validate roc_auc, 0.9816
2025-10-02 12:36:56,127 - root - INFO - new node validate loss: 0.3221
2025-10-02 12:36:56,127 - root - INFO - new node validate average_precision, 0.9440
2025-10-02 12:36:56,128 - root - INFO - new node validate roc_auc, 0.9383
2025-10-02 12:37:15,825 - root - INFO - test loss: 0.1783
2025-10-02 12:37:15,825 - root - INFO - test average_precision, 0.9813
2025-10-02 12:37:15,825 - root - INFO - best test average_precision: 0.9832
2025-10-02 12:37:15,825 - root - INFO - test roc_auc, 0.9810
2025-10-02 12:37:15,825 - root - INFO - new node test loss: 0.2404
2025-10-02 12:37:15,825 - root - INFO - new node test average_precision, 0.9660
2025-10-02 12:37:15,826 - root - INFO - new node test roc_auc, 0.9654
2025-10-02 12:39:07,244 - root - INFO - Epoch: 36, learning rate: 0.0001, train loss: 0.1642
2025-10-02 12:39:07,245 - root - INFO - train average_precision, 0.9826
2025-10-02 12:39:07,245 - root - INFO - train roc_auc, 0.9825
2025-10-02 12:39:07,245 - root - INFO - validate loss: 0.1707
2025-10-02 12:39:07,245 - root - INFO - validate average_precision, 0.9829
2025-10-02 12:39:07,245 - root - INFO - validate roc_auc, 0.9822
2025-10-02 12:39:07,246 - root - INFO - new node validate loss: 0.3281
2025-10-02 12:39:07,246 - root - INFO - new node validate average_precision, 0.9433
2025-10-02 12:39:07,246 - root - INFO - new node validate roc_auc, 0.9366
2025-10-02 12:39:27,097 - root - INFO - test loss: 0.1704
2025-10-02 12:39:27,098 - root - INFO - test average_precision, 0.9830
2025-10-02 12:39:27,098 - root - INFO - best test average_precision: 0.9832
2025-10-02 12:39:27,098 - root - INFO - test roc_auc, 0.9826
2025-10-02 12:39:27,098 - root - INFO - new node test loss: 0.2559
2025-10-02 12:39:27,098 - root - INFO - new node test average_precision, 0.9629
2025-10-02 12:39:27,098 - root - INFO - new node test roc_auc, 0.9618
2025-10-02 12:39:27,098 - root - INFO - save model ./saved_models/JODIE/reddit/JODIE_time2vec_seed2/JODIE_time2vec_seed2.pkl
2025-10-02 12:41:19,954 - root - INFO - Epoch: 37, learning rate: 0.0001, train loss: 0.1632
2025-10-02 12:41:19,955 - root - INFO - train average_precision, 0.9829
2025-10-02 12:41:19,955 - root - INFO - train roc_auc, 0.9827
2025-10-02 12:41:19,955 - root - INFO - validate loss: 0.1817
2025-10-02 12:41:19,955 - root - INFO - validate average_precision, 0.9807
2025-10-02 12:41:19,955 - root - INFO - validate roc_auc, 0.9801
2025-10-02 12:41:19,955 - root - INFO - new node validate loss: 0.3414
2025-10-02 12:41:19,955 - root - INFO - new node validate average_precision, 0.9381
2025-10-02 12:41:19,955 - root - INFO - new node validate roc_auc, 0.9321
2025-10-02 12:41:40,098 - root - INFO - test loss: 0.2034
2025-10-02 12:41:40,098 - root - INFO - test average_precision, 0.9771
2025-10-02 12:41:40,098 - root - INFO - best test average_precision: 0.9832
2025-10-02 12:41:40,098 - root - INFO - test roc_auc, 0.9770
2025-10-02 12:41:40,098 - root - INFO - new node test loss: 0.2745
2025-10-02 12:41:40,098 - root - INFO - new node test average_precision, 0.9559
2025-10-02 12:41:40,098 - root - INFO - new node test roc_auc, 0.9561
2025-10-02 12:43:31,482 - root - INFO - Epoch: 38, learning rate: 0.0001, train loss: 0.1633
2025-10-02 12:43:31,483 - root - INFO - train average_precision, 0.9829
2025-10-02 12:43:31,484 - root - INFO - train roc_auc, 0.9827
2025-10-02 12:43:31,484 - root - INFO - validate loss: 0.1707
2025-10-02 12:43:31,484 - root - INFO - validate average_precision, 0.9828
2025-10-02 12:43:31,484 - root - INFO - validate roc_auc, 0.9823
2025-10-02 12:43:31,484 - root - INFO - new node validate loss: 0.3234
2025-10-02 12:43:31,484 - root - INFO - new node validate average_precision, 0.9447
2025-10-02 12:43:31,484 - root - INFO - new node validate roc_auc, 0.9387
2025-10-02 12:43:51,251 - root - INFO - test loss: 0.1698
2025-10-02 12:43:51,251 - root - INFO - test average_precision, 0.9832
2025-10-02 12:43:51,251 - root - INFO - best test average_precision: 0.9832
2025-10-02 12:43:51,251 - root - INFO - test roc_auc, 0.9827
2025-10-02 12:43:51,251 - root - INFO - new node test loss: 0.2395
2025-10-02 12:43:51,252 - root - INFO - new node test average_precision, 0.9680
2025-10-02 12:43:51,252 - root - INFO - new node test roc_auc, 0.9668
2025-10-02 12:45:42,326 - root - INFO - Epoch: 39, learning rate: 0.0001, train loss: 0.1625
2025-10-02 12:45:42,327 - root - INFO - train average_precision, 0.9829
2025-10-02 12:45:42,327 - root - INFO - train roc_auc, 0.9828
2025-10-02 12:45:42,327 - root - INFO - validate loss: 0.1712
2025-10-02 12:45:42,327 - root - INFO - validate average_precision, 0.9828
2025-10-02 12:45:42,327 - root - INFO - validate roc_auc, 0.9821
2025-10-02 12:45:42,328 - root - INFO - new node validate loss: 0.3279
2025-10-02 12:45:42,328 - root - INFO - new node validate average_precision, 0.9422
2025-10-02 12:45:42,328 - root - INFO - new node validate roc_auc, 0.9359
2025-10-02 12:46:02,379 - root - INFO - test loss: 0.1733
2025-10-02 12:46:02,380 - root - INFO - test average_precision, 0.9827
2025-10-02 12:46:02,380 - root - INFO - best test average_precision: 0.9832
2025-10-02 12:46:02,380 - root - INFO - test roc_auc, 0.9821
2025-10-02 12:46:02,380 - root - INFO - new node test loss: 0.2456
2025-10-02 12:46:02,380 - root - INFO - new node test average_precision, 0.9650
2025-10-02 12:46:02,380 - root - INFO - new node test roc_auc, 0.9641
2025-10-02 12:47:53,489 - root - INFO - Epoch: 40, learning rate: 0.0001, train loss: 0.1615
2025-10-02 12:47:53,490 - root - INFO - train average_precision, 0.9831
2025-10-02 12:47:53,490 - root - INFO - train roc_auc, 0.9830
2025-10-02 12:47:53,490 - root - INFO - validate loss: 0.1708
2025-10-02 12:47:53,490 - root - INFO - validate average_precision, 0.9830
2025-10-02 12:47:53,490 - root - INFO - validate roc_auc, 0.9822
2025-10-02 12:47:53,490 - root - INFO - new node validate loss: 0.3235
2025-10-02 12:47:53,490 - root - INFO - new node validate average_precision, 0.9453
2025-10-02 12:47:53,491 - root - INFO - new node validate roc_auc, 0.9387
2025-10-02 12:48:13,383 - root - INFO - test loss: 0.1655
2025-10-02 12:48:13,383 - root - INFO - test average_precision, 0.9840
2025-10-02 12:48:13,383 - root - INFO - best test average_precision: 0.9840
2025-10-02 12:48:13,383 - root - INFO - test roc_auc, 0.9835
2025-10-02 12:48:13,383 - root - INFO - new node test loss: 0.2363
2025-10-02 12:48:13,384 - root - INFO - new node test average_precision, 0.9685
2025-10-02 12:48:13,384 - root - INFO - new node test roc_auc, 0.9676
2025-10-02 12:48:13,384 - root - INFO - save model ./saved_models/JODIE/reddit/JODIE_time2vec_seed2/JODIE_time2vec_seed2.pkl
2025-10-02 12:50:05,749 - root - INFO - Epoch: 41, learning rate: 0.0001, train loss: 0.1618
2025-10-02 12:50:05,750 - root - INFO - train average_precision, 0.9830
2025-10-02 12:50:05,750 - root - INFO - train roc_auc, 0.9830
2025-10-02 12:50:05,750 - root - INFO - validate loss: 0.1751
2025-10-02 12:50:05,750 - root - INFO - validate average_precision, 0.9822
2025-10-02 12:50:05,750 - root - INFO - validate roc_auc, 0.9814
2025-10-02 12:50:05,750 - root - INFO - new node validate loss: 0.3314
2025-10-02 12:50:05,750 - root - INFO - new node validate average_precision, 0.9424
2025-10-02 12:50:05,750 - root - INFO - new node validate roc_auc, 0.9361
2025-10-02 12:50:25,857 - root - INFO - test loss: 0.1880
2025-10-02 12:50:25,857 - root - INFO - test average_precision, 0.9800
2025-10-02 12:50:25,857 - root - INFO - best test average_precision: 0.9840
2025-10-02 12:50:25,857 - root - INFO - test roc_auc, 0.9796
2025-10-02 12:50:25,857 - root - INFO - new node test loss: 0.2538
2025-10-02 12:50:25,857 - root - INFO - new node test average_precision, 0.9640
2025-10-02 12:50:25,857 - root - INFO - new node test roc_auc, 0.9621
2025-10-02 12:52:16,883 - root - INFO - Epoch: 42, learning rate: 0.0001, train loss: 0.1614
2025-10-02 12:52:16,883 - root - INFO - train average_precision, 0.9832
2025-10-02 12:52:16,884 - root - INFO - train roc_auc, 0.9830
2025-10-02 12:52:16,884 - root - INFO - validate loss: 0.1758
2025-10-02 12:52:16,884 - root - INFO - validate average_precision, 0.9822
2025-10-02 12:52:16,884 - root - INFO - validate roc_auc, 0.9815
2025-10-02 12:52:16,884 - root - INFO - new node validate loss: 0.3192
2025-10-02 12:52:16,884 - root - INFO - new node validate average_precision, 0.9451
2025-10-02 12:52:16,884 - root - INFO - new node validate roc_auc, 0.9398
2025-10-02 12:52:36,803 - root - INFO - test loss: 0.1867
2025-10-02 12:52:36,803 - root - INFO - test average_precision, 0.9806
2025-10-02 12:52:36,803 - root - INFO - best test average_precision: 0.9840
2025-10-02 12:52:36,803 - root - INFO - test roc_auc, 0.9804
2025-10-02 12:52:36,803 - root - INFO - new node test loss: 0.2535
2025-10-02 12:52:36,804 - root - INFO - new node test average_precision, 0.9630
2025-10-02 12:52:36,804 - root - INFO - new node test roc_auc, 0.9625
2025-10-02 12:54:27,987 - root - INFO - Epoch: 43, learning rate: 0.0001, train loss: 0.1608
2025-10-02 12:54:27,987 - root - INFO - train average_precision, 0.9833
2025-10-02 12:54:27,988 - root - INFO - train roc_auc, 0.9832
2025-10-02 12:54:27,988 - root - INFO - validate loss: 0.1746
2025-10-02 12:54:27,988 - root - INFO - validate average_precision, 0.9825
2025-10-02 12:54:27,988 - root - INFO - validate roc_auc, 0.9817
2025-10-02 12:54:27,988 - root - INFO - new node validate loss: 0.3335
2025-10-02 12:54:27,988 - root - INFO - new node validate average_precision, 0.9401
2025-10-02 12:54:27,988 - root - INFO - new node validate roc_auc, 0.9334
2025-10-02 12:54:47,825 - root - INFO - test loss: 0.1837
2025-10-02 12:54:47,825 - root - INFO - test average_precision, 0.9816
2025-10-02 12:54:47,825 - root - INFO - best test average_precision: 0.9840
2025-10-02 12:54:47,825 - root - INFO - test roc_auc, 0.9812
2025-10-02 12:54:47,825 - root - INFO - new node test loss: 0.2587
2025-10-02 12:54:47,825 - root - INFO - new node test average_precision, 0.9615
2025-10-02 12:54:47,825 - root - INFO - new node test roc_auc, 0.9604
2025-10-02 12:56:38,987 - root - INFO - Epoch: 44, learning rate: 0.0001, train loss: 0.1603
2025-10-02 12:56:38,988 - root - INFO - train average_precision, 0.9834
2025-10-02 12:56:38,989 - root - INFO - train roc_auc, 0.9832
2025-10-02 12:56:38,989 - root - INFO - validate loss: 0.1726
2025-10-02 12:56:38,989 - root - INFO - validate average_precision, 0.9828
2025-10-02 12:56:38,989 - root - INFO - validate roc_auc, 0.9821
2025-10-02 12:56:38,989 - root - INFO - new node validate loss: 0.3202
2025-10-02 12:56:38,989 - root - INFO - new node validate average_precision, 0.9445
2025-10-02 12:56:38,989 - root - INFO - new node validate roc_auc, 0.9389
2025-10-02 12:56:59,012 - root - INFO - test loss: 0.1799
2025-10-02 12:56:59,012 - root - INFO - test average_precision, 0.9814
2025-10-02 12:56:59,012 - root - INFO - best test average_precision: 0.9840
2025-10-02 12:56:59,012 - root - INFO - test roc_auc, 0.9813
2025-10-02 12:56:59,013 - root - INFO - new node test loss: 0.2403
2025-10-02 12:56:59,013 - root - INFO - new node test average_precision, 0.9668
2025-10-02 12:56:59,013 - root - INFO - new node test roc_auc, 0.9660
2025-10-02 12:58:50,594 - root - INFO - Epoch: 45, learning rate: 0.0001, train loss: 0.1602
2025-10-02 12:58:50,595 - root - INFO - train average_precision, 0.9833
2025-10-02 12:58:50,595 - root - INFO - train roc_auc, 0.9833
2025-10-02 12:58:50,595 - root - INFO - validate loss: 0.1779
2025-10-02 12:58:50,595 - root - INFO - validate average_precision, 0.9816
2025-10-02 12:58:50,595 - root - INFO - validate roc_auc, 0.9810
2025-10-02 12:58:50,595 - root - INFO - new node validate loss: 0.3357
2025-10-02 12:58:50,595 - root - INFO - new node validate average_precision, 0.9386
2025-10-02 12:58:50,595 - root - INFO - new node validate roc_auc, 0.9332
2025-10-02 12:59:10,671 - root - INFO - test loss: 0.1931
2025-10-02 12:59:10,671 - root - INFO - test average_precision, 0.9792
2025-10-02 12:59:10,671 - root - INFO - best test average_precision: 0.9840
2025-10-02 12:59:10,671 - root - INFO - test roc_auc, 0.9789
2025-10-02 12:59:10,671 - root - INFO - new node test loss: 0.2576
2025-10-02 12:59:10,671 - root - INFO - new node test average_precision, 0.9622
2025-10-02 12:59:10,671 - root - INFO - new node test roc_auc, 0.9616
2025-10-02 13:01:01,990 - root - INFO - Epoch: 46, learning rate: 0.0001, train loss: 0.1591
2025-10-02 13:01:01,991 - root - INFO - train average_precision, 0.9835
2025-10-02 13:01:01,991 - root - INFO - train roc_auc, 0.9835
2025-10-02 13:01:01,991 - root - INFO - validate loss: 0.1744
2025-10-02 13:01:01,991 - root - INFO - validate average_precision, 0.9822
2025-10-02 13:01:01,992 - root - INFO - validate roc_auc, 0.9815
2025-10-02 13:01:01,992 - root - INFO - new node validate loss: 0.3328
2025-10-02 13:01:01,992 - root - INFO - new node validate average_precision, 0.9411
2025-10-02 13:01:01,992 - root - INFO - new node validate roc_auc, 0.9349
2025-10-02 13:01:21,781 - root - INFO - test loss: 0.1768
2025-10-02 13:01:21,782 - root - INFO - test average_precision, 0.9817
2025-10-02 13:01:21,782 - root - INFO - best test average_precision: 0.9840
2025-10-02 13:01:21,782 - root - INFO - test roc_auc, 0.9813
2025-10-02 13:01:21,782 - root - INFO - new node test loss: 0.2544
2025-10-02 13:01:21,782 - root - INFO - new node test average_precision, 0.9617
2025-10-02 13:01:21,782 - root - INFO - new node test roc_auc, 0.9613
2025-10-02 13:03:12,834 - root - INFO - Epoch: 47, learning rate: 0.0001, train loss: 0.1592
2025-10-02 13:03:12,835 - root - INFO - train average_precision, 0.9836
2025-10-02 13:03:12,835 - root - INFO - train roc_auc, 0.9835
2025-10-02 13:03:12,835 - root - INFO - validate loss: 0.1790
2025-10-02 13:03:12,835 - root - INFO - validate average_precision, 0.9818
2025-10-02 13:03:12,836 - root - INFO - validate roc_auc, 0.9810
2025-10-02 13:03:12,836 - root - INFO - new node validate loss: 0.3254
2025-10-02 13:03:12,836 - root - INFO - new node validate average_precision, 0.9433
2025-10-02 13:03:12,836 - root - INFO - new node validate roc_auc, 0.9377
2025-10-02 13:03:32,559 - root - INFO - test loss: 0.1996
2025-10-02 13:03:32,559 - root - INFO - test average_precision, 0.9794
2025-10-02 13:03:32,559 - root - INFO - best test average_precision: 0.9840
2025-10-02 13:03:32,560 - root - INFO - test roc_auc, 0.9790
2025-10-02 13:03:32,560 - root - INFO - new node test loss: 0.2584
2025-10-02 13:03:32,560 - root - INFO - new node test average_precision, 0.9630
2025-10-02 13:03:32,560 - root - INFO - new node test roc_auc, 0.9618
2025-10-02 13:05:23,842 - root - INFO - Epoch: 48, learning rate: 0.0001, train loss: 0.1586
2025-10-02 13:05:23,843 - root - INFO - train average_precision, 0.9837
2025-10-02 13:05:23,843 - root - INFO - train roc_auc, 0.9836
2025-10-02 13:05:23,843 - root - INFO - validate loss: 0.1728
2025-10-02 13:05:23,844 - root - INFO - validate average_precision, 0.9828
2025-10-02 13:05:23,844 - root - INFO - validate roc_auc, 0.9820
2025-10-02 13:05:23,844 - root - INFO - new node validate loss: 0.3280
2025-10-02 13:05:23,844 - root - INFO - new node validate average_precision, 0.9417
2025-10-02 13:05:23,844 - root - INFO - new node validate roc_auc, 0.9356
2025-10-02 13:05:43,913 - root - INFO - test loss: 0.1862
2025-10-02 13:05:43,913 - root - INFO - test average_precision, 0.9809
2025-10-02 13:05:43,913 - root - INFO - best test average_precision: 0.9840
2025-10-02 13:05:43,913 - root - INFO - test roc_auc, 0.9806
2025-10-02 13:05:43,913 - root - INFO - new node test loss: 0.2592
2025-10-02 13:05:43,913 - root - INFO - new node test average_precision, 0.9609
2025-10-02 13:05:43,913 - root - INFO - new node test roc_auc, 0.9608
2025-10-02 13:07:35,064 - root - INFO - Epoch: 49, learning rate: 0.0001, train loss: 0.1594
2025-10-02 13:07:35,065 - root - INFO - train average_precision, 0.9834
2025-10-02 13:07:35,065 - root - INFO - train roc_auc, 0.9834
2025-10-02 13:07:35,065 - root - INFO - validate loss: 0.1739
2025-10-02 13:07:35,065 - root - INFO - validate average_precision, 0.9829
2025-10-02 13:07:35,065 - root - INFO - validate roc_auc, 0.9821
2025-10-02 13:07:35,065 - root - INFO - new node validate loss: 0.3152
2025-10-02 13:07:35,065 - root - INFO - new node validate average_precision, 0.9466
2025-10-02 13:07:35,065 - root - INFO - new node validate roc_auc, 0.9406
2025-10-02 13:07:55,225 - root - INFO - test loss: 0.1823
2025-10-02 13:07:55,226 - root - INFO - test average_precision, 0.9815
2025-10-02 13:07:55,226 - root - INFO - best test average_precision: 0.9840
2025-10-02 13:07:55,226 - root - INFO - test roc_auc, 0.9813
2025-10-02 13:07:55,226 - root - INFO - new node test loss: 0.2427
2025-10-02 13:07:55,226 - root - INFO - new node test average_precision, 0.9666
2025-10-02 13:07:55,226 - root - INFO - new node test roc_auc, 0.9654
2025-10-02 13:09:46,267 - root - INFO - Epoch: 50, learning rate: 0.0001, train loss: 0.1581
2025-10-02 13:09:46,268 - root - INFO - train average_precision, 0.9838
2025-10-02 13:09:46,268 - root - INFO - train roc_auc, 0.9837
2025-10-02 13:09:46,268 - root - INFO - validate loss: 0.1745
2025-10-02 13:09:46,268 - root - INFO - validate average_precision, 0.9826
2025-10-02 13:09:46,268 - root - INFO - validate roc_auc, 0.9818
2025-10-02 13:09:46,269 - root - INFO - new node validate loss: 0.3339
2025-10-02 13:09:46,269 - root - INFO - new node validate average_precision, 0.9424
2025-10-02 13:09:46,269 - root - INFO - new node validate roc_auc, 0.9363
2025-10-02 13:10:06,167 - root - INFO - test loss: 0.1823
2025-10-02 13:10:06,167 - root - INFO - test average_precision, 0.9806
2025-10-02 13:10:06,167 - root - INFO - best test average_precision: 0.9840
2025-10-02 13:10:06,167 - root - INFO - test roc_auc, 0.9809
2025-10-02 13:10:06,167 - root - INFO - new node test loss: 0.2530
2025-10-02 13:10:06,167 - root - INFO - new node test average_precision, 0.9644
2025-10-02 13:10:06,167 - root - INFO - new node test roc_auc, 0.9626
2025-10-02 13:11:57,391 - root - INFO - Epoch: 51, learning rate: 0.0001, train loss: 0.1578
2025-10-02 13:11:57,392 - root - INFO - train average_precision, 0.9839
2025-10-02 13:11:57,392 - root - INFO - train roc_auc, 0.9838
2025-10-02 13:11:57,392 - root - INFO - validate loss: 0.1759
2025-10-02 13:11:57,392 - root - INFO - validate average_precision, 0.9820
2025-10-02 13:11:57,392 - root - INFO - validate roc_auc, 0.9813
2025-10-02 13:11:57,392 - root - INFO - new node validate loss: 0.3327
2025-10-02 13:11:57,392 - root - INFO - new node validate average_precision, 0.9422
2025-10-02 13:11:57,392 - root - INFO - new node validate roc_auc, 0.9361
2025-10-02 13:12:17,202 - root - INFO - test loss: 0.1912
2025-10-02 13:12:17,202 - root - INFO - test average_precision, 0.9777
2025-10-02 13:12:17,202 - root - INFO - best test average_precision: 0.9840
2025-10-02 13:12:17,202 - root - INFO - test roc_auc, 0.9786
2025-10-02 13:12:17,202 - root - INFO - new node test loss: 0.2517
2025-10-02 13:12:17,202 - root - INFO - new node test average_precision, 0.9639
2025-10-02 13:12:17,202 - root - INFO - new node test roc_auc, 0.9630
2025-10-02 13:14:08,692 - root - INFO - Epoch: 52, learning rate: 0.0001, train loss: 0.1582
2025-10-02 13:14:08,693 - root - INFO - train average_precision, 0.9836
2025-10-02 13:14:08,694 - root - INFO - train roc_auc, 0.9837
2025-10-02 13:14:08,694 - root - INFO - validate loss: 0.1739
2025-10-02 13:14:08,694 - root - INFO - validate average_precision, 0.9826
2025-10-02 13:14:08,694 - root - INFO - validate roc_auc, 0.9819
2025-10-02 13:14:08,694 - root - INFO - new node validate loss: 0.3253
2025-10-02 13:14:08,694 - root - INFO - new node validate average_precision, 0.9427
2025-10-02 13:14:08,694 - root - INFO - new node validate roc_auc, 0.9371
2025-10-02 13:14:28,753 - root - INFO - test loss: 0.1804
2025-10-02 13:14:28,753 - root - INFO - test average_precision, 0.9808
2025-10-02 13:14:28,753 - root - INFO - best test average_precision: 0.9840
2025-10-02 13:14:28,753 - root - INFO - test roc_auc, 0.9810
2025-10-02 13:14:28,753 - root - INFO - new node test loss: 0.2535
2025-10-02 13:14:28,753 - root - INFO - new node test average_precision, 0.9631
2025-10-02 13:14:28,753 - root - INFO - new node test roc_auc, 0.9625
2025-10-02 13:16:19,703 - root - INFO - Epoch: 53, learning rate: 0.0001, train loss: 0.1572
2025-10-02 13:16:19,703 - root - INFO - train average_precision, 0.9839
2025-10-02 13:16:19,704 - root - INFO - train roc_auc, 0.9839
2025-10-02 13:16:19,704 - root - INFO - validate loss: 0.1779
2025-10-02 13:16:19,704 - root - INFO - validate average_precision, 0.9818
2025-10-02 13:16:19,704 - root - INFO - validate roc_auc, 0.9809
2025-10-02 13:16:19,704 - root - INFO - new node validate loss: 0.3435
2025-10-02 13:16:19,704 - root - INFO - new node validate average_precision, 0.9377
2025-10-02 13:16:19,704 - root - INFO - new node validate roc_auc, 0.9310
2025-10-02 13:16:39,663 - root - INFO - test loss: 0.1966
2025-10-02 13:16:39,663 - root - INFO - test average_precision, 0.9789
2025-10-02 13:16:39,663 - root - INFO - best test average_precision: 0.9840
2025-10-02 13:16:39,663 - root - INFO - test roc_auc, 0.9784
2025-10-02 13:16:39,663 - root - INFO - new node test loss: 0.2808
2025-10-02 13:16:39,663 - root - INFO - new node test average_precision, 0.9560
2025-10-02 13:16:39,663 - root - INFO - new node test roc_auc, 0.9552
2025-10-02 13:18:30,954 - root - INFO - Epoch: 54, learning rate: 0.0001, train loss: 0.1575
2025-10-02 13:18:30,955 - root - INFO - train average_precision, 0.9838
2025-10-02 13:18:30,955 - root - INFO - train roc_auc, 0.9838
2025-10-02 13:18:30,955 - root - INFO - validate loss: 0.1738
2025-10-02 13:18:30,955 - root - INFO - validate average_precision, 0.9827
2025-10-02 13:18:30,955 - root - INFO - validate roc_auc, 0.9818
2025-10-02 13:18:30,955 - root - INFO - new node validate loss: 0.3322
2025-10-02 13:18:30,955 - root - INFO - new node validate average_precision, 0.9413
2025-10-02 13:18:30,955 - root - INFO - new node validate roc_auc, 0.9348
2025-10-02 13:18:50,728 - root - INFO - test loss: 0.1842
2025-10-02 13:18:50,728 - root - INFO - test average_precision, 0.9811
2025-10-02 13:18:50,728 - root - INFO - best test average_precision: 0.9840
2025-10-02 13:18:50,728 - root - INFO - test roc_auc, 0.9809
2025-10-02 13:18:50,728 - root - INFO - new node test loss: 0.2568
2025-10-02 13:18:50,728 - root - INFO - new node test average_precision, 0.9620
2025-10-02 13:18:50,728 - root - INFO - new node test roc_auc, 0.9615
2025-10-02 13:20:41,775 - root - INFO - Epoch: 55, learning rate: 0.0001, train loss: 0.1561
2025-10-02 13:20:41,776 - root - INFO - train average_precision, 0.9841
2025-10-02 13:20:41,776 - root - INFO - train roc_auc, 0.9841
2025-10-02 13:20:41,777 - root - INFO - validate loss: 0.1739
2025-10-02 13:20:41,777 - root - INFO - validate average_precision, 0.9825
2025-10-02 13:20:41,777 - root - INFO - validate roc_auc, 0.9817
2025-10-02 13:20:41,777 - root - INFO - new node validate loss: 0.3325
2025-10-02 13:20:41,777 - root - INFO - new node validate average_precision, 0.9398
2025-10-02 13:20:41,777 - root - INFO - new node validate roc_auc, 0.9344
2025-10-02 13:21:01,594 - root - INFO - test loss: 0.1842
2025-10-02 13:21:01,594 - root - INFO - test average_precision, 0.9798
2025-10-02 13:21:01,595 - root - INFO - best test average_precision: 0.9840
2025-10-02 13:21:01,595 - root - INFO - test roc_auc, 0.9800
2025-10-02 13:21:01,595 - root - INFO - new node test loss: 0.2747
2025-10-02 13:21:01,595 - root - INFO - new node test average_precision, 0.9555
2025-10-02 13:21:01,595 - root - INFO - new node test roc_auc, 0.9563
2025-10-02 13:22:52,771 - root - INFO - Epoch: 56, learning rate: 0.0001, train loss: 0.1571
2025-10-02 13:22:52,771 - root - INFO - train average_precision, 0.9839
2025-10-02 13:22:52,772 - root - INFO - train roc_auc, 0.9839
2025-10-02 13:22:52,772 - root - INFO - validate loss: 0.1728
2025-10-02 13:22:52,772 - root - INFO - validate average_precision, 0.9828
2025-10-02 13:22:52,772 - root - INFO - validate roc_auc, 0.9820
2025-10-02 13:22:52,772 - root - INFO - new node validate loss: 0.3248
2025-10-02 13:22:52,772 - root - INFO - new node validate average_precision, 0.9435
2025-10-02 13:22:52,772 - root - INFO - new node validate roc_auc, 0.9373
2025-10-02 13:23:12,701 - root - INFO - test loss: 0.1776
2025-10-02 13:23:12,701 - root - INFO - test average_precision, 0.9813
2025-10-02 13:23:12,701 - root - INFO - best test average_precision: 0.9840
2025-10-02 13:23:12,702 - root - INFO - test roc_auc, 0.9814
2025-10-02 13:23:12,702 - root - INFO - new node test loss: 0.2498
2025-10-02 13:23:12,702 - root - INFO - new node test average_precision, 0.9637
2025-10-02 13:23:12,702 - root - INFO - new node test roc_auc, 0.9628
2025-10-02 13:25:03,860 - root - INFO - Epoch: 57, learning rate: 0.0001, train loss: 0.1561
2025-10-02 13:25:03,861 - root - INFO - train average_precision, 0.9841
2025-10-02 13:25:03,861 - root - INFO - train roc_auc, 0.9841
2025-10-02 13:25:03,862 - root - INFO - validate loss: 0.1758
2025-10-02 13:25:03,862 - root - INFO - validate average_precision, 0.9823
2025-10-02 13:25:03,862 - root - INFO - validate roc_auc, 0.9814
2025-10-02 13:25:03,862 - root - INFO - new node validate loss: 0.3436
2025-10-02 13:25:03,862 - root - INFO - new node validate average_precision, 0.9382
2025-10-02 13:25:03,862 - root - INFO - new node validate roc_auc, 0.9318
2025-10-02 13:25:23,838 - root - INFO - test loss: 0.1927
2025-10-02 13:25:23,838 - root - INFO - test average_precision, 0.9794
2025-10-02 13:25:23,839 - root - INFO - best test average_precision: 0.9840
2025-10-02 13:25:23,839 - root - INFO - test roc_auc, 0.9791
2025-10-02 13:25:23,839 - root - INFO - new node test loss: 0.2762
2025-10-02 13:25:23,839 - root - INFO - new node test average_precision, 0.9573
2025-10-02 13:25:23,839 - root - INFO - new node test roc_auc, 0.9567
2025-10-02 13:27:15,102 - root - INFO - Epoch: 58, learning rate: 0.0001, train loss: 0.1555
2025-10-02 13:27:15,103 - root - INFO - train average_precision, 0.9843
2025-10-02 13:27:15,104 - root - INFO - train roc_auc, 0.9842
2025-10-02 13:27:15,104 - root - INFO - validate loss: 0.1737
2025-10-02 13:27:15,104 - root - INFO - validate average_precision, 0.9827
2025-10-02 13:27:15,104 - root - INFO - validate roc_auc, 0.9819
2025-10-02 13:27:15,104 - root - INFO - new node validate loss: 0.3306
2025-10-02 13:27:15,104 - root - INFO - new node validate average_precision, 0.9413
2025-10-02 13:27:15,104 - root - INFO - new node validate roc_auc, 0.9362
2025-10-02 13:27:35,143 - root - INFO - test loss: 0.1837
2025-10-02 13:27:35,143 - root - INFO - test average_precision, 0.9812
2025-10-02 13:27:35,143 - root - INFO - best test average_precision: 0.9840
2025-10-02 13:27:35,143 - root - INFO - test roc_auc, 0.9807
2025-10-02 13:27:35,143 - root - INFO - new node test loss: 0.2602
2025-10-02 13:27:35,143 - root - INFO - new node test average_precision, 0.9610
2025-10-02 13:27:35,144 - root - INFO - new node test roc_auc, 0.9604
2025-10-02 13:29:26,672 - root - INFO - Epoch: 59, learning rate: 0.0001, train loss: 0.1562
2025-10-02 13:29:26,672 - root - INFO - train average_precision, 0.9840
2025-10-02 13:29:26,673 - root - INFO - train roc_auc, 0.9841
2025-10-02 13:29:26,673 - root - INFO - validate loss: 0.1720
2025-10-02 13:29:26,673 - root - INFO - validate average_precision, 0.9829
2025-10-02 13:29:26,673 - root - INFO - validate roc_auc, 0.9822
2025-10-02 13:29:26,673 - root - INFO - new node validate loss: 0.3356
2025-10-02 13:29:26,673 - root - INFO - new node validate average_precision, 0.9417
2025-10-02 13:29:26,673 - root - INFO - new node validate roc_auc, 0.9352
2025-10-02 13:29:46,628 - root - INFO - test loss: 0.1760
2025-10-02 13:29:46,628 - root - INFO - test average_precision, 0.9810
2025-10-02 13:29:46,628 - root - INFO - best test average_precision: 0.9840
2025-10-02 13:29:46,629 - root - INFO - test roc_auc, 0.9815
2025-10-02 13:29:46,629 - root - INFO - new node test loss: 0.2551
2025-10-02 13:29:46,629 - root - INFO - new node test average_precision, 0.9631
2025-10-02 13:29:46,629 - root - INFO - new node test roc_auc, 0.9620
2025-10-02 13:31:37,566 - root - INFO - Epoch: 60, learning rate: 0.0001, train loss: 0.1553
2025-10-02 13:31:37,567 - root - INFO - train average_precision, 0.9841
2025-10-02 13:31:37,567 - root - INFO - train roc_auc, 0.9842
2025-10-02 13:31:37,567 - root - INFO - validate loss: 0.1746
2025-10-02 13:31:37,567 - root - INFO - validate average_precision, 0.9825
2025-10-02 13:31:37,567 - root - INFO - validate roc_auc, 0.9817
2025-10-02 13:31:37,567 - root - INFO - new node validate loss: 0.3327
2025-10-02 13:31:37,568 - root - INFO - new node validate average_precision, 0.9428
2025-10-02 13:31:37,568 - root - INFO - new node validate roc_auc, 0.9373
2025-10-02 13:31:57,458 - root - INFO - test loss: 0.1825
2025-10-02 13:31:57,458 - root - INFO - test average_precision, 0.9802
2025-10-02 13:31:57,458 - root - INFO - best test average_precision: 0.9840
2025-10-02 13:31:57,458 - root - INFO - test roc_auc, 0.9806
2025-10-02 13:31:57,458 - root - INFO - new node test loss: 0.2654
2025-10-02 13:31:57,458 - root - INFO - new node test average_precision, 0.9588
2025-10-02 13:31:57,458 - root - INFO - new node test roc_auc, 0.9590
2025-10-02 13:31:57,459 - root - INFO - load model ./saved_models/JODIE/reddit/JODIE_time2vec_seed2/JODIE_time2vec_seed2.pkl
2025-10-02 13:31:58,893 - root - INFO - get final performance on dataset reddit...
2025-10-02 13:32:19,436 - root - INFO - test loss: 0.1655
2025-10-02 13:32:19,437 - root - INFO - test average_precision, 0.9840
2025-10-02 13:32:19,437 - root - INFO - test roc_auc, 0.9835
2025-10-02 13:32:19,437 - root - INFO - new node test loss: 0.2363
2025-10-02 13:32:19,437 - root - INFO - new node test average_precision, 0.9685
2025-10-02 13:32:19,437 - root - INFO - new node test roc_auc, 0.9676
2025-10-02 13:32:19,437 - root - INFO - Run 3 cost 7930.87 seconds.
