2025-10-08 07:19:29,036 - root - INFO - ********** Run 2 starts. **********
2025-10-08 07:19:29,036 - root - INFO - configuration is Namespace(dataset_name='lastfm', batch_size=200, model_name='TCL', gpu=0, num_neighbors=20, sample_neighbor_strategy='recent', time_scaling_factor=1e-06, num_walk_heads=8, num_heads=2, num_layers=2, walk_length=1, time_gap=2000, time_feat_dim=100, position_feat_dim=172, time_window_mode='fixed_proportion', time_encoder_type='mercer', expert_dim=128, num_mixtures=16, sort_neighbors_by_time=False, patch_size=1, channel_embedding_dim=50, max_input_sequence_length=32, learning_rate=0.0001, dropout=0.1, gamma=0.5, num_epochs=2, optimizer='Adam', weight_decay=0.0, patience=20, val_ratio=0.15, test_ratio=0.15, num_runs=2, test_interval_epochs=100, negative_sample_strategy='random', max_interaction_times=10, load_best_configs=True, data_ratio=0.05, seed=1, save_model_name_suffix='', ablation_dir='', mamba_d_state=256, mamba_d_conv=4, mamba_expand=2, mamba_headdim=64, resume_from_checkpoint=None, save_checkpoints=True, checkpoint_interval=20, start_from_seed=0, max_checkpoints_to_keep=3, checkpoint_strategy='minimal', validate_checkpoints=True, device='cuda:0', save_model_name='TCL_mercer_seed1')
2025-10-08 07:19:29,038 - root - INFO - Metrics will be saved to: ./saved_metrics/TCL/lastfm/TCL_mercer_seed1
2025-10-08 07:19:29,038 - root - INFO - time encoder type: mercer
2025-10-08 07:19:29,038 - root - INFO - Time encoder will be injected into TCL model
2025-10-08 07:19:29,492 - root - INFO - model -> Sequential(
  (0): TCL(
    (time_encoder): TimeEncoderWrapper(
      (encoder): MercerTimeEncoder()
    )
    (depth_embedding): Embedding(21, 172)
    (projection_layer): ModuleDict(
      (node): Linear(in_features=172, out_features=172, bias=True)
      (edge): Linear(in_features=172, out_features=172, bias=True)
      (time): Linear(in_features=100, out_features=172, bias=True)
    )
    (transformers): ModuleList(
      (0-1): 2 x TransformerEncoder(
        (multi_head_attention): MultiheadAttention(
          (out_proj): NonDynamicallyQuantizableLinear(in_features=172, out_features=172, bias=True)
        )
        (dropout): Dropout(p=0.1, inplace=False)
        (linear_layers): ModuleList(
          (0): Linear(in_features=172, out_features=688, bias=True)
          (1): Linear(in_features=688, out_features=172, bias=True)
        )
        (norm_layers): ModuleList(
          (0-1): 2 x LayerNorm((172,), eps=1e-05, elementwise_affine=True)
        )
      )
    )
    (output_layer): Linear(in_features=172, out_features=172, bias=True)
  )
  (1): MergeLayer(
    (fc1): Linear(in_features=344, out_features=172, bias=True)
    (fc2): Linear(in_features=172, out_features=1, bias=True)
    (act): ReLU()
  )
)
2025-10-08 07:19:29,492 - root - INFO - model name: TCL, #parameters: 3544212 B, 3461.14453125 KB, 3.380023956298828 MB.
2025-10-08 07:19:39,244 - root - INFO - Epoch: 1, learning rate: 0.0001, train loss: 0.5859
2025-10-08 07:19:39,245 - root - INFO - train average_precision, 0.7455
2025-10-08 07:19:39,245 - root - INFO - train roc_auc, 0.7612
2025-10-08 07:19:39,245 - root - INFO - validate loss: 0.6132
2025-10-08 07:19:39,245 - root - INFO - validate average_precision, 0.7262
2025-10-08 07:19:39,245 - root - INFO - validate roc_auc, 0.7383
2025-10-08 07:19:39,245 - root - INFO - new node validate loss: 0.7138
2025-10-08 07:19:39,245 - root - INFO - new node validate average_precision, 0.6132
2025-10-08 07:19:39,245 - root - INFO - new node validate roc_auc, 0.6211
2025-10-08 07:19:39,255 - root - INFO - save model ./saved_models/TCL/lastfm/TCL_mercer_seed1/TCL_mercer_seed1.pkl
2025-10-08 07:19:48,702 - root - INFO - Epoch: 2, learning rate: 0.0001, train loss: 0.5323
2025-10-08 07:19:48,703 - root - INFO - train average_precision, 0.8015
2025-10-08 07:19:48,703 - root - INFO - train roc_auc, 0.8077
2025-10-08 07:19:48,703 - root - INFO - validate loss: 0.5815
2025-10-08 07:19:48,703 - root - INFO - validate average_precision, 0.7682
2025-10-08 07:19:48,703 - root - INFO - validate roc_auc, 0.7636
2025-10-08 07:19:48,703 - root - INFO - new node validate loss: 0.6933
2025-10-08 07:19:48,703 - root - INFO - new node validate average_precision, 0.6485
2025-10-08 07:19:48,703 - root - INFO - new node validate roc_auc, 0.6419
2025-10-08 07:19:48,707 - root - INFO - save model ./saved_models/TCL/lastfm/TCL_mercer_seed1/TCL_mercer_seed1.pkl
2025-10-08 07:19:48,745 - root - INFO - load model ./saved_models/TCL/lastfm/TCL_mercer_seed1/TCL_mercer_seed1.pkl
2025-10-08 07:19:48,762 - root - INFO - get final performance on dataset lastfm...
2025-10-08 07:19:51,443 - root - INFO - validate loss: 0.5815
2025-10-08 07:19:51,443 - root - INFO - validate average_precision, 0.7682
2025-10-08 07:19:51,443 - root - INFO - validate roc_auc, 0.7636
2025-10-08 07:19:51,443 - root - INFO - new node validate loss: 0.6933
2025-10-08 07:19:51,443 - root - INFO - new node validate average_precision, 0.6485
2025-10-08 07:19:51,443 - root - INFO - new node validate roc_auc, 0.6419
2025-10-08 07:19:51,443 - root - INFO - test loss: 0.6155
2025-10-08 07:19:51,443 - root - INFO - test average_precision, 0.7313
2025-10-08 07:19:51,443 - root - INFO - test roc_auc, 0.7262
2025-10-08 07:19:51,443 - root - INFO - new node test loss: 0.6761
2025-10-08 07:19:51,443 - root - INFO - new node test average_precision, 0.6571
2025-10-08 07:19:51,443 - root - INFO - new node test roc_auc, 0.6545
2025-10-08 07:19:51,453 - root - INFO - ✅ Metrics saved to: ./saved_metrics/TCL/lastfm/TCL_mercer_seed1
2025-10-08 07:19:51,453 - root - INFO - Run 2 cost 22.42 seconds.
2025-10-08 07:19:51,458 - root - INFO - metrics over 2 runs:
2025-10-08 07:19:51,458 - root - INFO - validate average_precision, [np.float64(0.7671480234622607), np.float64(0.76816087237252)]
2025-10-08 07:19:51,458 - root - INFO - average validate average_precision, 0.7677 ± 0.0007
2025-10-08 07:19:51,458 - root - INFO - validate roc_auc, [np.float64(0.7630738698373978), np.float64(0.7636011558746781)]
2025-10-08 07:19:51,458 - root - INFO - average validate roc_auc, 0.7633 ± 0.0004
2025-10-08 07:19:51,458 - root - INFO - new node validate average_precision, [np.float64(0.6482275530065693), np.float64(0.6485492290272341)]
2025-10-08 07:19:51,458 - root - INFO - average new node validate average_precision, 0.6484 ± 0.0002
2025-10-08 07:19:51,459 - root - INFO - new node validate roc_auc, [np.float64(0.6400520916354707), np.float64(0.6418703521112588)]
2025-10-08 07:19:51,459 - root - INFO - average new node validate roc_auc, 0.6410 ± 0.0013
2025-10-08 07:19:51,459 - root - INFO - test average_precision, [np.float64(0.7307466493401179), np.float64(0.7312506304171441)]
2025-10-08 07:19:51,459 - root - INFO - average test average_precision, 0.7310 ± 0.0004
2025-10-08 07:19:51,459 - root - INFO - test roc_auc, [np.float64(0.725265763879779), np.float64(0.7262289139071607)]
2025-10-08 07:19:51,459 - root - INFO - average test roc_auc, 0.7257 ± 0.0007
2025-10-08 07:19:51,459 - root - INFO - new node test average_precision, [np.float64(0.6585690255804779), np.float64(0.6570955527493136)]
2025-10-08 07:19:51,459 - root - INFO - average new node test average_precision, 0.6578 ± 0.0010
2025-10-08 07:19:51,459 - root - INFO - new node test roc_auc, [np.float64(0.6588096065689981), np.float64(0.6544518537334594)]
2025-10-08 07:19:51,459 - root - INFO - average new node test roc_auc, 0.6566 ± 0.0031
