2025-10-08 03:39:30,536 - root - INFO - ********** Run 2 starts. **********
2025-10-08 03:39:30,536 - root - INFO - configuration is Namespace(dataset_name='wikipedia', batch_size=200, model_name='TGAT', gpu=0, num_neighbors=20, sample_neighbor_strategy='recent', time_scaling_factor=1e-06, num_walk_heads=8, num_heads=2, num_layers=2, walk_length=1, time_gap=2000, time_feat_dim=100, position_feat_dim=172, time_window_mode='fixed_proportion', time_encoder_type='original', expert_dim=128, num_mixtures=16, sort_neighbors_by_time=False, patch_size=1, channel_embedding_dim=50, max_input_sequence_length=32, learning_rate=0.0001, dropout=0.1, gamma=0.5, num_epochs=2, optimizer='Adam', weight_decay=0.0, patience=20, val_ratio=0.15, test_ratio=0.15, num_runs=2, test_interval_epochs=100, negative_sample_strategy='random', max_interaction_times=10, load_best_configs=True, data_ratio=0.05, seed=1, save_model_name_suffix='', ablation_dir='', mamba_d_state=256, mamba_d_conv=4, mamba_expand=2, mamba_headdim=64, resume_from_checkpoint=None, save_checkpoints=True, checkpoint_interval=20, start_from_seed=0, max_checkpoints_to_keep=3, checkpoint_strategy='minimal', validate_checkpoints=True, device='cuda:0', save_model_name='TGAT_original_seed1')
2025-10-08 03:39:30,536 - root - INFO - Metrics will be saved to: ./saved_metrics/TGAT/wikipedia/TGAT_original_seed1
2025-10-08 03:39:30,537 - root - INFO - time encoder type: original
2025-10-08 03:39:30,537 - root - INFO - Time encoder will be injected into TGAT model
2025-10-08 03:39:30,598 - root - INFO - model -> Sequential(
  (0): TGAT(
    (time_encoder): TimeEncoderWrapper(
      (encoder): TimeEncoder(
        (w): Linear(in_features=1, out_features=100, bias=True)
      )
    )
    (temporal_conv_layers): ModuleList(
      (0-1): 2 x MultiHeadAttention(
        (query_projection): Linear(in_features=272, out_features=272, bias=False)
        (key_projection): Linear(in_features=444, out_features=272, bias=False)
        (value_projection): Linear(in_features=444, out_features=272, bias=False)
        (layer_norm): LayerNorm((272,), eps=1e-05, elementwise_affine=True)
        (residual_fc): Linear(in_features=272, out_features=272, bias=True)
        (dropout): Dropout(p=0.1, inplace=False)
      )
    )
    (merge_layers): ModuleList(
      (0-1): 2 x MergeLayer(
        (fc1): Linear(in_features=444, out_features=172, bias=True)
        (fc2): Linear(in_features=172, out_features=172, bias=True)
        (act): ReLU()
      )
    )
  )
  (1): MergeLayer(
    (fc1): Linear(in_features=344, out_features=172, bias=True)
    (fc2): Linear(in_features=172, out_features=1, bias=True)
    (act): ReLU()
  )
)
2025-10-08 03:39:30,598 - root - INFO - model name: TGAT, #parameters: 4211780 B, 4113.06640625 KB, 4.016666412353516 MB.
2025-10-08 03:39:34,456 - root - INFO - Epoch: 1, learning rate: 0.0001, train loss: 0.6765
2025-10-08 03:39:34,457 - root - INFO - train average_precision, 0.7831
2025-10-08 03:39:34,457 - root - INFO - train roc_auc, 0.7908
2025-10-08 03:39:34,457 - root - INFO - validate loss: 0.6395
2025-10-08 03:39:34,457 - root - INFO - validate average_precision, 0.8507
2025-10-08 03:39:34,457 - root - INFO - validate roc_auc, 0.8454
2025-10-08 03:39:34,457 - root - INFO - new node validate loss: 0.6627
2025-10-08 03:39:34,457 - root - INFO - new node validate average_precision, 0.6974
2025-10-08 03:39:34,457 - root - INFO - new node validate roc_auc, 0.7170
2025-10-08 03:39:34,466 - root - INFO - save model ./saved_models/TGAT/wikipedia/TGAT_original_seed1/TGAT_original_seed1.pkl
2025-10-08 03:39:38,223 - root - INFO - Epoch: 2, learning rate: 0.0001, train loss: 0.5515
2025-10-08 03:39:38,223 - root - INFO - train average_precision, 0.8695
2025-10-08 03:39:38,223 - root - INFO - train roc_auc, 0.8829
2025-10-08 03:39:38,223 - root - INFO - validate loss: 0.4144
2025-10-08 03:39:38,223 - root - INFO - validate average_precision, 0.8966
2025-10-08 03:39:38,223 - root - INFO - validate roc_auc, 0.9097
2025-10-08 03:39:38,223 - root - INFO - new node validate loss: 0.5396
2025-10-08 03:39:38,223 - root - INFO - new node validate average_precision, 0.7909
2025-10-08 03:39:38,223 - root - INFO - new node validate roc_auc, 0.8163
2025-10-08 03:39:38,228 - root - INFO - save model ./saved_models/TGAT/wikipedia/TGAT_original_seed1/TGAT_original_seed1.pkl
2025-10-08 03:39:38,269 - root - INFO - load model ./saved_models/TGAT/wikipedia/TGAT_original_seed1/TGAT_original_seed1.pkl
2025-10-08 03:39:38,284 - root - INFO - get final performance on dataset wikipedia...
2025-10-08 03:39:40,134 - root - INFO - validate loss: 0.4144
2025-10-08 03:39:40,134 - root - INFO - validate average_precision, 0.8966
2025-10-08 03:39:40,134 - root - INFO - validate roc_auc, 0.9097
2025-10-08 03:39:40,134 - root - INFO - new node validate loss: 0.5396
2025-10-08 03:39:40,134 - root - INFO - new node validate average_precision, 0.7909
2025-10-08 03:39:40,134 - root - INFO - new node validate roc_auc, 0.8163
2025-10-08 03:39:40,134 - root - INFO - test loss: 0.4217
2025-10-08 03:39:40,134 - root - INFO - test average_precision, 0.8884
2025-10-08 03:39:40,134 - root - INFO - test roc_auc, 0.9083
2025-10-08 03:39:40,134 - root - INFO - new node test loss: 0.4885
2025-10-08 03:39:40,134 - root - INFO - new node test average_precision, 0.8240
2025-10-08 03:39:40,135 - root - INFO - new node test roc_auc, 0.8576
2025-10-08 03:39:40,143 - root - INFO - ✅ Metrics saved to: ./saved_metrics/TGAT/wikipedia/TGAT_original_seed1
2025-10-08 03:39:40,143 - root - INFO - Run 2 cost 9.61 seconds.
2025-10-08 03:39:40,146 - root - INFO - metrics over 2 runs:
2025-10-08 03:39:40,146 - root - INFO - validate average_precision, [np.float64(0.8843934230772752), np.float64(0.8965891901802182)]
2025-10-08 03:39:40,146 - root - INFO - average validate average_precision, 0.8905 ± 0.0086
2025-10-08 03:39:40,146 - root - INFO - validate roc_auc, [np.float64(0.9105446218445713), np.float64(0.9096826057787207)]
2025-10-08 03:39:40,147 - root - INFO - average validate roc_auc, 0.9101 ± 0.0006
2025-10-08 03:39:40,147 - root - INFO - new node validate average_precision, [np.float64(0.7779323050957557), np.float64(0.7909070087943204)]
2025-10-08 03:39:40,147 - root - INFO - average new node validate average_precision, 0.7844 ± 0.0092
2025-10-08 03:39:40,147 - root - INFO - new node validate roc_auc, [np.float64(0.8074248938246098), np.float64(0.8163201302800736)]
2025-10-08 03:39:40,147 - root - INFO - average new node validate roc_auc, 0.8119 ± 0.0063
2025-10-08 03:39:40,147 - root - INFO - test average_precision, [np.float64(0.8851416533976099), np.float64(0.8883726041342509)]
2025-10-08 03:39:40,147 - root - INFO - average test average_precision, 0.8868 ± 0.0023
2025-10-08 03:39:40,147 - root - INFO - test roc_auc, [np.float64(0.9079263312958498), np.float64(0.9083162849246563)]
2025-10-08 03:39:40,147 - root - INFO - average test roc_auc, 0.9081 ± 0.0003
2025-10-08 03:39:40,147 - root - INFO - new node test average_precision, [np.float64(0.8155591505613364), np.float64(0.8240044808089757)]
2025-10-08 03:39:40,148 - root - INFO - average new node test average_precision, 0.8198 ± 0.0060
2025-10-08 03:39:40,148 - root - INFO - new node test roc_auc, [np.float64(0.8570697598048415), np.float64(0.8575759429536498)]
2025-10-08 03:39:40,148 - root - INFO - average new node test roc_auc, 0.8573 ± 0.0004
