2025-10-08 09:03:50,570 - root - INFO - ********** Run 2 starts. **********
2025-10-08 09:03:50,571 - root - INFO - configuration is Namespace(dataset_name='SocialEvo', batch_size=200, model_name='DyGMamba', gpu=0, num_neighbors=20, sample_neighbor_strategy='uniform', time_scaling_factor=1e-06, num_walk_heads=8, num_heads=2, num_layers=2, walk_length=1, time_gap=2000, time_feat_dim=100, position_feat_dim=172, time_window_mode='fixed_proportion', time_encoder_type='bochner', expert_dim=128, num_mixtures=16, sort_neighbors_by_time=False, patch_size=1, channel_embedding_dim=50, max_input_sequence_length=32, learning_rate=0.0001, dropout=0.1, gamma=0.5, num_epochs=2, optimizer='Adam', weight_decay=0.0, patience=20, val_ratio=0.15, test_ratio=0.15, num_runs=2, test_interval_epochs=100, negative_sample_strategy='random', max_interaction_times=5, load_best_configs=True, data_ratio=0.05, seed=1, save_model_name_suffix='', ablation_dir='', mamba_d_state=256, mamba_d_conv=4, mamba_expand=2, mamba_headdim=64, resume_from_checkpoint=None, save_checkpoints=True, checkpoint_interval=20, start_from_seed=0, max_checkpoints_to_keep=3, checkpoint_strategy='minimal', validate_checkpoints=True, device='cuda:0', save_model_name='DyGMamba_bochner_seed1')
2025-10-08 09:03:50,572 - root - INFO - Metrics will be saved to: ./saved_metrics/DyGMamba/SocialEvo/DyGMamba_bochner_seed1
2025-10-08 09:03:50,573 - root - INFO - time encoder type: bochner
2025-10-08 09:03:50,573 - root - INFO - Time encoder will be injected into DyGMamba model
2025-10-08 09:03:51,211 - root - INFO - model -> Sequential(
  (0): DyGMamba(
    (time_encoder): TimeEncoderWrapper(
      (encoder): BochnerTimeEncoder()
    )
    (neighbor_co_occurrence_encoder): NIFEncoder(
      (nif_encode_layer): Sequential(
        (0): Linear(in_features=1, out_features=50, bias=True)
        (1): ReLU()
        (2): Linear(in_features=50, out_features=50, bias=True)
      )
    )
    (projection_layer): ModuleDict(
      (node): Linear(in_features=172, out_features=50, bias=True)
      (edge): Linear(in_features=172, out_features=50, bias=True)
      (time): Linear(in_features=100, out_features=50, bias=True)
      (neighbor_co_occurrence): Linear(in_features=50, out_features=50, bias=True)
    )
    (output_layer): Linear(in_features=100, out_features=172, bias=True)
    (output_layer_t_diff): Linear(in_features=25, out_features=172, bias=True)
    (mamba): ModuleList(
      (0-1): 2 x Mamba(
        (in_proj): Linear(in_features=100, out_features=200, bias=False)
        (conv1d): Conv1d(100, 100, kernel_size=(4,), stride=(1,), padding=(3,), groups=100)
        (act): SiLU()
        (x_proj): Linear(in_features=100, out_features=39, bias=False)
        (dt_proj): Linear(in_features=7, out_features=100, bias=True)
        (out_proj): Linear(in_features=100, out_features=100, bias=False)
      )
    )
    (mamba_t_diff): ModuleList(
      (0-1): 2 x Mamba(
        (in_proj): Linear(in_features=25, out_features=50, bias=False)
        (conv1d): Conv1d(25, 25, kernel_size=(4,), stride=(1,), padding=(3,), groups=25)
        (act): SiLU()
        (x_proj): Linear(in_features=25, out_features=34, bias=False)
        (dt_proj): Linear(in_features=2, out_features=25, bias=True)
        (out_proj): Linear(in_features=25, out_features=25, bias=False)
      )
    )
    (projection_layer_t_diff): Linear(in_features=100, out_features=25, bias=True)
    (projection_layer_t_diff_up): Linear(in_features=25, out_features=100, bias=True)
    (weightagg): Linear(in_features=100, out_features=1, bias=True)
    (reduce_layer): Linear(in_features=200, out_features=100, bias=True)
    (channel_norm): LayerNorm((100,), eps=1e-05, elementwise_affine=True)
    (channel_feedforward): FeedForwardNet(
      (ffn): Sequential(
        (0): Linear(in_features=100, out_features=400, bias=True)
        (1): GELU(approximate='none')
        (2): Dropout(p=0.1, inplace=False)
        (3): Linear(in_features=400, out_features=100, bias=True)
        (4): Dropout(p=0.1, inplace=False)
      )
    )
    (neighbor_selection_layer): Linear(in_features=100, out_features=100, bias=True)
  )
  (1): MergeLayerTD(
    (fc1): Linear(in_features=516, out_features=172, bias=True)
    (fc2): Linear(in_features=172, out_features=1, bias=True)
    (act): ReLU()
  )
)
2025-10-08 09:03:51,212 - root - INFO - model name: DyGMamba, #parameters: 1340868 B, 1309.44140625 KB, 1.2787513732910156 MB.
2025-10-08 09:04:56,589 - root - INFO - Epoch: 1, learning rate: 0.0001, train loss: 0.3605
2025-10-08 09:04:56,590 - root - INFO - train average_precision, 0.8641
2025-10-08 09:04:56,590 - root - INFO - train roc_auc, 0.8982
2025-10-08 09:04:56,590 - root - INFO - validate loss: 0.2959
2025-10-08 09:04:56,590 - root - INFO - validate average_precision, 0.9061
2025-10-08 09:04:56,590 - root - INFO - validate roc_auc, 0.9284
2025-10-08 09:04:56,590 - root - INFO - new node validate loss: 0.3411
2025-10-08 09:04:56,590 - root - INFO - new node validate average_precision, 0.8805
2025-10-08 09:04:56,590 - root - INFO - new node validate roc_auc, 0.9098
2025-10-08 09:04:56,600 - root - INFO - save model ./saved_models/DyGMamba/SocialEvo/DyGMamba_bochner_seed1/DyGMamba_bochner_seed1.pkl
2025-10-08 09:06:02,289 - root - INFO - Epoch: 2, learning rate: 0.0001, train loss: 0.2985
2025-10-08 09:06:02,290 - root - INFO - train average_precision, 0.9029
2025-10-08 09:06:02,290 - root - INFO - train roc_auc, 0.9281
2025-10-08 09:06:02,290 - root - INFO - validate loss: 0.2952
2025-10-08 09:06:02,290 - root - INFO - validate average_precision, 0.9063
2025-10-08 09:06:02,290 - root - INFO - validate roc_auc, 0.9293
2025-10-08 09:06:02,290 - root - INFO - new node validate loss: 0.3457
2025-10-08 09:06:02,290 - root - INFO - new node validate average_precision, 0.8777
2025-10-08 09:06:02,290 - root - INFO - new node validate roc_auc, 0.9090
2025-10-08 09:06:02,299 - root - INFO - save model ./saved_models/DyGMamba/SocialEvo/DyGMamba_bochner_seed1/DyGMamba_bochner_seed1.pkl
2025-10-08 09:06:02,323 - root - INFO - load model ./saved_models/DyGMamba/SocialEvo/DyGMamba_bochner_seed1/DyGMamba_bochner_seed1.pkl
2025-10-08 09:06:02,337 - root - INFO - get final performance on dataset SocialEvo...
2025-10-08 09:06:28,077 - root - INFO - validate loss: 0.2952
2025-10-08 09:06:28,078 - root - INFO - validate average_precision, 0.9063
2025-10-08 09:06:28,078 - root - INFO - validate roc_auc, 0.9293
2025-10-08 09:06:28,078 - root - INFO - new node validate loss: 0.3457
2025-10-08 09:06:28,078 - root - INFO - new node validate average_precision, 0.8777
2025-10-08 09:06:28,078 - root - INFO - new node validate roc_auc, 0.9090
2025-10-08 09:06:28,078 - root - INFO - test loss: 0.2715
2025-10-08 09:06:28,078 - root - INFO - test average_precision, 0.9212
2025-10-08 09:06:28,078 - root - INFO - test roc_auc, 0.9402
2025-10-08 09:06:28,078 - root - INFO - new node test loss: 0.3106
2025-10-08 09:06:28,078 - root - INFO - new node test average_precision, 0.8917
2025-10-08 09:06:28,078 - root - INFO - new node test roc_auc, 0.9151
2025-10-08 09:06:28,087 - root - INFO - ✅ Metrics saved to: ./saved_metrics/DyGMamba/SocialEvo/DyGMamba_bochner_seed1
2025-10-08 09:06:28,087 - root - INFO - Run 2 cost 157.52 seconds.
2025-10-08 09:06:28,091 - root - INFO - metrics over 2 runs:
2025-10-08 09:06:28,091 - root - INFO - validate average_precision, [np.float64(0.9075833451159415), np.float64(0.9062587856901178)]
2025-10-08 09:06:28,091 - root - INFO - average validate average_precision, 0.9069 ± 0.0009
2025-10-08 09:06:28,091 - root - INFO - validate roc_auc, [np.float64(0.931559958398038), np.float64(0.929286640057392)]
2025-10-08 09:06:28,092 - root - INFO - average validate roc_auc, 0.9304 ± 0.0016
2025-10-08 09:06:28,092 - root - INFO - new node validate average_precision, [np.float64(0.8923045592692144), np.float64(0.8777175307395141)]
2025-10-08 09:06:28,092 - root - INFO - average new node validate average_precision, 0.8850 ± 0.0103
2025-10-08 09:06:28,092 - root - INFO - new node validate roc_auc, [np.float64(0.9183288345576982), np.float64(0.909010383379247)]
2025-10-08 09:06:28,092 - root - INFO - average new node validate roc_auc, 0.9137 ± 0.0066
2025-10-08 09:06:28,092 - root - INFO - test average_precision, [np.float64(0.9222657368971794), np.float64(0.9212306316259072)]
2025-10-08 09:06:28,092 - root - INFO - average test average_precision, 0.9217 ± 0.0007
2025-10-08 09:06:28,092 - root - INFO - test roc_auc, [np.float64(0.9415479219570375), np.float64(0.9401865803468551)]
2025-10-08 09:06:28,092 - root - INFO - average test roc_auc, 0.9409 ± 0.0010
2025-10-08 09:06:28,092 - root - INFO - new node test average_precision, [np.float64(0.8967036915505879), np.float64(0.8917141179472154)]
2025-10-08 09:06:28,092 - root - INFO - average new node test average_precision, 0.8942 ± 0.0035
2025-10-08 09:06:28,092 - root - INFO - new node test roc_auc, [np.float64(0.9162170991926183), np.float64(0.9151326268742791)]
2025-10-08 09:06:28,093 - root - INFO - average new node test roc_auc, 0.9157 ± 0.0008
