2025-10-08 11:11:37,720 - root - INFO - ********** Run 2 starts. **********
2025-10-08 11:11:37,720 - root - INFO - configuration is Namespace(dataset_name='uci', batch_size=200, model_name='TCL', gpu=0, num_neighbors=20, sample_neighbor_strategy='recent', time_scaling_factor=1e-06, num_walk_heads=8, num_heads=2, num_layers=2, walk_length=1, time_gap=2000, time_feat_dim=100, position_feat_dim=172, time_window_mode='fixed_proportion', time_encoder_type='time2vec', expert_dim=128, num_mixtures=16, sort_neighbors_by_time=False, patch_size=1, channel_embedding_dim=50, max_input_sequence_length=32, learning_rate=0.0001, dropout=0.0, gamma=0.5, num_epochs=2, optimizer='Adam', weight_decay=0.0, patience=20, val_ratio=0.15, test_ratio=0.15, num_runs=2, test_interval_epochs=100, negative_sample_strategy='random', max_interaction_times=10, load_best_configs=True, data_ratio=0.05, seed=1, save_model_name_suffix='', ablation_dir='', mamba_d_state=256, mamba_d_conv=4, mamba_expand=2, mamba_headdim=64, resume_from_checkpoint=None, save_checkpoints=True, checkpoint_interval=20, start_from_seed=0, max_checkpoints_to_keep=3, checkpoint_strategy='minimal', validate_checkpoints=True, device='cuda:0', save_model_name='TCL_time2vec_seed1')
2025-10-08 11:11:37,721 - root - INFO - Metrics will be saved to: ./saved_metrics/TCL/uci/TCL_time2vec_seed1
2025-10-08 11:11:37,721 - root - INFO - time encoder type: time2vec
2025-10-08 11:11:37,722 - root - INFO - Time encoder will be injected into TCL model
2025-10-08 11:11:37,838 - root - INFO - model -> Sequential(
  (0): TCL(
    (time_encoder): TimeEncoderWrapper(
      (encoder): Time2VecEncoder(
        (time2vec_layer): SineActivation()
      )
    )
    (depth_embedding): Embedding(21, 172)
    (projection_layer): ModuleDict(
      (node): Linear(in_features=172, out_features=172, bias=True)
      (edge): Linear(in_features=172, out_features=172, bias=True)
      (time): Linear(in_features=100, out_features=172, bias=True)
    )
    (transformers): ModuleList(
      (0-1): 2 x TransformerEncoder(
        (multi_head_attention): MultiheadAttention(
          (out_proj): NonDynamicallyQuantizableLinear(in_features=172, out_features=172, bias=True)
        )
        (dropout): Dropout(p=0.0, inplace=False)
        (linear_layers): ModuleList(
          (0): Linear(in_features=172, out_features=688, bias=True)
          (1): Linear(in_features=688, out_features=172, bias=True)
        )
        (norm_layers): ModuleList(
          (0-1): 2 x LayerNorm((172,), eps=1e-05, elementwise_affine=True)
        )
      )
    )
    (output_layer): Linear(in_features=172, out_features=172, bias=True)
  )
  (1): MergeLayer(
    (fc1): Linear(in_features=344, out_features=172, bias=True)
    (fc2): Linear(in_features=172, out_features=1, bias=True)
    (act): ReLU()
  )
)
2025-10-08 11:11:37,838 - root - INFO - model name: TCL, #parameters: 3537812 B, 3454.89453125 KB, 3.373920440673828 MB.
2025-10-08 11:11:38,287 - root - INFO - Epoch: 1, learning rate: 0.0001, train loss: 0.6575
2025-10-08 11:11:38,287 - root - INFO - train average_precision, 0.7467
2025-10-08 11:11:38,287 - root - INFO - train roc_auc, 0.7445
2025-10-08 11:11:38,288 - root - INFO - validate loss: 0.5853
2025-10-08 11:11:38,288 - root - INFO - validate average_precision, 0.8617
2025-10-08 11:11:38,288 - root - INFO - validate roc_auc, 0.8505
2025-10-08 11:11:38,288 - root - INFO - new node validate loss: 0.6988
2025-10-08 11:11:38,288 - root - INFO - new node validate average_precision, 0.6187
2025-10-08 11:11:38,288 - root - INFO - new node validate roc_auc, 0.5710
2025-10-08 11:11:38,298 - root - INFO - save model ./saved_models/TCL/uci/TCL_time2vec_seed1/TCL_time2vec_seed1.pkl
2025-10-08 11:11:38,780 - root - INFO - Epoch: 2, learning rate: 0.0001, train loss: 0.6165
2025-10-08 11:11:38,780 - root - INFO - train average_precision, 0.7974
2025-10-08 11:11:38,780 - root - INFO - train roc_auc, 0.7835
2025-10-08 11:11:38,780 - root - INFO - validate loss: 0.5338
2025-10-08 11:11:38,780 - root - INFO - validate average_precision, 0.8762
2025-10-08 11:11:38,780 - root - INFO - validate roc_auc, 0.8658
2025-10-08 11:11:38,780 - root - INFO - new node validate loss: 0.6985
2025-10-08 11:11:38,780 - root - INFO - new node validate average_precision, 0.6346
2025-10-08 11:11:38,780 - root - INFO - new node validate roc_auc, 0.5823
2025-10-08 11:11:38,785 - root - INFO - save model ./saved_models/TCL/uci/TCL_time2vec_seed1/TCL_time2vec_seed1.pkl
2025-10-08 11:11:38,821 - root - INFO - load model ./saved_models/TCL/uci/TCL_time2vec_seed1/TCL_time2vec_seed1.pkl
2025-10-08 11:11:38,835 - root - INFO - get final performance on dataset uci...
2025-10-08 11:11:38,999 - root - INFO - validate loss: 0.5338
2025-10-08 11:11:38,999 - root - INFO - validate average_precision, 0.8762
2025-10-08 11:11:38,999 - root - INFO - validate roc_auc, 0.8658
2025-10-08 11:11:38,999 - root - INFO - new node validate loss: 0.6985
2025-10-08 11:11:38,999 - root - INFO - new node validate average_precision, 0.6346
2025-10-08 11:11:38,999 - root - INFO - new node validate roc_auc, 0.5823
2025-10-08 11:11:38,999 - root - INFO - test loss: 0.6219
2025-10-08 11:11:38,999 - root - INFO - test average_precision, 0.7447
2025-10-08 11:11:38,999 - root - INFO - test roc_auc, 0.7281
2025-10-08 11:11:38,999 - root - INFO - new node test loss: 0.6993
2025-10-08 11:11:38,999 - root - INFO - new node test average_precision, 0.6028
2025-10-08 11:11:38,999 - root - INFO - new node test roc_auc, 0.5807
2025-10-08 11:11:39,007 - root - INFO - ✅ Metrics saved to: ./saved_metrics/TCL/uci/TCL_time2vec_seed1
2025-10-08 11:11:39,007 - root - INFO - Run 2 cost 1.29 seconds.
2025-10-08 11:11:39,010 - root - INFO - metrics over 2 runs:
2025-10-08 11:11:39,010 - root - INFO - validate average_precision, [np.float64(0.8779838114472338), np.float64(0.8761902163332437)]
2025-10-08 11:11:39,011 - root - INFO - average validate average_precision, 0.8771 ± 0.0013
2025-10-08 11:11:39,011 - root - INFO - validate roc_auc, [np.float64(0.8609506944444444), np.float64(0.8657650462962962)]
2025-10-08 11:11:39,011 - root - INFO - average validate roc_auc, 0.8634 ± 0.0034
2025-10-08 11:11:39,011 - root - INFO - new node validate average_precision, [np.float64(0.6522132314152411), np.float64(0.634628791536353)]
2025-10-08 11:11:39,011 - root - INFO - average new node validate average_precision, 0.6434 ± 0.0124
2025-10-08 11:11:39,011 - root - INFO - new node validate roc_auc, [np.float64(0.6090888888888889), np.float64(0.5822888888888889)]
2025-10-08 11:11:39,011 - root - INFO - average new node validate roc_auc, 0.5957 ± 0.0190
2025-10-08 11:11:39,011 - root - INFO - test average_precision, [np.float64(0.7598008719159565), np.float64(0.7447027261742942)]
2025-10-08 11:11:39,011 - root - INFO - average test average_precision, 0.7523 ± 0.0107
2025-10-08 11:11:39,011 - root - INFO - test roc_auc, [np.float64(0.7324658388865751), np.float64(0.7281259076079412)]
2025-10-08 11:11:39,011 - root - INFO - average test roc_auc, 0.7303 ± 0.0031
2025-10-08 11:11:39,012 - root - INFO - new node test average_precision, [np.float64(0.6204440772982125), np.float64(0.6027984551277003)]
2025-10-08 11:11:39,012 - root - INFO - average new node test average_precision, 0.6116 ± 0.0125
2025-10-08 11:11:39,012 - root - INFO - new node test roc_auc, [np.float64(0.5998361111111111), np.float64(0.5806527777777778)]
2025-10-08 11:11:39,012 - root - INFO - average new node test roc_auc, 0.5902 ± 0.0136
