2025-10-02 17:53:18,434 - root - INFO - ********** Run 2 starts. **********
2025-10-02 17:53:18,434 - root - INFO - configuration is Namespace(dataset_name='mooc', batch_size=200, model_name='JODIE', gpu=0, num_neighbors=10, sample_neighbor_strategy='uniform', time_scaling_factor=1e-06, num_walk_heads=8, num_heads=2, num_layers=1, walk_length=1, time_gap=2000, time_feat_dim=128, position_feat_dim=172, time_window_mode='fixed_proportion', time_encoder_type='original', expert_dim=64, num_mixtures=4, patch_size=1, channel_embedding_dim=50, max_input_sequence_length=32, learning_rate=0.0001, dropout=0.2, gamma=0.5, num_epochs=100, optimizer='Adam', weight_decay=0.0, patience=20, val_ratio=0.15, test_ratio=0.15, num_runs=5, test_interval_epochs=1, negative_sample_strategy='random', max_interaction_times=10, load_best_configs=True, device='cuda:0', seed=1, save_model_name='JODIE_original_seed1')
2025-10-02 17:53:18,435 - root - INFO - time encoder type: original
2025-10-02 17:53:18,818 - root - INFO - model -> Sequential(
  (0): MemoryModel(
    (time_encoder): TimeEncoder(
      (w): Linear(in_features=1, out_features=128, bias=True)
    )
    (message_aggregator): MessageAggregator()
    (memory_bank): MemoryBank(num_nodes=7145, memory_dim=172)
    (memory_updater): RNNMemoryUpdater(
      (memory_bank): MemoryBank(num_nodes=7145, memory_dim=172)
      (memory_updater): RNNCell(644, 172)
    )
    (embedding_module): TimeProjectionEmbedding(
      (dropout): Dropout(p=0.2, inplace=False)
      (linear_layer): Linear(in_features=1, out_features=172, bias=True)
    )
  )
  (1): MergeLayer(
    (fc1): Linear(in_features=344, out_features=172, bias=True)
    (fc2): Linear(in_features=172, out_features=1, bias=True)
    (act): ReLU()
  )
)
2025-10-02 17:53:18,819 - root - INFO - model name: JODIE, #parameters: 803236 B, 784.41015625 KB, 0.7660255432128906 MB.
2025-10-02 17:54:19,083 - root - INFO - Epoch: 1, learning rate: 0.0001, train loss: 0.4652
2025-10-02 17:54:19,084 - root - INFO - train average_precision, 0.7715
2025-10-02 17:54:19,084 - root - INFO - train roc_auc, 0.8279
2025-10-02 17:54:19,084 - root - INFO - validate loss: 0.5811
2025-10-02 17:54:19,084 - root - INFO - validate average_precision, 0.6852
2025-10-02 17:54:19,084 - root - INFO - validate roc_auc, 0.7369
2025-10-02 17:54:19,084 - root - INFO - new node validate loss: 0.6196
2025-10-02 17:54:19,085 - root - INFO - new node validate average_precision, 0.6480
2025-10-02 17:54:19,085 - root - INFO - new node validate roc_auc, 0.6989
2025-10-02 17:54:29,757 - root - INFO - test loss: 0.6335
2025-10-02 17:54:29,758 - root - INFO - test average_precision, 0.6347
2025-10-02 17:54:29,758 - root - INFO - best test average_precision: 0.6347
2025-10-02 17:54:29,758 - root - INFO - test roc_auc, 0.6826
2025-10-02 17:54:29,758 - root - INFO - new node test loss: 0.5933
2025-10-02 17:54:29,758 - root - INFO - new node test average_precision, 0.6665
2025-10-02 17:54:29,758 - root - INFO - new node test roc_auc, 0.7254
2025-10-02 17:54:29,758 - root - INFO - save model ./saved_models/JODIE/mooc/JODIE_original_seed1/JODIE_original_seed1.pkl
2025-10-02 17:55:32,033 - root - INFO - Epoch: 2, learning rate: 0.0001, train loss: 0.4131
2025-10-02 17:55:32,034 - root - INFO - train average_precision, 0.8246
2025-10-02 17:55:32,034 - root - INFO - train roc_auc, 0.8708
2025-10-02 17:55:32,034 - root - INFO - validate loss: 0.5373
2025-10-02 17:55:32,034 - root - INFO - validate average_precision, 0.7467
2025-10-02 17:55:32,034 - root - INFO - validate roc_auc, 0.7930
2025-10-02 17:55:32,034 - root - INFO - new node validate loss: 0.6434
2025-10-02 17:55:32,034 - root - INFO - new node validate average_precision, 0.6443
2025-10-02 17:55:32,034 - root - INFO - new node validate roc_auc, 0.6855
2025-10-02 17:55:42,630 - root - INFO - test loss: 0.6495
2025-10-02 17:55:42,630 - root - INFO - test average_precision, 0.6553
2025-10-02 17:55:42,630 - root - INFO - best test average_precision: 0.6553
2025-10-02 17:55:42,630 - root - INFO - test roc_auc, 0.6969
2025-10-02 17:55:42,630 - root - INFO - new node test loss: 0.5878
2025-10-02 17:55:42,630 - root - INFO - new node test average_precision, 0.7013
2025-10-02 17:55:42,630 - root - INFO - new node test roc_auc, 0.7456
2025-10-02 17:55:42,631 - root - INFO - save model ./saved_models/JODIE/mooc/JODIE_original_seed1/JODIE_original_seed1.pkl
2025-10-02 17:56:45,106 - root - INFO - Epoch: 3, learning rate: 0.0001, train loss: 0.3967
2025-10-02 17:56:45,107 - root - INFO - train average_precision, 0.8378
2025-10-02 17:56:45,107 - root - INFO - train roc_auc, 0.8805
2025-10-02 17:56:45,107 - root - INFO - validate loss: 0.5448
2025-10-02 17:56:45,107 - root - INFO - validate average_precision, 0.7277
2025-10-02 17:56:45,107 - root - INFO - validate roc_auc, 0.7784
2025-10-02 17:56:45,107 - root - INFO - new node validate loss: 0.6127
2025-10-02 17:56:45,107 - root - INFO - new node validate average_precision, 0.6931
2025-10-02 17:56:45,107 - root - INFO - new node validate roc_auc, 0.7392
2025-10-02 17:56:55,548 - root - INFO - test loss: 0.6150
2025-10-02 17:56:55,548 - root - INFO - test average_precision, 0.6602
2025-10-02 17:56:55,548 - root - INFO - best test average_precision: 0.6602
2025-10-02 17:56:55,549 - root - INFO - test roc_auc, 0.7087
2025-10-02 17:56:55,549 - root - INFO - new node test loss: 0.5846
2025-10-02 17:56:55,549 - root - INFO - new node test average_precision, 0.6995
2025-10-02 17:56:55,549 - root - INFO - new node test roc_auc, 0.7470
2025-10-02 17:57:56,114 - root - INFO - Epoch: 4, learning rate: 0.0001, train loss: 0.3855
2025-10-02 17:57:56,115 - root - INFO - train average_precision, 0.8449
2025-10-02 17:57:56,115 - root - INFO - train roc_auc, 0.8865
2025-10-02 17:57:56,115 - root - INFO - validate loss: 0.5694
2025-10-02 17:57:56,115 - root - INFO - validate average_precision, 0.7256
2025-10-02 17:57:56,115 - root - INFO - validate roc_auc, 0.7766
2025-10-02 17:57:56,116 - root - INFO - new node validate loss: 0.6418
2025-10-02 17:57:56,116 - root - INFO - new node validate average_precision, 0.6728
2025-10-02 17:57:56,116 - root - INFO - new node validate roc_auc, 0.7109
2025-10-02 17:58:06,659 - root - INFO - test loss: 0.7555
2025-10-02 17:58:06,659 - root - INFO - test average_precision, 0.6330
2025-10-02 17:58:06,660 - root - INFO - best test average_precision: 0.6602
2025-10-02 17:58:06,660 - root - INFO - test roc_auc, 0.6766
2025-10-02 17:58:06,660 - root - INFO - new node test loss: 0.6686
2025-10-02 17:58:06,660 - root - INFO - new node test average_precision, 0.6648
2025-10-02 17:58:06,660 - root - INFO - new node test roc_auc, 0.7129
2025-10-02 17:59:06,473 - root - INFO - Epoch: 5, learning rate: 0.0001, train loss: 0.3795
2025-10-02 17:59:06,473 - root - INFO - train average_precision, 0.8477
2025-10-02 17:59:06,473 - root - INFO - train roc_auc, 0.8887
2025-10-02 17:59:06,473 - root - INFO - validate loss: 0.5420
2025-10-02 17:59:06,473 - root - INFO - validate average_precision, 0.7430
2025-10-02 17:59:06,474 - root - INFO - validate roc_auc, 0.7955
2025-10-02 17:59:06,474 - root - INFO - new node validate loss: 0.6285
2025-10-02 17:59:06,474 - root - INFO - new node validate average_precision, 0.6873
2025-10-02 17:59:06,474 - root - INFO - new node validate roc_auc, 0.7265
2025-10-02 17:59:16,874 - root - INFO - test loss: 0.6893
2025-10-02 17:59:16,874 - root - INFO - test average_precision, 0.6492
2025-10-02 17:59:16,874 - root - INFO - best test average_precision: 0.6602
2025-10-02 17:59:16,874 - root - INFO - test roc_auc, 0.7021
2025-10-02 17:59:16,874 - root - INFO - new node test loss: 0.6079
2025-10-02 17:59:16,874 - root - INFO - new node test average_precision, 0.7007
2025-10-02 17:59:16,874 - root - INFO - new node test roc_auc, 0.7507
2025-10-02 18:00:17,207 - root - INFO - Epoch: 6, learning rate: 0.0001, train loss: 0.3710
2025-10-02 18:00:17,208 - root - INFO - train average_precision, 0.8539
2025-10-02 18:00:17,208 - root - INFO - train roc_auc, 0.8934
2025-10-02 18:00:17,208 - root - INFO - validate loss: 0.5040
2025-10-02 18:00:17,208 - root - INFO - validate average_precision, 0.7681
2025-10-02 18:00:17,208 - root - INFO - validate roc_auc, 0.8219
2025-10-02 18:00:17,208 - root - INFO - new node validate loss: 0.6175
2025-10-02 18:00:17,208 - root - INFO - new node validate average_precision, 0.6998
2025-10-02 18:00:17,208 - root - INFO - new node validate roc_auc, 0.7364
2025-10-02 18:00:27,773 - root - INFO - test loss: 0.7135
2025-10-02 18:00:27,773 - root - INFO - test average_precision, 0.6342
2025-10-02 18:00:27,773 - root - INFO - best test average_precision: 0.6602
2025-10-02 18:00:27,773 - root - INFO - test roc_auc, 0.6898
2025-10-02 18:00:27,773 - root - INFO - new node test loss: 0.5806
2025-10-02 18:00:27,774 - root - INFO - new node test average_precision, 0.7063
2025-10-02 18:00:27,774 - root - INFO - new node test roc_auc, 0.7636
2025-10-02 18:00:27,774 - root - INFO - save model ./saved_models/JODIE/mooc/JODIE_original_seed1/JODIE_original_seed1.pkl
2025-10-02 18:01:29,994 - root - INFO - Epoch: 7, learning rate: 0.0001, train loss: 0.3651
2025-10-02 18:01:29,994 - root - INFO - train average_precision, 0.8588
2025-10-02 18:01:29,994 - root - INFO - train roc_auc, 0.8968
2025-10-02 18:01:29,994 - root - INFO - validate loss: 0.5004
2025-10-02 18:01:29,994 - root - INFO - validate average_precision, 0.7702
2025-10-02 18:01:29,994 - root - INFO - validate roc_auc, 0.8253
2025-10-02 18:01:29,995 - root - INFO - new node validate loss: 0.5988
2025-10-02 18:01:29,995 - root - INFO - new node validate average_precision, 0.7121
2025-10-02 18:01:29,995 - root - INFO - new node validate roc_auc, 0.7522
2025-10-02 18:01:40,609 - root - INFO - test loss: 0.7113
2025-10-02 18:01:40,609 - root - INFO - test average_precision, 0.6385
2025-10-02 18:01:40,609 - root - INFO - best test average_precision: 0.6602
2025-10-02 18:01:40,610 - root - INFO - test roc_auc, 0.6967
2025-10-02 18:01:40,610 - root - INFO - new node test loss: 0.5691
2025-10-02 18:01:40,610 - root - INFO - new node test average_precision, 0.7101
2025-10-02 18:01:40,610 - root - INFO - new node test roc_auc, 0.7717
2025-10-02 18:01:40,610 - root - INFO - save model ./saved_models/JODIE/mooc/JODIE_original_seed1/JODIE_original_seed1.pkl
2025-10-02 18:02:42,785 - root - INFO - Epoch: 8, learning rate: 0.0001, train loss: 0.3614
2025-10-02 18:02:42,785 - root - INFO - train average_precision, 0.8598
2025-10-02 18:02:42,785 - root - INFO - train roc_auc, 0.8987
2025-10-02 18:02:42,785 - root - INFO - validate loss: 0.4972
2025-10-02 18:02:42,785 - root - INFO - validate average_precision, 0.7777
2025-10-02 18:02:42,785 - root - INFO - validate roc_auc, 0.8297
2025-10-02 18:02:42,785 - root - INFO - new node validate loss: 0.6025
2025-10-02 18:02:42,786 - root - INFO - new node validate average_precision, 0.7118
2025-10-02 18:02:42,786 - root - INFO - new node validate roc_auc, 0.7517
2025-10-02 18:02:53,189 - root - INFO - test loss: 0.6955
2025-10-02 18:02:53,189 - root - INFO - test average_precision, 0.6531
2025-10-02 18:02:53,189 - root - INFO - best test average_precision: 0.6602
2025-10-02 18:02:53,189 - root - INFO - test roc_auc, 0.7056
2025-10-02 18:02:53,189 - root - INFO - new node test loss: 0.5644
2025-10-02 18:02:53,189 - root - INFO - new node test average_precision, 0.7176
2025-10-02 18:02:53,190 - root - INFO - new node test roc_auc, 0.7765
2025-10-02 18:02:53,190 - root - INFO - save model ./saved_models/JODIE/mooc/JODIE_original_seed1/JODIE_original_seed1.pkl
2025-10-02 18:03:55,542 - root - INFO - Epoch: 9, learning rate: 0.0001, train loss: 0.3588
2025-10-02 18:03:55,542 - root - INFO - train average_precision, 0.8634
2025-10-02 18:03:55,542 - root - INFO - train roc_auc, 0.9004
2025-10-02 18:03:55,542 - root - INFO - validate loss: 0.5048
2025-10-02 18:03:55,542 - root - INFO - validate average_precision, 0.7684
2025-10-02 18:03:55,543 - root - INFO - validate roc_auc, 0.8237
2025-10-02 18:03:55,543 - root - INFO - new node validate loss: 0.5805
2025-10-02 18:03:55,543 - root - INFO - new node validate average_precision, 0.7350
2025-10-02 18:03:55,543 - root - INFO - new node validate roc_auc, 0.7741
2025-10-02 18:04:06,086 - root - INFO - test loss: 0.7218
2025-10-02 18:04:06,086 - root - INFO - test average_precision, 0.6477
2025-10-02 18:04:06,086 - root - INFO - best test average_precision: 0.6602
2025-10-02 18:04:06,086 - root - INFO - test roc_auc, 0.6985
2025-10-02 18:04:06,086 - root - INFO - new node test loss: 0.5771
2025-10-02 18:04:06,086 - root - INFO - new node test average_precision, 0.7060
2025-10-02 18:04:06,086 - root - INFO - new node test roc_auc, 0.7670
2025-10-02 18:05:06,167 - root - INFO - Epoch: 10, learning rate: 0.0001, train loss: 0.3550
2025-10-02 18:05:06,167 - root - INFO - train average_precision, 0.8656
2025-10-02 18:05:06,167 - root - INFO - train roc_auc, 0.9027
2025-10-02 18:05:06,167 - root - INFO - validate loss: 0.5582
2025-10-02 18:05:06,167 - root - INFO - validate average_precision, 0.7419
2025-10-02 18:05:06,167 - root - INFO - validate roc_auc, 0.7967
2025-10-02 18:05:06,167 - root - INFO - new node validate loss: 0.6254
2025-10-02 18:05:06,168 - root - INFO - new node validate average_precision, 0.7021
2025-10-02 18:05:06,168 - root - INFO - new node validate roc_auc, 0.7435
2025-10-02 18:05:16,594 - root - INFO - test loss: 0.6984
2025-10-02 18:05:16,594 - root - INFO - test average_precision, 0.6513
2025-10-02 18:05:16,594 - root - INFO - best test average_precision: 0.6602
2025-10-02 18:05:16,594 - root - INFO - test roc_auc, 0.7129
2025-10-02 18:05:16,595 - root - INFO - new node test loss: 0.5933
2025-10-02 18:05:16,595 - root - INFO - new node test average_precision, 0.7136
2025-10-02 18:05:16,595 - root - INFO - new node test roc_auc, 0.7678
2025-10-02 18:06:16,751 - root - INFO - Epoch: 11, learning rate: 0.0001, train loss: 0.3546
2025-10-02 18:06:16,751 - root - INFO - train average_precision, 0.8656
2025-10-02 18:06:16,751 - root - INFO - train roc_auc, 0.9025
2025-10-02 18:06:16,751 - root - INFO - validate loss: 0.6590
2025-10-02 18:06:16,752 - root - INFO - validate average_precision, 0.6841
2025-10-02 18:06:16,752 - root - INFO - validate roc_auc, 0.7360
2025-10-02 18:06:16,752 - root - INFO - new node validate loss: 0.6136
2025-10-02 18:06:16,752 - root - INFO - new node validate average_precision, 0.7058
2025-10-02 18:06:16,752 - root - INFO - new node validate roc_auc, 0.7491
2025-10-02 18:06:27,105 - root - INFO - test loss: 0.7878
2025-10-02 18:06:27,105 - root - INFO - test average_precision, 0.6336
2025-10-02 18:06:27,105 - root - INFO - best test average_precision: 0.6602
2025-10-02 18:06:27,105 - root - INFO - test roc_auc, 0.6788
2025-10-02 18:06:27,105 - root - INFO - new node test loss: 0.6866
2025-10-02 18:06:27,105 - root - INFO - new node test average_precision, 0.6722
2025-10-02 18:06:27,105 - root - INFO - new node test roc_auc, 0.7223
2025-10-02 18:07:27,207 - root - INFO - Epoch: 12, learning rate: 0.0001, train loss: 0.3526
2025-10-02 18:07:27,207 - root - INFO - train average_precision, 0.8682
2025-10-02 18:07:27,207 - root - INFO - train roc_auc, 0.9042
2025-10-02 18:07:27,207 - root - INFO - validate loss: 0.6198
2025-10-02 18:07:27,207 - root - INFO - validate average_precision, 0.7007
2025-10-02 18:07:27,207 - root - INFO - validate roc_auc, 0.7568
2025-10-02 18:07:27,208 - root - INFO - new node validate loss: 0.6041
2025-10-02 18:07:27,208 - root - INFO - new node validate average_precision, 0.7270
2025-10-02 18:07:27,208 - root - INFO - new node validate roc_auc, 0.7589
2025-10-02 18:07:37,861 - root - INFO - test loss: 0.7875
2025-10-02 18:07:37,861 - root - INFO - test average_precision, 0.6151
2025-10-02 18:07:37,861 - root - INFO - best test average_precision: 0.6602
2025-10-02 18:07:37,861 - root - INFO - test roc_auc, 0.6659
2025-10-02 18:07:37,861 - root - INFO - new node test loss: 0.6759
2025-10-02 18:07:37,861 - root - INFO - new node test average_precision, 0.6697
2025-10-02 18:07:37,861 - root - INFO - new node test roc_auc, 0.7234
2025-10-02 18:08:37,900 - root - INFO - Epoch: 13, learning rate: 0.0001, train loss: 0.3542
2025-10-02 18:08:37,901 - root - INFO - train average_precision, 0.8671
2025-10-02 18:08:37,901 - root - INFO - train roc_auc, 0.9031
2025-10-02 18:08:37,901 - root - INFO - validate loss: 0.5053
2025-10-02 18:08:37,901 - root - INFO - validate average_precision, 0.7694
2025-10-02 18:08:37,901 - root - INFO - validate roc_auc, 0.8242
2025-10-02 18:08:37,901 - root - INFO - new node validate loss: 0.5618
2025-10-02 18:08:37,901 - root - INFO - new node validate average_precision, 0.7550
2025-10-02 18:08:37,902 - root - INFO - new node validate roc_auc, 0.7914
2025-10-02 18:08:48,302 - root - INFO - test loss: 0.7657
2025-10-02 18:08:48,302 - root - INFO - test average_precision, 0.6396
2025-10-02 18:08:48,302 - root - INFO - best test average_precision: 0.6602
2025-10-02 18:08:48,302 - root - INFO - test roc_auc, 0.6924
2025-10-02 18:08:48,302 - root - INFO - new node test loss: 0.5879
2025-10-02 18:08:48,302 - root - INFO - new node test average_precision, 0.7096
2025-10-02 18:08:48,302 - root - INFO - new node test roc_auc, 0.7698
2025-10-02 18:09:48,386 - root - INFO - Epoch: 14, learning rate: 0.0001, train loss: 0.3469
2025-10-02 18:09:48,387 - root - INFO - train average_precision, 0.8724
2025-10-02 18:09:48,387 - root - INFO - train roc_auc, 0.9075
2025-10-02 18:09:48,387 - root - INFO - validate loss: 0.5798
2025-10-02 18:09:48,387 - root - INFO - validate average_precision, 0.7282
2025-10-02 18:09:48,387 - root - INFO - validate roc_auc, 0.7816
2025-10-02 18:09:48,387 - root - INFO - new node validate loss: 0.5754
2025-10-02 18:09:48,387 - root - INFO - new node validate average_precision, 0.7432
2025-10-02 18:09:48,387 - root - INFO - new node validate roc_auc, 0.7793
2025-10-02 18:09:58,818 - root - INFO - test loss: 0.7723
2025-10-02 18:09:58,818 - root - INFO - test average_precision, 0.6385
2025-10-02 18:09:58,818 - root - INFO - best test average_precision: 0.6602
2025-10-02 18:09:58,818 - root - INFO - test roc_auc, 0.6837
2025-10-02 18:09:58,819 - root - INFO - new node test loss: 0.6513
2025-10-02 18:09:58,819 - root - INFO - new node test average_precision, 0.6826
2025-10-02 18:09:58,819 - root - INFO - new node test roc_auc, 0.7386
2025-10-02 18:10:58,671 - root - INFO - Epoch: 15, learning rate: 0.0001, train loss: 0.3466
2025-10-02 18:10:58,671 - root - INFO - train average_precision, 0.8732
2025-10-02 18:10:58,671 - root - INFO - train roc_auc, 0.9078
2025-10-02 18:10:58,671 - root - INFO - validate loss: 0.5590
2025-10-02 18:10:58,671 - root - INFO - validate average_precision, 0.7409
2025-10-02 18:10:58,672 - root - INFO - validate roc_auc, 0.7972
2025-10-02 18:10:58,672 - root - INFO - new node validate loss: 0.5652
2025-10-02 18:10:58,672 - root - INFO - new node validate average_precision, 0.7539
2025-10-02 18:10:58,672 - root - INFO - new node validate roc_auc, 0.7897
2025-10-02 18:11:09,046 - root - INFO - test loss: 0.8025
2025-10-02 18:11:09,046 - root - INFO - test average_precision, 0.6261
2025-10-02 18:11:09,046 - root - INFO - best test average_precision: 0.6602
2025-10-02 18:11:09,046 - root - INFO - test roc_auc, 0.6781
2025-10-02 18:11:09,046 - root - INFO - new node test loss: 0.6519
2025-10-02 18:11:09,047 - root - INFO - new node test average_precision, 0.6795
2025-10-02 18:11:09,047 - root - INFO - new node test roc_auc, 0.7403
2025-10-02 18:12:09,098 - root - INFO - Epoch: 16, learning rate: 0.0001, train loss: 0.3429
2025-10-02 18:12:09,099 - root - INFO - train average_precision, 0.8755
2025-10-02 18:12:09,099 - root - INFO - train roc_auc, 0.9096
2025-10-02 18:12:09,099 - root - INFO - validate loss: 0.6851
2025-10-02 18:12:09,099 - root - INFO - validate average_precision, 0.6845
2025-10-02 18:12:09,099 - root - INFO - validate roc_auc, 0.7358
2025-10-02 18:12:09,099 - root - INFO - new node validate loss: 0.6130
2025-10-02 18:12:09,099 - root - INFO - new node validate average_precision, 0.7221
2025-10-02 18:12:09,099 - root - INFO - new node validate roc_auc, 0.7549
2025-10-02 18:12:19,528 - root - INFO - test loss: 0.8845
2025-10-02 18:12:19,528 - root - INFO - test average_precision, 0.6290
2025-10-02 18:12:19,528 - root - INFO - best test average_precision: 0.6602
2025-10-02 18:12:19,528 - root - INFO - test roc_auc, 0.6686
2025-10-02 18:12:19,528 - root - INFO - new node test loss: 0.7245
2025-10-02 18:12:19,528 - root - INFO - new node test average_precision, 0.6657
2025-10-02 18:12:19,529 - root - INFO - new node test roc_auc, 0.7166
2025-10-02 18:13:19,547 - root - INFO - Epoch: 17, learning rate: 0.0001, train loss: 0.3447
2025-10-02 18:13:19,548 - root - INFO - train average_precision, 0.8753
2025-10-02 18:13:19,548 - root - INFO - train roc_auc, 0.9089
2025-10-02 18:13:19,548 - root - INFO - validate loss: 0.6652
2025-10-02 18:13:19,548 - root - INFO - validate average_precision, 0.6847
2025-10-02 18:13:19,548 - root - INFO - validate roc_auc, 0.7401
2025-10-02 18:13:19,548 - root - INFO - new node validate loss: 0.6189
2025-10-02 18:13:19,548 - root - INFO - new node validate average_precision, 0.7181
2025-10-02 18:13:19,548 - root - INFO - new node validate roc_auc, 0.7530
2025-10-02 18:13:29,994 - root - INFO - test loss: 0.8448
2025-10-02 18:13:29,994 - root - INFO - test average_precision, 0.6241
2025-10-02 18:13:29,995 - root - INFO - best test average_precision: 0.6602
2025-10-02 18:13:29,995 - root - INFO - test roc_auc, 0.6704
2025-10-02 18:13:29,995 - root - INFO - new node test loss: 0.7058
2025-10-02 18:13:29,995 - root - INFO - new node test average_precision, 0.6669
2025-10-02 18:13:29,995 - root - INFO - new node test roc_auc, 0.7213
2025-10-02 18:14:29,850 - root - INFO - Epoch: 18, learning rate: 0.0001, train loss: 0.3418
2025-10-02 18:14:29,850 - root - INFO - train average_precision, 0.8771
2025-10-02 18:14:29,850 - root - INFO - train roc_auc, 0.9106
2025-10-02 18:14:29,850 - root - INFO - validate loss: 0.6009
2025-10-02 18:14:29,850 - root - INFO - validate average_precision, 0.7137
2025-10-02 18:14:29,851 - root - INFO - validate roc_auc, 0.7693
2025-10-02 18:14:29,851 - root - INFO - new node validate loss: 0.5855
2025-10-02 18:14:29,851 - root - INFO - new node validate average_precision, 0.7378
2025-10-02 18:14:29,851 - root - INFO - new node validate roc_auc, 0.7718
2025-10-02 18:14:40,378 - root - INFO - test loss: 0.7621
2025-10-02 18:14:40,378 - root - INFO - test average_precision, 0.6419
2025-10-02 18:14:40,378 - root - INFO - best test average_precision: 0.6602
2025-10-02 18:14:40,378 - root - INFO - test roc_auc, 0.7001
2025-10-02 18:14:40,378 - root - INFO - new node test loss: 0.6452
2025-10-02 18:14:40,378 - root - INFO - new node test average_precision, 0.6886
2025-10-02 18:14:40,378 - root - INFO - new node test roc_auc, 0.7472
2025-10-02 18:15:40,449 - root - INFO - Epoch: 19, learning rate: 0.0001, train loss: 0.3396
2025-10-02 18:15:40,449 - root - INFO - train average_precision, 0.8792
2025-10-02 18:15:40,450 - root - INFO - train roc_auc, 0.9119
2025-10-02 18:15:40,450 - root - INFO - validate loss: 0.5019
2025-10-02 18:15:40,450 - root - INFO - validate average_precision, 0.7805
2025-10-02 18:15:40,450 - root - INFO - validate roc_auc, 0.8302
2025-10-02 18:15:40,450 - root - INFO - new node validate loss: 0.5727
2025-10-02 18:15:40,450 - root - INFO - new node validate average_precision, 0.7450
2025-10-02 18:15:40,450 - root - INFO - new node validate roc_auc, 0.7838
2025-10-02 18:15:50,904 - root - INFO - test loss: 0.6921
2025-10-02 18:15:50,905 - root - INFO - test average_precision, 0.6624
2025-10-02 18:15:50,905 - root - INFO - best test average_precision: 0.6624
2025-10-02 18:15:50,905 - root - INFO - test roc_auc, 0.7182
2025-10-02 18:15:50,905 - root - INFO - new node test loss: 0.5754
2025-10-02 18:15:50,905 - root - INFO - new node test average_precision, 0.7218
2025-10-02 18:15:50,905 - root - INFO - new node test roc_auc, 0.7792
2025-10-02 18:15:50,905 - root - INFO - save model ./saved_models/JODIE/mooc/JODIE_original_seed1/JODIE_original_seed1.pkl
2025-10-02 18:16:52,868 - root - INFO - Epoch: 20, learning rate: 0.0001, train loss: 0.3379
2025-10-02 18:16:52,868 - root - INFO - train average_precision, 0.8812
2025-10-02 18:16:52,868 - root - INFO - train roc_auc, 0.9132
2025-10-02 18:16:52,868 - root - INFO - validate loss: 0.4983
2025-10-02 18:16:52,869 - root - INFO - validate average_precision, 0.7941
2025-10-02 18:16:52,869 - root - INFO - validate roc_auc, 0.8329
2025-10-02 18:16:52,869 - root - INFO - new node validate loss: 0.5581
2025-10-02 18:16:52,869 - root - INFO - new node validate average_precision, 0.7620
2025-10-02 18:16:52,869 - root - INFO - new node validate roc_auc, 0.7945
2025-10-02 18:17:03,386 - root - INFO - test loss: 0.5719
2025-10-02 18:17:03,387 - root - INFO - test average_precision, 0.7393
2025-10-02 18:17:03,387 - root - INFO - best test average_precision: 0.7393
2025-10-02 18:17:03,387 - root - INFO - test roc_auc, 0.7880
2025-10-02 18:17:03,387 - root - INFO - new node test loss: 0.5237
2025-10-02 18:17:03,387 - root - INFO - new node test average_precision, 0.7733
2025-10-02 18:17:03,387 - root - INFO - new node test roc_auc, 0.8171
2025-10-02 18:17:03,387 - root - INFO - save model ./saved_models/JODIE/mooc/JODIE_original_seed1/JODIE_original_seed1.pkl
2025-10-02 18:18:05,652 - root - INFO - Epoch: 21, learning rate: 0.0001, train loss: 0.3375
2025-10-02 18:18:05,652 - root - INFO - train average_precision, 0.8802
2025-10-02 18:18:05,652 - root - INFO - train roc_auc, 0.9130
2025-10-02 18:18:05,652 - root - INFO - validate loss: 0.5108
2025-10-02 18:18:05,652 - root - INFO - validate average_precision, 0.7866
2025-10-02 18:18:05,652 - root - INFO - validate roc_auc, 0.8259
2025-10-02 18:18:05,652 - root - INFO - new node validate loss: 0.5599
2025-10-02 18:18:05,653 - root - INFO - new node validate average_precision, 0.7593
2025-10-02 18:18:05,653 - root - INFO - new node validate roc_auc, 0.7911
2025-10-02 18:18:16,152 - root - INFO - test loss: 0.6078
2025-10-02 18:18:16,152 - root - INFO - test average_precision, 0.7084
2025-10-02 18:18:16,152 - root - INFO - best test average_precision: 0.7393
2025-10-02 18:18:16,152 - root - INFO - test roc_auc, 0.7633
2025-10-02 18:18:16,152 - root - INFO - new node test loss: 0.5479
2025-10-02 18:18:16,152 - root - INFO - new node test average_precision, 0.7514
2025-10-02 18:18:16,153 - root - INFO - new node test roc_auc, 0.7985
2025-10-02 18:19:16,120 - root - INFO - Epoch: 22, learning rate: 0.0001, train loss: 0.3373
2025-10-02 18:19:16,121 - root - INFO - train average_precision, 0.8816
2025-10-02 18:19:16,121 - root - INFO - train roc_auc, 0.9135
2025-10-02 18:19:16,121 - root - INFO - validate loss: 0.4956
2025-10-02 18:19:16,121 - root - INFO - validate average_precision, 0.7970
2025-10-02 18:19:16,121 - root - INFO - validate roc_auc, 0.8363
2025-10-02 18:19:16,121 - root - INFO - new node validate loss: 0.5456
2025-10-02 18:19:16,121 - root - INFO - new node validate average_precision, 0.7669
2025-10-02 18:19:16,121 - root - INFO - new node validate roc_auc, 0.8006
2025-10-02 18:19:26,758 - root - INFO - test loss: 0.6070
2025-10-02 18:19:26,758 - root - INFO - test average_precision, 0.7217
2025-10-02 18:19:26,758 - root - INFO - best test average_precision: 0.7393
2025-10-02 18:19:26,758 - root - INFO - test roc_auc, 0.7724
2025-10-02 18:19:26,758 - root - INFO - new node test loss: 0.5313
2025-10-02 18:19:26,758 - root - INFO - new node test average_precision, 0.7589
2025-10-02 18:19:26,758 - root - INFO - new node test roc_auc, 0.8122
2025-10-02 18:19:26,759 - root - INFO - save model ./saved_models/JODIE/mooc/JODIE_original_seed1/JODIE_original_seed1.pkl
2025-10-02 18:20:28,802 - root - INFO - Epoch: 23, learning rate: 0.0001, train loss: 0.3346
2025-10-02 18:20:28,802 - root - INFO - train average_precision, 0.8833
2025-10-02 18:20:28,803 - root - INFO - train roc_auc, 0.9150
2025-10-02 18:20:28,803 - root - INFO - validate loss: 0.4651
2025-10-02 18:20:28,803 - root - INFO - validate average_precision, 0.8301
2025-10-02 18:20:28,803 - root - INFO - validate roc_auc, 0.8602
2025-10-02 18:20:28,803 - root - INFO - new node validate loss: 0.5511
2025-10-02 18:20:28,803 - root - INFO - new node validate average_precision, 0.7728
2025-10-02 18:20:28,803 - root - INFO - new node validate roc_auc, 0.8008
2025-10-02 18:20:39,254 - root - INFO - test loss: 0.5130
2025-10-02 18:20:39,254 - root - INFO - test average_precision, 0.7806
2025-10-02 18:20:39,255 - root - INFO - best test average_precision: 0.7806
2025-10-02 18:20:39,255 - root - INFO - test roc_auc, 0.8277
2025-10-02 18:20:39,255 - root - INFO - new node test loss: 0.5064
2025-10-02 18:20:39,255 - root - INFO - new node test average_precision, 0.7886
2025-10-02 18:20:39,255 - root - INFO - new node test roc_auc, 0.8304
2025-10-02 18:20:39,255 - root - INFO - save model ./saved_models/JODIE/mooc/JODIE_original_seed1/JODIE_original_seed1.pkl
2025-10-02 18:21:41,231 - root - INFO - Epoch: 24, learning rate: 0.0001, train loss: 0.3329
2025-10-02 18:21:41,232 - root - INFO - train average_precision, 0.8851
2025-10-02 18:21:41,232 - root - INFO - train roc_auc, 0.9161
2025-10-02 18:21:41,232 - root - INFO - validate loss: 0.4999
2025-10-02 18:21:41,232 - root - INFO - validate average_precision, 0.7996
2025-10-02 18:21:41,232 - root - INFO - validate roc_auc, 0.8347
2025-10-02 18:21:41,232 - root - INFO - new node validate loss: 0.5609
2025-10-02 18:21:41,232 - root - INFO - new node validate average_precision, 0.7632
2025-10-02 18:21:41,232 - root - INFO - new node validate roc_auc, 0.7939
2025-10-02 18:21:51,777 - root - INFO - test loss: 0.5726
2025-10-02 18:21:51,778 - root - INFO - test average_precision, 0.7287
2025-10-02 18:21:51,778 - root - INFO - best test average_precision: 0.7806
2025-10-02 18:21:51,778 - root - INFO - test roc_auc, 0.7831
2025-10-02 18:21:51,778 - root - INFO - new node test loss: 0.5426
2025-10-02 18:21:51,778 - root - INFO - new node test average_precision, 0.7553
2025-10-02 18:21:51,778 - root - INFO - new node test roc_auc, 0.8049
2025-10-02 18:22:51,755 - root - INFO - Epoch: 25, learning rate: 0.0001, train loss: 0.3329
2025-10-02 18:22:51,756 - root - INFO - train average_precision, 0.8857
2025-10-02 18:22:51,756 - root - INFO - train roc_auc, 0.9161
2025-10-02 18:22:51,756 - root - INFO - validate loss: 0.4977
2025-10-02 18:22:51,756 - root - INFO - validate average_precision, 0.8063
2025-10-02 18:22:51,756 - root - INFO - validate roc_auc, 0.8370
2025-10-02 18:22:51,756 - root - INFO - new node validate loss: 0.5651
2025-10-02 18:22:51,756 - root - INFO - new node validate average_precision, 0.7601
2025-10-02 18:22:51,756 - root - INFO - new node validate roc_auc, 0.7886
2025-10-02 18:23:02,209 - root - INFO - test loss: 0.5647
2025-10-02 18:23:02,209 - root - INFO - test average_precision, 0.7335
2025-10-02 18:23:02,209 - root - INFO - best test average_precision: 0.7806
2025-10-02 18:23:02,209 - root - INFO - test roc_auc, 0.7818
2025-10-02 18:23:02,209 - root - INFO - new node test loss: 0.5418
2025-10-02 18:23:02,209 - root - INFO - new node test average_precision, 0.7576
2025-10-02 18:23:02,209 - root - INFO - new node test roc_auc, 0.8028
2025-10-02 18:24:02,292 - root - INFO - Epoch: 26, learning rate: 0.0001, train loss: 0.3338
2025-10-02 18:24:02,293 - root - INFO - train average_precision, 0.8848
2025-10-02 18:24:02,293 - root - INFO - train roc_auc, 0.9158
2025-10-02 18:24:02,293 - root - INFO - validate loss: 0.5106
2025-10-02 18:24:02,293 - root - INFO - validate average_precision, 0.7834
2025-10-02 18:24:02,293 - root - INFO - validate roc_auc, 0.8223
2025-10-02 18:24:02,293 - root - INFO - new node validate loss: 0.5665
2025-10-02 18:24:02,293 - root - INFO - new node validate average_precision, 0.7553
2025-10-02 18:24:02,293 - root - INFO - new node validate roc_auc, 0.7880
2025-10-02 18:24:12,778 - root - INFO - test loss: 0.5902
2025-10-02 18:24:12,779 - root - INFO - test average_precision, 0.6982
2025-10-02 18:24:12,779 - root - INFO - best test average_precision: 0.7806
2025-10-02 18:24:12,779 - root - INFO - test roc_auc, 0.7575
2025-10-02 18:24:12,779 - root - INFO - new node test loss: 0.5606
2025-10-02 18:24:12,779 - root - INFO - new node test average_precision, 0.7324
2025-10-02 18:24:12,779 - root - INFO - new node test roc_auc, 0.7858
2025-10-02 18:25:12,836 - root - INFO - Epoch: 27, learning rate: 0.0001, train loss: 0.3315
2025-10-02 18:25:12,837 - root - INFO - train average_precision, 0.8859
2025-10-02 18:25:12,837 - root - INFO - train roc_auc, 0.9166
2025-10-02 18:25:12,838 - root - INFO - validate loss: 0.5193
2025-10-02 18:25:12,838 - root - INFO - validate average_precision, 0.7764
2025-10-02 18:25:12,838 - root - INFO - validate roc_auc, 0.8141
2025-10-02 18:25:12,838 - root - INFO - new node validate loss: 0.5697
2025-10-02 18:25:12,838 - root - INFO - new node validate average_precision, 0.7547
2025-10-02 18:25:12,838 - root - INFO - new node validate roc_auc, 0.7850
2025-10-02 18:25:23,296 - root - INFO - test loss: 0.5950
2025-10-02 18:25:23,296 - root - INFO - test average_precision, 0.6998
2025-10-02 18:25:23,296 - root - INFO - best test average_precision: 0.7806
2025-10-02 18:25:23,296 - root - INFO - test roc_auc, 0.7499
2025-10-02 18:25:23,296 - root - INFO - new node test loss: 0.5622
2025-10-02 18:25:23,296 - root - INFO - new node test average_precision, 0.7330
2025-10-02 18:25:23,296 - root - INFO - new node test roc_auc, 0.7798
2025-10-02 18:26:23,404 - root - INFO - Epoch: 28, learning rate: 0.0001, train loss: 0.3290
2025-10-02 18:26:23,405 - root - INFO - train average_precision, 0.8885
2025-10-02 18:26:23,405 - root - INFO - train roc_auc, 0.9181
2025-10-02 18:26:23,405 - root - INFO - validate loss: 0.4986
2025-10-02 18:26:23,405 - root - INFO - validate average_precision, 0.7999
2025-10-02 18:26:23,405 - root - INFO - validate roc_auc, 0.8344
2025-10-02 18:26:23,405 - root - INFO - new node validate loss: 0.5653
2025-10-02 18:26:23,405 - root - INFO - new node validate average_precision, 0.7599
2025-10-02 18:26:23,405 - root - INFO - new node validate roc_auc, 0.7927
2025-10-02 18:26:33,754 - root - INFO - test loss: 0.5586
2025-10-02 18:26:33,754 - root - INFO - test average_precision, 0.7374
2025-10-02 18:26:33,754 - root - INFO - best test average_precision: 0.7806
2025-10-02 18:26:33,754 - root - INFO - test roc_auc, 0.7854
2025-10-02 18:26:33,754 - root - INFO - new node test loss: 0.5410
2025-10-02 18:26:33,754 - root - INFO - new node test average_precision, 0.7535
2025-10-02 18:26:33,755 - root - INFO - new node test roc_auc, 0.8016
2025-10-02 18:27:33,836 - root - INFO - Epoch: 29, learning rate: 0.0001, train loss: 0.3288
2025-10-02 18:27:33,836 - root - INFO - train average_precision, 0.8875
2025-10-02 18:27:33,836 - root - INFO - train roc_auc, 0.9181
2025-10-02 18:27:33,836 - root - INFO - validate loss: 0.5089
2025-10-02 18:27:33,837 - root - INFO - validate average_precision, 0.7806
2025-10-02 18:27:33,837 - root - INFO - validate roc_auc, 0.8277
2025-10-02 18:27:33,837 - root - INFO - new node validate loss: 0.5724
2025-10-02 18:27:33,837 - root - INFO - new node validate average_precision, 0.7435
2025-10-02 18:27:33,837 - root - INFO - new node validate roc_auc, 0.7827
2025-10-02 18:27:44,217 - root - INFO - test loss: 0.5881
2025-10-02 18:27:44,217 - root - INFO - test average_precision, 0.7222
2025-10-02 18:27:44,217 - root - INFO - best test average_precision: 0.7806
2025-10-02 18:27:44,217 - root - INFO - test roc_auc, 0.7830
2025-10-02 18:27:44,217 - root - INFO - new node test loss: 0.5644
2025-10-02 18:27:44,217 - root - INFO - new node test average_precision, 0.7288
2025-10-02 18:27:44,217 - root - INFO - new node test roc_auc, 0.7883
2025-10-02 18:28:44,216 - root - INFO - Epoch: 30, learning rate: 0.0001, train loss: 0.3264
2025-10-02 18:28:44,216 - root - INFO - train average_precision, 0.8901
2025-10-02 18:28:44,217 - root - INFO - train roc_auc, 0.9196
2025-10-02 18:28:44,217 - root - INFO - validate loss: 0.5060
2025-10-02 18:28:44,217 - root - INFO - validate average_precision, 0.7866
2025-10-02 18:28:44,217 - root - INFO - validate roc_auc, 0.8324
2025-10-02 18:28:44,217 - root - INFO - new node validate loss: 0.5699
2025-10-02 18:28:44,217 - root - INFO - new node validate average_precision, 0.7520
2025-10-02 18:28:44,217 - root - INFO - new node validate roc_auc, 0.7886
2025-10-02 18:28:54,755 - root - INFO - test loss: 0.6484
2025-10-02 18:28:54,756 - root - INFO - test average_precision, 0.6887
2025-10-02 18:28:54,756 - root - INFO - best test average_precision: 0.7806
2025-10-02 18:28:54,756 - root - INFO - test roc_auc, 0.7482
2025-10-02 18:28:54,756 - root - INFO - new node test loss: 0.5825
2025-10-02 18:28:54,756 - root - INFO - new node test average_precision, 0.7141
2025-10-02 18:28:54,756 - root - INFO - new node test roc_auc, 0.7766
2025-10-02 18:29:54,670 - root - INFO - Epoch: 31, learning rate: 0.0001, train loss: 0.3275
2025-10-02 18:29:54,670 - root - INFO - train average_precision, 0.8885
2025-10-02 18:29:54,670 - root - INFO - train roc_auc, 0.9187
2025-10-02 18:29:54,670 - root - INFO - validate loss: 0.5091
2025-10-02 18:29:54,670 - root - INFO - validate average_precision, 0.7871
2025-10-02 18:29:54,670 - root - INFO - validate roc_auc, 0.8242
2025-10-02 18:29:54,671 - root - INFO - new node validate loss: 0.5704
2025-10-02 18:29:54,671 - root - INFO - new node validate average_precision, 0.7674
2025-10-02 18:29:54,671 - root - INFO - new node validate roc_auc, 0.7971
2025-10-02 18:30:05,064 - root - INFO - test loss: 0.5783
2025-10-02 18:30:05,065 - root - INFO - test average_precision, 0.7047
2025-10-02 18:30:05,065 - root - INFO - best test average_precision: 0.7806
2025-10-02 18:30:05,065 - root - INFO - test roc_auc, 0.7563
2025-10-02 18:30:05,065 - root - INFO - new node test loss: 0.5561
2025-10-02 18:30:05,065 - root - INFO - new node test average_precision, 0.7414
2025-10-02 18:30:05,065 - root - INFO - new node test roc_auc, 0.7866
2025-10-02 18:31:05,154 - root - INFO - Epoch: 32, learning rate: 0.0001, train loss: 0.3280
2025-10-02 18:31:05,154 - root - INFO - train average_precision, 0.8885
2025-10-02 18:31:05,155 - root - INFO - train roc_auc, 0.9185
2025-10-02 18:31:05,155 - root - INFO - validate loss: 0.4577
2025-10-02 18:31:05,155 - root - INFO - validate average_precision, 0.8381
2025-10-02 18:31:05,155 - root - INFO - validate roc_auc, 0.8668
2025-10-02 18:31:05,155 - root - INFO - new node validate loss: 0.5665
2025-10-02 18:31:05,155 - root - INFO - new node validate average_precision, 0.7678
2025-10-02 18:31:05,155 - root - INFO - new node validate roc_auc, 0.7965
2025-10-02 18:31:15,514 - root - INFO - test loss: 0.4973
2025-10-02 18:31:15,514 - root - INFO - test average_precision, 0.7955
2025-10-02 18:31:15,514 - root - INFO - best test average_precision: 0.7955
2025-10-02 18:31:15,514 - root - INFO - test roc_auc, 0.8356
2025-10-02 18:31:15,514 - root - INFO - new node test loss: 0.5177
2025-10-02 18:31:15,515 - root - INFO - new node test average_precision, 0.7857
2025-10-02 18:31:15,515 - root - INFO - new node test roc_auc, 0.8263
2025-10-02 18:31:15,515 - root - INFO - save model ./saved_models/JODIE/mooc/JODIE_original_seed1/JODIE_original_seed1.pkl
2025-10-02 18:32:17,610 - root - INFO - Epoch: 33, learning rate: 0.0001, train loss: 0.3267
2025-10-02 18:32:17,610 - root - INFO - train average_precision, 0.8899
2025-10-02 18:32:17,610 - root - INFO - train roc_auc, 0.9191
2025-10-02 18:32:17,610 - root - INFO - validate loss: 0.5501
2025-10-02 18:32:17,610 - root - INFO - validate average_precision, 0.7451
2025-10-02 18:32:17,610 - root - INFO - validate roc_auc, 0.7987
2025-10-02 18:32:17,611 - root - INFO - new node validate loss: 0.5838
2025-10-02 18:32:17,611 - root - INFO - new node validate average_precision, 0.7224
2025-10-02 18:32:17,611 - root - INFO - new node validate roc_auc, 0.7734
2025-10-02 18:32:28,009 - root - INFO - test loss: 0.6566
2025-10-02 18:32:28,009 - root - INFO - test average_precision, 0.6869
2025-10-02 18:32:28,009 - root - INFO - best test average_precision: 0.7955
2025-10-02 18:32:28,009 - root - INFO - test roc_auc, 0.7478
2025-10-02 18:32:28,009 - root - INFO - new node test loss: 0.5627
2025-10-02 18:32:28,009 - root - INFO - new node test average_precision, 0.7269
2025-10-02 18:32:28,010 - root - INFO - new node test roc_auc, 0.7881
2025-10-02 18:33:27,979 - root - INFO - Epoch: 34, learning rate: 0.0001, train loss: 0.3242
2025-10-02 18:33:27,980 - root - INFO - train average_precision, 0.8915
2025-10-02 18:33:27,980 - root - INFO - train roc_auc, 0.9208
2025-10-02 18:33:27,980 - root - INFO - validate loss: 0.4894
2025-10-02 18:33:27,980 - root - INFO - validate average_precision, 0.7993
2025-10-02 18:33:27,980 - root - INFO - validate roc_auc, 0.8440
2025-10-02 18:33:27,980 - root - INFO - new node validate loss: 0.5990
2025-10-02 18:33:27,980 - root - INFO - new node validate average_precision, 0.7489
2025-10-02 18:33:27,980 - root - INFO - new node validate roc_auc, 0.7812
2025-10-02 18:33:38,380 - root - INFO - test loss: 0.5750
2025-10-02 18:33:38,380 - root - INFO - test average_precision, 0.7299
2025-10-02 18:33:38,380 - root - INFO - best test average_precision: 0.7955
2025-10-02 18:33:38,380 - root - INFO - test roc_auc, 0.7850
2025-10-02 18:33:38,380 - root - INFO - new node test loss: 0.5432
2025-10-02 18:33:38,380 - root - INFO - new node test average_precision, 0.7428
2025-10-02 18:33:38,380 - root - INFO - new node test roc_auc, 0.8003
2025-10-02 18:34:38,301 - root - INFO - Epoch: 35, learning rate: 0.0001, train loss: 0.3238
2025-10-02 18:34:38,302 - root - INFO - train average_precision, 0.8920
2025-10-02 18:34:38,302 - root - INFO - train roc_auc, 0.9213
2025-10-02 18:34:38,302 - root - INFO - validate loss: 0.5129
2025-10-02 18:34:38,302 - root - INFO - validate average_precision, 0.7898
2025-10-02 18:34:38,302 - root - INFO - validate roc_auc, 0.8267
2025-10-02 18:34:38,302 - root - INFO - new node validate loss: 0.5777
2025-10-02 18:34:38,302 - root - INFO - new node validate average_precision, 0.7648
2025-10-02 18:34:38,302 - root - INFO - new node validate roc_auc, 0.7948
2025-10-02 18:34:48,675 - root - INFO - test loss: 0.5756
2025-10-02 18:34:48,675 - root - INFO - test average_precision, 0.7290
2025-10-02 18:34:48,675 - root - INFO - best test average_precision: 0.7955
2025-10-02 18:34:48,675 - root - INFO - test roc_auc, 0.7764
2025-10-02 18:34:48,675 - root - INFO - new node test loss: 0.5636
2025-10-02 18:34:48,675 - root - INFO - new node test average_precision, 0.7413
2025-10-02 18:34:48,675 - root - INFO - new node test roc_auc, 0.7903
2025-10-02 18:35:48,639 - root - INFO - Epoch: 36, learning rate: 0.0001, train loss: 0.3258
2025-10-02 18:35:48,639 - root - INFO - train average_precision, 0.8906
2025-10-02 18:35:48,640 - root - INFO - train roc_auc, 0.9198
2025-10-02 18:35:48,640 - root - INFO - validate loss: 0.5026
2025-10-02 18:35:48,640 - root - INFO - validate average_precision, 0.7943
2025-10-02 18:35:48,640 - root - INFO - validate roc_auc, 0.8405
2025-10-02 18:35:48,640 - root - INFO - new node validate loss: 0.5784
2025-10-02 18:35:48,640 - root - INFO - new node validate average_precision, 0.7597
2025-10-02 18:35:48,640 - root - INFO - new node validate roc_auc, 0.7928
2025-10-02 18:35:58,992 - root - INFO - test loss: 0.5927
2025-10-02 18:35:58,992 - root - INFO - test average_precision, 0.7178
2025-10-02 18:35:58,992 - root - INFO - best test average_precision: 0.7955
2025-10-02 18:35:58,992 - root - INFO - test roc_auc, 0.7789
2025-10-02 18:35:58,992 - root - INFO - new node test loss: 0.5481
2025-10-02 18:35:58,992 - root - INFO - new node test average_precision, 0.7436
2025-10-02 18:35:58,992 - root - INFO - new node test roc_auc, 0.8008
2025-10-02 18:36:59,094 - root - INFO - Epoch: 37, learning rate: 0.0001, train loss: 0.3221
2025-10-02 18:36:59,094 - root - INFO - train average_precision, 0.8936
2025-10-02 18:36:59,094 - root - INFO - train roc_auc, 0.9222
2025-10-02 18:36:59,094 - root - INFO - validate loss: 0.4990
2025-10-02 18:36:59,095 - root - INFO - validate average_precision, 0.8019
2025-10-02 18:36:59,095 - root - INFO - validate roc_auc, 0.8368
2025-10-02 18:36:59,095 - root - INFO - new node validate loss: 0.5688
2025-10-02 18:36:59,095 - root - INFO - new node validate average_precision, 0.7684
2025-10-02 18:36:59,095 - root - INFO - new node validate roc_auc, 0.7982
2025-10-02 18:37:09,560 - root - INFO - test loss: 0.5498
2025-10-02 18:37:09,560 - root - INFO - test average_precision, 0.7477
2025-10-02 18:37:09,560 - root - INFO - best test average_precision: 0.7955
2025-10-02 18:37:09,560 - root - INFO - test roc_auc, 0.7948
2025-10-02 18:37:09,560 - root - INFO - new node test loss: 0.5528
2025-10-02 18:37:09,560 - root - INFO - new node test average_precision, 0.7457
2025-10-02 18:37:09,560 - root - INFO - new node test roc_auc, 0.7976
2025-10-02 18:38:09,436 - root - INFO - Epoch: 38, learning rate: 0.0001, train loss: 0.3235
2025-10-02 18:38:09,436 - root - INFO - train average_precision, 0.8916
2025-10-02 18:38:09,436 - root - INFO - train roc_auc, 0.9209
2025-10-02 18:38:09,436 - root - INFO - validate loss: 0.4814
2025-10-02 18:38:09,436 - root - INFO - validate average_precision, 0.8306
2025-10-02 18:38:09,436 - root - INFO - validate roc_auc, 0.8585
2025-10-02 18:38:09,437 - root - INFO - new node validate loss: 0.5863
2025-10-02 18:38:09,437 - root - INFO - new node validate average_precision, 0.7713
2025-10-02 18:38:09,437 - root - INFO - new node validate roc_auc, 0.7976
2025-10-02 18:38:20,011 - root - INFO - test loss: 0.5298
2025-10-02 18:38:20,012 - root - INFO - test average_precision, 0.7762
2025-10-02 18:38:20,012 - root - INFO - best test average_precision: 0.7955
2025-10-02 18:38:20,012 - root - INFO - test roc_auc, 0.8141
2025-10-02 18:38:20,012 - root - INFO - new node test loss: 0.5393
2025-10-02 18:38:20,012 - root - INFO - new node test average_precision, 0.7778
2025-10-02 18:38:20,012 - root - INFO - new node test roc_auc, 0.8169
2025-10-02 18:39:20,002 - root - INFO - Epoch: 39, learning rate: 0.0001, train loss: 0.3221
2025-10-02 18:39:20,002 - root - INFO - train average_precision, 0.8928
2025-10-02 18:39:20,002 - root - INFO - train roc_auc, 0.9217
2025-10-02 18:39:20,002 - root - INFO - validate loss: 0.4821
2025-10-02 18:39:20,003 - root - INFO - validate average_precision, 0.8060
2025-10-02 18:39:20,003 - root - INFO - validate roc_auc, 0.8491
2025-10-02 18:39:20,003 - root - INFO - new node validate loss: 0.5692
2025-10-02 18:39:20,003 - root - INFO - new node validate average_precision, 0.7712
2025-10-02 18:39:20,003 - root - INFO - new node validate roc_auc, 0.8005
2025-10-02 18:39:30,446 - root - INFO - test loss: 0.5327
2025-10-02 18:39:30,447 - root - INFO - test average_precision, 0.7570
2025-10-02 18:39:30,447 - root - INFO - best test average_precision: 0.7955
2025-10-02 18:39:30,447 - root - INFO - test roc_auc, 0.8133
2025-10-02 18:39:30,447 - root - INFO - new node test loss: 0.5260
2025-10-02 18:39:30,447 - root - INFO - new node test average_precision, 0.7662
2025-10-02 18:39:30,447 - root - INFO - new node test roc_auc, 0.8159
2025-10-02 18:40:30,490 - root - INFO - Epoch: 40, learning rate: 0.0001, train loss: 0.3199
2025-10-02 18:40:30,490 - root - INFO - train average_precision, 0.8953
2025-10-02 18:40:30,490 - root - INFO - train roc_auc, 0.9233
2025-10-02 18:40:30,490 - root - INFO - validate loss: 0.5054
2025-10-02 18:40:30,490 - root - INFO - validate average_precision, 0.8006
2025-10-02 18:40:30,491 - root - INFO - validate roc_auc, 0.8327
2025-10-02 18:40:30,491 - root - INFO - new node validate loss: 0.5835
2025-10-02 18:40:30,491 - root - INFO - new node validate average_precision, 0.7548
2025-10-02 18:40:30,491 - root - INFO - new node validate roc_auc, 0.7868
2025-10-02 18:40:40,871 - root - INFO - test loss: 0.5533
2025-10-02 18:40:40,871 - root - INFO - test average_precision, 0.7491
2025-10-02 18:40:40,871 - root - INFO - best test average_precision: 0.7955
2025-10-02 18:40:40,871 - root - INFO - test roc_auc, 0.7904
2025-10-02 18:40:40,871 - root - INFO - new node test loss: 0.5655
2025-10-02 18:40:40,871 - root - INFO - new node test average_precision, 0.7459
2025-10-02 18:40:40,872 - root - INFO - new node test roc_auc, 0.7913
2025-10-02 18:41:40,896 - root - INFO - Epoch: 41, learning rate: 0.0001, train loss: 0.3193
2025-10-02 18:41:40,897 - root - INFO - train average_precision, 0.8953
2025-10-02 18:41:40,897 - root - INFO - train roc_auc, 0.9234
2025-10-02 18:41:40,897 - root - INFO - validate loss: 0.5116
2025-10-02 18:41:40,897 - root - INFO - validate average_precision, 0.7976
2025-10-02 18:41:40,897 - root - INFO - validate roc_auc, 0.8323
2025-10-02 18:41:40,897 - root - INFO - new node validate loss: 0.5856
2025-10-02 18:41:40,897 - root - INFO - new node validate average_precision, 0.7578
2025-10-02 18:41:40,897 - root - INFO - new node validate roc_auc, 0.7902
2025-10-02 18:41:51,378 - root - INFO - test loss: 0.5534
2025-10-02 18:41:51,378 - root - INFO - test average_precision, 0.7458
2025-10-02 18:41:51,378 - root - INFO - best test average_precision: 0.7955
2025-10-02 18:41:51,378 - root - INFO - test roc_auc, 0.7893
2025-10-02 18:41:51,378 - root - INFO - new node test loss: 0.5632
2025-10-02 18:41:51,379 - root - INFO - new node test average_precision, 0.7500
2025-10-02 18:41:51,379 - root - INFO - new node test roc_auc, 0.7966
2025-10-02 18:42:51,409 - root - INFO - Epoch: 42, learning rate: 0.0001, train loss: 0.3218
2025-10-02 18:42:51,409 - root - INFO - train average_precision, 0.8934
2025-10-02 18:42:51,410 - root - INFO - train roc_auc, 0.9218
2025-10-02 18:42:51,410 - root - INFO - validate loss: 0.5090
2025-10-02 18:42:51,410 - root - INFO - validate average_precision, 0.7873
2025-10-02 18:42:51,410 - root - INFO - validate roc_auc, 0.8275
2025-10-02 18:42:51,410 - root - INFO - new node validate loss: 0.5735
2025-10-02 18:42:51,410 - root - INFO - new node validate average_precision, 0.7584
2025-10-02 18:42:51,410 - root - INFO - new node validate roc_auc, 0.7917
2025-10-02 18:43:01,811 - root - INFO - test loss: 0.5593
2025-10-02 18:43:01,811 - root - INFO - test average_precision, 0.7331
2025-10-02 18:43:01,811 - root - INFO - best test average_precision: 0.7955
2025-10-02 18:43:01,811 - root - INFO - test roc_auc, 0.7810
2025-10-02 18:43:01,811 - root - INFO - new node test loss: 0.5624
2025-10-02 18:43:01,811 - root - INFO - new node test average_precision, 0.7395
2025-10-02 18:43:01,811 - root - INFO - new node test roc_auc, 0.7873
2025-10-02 18:44:01,897 - root - INFO - Epoch: 43, learning rate: 0.0001, train loss: 0.3204
2025-10-02 18:44:01,897 - root - INFO - train average_precision, 0.8943
2025-10-02 18:44:01,897 - root - INFO - train roc_auc, 0.9226
2025-10-02 18:44:01,898 - root - INFO - validate loss: 0.4954
2025-10-02 18:44:01,898 - root - INFO - validate average_precision, 0.8127
2025-10-02 18:44:01,898 - root - INFO - validate roc_auc, 0.8460
2025-10-02 18:44:01,898 - root - INFO - new node validate loss: 0.5766
2025-10-02 18:44:01,898 - root - INFO - new node validate average_precision, 0.7617
2025-10-02 18:44:01,898 - root - INFO - new node validate roc_auc, 0.7936
2025-10-02 18:44:12,392 - root - INFO - test loss: 0.5369
2025-10-02 18:44:12,392 - root - INFO - test average_precision, 0.7629
2025-10-02 18:44:12,392 - root - INFO - best test average_precision: 0.7955
2025-10-02 18:44:12,393 - root - INFO - test roc_auc, 0.8059
2025-10-02 18:44:12,393 - root - INFO - new node test loss: 0.5469
2025-10-02 18:44:12,393 - root - INFO - new node test average_precision, 0.7623
2025-10-02 18:44:12,393 - root - INFO - new node test roc_auc, 0.8074
2025-10-02 18:45:12,405 - root - INFO - Epoch: 44, learning rate: 0.0001, train loss: 0.3196
2025-10-02 18:45:12,406 - root - INFO - train average_precision, 0.8956
2025-10-02 18:45:12,406 - root - INFO - train roc_auc, 0.9233
2025-10-02 18:45:12,406 - root - INFO - validate loss: 0.4829
2025-10-02 18:45:12,406 - root - INFO - validate average_precision, 0.8133
2025-10-02 18:45:12,406 - root - INFO - validate roc_auc, 0.8548
2025-10-02 18:45:12,406 - root - INFO - new node validate loss: 0.6127
2025-10-02 18:45:12,406 - root - INFO - new node validate average_precision, 0.7447
2025-10-02 18:45:12,406 - root - INFO - new node validate roc_auc, 0.7743
2025-10-02 18:45:22,821 - root - INFO - test loss: 0.5330
2025-10-02 18:45:22,821 - root - INFO - test average_precision, 0.7536
2025-10-02 18:45:22,821 - root - INFO - best test average_precision: 0.7955
2025-10-02 18:45:22,821 - root - INFO - test roc_auc, 0.8130
2025-10-02 18:45:22,821 - root - INFO - new node test loss: 0.5461
2025-10-02 18:45:22,821 - root - INFO - new node test average_precision, 0.7479
2025-10-02 18:45:22,821 - root - INFO - new node test roc_auc, 0.8052
2025-10-02 18:46:22,819 - root - INFO - Epoch: 45, learning rate: 0.0001, train loss: 0.3195
2025-10-02 18:46:22,820 - root - INFO - train average_precision, 0.8951
2025-10-02 18:46:22,820 - root - INFO - train roc_auc, 0.9229
2025-10-02 18:46:22,820 - root - INFO - validate loss: 0.4787
2025-10-02 18:46:22,820 - root - INFO - validate average_precision, 0.8132
2025-10-02 18:46:22,820 - root - INFO - validate roc_auc, 0.8542
2025-10-02 18:46:22,820 - root - INFO - new node validate loss: 0.6100
2025-10-02 18:46:22,820 - root - INFO - new node validate average_precision, 0.7469
2025-10-02 18:46:22,820 - root - INFO - new node validate roc_auc, 0.7764
2025-10-02 18:46:33,496 - root - INFO - test loss: 0.5422
2025-10-02 18:46:33,496 - root - INFO - test average_precision, 0.7459
2025-10-02 18:46:33,497 - root - INFO - best test average_precision: 0.7955
2025-10-02 18:46:33,497 - root - INFO - test roc_auc, 0.8036
2025-10-02 18:46:33,497 - root - INFO - new node test loss: 0.5371
2025-10-02 18:46:33,497 - root - INFO - new node test average_precision, 0.7604
2025-10-02 18:46:33,497 - root - INFO - new node test roc_auc, 0.8090
2025-10-02 18:47:33,436 - root - INFO - Epoch: 46, learning rate: 0.0001, train loss: 0.3215
2025-10-02 18:47:33,436 - root - INFO - train average_precision, 0.8926
2025-10-02 18:47:33,437 - root - INFO - train roc_auc, 0.9216
2025-10-02 18:47:33,437 - root - INFO - validate loss: 0.4816
2025-10-02 18:47:33,437 - root - INFO - validate average_precision, 0.8294
2025-10-02 18:47:33,437 - root - INFO - validate roc_auc, 0.8563
2025-10-02 18:47:33,437 - root - INFO - new node validate loss: 0.6044
2025-10-02 18:47:33,437 - root - INFO - new node validate average_precision, 0.7499
2025-10-02 18:47:33,437 - root - INFO - new node validate roc_auc, 0.7781
2025-10-02 18:47:43,759 - root - INFO - test loss: 0.5327
2025-10-02 18:47:43,759 - root - INFO - test average_precision, 0.7787
2025-10-02 18:47:43,759 - root - INFO - best test average_precision: 0.7955
2025-10-02 18:47:43,759 - root - INFO - test roc_auc, 0.8138
2025-10-02 18:47:43,759 - root - INFO - new node test loss: 0.5479
2025-10-02 18:47:43,759 - root - INFO - new node test average_precision, 0.7707
2025-10-02 18:47:43,759 - root - INFO - new node test roc_auc, 0.8108
2025-10-02 18:48:43,846 - root - INFO - Epoch: 47, learning rate: 0.0001, train loss: 0.3169
2025-10-02 18:48:43,847 - root - INFO - train average_precision, 0.8979
2025-10-02 18:48:43,847 - root - INFO - train roc_auc, 0.9246
2025-10-02 18:48:43,847 - root - INFO - validate loss: 0.4907
2025-10-02 18:48:43,847 - root - INFO - validate average_precision, 0.8170
2025-10-02 18:48:43,847 - root - INFO - validate roc_auc, 0.8478
2025-10-02 18:48:43,847 - root - INFO - new node validate loss: 0.5900
2025-10-02 18:48:43,847 - root - INFO - new node validate average_precision, 0.7604
2025-10-02 18:48:43,847 - root - INFO - new node validate roc_auc, 0.7899
2025-10-02 18:48:54,285 - root - INFO - test loss: 0.5324
2025-10-02 18:48:54,286 - root - INFO - test average_precision, 0.7682
2025-10-02 18:48:54,286 - root - INFO - best test average_precision: 0.7955
2025-10-02 18:48:54,286 - root - INFO - test roc_auc, 0.8092
2025-10-02 18:48:54,286 - root - INFO - new node test loss: 0.5541
2025-10-02 18:48:54,286 - root - INFO - new node test average_precision, 0.7636
2025-10-02 18:48:54,286 - root - INFO - new node test roc_auc, 0.8057
2025-10-02 18:49:54,208 - root - INFO - Epoch: 48, learning rate: 0.0001, train loss: 0.3163
2025-10-02 18:49:54,208 - root - INFO - train average_precision, 0.8974
2025-10-02 18:49:54,208 - root - INFO - train roc_auc, 0.9248
2025-10-02 18:49:54,208 - root - INFO - validate loss: 0.4870
2025-10-02 18:49:54,208 - root - INFO - validate average_precision, 0.8087
2025-10-02 18:49:54,209 - root - INFO - validate roc_auc, 0.8509
2025-10-02 18:49:54,209 - root - INFO - new node validate loss: 0.5944
2025-10-02 18:49:54,209 - root - INFO - new node validate average_precision, 0.7627
2025-10-02 18:49:54,209 - root - INFO - new node validate roc_auc, 0.7882
2025-10-02 18:50:04,721 - root - INFO - test loss: 0.5625
2025-10-02 18:50:04,721 - root - INFO - test average_precision, 0.7413
2025-10-02 18:50:04,721 - root - INFO - best test average_precision: 0.7955
2025-10-02 18:50:04,721 - root - INFO - test roc_auc, 0.7981
2025-10-02 18:50:04,721 - root - INFO - new node test loss: 0.5364
2025-10-02 18:50:04,721 - root - INFO - new node test average_precision, 0.7578
2025-10-02 18:50:04,721 - root - INFO - new node test roc_auc, 0.8115
2025-10-02 18:51:04,883 - root - INFO - Epoch: 49, learning rate: 0.0001, train loss: 0.3163
2025-10-02 18:51:04,884 - root - INFO - train average_precision, 0.8979
2025-10-02 18:51:04,884 - root - INFO - train roc_auc, 0.9248
2025-10-02 18:51:04,884 - root - INFO - validate loss: 0.4871
2025-10-02 18:51:04,884 - root - INFO - validate average_precision, 0.8257
2025-10-02 18:51:04,884 - root - INFO - validate roc_auc, 0.8535
2025-10-02 18:51:04,884 - root - INFO - new node validate loss: 0.6055
2025-10-02 18:51:04,884 - root - INFO - new node validate average_precision, 0.7486
2025-10-02 18:51:04,884 - root - INFO - new node validate roc_auc, 0.7807
2025-10-02 18:51:15,204 - root - INFO - test loss: 0.5371
2025-10-02 18:51:15,204 - root - INFO - test average_precision, 0.7721
2025-10-02 18:51:15,204 - root - INFO - best test average_precision: 0.7955
2025-10-02 18:51:15,205 - root - INFO - test roc_auc, 0.8107
2025-10-02 18:51:15,205 - root - INFO - new node test loss: 0.5618
2025-10-02 18:51:15,205 - root - INFO - new node test average_precision, 0.7556
2025-10-02 18:51:15,205 - root - INFO - new node test roc_auc, 0.8018
2025-10-02 18:52:15,089 - root - INFO - Epoch: 50, learning rate: 0.0001, train loss: 0.3158
2025-10-02 18:52:15,090 - root - INFO - train average_precision, 0.8982
2025-10-02 18:52:15,090 - root - INFO - train roc_auc, 0.9251
2025-10-02 18:52:15,090 - root - INFO - validate loss: 0.4883
2025-10-02 18:52:15,090 - root - INFO - validate average_precision, 0.8058
2025-10-02 18:52:15,090 - root - INFO - validate roc_auc, 0.8481
2025-10-02 18:52:15,090 - root - INFO - new node validate loss: 0.5958
2025-10-02 18:52:15,090 - root - INFO - new node validate average_precision, 0.7573
2025-10-02 18:52:15,090 - root - INFO - new node validate roc_auc, 0.7830
2025-10-02 18:52:25,608 - root - INFO - test loss: 0.5659
2025-10-02 18:52:25,608 - root - INFO - test average_precision, 0.7302
2025-10-02 18:52:25,608 - root - INFO - best test average_precision: 0.7955
2025-10-02 18:52:25,608 - root - INFO - test roc_auc, 0.7932
2025-10-02 18:52:25,608 - root - INFO - new node test loss: 0.5525
2025-10-02 18:52:25,608 - root - INFO - new node test average_precision, 0.7442
2025-10-02 18:52:25,608 - root - INFO - new node test roc_auc, 0.8015
2025-10-02 18:53:25,787 - root - INFO - Epoch: 51, learning rate: 0.0001, train loss: 0.3132
2025-10-02 18:53:25,788 - root - INFO - train average_precision, 0.8999
2025-10-02 18:53:25,788 - root - INFO - train roc_auc, 0.9262
2025-10-02 18:53:25,788 - root - INFO - validate loss: 0.5026
2025-10-02 18:53:25,788 - root - INFO - validate average_precision, 0.8145
2025-10-02 18:53:25,788 - root - INFO - validate roc_auc, 0.8434
2025-10-02 18:53:25,788 - root - INFO - new node validate loss: 0.6150
2025-10-02 18:53:25,788 - root - INFO - new node validate average_precision, 0.7454
2025-10-02 18:53:25,788 - root - INFO - new node validate roc_auc, 0.7739
2025-10-02 18:53:36,282 - root - INFO - test loss: 0.5620
2025-10-02 18:53:36,282 - root - INFO - test average_precision, 0.7366
2025-10-02 18:53:36,282 - root - INFO - best test average_precision: 0.7955
2025-10-02 18:53:36,282 - root - INFO - test roc_auc, 0.7824
2025-10-02 18:53:36,282 - root - INFO - new node test loss: 0.5831
2025-10-02 18:53:36,282 - root - INFO - new node test average_precision, 0.7403
2025-10-02 18:53:36,282 - root - INFO - new node test roc_auc, 0.7868
2025-10-02 18:54:36,350 - root - INFO - Epoch: 52, learning rate: 0.0001, train loss: 0.3159
2025-10-02 18:54:36,350 - root - INFO - train average_precision, 0.8976
2025-10-02 18:54:36,350 - root - INFO - train roc_auc, 0.9250
2025-10-02 18:54:36,351 - root - INFO - validate loss: 0.4994
2025-10-02 18:54:36,351 - root - INFO - validate average_precision, 0.8214
2025-10-02 18:54:36,351 - root - INFO - validate roc_auc, 0.8508
2025-10-02 18:54:36,351 - root - INFO - new node validate loss: 0.6172
2025-10-02 18:54:36,351 - root - INFO - new node validate average_precision, 0.7552
2025-10-02 18:54:36,351 - root - INFO - new node validate roc_auc, 0.7829
2025-10-02 18:54:46,790 - root - INFO - test loss: 0.5588
2025-10-02 18:54:46,790 - root - INFO - test average_precision, 0.7507
2025-10-02 18:54:46,790 - root - INFO - best test average_precision: 0.7955
2025-10-02 18:54:46,790 - root - INFO - test roc_auc, 0.7914
2025-10-02 18:54:46,790 - root - INFO - new node test loss: 0.5791
2025-10-02 18:54:46,790 - root - INFO - new node test average_precision, 0.7521
2025-10-02 18:54:46,791 - root - INFO - new node test roc_auc, 0.7945
2025-10-02 18:54:46,791 - root - INFO - load model ./saved_models/JODIE/mooc/JODIE_original_seed1/JODIE_original_seed1.pkl
2025-10-02 18:54:49,560 - root - INFO - get final performance on dataset mooc...
2025-10-02 18:55:00,678 - root - INFO - test loss: 0.4973
2025-10-02 18:55:00,678 - root - INFO - test average_precision, 0.7955
2025-10-02 18:55:00,679 - root - INFO - test roc_auc, 0.8356
2025-10-02 18:55:00,679 - root - INFO - new node test loss: 0.5177
2025-10-02 18:55:00,679 - root - INFO - new node test average_precision, 0.7857
2025-10-02 18:55:00,679 - root - INFO - new node test roc_auc, 0.8263
2025-10-02 18:55:00,679 - root - INFO - Run 2 cost 3702.24 seconds.
