2025-10-08 11:51:05,569 - root - INFO - ********** Run 2 starts. **********
2025-10-08 11:51:05,569 - root - INFO - configuration is Namespace(dataset_name='uci', batch_size=200, model_name='JODIE', gpu=0, num_neighbors=10, sample_neighbor_strategy='uniform', time_scaling_factor=1e-06, num_walk_heads=8, num_heads=2, num_layers=1, walk_length=1, time_gap=2000, time_feat_dim=100, position_feat_dim=172, time_window_mode='fixed_proportion', time_encoder_type='lete', expert_dim=128, num_mixtures=16, sort_neighbors_by_time=False, patch_size=1, channel_embedding_dim=50, max_input_sequence_length=32, learning_rate=0.0001, dropout=0.4, gamma=0.5, num_epochs=2, optimizer='Adam', weight_decay=0.0, patience=20, val_ratio=0.15, test_ratio=0.15, num_runs=2, test_interval_epochs=100, negative_sample_strategy='random', max_interaction_times=10, load_best_configs=True, data_ratio=0.05, seed=1, save_model_name_suffix='', ablation_dir='', mamba_d_state=256, mamba_d_conv=4, mamba_expand=2, mamba_headdim=64, resume_from_checkpoint=None, save_checkpoints=True, checkpoint_interval=20, start_from_seed=0, max_checkpoints_to_keep=3, checkpoint_strategy='minimal', validate_checkpoints=True, device='cuda:0', save_model_name='JODIE_lete_seed1')
2025-10-08 11:51:05,571 - root - INFO - Metrics will be saved to: ./saved_metrics/JODIE/uci/JODIE_lete_seed1
2025-10-08 11:51:05,572 - root - INFO - time encoder type: lete
2025-10-08 11:51:05,572 - root - INFO - Time encoder will be injected into JODIE model
2025-10-08 11:51:05,618 - root - INFO - model -> Sequential(
  (0): MemoryModel(
    (time_encoder): TimeEncoder(
      (w): Linear(in_features=1, out_features=100, bias=True)
    )
    (message_aggregator): MessageAggregator()
    (memory_bank): MemoryBank(num_nodes=1900, memory_dim=172)
    (memory_updater): RNNMemoryUpdater(
      (memory_bank): MemoryBank(num_nodes=1900, memory_dim=172)
      (memory_updater): RNNCell(616, 172)
    )
    (embedding_module): TimeProjectionEmbedding(
      (dropout): Dropout(p=0.4, inplace=False)
      (linear_layer): Linear(in_features=1, out_features=172, bias=True)
    )
  )
  (1): MergeLayer(
    (fc1): Linear(in_features=344, out_features=172, bias=True)
    (fc2): Linear(in_features=172, out_features=1, bias=True)
    (act): ReLU()
  )
)
2025-10-08 11:51:05,618 - root - INFO - model name: JODIE, #parameters: 783748 B, 765.37890625 KB, 0.7474403381347656 MB.
2025-10-08 11:51:05,818 - root - INFO - Epoch: 1, learning rate: 0.0001, train loss: 0.6924
2025-10-08 11:51:05,819 - root - INFO - train average_precision, 0.5281
2025-10-08 11:51:05,819 - root - INFO - train roc_auc, 0.5239
2025-10-08 11:51:05,819 - root - INFO - validate loss: 0.6800
2025-10-08 11:51:05,819 - root - INFO - validate average_precision, 0.6829
2025-10-08 11:51:05,819 - root - INFO - validate roc_auc, 0.6991
2025-10-08 11:51:05,819 - root - INFO - new node validate loss: 0.6950
2025-10-08 11:51:05,819 - root - INFO - new node validate average_precision, 0.4740
2025-10-08 11:51:05,819 - root - INFO - new node validate roc_auc, 0.5056
2025-10-08 11:51:05,828 - root - INFO - save model ./saved_models/JODIE/uci/JODIE_lete_seed1/JODIE_lete_seed1.pkl
2025-10-08 11:51:06,126 - root - INFO - Epoch: 2, learning rate: 0.0001, train loss: 0.6810
2025-10-08 11:51:06,126 - root - INFO - train average_precision, 0.6178
2025-10-08 11:51:06,126 - root - INFO - train roc_auc, 0.6356
2025-10-08 11:51:06,126 - root - INFO - validate loss: 0.6608
2025-10-08 11:51:06,126 - root - INFO - validate average_precision, 0.7456
2025-10-08 11:51:06,126 - root - INFO - validate roc_auc, 0.7979
2025-10-08 11:51:06,126 - root - INFO - new node validate loss: 0.6936
2025-10-08 11:51:06,127 - root - INFO - new node validate average_precision, 0.4870
2025-10-08 11:51:06,127 - root - INFO - new node validate roc_auc, 0.5193
2025-10-08 11:51:06,131 - root - INFO - save model ./saved_models/JODIE/uci/JODIE_lete_seed1/JODIE_lete_seed1.pkl
2025-10-08 11:51:06,360 - root - INFO - load model ./saved_models/JODIE/uci/JODIE_lete_seed1/JODIE_lete_seed1.pkl
2025-10-08 11:51:06,453 - root - INFO - get final performance on dataset uci...
2025-10-08 11:51:06,517 - root - INFO - test loss: 0.6797
2025-10-08 11:51:06,517 - root - INFO - test average_precision, 0.6064
2025-10-08 11:51:06,517 - root - INFO - test roc_auc, 0.6336
2025-10-08 11:51:06,517 - root - INFO - new node test loss: 0.6975
2025-10-08 11:51:06,517 - root - INFO - new node test average_precision, 0.4861
2025-10-08 11:51:06,518 - root - INFO - new node test roc_auc, 0.4726
2025-10-08 11:51:06,525 - root - INFO - ✅ Metrics saved to: ./saved_metrics/JODIE/uci/JODIE_lete_seed1
2025-10-08 11:51:06,526 - root - INFO - Run 2 cost 0.96 seconds.
2025-10-08 11:51:06,529 - root - INFO - metrics over 2 runs:
2025-10-08 11:51:06,529 - root - INFO - test average_precision, [np.float64(0.6007207316628046), np.float64(0.6063725008758499)]
2025-10-08 11:51:06,529 - root - INFO - average test average_precision, 0.6035 ± 0.0040
2025-10-08 11:51:06,529 - root - INFO - test roc_auc, [np.float64(0.6320121598639457), np.float64(0.6336096123143133)]
2025-10-08 11:51:06,529 - root - INFO - average test roc_auc, 0.6328 ± 0.0011
2025-10-08 11:51:06,529 - root - INFO - new node test average_precision, [np.float64(0.4987554964315053), np.float64(0.4860836987679642)]
2025-10-08 11:51:06,529 - root - INFO - average new node test average_precision, 0.4924 ± 0.0090
2025-10-08 11:51:06,529 - root - INFO - new node test roc_auc, [np.float64(0.5007819444444443), np.float64(0.47262361111111106)]
2025-10-08 11:51:06,529 - root - INFO - average new node test roc_auc, 0.4867 ± 0.0199
