2025-10-08 06:23:31,543 - root - INFO - ********** Run 2 starts. **********
2025-10-08 06:23:31,543 - root - INFO - configuration is Namespace(dataset_name='Flights', batch_size=200, model_name='DyGFormer', gpu=0, num_neighbors=20, sample_neighbor_strategy='uniform', time_scaling_factor=1e-06, num_walk_heads=8, num_heads=2, num_layers=2, walk_length=1, time_gap=2000, time_feat_dim=100, position_feat_dim=172, time_window_mode='fixed_proportion', time_encoder_type='mercer', expert_dim=128, num_mixtures=16, sort_neighbors_by_time=False, patch_size=8, channel_embedding_dim=50, max_input_sequence_length=256, learning_rate=0.0001, dropout=0.1, gamma=0.5, num_epochs=2, optimizer='Adam', weight_decay=0.0, patience=20, val_ratio=0.15, test_ratio=0.15, num_runs=2, test_interval_epochs=100, negative_sample_strategy='random', max_interaction_times=10, load_best_configs=True, data_ratio=0.05, seed=1, save_model_name_suffix='', ablation_dir='', mamba_d_state=256, mamba_d_conv=4, mamba_expand=2, mamba_headdim=64, resume_from_checkpoint=None, save_checkpoints=True, checkpoint_interval=20, start_from_seed=0, max_checkpoints_to_keep=3, checkpoint_strategy='minimal', validate_checkpoints=True, device='cuda:0', save_model_name='DyGFormer_mercer_seed1')
2025-10-08 06:23:31,545 - root - INFO - Metrics will be saved to: ./saved_metrics/DyGFormer/Flights/DyGFormer_mercer_seed1
2025-10-08 06:23:31,545 - root - INFO - time encoder type: mercer
2025-10-08 06:23:31,546 - root - INFO - Time encoder will be injected into DyGFormer model
2025-10-08 06:23:32,136 - root - INFO - model -> Sequential(
  (0): DyGFormer(
    (time_encoder): TimeEncoderWrapper(
      (encoder): MercerTimeEncoder()
    )
    (neighbor_co_occurrence_encoder): NeighborCooccurrenceEncoder(
      (neighbor_co_occurrence_encode_layer): Sequential(
        (0): Linear(in_features=1, out_features=50, bias=True)
        (1): ReLU()
        (2): Linear(in_features=50, out_features=50, bias=True)
      )
    )
    (projection_layer): ModuleDict(
      (node): Linear(in_features=1376, out_features=50, bias=True)
      (edge): Linear(in_features=1376, out_features=50, bias=True)
      (time): Linear(in_features=800, out_features=50, bias=True)
      (neighbor_co_occurrence): Linear(in_features=400, out_features=50, bias=True)
    )
    (transformers): ModuleList(
      (0-1): 2 x TransformerEncoder(
        (multi_head_attention): MultiheadAttention(
          (out_proj): NonDynamicallyQuantizableLinear(in_features=200, out_features=200, bias=True)
        )
        (dropout): Dropout(p=0.1, inplace=False)
        (linear_layers): ModuleList(
          (0): Linear(in_features=200, out_features=800, bias=True)
          (1): Linear(in_features=800, out_features=200, bias=True)
        )
        (norm_layers): ModuleList(
          (0-1): 2 x LayerNorm((200,), eps=1e-05, elementwise_affine=True)
        )
      )
    )
    (output_layer): Linear(in_features=200, out_features=172, bias=True)
  )
  (1): MergeLayer(
    (fc1): Linear(in_features=344, out_features=172, bias=True)
    (fc2): Linear(in_features=172, out_features=1, bias=True)
    (act): ReLU()
  )
)
2025-10-08 06:23:32,137 - root - INFO - model name: DyGFormer, #parameters: 5046140 B, 4927.87109375 KB, 4.812374114990234 MB.
2025-10-08 06:24:42,877 - root - INFO - Epoch: 1, learning rate: 0.0001, train loss: 0.5466
2025-10-08 06:24:42,878 - root - INFO - train average_precision, 0.7541
2025-10-08 06:24:42,878 - root - INFO - train roc_auc, 0.7285
2025-10-08 06:24:42,878 - root - INFO - validate loss: 0.4261
2025-10-08 06:24:42,878 - root - INFO - validate average_precision, 0.9174
2025-10-08 06:24:42,878 - root - INFO - validate roc_auc, 0.9031
2025-10-08 06:24:42,878 - root - INFO - new node validate loss: 0.6904
2025-10-08 06:24:42,878 - root - INFO - new node validate average_precision, 0.8285
2025-10-08 06:24:42,878 - root - INFO - new node validate roc_auc, 0.8082
2025-10-08 06:24:42,888 - root - INFO - save model ./saved_models/DyGFormer/Flights/DyGFormer_mercer_seed1/DyGFormer_mercer_seed1.pkl
2025-10-08 06:25:53,245 - root - INFO - Epoch: 2, learning rate: 0.0001, train loss: 0.4787
2025-10-08 06:25:53,246 - root - INFO - train average_precision, 0.7865
2025-10-08 06:25:53,246 - root - INFO - train roc_auc, 0.7698
2025-10-08 06:25:53,246 - root - INFO - validate loss: 0.2900
2025-10-08 06:25:53,246 - root - INFO - validate average_precision, 0.9491
2025-10-08 06:25:53,246 - root - INFO - validate roc_auc, 0.9425
2025-10-08 06:25:53,246 - root - INFO - new node validate loss: 0.5051
2025-10-08 06:25:53,246 - root - INFO - new node validate average_precision, 0.8820
2025-10-08 06:25:53,246 - root - INFO - new node validate roc_auc, 0.8657
2025-10-08 06:25:53,254 - root - INFO - save model ./saved_models/DyGFormer/Flights/DyGFormer_mercer_seed1/DyGFormer_mercer_seed1.pkl
2025-10-08 06:25:53,306 - root - INFO - load model ./saved_models/DyGFormer/Flights/DyGFormer_mercer_seed1/DyGFormer_mercer_seed1.pkl
2025-10-08 06:25:53,327 - root - INFO - get final performance on dataset Flights...
2025-10-08 06:26:23,151 - root - INFO - validate loss: 0.2900
2025-10-08 06:26:23,151 - root - INFO - validate average_precision, 0.9491
2025-10-08 06:26:23,151 - root - INFO - validate roc_auc, 0.9425
2025-10-08 06:26:23,151 - root - INFO - new node validate loss: 0.5051
2025-10-08 06:26:23,151 - root - INFO - new node validate average_precision, 0.8820
2025-10-08 06:26:23,151 - root - INFO - new node validate roc_auc, 0.8657
2025-10-08 06:26:23,151 - root - INFO - test loss: 0.3491
2025-10-08 06:26:23,152 - root - INFO - test average_precision, 0.9281
2025-10-08 06:26:23,152 - root - INFO - test roc_auc, 0.9091
2025-10-08 06:26:23,152 - root - INFO - new node test loss: 0.6690
2025-10-08 06:26:23,152 - root - INFO - new node test average_precision, 0.7982
2025-10-08 06:26:23,152 - root - INFO - new node test roc_auc, 0.7658
2025-10-08 06:26:23,161 - root - INFO - ✅ Metrics saved to: ./saved_metrics/DyGFormer/Flights/DyGFormer_mercer_seed1
2025-10-08 06:26:23,161 - root - INFO - Run 2 cost 171.62 seconds.
2025-10-08 06:26:23,165 - root - INFO - metrics over 2 runs:
2025-10-08 06:26:23,165 - root - INFO - validate average_precision, [np.float64(0.9439115128203016), np.float64(0.9490860585992561)]
2025-10-08 06:26:23,166 - root - INFO - average validate average_precision, 0.9465 ± 0.0037
2025-10-08 06:26:23,166 - root - INFO - validate roc_auc, [np.float64(0.9366065103875671), np.float64(0.9424940361441744)]
2025-10-08 06:26:23,166 - root - INFO - average validate roc_auc, 0.9396 ± 0.0042
2025-10-08 06:26:23,166 - root - INFO - new node validate average_precision, [np.float64(0.8712757360671902), np.float64(0.8819735610124647)]
2025-10-08 06:26:23,166 - root - INFO - average new node validate average_precision, 0.8766 ± 0.0076
2025-10-08 06:26:23,166 - root - INFO - new node validate roc_auc, [np.float64(0.8556758202776059), np.float64(0.8657428322339037)]
2025-10-08 06:26:23,166 - root - INFO - average new node validate roc_auc, 0.8607 ± 0.0071
2025-10-08 06:26:23,166 - root - INFO - test average_precision, [np.float64(0.918341742305717), np.float64(0.9281117953787031)]
2025-10-08 06:26:23,166 - root - INFO - average test average_precision, 0.9232 ± 0.0069
2025-10-08 06:26:23,167 - root - INFO - test roc_auc, [np.float64(0.8996831249999998), np.float64(0.90906375)]
2025-10-08 06:26:23,167 - root - INFO - average test roc_auc, 0.9044 ± 0.0066
2025-10-08 06:26:23,167 - root - INFO - new node test average_precision, [np.float64(0.7841512141628288), np.float64(0.7981698736023276)]
2025-10-08 06:26:23,167 - root - INFO - average new node test average_precision, 0.7912 ± 0.0099
2025-10-08 06:26:23,167 - root - INFO - new node test roc_auc, [np.float64(0.7524345871511869), np.float64(0.7658312742954325)]
2025-10-08 06:26:23,167 - root - INFO - average new node test roc_auc, 0.7591 ± 0.0095
