2025-09-30 13:19:16,981 - root - INFO - ********** Run 2 starts. **********
2025-09-30 13:19:16,981 - root - INFO - configuration is Namespace(dataset_name='lastfm', batch_size=200, model_name='JODIE', gpu=0, num_neighbors=10, sample_neighbor_strategy='uniform', time_scaling_factor=1e-06, num_walk_heads=8, num_heads=2, num_layers=1, walk_length=1, time_gap=2000, time_feat_dim=128, position_feat_dim=172, time_window_mode='fixed_proportion', time_encoder_type='lete', expert_dim=64, num_mixtures=4, patch_size=1, channel_embedding_dim=50, max_input_sequence_length=32, learning_rate=0.0001, dropout=0.3, gamma=0.5, num_epochs=100, optimizer='Adam', weight_decay=0.0, patience=20, val_ratio=0.15, test_ratio=0.15, num_runs=5, test_interval_epochs=1, negative_sample_strategy='random', max_interaction_times=10, load_best_configs=True, device='cuda:0', seed=1, save_model_name='JODIE_seed1')
2025-09-30 13:19:16,983 - root - INFO - time encoder type: lete
2025-09-30 13:19:18,118 - root - INFO - model -> Sequential(
  (0): MemoryModel(
    (time_encoder): TimeEncoder(
      (w): Linear(in_features=1, out_features=128, bias=True)
    )
    (message_aggregator): MessageAggregator()
    (memory_bank): MemoryBank(num_nodes=1981, memory_dim=172)
    (memory_updater): RNNMemoryUpdater(
      (memory_bank): MemoryBank(num_nodes=1981, memory_dim=172)
      (memory_updater): RNNCell(644, 172)
    )
    (embedding_module): TimeProjectionEmbedding(
      (dropout): Dropout(p=0.3, inplace=False)
      (linear_layer): Linear(in_features=1, out_features=172, bias=True)
    )
  )
  (1): MergeLayer(
    (fc1): Linear(in_features=344, out_features=172, bias=True)
    (fc2): Linear(in_features=172, out_features=1, bias=True)
    (act): ReLU()
  )
)
2025-09-30 13:19:18,118 - root - INFO - model name: JODIE, #parameters: 803236 B, 784.41015625 KB, 0.7660255432128906 MB.
2025-09-30 13:20:39,032 - root - INFO - Epoch: 1, learning rate: 0.0001, train loss: 0.6066
2025-09-30 13:20:39,033 - root - INFO - train average_precision, 0.7016
2025-09-30 13:20:39,033 - root - INFO - train roc_auc, 0.7106
2025-09-30 13:20:39,033 - root - INFO - validate loss: 0.7811
2025-09-30 13:20:39,034 - root - INFO - validate average_precision, 0.6559
2025-09-30 13:20:39,034 - root - INFO - validate roc_auc, 0.6562
2025-09-30 13:20:39,034 - root - INFO - new node validate loss: 0.6046
2025-09-30 13:20:39,034 - root - INFO - new node validate average_precision, 0.7939
2025-09-30 13:20:39,034 - root - INFO - new node validate roc_auc, 0.7863
2025-09-30 13:20:55,563 - root - INFO - test loss: 0.8008
2025-09-30 13:20:55,564 - root - INFO - test average_precision, 0.6933
2025-09-30 13:20:55,564 - root - INFO - best test average_precision: 0.6933
2025-09-30 13:20:55,564 - root - INFO - test roc_auc, 0.6959
2025-09-30 13:20:55,564 - root - INFO - new node test loss: 0.6508
2025-09-30 13:20:55,564 - root - INFO - new node test average_precision, 0.8147
2025-09-30 13:20:55,564 - root - INFO - new node test roc_auc, 0.8102
2025-09-30 13:20:55,565 - root - INFO - save model ./saved_models/JODIE/lastfm/JODIE_seed1/JODIE_seed1.pkl
2025-09-30 13:22:17,400 - root - INFO - Epoch: 2, learning rate: 0.0001, train loss: 0.5798
2025-09-30 13:22:17,401 - root - INFO - train average_precision, 0.7410
2025-09-30 13:22:17,401 - root - INFO - train roc_auc, 0.7452
2025-09-30 13:22:17,401 - root - INFO - validate loss: 1.3512
2025-09-30 13:22:17,402 - root - INFO - validate average_precision, 0.6527
2025-09-30 13:22:17,402 - root - INFO - validate roc_auc, 0.6562
2025-09-30 13:22:17,402 - root - INFO - new node validate loss: 0.5906
2025-09-30 13:22:17,402 - root - INFO - new node validate average_precision, 0.8113
2025-09-30 13:22:17,402 - root - INFO - new node validate roc_auc, 0.8019
2025-09-30 13:22:33,739 - root - INFO - test loss: 1.6002
2025-09-30 13:22:33,739 - root - INFO - test average_precision, 0.6720
2025-09-30 13:22:33,740 - root - INFO - best test average_precision: 0.6933
2025-09-30 13:22:33,740 - root - INFO - test roc_auc, 0.6819
2025-09-30 13:22:33,740 - root - INFO - new node test loss: 1.0623
2025-09-30 13:22:33,740 - root - INFO - new node test average_precision, 0.8063
2025-09-30 13:22:33,740 - root - INFO - new node test roc_auc, 0.8039
2025-09-30 13:23:56,700 - root - INFO - Epoch: 3, learning rate: 0.0001, train loss: 0.5745
2025-09-30 13:23:56,701 - root - INFO - train average_precision, 0.7464
2025-09-30 13:23:56,701 - root - INFO - train roc_auc, 0.7495
2025-09-30 13:23:56,701 - root - INFO - validate loss: 1.4013
2025-09-30 13:23:56,701 - root - INFO - validate average_precision, 0.6547
2025-09-30 13:23:56,701 - root - INFO - validate roc_auc, 0.6511
2025-09-30 13:23:56,702 - root - INFO - new node validate loss: 0.6959
2025-09-30 13:23:56,702 - root - INFO - new node validate average_precision, 0.8064
2025-09-30 13:23:56,702 - root - INFO - new node validate roc_auc, 0.7959
2025-09-30 13:24:13,309 - root - INFO - test loss: 1.5625
2025-09-30 13:24:13,309 - root - INFO - test average_precision, 0.6914
2025-09-30 13:24:13,309 - root - INFO - best test average_precision: 0.6933
2025-09-30 13:24:13,309 - root - INFO - test roc_auc, 0.6871
2025-09-30 13:24:13,309 - root - INFO - new node test loss: 1.0967
2025-09-30 13:24:13,309 - root - INFO - new node test average_precision, 0.8134
2025-09-30 13:24:13,309 - root - INFO - new node test roc_auc, 0.8028
2025-09-30 13:25:35,975 - root - INFO - Epoch: 4, learning rate: 0.0001, train loss: 0.5556
2025-09-30 13:25:35,976 - root - INFO - train average_precision, 0.7690
2025-09-30 13:25:35,977 - root - INFO - train roc_auc, 0.7731
2025-09-30 13:25:35,977 - root - INFO - validate loss: 1.2156
2025-09-30 13:25:35,977 - root - INFO - validate average_precision, 0.6542
2025-09-30 13:25:35,977 - root - INFO - validate roc_auc, 0.6506
2025-09-30 13:25:35,977 - root - INFO - new node validate loss: 0.8113
2025-09-30 13:25:35,977 - root - INFO - new node validate average_precision, 0.7858
2025-09-30 13:25:35,977 - root - INFO - new node validate roc_auc, 0.7706
2025-09-30 13:25:52,532 - root - INFO - test loss: 1.3591
2025-09-30 13:25:52,532 - root - INFO - test average_precision, 0.6878
2025-09-30 13:25:52,532 - root - INFO - best test average_precision: 0.6933
2025-09-30 13:25:52,532 - root - INFO - test roc_auc, 0.6827
2025-09-30 13:25:52,532 - root - INFO - new node test loss: 1.0989
2025-09-30 13:25:52,533 - root - INFO - new node test average_precision, 0.8045
2025-09-30 13:25:52,533 - root - INFO - new node test roc_auc, 0.7936
2025-09-30 13:27:14,170 - root - INFO - Epoch: 5, learning rate: 0.0001, train loss: 0.5598
2025-09-30 13:27:14,171 - root - INFO - train average_precision, 0.7643
2025-09-30 13:27:14,172 - root - INFO - train roc_auc, 0.7662
2025-09-30 13:27:14,172 - root - INFO - validate loss: 1.2588
2025-09-30 13:27:14,172 - root - INFO - validate average_precision, 0.6522
2025-09-30 13:27:14,172 - root - INFO - validate roc_auc, 0.6486
2025-09-30 13:27:14,172 - root - INFO - new node validate loss: 0.7070
2025-09-30 13:27:14,172 - root - INFO - new node validate average_precision, 0.7997
2025-09-30 13:27:14,172 - root - INFO - new node validate roc_auc, 0.7873
2025-09-30 13:27:30,498 - root - INFO - test loss: 1.3969
2025-09-30 13:27:30,499 - root - INFO - test average_precision, 0.6847
2025-09-30 13:27:30,499 - root - INFO - best test average_precision: 0.6933
2025-09-30 13:27:30,499 - root - INFO - test roc_auc, 0.6813
2025-09-30 13:27:30,499 - root - INFO - new node test loss: 1.0592
2025-09-30 13:27:30,499 - root - INFO - new node test average_precision, 0.8050
2025-09-30 13:27:30,499 - root - INFO - new node test roc_auc, 0.7963
2025-09-30 13:28:50,568 - root - INFO - Epoch: 6, learning rate: 0.0001, train loss: 0.5476
2025-09-30 13:28:50,568 - root - INFO - train average_precision, 0.7791
2025-09-30 13:28:50,569 - root - INFO - train roc_auc, 0.7811
2025-09-30 13:28:50,569 - root - INFO - validate loss: 1.7705
2025-09-30 13:28:50,569 - root - INFO - validate average_precision, 0.6097
2025-09-30 13:28:50,569 - root - INFO - validate roc_auc, 0.6253
2025-09-30 13:28:50,569 - root - INFO - new node validate loss: 0.8759
2025-09-30 13:28:50,570 - root - INFO - new node validate average_precision, 0.7856
2025-09-30 13:28:50,570 - root - INFO - new node validate roc_auc, 0.7855
2025-09-30 13:29:07,109 - root - INFO - test loss: 2.0576
2025-09-30 13:29:07,109 - root - INFO - test average_precision, 0.6170
2025-09-30 13:29:07,109 - root - INFO - best test average_precision: 0.6933
2025-09-30 13:29:07,109 - root - INFO - test roc_auc, 0.6509
2025-09-30 13:29:07,109 - root - INFO - new node test loss: 1.7773
2025-09-30 13:29:07,110 - root - INFO - new node test average_precision, 0.7428
2025-09-30 13:29:07,110 - root - INFO - new node test roc_auc, 0.7690
2025-09-30 13:30:26,907 - root - INFO - Epoch: 7, learning rate: 0.0001, train loss: 0.5399
2025-09-30 13:30:26,908 - root - INFO - train average_precision, 0.7872
2025-09-30 13:30:26,909 - root - INFO - train roc_auc, 0.7899
2025-09-30 13:30:26,909 - root - INFO - validate loss: 1.3770
2025-09-30 13:30:26,909 - root - INFO - validate average_precision, 0.6598
2025-09-30 13:30:26,909 - root - INFO - validate roc_auc, 0.6524
2025-09-30 13:30:26,909 - root - INFO - new node validate loss: 0.6426
2025-09-30 13:30:26,909 - root - INFO - new node validate average_precision, 0.8180
2025-09-30 13:30:26,910 - root - INFO - new node validate roc_auc, 0.8118
2025-09-30 13:30:43,464 - root - INFO - test loss: 1.5320
2025-09-30 13:30:43,464 - root - INFO - test average_precision, 0.6957
2025-09-30 13:30:43,464 - root - INFO - best test average_precision: 0.6957
2025-09-30 13:30:43,465 - root - INFO - test roc_auc, 0.6877
2025-09-30 13:30:43,465 - root - INFO - new node test loss: 1.1084
2025-09-30 13:30:43,465 - root - INFO - new node test average_precision, 0.8078
2025-09-30 13:30:43,465 - root - INFO - new node test roc_auc, 0.7975
2025-09-30 13:32:03,458 - root - INFO - Epoch: 8, learning rate: 0.0001, train loss: 0.5424
2025-09-30 13:32:03,460 - root - INFO - train average_precision, 0.7850
2025-09-30 13:32:03,460 - root - INFO - train roc_auc, 0.7871
2025-09-30 13:32:03,460 - root - INFO - validate loss: 1.6285
2025-09-30 13:32:03,460 - root - INFO - validate average_precision, 0.6472
2025-09-30 13:32:03,460 - root - INFO - validate roc_auc, 0.6602
2025-09-30 13:32:03,461 - root - INFO - new node validate loss: 0.7536
2025-09-30 13:32:03,461 - root - INFO - new node validate average_precision, 0.8019
2025-09-30 13:32:03,461 - root - INFO - new node validate roc_auc, 0.7914
2025-09-30 13:32:19,812 - root - INFO - test loss: 1.8525
2025-09-30 13:32:19,812 - root - INFO - test average_precision, 0.6633
2025-09-30 13:32:19,812 - root - INFO - best test average_precision: 0.6957
2025-09-30 13:32:19,812 - root - INFO - test roc_auc, 0.6923
2025-09-30 13:32:19,813 - root - INFO - new node test loss: 1.2844
2025-09-30 13:32:19,813 - root - INFO - new node test average_precision, 0.8017
2025-09-30 13:32:19,813 - root - INFO - new node test roc_auc, 0.8112
2025-09-30 13:33:40,702 - root - INFO - Epoch: 9, learning rate: 0.0001, train loss: 0.5411
2025-09-30 13:33:40,703 - root - INFO - train average_precision, 0.7859
2025-09-30 13:33:40,704 - root - INFO - train roc_auc, 0.7880
2025-09-30 13:33:40,704 - root - INFO - validate loss: 1.4880
2025-09-30 13:33:40,704 - root - INFO - validate average_precision, 0.6525
2025-09-30 13:33:40,704 - root - INFO - validate roc_auc, 0.6546
2025-09-30 13:33:40,704 - root - INFO - new node validate loss: 0.6511
2025-09-30 13:33:40,704 - root - INFO - new node validate average_precision, 0.8002
2025-09-30 13:33:40,704 - root - INFO - new node validate roc_auc, 0.7887
2025-09-30 13:33:57,352 - root - INFO - test loss: 1.9090
2025-09-30 13:33:57,353 - root - INFO - test average_precision, 0.6625
2025-09-30 13:33:57,353 - root - INFO - best test average_precision: 0.6957
2025-09-30 13:33:57,353 - root - INFO - test roc_auc, 0.6728
2025-09-30 13:33:57,353 - root - INFO - new node test loss: 1.4161
2025-09-30 13:33:57,353 - root - INFO - new node test average_precision, 0.7835
2025-09-30 13:33:57,353 - root - INFO - new node test roc_auc, 0.7859
2025-09-30 13:35:18,660 - root - INFO - Epoch: 10, learning rate: 0.0001, train loss: 0.5376
2025-09-30 13:35:18,661 - root - INFO - train average_precision, 0.7908
2025-09-30 13:35:18,661 - root - INFO - train roc_auc, 0.7919
2025-09-30 13:35:18,661 - root - INFO - validate loss: 1.5781
2025-09-30 13:35:18,662 - root - INFO - validate average_precision, 0.6481
2025-09-30 13:35:18,662 - root - INFO - validate roc_auc, 0.6542
2025-09-30 13:35:18,662 - root - INFO - new node validate loss: 0.6461
2025-09-30 13:35:18,662 - root - INFO - new node validate average_precision, 0.8037
2025-09-30 13:35:18,662 - root - INFO - new node validate roc_auc, 0.7911
2025-09-30 13:35:35,287 - root - INFO - test loss: 1.9027
2025-09-30 13:35:35,288 - root - INFO - test average_precision, 0.6563
2025-09-30 13:35:35,288 - root - INFO - best test average_precision: 0.6957
2025-09-30 13:35:35,288 - root - INFO - test roc_auc, 0.6769
2025-09-30 13:35:35,288 - root - INFO - new node test loss: 1.4461
2025-09-30 13:35:35,288 - root - INFO - new node test average_precision, 0.7946
2025-09-30 13:35:35,288 - root - INFO - new node test roc_auc, 0.7971
2025-09-30 13:36:55,402 - root - INFO - Epoch: 11, learning rate: 0.0001, train loss: 0.5370
2025-09-30 13:36:55,403 - root - INFO - train average_precision, 0.7914
2025-09-30 13:36:55,403 - root - INFO - train roc_auc, 0.7923
2025-09-30 13:36:55,403 - root - INFO - validate loss: 1.3890
2025-09-30 13:36:55,404 - root - INFO - validate average_precision, 0.6502
2025-09-30 13:36:55,404 - root - INFO - validate roc_auc, 0.6562
2025-09-30 13:36:55,404 - root - INFO - new node validate loss: 0.5871
2025-09-30 13:36:55,404 - root - INFO - new node validate average_precision, 0.8221
2025-09-30 13:36:55,404 - root - INFO - new node validate roc_auc, 0.8098
2025-09-30 13:37:11,717 - root - INFO - test loss: 1.6858
2025-09-30 13:37:11,717 - root - INFO - test average_precision, 0.6549
2025-09-30 13:37:11,718 - root - INFO - best test average_precision: 0.6957
2025-09-30 13:37:11,718 - root - INFO - test roc_auc, 0.6853
2025-09-30 13:37:11,718 - root - INFO - new node test loss: 1.3331
2025-09-30 13:37:11,718 - root - INFO - new node test average_precision, 0.7831
2025-09-30 13:37:11,718 - root - INFO - new node test roc_auc, 0.7957
2025-09-30 13:38:32,697 - root - INFO - Epoch: 12, learning rate: 0.0001, train loss: 0.5404
2025-09-30 13:38:32,698 - root - INFO - train average_precision, 0.7868
2025-09-30 13:38:32,698 - root - INFO - train roc_auc, 0.7877
2025-09-30 13:38:32,698 - root - INFO - validate loss: 1.5267
2025-09-30 13:38:32,698 - root - INFO - validate average_precision, 0.6551
2025-09-30 13:38:32,699 - root - INFO - validate roc_auc, 0.6616
2025-09-30 13:38:32,699 - root - INFO - new node validate loss: 0.7289
2025-09-30 13:38:32,699 - root - INFO - new node validate average_precision, 0.8033
2025-09-30 13:38:32,699 - root - INFO - new node validate roc_auc, 0.7930
2025-09-30 13:38:49,289 - root - INFO - test loss: 1.9584
2025-09-30 13:38:49,289 - root - INFO - test average_precision, 0.6694
2025-09-30 13:38:49,289 - root - INFO - best test average_precision: 0.6957
2025-09-30 13:38:49,290 - root - INFO - test roc_auc, 0.6884
2025-09-30 13:38:49,290 - root - INFO - new node test loss: 1.5804
2025-09-30 13:38:49,290 - root - INFO - new node test average_precision, 0.8013
2025-09-30 13:38:49,290 - root - INFO - new node test roc_auc, 0.8053
2025-09-30 13:40:09,225 - root - INFO - Epoch: 13, learning rate: 0.0001, train loss: 0.5351
2025-09-30 13:40:09,226 - root - INFO - train average_precision, 0.7930
2025-09-30 13:40:09,227 - root - INFO - train roc_auc, 0.7938
2025-09-30 13:40:09,227 - root - INFO - validate loss: 1.2860
2025-09-30 13:40:09,227 - root - INFO - validate average_precision, 0.6640
2025-09-30 13:40:09,227 - root - INFO - validate roc_auc, 0.6572
2025-09-30 13:40:09,227 - root - INFO - new node validate loss: 0.7795
2025-09-30 13:40:09,227 - root - INFO - new node validate average_precision, 0.7946
2025-09-30 13:40:09,227 - root - INFO - new node validate roc_auc, 0.7786
2025-09-30 13:40:25,783 - root - INFO - test loss: 1.5723
2025-09-30 13:40:25,783 - root - INFO - test average_precision, 0.6894
2025-09-30 13:40:25,784 - root - INFO - best test average_precision: 0.6957
2025-09-30 13:40:25,784 - root - INFO - test roc_auc, 0.6805
2025-09-30 13:40:25,784 - root - INFO - new node test loss: 1.1130
2025-09-30 13:40:25,784 - root - INFO - new node test average_precision, 0.8087
2025-09-30 13:40:25,784 - root - INFO - new node test roc_auc, 0.8009
2025-09-30 13:40:25,784 - root - INFO - save model ./saved_models/JODIE/lastfm/JODIE_seed1/JODIE_seed1.pkl
2025-09-30 13:41:46,311 - root - INFO - Epoch: 14, learning rate: 0.0001, train loss: 0.5355
2025-09-30 13:41:46,312 - root - INFO - train average_precision, 0.7930
2025-09-30 13:41:46,313 - root - INFO - train roc_auc, 0.7933
2025-09-30 13:41:46,313 - root - INFO - validate loss: 1.2082
2025-09-30 13:41:46,313 - root - INFO - validate average_precision, 0.6499
2025-09-30 13:41:46,313 - root - INFO - validate roc_auc, 0.6579
2025-09-30 13:41:46,313 - root - INFO - new node validate loss: 0.5682
2025-09-30 13:41:46,313 - root - INFO - new node validate average_precision, 0.8323
2025-09-30 13:41:46,313 - root - INFO - new node validate roc_auc, 0.8184
2025-09-30 13:42:02,843 - root - INFO - test loss: 1.7789
2025-09-30 13:42:02,843 - root - INFO - test average_precision, 0.6172
2025-09-30 13:42:02,843 - root - INFO - best test average_precision: 0.6957
2025-09-30 13:42:02,844 - root - INFO - test roc_auc, 0.6474
2025-09-30 13:42:02,844 - root - INFO - new node test loss: 1.4996
2025-09-30 13:42:02,844 - root - INFO - new node test average_precision, 0.7300
2025-09-30 13:42:02,844 - root - INFO - new node test roc_auc, 0.7620
2025-09-30 13:43:23,464 - root - INFO - Epoch: 15, learning rate: 0.0001, train loss: 0.5294
2025-09-30 13:43:23,465 - root - INFO - train average_precision, 0.7991
2025-09-30 13:43:23,465 - root - INFO - train roc_auc, 0.7992
2025-09-30 13:43:23,466 - root - INFO - validate loss: 1.9648
2025-09-30 13:43:23,466 - root - INFO - validate average_precision, 0.6211
2025-09-30 13:43:23,466 - root - INFO - validate roc_auc, 0.6350
2025-09-30 13:43:23,466 - root - INFO - new node validate loss: 0.8379
2025-09-30 13:43:23,466 - root - INFO - new node validate average_precision, 0.7951
2025-09-30 13:43:23,466 - root - INFO - new node validate roc_auc, 0.7866
2025-09-30 13:43:40,000 - root - INFO - test loss: 2.3009
2025-09-30 13:43:40,001 - root - INFO - test average_precision, 0.6256
2025-09-30 13:43:40,001 - root - INFO - best test average_precision: 0.6957
2025-09-30 13:43:40,001 - root - INFO - test roc_auc, 0.6624
2025-09-30 13:43:40,001 - root - INFO - new node test loss: 1.9886
2025-09-30 13:43:40,001 - root - INFO - new node test average_precision, 0.7396
2025-09-30 13:43:40,001 - root - INFO - new node test roc_auc, 0.7734
2025-09-30 13:45:00,918 - root - INFO - Epoch: 16, learning rate: 0.0001, train loss: 0.5355
2025-09-30 13:45:00,919 - root - INFO - train average_precision, 0.7926
2025-09-30 13:45:00,919 - root - INFO - train roc_auc, 0.7928
2025-09-30 13:45:00,919 - root - INFO - validate loss: 2.0210
2025-09-30 13:45:00,919 - root - INFO - validate average_precision, 0.6345
2025-09-30 13:45:00,920 - root - INFO - validate roc_auc, 0.6482
2025-09-30 13:45:00,920 - root - INFO - new node validate loss: 0.7022
2025-09-30 13:45:00,920 - root - INFO - new node validate average_precision, 0.8142
2025-09-30 13:45:00,920 - root - INFO - new node validate roc_auc, 0.8014
2025-09-30 13:45:17,235 - root - INFO - test loss: 2.6080
2025-09-30 13:45:17,235 - root - INFO - test average_precision, 0.6300
2025-09-30 13:45:17,235 - root - INFO - best test average_precision: 0.6957
2025-09-30 13:45:17,235 - root - INFO - test roc_auc, 0.6588
2025-09-30 13:45:17,236 - root - INFO - new node test loss: 2.1418
2025-09-30 13:45:17,236 - root - INFO - new node test average_precision, 0.7663
2025-09-30 13:45:17,236 - root - INFO - new node test roc_auc, 0.7793
2025-09-30 13:46:38,297 - root - INFO - Epoch: 17, learning rate: 0.0001, train loss: 0.5319
2025-09-30 13:46:38,298 - root - INFO - train average_precision, 0.7968
2025-09-30 13:46:38,298 - root - INFO - train roc_auc, 0.7962
2025-09-30 13:46:38,298 - root - INFO - validate loss: 2.1711
2025-09-30 13:46:38,299 - root - INFO - validate average_precision, 0.6332
2025-09-30 13:46:38,299 - root - INFO - validate roc_auc, 0.6434
2025-09-30 13:46:38,299 - root - INFO - new node validate loss: 0.7563
2025-09-30 13:46:38,299 - root - INFO - new node validate average_precision, 0.8066
2025-09-30 13:46:38,299 - root - INFO - new node validate roc_auc, 0.7938
2025-09-30 13:46:54,837 - root - INFO - test loss: 2.9234
2025-09-30 13:46:54,838 - root - INFO - test average_precision, 0.6154
2025-09-30 13:46:54,838 - root - INFO - best test average_precision: 0.6957
2025-09-30 13:46:54,838 - root - INFO - test roc_auc, 0.6515
2025-09-30 13:46:54,838 - root - INFO - new node test loss: 2.6948
2025-09-30 13:46:54,838 - root - INFO - new node test average_precision, 0.7205
2025-09-30 13:46:54,838 - root - INFO - new node test roc_auc, 0.7602
2025-09-30 13:48:16,042 - root - INFO - Epoch: 18, learning rate: 0.0001, train loss: 0.5311
2025-09-30 13:48:16,043 - root - INFO - train average_precision, 0.7977
2025-09-30 13:48:16,044 - root - INFO - train roc_auc, 0.7975
2025-09-30 13:48:16,044 - root - INFO - validate loss: 2.2192
2025-09-30 13:48:16,044 - root - INFO - validate average_precision, 0.6190
2025-09-30 13:48:16,044 - root - INFO - validate roc_auc, 0.6422
2025-09-30 13:48:16,044 - root - INFO - new node validate loss: 0.7794
2025-09-30 13:48:16,044 - root - INFO - new node validate average_precision, 0.8089
2025-09-30 13:48:16,044 - root - INFO - new node validate roc_auc, 0.7958
2025-09-30 13:48:32,590 - root - INFO - test loss: 2.4895
2025-09-30 13:48:32,591 - root - INFO - test average_precision, 0.6320
2025-09-30 13:48:32,591 - root - INFO - best test average_precision: 0.6957
2025-09-30 13:48:32,591 - root - INFO - test roc_auc, 0.6731
2025-09-30 13:48:32,591 - root - INFO - new node test loss: 1.7605
2025-09-30 13:48:32,591 - root - INFO - new node test average_precision, 0.7783
2025-09-30 13:48:32,591 - root - INFO - new node test roc_auc, 0.8069
2025-09-30 13:49:52,932 - root - INFO - Epoch: 19, learning rate: 0.0001, train loss: 0.5327
2025-09-30 13:49:52,933 - root - INFO - train average_precision, 0.7961
2025-09-30 13:49:52,933 - root - INFO - train roc_auc, 0.7957
2025-09-30 13:49:52,934 - root - INFO - validate loss: 1.3382
2025-09-30 13:49:52,934 - root - INFO - validate average_precision, 0.6612
2025-09-30 13:49:52,934 - root - INFO - validate roc_auc, 0.6575
2025-09-30 13:49:52,934 - root - INFO - new node validate loss: 0.5638
2025-09-30 13:49:52,934 - root - INFO - new node validate average_precision, 0.8319
2025-09-30 13:49:52,934 - root - INFO - new node validate roc_auc, 0.8207
2025-09-30 13:50:09,264 - root - INFO - test loss: 1.9851
2025-09-30 13:50:09,264 - root - INFO - test average_precision, 0.6519
2025-09-30 13:50:09,264 - root - INFO - best test average_precision: 0.6957
2025-09-30 13:50:09,264 - root - INFO - test roc_auc, 0.6659
2025-09-30 13:50:09,264 - root - INFO - new node test loss: 1.5935
2025-09-30 13:50:09,264 - root - INFO - new node test average_precision, 0.7657
2025-09-30 13:50:09,264 - root - INFO - new node test roc_auc, 0.7783
2025-09-30 13:51:29,766 - root - INFO - Epoch: 20, learning rate: 0.0001, train loss: 0.5323
2025-09-30 13:51:29,767 - root - INFO - train average_precision, 0.7960
2025-09-30 13:51:29,768 - root - INFO - train roc_auc, 0.7956
2025-09-30 13:51:29,768 - root - INFO - validate loss: 1.1677
2025-09-30 13:51:29,768 - root - INFO - validate average_precision, 0.6940
2025-09-30 13:51:29,768 - root - INFO - validate roc_auc, 0.6836
2025-09-30 13:51:29,768 - root - INFO - new node validate loss: 0.6503
2025-09-30 13:51:29,768 - root - INFO - new node validate average_precision, 0.8118
2025-09-30 13:51:29,768 - root - INFO - new node validate roc_auc, 0.7962
2025-09-30 13:51:46,386 - root - INFO - test loss: 1.3025
2025-09-30 13:51:46,387 - root - INFO - test average_precision, 0.7308
2025-09-30 13:51:46,387 - root - INFO - best test average_precision: 0.7308
2025-09-30 13:51:46,387 - root - INFO - test roc_auc, 0.7254
2025-09-30 13:51:46,387 - root - INFO - new node test loss: 0.8840
2025-09-30 13:51:46,387 - root - INFO - new node test average_precision, 0.8409
2025-09-30 13:51:46,387 - root - INFO - new node test roc_auc, 0.8324
2025-09-30 13:51:46,388 - root - INFO - save model ./saved_models/JODIE/lastfm/JODIE_seed1/JODIE_seed1.pkl
2025-09-30 13:53:06,759 - root - INFO - Epoch: 21, learning rate: 0.0001, train loss: 0.5299
2025-09-30 13:53:06,760 - root - INFO - train average_precision, 0.7991
2025-09-30 13:53:06,761 - root - INFO - train roc_auc, 0.7982
2025-09-30 13:53:06,761 - root - INFO - validate loss: 1.6945
2025-09-30 13:53:06,761 - root - INFO - validate average_precision, 0.6306
2025-09-30 13:53:06,761 - root - INFO - validate roc_auc, 0.6439
2025-09-30 13:53:06,761 - root - INFO - new node validate loss: 0.8020
2025-09-30 13:53:06,762 - root - INFO - new node validate average_precision, 0.8121
2025-09-30 13:53:06,762 - root - INFO - new node validate roc_auc, 0.7960
2025-09-30 13:53:23,300 - root - INFO - test loss: 1.9840
2025-09-30 13:53:23,301 - root - INFO - test average_precision, 0.6189
2025-09-30 13:53:23,301 - root - INFO - best test average_precision: 0.7308
2025-09-30 13:53:23,301 - root - INFO - test roc_auc, 0.6472
2025-09-30 13:53:23,301 - root - INFO - new node test loss: 1.6180
2025-09-30 13:53:23,301 - root - INFO - new node test average_precision, 0.7807
2025-09-30 13:53:23,301 - root - INFO - new node test roc_auc, 0.7925
2025-09-30 13:54:43,740 - root - INFO - Epoch: 22, learning rate: 0.0001, train loss: 0.5285
2025-09-30 13:54:43,741 - root - INFO - train average_precision, 0.7996
2025-09-30 13:54:43,741 - root - INFO - train roc_auc, 0.7993
2025-09-30 13:54:43,742 - root - INFO - validate loss: 1.5289
2025-09-30 13:54:43,742 - root - INFO - validate average_precision, 0.6517
2025-09-30 13:54:43,742 - root - INFO - validate roc_auc, 0.6539
2025-09-30 13:54:43,742 - root - INFO - new node validate loss: 0.7321
2025-09-30 13:54:43,742 - root - INFO - new node validate average_precision, 0.7977
2025-09-30 13:54:43,742 - root - INFO - new node validate roc_auc, 0.7890
2025-09-30 13:55:00,322 - root - INFO - test loss: 1.8680
2025-09-30 13:55:00,322 - root - INFO - test average_precision, 0.6617
2025-09-30 13:55:00,322 - root - INFO - best test average_precision: 0.7308
2025-09-30 13:55:00,322 - root - INFO - test roc_auc, 0.6702
2025-09-30 13:55:00,322 - root - INFO - new node test loss: 1.3985
2025-09-30 13:55:00,322 - root - INFO - new node test average_precision, 0.7638
2025-09-30 13:55:00,322 - root - INFO - new node test roc_auc, 0.7799
2025-09-30 13:56:20,534 - root - INFO - Epoch: 23, learning rate: 0.0001, train loss: 0.5300
2025-09-30 13:56:20,535 - root - INFO - train average_precision, 0.7985
2025-09-30 13:56:20,535 - root - INFO - train roc_auc, 0.7981
2025-09-30 13:56:20,535 - root - INFO - validate loss: 1.8672
2025-09-30 13:56:20,535 - root - INFO - validate average_precision, 0.6321
2025-09-30 13:56:20,536 - root - INFO - validate roc_auc, 0.6440
2025-09-30 13:56:20,536 - root - INFO - new node validate loss: 1.1206
2025-09-30 13:56:20,536 - root - INFO - new node validate average_precision, 0.7673
2025-09-30 13:56:20,536 - root - INFO - new node validate roc_auc, 0.7682
2025-09-30 13:56:37,111 - root - INFO - test loss: 2.1662
2025-09-30 13:56:37,111 - root - INFO - test average_precision, 0.6498
2025-09-30 13:56:37,111 - root - INFO - best test average_precision: 0.7308
2025-09-30 13:56:37,111 - root - INFO - test roc_auc, 0.6729
2025-09-30 13:56:37,111 - root - INFO - new node test loss: 1.8145
2025-09-30 13:56:37,112 - root - INFO - new node test average_precision, 0.7610
2025-09-30 13:56:37,112 - root - INFO - new node test roc_auc, 0.7779
2025-09-30 13:57:57,338 - root - INFO - Epoch: 24, learning rate: 0.0001, train loss: 0.5338
2025-09-30 13:57:57,339 - root - INFO - train average_precision, 0.7945
2025-09-30 13:57:57,340 - root - INFO - train roc_auc, 0.7939
2025-09-30 13:57:57,340 - root - INFO - validate loss: 1.4327
2025-09-30 13:57:57,340 - root - INFO - validate average_precision, 0.6640
2025-09-30 13:57:57,340 - root - INFO - validate roc_auc, 0.6541
2025-09-30 13:57:57,340 - root - INFO - new node validate loss: 0.6244
2025-09-30 13:57:57,341 - root - INFO - new node validate average_precision, 0.8130
2025-09-30 13:57:57,341 - root - INFO - new node validate roc_auc, 0.8123
2025-09-30 13:58:13,633 - root - INFO - test loss: 1.6232
2025-09-30 13:58:13,634 - root - INFO - test average_precision, 0.6988
2025-09-30 13:58:13,634 - root - INFO - best test average_precision: 0.7308
2025-09-30 13:58:13,634 - root - INFO - test roc_auc, 0.6882
2025-09-30 13:58:13,634 - root - INFO - new node test loss: 1.1339
2025-09-30 13:58:13,634 - root - INFO - new node test average_precision, 0.8145
2025-09-30 13:58:13,634 - root - INFO - new node test roc_auc, 0.8016
2025-09-30 13:59:33,561 - root - INFO - Epoch: 25, learning rate: 0.0001, train loss: 0.5360
2025-09-30 13:59:33,562 - root - INFO - train average_precision, 0.7918
2025-09-30 13:59:33,562 - root - INFO - train roc_auc, 0.7921
2025-09-30 13:59:33,562 - root - INFO - validate loss: 1.2799
2025-09-30 13:59:33,563 - root - INFO - validate average_precision, 0.6675
2025-09-30 13:59:33,563 - root - INFO - validate roc_auc, 0.6593
2025-09-30 13:59:33,563 - root - INFO - new node validate loss: 0.5350
2025-09-30 13:59:33,563 - root - INFO - new node validate average_precision, 0.8412
2025-09-30 13:59:33,563 - root - INFO - new node validate roc_auc, 0.8332
2025-09-30 13:59:50,017 - root - INFO - test loss: 1.5132
2025-09-30 13:59:50,017 - root - INFO - test average_precision, 0.6969
2025-09-30 13:59:50,018 - root - INFO - best test average_precision: 0.7308
2025-09-30 13:59:50,018 - root - INFO - test roc_auc, 0.6871
2025-09-30 13:59:50,018 - root - INFO - new node test loss: 1.0397
2025-09-30 13:59:50,018 - root - INFO - new node test average_precision, 0.8101
2025-09-30 13:59:50,018 - root - INFO - new node test roc_auc, 0.7996
2025-09-30 14:01:09,999 - root - INFO - Epoch: 26, learning rate: 0.0001, train loss: 0.5284
2025-09-30 14:01:10,000 - root - INFO - train average_precision, 0.7991
2025-09-30 14:01:10,000 - root - INFO - train roc_auc, 0.7990
2025-09-30 14:01:10,000 - root - INFO - validate loss: 1.5365
2025-09-30 14:01:10,000 - root - INFO - validate average_precision, 0.6501
2025-09-30 14:01:10,001 - root - INFO - validate roc_auc, 0.6496
2025-09-30 14:01:10,001 - root - INFO - new node validate loss: 0.7301
2025-09-30 14:01:10,001 - root - INFO - new node validate average_precision, 0.8019
2025-09-30 14:01:10,001 - root - INFO - new node validate roc_auc, 0.7950
2025-09-30 14:01:26,519 - root - INFO - test loss: 1.7276
2025-09-30 14:01:26,519 - root - INFO - test average_precision, 0.6820
2025-09-30 14:01:26,519 - root - INFO - best test average_precision: 0.7308
2025-09-30 14:01:26,519 - root - INFO - test roc_auc, 0.6844
2025-09-30 14:01:26,519 - root - INFO - new node test loss: 1.1168
2025-09-30 14:01:26,519 - root - INFO - new node test average_precision, 0.7908
2025-09-30 14:01:26,519 - root - INFO - new node test roc_auc, 0.7988
2025-09-30 14:02:49,600 - root - INFO - Epoch: 27, learning rate: 0.0001, train loss: 0.5303
2025-09-30 14:02:49,601 - root - INFO - train average_precision, 0.7976
2025-09-30 14:02:49,602 - root - INFO - train roc_auc, 0.7979
2025-09-30 14:02:49,602 - root - INFO - validate loss: 1.2679
2025-09-30 14:02:49,602 - root - INFO - validate average_precision, 0.6752
2025-09-30 14:02:49,602 - root - INFO - validate roc_auc, 0.6691
2025-09-30 14:02:49,602 - root - INFO - new node validate loss: 0.6717
2025-09-30 14:02:49,602 - root - INFO - new node validate average_precision, 0.8265
2025-09-30 14:02:49,602 - root - INFO - new node validate roc_auc, 0.8135
2025-09-30 14:03:05,887 - root - INFO - test loss: 1.4371
2025-09-30 14:03:05,888 - root - INFO - test average_precision, 0.7037
2025-09-30 14:03:05,888 - root - INFO - best test average_precision: 0.7308
2025-09-30 14:03:05,888 - root - INFO - test roc_auc, 0.6963
2025-09-30 14:03:05,888 - root - INFO - new node test loss: 1.0142
2025-09-30 14:03:05,888 - root - INFO - new node test average_precision, 0.8131
2025-09-30 14:03:05,888 - root - INFO - new node test roc_auc, 0.8138
2025-09-30 14:04:27,510 - root - INFO - Epoch: 28, learning rate: 0.0001, train loss: 0.5218
2025-09-30 14:04:27,511 - root - INFO - train average_precision, 0.8064
2025-09-30 14:04:27,511 - root - INFO - train roc_auc, 0.8058
2025-09-30 14:04:27,511 - root - INFO - validate loss: 1.4071
2025-09-30 14:04:27,511 - root - INFO - validate average_precision, 0.6428
2025-09-30 14:04:27,512 - root - INFO - validate roc_auc, 0.6509
2025-09-30 14:04:27,512 - root - INFO - new node validate loss: 0.7836
2025-09-30 14:04:27,512 - root - INFO - new node validate average_precision, 0.7821
2025-09-30 14:04:27,512 - root - INFO - new node validate roc_auc, 0.7892
2025-09-30 14:04:44,059 - root - INFO - test loss: 1.6343
2025-09-30 14:04:44,059 - root - INFO - test average_precision, 0.6664
2025-09-30 14:04:44,059 - root - INFO - best test average_precision: 0.7308
2025-09-30 14:04:44,060 - root - INFO - test roc_auc, 0.6797
2025-09-30 14:04:44,060 - root - INFO - new node test loss: 1.2598
2025-09-30 14:04:44,060 - root - INFO - new node test average_precision, 0.7472
2025-09-30 14:04:44,060 - root - INFO - new node test roc_auc, 0.7868
2025-09-30 14:06:04,785 - root - INFO - Epoch: 29, learning rate: 0.0001, train loss: 0.5221
2025-09-30 14:06:04,786 - root - INFO - train average_precision, 0.8063
2025-09-30 14:06:04,786 - root - INFO - train roc_auc, 0.8054
2025-09-30 14:06:04,787 - root - INFO - validate loss: 1.0596
2025-09-30 14:06:04,787 - root - INFO - validate average_precision, 0.6780
2025-09-30 14:06:04,787 - root - INFO - validate roc_auc, 0.6702
2025-09-30 14:06:04,787 - root - INFO - new node validate loss: 0.6132
2025-09-30 14:06:04,787 - root - INFO - new node validate average_precision, 0.8309
2025-09-30 14:06:04,787 - root - INFO - new node validate roc_auc, 0.8196
2025-09-30 14:06:21,342 - root - INFO - test loss: 1.1892
2025-09-30 14:06:21,342 - root - INFO - test average_precision, 0.7098
2025-09-30 14:06:21,343 - root - INFO - best test average_precision: 0.7308
2025-09-30 14:06:21,343 - root - INFO - test roc_auc, 0.6992
2025-09-30 14:06:21,343 - root - INFO - new node test loss: 0.7771
2025-09-30 14:06:21,343 - root - INFO - new node test average_precision, 0.8361
2025-09-30 14:06:21,343 - root - INFO - new node test roc_auc, 0.8274
2025-09-30 14:07:41,974 - root - INFO - Epoch: 30, learning rate: 0.0001, train loss: 0.5258
2025-09-30 14:07:41,976 - root - INFO - train average_precision, 0.8029
2025-09-30 14:07:41,976 - root - INFO - train roc_auc, 0.8020
2025-09-30 14:07:41,976 - root - INFO - validate loss: 1.2823
2025-09-30 14:07:41,976 - root - INFO - validate average_precision, 0.6803
2025-09-30 14:07:41,976 - root - INFO - validate roc_auc, 0.6751
2025-09-30 14:07:41,977 - root - INFO - new node validate loss: 0.6161
2025-09-30 14:07:41,977 - root - INFO - new node validate average_precision, 0.8310
2025-09-30 14:07:41,977 - root - INFO - new node validate roc_auc, 0.8205
2025-09-30 14:07:58,299 - root - INFO - test loss: 1.4534
2025-09-30 14:07:58,299 - root - INFO - test average_precision, 0.7059
2025-09-30 14:07:58,299 - root - INFO - best test average_precision: 0.7308
2025-09-30 14:07:58,299 - root - INFO - test roc_auc, 0.7039
2025-09-30 14:07:58,300 - root - INFO - new node test loss: 0.9714
2025-09-30 14:07:58,300 - root - INFO - new node test average_precision, 0.8335
2025-09-30 14:07:58,300 - root - INFO - new node test roc_auc, 0.8288
2025-09-30 14:09:18,459 - root - INFO - Epoch: 31, learning rate: 0.0001, train loss: 0.5245
2025-09-30 14:09:18,460 - root - INFO - train average_precision, 0.8046
2025-09-30 14:09:18,460 - root - INFO - train roc_auc, 0.8037
2025-09-30 14:09:18,460 - root - INFO - validate loss: 1.1813
2025-09-30 14:09:18,460 - root - INFO - validate average_precision, 0.6615
2025-09-30 14:09:18,461 - root - INFO - validate roc_auc, 0.6588
2025-09-30 14:09:18,461 - root - INFO - new node validate loss: 0.5437
2025-09-30 14:09:18,461 - root - INFO - new node validate average_precision, 0.8405
2025-09-30 14:09:18,461 - root - INFO - new node validate roc_auc, 0.8325
2025-09-30 14:09:35,025 - root - INFO - test loss: 1.1558
2025-09-30 14:09:35,026 - root - INFO - test average_precision, 0.7124
2025-09-30 14:09:35,026 - root - INFO - best test average_precision: 0.7308
2025-09-30 14:09:35,026 - root - INFO - test roc_auc, 0.7038
2025-09-30 14:09:35,026 - root - INFO - new node test loss: 0.6998
2025-09-30 14:09:35,026 - root - INFO - new node test average_precision, 0.7914
2025-09-30 14:09:35,026 - root - INFO - new node test roc_auc, 0.7974
2025-09-30 14:10:55,005 - root - INFO - Epoch: 32, learning rate: 0.0001, train loss: 0.5246
2025-09-30 14:10:55,006 - root - INFO - train average_precision, 0.8037
2025-09-30 14:10:55,007 - root - INFO - train roc_auc, 0.8030
2025-09-30 14:10:55,007 - root - INFO - validate loss: 1.6668
2025-09-30 14:10:55,007 - root - INFO - validate average_precision, 0.6486
2025-09-30 14:10:55,007 - root - INFO - validate roc_auc, 0.6520
2025-09-30 14:10:55,007 - root - INFO - new node validate loss: 0.6254
2025-09-30 14:10:55,007 - root - INFO - new node validate average_precision, 0.8152
2025-09-30 14:10:55,007 - root - INFO - new node validate roc_auc, 0.8053
2025-09-30 14:11:11,538 - root - INFO - test loss: 1.9949
2025-09-30 14:11:11,539 - root - INFO - test average_precision, 0.6626
2025-09-30 14:11:11,539 - root - INFO - best test average_precision: 0.7308
2025-09-30 14:11:11,539 - root - INFO - test roc_auc, 0.6759
2025-09-30 14:11:11,539 - root - INFO - new node test loss: 1.5150
2025-09-30 14:11:11,539 - root - INFO - new node test average_precision, 0.7989
2025-09-30 14:11:11,539 - root - INFO - new node test roc_auc, 0.7998
2025-09-30 14:12:31,689 - root - INFO - Epoch: 33, learning rate: 0.0001, train loss: 0.5209
2025-09-30 14:12:31,690 - root - INFO - train average_precision, 0.8072
2025-09-30 14:12:31,691 - root - INFO - train roc_auc, 0.8065
2025-09-30 14:12:31,691 - root - INFO - validate loss: 1.2033
2025-09-30 14:12:31,691 - root - INFO - validate average_precision, 0.6695
2025-09-30 14:12:31,691 - root - INFO - validate roc_auc, 0.6661
2025-09-30 14:12:31,691 - root - INFO - new node validate loss: 0.6375
2025-09-30 14:12:31,691 - root - INFO - new node validate average_precision, 0.8341
2025-09-30 14:12:31,691 - root - INFO - new node validate roc_auc, 0.8233
2025-09-30 14:12:48,011 - root - INFO - test loss: 1.4426
2025-09-30 14:12:48,011 - root - INFO - test average_precision, 0.6833
2025-09-30 14:12:48,012 - root - INFO - best test average_precision: 0.7308
2025-09-30 14:12:48,012 - root - INFO - test roc_auc, 0.6838
2025-09-30 14:12:48,012 - root - INFO - new node test loss: 1.0054
2025-09-30 14:12:48,012 - root - INFO - new node test average_precision, 0.8051
2025-09-30 14:12:48,012 - root - INFO - new node test roc_auc, 0.8007
2025-09-30 14:14:08,515 - root - INFO - Epoch: 34, learning rate: 0.0001, train loss: 0.5256
2025-09-30 14:14:08,516 - root - INFO - train average_precision, 0.8031
2025-09-30 14:14:08,517 - root - INFO - train roc_auc, 0.8021
2025-09-30 14:14:08,517 - root - INFO - validate loss: 1.0469
2025-09-30 14:14:08,517 - root - INFO - validate average_precision, 0.6786
2025-09-30 14:14:08,517 - root - INFO - validate roc_auc, 0.6788
2025-09-30 14:14:08,517 - root - INFO - new node validate loss: 0.6406
2025-09-30 14:14:08,517 - root - INFO - new node validate average_precision, 0.8164
2025-09-30 14:14:08,518 - root - INFO - new node validate roc_auc, 0.8033
2025-09-30 14:14:25,076 - root - INFO - test loss: 1.0412
2025-09-30 14:14:25,076 - root - INFO - test average_precision, 0.7194
2025-09-30 14:14:25,076 - root - INFO - best test average_precision: 0.7308
2025-09-30 14:14:25,076 - root - INFO - test roc_auc, 0.7123
2025-09-30 14:14:25,076 - root - INFO - new node test loss: 0.6382
2025-09-30 14:14:25,076 - root - INFO - new node test average_precision, 0.8308
2025-09-30 14:14:25,077 - root - INFO - new node test roc_auc, 0.8277
2025-09-30 14:15:45,000 - root - INFO - Epoch: 35, learning rate: 0.0001, train loss: 0.5310
2025-09-30 14:15:45,001 - root - INFO - train average_precision, 0.7973
2025-09-30 14:15:45,001 - root - INFO - train roc_auc, 0.7961
2025-09-30 14:15:45,001 - root - INFO - validate loss: 1.2919
2025-09-30 14:15:45,002 - root - INFO - validate average_precision, 0.6862
2025-09-30 14:15:45,002 - root - INFO - validate roc_auc, 0.6773
2025-09-30 14:15:45,002 - root - INFO - new node validate loss: 0.5992
2025-09-30 14:15:45,002 - root - INFO - new node validate average_precision, 0.8258
2025-09-30 14:15:45,002 - root - INFO - new node validate roc_auc, 0.8084
2025-09-30 14:16:01,639 - root - INFO - test loss: 1.7706
2025-09-30 14:16:01,639 - root - INFO - test average_precision, 0.7194
2025-09-30 14:16:01,639 - root - INFO - best test average_precision: 0.7308
2025-09-30 14:16:01,640 - root - INFO - test roc_auc, 0.7047
2025-09-30 14:16:01,640 - root - INFO - new node test loss: 1.2931
2025-09-30 14:16:01,640 - root - INFO - new node test average_precision, 0.8381
2025-09-30 14:16:01,640 - root - INFO - new node test roc_auc, 0.8263
2025-09-30 14:17:22,240 - root - INFO - Epoch: 36, learning rate: 0.0001, train loss: 0.5297
2025-09-30 14:17:22,241 - root - INFO - train average_precision, 0.7983
2025-09-30 14:17:22,241 - root - INFO - train roc_auc, 0.7973
2025-09-30 14:17:22,242 - root - INFO - validate loss: 2.2344
2025-09-30 14:17:22,242 - root - INFO - validate average_precision, 0.6363
2025-09-30 14:17:22,242 - root - INFO - validate roc_auc, 0.6466
2025-09-30 14:17:22,242 - root - INFO - new node validate loss: 0.7051
2025-09-30 14:17:22,242 - root - INFO - new node validate average_precision, 0.8110
2025-09-30 14:17:22,242 - root - INFO - new node validate roc_auc, 0.7988
2025-09-30 14:17:38,552 - root - INFO - test loss: 2.6069
2025-09-30 14:17:38,552 - root - INFO - test average_precision, 0.6710
2025-09-30 14:17:38,552 - root - INFO - best test average_precision: 0.7308
2025-09-30 14:17:38,552 - root - INFO - test roc_auc, 0.6905
2025-09-30 14:17:38,552 - root - INFO - new node test loss: 2.3865
2025-09-30 14:17:38,553 - root - INFO - new node test average_precision, 0.7714
2025-09-30 14:17:38,553 - root - INFO - new node test roc_auc, 0.7896
2025-09-30 14:18:59,575 - root - INFO - Epoch: 37, learning rate: 0.0001, train loss: 0.5258
2025-09-30 14:18:59,576 - root - INFO - train average_precision, 0.8024
2025-09-30 14:18:59,577 - root - INFO - train roc_auc, 0.8019
2025-09-30 14:18:59,577 - root - INFO - validate loss: 1.8976
2025-09-30 14:18:59,577 - root - INFO - validate average_precision, 0.6677
2025-09-30 14:18:59,577 - root - INFO - validate roc_auc, 0.6638
2025-09-30 14:18:59,577 - root - INFO - new node validate loss: 1.0504
2025-09-30 14:18:59,577 - root - INFO - new node validate average_precision, 0.8087
2025-09-30 14:18:59,577 - root - INFO - new node validate roc_auc, 0.7940
2025-09-30 14:19:16,167 - root - INFO - test loss: 2.0032
2025-09-30 14:19:16,168 - root - INFO - test average_precision, 0.7168
2025-09-30 14:19:16,168 - root - INFO - best test average_precision: 0.7308
2025-09-30 14:19:16,168 - root - INFO - test roc_auc, 0.7166
2025-09-30 14:19:16,168 - root - INFO - new node test loss: 1.6759
2025-09-30 14:19:16,168 - root - INFO - new node test average_precision, 0.8178
2025-09-30 14:19:16,168 - root - INFO - new node test roc_auc, 0.8096
2025-09-30 14:20:36,808 - root - INFO - Epoch: 38, learning rate: 0.0001, train loss: 0.5245
2025-09-30 14:20:36,809 - root - INFO - train average_precision, 0.8035
2025-09-30 14:20:36,810 - root - INFO - train roc_auc, 0.8028
2025-09-30 14:20:36,810 - root - INFO - validate loss: 1.2981
2025-09-30 14:20:36,810 - root - INFO - validate average_precision, 0.6729
2025-09-30 14:20:36,810 - root - INFO - validate roc_auc, 0.6677
2025-09-30 14:20:36,810 - root - INFO - new node validate loss: 0.7954
2025-09-30 14:20:36,810 - root - INFO - new node validate average_precision, 0.7924
2025-09-30 14:20:36,811 - root - INFO - new node validate roc_auc, 0.7854
2025-09-30 14:20:53,458 - root - INFO - test loss: 1.4193
2025-09-30 14:20:53,459 - root - INFO - test average_precision, 0.7090
2025-09-30 14:20:53,459 - root - INFO - best test average_precision: 0.7308
2025-09-30 14:20:53,459 - root - INFO - test roc_auc, 0.7045
2025-09-30 14:20:53,459 - root - INFO - new node test loss: 1.0308
2025-09-30 14:20:53,459 - root - INFO - new node test average_precision, 0.8155
2025-09-30 14:20:53,459 - root - INFO - new node test roc_auc, 0.8175
2025-09-30 14:22:13,240 - root - INFO - Epoch: 39, learning rate: 0.0001, train loss: 0.5258
2025-09-30 14:22:13,241 - root - INFO - train average_precision, 0.8029
2025-09-30 14:22:13,242 - root - INFO - train roc_auc, 0.8018
2025-09-30 14:22:13,242 - root - INFO - validate loss: 1.1001
2025-09-30 14:22:13,242 - root - INFO - validate average_precision, 0.6712
2025-09-30 14:22:13,242 - root - INFO - validate roc_auc, 0.6667
2025-09-30 14:22:13,242 - root - INFO - new node validate loss: 0.6313
2025-09-30 14:22:13,242 - root - INFO - new node validate average_precision, 0.8296
2025-09-30 14:22:13,242 - root - INFO - new node validate roc_auc, 0.8188
2025-09-30 14:22:29,486 - root - INFO - test loss: 1.1192
2025-09-30 14:22:29,486 - root - INFO - test average_precision, 0.7066
2025-09-30 14:22:29,486 - root - INFO - best test average_precision: 0.7308
2025-09-30 14:22:29,486 - root - INFO - test roc_auc, 0.7104
2025-09-30 14:22:29,487 - root - INFO - new node test loss: 0.8713
2025-09-30 14:22:29,487 - root - INFO - new node test average_precision, 0.8037
2025-09-30 14:22:29,487 - root - INFO - new node test roc_auc, 0.8068
2025-09-30 14:23:49,436 - root - INFO - Epoch: 40, learning rate: 0.0001, train loss: 0.5217
2025-09-30 14:23:49,437 - root - INFO - train average_precision, 0.8066
2025-09-30 14:23:49,437 - root - INFO - train roc_auc, 0.8057
2025-09-30 14:23:49,438 - root - INFO - validate loss: 1.1118
2025-09-30 14:23:49,438 - root - INFO - validate average_precision, 0.6818
2025-09-30 14:23:49,438 - root - INFO - validate roc_auc, 0.6781
2025-09-30 14:23:49,438 - root - INFO - new node validate loss: 0.6052
2025-09-30 14:23:49,438 - root - INFO - new node validate average_precision, 0.8342
2025-09-30 14:23:49,438 - root - INFO - new node validate roc_auc, 0.8215
2025-09-30 14:24:06,034 - root - INFO - test loss: 2.3967
2025-09-30 14:24:06,034 - root - INFO - test average_precision, 0.6108
2025-09-30 14:24:06,034 - root - INFO - best test average_precision: 0.7308
2025-09-30 14:24:06,034 - root - INFO - test roc_auc, 0.6379
2025-09-30 14:24:06,034 - root - INFO - new node test loss: 1.7469
2025-09-30 14:24:06,034 - root - INFO - new node test average_precision, 0.7312
2025-09-30 14:24:06,035 - root - INFO - new node test roc_auc, 0.7666
2025-09-30 14:24:06,035 - root - INFO - load model ./saved_models/JODIE/lastfm/JODIE_seed1/JODIE_seed1.pkl
2025-09-30 14:24:06,368 - root - INFO - get final performance on dataset lastfm...
2025-09-30 14:24:23,053 - root - INFO - test loss: 1.3025
2025-09-30 14:24:23,053 - root - INFO - test average_precision, 0.7308
2025-09-30 14:24:23,053 - root - INFO - test roc_auc, 0.7254
2025-09-30 14:24:23,053 - root - INFO - new node test loss: 0.8840
2025-09-30 14:24:23,054 - root - INFO - new node test average_precision, 0.8409
2025-09-30 14:24:23,054 - root - INFO - new node test roc_auc, 0.8324
2025-09-30 14:24:23,054 - root - INFO - Run 2 cost 3906.07 seconds.
