2025-10-08 07:57:37,504 - root - INFO - ********** Run 2 starts. **********
2025-10-08 07:57:37,504 - root - INFO - configuration is Namespace(dataset_name='uci', batch_size=200, model_name='JODIE', gpu=0, num_neighbors=10, sample_neighbor_strategy='uniform', time_scaling_factor=1e-06, num_walk_heads=8, num_heads=2, num_layers=1, walk_length=1, time_gap=2000, time_feat_dim=100, position_feat_dim=172, time_window_mode='fixed_proportion', time_encoder_type='bochner', expert_dim=128, num_mixtures=16, sort_neighbors_by_time=False, patch_size=1, channel_embedding_dim=50, max_input_sequence_length=32, learning_rate=0.0001, dropout=0.4, gamma=0.5, num_epochs=2, optimizer='Adam', weight_decay=0.0, patience=20, val_ratio=0.15, test_ratio=0.15, num_runs=2, test_interval_epochs=100, negative_sample_strategy='random', max_interaction_times=10, load_best_configs=True, data_ratio=0.05, seed=1, save_model_name_suffix='', ablation_dir='', mamba_d_state=256, mamba_d_conv=4, mamba_expand=2, mamba_headdim=64, resume_from_checkpoint=None, save_checkpoints=True, checkpoint_interval=20, start_from_seed=0, max_checkpoints_to_keep=3, checkpoint_strategy='minimal', validate_checkpoints=True, device='cuda:0', save_model_name='JODIE_bochner_seed1')
2025-10-08 07:57:37,505 - root - INFO - Metrics will be saved to: ./saved_metrics/JODIE/uci/JODIE_bochner_seed1
2025-10-08 07:57:37,506 - root - INFO - time encoder type: bochner
2025-10-08 07:57:37,506 - root - INFO - Time encoder will be injected into JODIE model
2025-10-08 07:57:37,535 - root - INFO - model -> Sequential(
  (0): MemoryModel(
    (time_encoder): TimeEncoder(
      (w): Linear(in_features=1, out_features=100, bias=True)
    )
    (message_aggregator): MessageAggregator()
    (memory_bank): MemoryBank(num_nodes=1900, memory_dim=172)
    (memory_updater): RNNMemoryUpdater(
      (memory_bank): MemoryBank(num_nodes=1900, memory_dim=172)
      (memory_updater): RNNCell(616, 172)
    )
    (embedding_module): TimeProjectionEmbedding(
      (dropout): Dropout(p=0.4, inplace=False)
      (linear_layer): Linear(in_features=1, out_features=172, bias=True)
    )
  )
  (1): MergeLayer(
    (fc1): Linear(in_features=344, out_features=172, bias=True)
    (fc2): Linear(in_features=172, out_features=1, bias=True)
    (act): ReLU()
  )
)
2025-10-08 07:57:37,535 - root - INFO - model name: JODIE, #parameters: 783748 B, 765.37890625 KB, 0.7474403381347656 MB.
2025-10-08 07:57:37,728 - root - INFO - Epoch: 1, learning rate: 0.0001, train loss: 0.6917
2025-10-08 07:57:37,728 - root - INFO - train average_precision, 0.5298
2025-10-08 07:57:37,728 - root - INFO - train roc_auc, 0.5285
2025-10-08 07:57:37,728 - root - INFO - validate loss: 0.6769
2025-10-08 07:57:37,728 - root - INFO - validate average_precision, 0.6775
2025-10-08 07:57:37,728 - root - INFO - validate roc_auc, 0.7309
2025-10-08 07:57:37,728 - root - INFO - new node validate loss: 0.6891
2025-10-08 07:57:37,728 - root - INFO - new node validate average_precision, 0.6006
2025-10-08 07:57:37,728 - root - INFO - new node validate roc_auc, 0.5901
2025-10-08 07:57:37,737 - root - INFO - save model ./saved_models/JODIE/uci/JODIE_bochner_seed1/JODIE_bochner_seed1.pkl
2025-10-08 07:57:38,033 - root - INFO - Epoch: 2, learning rate: 0.0001, train loss: 0.6813
2025-10-08 07:57:38,033 - root - INFO - train average_precision, 0.6074
2025-10-08 07:57:38,033 - root - INFO - train roc_auc, 0.6168
2025-10-08 07:57:38,033 - root - INFO - validate loss: 0.6601
2025-10-08 07:57:38,033 - root - INFO - validate average_precision, 0.7218
2025-10-08 07:57:38,033 - root - INFO - validate roc_auc, 0.7823
2025-10-08 07:57:38,033 - root - INFO - new node validate loss: 0.6894
2025-10-08 07:57:38,033 - root - INFO - new node validate average_precision, 0.5989
2025-10-08 07:57:38,033 - root - INFO - new node validate roc_auc, 0.5741
2025-10-08 07:57:38,038 - root - INFO - save model ./saved_models/JODIE/uci/JODIE_bochner_seed1/JODIE_bochner_seed1.pkl
2025-10-08 07:57:38,252 - root - INFO - load model ./saved_models/JODIE/uci/JODIE_bochner_seed1/JODIE_bochner_seed1.pkl
2025-10-08 07:57:38,349 - root - INFO - get final performance on dataset uci...
2025-10-08 07:57:38,413 - root - INFO - test loss: 0.6804
2025-10-08 07:57:38,413 - root - INFO - test average_precision, 0.6089
2025-10-08 07:57:38,413 - root - INFO - test roc_auc, 0.6296
2025-10-08 07:57:38,413 - root - INFO - new node test loss: 0.7003
2025-10-08 07:57:38,413 - root - INFO - new node test average_precision, 0.4959
2025-10-08 07:57:38,413 - root - INFO - new node test roc_auc, 0.4744
2025-10-08 07:57:38,421 - root - INFO - ✅ Metrics saved to: ./saved_metrics/JODIE/uci/JODIE_bochner_seed1
2025-10-08 07:57:38,421 - root - INFO - Run 2 cost 0.92 seconds.
2025-10-08 07:57:38,424 - root - INFO - metrics over 2 runs:
2025-10-08 07:57:38,424 - root - INFO - test average_precision, [np.float64(0.636023535555443), np.float64(0.6088830716621014)]
2025-10-08 07:57:38,424 - root - INFO - average test average_precision, 0.6225 ± 0.0192
2025-10-08 07:57:38,424 - root - INFO - test roc_auc, [np.float64(0.665927382687769), np.float64(0.6295632600999584)]
2025-10-08 07:57:38,424 - root - INFO - average test roc_auc, 0.6477 ± 0.0257
2025-10-08 07:57:38,424 - root - INFO - new node test average_precision, [np.float64(0.515616723004926), np.float64(0.4959056986501265)]
2025-10-08 07:57:38,424 - root - INFO - average new node test average_precision, 0.5058 ± 0.0139
2025-10-08 07:57:38,424 - root - INFO - new node test roc_auc, [np.float64(0.47835277777777774), np.float64(0.4744152777777778)]
2025-10-08 07:57:38,424 - root - INFO - average new node test roc_auc, 0.4764 ± 0.0028
