2025-10-08 03:55:04,887 - root - INFO - ********** Run 2 starts. **********
2025-10-08 03:55:04,887 - root - INFO - configuration is Namespace(dataset_name='wikipedia', batch_size=200, model_name='TGAT', gpu=0, num_neighbors=20, sample_neighbor_strategy='recent', time_scaling_factor=1e-06, num_walk_heads=8, num_heads=2, num_layers=2, walk_length=1, time_gap=2000, time_feat_dim=100, position_feat_dim=172, time_window_mode='fixed_proportion', time_encoder_type='original', expert_dim=128, num_mixtures=16, sort_neighbors_by_time=False, patch_size=1, channel_embedding_dim=50, max_input_sequence_length=32, learning_rate=0.0001, dropout=0.1, gamma=0.5, num_epochs=100, optimizer='Adam', weight_decay=0.0, patience=20, val_ratio=0.15, test_ratio=0.15, num_runs=2, test_interval_epochs=100, negative_sample_strategy='random', max_interaction_times=10, load_best_configs=True, data_ratio=0.1, seed=1, save_model_name_suffix='', ablation_dir='', mamba_d_state=256, mamba_d_conv=4, mamba_expand=2, mamba_headdim=64, resume_from_checkpoint=None, save_checkpoints=False, checkpoint_interval=5, start_from_seed=0, max_checkpoints_to_keep=3, checkpoint_strategy='smart', validate_checkpoints=True, device='cuda:0', load_model_name='TGAT_original_seed1', save_result_name='random_negative_sampling_TGAT_original_seed1')
2025-10-08 03:55:04,888 - root - INFO - time encoder type: original
2025-10-08 03:55:04,950 - root - INFO - model -> Sequential(
  (0): TGAT(
    (time_encoder): TimeEncoderWrapper(
      (encoder): TimeEncoder(
        (w): Linear(in_features=1, out_features=100, bias=True)
      )
    )
    (temporal_conv_layers): ModuleList(
      (0-1): 2 x MultiHeadAttention(
        (query_projection): Linear(in_features=272, out_features=272, bias=False)
        (key_projection): Linear(in_features=444, out_features=272, bias=False)
        (value_projection): Linear(in_features=444, out_features=272, bias=False)
        (layer_norm): LayerNorm((272,), eps=1e-05, elementwise_affine=True)
        (residual_fc): Linear(in_features=272, out_features=272, bias=True)
        (dropout): Dropout(p=0.1, inplace=False)
      )
    )
    (merge_layers): ModuleList(
      (0-1): 2 x MergeLayer(
        (fc1): Linear(in_features=444, out_features=172, bias=True)
        (fc2): Linear(in_features=172, out_features=172, bias=True)
        (act): ReLU()
      )
    )
  )
  (1): MergeLayer(
    (fc1): Linear(in_features=344, out_features=172, bias=True)
    (fc2): Linear(in_features=172, out_features=1, bias=True)
    (act): ReLU()
  )
)
2025-10-08 03:55:04,951 - root - INFO - model name: TGAT, #parameters: 4211780 B, 4113.06640625 KB, 4.016666412353516 MB.
2025-10-08 03:55:04,951 - root - INFO - load model ./saved_models/TGAT/wikipedia/TGAT_original_seed1/TGAT_original_seed1.pkl
2025-10-08 03:55:04,957 - root - INFO - get final performance on dataset wikipedia...
2025-10-08 03:55:09,033 - root - INFO - validate loss: 0.3346
2025-10-08 03:55:09,033 - root - INFO - validate average_precision, 0.9280
2025-10-08 03:55:09,033 - root - INFO - validate roc_auc, 0.9310
2025-10-08 03:55:09,033 - root - INFO - new node validate loss: 0.4032
2025-10-08 03:55:09,033 - root - INFO - new node validate average_precision, 0.8770
2025-10-08 03:55:09,033 - root - INFO - new node validate roc_auc, 0.9062
2025-10-08 03:55:09,033 - root - INFO - test loss: 0.3760
2025-10-08 03:55:09,033 - root - INFO - test average_precision, 0.9043
2025-10-08 03:55:09,033 - root - INFO - test roc_auc, 0.9051
2025-10-08 03:55:09,033 - root - INFO - new node test loss: 0.4103
2025-10-08 03:55:09,033 - root - INFO - new node test average_precision, 0.8876
2025-10-08 03:55:09,033 - root - INFO - new node test roc_auc, 0.8891
2025-10-08 03:55:09,033 - root - INFO - Run 2 cost 4.15 seconds.
2025-10-08 03:55:09,036 - root - INFO - save negative sampling results at ./saved_results/TGAT/wikipedia/random_negative_sampling_TGAT_original_seed1.json
2025-10-08 03:55:09,036 - root - INFO - metrics over 2 runs:
2025-10-08 03:55:09,037 - root - INFO - validate average_precision, [np.float64(0.9236469528192878), np.float64(0.9280262548354182)]
2025-10-08 03:55:09,037 - root - INFO - average validate average_precision, 0.9258 ± 0.0031
2025-10-08 03:55:09,037 - root - INFO - validate roc_auc, [np.float64(0.925852182403597), np.float64(0.9309680041152264)]
2025-10-08 03:55:09,037 - root - INFO - average validate roc_auc, 0.9284 ± 0.0036
2025-10-08 03:55:09,037 - root - INFO - new node validate average_precision, [np.float64(0.874604102196551), np.float64(0.8770055112577154)]
2025-10-08 03:55:09,037 - root - INFO - average new node validate average_precision, 0.8758 ± 0.0017
2025-10-08 03:55:09,037 - root - INFO - new node validate roc_auc, [np.float64(0.9030009241365641), np.float64(0.906178030077796)]
2025-10-08 03:55:09,037 - root - INFO - average new node validate roc_auc, 0.9046 ± 0.0022
2025-10-08 03:55:09,037 - root - INFO - test average_precision, [np.float64(0.8956830571885545), np.float64(0.9042809763299995)]
2025-10-08 03:55:09,037 - root - INFO - average test average_precision, 0.9000 ± 0.0061
2025-10-08 03:55:09,037 - root - INFO - test roc_auc, [np.float64(0.8983939405197378), np.float64(0.9050574134405326)]
2025-10-08 03:55:09,037 - root - INFO - average test roc_auc, 0.9017 ± 0.0047
2025-10-08 03:55:09,037 - root - INFO - new node test average_precision, [np.float64(0.8818739882173373), np.float64(0.8876453171361831)]
2025-10-08 03:55:09,037 - root - INFO - average new node test average_precision, 0.8848 ± 0.0041
2025-10-08 03:55:09,037 - root - INFO - new node test roc_auc, [np.float64(0.8861784631054777), np.float64(0.8891170859470995)]
2025-10-08 03:55:09,037 - root - INFO - average new node test roc_auc, 0.8876 ± 0.0021
