2025-09-30 14:28:17,602 - root - INFO - ********** Run 1 starts. **********
2025-09-30 14:28:17,602 - root - INFO - configuration is Namespace(dataset_name='lastfm', batch_size=200, model_name='TGAT', gpu=0, num_neighbors=20, sample_neighbor_strategy='recent', time_scaling_factor=1e-06, num_walk_heads=8, num_heads=2, num_layers=2, walk_length=1, time_gap=2000, time_feat_dim=128, position_feat_dim=172, time_window_mode='fixed_proportion', time_encoder_type='original', expert_dim=64, num_mixtures=4, patch_size=1, channel_embedding_dim=50, max_input_sequence_length=32, learning_rate=0.0001, dropout=0.1, gamma=0.5, num_epochs=100, optimizer='Adam', weight_decay=0.0, patience=20, val_ratio=0.15, test_ratio=0.15, num_runs=5, test_interval_epochs=1, negative_sample_strategy='random', max_interaction_times=10, load_best_configs=True, device='cuda:0', seed=0, save_model_name='TGAT_seed0')
2025-09-30 14:28:17,604 - root - INFO - time encoder type: original
2025-09-30 14:28:18,164 - root - INFO - model -> Sequential(
  (0): TGAT(
    (time_encoder): TimeEncoderWrapper(
      (encoder): TimeEncoder(
        (w): Linear(in_features=1, out_features=128, bias=True)
      )
    )
    (temporal_conv_layers): ModuleList(
      (0-1): 2 x MultiHeadAttention(
        (query_projection): Linear(in_features=300, out_features=300, bias=False)
        (key_projection): Linear(in_features=472, out_features=300, bias=False)
        (value_projection): Linear(in_features=472, out_features=300, bias=False)
        (layer_norm): LayerNorm((300,), eps=1e-05, elementwise_affine=True)
        (residual_fc): Linear(in_features=300, out_features=300, bias=True)
        (dropout): Dropout(p=0.1, inplace=False)
      )
    )
    (merge_layers): ModuleList(
      (0-1): 2 x MergeLayer(
        (fc1): Linear(in_features=472, out_features=172, bias=True)
        (fc2): Linear(in_features=172, out_features=172, bias=True)
        (act): ReLU()
      )
    )
  )
  (1): MergeLayer(
    (fc1): Linear(in_features=344, out_features=172, bias=True)
    (fc2): Linear(in_features=172, out_features=1, bias=True)
    (act): ReLU()
  )
)
2025-09-30 14:28:18,164 - root - INFO - model name: TGAT, #parameters: 4840772 B, 4727.31640625 KB, 4.616519927978516 MB.
2025-09-30 14:40:13,821 - root - INFO - Epoch: 1, learning rate: 0.0001, train loss: 0.6579
2025-09-30 14:40:13,823 - root - INFO - train average_precision, 0.5614
2025-09-30 14:40:13,823 - root - INFO - train roc_auc, 0.5761
2025-09-30 14:40:13,823 - root - INFO - validate loss: 0.6830
2025-09-30 14:40:13,823 - root - INFO - validate average_precision, 0.5518
2025-09-30 14:40:13,823 - root - INFO - validate roc_auc, 0.5467
2025-09-30 14:40:13,823 - root - INFO - new node validate loss: 0.6805
2025-09-30 14:40:13,824 - root - INFO - new node validate average_precision, 0.5731
2025-09-30 14:40:13,824 - root - INFO - new node validate roc_auc, 0.5627
2025-09-30 14:43:01,173 - root - INFO - test loss: 0.6881
2025-09-30 14:43:01,174 - root - INFO - test average_precision, 0.5517
2025-09-30 14:43:01,174 - root - INFO - best test average_precision: 0.5517
2025-09-30 14:43:01,174 - root - INFO - test roc_auc, 0.5433
2025-09-30 14:43:01,174 - root - INFO - new node test loss: 0.6853
2025-09-30 14:43:01,175 - root - INFO - new node test average_precision, 0.5717
2025-09-30 14:43:01,175 - root - INFO - new node test roc_auc, 0.5628
2025-09-30 14:43:01,175 - root - INFO - save model ./saved_models/TGAT/lastfm/TGAT_seed0/TGAT_seed0.pkl
2025-09-30 14:54:58,312 - root - INFO - Epoch: 2, learning rate: 0.0001, train loss: 0.6547
2025-09-30 14:54:58,313 - root - INFO - train average_precision, 0.5808
2025-09-30 14:54:58,314 - root - INFO - train roc_auc, 0.5902
2025-09-30 14:54:58,314 - root - INFO - validate loss: 0.6814
2025-09-30 14:54:58,314 - root - INFO - validate average_precision, 0.5574
2025-09-30 14:54:58,314 - root - INFO - validate roc_auc, 0.5522
2025-09-30 14:54:58,314 - root - INFO - new node validate loss: 0.6782
2025-09-30 14:54:58,314 - root - INFO - new node validate average_precision, 0.5735
2025-09-30 14:54:58,314 - root - INFO - new node validate roc_auc, 0.5644
2025-09-30 14:57:46,020 - root - INFO - test loss: 0.6857
2025-09-30 14:57:46,021 - root - INFO - test average_precision, 0.5549
2025-09-30 14:57:46,021 - root - INFO - best test average_precision: 0.5549
2025-09-30 14:57:46,021 - root - INFO - test roc_auc, 0.5504
2025-09-30 14:57:46,021 - root - INFO - new node test loss: 0.6808
2025-09-30 14:57:46,022 - root - INFO - new node test average_precision, 0.5725
2025-09-30 14:57:46,022 - root - INFO - new node test roc_auc, 0.5709
2025-09-30 14:57:46,022 - root - INFO - save model ./saved_models/TGAT/lastfm/TGAT_seed0/TGAT_seed0.pkl
2025-09-30 15:09:41,616 - root - INFO - Epoch: 3, learning rate: 0.0001, train loss: 0.6538
2025-09-30 15:09:41,617 - root - INFO - train average_precision, 0.5828
2025-09-30 15:09:41,618 - root - INFO - train roc_auc, 0.5918
2025-09-30 15:09:41,618 - root - INFO - validate loss: 0.6808
2025-09-30 15:09:41,618 - root - INFO - validate average_precision, 0.5588
2025-09-30 15:09:41,618 - root - INFO - validate roc_auc, 0.5543
2025-09-30 15:09:41,618 - root - INFO - new node validate loss: 0.6751
2025-09-30 15:09:41,618 - root - INFO - new node validate average_precision, 0.5757
2025-09-30 15:09:41,618 - root - INFO - new node validate roc_auc, 0.5665
2025-09-30 15:12:29,132 - root - INFO - test loss: 0.6866
2025-09-30 15:12:29,133 - root - INFO - test average_precision, 0.5484
2025-09-30 15:12:29,133 - root - INFO - best test average_precision: 0.5549
2025-09-30 15:12:29,133 - root - INFO - test roc_auc, 0.5413
2025-09-30 15:12:29,133 - root - INFO - new node test loss: 0.6824
2025-09-30 15:12:29,133 - root - INFO - new node test average_precision, 0.5567
2025-09-30 15:12:29,133 - root - INFO - new node test roc_auc, 0.5499
2025-09-30 15:12:29,134 - root - INFO - save model ./saved_models/TGAT/lastfm/TGAT_seed0/TGAT_seed0.pkl
2025-09-30 15:24:22,742 - root - INFO - Epoch: 4, learning rate: 0.0001, train loss: 0.6513
2025-09-30 15:24:22,744 - root - INFO - train average_precision, 0.5919
2025-09-30 15:24:22,744 - root - INFO - train roc_auc, 0.5998
2025-09-30 15:24:22,744 - root - INFO - validate loss: 0.6786
2025-09-30 15:24:22,744 - root - INFO - validate average_precision, 0.5656
2025-09-30 15:24:22,745 - root - INFO - validate roc_auc, 0.5585
2025-09-30 15:24:22,745 - root - INFO - new node validate loss: 0.6720
2025-09-30 15:24:22,745 - root - INFO - new node validate average_precision, 0.5880
2025-09-30 15:24:22,745 - root - INFO - new node validate roc_auc, 0.5769
2025-09-30 15:27:10,370 - root - INFO - test loss: 0.6829
2025-09-30 15:27:10,371 - root - INFO - test average_precision, 0.5647
2025-09-30 15:27:10,372 - root - INFO - best test average_precision: 0.5647
2025-09-30 15:27:10,372 - root - INFO - test roc_auc, 0.5590
2025-09-30 15:27:10,372 - root - INFO - new node test loss: 0.6773
2025-09-30 15:27:10,372 - root - INFO - new node test average_precision, 0.5843
2025-09-30 15:27:10,372 - root - INFO - new node test roc_auc, 0.5832
2025-09-30 15:27:10,372 - root - INFO - save model ./saved_models/TGAT/lastfm/TGAT_seed0/TGAT_seed0.pkl
2025-09-30 15:39:04,781 - root - INFO - Epoch: 5, learning rate: 0.0001, train loss: 0.6495
2025-09-30 15:39:04,782 - root - INFO - train average_precision, 0.5959
2025-09-30 15:39:04,782 - root - INFO - train roc_auc, 0.6034
2025-09-30 15:39:04,782 - root - INFO - validate loss: 0.6778
2025-09-30 15:39:04,783 - root - INFO - validate average_precision, 0.5709
2025-09-30 15:39:04,783 - root - INFO - validate roc_auc, 0.5628
2025-09-30 15:39:04,783 - root - INFO - new node validate loss: 0.6707
2025-09-30 15:39:04,783 - root - INFO - new node validate average_precision, 0.5943
2025-09-30 15:39:04,783 - root - INFO - new node validate roc_auc, 0.5800
2025-09-30 15:41:52,829 - root - INFO - test loss: 0.6793
2025-09-30 15:41:52,830 - root - INFO - test average_precision, 0.5837
2025-09-30 15:41:52,830 - root - INFO - best test average_precision: 0.5837
2025-09-30 15:41:52,830 - root - INFO - test roc_auc, 0.5809
2025-09-30 15:41:52,830 - root - INFO - new node test loss: 0.6686
2025-09-30 15:41:52,830 - root - INFO - new node test average_precision, 0.6216
2025-09-30 15:41:52,830 - root - INFO - new node test roc_auc, 0.6228
2025-09-30 15:41:52,831 - root - INFO - save model ./saved_models/TGAT/lastfm/TGAT_seed0/TGAT_seed0.pkl
2025-09-30 15:53:48,128 - root - INFO - Epoch: 6, learning rate: 0.0001, train loss: 0.6491
2025-09-30 15:53:48,130 - root - INFO - train average_precision, 0.5973
2025-09-30 15:53:48,130 - root - INFO - train roc_auc, 0.6047
2025-09-30 15:53:48,130 - root - INFO - validate loss: 0.6777
2025-09-30 15:53:48,130 - root - INFO - validate average_precision, 0.5690
2025-09-30 15:53:48,131 - root - INFO - validate roc_auc, 0.5618
2025-09-30 15:53:48,131 - root - INFO - new node validate loss: 0.6704
2025-09-30 15:53:48,131 - root - INFO - new node validate average_precision, 0.5936
2025-09-30 15:53:48,131 - root - INFO - new node validate roc_auc, 0.5809
2025-09-30 15:56:36,121 - root - INFO - test loss: 0.6808
2025-09-30 15:56:36,122 - root - INFO - test average_precision, 0.5731
2025-09-30 15:56:36,122 - root - INFO - best test average_precision: 0.5837
2025-09-30 15:56:36,122 - root - INFO - test roc_auc, 0.5671
2025-09-30 15:56:36,122 - root - INFO - new node test loss: 0.6727
2025-09-30 15:56:36,122 - root - INFO - new node test average_precision, 0.6016
2025-09-30 15:56:36,122 - root - INFO - new node test roc_auc, 0.5979
2025-09-30 16:08:30,999 - root - INFO - Epoch: 7, learning rate: 0.0001, train loss: 0.6484
2025-09-30 16:08:31,000 - root - INFO - train average_precision, 0.5995
2025-09-30 16:08:31,001 - root - INFO - train roc_auc, 0.6058
2025-09-30 16:08:31,001 - root - INFO - validate loss: 0.6781
2025-09-30 16:08:31,001 - root - INFO - validate average_precision, 0.5699
2025-09-30 16:08:31,001 - root - INFO - validate roc_auc, 0.5610
2025-09-30 16:08:31,001 - root - INFO - new node validate loss: 0.6695
2025-09-30 16:08:31,001 - root - INFO - new node validate average_precision, 0.5997
2025-09-30 16:08:31,001 - root - INFO - new node validate roc_auc, 0.5859
2025-09-30 16:11:18,609 - root - INFO - test loss: 0.6762
2025-09-30 16:11:18,610 - root - INFO - test average_precision, 0.5857
2025-09-30 16:11:18,610 - root - INFO - best test average_precision: 0.5857
2025-09-30 16:11:18,610 - root - INFO - test roc_auc, 0.5793
2025-09-30 16:11:18,610 - root - INFO - new node test loss: 0.6631
2025-09-30 16:11:18,610 - root - INFO - new node test average_precision, 0.6228
2025-09-30 16:11:18,610 - root - INFO - new node test roc_auc, 0.6212
2025-09-30 16:23:12,705 - root - INFO - Epoch: 8, learning rate: 0.0001, train loss: 0.6484
2025-09-30 16:23:12,706 - root - INFO - train average_precision, 0.5992
2025-09-30 16:23:12,706 - root - INFO - train roc_auc, 0.6058
2025-09-30 16:23:12,707 - root - INFO - validate loss: 0.6766
2025-09-30 16:23:12,707 - root - INFO - validate average_precision, 0.5729
2025-09-30 16:23:12,707 - root - INFO - validate roc_auc, 0.5647
2025-09-30 16:23:12,707 - root - INFO - new node validate loss: 0.6701
2025-09-30 16:23:12,707 - root - INFO - new node validate average_precision, 0.5955
2025-09-30 16:23:12,707 - root - INFO - new node validate roc_auc, 0.5813
2025-09-30 16:26:00,929 - root - INFO - test loss: 0.6835
2025-09-30 16:26:00,930 - root - INFO - test average_precision, 0.5603
2025-09-30 16:26:00,930 - root - INFO - best test average_precision: 0.5857
2025-09-30 16:26:00,930 - root - INFO - test roc_auc, 0.5495
2025-09-30 16:26:00,930 - root - INFO - new node test loss: 0.6789
2025-09-30 16:26:00,930 - root - INFO - new node test average_precision, 0.5735
2025-09-30 16:26:00,930 - root - INFO - new node test roc_auc, 0.5621
2025-09-30 16:26:00,931 - root - INFO - save model ./saved_models/TGAT/lastfm/TGAT_seed0/TGAT_seed0.pkl
2025-09-30 16:37:56,248 - root - INFO - Epoch: 9, learning rate: 0.0001, train loss: 0.6480
2025-09-30 16:37:56,249 - root - INFO - train average_precision, 0.6008
2025-09-30 16:37:56,249 - root - INFO - train roc_auc, 0.6073
2025-09-30 16:37:56,250 - root - INFO - validate loss: 0.6768
2025-09-30 16:37:56,250 - root - INFO - validate average_precision, 0.5735
2025-09-30 16:37:56,250 - root - INFO - validate roc_auc, 0.5656
2025-09-30 16:37:56,250 - root - INFO - new node validate loss: 0.6685
2025-09-30 16:37:56,250 - root - INFO - new node validate average_precision, 0.5983
2025-09-30 16:37:56,250 - root - INFO - new node validate roc_auc, 0.5841
2025-09-30 16:40:44,449 - root - INFO - test loss: 0.6816
2025-09-30 16:40:44,450 - root - INFO - test average_precision, 0.5701
2025-09-30 16:40:44,450 - root - INFO - best test average_precision: 0.5857
2025-09-30 16:40:44,450 - root - INFO - test roc_auc, 0.5621
2025-09-30 16:40:44,450 - root - INFO - new node test loss: 0.6754
2025-09-30 16:40:44,451 - root - INFO - new node test average_precision, 0.5883
2025-09-30 16:40:44,451 - root - INFO - new node test roc_auc, 0.5808
2025-09-30 16:40:44,451 - root - INFO - save model ./saved_models/TGAT/lastfm/TGAT_seed0/TGAT_seed0.pkl
2025-09-30 16:52:40,261 - root - INFO - Epoch: 10, learning rate: 0.0001, train loss: 0.6469
2025-09-30 16:52:40,262 - root - INFO - train average_precision, 0.6032
2025-09-30 16:52:40,263 - root - INFO - train roc_auc, 0.6093
2025-09-30 16:52:40,263 - root - INFO - validate loss: 0.6759
2025-09-30 16:52:40,263 - root - INFO - validate average_precision, 0.5788
2025-09-30 16:52:40,263 - root - INFO - validate roc_auc, 0.5703
2025-09-30 16:52:40,263 - root - INFO - new node validate loss: 0.6686
2025-09-30 16:52:40,263 - root - INFO - new node validate average_precision, 0.6009
2025-09-30 16:52:40,263 - root - INFO - new node validate roc_auc, 0.5871
2025-09-30 16:55:27,754 - root - INFO - test loss: 0.6813
2025-09-30 16:55:27,755 - root - INFO - test average_precision, 0.5741
2025-09-30 16:55:27,755 - root - INFO - best test average_precision: 0.5857
2025-09-30 16:55:27,755 - root - INFO - test roc_auc, 0.5627
2025-09-30 16:55:27,755 - root - INFO - new node test loss: 0.6754
2025-09-30 16:55:27,755 - root - INFO - new node test average_precision, 0.5936
2025-09-30 16:55:27,756 - root - INFO - new node test roc_auc, 0.5790
2025-09-30 16:55:27,756 - root - INFO - save model ./saved_models/TGAT/lastfm/TGAT_seed0/TGAT_seed0.pkl
2025-09-30 17:07:24,024 - root - INFO - Epoch: 11, learning rate: 0.0001, train loss: 0.6459
2025-09-30 17:07:24,025 - root - INFO - train average_precision, 0.6077
2025-09-30 17:07:24,026 - root - INFO - train roc_auc, 0.6133
2025-09-30 17:07:24,026 - root - INFO - validate loss: 0.6755
2025-09-30 17:07:24,026 - root - INFO - validate average_precision, 0.5780
2025-09-30 17:07:24,026 - root - INFO - validate roc_auc, 0.5703
2025-09-30 17:07:24,026 - root - INFO - new node validate loss: 0.6664
2025-09-30 17:07:24,026 - root - INFO - new node validate average_precision, 0.6039
2025-09-30 17:07:24,026 - root - INFO - new node validate roc_auc, 0.5926
2025-09-30 17:10:11,743 - root - INFO - test loss: 0.6778
2025-09-30 17:10:11,744 - root - INFO - test average_precision, 0.5816
2025-09-30 17:10:11,744 - root - INFO - best test average_precision: 0.5857
2025-09-30 17:10:11,744 - root - INFO - test roc_auc, 0.5759
2025-09-30 17:10:11,744 - root - INFO - new node test loss: 0.6690
2025-09-30 17:10:11,744 - root - INFO - new node test average_precision, 0.6074
2025-09-30 17:10:11,744 - root - INFO - new node test roc_auc, 0.6059
2025-09-30 17:22:06,465 - root - INFO - Epoch: 12, learning rate: 0.0001, train loss: 0.6444
2025-09-30 17:22:06,467 - root - INFO - train average_precision, 0.6131
2025-09-30 17:22:06,467 - root - INFO - train roc_auc, 0.6176
2025-09-30 17:22:06,467 - root - INFO - validate loss: 0.6727
2025-09-30 17:22:06,467 - root - INFO - validate average_precision, 0.5862
2025-09-30 17:22:06,467 - root - INFO - validate roc_auc, 0.5755
2025-09-30 17:22:06,467 - root - INFO - new node validate loss: 0.6631
2025-09-30 17:22:06,468 - root - INFO - new node validate average_precision, 0.6136
2025-09-30 17:22:06,468 - root - INFO - new node validate roc_auc, 0.5988
2025-09-30 17:24:53,951 - root - INFO - test loss: 0.6765
2025-09-30 17:24:53,951 - root - INFO - test average_precision, 0.5845
2025-09-30 17:24:53,952 - root - INFO - best test average_precision: 0.5857
2025-09-30 17:24:53,952 - root - INFO - test roc_auc, 0.5780
2025-09-30 17:24:53,952 - root - INFO - new node test loss: 0.6677
2025-09-30 17:24:53,952 - root - INFO - new node test average_precision, 0.6060
2025-09-30 17:24:53,952 - root - INFO - new node test roc_auc, 0.6044
2025-09-30 17:24:53,952 - root - INFO - save model ./saved_models/TGAT/lastfm/TGAT_seed0/TGAT_seed0.pkl
2025-09-30 17:36:50,434 - root - INFO - Epoch: 13, learning rate: 0.0001, train loss: 0.6422
2025-09-30 17:36:50,435 - root - INFO - train average_precision, 0.6194
2025-09-30 17:36:50,435 - root - INFO - train roc_auc, 0.6228
2025-09-30 17:36:50,435 - root - INFO - validate loss: 0.6724
2025-09-30 17:36:50,436 - root - INFO - validate average_precision, 0.5860
2025-09-30 17:36:50,436 - root - INFO - validate roc_auc, 0.5769
2025-09-30 17:36:50,436 - root - INFO - new node validate loss: 0.6619
2025-09-30 17:36:50,436 - root - INFO - new node validate average_precision, 0.6148
2025-09-30 17:36:50,436 - root - INFO - new node validate roc_auc, 0.5981
2025-09-30 17:39:38,408 - root - INFO - test loss: 0.6684
2025-09-30 17:39:38,409 - root - INFO - test average_precision, 0.6069
2025-09-30 17:39:38,410 - root - INFO - best test average_precision: 0.6069
2025-09-30 17:39:38,410 - root - INFO - test roc_auc, 0.5993
2025-09-30 17:39:38,410 - root - INFO - new node test loss: 0.6511
2025-09-30 17:39:38,410 - root - INFO - new node test average_precision, 0.6518
2025-09-30 17:39:38,410 - root - INFO - new node test roc_auc, 0.6454
2025-09-30 17:51:36,176 - root - INFO - Epoch: 14, learning rate: 0.0001, train loss: 0.6415
2025-09-30 17:51:36,177 - root - INFO - train average_precision, 0.6198
2025-09-30 17:51:36,178 - root - INFO - train roc_auc, 0.6237
2025-09-30 17:51:36,178 - root - INFO - validate loss: 0.6744
2025-09-30 17:51:36,178 - root - INFO - validate average_precision, 0.5854
2025-09-30 17:51:36,178 - root - INFO - validate roc_auc, 0.5756
2025-09-30 17:51:36,178 - root - INFO - new node validate loss: 0.6618
2025-09-30 17:51:36,178 - root - INFO - new node validate average_precision, 0.6131
2025-09-30 17:51:36,178 - root - INFO - new node validate roc_auc, 0.5981
2025-09-30 17:54:23,964 - root - INFO - test loss: 0.6721
2025-09-30 17:54:23,965 - root - INFO - test average_precision, 0.6044
2025-09-30 17:54:23,965 - root - INFO - best test average_precision: 0.6069
2025-09-30 17:54:23,965 - root - INFO - test roc_auc, 0.5961
2025-09-30 17:54:23,965 - root - INFO - new node test loss: 0.6587
2025-09-30 17:54:23,965 - root - INFO - new node test average_precision, 0.6417
2025-09-30 17:54:23,965 - root - INFO - new node test roc_auc, 0.6366
2025-09-30 18:06:19,577 - root - INFO - Epoch: 15, learning rate: 0.0001, train loss: 0.6408
2025-09-30 18:06:19,579 - root - INFO - train average_precision, 0.6217
2025-09-30 18:06:19,579 - root - INFO - train roc_auc, 0.6251
2025-09-30 18:06:19,579 - root - INFO - validate loss: 0.6708
2025-09-30 18:06:19,580 - root - INFO - validate average_precision, 0.5921
2025-09-30 18:06:19,580 - root - INFO - validate roc_auc, 0.5809
2025-09-30 18:06:19,580 - root - INFO - new node validate loss: 0.6585
2025-09-30 18:06:19,580 - root - INFO - new node validate average_precision, 0.6184
2025-09-30 18:06:19,580 - root - INFO - new node validate roc_auc, 0.6036
2025-09-30 18:09:07,164 - root - INFO - test loss: 0.6763
2025-09-30 18:09:07,164 - root - INFO - test average_precision, 0.5863
2025-09-30 18:09:07,164 - root - INFO - best test average_precision: 0.6069
2025-09-30 18:09:07,165 - root - INFO - test roc_auc, 0.5758
2025-09-30 18:09:07,165 - root - INFO - new node test loss: 0.6677
2025-09-30 18:09:07,165 - root - INFO - new node test average_precision, 0.6089
2025-09-30 18:09:07,165 - root - INFO - new node test roc_auc, 0.5985
2025-09-30 18:09:07,165 - root - INFO - save model ./saved_models/TGAT/lastfm/TGAT_seed0/TGAT_seed0.pkl
2025-09-30 18:21:02,224 - root - INFO - Epoch: 16, learning rate: 0.0001, train loss: 0.6402
2025-09-30 18:21:02,225 - root - INFO - train average_precision, 0.6230
2025-09-30 18:21:02,225 - root - INFO - train roc_auc, 0.6262
2025-09-30 18:21:02,226 - root - INFO - validate loss: 0.6733
2025-09-30 18:21:02,226 - root - INFO - validate average_precision, 0.5843
2025-09-30 18:21:02,226 - root - INFO - validate roc_auc, 0.5746
2025-09-30 18:21:02,226 - root - INFO - new node validate loss: 0.6642
2025-09-30 18:21:02,226 - root - INFO - new node validate average_precision, 0.6089
2025-09-30 18:21:02,226 - root - INFO - new node validate roc_auc, 0.5939
2025-09-30 18:23:49,893 - root - INFO - test loss: 0.6635
2025-09-30 18:23:49,894 - root - INFO - test average_precision, 0.6162
2025-09-30 18:23:49,894 - root - INFO - best test average_precision: 0.6162
2025-09-30 18:23:49,894 - root - INFO - test roc_auc, 0.6007
2025-09-30 18:23:49,894 - root - INFO - new node test loss: 0.6419
2025-09-30 18:23:49,895 - root - INFO - new node test average_precision, 0.6645
2025-09-30 18:23:49,895 - root - INFO - new node test roc_auc, 0.6464
2025-09-30 18:35:43,319 - root - INFO - Epoch: 17, learning rate: 0.0001, train loss: 0.6400
2025-09-30 18:35:43,320 - root - INFO - train average_precision, 0.6243
2025-09-30 18:35:43,321 - root - INFO - train roc_auc, 0.6275
2025-09-30 18:35:43,321 - root - INFO - validate loss: 0.6711
2025-09-30 18:35:43,321 - root - INFO - validate average_precision, 0.5900
2025-09-30 18:35:43,321 - root - INFO - validate roc_auc, 0.5801
2025-09-30 18:35:43,321 - root - INFO - new node validate loss: 0.6601
2025-09-30 18:35:43,321 - root - INFO - new node validate average_precision, 0.6191
2025-09-30 18:35:43,321 - root - INFO - new node validate roc_auc, 0.6035
2025-09-30 18:38:31,472 - root - INFO - test loss: 0.6582
2025-09-30 18:38:31,473 - root - INFO - test average_precision, 0.6360
2025-09-30 18:38:31,473 - root - INFO - best test average_precision: 0.6360
2025-09-30 18:38:31,473 - root - INFO - test roc_auc, 0.6178
2025-09-30 18:38:31,473 - root - INFO - new node test loss: 0.6329
2025-09-30 18:38:31,474 - root - INFO - new node test average_precision, 0.6996
2025-09-30 18:38:31,474 - root - INFO - new node test roc_auc, 0.6773
2025-09-30 18:50:28,137 - root - INFO - Epoch: 18, learning rate: 0.0001, train loss: 0.6394
2025-09-30 18:50:28,139 - root - INFO - train average_precision, 0.6246
2025-09-30 18:50:28,139 - root - INFO - train roc_auc, 0.6274
2025-09-30 18:50:28,139 - root - INFO - validate loss: 0.6704
2025-09-30 18:50:28,140 - root - INFO - validate average_precision, 0.5927
2025-09-30 18:50:28,140 - root - INFO - validate roc_auc, 0.5827
2025-09-30 18:50:28,140 - root - INFO - new node validate loss: 0.6585
2025-09-30 18:50:28,140 - root - INFO - new node validate average_precision, 0.6207
2025-09-30 18:50:28,140 - root - INFO - new node validate roc_auc, 0.6017
2025-09-30 18:53:16,414 - root - INFO - test loss: 0.6393
2025-09-30 18:53:16,414 - root - INFO - test average_precision, 0.6389
2025-09-30 18:53:16,414 - root - INFO - best test average_precision: 0.6389
2025-09-30 18:53:16,415 - root - INFO - test roc_auc, 0.6257
2025-09-30 18:53:16,415 - root - INFO - new node test loss: 0.5941
2025-09-30 18:53:16,415 - root - INFO - new node test average_precision, 0.7046
2025-09-30 18:53:16,415 - root - INFO - new node test roc_auc, 0.6908
2025-09-30 18:53:16,415 - root - INFO - save model ./saved_models/TGAT/lastfm/TGAT_seed0/TGAT_seed0.pkl
2025-09-30 19:05:10,909 - root - INFO - Epoch: 19, learning rate: 0.0001, train loss: 0.6386
2025-09-30 19:05:10,910 - root - INFO - train average_precision, 0.6265
2025-09-30 19:05:10,911 - root - INFO - train roc_auc, 0.6295
2025-09-30 19:05:10,911 - root - INFO - validate loss: 0.6709
2025-09-30 19:05:10,911 - root - INFO - validate average_precision, 0.5900
2025-09-30 19:05:10,911 - root - INFO - validate roc_auc, 0.5802
2025-09-30 19:05:10,911 - root - INFO - new node validate loss: 0.6602
2025-09-30 19:05:10,911 - root - INFO - new node validate average_precision, 0.6169
2025-09-30 19:05:10,911 - root - INFO - new node validate roc_auc, 0.6007
2025-09-30 19:07:58,286 - root - INFO - test loss: 0.6792
2025-09-30 19:07:58,287 - root - INFO - test average_precision, 0.5727
2025-09-30 19:07:58,287 - root - INFO - best test average_precision: 0.6389
2025-09-30 19:07:58,287 - root - INFO - test roc_auc, 0.5628
2025-09-30 19:07:58,287 - root - INFO - new node test loss: 0.6730
2025-09-30 19:07:58,288 - root - INFO - new node test average_precision, 0.5843
2025-09-30 19:07:58,288 - root - INFO - new node test roc_auc, 0.5737
2025-09-30 19:19:54,207 - root - INFO - Epoch: 20, learning rate: 0.0001, train loss: 0.6391
2025-09-30 19:19:54,209 - root - INFO - train average_precision, 0.6254
2025-09-30 19:19:54,209 - root - INFO - train roc_auc, 0.6287
2025-09-30 19:19:54,209 - root - INFO - validate loss: 0.6717
2025-09-30 19:19:54,210 - root - INFO - validate average_precision, 0.5867
2025-09-30 19:19:54,210 - root - INFO - validate roc_auc, 0.5770
2025-09-30 19:19:54,210 - root - INFO - new node validate loss: 0.6600
2025-09-30 19:19:54,210 - root - INFO - new node validate average_precision, 0.6146
2025-09-30 19:19:54,210 - root - INFO - new node validate roc_auc, 0.5988
2025-09-30 19:22:41,970 - root - INFO - test loss: 0.6595
2025-09-30 19:22:41,971 - root - INFO - test average_precision, 0.6287
2025-09-30 19:22:41,971 - root - INFO - best test average_precision: 0.6389
2025-09-30 19:22:41,971 - root - INFO - test roc_auc, 0.6129
2025-09-30 19:22:41,971 - root - INFO - new node test loss: 0.6340
2025-09-30 19:22:41,971 - root - INFO - new node test average_precision, 0.6882
2025-09-30 19:22:41,971 - root - INFO - new node test roc_auc, 0.6706
2025-09-30 19:34:36,484 - root - INFO - Epoch: 21, learning rate: 0.0001, train loss: 0.6378
2025-09-30 19:34:36,485 - root - INFO - train average_precision, 0.6277
2025-09-30 19:34:36,485 - root - INFO - train roc_auc, 0.6306
2025-09-30 19:34:36,485 - root - INFO - validate loss: 0.6715
2025-09-30 19:34:36,486 - root - INFO - validate average_precision, 0.5909
2025-09-30 19:34:36,486 - root - INFO - validate roc_auc, 0.5809
2025-09-30 19:34:36,486 - root - INFO - new node validate loss: 0.6593
2025-09-30 19:34:36,486 - root - INFO - new node validate average_precision, 0.6198
2025-09-30 19:34:36,486 - root - INFO - new node validate roc_auc, 0.6045
2025-09-30 19:37:24,357 - root - INFO - test loss: 0.6583
2025-09-30 19:37:24,358 - root - INFO - test average_precision, 0.6266
2025-09-30 19:37:24,358 - root - INFO - best test average_precision: 0.6389
2025-09-30 19:37:24,358 - root - INFO - test roc_auc, 0.6125
2025-09-30 19:37:24,358 - root - INFO - new node test loss: 0.6313
2025-09-30 19:37:24,359 - root - INFO - new node test average_precision, 0.6820
2025-09-30 19:37:24,359 - root - INFO - new node test roc_auc, 0.6666
2025-09-30 19:49:20,124 - root - INFO - Epoch: 22, learning rate: 0.0001, train loss: 0.6373
2025-09-30 19:49:20,125 - root - INFO - train average_precision, 0.6291
2025-09-30 19:49:20,126 - root - INFO - train roc_auc, 0.6313
2025-09-30 19:49:20,126 - root - INFO - validate loss: 0.6707
2025-09-30 19:49:20,126 - root - INFO - validate average_precision, 0.5929
2025-09-30 19:49:20,126 - root - INFO - validate roc_auc, 0.5825
2025-09-30 19:49:20,126 - root - INFO - new node validate loss: 0.6578
2025-09-30 19:49:20,126 - root - INFO - new node validate average_precision, 0.6224
2025-09-30 19:49:20,126 - root - INFO - new node validate roc_auc, 0.6057
2025-09-30 19:52:08,296 - root - INFO - test loss: 0.6487
2025-09-30 19:52:08,297 - root - INFO - test average_precision, 0.6351
2025-09-30 19:52:08,297 - root - INFO - best test average_precision: 0.6389
2025-09-30 19:52:08,297 - root - INFO - test roc_auc, 0.6178
2025-09-30 19:52:08,297 - root - INFO - new node test loss: 0.6121
2025-09-30 19:52:08,297 - root - INFO - new node test average_precision, 0.6998
2025-09-30 19:52:08,297 - root - INFO - new node test roc_auc, 0.6799
2025-09-30 20:04:03,887 - root - INFO - Epoch: 23, learning rate: 0.0001, train loss: 0.6380
2025-09-30 20:04:03,888 - root - INFO - train average_precision, 0.6282
2025-09-30 20:04:03,888 - root - INFO - train roc_auc, 0.6305
2025-09-30 20:04:03,888 - root - INFO - validate loss: 0.6693
2025-09-30 20:04:03,889 - root - INFO - validate average_precision, 0.5986
2025-09-30 20:04:03,889 - root - INFO - validate roc_auc, 0.5892
2025-09-30 20:04:03,889 - root - INFO - new node validate loss: 0.6598
2025-09-30 20:04:03,889 - root - INFO - new node validate average_precision, 0.6224
2025-09-30 20:04:03,889 - root - INFO - new node validate roc_auc, 0.6088
2025-09-30 20:06:51,452 - root - INFO - test loss: 0.6434
2025-09-30 20:06:51,453 - root - INFO - test average_precision, 0.6454
2025-09-30 20:06:51,454 - root - INFO - best test average_precision: 0.6454
2025-09-30 20:06:51,454 - root - INFO - test roc_auc, 0.6309
2025-09-30 20:06:51,454 - root - INFO - new node test loss: 0.6035
2025-09-30 20:06:51,454 - root - INFO - new node test average_precision, 0.7092
2025-09-30 20:06:51,454 - root - INFO - new node test roc_auc, 0.6920
2025-09-30 20:06:51,454 - root - INFO - save model ./saved_models/TGAT/lastfm/TGAT_seed0/TGAT_seed0.pkl
2025-09-30 20:18:47,832 - root - INFO - Epoch: 24, learning rate: 0.0001, train loss: 0.6372
2025-09-30 20:18:47,834 - root - INFO - train average_precision, 0.6285
2025-09-30 20:18:47,834 - root - INFO - train roc_auc, 0.6307
2025-09-30 20:18:47,834 - root - INFO - validate loss: 0.6700
2025-09-30 20:18:47,835 - root - INFO - validate average_precision, 0.5933
2025-09-30 20:18:47,835 - root - INFO - validate roc_auc, 0.5826
2025-09-30 20:18:47,835 - root - INFO - new node validate loss: 0.6592
2025-09-30 20:18:47,835 - root - INFO - new node validate average_precision, 0.6190
2025-09-30 20:18:47,835 - root - INFO - new node validate roc_auc, 0.6028
2025-09-30 20:21:35,649 - root - INFO - test loss: 0.6685
2025-09-30 20:21:35,650 - root - INFO - test average_precision, 0.6110
2025-09-30 20:21:35,650 - root - INFO - best test average_precision: 0.6454
2025-09-30 20:21:35,650 - root - INFO - test roc_auc, 0.5962
2025-09-30 20:21:35,650 - root - INFO - new node test loss: 0.6538
2025-09-30 20:21:35,651 - root - INFO - new node test average_precision, 0.6487
2025-09-30 20:21:35,651 - root - INFO - new node test roc_auc, 0.6324
2025-09-30 20:33:30,928 - root - INFO - Epoch: 25, learning rate: 0.0001, train loss: 0.6360
2025-09-30 20:33:30,929 - root - INFO - train average_precision, 0.6310
2025-09-30 20:33:30,930 - root - INFO - train roc_auc, 0.6334
2025-09-30 20:33:30,930 - root - INFO - validate loss: 0.6698
2025-09-30 20:33:30,930 - root - INFO - validate average_precision, 0.5968
2025-09-30 20:33:30,930 - root - INFO - validate roc_auc, 0.5860
2025-09-30 20:33:30,930 - root - INFO - new node validate loss: 0.6574
2025-09-30 20:33:30,930 - root - INFO - new node validate average_precision, 0.6243
2025-09-30 20:33:30,930 - root - INFO - new node validate roc_auc, 0.6088
2025-09-30 20:36:19,295 - root - INFO - test loss: 0.6544
2025-09-30 20:36:19,296 - root - INFO - test average_precision, 0.6290
2025-09-30 20:36:19,296 - root - INFO - best test average_precision: 0.6454
2025-09-30 20:36:19,296 - root - INFO - test roc_auc, 0.6166
2025-09-30 20:36:19,296 - root - INFO - new node test loss: 0.6242
2025-09-30 20:36:19,296 - root - INFO - new node test average_precision, 0.6824
2025-09-30 20:36:19,297 - root - INFO - new node test roc_auc, 0.6715
2025-09-30 20:48:18,988 - root - INFO - Epoch: 26, learning rate: 0.0001, train loss: 0.6368
2025-09-30 20:48:18,989 - root - INFO - train average_precision, 0.6304
2025-09-30 20:48:18,990 - root - INFO - train roc_auc, 0.6324
2025-09-30 20:48:18,990 - root - INFO - validate loss: 0.6694
2025-09-30 20:48:18,990 - root - INFO - validate average_precision, 0.5953
2025-09-30 20:48:18,990 - root - INFO - validate roc_auc, 0.5858
2025-09-30 20:48:18,990 - root - INFO - new node validate loss: 0.6572
2025-09-30 20:48:18,990 - root - INFO - new node validate average_precision, 0.6228
2025-09-30 20:48:18,990 - root - INFO - new node validate roc_auc, 0.6076
2025-09-30 20:51:07,034 - root - INFO - test loss: 0.6734
2025-09-30 20:51:07,035 - root - INFO - test average_precision, 0.5965
2025-09-30 20:51:07,035 - root - INFO - best test average_precision: 0.6454
2025-09-30 20:51:07,035 - root - INFO - test roc_auc, 0.5907
2025-09-30 20:51:07,035 - root - INFO - new node test loss: 0.6622
2025-09-30 20:51:07,035 - root - INFO - new node test average_precision, 0.6248
2025-09-30 20:51:07,035 - root - INFO - new node test roc_auc, 0.6235
2025-09-30 21:03:00,655 - root - INFO - Epoch: 27, learning rate: 0.0001, train loss: 0.6369
2025-09-30 21:03:00,656 - root - INFO - train average_precision, 0.6304
2025-09-30 21:03:00,656 - root - INFO - train roc_auc, 0.6326
2025-09-30 21:03:00,656 - root - INFO - validate loss: 0.6688
2025-09-30 21:03:00,657 - root - INFO - validate average_precision, 0.5930
2025-09-30 21:03:00,657 - root - INFO - validate roc_auc, 0.5825
2025-09-30 21:03:00,657 - root - INFO - new node validate loss: 0.6549
2025-09-30 21:03:00,657 - root - INFO - new node validate average_precision, 0.6235
2025-09-30 21:03:00,657 - root - INFO - new node validate roc_auc, 0.6081
2025-09-30 21:05:48,488 - root - INFO - test loss: 0.6409
2025-09-30 21:05:48,489 - root - INFO - test average_precision, 0.6395
2025-09-30 21:05:48,489 - root - INFO - best test average_precision: 0.6454
2025-09-30 21:05:48,489 - root - INFO - test roc_auc, 0.6259
2025-09-30 21:05:48,489 - root - INFO - new node test loss: 0.5978
2025-09-30 21:05:48,489 - root - INFO - new node test average_precision, 0.7048
2025-09-30 21:05:48,489 - root - INFO - new node test roc_auc, 0.6900
2025-09-30 21:17:43,771 - root - INFO - Epoch: 28, learning rate: 0.0001, train loss: 0.6352
2025-09-30 21:17:43,772 - root - INFO - train average_precision, 0.6338
2025-09-30 21:17:43,773 - root - INFO - train roc_auc, 0.6353
2025-09-30 21:17:43,773 - root - INFO - validate loss: 0.6684
2025-09-30 21:17:43,773 - root - INFO - validate average_precision, 0.5962
2025-09-30 21:17:43,773 - root - INFO - validate roc_auc, 0.5849
2025-09-30 21:17:43,773 - root - INFO - new node validate loss: 0.6553
2025-09-30 21:17:43,773 - root - INFO - new node validate average_precision, 0.6255
2025-09-30 21:17:43,773 - root - INFO - new node validate roc_auc, 0.6089
2025-09-30 21:20:32,232 - root - INFO - test loss: 0.6653
2025-09-30 21:20:32,232 - root - INFO - test average_precision, 0.6096
2025-09-30 21:20:32,233 - root - INFO - best test average_precision: 0.6454
2025-09-30 21:20:32,233 - root - INFO - test roc_auc, 0.6028
2025-09-30 21:20:32,233 - root - INFO - new node test loss: 0.6472
2025-09-30 21:20:32,233 - root - INFO - new node test average_precision, 0.6477
2025-09-30 21:20:32,233 - root - INFO - new node test roc_auc, 0.6456
2025-09-30 21:32:27,049 - root - INFO - Epoch: 29, learning rate: 0.0001, train loss: 0.6359
2025-09-30 21:32:27,050 - root - INFO - train average_precision, 0.6335
2025-09-30 21:32:27,051 - root - INFO - train roc_auc, 0.6348
2025-09-30 21:32:27,051 - root - INFO - validate loss: 0.6674
2025-09-30 21:32:27,051 - root - INFO - validate average_precision, 0.6001
2025-09-30 21:32:27,051 - root - INFO - validate roc_auc, 0.5887
2025-09-30 21:32:27,051 - root - INFO - new node validate loss: 0.6552
2025-09-30 21:32:27,051 - root - INFO - new node validate average_precision, 0.6259
2025-09-30 21:32:27,051 - root - INFO - new node validate roc_auc, 0.6096
2025-09-30 21:35:14,754 - root - INFO - test loss: 0.6426
2025-09-30 21:35:14,755 - root - INFO - test average_precision, 0.6426
2025-09-30 21:35:14,755 - root - INFO - best test average_precision: 0.6454
2025-09-30 21:35:14,755 - root - INFO - test roc_auc, 0.6264
2025-09-30 21:35:14,755 - root - INFO - new node test loss: 0.6016
2025-09-30 21:35:14,755 - root - INFO - new node test average_precision, 0.7054
2025-09-30 21:35:14,755 - root - INFO - new node test roc_auc, 0.6874
2025-09-30 21:47:09,791 - root - INFO - Epoch: 30, learning rate: 0.0001, train loss: 0.6345
2025-09-30 21:47:09,792 - root - INFO - train average_precision, 0.6353
2025-09-30 21:47:09,793 - root - INFO - train roc_auc, 0.6367
2025-09-30 21:47:09,793 - root - INFO - validate loss: 0.6676
2025-09-30 21:47:09,793 - root - INFO - validate average_precision, 0.6000
2025-09-30 21:47:09,793 - root - INFO - validate roc_auc, 0.5885
2025-09-30 21:47:09,793 - root - INFO - new node validate loss: 0.6538
2025-09-30 21:47:09,793 - root - INFO - new node validate average_precision, 0.6292
2025-09-30 21:47:09,793 - root - INFO - new node validate roc_auc, 0.6126
2025-09-30 21:49:57,768 - root - INFO - test loss: 0.6397
2025-09-30 21:49:57,769 - root - INFO - test average_precision, 0.6464
2025-09-30 21:49:57,769 - root - INFO - best test average_precision: 0.6464
2025-09-30 21:49:57,770 - root - INFO - test roc_auc, 0.6313
2025-09-30 21:49:57,770 - root - INFO - new node test loss: 0.5961
2025-09-30 21:49:57,770 - root - INFO - new node test average_precision, 0.7115
2025-09-30 21:49:57,770 - root - INFO - new node test roc_auc, 0.6949
2025-09-30 22:01:51,509 - root - INFO - Epoch: 31, learning rate: 0.0001, train loss: 0.6346
2025-09-30 22:01:51,510 - root - INFO - train average_precision, 0.6381
2025-09-30 22:01:51,511 - root - INFO - train roc_auc, 0.6387
2025-09-30 22:01:51,511 - root - INFO - validate loss: 0.6671
2025-09-30 22:01:51,511 - root - INFO - validate average_precision, 0.6060
2025-09-30 22:01:51,511 - root - INFO - validate roc_auc, 0.5938
2025-09-30 22:01:51,511 - root - INFO - new node validate loss: 0.6526
2025-09-30 22:01:51,511 - root - INFO - new node validate average_precision, 0.6351
2025-09-30 22:01:51,511 - root - INFO - new node validate roc_auc, 0.6172
2025-09-30 22:04:39,347 - root - INFO - test loss: 0.6602
2025-09-30 22:04:39,348 - root - INFO - test average_precision, 0.6278
2025-09-30 22:04:39,348 - root - INFO - best test average_precision: 0.6464
2025-09-30 22:04:39,348 - root - INFO - test roc_auc, 0.6165
2025-09-30 22:04:39,348 - root - INFO - new node test loss: 0.6359
2025-09-30 22:04:39,348 - root - INFO - new node test average_precision, 0.6773
2025-09-30 22:04:39,348 - root - INFO - new node test roc_auc, 0.6677
2025-09-30 22:04:39,349 - root - INFO - save model ./saved_models/TGAT/lastfm/TGAT_seed0/TGAT_seed0.pkl
2025-09-30 22:16:35,572 - root - INFO - Epoch: 32, learning rate: 0.0001, train loss: 0.6338
2025-09-30 22:16:35,574 - root - INFO - train average_precision, 0.6391
2025-09-30 22:16:35,574 - root - INFO - train roc_auc, 0.6393
2025-09-30 22:16:35,574 - root - INFO - validate loss: 0.6661
2025-09-30 22:16:35,574 - root - INFO - validate average_precision, 0.6043
2025-09-30 22:16:35,575 - root - INFO - validate roc_auc, 0.5919
2025-09-30 22:16:35,575 - root - INFO - new node validate loss: 0.6509
2025-09-30 22:16:35,575 - root - INFO - new node validate average_precision, 0.6364
2025-09-30 22:16:35,575 - root - INFO - new node validate roc_auc, 0.6186
2025-09-30 22:19:23,330 - root - INFO - test loss: 0.6680
2025-09-30 22:19:23,330 - root - INFO - test average_precision, 0.6127
2025-09-30 22:19:23,330 - root - INFO - best test average_precision: 0.6464
2025-09-30 22:19:23,331 - root - INFO - test roc_auc, 0.5998
2025-09-30 22:19:23,331 - root - INFO - new node test loss: 0.6527
2025-09-30 22:19:23,331 - root - INFO - new node test average_precision, 0.6525
2025-09-30 22:19:23,331 - root - INFO - new node test roc_auc, 0.6387
2025-09-30 22:31:19,946 - root - INFO - Epoch: 33, learning rate: 0.0001, train loss: 0.6336
2025-09-30 22:31:19,947 - root - INFO - train average_precision, 0.6399
2025-09-30 22:31:19,948 - root - INFO - train roc_auc, 0.6406
2025-09-30 22:31:19,948 - root - INFO - validate loss: 0.6693
2025-09-30 22:31:19,948 - root - INFO - validate average_precision, 0.5980
2025-09-30 22:31:19,948 - root - INFO - validate roc_auc, 0.5873
2025-09-30 22:31:19,948 - root - INFO - new node validate loss: 0.6540
2025-09-30 22:31:19,948 - root - INFO - new node validate average_precision, 0.6308
2025-09-30 22:31:19,948 - root - INFO - new node validate roc_auc, 0.6147
2025-09-30 22:34:07,822 - root - INFO - test loss: 0.6693
2025-09-30 22:34:07,823 - root - INFO - test average_precision, 0.6018
2025-09-30 22:34:07,823 - root - INFO - best test average_precision: 0.6464
2025-09-30 22:34:07,823 - root - INFO - test roc_auc, 0.5961
2025-09-30 22:34:07,823 - root - INFO - new node test loss: 0.6552
2025-09-30 22:34:07,823 - root - INFO - new node test average_precision, 0.6292
2025-09-30 22:34:07,823 - root - INFO - new node test roc_auc, 0.6288
2025-09-30 22:46:04,298 - root - INFO - Epoch: 34, learning rate: 0.0001, train loss: 0.6327
2025-09-30 22:46:04,299 - root - INFO - train average_precision, 0.6414
2025-09-30 22:46:04,299 - root - INFO - train roc_auc, 0.6412
2025-09-30 22:46:04,299 - root - INFO - validate loss: 0.6668
2025-09-30 22:46:04,300 - root - INFO - validate average_precision, 0.6023
2025-09-30 22:46:04,300 - root - INFO - validate roc_auc, 0.5900
2025-09-30 22:46:04,300 - root - INFO - new node validate loss: 0.6545
2025-09-30 22:46:04,300 - root - INFO - new node validate average_precision, 0.6287
2025-09-30 22:46:04,300 - root - INFO - new node validate roc_auc, 0.6104
2025-09-30 22:48:52,086 - root - INFO - test loss: 0.6374
2025-09-30 22:48:52,087 - root - INFO - test average_precision, 0.6523
2025-09-30 22:48:52,087 - root - INFO - best test average_precision: 0.6523
2025-09-30 22:48:52,087 - root - INFO - test roc_auc, 0.6361
2025-09-30 22:48:52,087 - root - INFO - new node test loss: 0.5945
2025-09-30 22:48:52,087 - root - INFO - new node test average_precision, 0.7184
2025-09-30 22:48:52,087 - root - INFO - new node test roc_auc, 0.7005
2025-09-30 23:00:46,980 - root - INFO - Epoch: 35, learning rate: 0.0001, train loss: 0.6341
2025-09-30 23:00:46,981 - root - INFO - train average_precision, 0.6393
2025-09-30 23:00:46,981 - root - INFO - train roc_auc, 0.6397
2025-09-30 23:00:46,982 - root - INFO - validate loss: 0.6659
2025-09-30 23:00:46,982 - root - INFO - validate average_precision, 0.6086
2025-09-30 23:00:46,982 - root - INFO - validate roc_auc, 0.5969
2025-09-30 23:00:46,982 - root - INFO - new node validate loss: 0.6527
2025-09-30 23:00:46,982 - root - INFO - new node validate average_precision, 0.6370
2025-09-30 23:00:46,982 - root - INFO - new node validate roc_auc, 0.6202
2025-09-30 23:03:34,609 - root - INFO - test loss: 0.6322
2025-09-30 23:03:34,610 - root - INFO - test average_precision, 0.6495
2025-09-30 23:03:34,610 - root - INFO - best test average_precision: 0.6523
2025-09-30 23:03:34,610 - root - INFO - test roc_auc, 0.6379
2025-09-30 23:03:34,610 - root - INFO - new node test loss: 0.5821
2025-09-30 23:03:34,610 - root - INFO - new node test average_precision, 0.7113
2025-09-30 23:03:34,610 - root - INFO - new node test roc_auc, 0.7012
2025-09-30 23:03:34,611 - root - INFO - save model ./saved_models/TGAT/lastfm/TGAT_seed0/TGAT_seed0.pkl
2025-09-30 23:15:30,878 - root - INFO - Epoch: 36, learning rate: 0.0001, train loss: 0.6330
2025-09-30 23:15:30,880 - root - INFO - train average_precision, 0.6417
2025-09-30 23:15:30,880 - root - INFO - train roc_auc, 0.6414
2025-09-30 23:15:30,880 - root - INFO - validate loss: 0.6653
2025-09-30 23:15:30,880 - root - INFO - validate average_precision, 0.6070
2025-09-30 23:15:30,880 - root - INFO - validate roc_auc, 0.5940
2025-09-30 23:15:30,880 - root - INFO - new node validate loss: 0.6528
2025-09-30 23:15:30,881 - root - INFO - new node validate average_precision, 0.6320
2025-09-30 23:15:30,881 - root - INFO - new node validate roc_auc, 0.6155
2025-09-30 23:18:18,787 - root - INFO - test loss: 0.6632
2025-09-30 23:18:18,788 - root - INFO - test average_precision, 0.6222
2025-09-30 23:18:18,788 - root - INFO - best test average_precision: 0.6523
2025-09-30 23:18:18,788 - root - INFO - test roc_auc, 0.6087
2025-09-30 23:18:18,788 - root - INFO - new node test loss: 0.6432
2025-09-30 23:18:18,789 - root - INFO - new node test average_precision, 0.6665
2025-09-30 23:18:18,789 - root - INFO - new node test roc_auc, 0.6545
2025-09-30 23:30:12,938 - root - INFO - Epoch: 37, learning rate: 0.0001, train loss: 0.6321
2025-09-30 23:30:12,940 - root - INFO - train average_precision, 0.6417
2025-09-30 23:30:12,940 - root - INFO - train roc_auc, 0.6415
2025-09-30 23:30:12,940 - root - INFO - validate loss: 0.6665
2025-09-30 23:30:12,940 - root - INFO - validate average_precision, 0.6047
2025-09-30 23:30:12,940 - root - INFO - validate roc_auc, 0.5923
2025-09-30 23:30:12,941 - root - INFO - new node validate loss: 0.6543
2025-09-30 23:30:12,941 - root - INFO - new node validate average_precision, 0.6296
2025-09-30 23:30:12,941 - root - INFO - new node validate roc_auc, 0.6116
2025-09-30 23:33:00,726 - root - INFO - test loss: 0.6801
2025-09-30 23:33:00,727 - root - INFO - test average_precision, 0.5942
2025-09-30 23:33:00,728 - root - INFO - best test average_precision: 0.6523
2025-09-30 23:33:00,728 - root - INFO - test roc_auc, 0.5850
2025-09-30 23:33:00,728 - root - INFO - new node test loss: 0.6757
2025-09-30 23:33:00,728 - root - INFO - new node test average_precision, 0.6152
2025-09-30 23:33:00,728 - root - INFO - new node test roc_auc, 0.6099
2025-09-30 23:44:57,375 - root - INFO - Epoch: 38, learning rate: 0.0001, train loss: 0.6323
2025-09-30 23:44:57,377 - root - INFO - train average_precision, 0.6419
2025-09-30 23:44:57,377 - root - INFO - train roc_auc, 0.6415
2025-09-30 23:44:57,377 - root - INFO - validate loss: 0.6650
2025-09-30 23:44:57,378 - root - INFO - validate average_precision, 0.6085
2025-09-30 23:44:57,378 - root - INFO - validate roc_auc, 0.5961
2025-09-30 23:44:57,378 - root - INFO - new node validate loss: 0.6515
2025-09-30 23:44:57,378 - root - INFO - new node validate average_precision, 0.6365
2025-09-30 23:44:57,378 - root - INFO - new node validate roc_auc, 0.6200
2025-09-30 23:47:45,362 - root - INFO - test loss: 0.6815
2025-09-30 23:47:45,363 - root - INFO - test average_precision, 0.6103
2025-09-30 23:47:45,363 - root - INFO - best test average_precision: 0.6523
2025-09-30 23:47:45,363 - root - INFO - test roc_auc, 0.5950
2025-09-30 23:47:45,363 - root - INFO - new node test loss: 0.6804
2025-09-30 23:47:45,364 - root - INFO - new node test average_precision, 0.6397
2025-09-30 23:47:45,364 - root - INFO - new node test roc_auc, 0.6219
2025-09-30 23:59:38,957 - root - INFO - Epoch: 39, learning rate: 0.0001, train loss: 0.6329
2025-09-30 23:59:38,958 - root - INFO - train average_precision, 0.6419
2025-09-30 23:59:38,958 - root - INFO - train roc_auc, 0.6418
2025-09-30 23:59:38,958 - root - INFO - validate loss: 0.6669
2025-09-30 23:59:38,959 - root - INFO - validate average_precision, 0.6051
2025-09-30 23:59:38,959 - root - INFO - validate roc_auc, 0.5941
2025-09-30 23:59:38,959 - root - INFO - new node validate loss: 0.6551
2025-09-30 23:59:38,959 - root - INFO - new node validate average_precision, 0.6312
2025-09-30 23:59:38,959 - root - INFO - new node validate roc_auc, 0.6154
2025-10-01 00:02:27,297 - root - INFO - test loss: 0.6501
2025-10-01 00:02:27,298 - root - INFO - test average_precision, 0.6431
2025-10-01 00:02:27,299 - root - INFO - best test average_precision: 0.6523
2025-10-01 00:02:27,299 - root - INFO - test roc_auc, 0.6251
2025-10-01 00:02:27,299 - root - INFO - new node test loss: 0.6172
2025-10-01 00:02:27,299 - root - INFO - new node test average_precision, 0.7046
2025-10-01 00:02:27,299 - root - INFO - new node test roc_auc, 0.6838
2025-10-01 00:14:19,521 - root - INFO - Epoch: 40, learning rate: 0.0001, train loss: 0.6333
2025-10-01 00:14:19,522 - root - INFO - train average_precision, 0.6414
2025-10-01 00:14:19,522 - root - INFO - train roc_auc, 0.6414
2025-10-01 00:14:19,523 - root - INFO - validate loss: 0.6665
2025-10-01 00:14:19,523 - root - INFO - validate average_precision, 0.6034
2025-10-01 00:14:19,523 - root - INFO - validate roc_auc, 0.5928
2025-10-01 00:14:19,523 - root - INFO - new node validate loss: 0.6546
2025-10-01 00:14:19,523 - root - INFO - new node validate average_precision, 0.6280
2025-10-01 00:14:19,523 - root - INFO - new node validate roc_auc, 0.6115
2025-10-01 00:17:07,683 - root - INFO - test loss: 0.6413
2025-10-01 00:17:07,684 - root - INFO - test average_precision, 0.6452
2025-10-01 00:17:07,684 - root - INFO - best test average_precision: 0.6523
2025-10-01 00:17:07,685 - root - INFO - test roc_auc, 0.6301
2025-10-01 00:17:07,685 - root - INFO - new node test loss: 0.5979
2025-10-01 00:17:07,685 - root - INFO - new node test average_precision, 0.7082
2025-10-01 00:17:07,685 - root - INFO - new node test roc_auc, 0.6919
2025-10-01 00:29:03,435 - root - INFO - Epoch: 41, learning rate: 0.0001, train loss: 0.6320
2025-10-01 00:29:03,436 - root - INFO - train average_precision, 0.6433
2025-10-01 00:29:03,436 - root - INFO - train roc_auc, 0.6427
2025-10-01 00:29:03,437 - root - INFO - validate loss: 0.6641
2025-10-01 00:29:03,437 - root - INFO - validate average_precision, 0.6091
2025-10-01 00:29:03,437 - root - INFO - validate roc_auc, 0.5964
2025-10-01 00:29:03,437 - root - INFO - new node validate loss: 0.6501
2025-10-01 00:29:03,437 - root - INFO - new node validate average_precision, 0.6396
2025-10-01 00:29:03,437 - root - INFO - new node validate roc_auc, 0.6202
2025-10-01 00:31:51,267 - root - INFO - test loss: 0.6410
2025-10-01 00:31:51,268 - root - INFO - test average_precision, 0.6446
2025-10-01 00:31:51,268 - root - INFO - best test average_precision: 0.6523
2025-10-01 00:31:51,268 - root - INFO - test roc_auc, 0.6318
2025-10-01 00:31:51,268 - root - INFO - new node test loss: 0.5990
2025-10-01 00:31:51,268 - root - INFO - new node test average_precision, 0.7067
2025-10-01 00:31:51,268 - root - INFO - new node test roc_auc, 0.6939
2025-10-01 00:43:45,049 - root - INFO - Epoch: 42, learning rate: 0.0001, train loss: 0.6318
2025-10-01 00:43:45,050 - root - INFO - train average_precision, 0.6431
2025-10-01 00:43:45,051 - root - INFO - train roc_auc, 0.6430
2025-10-01 00:43:45,051 - root - INFO - validate loss: 0.6668
2025-10-01 00:43:45,051 - root - INFO - validate average_precision, 0.6046
2025-10-01 00:43:45,051 - root - INFO - validate roc_auc, 0.5923
2025-10-01 00:43:45,051 - root - INFO - new node validate loss: 0.6516
2025-10-01 00:43:45,051 - root - INFO - new node validate average_precision, 0.6348
2025-10-01 00:43:45,051 - root - INFO - new node validate roc_auc, 0.6174
2025-10-01 00:46:32,551 - root - INFO - test loss: 0.6749
2025-10-01 00:46:32,553 - root - INFO - test average_precision, 0.5955
2025-10-01 00:46:32,553 - root - INFO - best test average_precision: 0.6523
2025-10-01 00:46:32,553 - root - INFO - test roc_auc, 0.5868
2025-10-01 00:46:32,553 - root - INFO - new node test loss: 0.6669
2025-10-01 00:46:32,553 - root - INFO - new node test average_precision, 0.6120
2025-10-01 00:46:32,553 - root - INFO - new node test roc_auc, 0.6067
2025-10-01 00:58:26,904 - root - INFO - Epoch: 43, learning rate: 0.0001, train loss: 0.6319
2025-10-01 00:58:26,905 - root - INFO - train average_precision, 0.6429
2025-10-01 00:58:26,905 - root - INFO - train roc_auc, 0.6421
2025-10-01 00:58:26,906 - root - INFO - validate loss: 0.6665
2025-10-01 00:58:26,906 - root - INFO - validate average_precision, 0.6043
2025-10-01 00:58:26,906 - root - INFO - validate roc_auc, 0.5922
2025-10-01 00:58:26,906 - root - INFO - new node validate loss: 0.6517
2025-10-01 00:58:26,906 - root - INFO - new node validate average_precision, 0.6368
2025-10-01 00:58:26,906 - root - INFO - new node validate roc_auc, 0.6197
2025-10-01 01:01:15,191 - root - INFO - test loss: 0.6414
2025-10-01 01:01:15,192 - root - INFO - test average_precision, 0.6491
2025-10-01 01:01:15,192 - root - INFO - best test average_precision: 0.6523
2025-10-01 01:01:15,192 - root - INFO - test roc_auc, 0.6335
2025-10-01 01:01:15,192 - root - INFO - new node test loss: 0.6012
2025-10-01 01:01:15,193 - root - INFO - new node test average_precision, 0.7144
2025-10-01 01:01:15,193 - root - INFO - new node test roc_auc, 0.6976
2025-10-01 01:13:09,045 - root - INFO - Epoch: 44, learning rate: 0.0001, train loss: 0.6329
2025-10-01 01:13:09,046 - root - INFO - train average_precision, 0.6423
2025-10-01 01:13:09,047 - root - INFO - train roc_auc, 0.6416
2025-10-01 01:13:09,047 - root - INFO - validate loss: 0.6668
2025-10-01 01:13:09,047 - root - INFO - validate average_precision, 0.6071
2025-10-01 01:13:09,047 - root - INFO - validate roc_auc, 0.5954
2025-10-01 01:13:09,047 - root - INFO - new node validate loss: 0.6531
2025-10-01 01:13:09,047 - root - INFO - new node validate average_precision, 0.6356
2025-10-01 01:13:09,047 - root - INFO - new node validate roc_auc, 0.6187
2025-10-01 01:15:56,543 - root - INFO - test loss: 0.6377
2025-10-01 01:15:56,544 - root - INFO - test average_precision, 0.6460
2025-10-01 01:15:56,544 - root - INFO - best test average_precision: 0.6523
2025-10-01 01:15:56,544 - root - INFO - test roc_auc, 0.6323
2025-10-01 01:15:56,544 - root - INFO - new node test loss: 0.5944
2025-10-01 01:15:56,544 - root - INFO - new node test average_precision, 0.7045
2025-10-01 01:15:56,545 - root - INFO - new node test roc_auc, 0.6911
2025-10-01 01:27:49,935 - root - INFO - Epoch: 45, learning rate: 0.0001, train loss: 0.6325
2025-10-01 01:27:49,936 - root - INFO - train average_precision, 0.6426
2025-10-01 01:27:49,936 - root - INFO - train roc_auc, 0.6423
2025-10-01 01:27:49,936 - root - INFO - validate loss: 0.6675
2025-10-01 01:27:49,936 - root - INFO - validate average_precision, 0.6038
2025-10-01 01:27:49,936 - root - INFO - validate roc_auc, 0.5925
2025-10-01 01:27:49,937 - root - INFO - new node validate loss: 0.6536
2025-10-01 01:27:49,937 - root - INFO - new node validate average_precision, 0.6356
2025-10-01 01:27:49,937 - root - INFO - new node validate roc_auc, 0.6172
2025-10-01 01:30:37,296 - root - INFO - test loss: 0.6833
2025-10-01 01:30:37,297 - root - INFO - test average_precision, 0.5986
2025-10-01 01:30:37,297 - root - INFO - best test average_precision: 0.6523
2025-10-01 01:30:37,297 - root - INFO - test roc_auc, 0.5902
2025-10-01 01:30:37,297 - root - INFO - new node test loss: 0.6840
2025-10-01 01:30:37,297 - root - INFO - new node test average_precision, 0.6196
2025-10-01 01:30:37,297 - root - INFO - new node test roc_auc, 0.6171
2025-10-01 01:42:33,208 - root - INFO - Epoch: 46, learning rate: 0.0001, train loss: 0.6325
2025-10-01 01:42:33,209 - root - INFO - train average_precision, 0.6425
2025-10-01 01:42:33,210 - root - INFO - train roc_auc, 0.6417
2025-10-01 01:42:33,210 - root - INFO - validate loss: 0.6650
2025-10-01 01:42:33,210 - root - INFO - validate average_precision, 0.6074
2025-10-01 01:42:33,210 - root - INFO - validate roc_auc, 0.5952
2025-10-01 01:42:33,210 - root - INFO - new node validate loss: 0.6526
2025-10-01 01:42:33,210 - root - INFO - new node validate average_precision, 0.6361
2025-10-01 01:42:33,210 - root - INFO - new node validate roc_auc, 0.6189
2025-10-01 01:45:20,878 - root - INFO - test loss: 0.6599
2025-10-01 01:45:20,879 - root - INFO - test average_precision, 0.6214
2025-10-01 01:45:20,879 - root - INFO - best test average_precision: 0.6523
2025-10-01 01:45:20,880 - root - INFO - test roc_auc, 0.6128
2025-10-01 01:45:20,880 - root - INFO - new node test loss: 0.6392
2025-10-01 01:45:20,880 - root - INFO - new node test average_precision, 0.6585
2025-10-01 01:45:20,880 - root - INFO - new node test roc_auc, 0.6529
2025-10-01 01:57:18,149 - root - INFO - Epoch: 47, learning rate: 0.0001, train loss: 0.6315
2025-10-01 01:57:18,151 - root - INFO - train average_precision, 0.6432
2025-10-01 01:57:18,151 - root - INFO - train roc_auc, 0.6429
2025-10-01 01:57:18,151 - root - INFO - validate loss: 0.6654
2025-10-01 01:57:18,151 - root - INFO - validate average_precision, 0.6053
2025-10-01 01:57:18,151 - root - INFO - validate roc_auc, 0.5937
2025-10-01 01:57:18,151 - root - INFO - new node validate loss: 0.6509
2025-10-01 01:57:18,152 - root - INFO - new node validate average_precision, 0.6336
2025-10-01 01:57:18,152 - root - INFO - new node validate roc_auc, 0.6159
2025-10-01 02:00:06,306 - root - INFO - test loss: 0.6652
2025-10-01 02:00:06,307 - root - INFO - test average_precision, 0.6203
2025-10-01 02:00:06,308 - root - INFO - best test average_precision: 0.6523
2025-10-01 02:00:06,308 - root - INFO - test roc_auc, 0.6097
2025-10-01 02:00:06,308 - root - INFO - new node test loss: 0.6486
2025-10-01 02:00:06,308 - root - INFO - new node test average_precision, 0.6613
2025-10-01 02:00:06,308 - root - INFO - new node test roc_auc, 0.6530
2025-10-01 02:12:02,999 - root - INFO - Epoch: 48, learning rate: 0.0001, train loss: 0.6310
2025-10-01 02:12:03,000 - root - INFO - train average_precision, 0.6454
2025-10-01 02:12:03,001 - root - INFO - train roc_auc, 0.6451
2025-10-01 02:12:03,001 - root - INFO - validate loss: 0.6654
2025-10-01 02:12:03,001 - root - INFO - validate average_precision, 0.6066
2025-10-01 02:12:03,001 - root - INFO - validate roc_auc, 0.5940
2025-10-01 02:12:03,001 - root - INFO - new node validate loss: 0.6520
2025-10-01 02:12:03,001 - root - INFO - new node validate average_precision, 0.6341
2025-10-01 02:12:03,001 - root - INFO - new node validate roc_auc, 0.6162
2025-10-01 02:14:51,321 - root - INFO - test loss: 0.6408
2025-10-01 02:14:51,322 - root - INFO - test average_precision, 0.6402
2025-10-01 02:14:51,322 - root - INFO - best test average_precision: 0.6523
2025-10-01 02:14:51,322 - root - INFO - test roc_auc, 0.6284
2025-10-01 02:14:51,322 - root - INFO - new node test loss: 0.5991
2025-10-01 02:14:51,322 - root - INFO - new node test average_precision, 0.6970
2025-10-01 02:14:51,322 - root - INFO - new node test roc_auc, 0.6853
2025-10-01 02:26:46,181 - root - INFO - Epoch: 49, learning rate: 0.0001, train loss: 0.6308
2025-10-01 02:26:46,182 - root - INFO - train average_precision, 0.6453
2025-10-01 02:26:46,182 - root - INFO - train roc_auc, 0.6450
2025-10-01 02:26:46,182 - root - INFO - validate loss: 0.6660
2025-10-01 02:26:46,182 - root - INFO - validate average_precision, 0.6072
2025-10-01 02:26:46,183 - root - INFO - validate roc_auc, 0.5939
2025-10-01 02:26:46,183 - root - INFO - new node validate loss: 0.6518
2025-10-01 02:26:46,183 - root - INFO - new node validate average_precision, 0.6382
2025-10-01 02:26:46,183 - root - INFO - new node validate roc_auc, 0.6195
