2025-10-08 09:31:07,980 - root - INFO - ********** Run 2 starts. **********
2025-10-08 09:31:07,980 - root - INFO - configuration is Namespace(dataset_name='mooc', batch_size=200, model_name='TCL', gpu=0, num_neighbors=20, sample_neighbor_strategy='recent', time_scaling_factor=1e-06, num_walk_heads=8, num_heads=2, num_layers=2, walk_length=1, time_gap=2000, time_feat_dim=100, position_feat_dim=172, time_window_mode='fixed_proportion', time_encoder_type='bochner', expert_dim=128, num_mixtures=16, sort_neighbors_by_time=False, patch_size=1, channel_embedding_dim=50, max_input_sequence_length=32, learning_rate=0.0001, dropout=0.1, gamma=0.5, num_epochs=2, optimizer='Adam', weight_decay=0.0, patience=20, val_ratio=0.15, test_ratio=0.15, num_runs=2, test_interval_epochs=100, negative_sample_strategy='random', max_interaction_times=10, load_best_configs=True, data_ratio=0.05, seed=1, save_model_name_suffix='', ablation_dir='', mamba_d_state=256, mamba_d_conv=4, mamba_expand=2, mamba_headdim=64, resume_from_checkpoint=None, save_checkpoints=True, checkpoint_interval=20, start_from_seed=0, max_checkpoints_to_keep=3, checkpoint_strategy='minimal', validate_checkpoints=True, device='cuda:0', save_model_name='TCL_bochner_seed1')
2025-10-08 09:31:07,981 - root - INFO - Metrics will be saved to: ./saved_metrics/TCL/mooc/TCL_bochner_seed1
2025-10-08 09:31:07,982 - root - INFO - time encoder type: bochner
2025-10-08 09:31:07,982 - root - INFO - Time encoder will be injected into TCL model
2025-10-08 09:31:08,119 - root - INFO - model -> Sequential(
  (0): TCL(
    (time_encoder): TimeEncoderWrapper(
      (encoder): BochnerTimeEncoder()
    )
    (depth_embedding): Embedding(21, 172)
    (projection_layer): ModuleDict(
      (node): Linear(in_features=172, out_features=172, bias=True)
      (edge): Linear(in_features=172, out_features=172, bias=True)
      (time): Linear(in_features=100, out_features=172, bias=True)
    )
    (transformers): ModuleList(
      (0-1): 2 x TransformerEncoder(
        (multi_head_attention): MultiheadAttention(
          (out_proj): NonDynamicallyQuantizableLinear(in_features=172, out_features=172, bias=True)
        )
        (dropout): Dropout(p=0.1, inplace=False)
        (linear_layers): ModuleList(
          (0): Linear(in_features=172, out_features=688, bias=True)
          (1): Linear(in_features=688, out_features=172, bias=True)
        )
        (norm_layers): ModuleList(
          (0-1): 2 x LayerNorm((172,), eps=1e-05, elementwise_affine=True)
        )
      )
    )
    (output_layer): Linear(in_features=172, out_features=172, bias=True)
  )
  (1): MergeLayer(
    (fc1): Linear(in_features=344, out_features=172, bias=True)
    (fc2): Linear(in_features=172, out_features=1, bias=True)
    (act): ReLU()
  )
)
2025-10-08 09:31:08,119 - root - INFO - model name: TCL, #parameters: 3537412 B, 3454.50390625 KB, 3.3735389709472656 MB.
2025-10-08 09:31:10,859 - root - INFO - Epoch: 1, learning rate: 0.0001, train loss: 0.6336
2025-10-08 09:31:10,860 - root - INFO - train average_precision, 0.5779
2025-10-08 09:31:10,860 - root - INFO - train roc_auc, 0.6226
2025-10-08 09:31:10,860 - root - INFO - validate loss: 0.6205
2025-10-08 09:31:10,860 - root - INFO - validate average_precision, 0.6021
2025-10-08 09:31:10,860 - root - INFO - validate roc_auc, 0.6398
2025-10-08 09:31:10,860 - root - INFO - new node validate loss: 0.7024
2025-10-08 09:31:10,860 - root - INFO - new node validate average_precision, 0.5510
2025-10-08 09:31:10,860 - root - INFO - new node validate roc_auc, 0.5395
2025-10-08 09:31:10,869 - root - INFO - save model ./saved_models/TCL/mooc/TCL_bochner_seed1/TCL_bochner_seed1.pkl
2025-10-08 09:31:13,657 - root - INFO - Epoch: 2, learning rate: 0.0001, train loss: 0.6220
2025-10-08 09:31:13,658 - root - INFO - train average_precision, 0.5823
2025-10-08 09:31:13,658 - root - INFO - train roc_auc, 0.6277
2025-10-08 09:31:13,658 - root - INFO - validate loss: 0.6185
2025-10-08 09:31:13,658 - root - INFO - validate average_precision, 0.6044
2025-10-08 09:31:13,658 - root - INFO - validate roc_auc, 0.6522
2025-10-08 09:31:13,658 - root - INFO - new node validate loss: 0.6965
2025-10-08 09:31:13,658 - root - INFO - new node validate average_precision, 0.5483
2025-10-08 09:31:13,658 - root - INFO - new node validate roc_auc, 0.5599
2025-10-08 09:31:13,662 - root - INFO - save model ./saved_models/TCL/mooc/TCL_bochner_seed1/TCL_bochner_seed1.pkl
2025-10-08 09:31:13,698 - root - INFO - load model ./saved_models/TCL/mooc/TCL_bochner_seed1/TCL_bochner_seed1.pkl
2025-10-08 09:31:13,715 - root - INFO - get final performance on dataset mooc...
2025-10-08 09:31:14,764 - root - INFO - validate loss: 0.6185
2025-10-08 09:31:14,764 - root - INFO - validate average_precision, 0.6044
2025-10-08 09:31:14,764 - root - INFO - validate roc_auc, 0.6522
2025-10-08 09:31:14,764 - root - INFO - new node validate loss: 0.6965
2025-10-08 09:31:14,764 - root - INFO - new node validate average_precision, 0.5483
2025-10-08 09:31:14,764 - root - INFO - new node validate roc_auc, 0.5599
2025-10-08 09:31:14,764 - root - INFO - test loss: 0.6210
2025-10-08 09:31:14,764 - root - INFO - test average_precision, 0.5943
2025-10-08 09:31:14,765 - root - INFO - test roc_auc, 0.6462
2025-10-08 09:31:14,765 - root - INFO - new node test loss: 0.6957
2025-10-08 09:31:14,765 - root - INFO - new node test average_precision, 0.5482
2025-10-08 09:31:14,765 - root - INFO - new node test roc_auc, 0.5638
2025-10-08 09:31:14,772 - root - INFO - ✅ Metrics saved to: ./saved_metrics/TCL/mooc/TCL_bochner_seed1
2025-10-08 09:31:14,772 - root - INFO - Run 2 cost 6.79 seconds.
2025-10-08 09:31:14,775 - root - INFO - metrics over 2 runs:
2025-10-08 09:31:14,775 - root - INFO - validate average_precision, [np.float64(0.594927916157578), np.float64(0.6044240003231572)]
2025-10-08 09:31:14,775 - root - INFO - average validate average_precision, 0.5997 ± 0.0067
2025-10-08 09:31:14,776 - root - INFO - validate roc_auc, [np.float64(0.6427051007231405), np.float64(0.6522470299586777)]
2025-10-08 09:31:14,776 - root - INFO - average validate roc_auc, 0.6475 ± 0.0067
2025-10-08 09:31:14,776 - root - INFO - new node validate average_precision, [np.float64(0.5220501581010935), np.float64(0.5482793168665443)]
2025-10-08 09:31:14,776 - root - INFO - average new node validate average_precision, 0.5352 ± 0.0185
2025-10-08 09:31:14,776 - root - INFO - new node validate roc_auc, [np.float64(0.5317814946556982), np.float64(0.5599419919415765)]
2025-10-08 09:31:14,776 - root - INFO - average new node validate roc_auc, 0.5459 ± 0.0199
2025-10-08 09:31:14,776 - root - INFO - test average_precision, [np.float64(0.5818090868384295), np.float64(0.5943155519344744)]
2025-10-08 09:31:14,776 - root - INFO - average test average_precision, 0.5881 ± 0.0088
2025-10-08 09:31:14,776 - root - INFO - test roc_auc, [np.float64(0.6346506779442149), np.float64(0.6461761557334711)]
2025-10-08 09:31:14,776 - root - INFO - average test roc_auc, 0.6404 ± 0.0081
2025-10-08 09:31:14,776 - root - INFO - new node test average_precision, [np.float64(0.5277368943435342), np.float64(0.5481950271457244)]
2025-10-08 09:31:14,777 - root - INFO - average new node test average_precision, 0.5380 ± 0.0145
2025-10-08 09:31:14,777 - root - INFO - new node test roc_auc, [np.float64(0.5420915544912258), np.float64(0.5638265555958843)]
2025-10-08 09:31:14,777 - root - INFO - average new node test roc_auc, 0.5530 ± 0.0154
