2025-10-08 03:57:29,375 - root - INFO - ********** Run 2 starts. **********
2025-10-08 03:57:29,375 - root - INFO - configuration is Namespace(dataset_name='wikipedia', batch_size=200, model_name='GraphMixer', gpu=0, num_neighbors=30, sample_neighbor_strategy='recent', time_scaling_factor=1e-06, num_walk_heads=8, num_heads=2, num_layers=2, walk_length=1, time_gap=2000, time_feat_dim=100, position_feat_dim=172, time_window_mode='fixed_proportion', time_encoder_type='original', expert_dim=128, num_mixtures=16, sort_neighbors_by_time=False, patch_size=1, channel_embedding_dim=50, max_input_sequence_length=32, learning_rate=0.0001, dropout=0.5, gamma=0.5, num_epochs=2, optimizer='Adam', weight_decay=0.0, patience=20, val_ratio=0.15, test_ratio=0.15, num_runs=2, test_interval_epochs=100, negative_sample_strategy='random', max_interaction_times=10, load_best_configs=True, data_ratio=0.1, seed=1, save_model_name_suffix='', ablation_dir='', mamba_d_state=256, mamba_d_conv=4, mamba_expand=2, mamba_headdim=64, resume_from_checkpoint=None, save_checkpoints=True, checkpoint_interval=20, start_from_seed=0, max_checkpoints_to_keep=3, checkpoint_strategy='minimal', validate_checkpoints=True, device='cuda:0', save_model_name='GraphMixer_original_seed1')
2025-10-08 03:57:29,376 - root - INFO - Metrics will be saved to: ./saved_metrics/GraphMixer/wikipedia/GraphMixer_original_seed1
2025-10-08 03:57:29,376 - root - INFO - time encoder type: original
2025-10-08 03:57:29,377 - root - INFO - Time encoder will be injected into GraphMixer model
2025-10-08 03:57:29,434 - root - INFO - model -> Sequential(
  (0): GraphMixer(
    (time_encoder): TimeEncoderWrapper(
      (encoder): TimeEncoder(
        (w): Linear(in_features=1, out_features=100, bias=True)
      )
    )
    (projection_layer): Linear(in_features=272, out_features=172, bias=True)
    (mlp_mixers): ModuleList(
      (0-1): 2 x MLPMixer(
        (token_norm): LayerNorm((30,), eps=1e-05, elementwise_affine=True)
        (token_feedforward): FeedForwardNet(
          (ffn): Sequential(
            (0): Linear(in_features=30, out_features=15, bias=True)
            (1): GELU(approximate='none')
            (2): Dropout(p=0.5, inplace=False)
            (3): Linear(in_features=15, out_features=30, bias=True)
            (4): Dropout(p=0.5, inplace=False)
          )
        )
        (channel_norm): LayerNorm((172,), eps=1e-05, elementwise_affine=True)
        (channel_feedforward): FeedForwardNet(
          (ffn): Sequential(
            (0): Linear(in_features=172, out_features=688, bias=True)
            (1): GELU(approximate='none')
            (2): Dropout(p=0.5, inplace=False)
            (3): Linear(in_features=688, out_features=172, bias=True)
            (4): Dropout(p=0.5, inplace=False)
          )
        )
      )
    )
    (output_layer): Linear(in_features=344, out_features=172, bias=True)
  )
  (1): MergeLayer(
    (fc1): Linear(in_features=344, out_features=172, bias=True)
    (fc2): Linear(in_features=172, out_features=1, bias=True)
    (act): ReLU()
  )
)
2025-10-08 03:57:29,434 - root - INFO - model name: GraphMixer, #parameters: 2575084 B, 2514.73046875 KB, 2.455791473388672 MB.
2025-10-08 03:57:31,630 - root - INFO - Epoch: 1, learning rate: 0.0001, train loss: 0.6298
2025-10-08 03:57:31,630 - root - INFO - train average_precision, 0.8173
2025-10-08 03:57:31,630 - root - INFO - train roc_auc, 0.8025
2025-10-08 03:57:31,630 - root - INFO - validate loss: 0.4715
2025-10-08 03:57:31,631 - root - INFO - validate average_precision, 0.8734
2025-10-08 03:57:31,631 - root - INFO - validate roc_auc, 0.8732
2025-10-08 03:57:31,631 - root - INFO - new node validate loss: 0.4876
2025-10-08 03:57:31,631 - root - INFO - new node validate average_precision, 0.8452
2025-10-08 03:57:31,631 - root - INFO - new node validate roc_auc, 0.8489
2025-10-08 03:57:31,639 - root - INFO - save model ./saved_models/GraphMixer/wikipedia/GraphMixer_original_seed1/GraphMixer_original_seed1.pkl
2025-10-08 03:57:33,841 - root - INFO - Epoch: 2, learning rate: 0.0001, train loss: 0.4340
2025-10-08 03:57:33,842 - root - INFO - train average_precision, 0.8809
2025-10-08 03:57:33,842 - root - INFO - train roc_auc, 0.8890
2025-10-08 03:57:33,842 - root - INFO - validate loss: 0.3884
2025-10-08 03:57:33,842 - root - INFO - validate average_precision, 0.9161
2025-10-08 03:57:33,842 - root - INFO - validate roc_auc, 0.9151
2025-10-08 03:57:33,842 - root - INFO - new node validate loss: 0.5188
2025-10-08 03:57:33,842 - root - INFO - new node validate average_precision, 0.8770
2025-10-08 03:57:33,842 - root - INFO - new node validate roc_auc, 0.8882
2025-10-08 03:57:33,846 - root - INFO - save model ./saved_models/GraphMixer/wikipedia/GraphMixer_original_seed1/GraphMixer_original_seed1.pkl
2025-10-08 03:57:33,874 - root - INFO - load model ./saved_models/GraphMixer/wikipedia/GraphMixer_original_seed1/GraphMixer_original_seed1.pkl
2025-10-08 03:57:33,887 - root - INFO - get final performance on dataset wikipedia...
2025-10-08 03:57:34,842 - root - INFO - validate loss: 0.3884
2025-10-08 03:57:34,842 - root - INFO - validate average_precision, 0.9161
2025-10-08 03:57:34,842 - root - INFO - validate roc_auc, 0.9151
2025-10-08 03:57:34,842 - root - INFO - new node validate loss: 0.5188
2025-10-08 03:57:34,842 - root - INFO - new node validate average_precision, 0.8770
2025-10-08 03:57:34,842 - root - INFO - new node validate roc_auc, 0.8882
2025-10-08 03:57:34,842 - root - INFO - test loss: 0.4620
2025-10-08 03:57:34,842 - root - INFO - test average_precision, 0.8698
2025-10-08 03:57:34,842 - root - INFO - test roc_auc, 0.8715
2025-10-08 03:57:34,842 - root - INFO - new node test loss: 0.5045
2025-10-08 03:57:34,843 - root - INFO - new node test average_precision, 0.8545
2025-10-08 03:57:34,843 - root - INFO - new node test roc_auc, 0.8549
2025-10-08 03:57:34,850 - root - INFO - ✅ Metrics saved to: ./saved_metrics/GraphMixer/wikipedia/GraphMixer_original_seed1
2025-10-08 03:57:34,850 - root - INFO - Run 2 cost 5.48 seconds.
2025-10-08 03:57:34,853 - root - INFO - metrics over 2 runs:
2025-10-08 03:57:34,853 - root - INFO - validate average_precision, [np.float64(0.9097423046019092), np.float64(0.9161204959168042)]
2025-10-08 03:57:34,853 - root - INFO - average validate average_precision, 0.9129 ± 0.0045
2025-10-08 03:57:34,853 - root - INFO - validate roc_auc, [np.float64(0.9097079903978053), np.float64(0.9150833746126098)]
2025-10-08 03:57:34,853 - root - INFO - average validate roc_auc, 0.9124 ± 0.0038
2025-10-08 03:57:34,853 - root - INFO - new node validate average_precision, [np.float64(0.8761578526871474), np.float64(0.8770106671335905)]
2025-10-08 03:57:34,854 - root - INFO - average new node validate average_precision, 0.8766 ± 0.0006
2025-10-08 03:57:34,854 - root - INFO - new node validate roc_auc, [np.float64(0.8913774856300481), np.float64(0.8882252010967411)]
2025-10-08 03:57:34,854 - root - INFO - average new node validate roc_auc, 0.8898 ± 0.0022
2025-10-08 03:57:34,854 - root - INFO - test average_precision, [np.float64(0.8701263879226996), np.float64(0.8698023547895831)]
2025-10-08 03:57:34,854 - root - INFO - average test average_precision, 0.8700 ± 0.0002
2025-10-08 03:57:34,854 - root - INFO - test roc_auc, [np.float64(0.8704306185858356), np.float64(0.8715356454491184)]
2025-10-08 03:57:34,854 - root - INFO - average test roc_auc, 0.8710 ± 0.0008
2025-10-08 03:57:34,854 - root - INFO - new node test average_precision, [np.float64(0.854399259122238), np.float64(0.8544893932034722)]
2025-10-08 03:57:34,854 - root - INFO - average new node test average_precision, 0.8544 ± 0.0001
2025-10-08 03:57:34,854 - root - INFO - new node test roc_auc, [np.float64(0.8525515529004721), np.float64(0.8548912234042553)]
2025-10-08 03:57:34,854 - root - INFO - average new node test roc_auc, 0.8537 ± 0.0017
