2025-10-08 12:17:17,888 - root - INFO - ********** Run 1 starts. **********
2025-10-08 12:17:17,888 - root - INFO - configuration is Namespace(dataset_name='lastfm', batch_size=200, model_name='DyGFormer', gpu=0, num_neighbors=20, sample_neighbor_strategy='uniform', time_scaling_factor=1e-06, num_walk_heads=8, num_heads=2, num_layers=2, walk_length=1, time_gap=2000, time_feat_dim=100, position_feat_dim=172, time_window_mode='fixed_proportion', time_encoder_type='lete', expert_dim=128, num_mixtures=16, sort_neighbors_by_time=False, patch_size=16, channel_embedding_dim=50, max_input_sequence_length=512, learning_rate=0.0001, dropout=0.1, gamma=0.5, num_epochs=2, optimizer='Adam', weight_decay=0.0, patience=20, val_ratio=0.15, test_ratio=0.15, num_runs=2, test_interval_epochs=100, negative_sample_strategy='random', max_interaction_times=10, load_best_configs=True, data_ratio=0.05, seed=0, save_model_name_suffix='', ablation_dir='', mamba_d_state=256, mamba_d_conv=4, mamba_expand=2, mamba_headdim=64, resume_from_checkpoint=None, save_checkpoints=True, checkpoint_interval=5, start_from_seed=0, max_checkpoints_to_keep=3, checkpoint_strategy='minimal', validate_checkpoints=True, device='cuda:0', save_model_name='DyGFormer_lete_seed0')
2025-10-08 12:17:17,890 - root - INFO - Metrics will be saved to: ./saved_metrics/DyGFormer/lastfm/DyGFormer_lete_seed0
2025-10-08 12:17:17,892 - root - INFO - time encoder type: lete
2025-10-08 12:17:17,892 - root - INFO - Time encoder will be injected into DyGFormer model
2025-10-08 12:17:18,474 - root - INFO - model -> Sequential(
  (0): DyGFormer(
    (time_encoder): TimeEncoderWrapper(
      (encoder): LeTE(
        (w1_fourier): Linear(in_features=1, out_features=50, bias=True)
        (w2_fourier): FourierSeries()
        (w1_spline): Linear(in_features=1, out_features=50, bias=True)
        (w2_spline): Spline()
        (layernorm): LayerNorm((100,), eps=1e-05, elementwise_affine=True)
      )
    )
    (neighbor_co_occurrence_encoder): NeighborCooccurrenceEncoder(
      (neighbor_co_occurrence_encode_layer): Sequential(
        (0): Linear(in_features=1, out_features=50, bias=True)
        (1): ReLU()
        (2): Linear(in_features=50, out_features=50, bias=True)
      )
    )
    (projection_layer): ModuleDict(
      (node): Linear(in_features=2752, out_features=50, bias=True)
      (edge): Linear(in_features=2752, out_features=50, bias=True)
      (time): Linear(in_features=1600, out_features=50, bias=True)
      (neighbor_co_occurrence): Linear(in_features=800, out_features=50, bias=True)
    )
    (transformers): ModuleList(
      (0-1): 2 x TransformerEncoder(
        (multi_head_attention): MultiheadAttention(
          (out_proj): NonDynamicallyQuantizableLinear(in_features=200, out_features=200, bias=True)
        )
        (dropout): Dropout(p=0.1, inplace=False)
        (linear_layers): ModuleList(
          (0): Linear(in_features=200, out_features=800, bias=True)
          (1): Linear(in_features=800, out_features=200, bias=True)
        )
        (norm_layers): ModuleList(
          (0-1): 2 x LayerNorm((200,), eps=1e-05, elementwise_affine=True)
        )
      )
    )
    (output_layer): Linear(in_features=200, out_features=172, bias=True)
  )
  (1): MergeLayer(
    (fc1): Linear(in_features=344, out_features=172, bias=True)
    (fc2): Linear(in_features=172, out_features=1, bias=True)
    (act): ReLU()
  )
)
2025-10-08 12:17:18,474 - root - INFO - model name: DyGFormer, #parameters: 5835012 B, 5698.25390625 KB, 5.564701080322266 MB.
2025-10-08 12:18:14,338 - root - INFO - Epoch: 1, learning rate: 0.0001, train loss: 0.4675
2025-10-08 12:18:14,338 - root - INFO - train average_precision, 0.8445
2025-10-08 12:18:14,338 - root - INFO - train roc_auc, 0.8495
2025-10-08 12:18:14,339 - root - INFO - validate loss: 0.4368
2025-10-08 12:18:14,339 - root - INFO - validate average_precision, 0.8806
2025-10-08 12:18:14,339 - root - INFO - validate roc_auc, 0.8817
2025-10-08 12:18:14,339 - root - INFO - new node validate loss: 0.5317
2025-10-08 12:18:14,339 - root - INFO - new node validate average_precision, 0.8254
2025-10-08 12:18:14,339 - root - INFO - new node validate roc_auc, 0.8160
2025-10-08 12:18:14,349 - root - INFO - save model ./saved_models/DyGFormer/lastfm/DyGFormer_lete_seed0/DyGFormer_lete_seed0.pkl
2025-10-08 12:19:08,799 - root - INFO - Epoch: 2, learning rate: 0.0001, train loss: 0.3789
2025-10-08 12:19:08,800 - root - INFO - train average_precision, 0.9093
2025-10-08 12:19:08,800 - root - INFO - train roc_auc, 0.9070
2025-10-08 12:19:08,800 - root - INFO - validate loss: 0.3986
2025-10-08 12:19:08,800 - root - INFO - validate average_precision, 0.9000
2025-10-08 12:19:08,800 - root - INFO - validate roc_auc, 0.8989
2025-10-08 12:19:08,800 - root - INFO - new node validate loss: 0.4950
2025-10-08 12:19:08,800 - root - INFO - new node validate average_precision, 0.8479
2025-10-08 12:19:08,800 - root - INFO - new node validate roc_auc, 0.8365
2025-10-08 12:19:08,808 - root - INFO - save model ./saved_models/DyGFormer/lastfm/DyGFormer_lete_seed0/DyGFormer_lete_seed0.pkl
2025-10-08 12:19:08,866 - root - INFO - load model ./saved_models/DyGFormer/lastfm/DyGFormer_lete_seed0/DyGFormer_lete_seed0.pkl
2025-10-08 12:19:08,893 - root - INFO - get final performance on dataset lastfm...
2025-10-08 12:19:35,045 - root - INFO - validate loss: 0.3986
2025-10-08 12:19:35,045 - root - INFO - validate average_precision, 0.9000
2025-10-08 12:19:35,045 - root - INFO - validate roc_auc, 0.8989
2025-10-08 12:19:35,045 - root - INFO - new node validate loss: 0.4950
2025-10-08 12:19:35,045 - root - INFO - new node validate average_precision, 0.8479
2025-10-08 12:19:35,045 - root - INFO - new node validate roc_auc, 0.8365
2025-10-08 12:19:35,045 - root - INFO - test loss: 0.4177
2025-10-08 12:19:35,045 - root - INFO - test average_precision, 0.8895
2025-10-08 12:19:35,045 - root - INFO - test roc_auc, 0.8866
2025-10-08 12:19:35,045 - root - INFO - new node test loss: 0.4492
2025-10-08 12:19:35,045 - root - INFO - new node test average_precision, 0.8728
2025-10-08 12:19:35,045 - root - INFO - new node test roc_auc, 0.8665
2025-10-08 12:19:35,056 - root - INFO - ✅ Metrics saved to: ./saved_metrics/DyGFormer/lastfm/DyGFormer_lete_seed0
2025-10-08 12:19:35,056 - root - INFO - Run 1 cost 137.17 seconds.
