2025-10-01 03:41:33,711 - root - INFO - ********** Run 2 starts. **********
2025-10-01 03:41:33,711 - root - INFO - configuration is Namespace(dataset_name='enron', batch_size=200, model_name='TGAT', gpu=0, num_neighbors=20, sample_neighbor_strategy='recent', time_scaling_factor=1e-06, num_walk_heads=8, num_heads=2, num_layers=2, walk_length=1, time_gap=2000, time_feat_dim=128, position_feat_dim=172, time_window_mode='fixed_proportion', time_encoder_type='original', expert_dim=64, num_mixtures=4, patch_size=1, channel_embedding_dim=50, max_input_sequence_length=32, learning_rate=0.0001, dropout=0.2, gamma=0.5, num_epochs=100, optimizer='Adam', weight_decay=0.0, patience=20, val_ratio=0.15, test_ratio=0.15, num_runs=5, test_interval_epochs=1, negative_sample_strategy='random', max_interaction_times=10, load_best_configs=True, device='cuda:0', seed=1, save_model_name='TGAT_seed1')
2025-10-01 03:41:33,712 - root - INFO - time encoder type: original
2025-10-01 03:41:33,759 - root - INFO - model -> Sequential(
  (0): TGAT(
    (time_encoder): TimeEncoderWrapper(
      (encoder): TimeEncoder(
        (w): Linear(in_features=1, out_features=128, bias=True)
      )
    )
    (temporal_conv_layers): ModuleList(
      (0-1): 2 x MultiHeadAttention(
        (query_projection): Linear(in_features=300, out_features=300, bias=False)
        (key_projection): Linear(in_features=472, out_features=300, bias=False)
        (value_projection): Linear(in_features=472, out_features=300, bias=False)
        (layer_norm): LayerNorm((300,), eps=1e-05, elementwise_affine=True)
        (residual_fc): Linear(in_features=300, out_features=300, bias=True)
        (dropout): Dropout(p=0.2, inplace=False)
      )
    )
    (merge_layers): ModuleList(
      (0-1): 2 x MergeLayer(
        (fc1): Linear(in_features=472, out_features=172, bias=True)
        (fc2): Linear(in_features=172, out_features=172, bias=True)
        (act): ReLU()
      )
    )
  )
  (1): MergeLayer(
    (fc1): Linear(in_features=344, out_features=172, bias=True)
    (fc2): Linear(in_features=172, out_features=1, bias=True)
    (act): ReLU()
  )
)
2025-10-01 03:41:33,760 - root - INFO - model name: TGAT, #parameters: 4840772 B, 4727.31640625 KB, 4.616519927978516 MB.
2025-10-01 03:42:40,416 - root - INFO - Epoch: 1, learning rate: 0.0001, train loss: 0.6183
2025-10-01 03:42:40,417 - root - INFO - train average_precision, 0.5934
2025-10-01 03:42:40,417 - root - INFO - train roc_auc, 0.6430
2025-10-01 03:42:40,417 - root - INFO - validate loss: 0.6705
2025-10-01 03:42:40,417 - root - INFO - validate average_precision, 0.6025
2025-10-01 03:42:40,417 - root - INFO - validate roc_auc, 0.6134
2025-10-01 03:42:40,417 - root - INFO - new node validate loss: 0.6781
2025-10-01 03:42:40,417 - root - INFO - new node validate average_precision, 0.5784
2025-10-01 03:42:40,417 - root - INFO - new node validate roc_auc, 0.5894
2025-10-01 03:42:53,302 - root - INFO - test loss: 0.6625
2025-10-01 03:42:53,303 - root - INFO - test average_precision, 0.6356
2025-10-01 03:42:53,303 - root - INFO - best test average_precision: 0.6356
2025-10-01 03:42:53,303 - root - INFO - test roc_auc, 0.6418
2025-10-01 03:42:53,303 - root - INFO - new node test loss: 0.6754
2025-10-01 03:42:53,303 - root - INFO - new node test average_precision, 0.6124
2025-10-01 03:42:53,303 - root - INFO - new node test roc_auc, 0.6073
2025-10-01 03:42:53,303 - root - INFO - save model ./saved_models/TGAT/enron/TGAT_seed1/TGAT_seed1.pkl
2025-10-01 03:43:59,864 - root - INFO - Epoch: 2, learning rate: 0.0001, train loss: 0.5775
2025-10-01 03:43:59,865 - root - INFO - train average_precision, 0.7115
2025-10-01 03:43:59,865 - root - INFO - train roc_auc, 0.7403
2025-10-01 03:43:59,865 - root - INFO - validate loss: 0.6691
2025-10-01 03:43:59,865 - root - INFO - validate average_precision, 0.6254
2025-10-01 03:43:59,865 - root - INFO - validate roc_auc, 0.6280
2025-10-01 03:43:59,865 - root - INFO - new node validate loss: 0.6736
2025-10-01 03:43:59,865 - root - INFO - new node validate average_precision, 0.6039
2025-10-01 03:43:59,865 - root - INFO - new node validate roc_auc, 0.6151
2025-10-01 03:44:12,757 - root - INFO - test loss: 0.6589
2025-10-01 03:44:12,757 - root - INFO - test average_precision, 0.6372
2025-10-01 03:44:12,757 - root - INFO - best test average_precision: 0.6372
2025-10-01 03:44:12,758 - root - INFO - test roc_auc, 0.6452
2025-10-01 03:44:12,758 - root - INFO - new node test loss: 0.6768
2025-10-01 03:44:12,758 - root - INFO - new node test average_precision, 0.5964
2025-10-01 03:44:12,758 - root - INFO - new node test roc_auc, 0.6021
2025-10-01 03:44:12,758 - root - INFO - save model ./saved_models/TGAT/enron/TGAT_seed1/TGAT_seed1.pkl
2025-10-01 03:45:19,401 - root - INFO - Epoch: 3, learning rate: 0.0001, train loss: 0.5711
2025-10-01 03:45:19,402 - root - INFO - train average_precision, 0.7246
2025-10-01 03:45:19,402 - root - INFO - train roc_auc, 0.7474
2025-10-01 03:45:19,402 - root - INFO - validate loss: 0.6479
2025-10-01 03:45:19,402 - root - INFO - validate average_precision, 0.6565
2025-10-01 03:45:19,402 - root - INFO - validate roc_auc, 0.6680
2025-10-01 03:45:19,402 - root - INFO - new node validate loss: 0.6524
2025-10-01 03:45:19,402 - root - INFO - new node validate average_precision, 0.6398
2025-10-01 03:45:19,402 - root - INFO - new node validate roc_auc, 0.6605
2025-10-01 03:45:32,320 - root - INFO - test loss: 0.6609
2025-10-01 03:45:32,320 - root - INFO - test average_precision, 0.6429
2025-10-01 03:45:32,320 - root - INFO - best test average_precision: 0.6429
2025-10-01 03:45:32,320 - root - INFO - test roc_auc, 0.6417
2025-10-01 03:45:32,321 - root - INFO - new node test loss: 0.6688
2025-10-01 03:45:32,321 - root - INFO - new node test average_precision, 0.6157
2025-10-01 03:45:32,321 - root - INFO - new node test roc_auc, 0.6261
2025-10-01 03:45:32,321 - root - INFO - save model ./saved_models/TGAT/enron/TGAT_seed1/TGAT_seed1.pkl
2025-10-01 03:46:39,086 - root - INFO - Epoch: 4, learning rate: 0.0001, train loss: 0.5666
2025-10-01 03:46:39,086 - root - INFO - train average_precision, 0.7304
2025-10-01 03:46:39,086 - root - INFO - train roc_auc, 0.7522
2025-10-01 03:46:39,086 - root - INFO - validate loss: 0.6481
2025-10-01 03:46:39,086 - root - INFO - validate average_precision, 0.6489
2025-10-01 03:46:39,086 - root - INFO - validate roc_auc, 0.6621
2025-10-01 03:46:39,086 - root - INFO - new node validate loss: 0.6593
2025-10-01 03:46:39,086 - root - INFO - new node validate average_precision, 0.6296
2025-10-01 03:46:39,087 - root - INFO - new node validate roc_auc, 0.6470
2025-10-01 03:46:51,984 - root - INFO - test loss: 0.6596
2025-10-01 03:46:51,984 - root - INFO - test average_precision, 0.6518
2025-10-01 03:46:51,984 - root - INFO - best test average_precision: 0.6518
2025-10-01 03:46:51,984 - root - INFO - test roc_auc, 0.6445
2025-10-01 03:46:51,984 - root - INFO - new node test loss: 0.6630
2025-10-01 03:46:51,984 - root - INFO - new node test average_precision, 0.6382
2025-10-01 03:46:51,984 - root - INFO - new node test roc_auc, 0.6396
2025-10-01 03:47:58,655 - root - INFO - Epoch: 5, learning rate: 0.0001, train loss: 0.5633
2025-10-01 03:47:58,655 - root - INFO - train average_precision, 0.7353
2025-10-01 03:47:58,655 - root - INFO - train roc_auc, 0.7566
2025-10-01 03:47:58,655 - root - INFO - validate loss: 0.6516
2025-10-01 03:47:58,655 - root - INFO - validate average_precision, 0.6436
2025-10-01 03:47:58,655 - root - INFO - validate roc_auc, 0.6541
2025-10-01 03:47:58,655 - root - INFO - new node validate loss: 0.6649
2025-10-01 03:47:58,655 - root - INFO - new node validate average_precision, 0.6231
2025-10-01 03:47:58,655 - root - INFO - new node validate roc_auc, 0.6448
2025-10-01 03:48:11,586 - root - INFO - test loss: 0.6551
2025-10-01 03:48:11,586 - root - INFO - test average_precision, 0.6480
2025-10-01 03:48:11,586 - root - INFO - best test average_precision: 0.6518
2025-10-01 03:48:11,586 - root - INFO - test roc_auc, 0.6509
2025-10-01 03:48:11,586 - root - INFO - new node test loss: 0.6777
2025-10-01 03:48:11,586 - root - INFO - new node test average_precision, 0.6271
2025-10-01 03:48:11,586 - root - INFO - new node test roc_auc, 0.6220
2025-10-01 03:49:19,090 - root - INFO - Epoch: 6, learning rate: 0.0001, train loss: 0.5616
2025-10-01 03:49:19,091 - root - INFO - train average_precision, 0.7385
2025-10-01 03:49:19,091 - root - INFO - train roc_auc, 0.7600
2025-10-01 03:49:19,091 - root - INFO - validate loss: 0.6528
2025-10-01 03:49:19,091 - root - INFO - validate average_precision, 0.6377
2025-10-01 03:49:19,091 - root - INFO - validate roc_auc, 0.6605
2025-10-01 03:49:19,091 - root - INFO - new node validate loss: 0.6600
2025-10-01 03:49:19,091 - root - INFO - new node validate average_precision, 0.6238
2025-10-01 03:49:19,091 - root - INFO - new node validate roc_auc, 0.6533
2025-10-01 03:49:31,980 - root - INFO - test loss: 0.6524
2025-10-01 03:49:31,981 - root - INFO - test average_precision, 0.6474
2025-10-01 03:49:31,981 - root - INFO - best test average_precision: 0.6518
2025-10-01 03:49:31,981 - root - INFO - test roc_auc, 0.6597
2025-10-01 03:49:31,981 - root - INFO - new node test loss: 0.6743
2025-10-01 03:49:31,981 - root - INFO - new node test average_precision, 0.6228
2025-10-01 03:49:31,981 - root - INFO - new node test roc_auc, 0.6171
2025-10-01 03:50:39,070 - root - INFO - Epoch: 7, learning rate: 0.0001, train loss: 0.5643
2025-10-01 03:50:39,070 - root - INFO - train average_precision, 0.7339
2025-10-01 03:50:39,070 - root - INFO - train roc_auc, 0.7537
2025-10-01 03:50:39,070 - root - INFO - validate loss: 0.6508
2025-10-01 03:50:39,070 - root - INFO - validate average_precision, 0.6540
2025-10-01 03:50:39,070 - root - INFO - validate roc_auc, 0.6598
2025-10-01 03:50:39,070 - root - INFO - new node validate loss: 0.6607
2025-10-01 03:50:39,070 - root - INFO - new node validate average_precision, 0.6351
2025-10-01 03:50:39,070 - root - INFO - new node validate roc_auc, 0.6453
2025-10-01 03:50:52,001 - root - INFO - test loss: 0.6497
2025-10-01 03:50:52,001 - root - INFO - test average_precision, 0.6575
2025-10-01 03:50:52,001 - root - INFO - best test average_precision: 0.6575
2025-10-01 03:50:52,001 - root - INFO - test roc_auc, 0.6562
2025-10-01 03:50:52,001 - root - INFO - new node test loss: 0.6700
2025-10-01 03:50:52,001 - root - INFO - new node test average_precision, 0.6198
2025-10-01 03:50:52,001 - root - INFO - new node test roc_auc, 0.6168
2025-10-01 03:51:58,620 - root - INFO - Epoch: 8, learning rate: 0.0001, train loss: 0.5601
2025-10-01 03:51:58,621 - root - INFO - train average_precision, 0.7402
2025-10-01 03:51:58,621 - root - INFO - train roc_auc, 0.7584
2025-10-01 03:51:58,621 - root - INFO - validate loss: 0.6517
2025-10-01 03:51:58,621 - root - INFO - validate average_precision, 0.6545
2025-10-01 03:51:58,621 - root - INFO - validate roc_auc, 0.6688
2025-10-01 03:51:58,621 - root - INFO - new node validate loss: 0.6576
2025-10-01 03:51:58,621 - root - INFO - new node validate average_precision, 0.6331
2025-10-01 03:51:58,621 - root - INFO - new node validate roc_auc, 0.6525
2025-10-01 03:52:11,494 - root - INFO - test loss: 0.6448
2025-10-01 03:52:11,495 - root - INFO - test average_precision, 0.6609
2025-10-01 03:52:11,495 - root - INFO - best test average_precision: 0.6609
2025-10-01 03:52:11,495 - root - INFO - test roc_auc, 0.6631
2025-10-01 03:52:11,495 - root - INFO - new node test loss: 0.6779
2025-10-01 03:52:11,495 - root - INFO - new node test average_precision, 0.6215
2025-10-01 03:52:11,495 - root - INFO - new node test roc_auc, 0.6204
2025-10-01 03:53:17,860 - root - INFO - Epoch: 9, learning rate: 0.0001, train loss: 0.5638
2025-10-01 03:53:17,860 - root - INFO - train average_precision, 0.7331
2025-10-01 03:53:17,860 - root - INFO - train roc_auc, 0.7540
2025-10-01 03:53:17,860 - root - INFO - validate loss: 0.6550
2025-10-01 03:53:17,860 - root - INFO - validate average_precision, 0.6453
2025-10-01 03:53:17,860 - root - INFO - validate roc_auc, 0.6507
2025-10-01 03:53:17,861 - root - INFO - new node validate loss: 0.6577
2025-10-01 03:53:17,861 - root - INFO - new node validate average_precision, 0.6356
2025-10-01 03:53:17,861 - root - INFO - new node validate roc_auc, 0.6458
2025-10-01 03:53:30,753 - root - INFO - test loss: 0.6504
2025-10-01 03:53:30,753 - root - INFO - test average_precision, 0.6688
2025-10-01 03:53:30,753 - root - INFO - best test average_precision: 0.6688
2025-10-01 03:53:30,753 - root - INFO - test roc_auc, 0.6684
2025-10-01 03:53:30,753 - root - INFO - new node test loss: 0.6561
2025-10-01 03:53:30,753 - root - INFO - new node test average_precision, 0.6521
2025-10-01 03:53:30,753 - root - INFO - new node test roc_auc, 0.6568
2025-10-01 03:54:37,358 - root - INFO - Epoch: 10, learning rate: 0.0001, train loss: 0.5632
2025-10-01 03:54:37,358 - root - INFO - train average_precision, 0.7365
2025-10-01 03:54:37,358 - root - INFO - train roc_auc, 0.7549
2025-10-01 03:54:37,358 - root - INFO - validate loss: 0.6809
2025-10-01 03:54:37,358 - root - INFO - validate average_precision, 0.6144
2025-10-01 03:54:37,358 - root - INFO - validate roc_auc, 0.6182
2025-10-01 03:54:37,358 - root - INFO - new node validate loss: 0.6848
2025-10-01 03:54:37,358 - root - INFO - new node validate average_precision, 0.6036
2025-10-01 03:54:37,358 - root - INFO - new node validate roc_auc, 0.6133
2025-10-01 03:54:50,272 - root - INFO - test loss: 0.6614
2025-10-01 03:54:50,273 - root - INFO - test average_precision, 0.6463
2025-10-01 03:54:50,273 - root - INFO - best test average_precision: 0.6688
2025-10-01 03:54:50,273 - root - INFO - test roc_auc, 0.6405
2025-10-01 03:54:50,273 - root - INFO - new node test loss: 0.6728
2025-10-01 03:54:50,273 - root - INFO - new node test average_precision, 0.6091
2025-10-01 03:54:50,273 - root - INFO - new node test roc_auc, 0.6033
2025-10-01 03:55:56,804 - root - INFO - Epoch: 11, learning rate: 0.0001, train loss: 0.5559
2025-10-01 03:55:56,805 - root - INFO - train average_precision, 0.7459
2025-10-01 03:55:56,805 - root - INFO - train roc_auc, 0.7637
2025-10-01 03:55:56,805 - root - INFO - validate loss: 0.6471
2025-10-01 03:55:56,805 - root - INFO - validate average_precision, 0.6637
2025-10-01 03:55:56,805 - root - INFO - validate roc_auc, 0.6683
2025-10-01 03:55:56,805 - root - INFO - new node validate loss: 0.6657
2025-10-01 03:55:56,805 - root - INFO - new node validate average_precision, 0.6382
2025-10-01 03:55:56,805 - root - INFO - new node validate roc_auc, 0.6553
2025-10-01 03:56:09,668 - root - INFO - test loss: 0.6555
2025-10-01 03:56:09,668 - root - INFO - test average_precision, 0.6504
2025-10-01 03:56:09,668 - root - INFO - best test average_precision: 0.6688
2025-10-01 03:56:09,668 - root - INFO - test roc_auc, 0.6518
2025-10-01 03:56:09,668 - root - INFO - new node test loss: 0.6724
2025-10-01 03:56:09,668 - root - INFO - new node test average_precision, 0.6302
2025-10-01 03:56:09,668 - root - INFO - new node test roc_auc, 0.6278
2025-10-01 03:56:09,668 - root - INFO - save model ./saved_models/TGAT/enron/TGAT_seed1/TGAT_seed1.pkl
2025-10-01 03:57:16,114 - root - INFO - Epoch: 12, learning rate: 0.0001, train loss: 0.5519
2025-10-01 03:57:16,114 - root - INFO - train average_precision, 0.7547
2025-10-01 03:57:16,114 - root - INFO - train roc_auc, 0.7684
2025-10-01 03:57:16,114 - root - INFO - validate loss: 0.6505
2025-10-01 03:57:16,114 - root - INFO - validate average_precision, 0.6567
2025-10-01 03:57:16,114 - root - INFO - validate roc_auc, 0.6647
2025-10-01 03:57:16,114 - root - INFO - new node validate loss: 0.6667
2025-10-01 03:57:16,114 - root - INFO - new node validate average_precision, 0.6361
2025-10-01 03:57:16,114 - root - INFO - new node validate roc_auc, 0.6547
2025-10-01 03:57:29,039 - root - INFO - test loss: 0.6543
2025-10-01 03:57:29,040 - root - INFO - test average_precision, 0.6665
2025-10-01 03:57:29,040 - root - INFO - best test average_precision: 0.6688
2025-10-01 03:57:29,040 - root - INFO - test roc_auc, 0.6650
2025-10-01 03:57:29,040 - root - INFO - new node test loss: 0.6849
2025-10-01 03:57:29,040 - root - INFO - new node test average_precision, 0.6205
2025-10-01 03:57:29,040 - root - INFO - new node test roc_auc, 0.6137
2025-10-01 03:58:36,218 - root - INFO - Epoch: 13, learning rate: 0.0001, train loss: 0.5497
2025-10-01 03:58:36,218 - root - INFO - train average_precision, 0.7565
2025-10-01 03:58:36,219 - root - INFO - train roc_auc, 0.7698
2025-10-01 03:58:36,219 - root - INFO - validate loss: 0.6394
2025-10-01 03:58:36,219 - root - INFO - validate average_precision, 0.6773
2025-10-01 03:58:36,219 - root - INFO - validate roc_auc, 0.6728
2025-10-01 03:58:36,219 - root - INFO - new node validate loss: 0.6635
2025-10-01 03:58:36,219 - root - INFO - new node validate average_precision, 0.6331
2025-10-01 03:58:36,219 - root - INFO - new node validate roc_auc, 0.6331
2025-10-01 03:58:49,136 - root - INFO - test loss: 0.6535
2025-10-01 03:58:49,137 - root - INFO - test average_precision, 0.6572
2025-10-01 03:58:49,137 - root - INFO - best test average_precision: 0.6688
2025-10-01 03:58:49,137 - root - INFO - test roc_auc, 0.6460
2025-10-01 03:58:49,137 - root - INFO - new node test loss: 0.6727
2025-10-01 03:58:49,137 - root - INFO - new node test average_precision, 0.6171
2025-10-01 03:58:49,137 - root - INFO - new node test roc_auc, 0.6180
2025-10-01 03:58:49,137 - root - INFO - save model ./saved_models/TGAT/enron/TGAT_seed1/TGAT_seed1.pkl
2025-10-01 03:59:55,649 - root - INFO - Epoch: 14, learning rate: 0.0001, train loss: 0.5481
2025-10-01 03:59:55,649 - root - INFO - train average_precision, 0.7616
2025-10-01 03:59:55,649 - root - INFO - train roc_auc, 0.7734
2025-10-01 03:59:55,649 - root - INFO - validate loss: 0.6370
2025-10-01 03:59:55,649 - root - INFO - validate average_precision, 0.6784
2025-10-01 03:59:55,649 - root - INFO - validate roc_auc, 0.6771
2025-10-01 03:59:55,649 - root - INFO - new node validate loss: 0.6474
2025-10-01 03:59:55,650 - root - INFO - new node validate average_precision, 0.6552
2025-10-01 03:59:55,650 - root - INFO - new node validate roc_auc, 0.6758
2025-10-01 04:00:08,589 - root - INFO - test loss: 0.6457
2025-10-01 04:00:08,589 - root - INFO - test average_precision, 0.6734
2025-10-01 04:00:08,589 - root - INFO - best test average_precision: 0.6734
2025-10-01 04:00:08,589 - root - INFO - test roc_auc, 0.6685
2025-10-01 04:00:08,589 - root - INFO - new node test loss: 0.6613
2025-10-01 04:00:08,589 - root - INFO - new node test average_precision, 0.6387
2025-10-01 04:00:08,590 - root - INFO - new node test roc_auc, 0.6421
2025-10-01 04:00:08,590 - root - INFO - save model ./saved_models/TGAT/enron/TGAT_seed1/TGAT_seed1.pkl
2025-10-01 04:01:15,338 - root - INFO - Epoch: 15, learning rate: 0.0001, train loss: 0.5504
2025-10-01 04:01:15,338 - root - INFO - train average_precision, 0.7580
2025-10-01 04:01:15,338 - root - INFO - train roc_auc, 0.7699
2025-10-01 04:01:15,338 - root - INFO - validate loss: 0.6480
2025-10-01 04:01:15,338 - root - INFO - validate average_precision, 0.6619
2025-10-01 04:01:15,338 - root - INFO - validate roc_auc, 0.6601
2025-10-01 04:01:15,338 - root - INFO - new node validate loss: 0.6643
2025-10-01 04:01:15,338 - root - INFO - new node validate average_precision, 0.6375
2025-10-01 04:01:15,338 - root - INFO - new node validate roc_auc, 0.6445
2025-10-01 04:01:28,260 - root - INFO - test loss: 0.6454
2025-10-01 04:01:28,260 - root - INFO - test average_precision, 0.6657
2025-10-01 04:01:28,260 - root - INFO - best test average_precision: 0.6734
2025-10-01 04:01:28,260 - root - INFO - test roc_auc, 0.6654
2025-10-01 04:01:28,260 - root - INFO - new node test loss: 0.6633
2025-10-01 04:01:28,260 - root - INFO - new node test average_precision, 0.6260
2025-10-01 04:01:28,260 - root - INFO - new node test roc_auc, 0.6352
2025-10-01 04:02:34,719 - root - INFO - Epoch: 16, learning rate: 0.0001, train loss: 0.5479
2025-10-01 04:02:34,720 - root - INFO - train average_precision, 0.7622
2025-10-01 04:02:34,720 - root - INFO - train roc_auc, 0.7725
2025-10-01 04:02:34,720 - root - INFO - validate loss: 0.6480
2025-10-01 04:02:34,720 - root - INFO - validate average_precision, 0.6674
2025-10-01 04:02:34,720 - root - INFO - validate roc_auc, 0.6641
2025-10-01 04:02:34,720 - root - INFO - new node validate loss: 0.6587
2025-10-01 04:02:34,721 - root - INFO - new node validate average_precision, 0.6358
2025-10-01 04:02:34,721 - root - INFO - new node validate roc_auc, 0.6457
2025-10-01 04:02:47,635 - root - INFO - test loss: 0.6521
2025-10-01 04:02:47,635 - root - INFO - test average_precision, 0.6619
2025-10-01 04:02:47,636 - root - INFO - best test average_precision: 0.6734
2025-10-01 04:02:47,636 - root - INFO - test roc_auc, 0.6530
2025-10-01 04:02:47,636 - root - INFO - new node test loss: 0.6873
2025-10-01 04:02:47,636 - root - INFO - new node test average_precision, 0.6069
2025-10-01 04:02:47,636 - root - INFO - new node test roc_auc, 0.5988
2025-10-01 04:03:54,416 - root - INFO - Epoch: 17, learning rate: 0.0001, train loss: 0.5451
2025-10-01 04:03:54,417 - root - INFO - train average_precision, 0.7664
2025-10-01 04:03:54,417 - root - INFO - train roc_auc, 0.7777
2025-10-01 04:03:54,417 - root - INFO - validate loss: 0.6417
2025-10-01 04:03:54,417 - root - INFO - validate average_precision, 0.6652
2025-10-01 04:03:54,417 - root - INFO - validate roc_auc, 0.6666
2025-10-01 04:03:54,417 - root - INFO - new node validate loss: 0.6640
2025-10-01 04:03:54,417 - root - INFO - new node validate average_precision, 0.6281
2025-10-01 04:03:54,418 - root - INFO - new node validate roc_auc, 0.6381
2025-10-01 04:04:07,320 - root - INFO - test loss: 0.6321
2025-10-01 04:04:07,320 - root - INFO - test average_precision, 0.6904
2025-10-01 04:04:07,320 - root - INFO - best test average_precision: 0.6904
2025-10-01 04:04:07,320 - root - INFO - test roc_auc, 0.6859
2025-10-01 04:04:07,320 - root - INFO - new node test loss: 0.6379
2025-10-01 04:04:07,321 - root - INFO - new node test average_precision, 0.6762
2025-10-01 04:04:07,321 - root - INFO - new node test roc_auc, 0.6835
2025-10-01 04:05:13,968 - root - INFO - Epoch: 18, learning rate: 0.0001, train loss: 0.5457
2025-10-01 04:05:13,968 - root - INFO - train average_precision, 0.7630
2025-10-01 04:05:13,968 - root - INFO - train roc_auc, 0.7737
2025-10-01 04:05:13,968 - root - INFO - validate loss: 0.6454
2025-10-01 04:05:13,968 - root - INFO - validate average_precision, 0.6618
2025-10-01 04:05:13,968 - root - INFO - validate roc_auc, 0.6664
2025-10-01 04:05:13,968 - root - INFO - new node validate loss: 0.6537
2025-10-01 04:05:13,968 - root - INFO - new node validate average_precision, 0.6391
2025-10-01 04:05:13,968 - root - INFO - new node validate roc_auc, 0.6598
2025-10-01 04:05:26,923 - root - INFO - test loss: 0.6488
2025-10-01 04:05:26,923 - root - INFO - test average_precision, 0.6623
2025-10-01 04:05:26,924 - root - INFO - best test average_precision: 0.6904
2025-10-01 04:05:26,924 - root - INFO - test roc_auc, 0.6518
2025-10-01 04:05:26,924 - root - INFO - new node test loss: 0.6779
2025-10-01 04:05:26,924 - root - INFO - new node test average_precision, 0.6188
2025-10-01 04:05:26,924 - root - INFO - new node test roc_auc, 0.6038
2025-10-01 04:06:33,419 - root - INFO - Epoch: 19, learning rate: 0.0001, train loss: 0.5427
2025-10-01 04:06:33,420 - root - INFO - train average_precision, 0.7664
2025-10-01 04:06:33,420 - root - INFO - train roc_auc, 0.7771
2025-10-01 04:06:33,420 - root - INFO - validate loss: 0.6508
2025-10-01 04:06:33,420 - root - INFO - validate average_precision, 0.6642
2025-10-01 04:06:33,420 - root - INFO - validate roc_auc, 0.6518
2025-10-01 04:06:33,420 - root - INFO - new node validate loss: 0.6657
2025-10-01 04:06:33,420 - root - INFO - new node validate average_precision, 0.6242
2025-10-01 04:06:33,420 - root - INFO - new node validate roc_auc, 0.6272
2025-10-01 04:06:46,330 - root - INFO - test loss: 0.6459
2025-10-01 04:06:46,330 - root - INFO - test average_precision, 0.6716
2025-10-01 04:06:46,330 - root - INFO - best test average_precision: 0.6904
2025-10-01 04:06:46,330 - root - INFO - test roc_auc, 0.6645
2025-10-01 04:06:46,330 - root - INFO - new node test loss: 0.6656
2025-10-01 04:06:46,330 - root - INFO - new node test average_precision, 0.6263
2025-10-01 04:06:46,330 - root - INFO - new node test roc_auc, 0.6295
2025-10-01 04:07:53,109 - root - INFO - Epoch: 20, learning rate: 0.0001, train loss: 0.5414
2025-10-01 04:07:53,110 - root - INFO - train average_precision, 0.7705
2025-10-01 04:07:53,110 - root - INFO - train roc_auc, 0.7801
2025-10-01 04:07:53,110 - root - INFO - validate loss: 0.6378
2025-10-01 04:07:53,110 - root - INFO - validate average_precision, 0.6772
2025-10-01 04:07:53,110 - root - INFO - validate roc_auc, 0.6834
2025-10-01 04:07:53,110 - root - INFO - new node validate loss: 0.6636
2025-10-01 04:07:53,110 - root - INFO - new node validate average_precision, 0.6321
2025-10-01 04:07:53,110 - root - INFO - new node validate roc_auc, 0.6538
2025-10-01 04:08:06,006 - root - INFO - test loss: 0.6465
2025-10-01 04:08:06,006 - root - INFO - test average_precision, 0.6679
2025-10-01 04:08:06,006 - root - INFO - best test average_precision: 0.6904
2025-10-01 04:08:06,007 - root - INFO - test roc_auc, 0.6638
2025-10-01 04:08:06,007 - root - INFO - new node test loss: 0.6808
2025-10-01 04:08:06,007 - root - INFO - new node test average_precision, 0.6356
2025-10-01 04:08:06,007 - root - INFO - new node test roc_auc, 0.6270
2025-10-01 04:09:12,467 - root - INFO - Epoch: 21, learning rate: 0.0001, train loss: 0.5409
2025-10-01 04:09:12,468 - root - INFO - train average_precision, 0.7709
2025-10-01 04:09:12,468 - root - INFO - train roc_auc, 0.7806
2025-10-01 04:09:12,468 - root - INFO - validate loss: 0.6394
2025-10-01 04:09:12,469 - root - INFO - validate average_precision, 0.6786
2025-10-01 04:09:12,469 - root - INFO - validate roc_auc, 0.6718
2025-10-01 04:09:12,469 - root - INFO - new node validate loss: 0.6625
2025-10-01 04:09:12,469 - root - INFO - new node validate average_precision, 0.6392
2025-10-01 04:09:12,469 - root - INFO - new node validate roc_auc, 0.6449
2025-10-01 04:09:25,362 - root - INFO - test loss: 0.6341
2025-10-01 04:09:25,363 - root - INFO - test average_precision, 0.6915
2025-10-01 04:09:25,363 - root - INFO - best test average_precision: 0.6915
2025-10-01 04:09:25,363 - root - INFO - test roc_auc, 0.6827
2025-10-01 04:09:25,363 - root - INFO - new node test loss: 0.6597
2025-10-01 04:09:25,363 - root - INFO - new node test average_precision, 0.6350
2025-10-01 04:09:25,363 - root - INFO - new node test roc_auc, 0.6433
2025-10-01 04:10:31,890 - root - INFO - Epoch: 22, learning rate: 0.0001, train loss: 0.5348
2025-10-01 04:10:31,890 - root - INFO - train average_precision, 0.7795
2025-10-01 04:10:31,890 - root - INFO - train roc_auc, 0.7886
2025-10-01 04:10:31,890 - root - INFO - validate loss: 0.6037
2025-10-01 04:10:31,891 - root - INFO - validate average_precision, 0.7209
2025-10-01 04:10:31,891 - root - INFO - validate roc_auc, 0.7307
2025-10-01 04:10:31,891 - root - INFO - new node validate loss: 0.6307
2025-10-01 04:10:31,891 - root - INFO - new node validate average_precision, 0.6772
2025-10-01 04:10:31,891 - root - INFO - new node validate roc_auc, 0.6996
2025-10-01 04:10:44,805 - root - INFO - test loss: 0.6252
2025-10-01 04:10:44,805 - root - INFO - test average_precision, 0.7069
2025-10-01 04:10:44,805 - root - INFO - best test average_precision: 0.7069
2025-10-01 04:10:44,805 - root - INFO - test roc_auc, 0.7047
2025-10-01 04:10:44,805 - root - INFO - new node test loss: 0.6795
2025-10-01 04:10:44,805 - root - INFO - new node test average_precision, 0.6527
2025-10-01 04:10:44,805 - root - INFO - new node test roc_auc, 0.6433
2025-10-01 04:10:44,805 - root - INFO - save model ./saved_models/TGAT/enron/TGAT_seed1/TGAT_seed1.pkl
2025-10-01 04:11:51,869 - root - INFO - Epoch: 23, learning rate: 0.0001, train loss: 0.5340
2025-10-01 04:11:51,869 - root - INFO - train average_precision, 0.7823
2025-10-01 04:11:51,869 - root - INFO - train roc_auc, 0.7895
2025-10-01 04:11:51,869 - root - INFO - validate loss: 0.6490
2025-10-01 04:11:51,869 - root - INFO - validate average_precision, 0.6825
2025-10-01 04:11:51,869 - root - INFO - validate roc_auc, 0.6747
2025-10-01 04:11:51,869 - root - INFO - new node validate loss: 0.6542
2025-10-01 04:11:51,869 - root - INFO - new node validate average_precision, 0.6543
2025-10-01 04:11:51,869 - root - INFO - new node validate roc_auc, 0.6569
2025-10-01 04:12:04,771 - root - INFO - test loss: 0.6455
2025-10-01 04:12:04,771 - root - INFO - test average_precision, 0.6812
2025-10-01 04:12:04,771 - root - INFO - best test average_precision: 0.7069
2025-10-01 04:12:04,771 - root - INFO - test roc_auc, 0.6709
2025-10-01 04:12:04,771 - root - INFO - new node test loss: 0.6653
2025-10-01 04:12:04,771 - root - INFO - new node test average_precision, 0.6474
2025-10-01 04:12:04,771 - root - INFO - new node test roc_auc, 0.6424
2025-10-01 04:13:11,617 - root - INFO - Epoch: 24, learning rate: 0.0001, train loss: 0.5302
2025-10-01 04:13:11,617 - root - INFO - train average_precision, 0.7864
2025-10-01 04:13:11,617 - root - INFO - train roc_auc, 0.7933
2025-10-01 04:13:11,617 - root - INFO - validate loss: 0.6262
2025-10-01 04:13:11,617 - root - INFO - validate average_precision, 0.7061
2025-10-01 04:13:11,618 - root - INFO - validate roc_auc, 0.7087
2025-10-01 04:13:11,618 - root - INFO - new node validate loss: 0.6548
2025-10-01 04:13:11,618 - root - INFO - new node validate average_precision, 0.6804
2025-10-01 04:13:11,618 - root - INFO - new node validate roc_auc, 0.6905
2025-10-01 04:13:24,505 - root - INFO - test loss: 0.6200
2025-10-01 04:13:24,506 - root - INFO - test average_precision, 0.7093
2025-10-01 04:13:24,506 - root - INFO - best test average_precision: 0.7093
2025-10-01 04:13:24,506 - root - INFO - test roc_auc, 0.7050
2025-10-01 04:13:24,506 - root - INFO - new node test loss: 0.6588
2025-10-01 04:13:24,506 - root - INFO - new node test average_precision, 0.6753
2025-10-01 04:13:24,506 - root - INFO - new node test roc_auc, 0.6627
2025-10-01 04:14:31,975 - root - INFO - Epoch: 25, learning rate: 0.0001, train loss: 0.5285
2025-10-01 04:14:31,976 - root - INFO - train average_precision, 0.7897
2025-10-01 04:14:31,976 - root - INFO - train roc_auc, 0.7956
2025-10-01 04:14:31,976 - root - INFO - validate loss: 0.6221
2025-10-01 04:14:31,976 - root - INFO - validate average_precision, 0.7072
2025-10-01 04:14:31,976 - root - INFO - validate roc_auc, 0.6991
2025-10-01 04:14:31,976 - root - INFO - new node validate loss: 0.6277
2025-10-01 04:14:31,977 - root - INFO - new node validate average_precision, 0.7005
2025-10-01 04:14:31,977 - root - INFO - new node validate roc_auc, 0.7023
2025-10-01 04:14:44,867 - root - INFO - test loss: 0.6325
2025-10-01 04:14:44,867 - root - INFO - test average_precision, 0.6915
2025-10-01 04:14:44,867 - root - INFO - best test average_precision: 0.7093
2025-10-01 04:14:44,868 - root - INFO - test roc_auc, 0.6803
2025-10-01 04:14:44,868 - root - INFO - new node test loss: 0.6698
2025-10-01 04:14:44,868 - root - INFO - new node test average_precision, 0.6520
2025-10-01 04:14:44,868 - root - INFO - new node test roc_auc, 0.6477
2025-10-01 04:15:52,341 - root - INFO - Epoch: 26, learning rate: 0.0001, train loss: 0.5276
2025-10-01 04:15:52,341 - root - INFO - train average_precision, 0.7903
2025-10-01 04:15:52,341 - root - INFO - train roc_auc, 0.7965
2025-10-01 04:15:52,342 - root - INFO - validate loss: 0.6216
2025-10-01 04:15:52,342 - root - INFO - validate average_precision, 0.7044
2025-10-01 04:15:52,342 - root - INFO - validate roc_auc, 0.7095
2025-10-01 04:15:52,342 - root - INFO - new node validate loss: 0.6414
2025-10-01 04:15:52,342 - root - INFO - new node validate average_precision, 0.6731
2025-10-01 04:15:52,342 - root - INFO - new node validate roc_auc, 0.6893
2025-10-01 04:16:05,236 - root - INFO - test loss: 0.6268
2025-10-01 04:16:05,236 - root - INFO - test average_precision, 0.7063
2025-10-01 04:16:05,236 - root - INFO - best test average_precision: 0.7093
2025-10-01 04:16:05,236 - root - INFO - test roc_auc, 0.6953
2025-10-01 04:16:05,236 - root - INFO - new node test loss: 0.6556
2025-10-01 04:16:05,236 - root - INFO - new node test average_precision, 0.6707
2025-10-01 04:16:05,237 - root - INFO - new node test roc_auc, 0.6659
2025-10-01 04:17:12,280 - root - INFO - Epoch: 27, learning rate: 0.0001, train loss: 0.5260
2025-10-01 04:17:12,281 - root - INFO - train average_precision, 0.7922
2025-10-01 04:17:12,281 - root - INFO - train roc_auc, 0.7974
2025-10-01 04:17:12,281 - root - INFO - validate loss: 0.6257
2025-10-01 04:17:12,281 - root - INFO - validate average_precision, 0.7064
2025-10-01 04:17:12,281 - root - INFO - validate roc_auc, 0.7083
2025-10-01 04:17:12,281 - root - INFO - new node validate loss: 0.6506
2025-10-01 04:17:12,281 - root - INFO - new node validate average_precision, 0.6738
2025-10-01 04:17:12,281 - root - INFO - new node validate roc_auc, 0.6819
2025-10-01 04:17:25,184 - root - INFO - test loss: 0.6254
2025-10-01 04:17:25,184 - root - INFO - test average_precision, 0.7039
2025-10-01 04:17:25,184 - root - INFO - best test average_precision: 0.7093
2025-10-01 04:17:25,184 - root - INFO - test roc_auc, 0.6974
2025-10-01 04:17:25,184 - root - INFO - new node test loss: 0.6548
2025-10-01 04:17:25,184 - root - INFO - new node test average_precision, 0.6787
2025-10-01 04:17:25,184 - root - INFO - new node test roc_auc, 0.6730
2025-10-01 04:18:31,658 - root - INFO - Epoch: 28, learning rate: 0.0001, train loss: 0.5249
2025-10-01 04:18:31,659 - root - INFO - train average_precision, 0.7920
2025-10-01 04:18:31,659 - root - INFO - train roc_auc, 0.7978
2025-10-01 04:18:31,659 - root - INFO - validate loss: 0.6386
2025-10-01 04:18:31,659 - root - INFO - validate average_precision, 0.6901
2025-10-01 04:18:31,659 - root - INFO - validate roc_auc, 0.6881
2025-10-01 04:18:31,659 - root - INFO - new node validate loss: 0.6595
2025-10-01 04:18:31,659 - root - INFO - new node validate average_precision, 0.6584
2025-10-01 04:18:31,659 - root - INFO - new node validate roc_auc, 0.6617
2025-10-01 04:18:44,556 - root - INFO - test loss: 0.6348
2025-10-01 04:18:44,556 - root - INFO - test average_precision, 0.6936
2025-10-01 04:18:44,556 - root - INFO - best test average_precision: 0.7093
2025-10-01 04:18:44,557 - root - INFO - test roc_auc, 0.6844
2025-10-01 04:18:44,557 - root - INFO - new node test loss: 0.6664
2025-10-01 04:18:44,557 - root - INFO - new node test average_precision, 0.6514
2025-10-01 04:18:44,557 - root - INFO - new node test roc_auc, 0.6431
2025-10-01 04:19:51,400 - root - INFO - Epoch: 29, learning rate: 0.0001, train loss: 0.5248
2025-10-01 04:19:51,400 - root - INFO - train average_precision, 0.7911
2025-10-01 04:19:51,400 - root - INFO - train roc_auc, 0.7975
2025-10-01 04:19:51,400 - root - INFO - validate loss: 0.6093
2025-10-01 04:19:51,400 - root - INFO - validate average_precision, 0.7226
2025-10-01 04:19:51,401 - root - INFO - validate roc_auc, 0.7238
2025-10-01 04:19:51,401 - root - INFO - new node validate loss: 0.6279
2025-10-01 04:19:51,401 - root - INFO - new node validate average_precision, 0.6869
2025-10-01 04:19:51,401 - root - INFO - new node validate roc_auc, 0.7075
2025-10-01 04:20:04,282 - root - INFO - test loss: 0.6175
2025-10-01 04:20:04,282 - root - INFO - test average_precision, 0.7089
2025-10-01 04:20:04,282 - root - INFO - best test average_precision: 0.7093
2025-10-01 04:20:04,282 - root - INFO - test roc_auc, 0.7120
2025-10-01 04:20:04,282 - root - INFO - new node test loss: 0.6331
2025-10-01 04:20:04,282 - root - INFO - new node test average_precision, 0.6967
2025-10-01 04:20:04,282 - root - INFO - new node test roc_auc, 0.7029
2025-10-01 04:21:11,508 - root - INFO - Epoch: 30, learning rate: 0.0001, train loss: 0.5254
2025-10-01 04:21:11,509 - root - INFO - train average_precision, 0.7906
2025-10-01 04:21:11,509 - root - INFO - train roc_auc, 0.7962
2025-10-01 04:21:11,509 - root - INFO - validate loss: 0.6160
2025-10-01 04:21:11,509 - root - INFO - validate average_precision, 0.7153
2025-10-01 04:21:11,509 - root - INFO - validate roc_auc, 0.7173
2025-10-01 04:21:11,509 - root - INFO - new node validate loss: 0.6326
2025-10-01 04:21:11,510 - root - INFO - new node validate average_precision, 0.6808
2025-10-01 04:21:11,510 - root - INFO - new node validate roc_auc, 0.7034
2025-10-01 04:21:24,426 - root - INFO - test loss: 0.6360
2025-10-01 04:21:24,426 - root - INFO - test average_precision, 0.6911
2025-10-01 04:21:24,426 - root - INFO - best test average_precision: 0.7093
2025-10-01 04:21:24,426 - root - INFO - test roc_auc, 0.6870
2025-10-01 04:21:24,426 - root - INFO - new node test loss: 0.6595
2025-10-01 04:21:24,426 - root - INFO - new node test average_precision, 0.6479
2025-10-01 04:21:24,426 - root - INFO - new node test roc_auc, 0.6480
2025-10-01 04:22:30,810 - root - INFO - Epoch: 31, learning rate: 0.0001, train loss: 0.5261
2025-10-01 04:22:30,810 - root - INFO - train average_precision, 0.7892
2025-10-01 04:22:30,811 - root - INFO - train roc_auc, 0.7970
2025-10-01 04:22:30,811 - root - INFO - validate loss: 0.6276
2025-10-01 04:22:30,811 - root - INFO - validate average_precision, 0.7120
2025-10-01 04:22:30,811 - root - INFO - validate roc_auc, 0.7055
2025-10-01 04:22:30,811 - root - INFO - new node validate loss: 0.6493
2025-10-01 04:22:30,811 - root - INFO - new node validate average_precision, 0.6656
2025-10-01 04:22:30,811 - root - INFO - new node validate roc_auc, 0.6794
2025-10-01 04:22:43,680 - root - INFO - test loss: 0.6265
2025-10-01 04:22:43,680 - root - INFO - test average_precision, 0.7043
2025-10-01 04:22:43,680 - root - INFO - best test average_precision: 0.7093
2025-10-01 04:22:43,680 - root - INFO - test roc_auc, 0.6971
2025-10-01 04:22:43,680 - root - INFO - new node test loss: 0.6743
2025-10-01 04:22:43,680 - root - INFO - new node test average_precision, 0.6428
2025-10-01 04:22:43,680 - root - INFO - new node test roc_auc, 0.6411
2025-10-01 04:23:50,178 - root - INFO - Epoch: 32, learning rate: 0.0001, train loss: 0.5253
2025-10-01 04:23:50,179 - root - INFO - train average_precision, 0.7925
2025-10-01 04:23:50,179 - root - INFO - train roc_auc, 0.7988
2025-10-01 04:23:50,179 - root - INFO - validate loss: 0.6328
2025-10-01 04:23:50,179 - root - INFO - validate average_precision, 0.6945
2025-10-01 04:23:50,179 - root - INFO - validate roc_auc, 0.6874
2025-10-01 04:23:50,179 - root - INFO - new node validate loss: 0.6474
2025-10-01 04:23:50,179 - root - INFO - new node validate average_precision, 0.6682
2025-10-01 04:23:50,179 - root - INFO - new node validate roc_auc, 0.6810
2025-10-01 04:24:03,056 - root - INFO - test loss: 0.6277
2025-10-01 04:24:03,056 - root - INFO - test average_precision, 0.7099
2025-10-01 04:24:03,056 - root - INFO - best test average_precision: 0.7099
2025-10-01 04:24:03,056 - root - INFO - test roc_auc, 0.7003
2025-10-01 04:24:03,056 - root - INFO - new node test loss: 0.6614
2025-10-01 04:24:03,056 - root - INFO - new node test average_precision, 0.6629
2025-10-01 04:24:03,056 - root - INFO - new node test roc_auc, 0.6557
2025-10-01 04:25:09,866 - root - INFO - Epoch: 33, learning rate: 0.0001, train loss: 0.5227
2025-10-01 04:25:09,866 - root - INFO - train average_precision, 0.7951
2025-10-01 04:25:09,866 - root - INFO - train roc_auc, 0.8007
2025-10-01 04:25:09,866 - root - INFO - validate loss: 0.6152
2025-10-01 04:25:09,866 - root - INFO - validate average_precision, 0.7163
2025-10-01 04:25:09,866 - root - INFO - validate roc_auc, 0.7141
2025-10-01 04:25:09,866 - root - INFO - new node validate loss: 0.6288
2025-10-01 04:25:09,866 - root - INFO - new node validate average_precision, 0.6865
2025-10-01 04:25:09,866 - root - INFO - new node validate roc_auc, 0.7062
2025-10-01 04:25:22,782 - root - INFO - test loss: 0.6152
2025-10-01 04:25:22,782 - root - INFO - test average_precision, 0.7181
2025-10-01 04:25:22,782 - root - INFO - best test average_precision: 0.7181
2025-10-01 04:25:22,782 - root - INFO - test roc_auc, 0.7162
2025-10-01 04:25:22,782 - root - INFO - new node test loss: 0.6624
2025-10-01 04:25:22,782 - root - INFO - new node test average_precision, 0.6549
2025-10-01 04:25:22,782 - root - INFO - new node test roc_auc, 0.6530
2025-10-01 04:26:29,338 - root - INFO - Epoch: 34, learning rate: 0.0001, train loss: 0.5207
2025-10-01 04:26:29,339 - root - INFO - train average_precision, 0.7955
2025-10-01 04:26:29,339 - root - INFO - train roc_auc, 0.8014
2025-10-01 04:26:29,339 - root - INFO - validate loss: 0.6312
2025-10-01 04:26:29,339 - root - INFO - validate average_precision, 0.6993
2025-10-01 04:26:29,339 - root - INFO - validate roc_auc, 0.6953
2025-10-01 04:26:29,339 - root - INFO - new node validate loss: 0.6400
2025-10-01 04:26:29,339 - root - INFO - new node validate average_precision, 0.6840
2025-10-01 04:26:29,339 - root - INFO - new node validate roc_auc, 0.6922
2025-10-01 04:26:42,293 - root - INFO - test loss: 0.6297
2025-10-01 04:26:42,293 - root - INFO - test average_precision, 0.7091
2025-10-01 04:26:42,293 - root - INFO - best test average_precision: 0.7181
2025-10-01 04:26:42,293 - root - INFO - test roc_auc, 0.6991
2025-10-01 04:26:42,293 - root - INFO - new node test loss: 0.6543
2025-10-01 04:26:42,293 - root - INFO - new node test average_precision, 0.6640
2025-10-01 04:26:42,293 - root - INFO - new node test roc_auc, 0.6621
2025-10-01 04:27:48,769 - root - INFO - Epoch: 35, learning rate: 0.0001, train loss: 0.5243
2025-10-01 04:27:48,770 - root - INFO - train average_precision, 0.7916
2025-10-01 04:27:48,770 - root - INFO - train roc_auc, 0.7983
2025-10-01 04:27:48,770 - root - INFO - validate loss: 0.6301
2025-10-01 04:27:48,770 - root - INFO - validate average_precision, 0.6978
2025-10-01 04:27:48,770 - root - INFO - validate roc_auc, 0.6929
2025-10-01 04:27:48,770 - root - INFO - new node validate loss: 0.6523
2025-10-01 04:27:48,770 - root - INFO - new node validate average_precision, 0.6645
2025-10-01 04:27:48,770 - root - INFO - new node validate roc_auc, 0.6725
2025-10-01 04:28:01,710 - root - INFO - test loss: 0.6279
2025-10-01 04:28:01,710 - root - INFO - test average_precision, 0.7105
2025-10-01 04:28:01,710 - root - INFO - best test average_precision: 0.7181
2025-10-01 04:28:01,710 - root - INFO - test roc_auc, 0.6980
2025-10-01 04:28:01,710 - root - INFO - new node test loss: 0.6656
2025-10-01 04:28:01,710 - root - INFO - new node test average_precision, 0.6654
2025-10-01 04:28:01,710 - root - INFO - new node test roc_auc, 0.6561
2025-10-01 04:29:08,797 - root - INFO - Epoch: 36, learning rate: 0.0001, train loss: 0.5193
2025-10-01 04:29:08,798 - root - INFO - train average_precision, 0.7972
2025-10-01 04:29:08,798 - root - INFO - train roc_auc, 0.8038
2025-10-01 04:29:08,798 - root - INFO - validate loss: 0.6299
2025-10-01 04:29:08,798 - root - INFO - validate average_precision, 0.7086
2025-10-01 04:29:08,798 - root - INFO - validate roc_auc, 0.7037
2025-10-01 04:29:08,798 - root - INFO - new node validate loss: 0.6424
2025-10-01 04:29:08,798 - root - INFO - new node validate average_precision, 0.6808
2025-10-01 04:29:08,798 - root - INFO - new node validate roc_auc, 0.6885
2025-10-01 04:29:21,678 - root - INFO - test loss: 0.6249
2025-10-01 04:29:21,678 - root - INFO - test average_precision, 0.7087
2025-10-01 04:29:21,678 - root - INFO - best test average_precision: 0.7181
2025-10-01 04:29:21,678 - root - INFO - test roc_auc, 0.7047
2025-10-01 04:29:21,679 - root - INFO - new node test loss: 0.6601
2025-10-01 04:29:21,679 - root - INFO - new node test average_precision, 0.6666
2025-10-01 04:29:21,679 - root - INFO - new node test roc_auc, 0.6595
2025-10-01 04:30:29,336 - root - INFO - Epoch: 37, learning rate: 0.0001, train loss: 0.5241
2025-10-01 04:30:29,336 - root - INFO - train average_precision, 0.7933
2025-10-01 04:30:29,336 - root - INFO - train roc_auc, 0.7990
2025-10-01 04:30:29,337 - root - INFO - validate loss: 0.6200
2025-10-01 04:30:29,337 - root - INFO - validate average_precision, 0.7062
2025-10-01 04:30:29,337 - root - INFO - validate roc_auc, 0.7152
2025-10-01 04:30:29,337 - root - INFO - new node validate loss: 0.6445
2025-10-01 04:30:29,337 - root - INFO - new node validate average_precision, 0.6787
2025-10-01 04:30:29,337 - root - INFO - new node validate roc_auc, 0.7021
2025-10-01 04:30:42,255 - root - INFO - test loss: 0.6310
2025-10-01 04:30:42,256 - root - INFO - test average_precision, 0.7025
2025-10-01 04:30:42,256 - root - INFO - best test average_precision: 0.7181
2025-10-01 04:30:42,256 - root - INFO - test roc_auc, 0.6922
2025-10-01 04:30:42,256 - root - INFO - new node test loss: 0.6562
2025-10-01 04:30:42,256 - root - INFO - new node test average_precision, 0.6718
2025-10-01 04:30:42,256 - root - INFO - new node test roc_auc, 0.6683
2025-10-01 04:31:48,973 - root - INFO - Epoch: 38, learning rate: 0.0001, train loss: 0.5229
2025-10-01 04:31:48,974 - root - INFO - train average_precision, 0.7929
2025-10-01 04:31:48,974 - root - INFO - train roc_auc, 0.7990
2025-10-01 04:31:48,974 - root - INFO - validate loss: 0.6256
2025-10-01 04:31:48,974 - root - INFO - validate average_precision, 0.7068
2025-10-01 04:31:48,974 - root - INFO - validate roc_auc, 0.6984
2025-10-01 04:31:48,974 - root - INFO - new node validate loss: 0.6478
2025-10-01 04:31:48,974 - root - INFO - new node validate average_precision, 0.6713
2025-10-01 04:31:48,974 - root - INFO - new node validate roc_auc, 0.6830
2025-10-01 04:32:01,865 - root - INFO - test loss: 0.6266
2025-10-01 04:32:01,865 - root - INFO - test average_precision, 0.7112
2025-10-01 04:32:01,865 - root - INFO - best test average_precision: 0.7181
2025-10-01 04:32:01,866 - root - INFO - test roc_auc, 0.6934
2025-10-01 04:32:01,866 - root - INFO - new node test loss: 0.6575
2025-10-01 04:32:01,866 - root - INFO - new node test average_precision, 0.6683
2025-10-01 04:32:01,866 - root - INFO - new node test roc_auc, 0.6565
2025-10-01 04:33:08,677 - root - INFO - Epoch: 39, learning rate: 0.0001, train loss: 0.5207
2025-10-01 04:33:08,678 - root - INFO - train average_precision, 0.7972
2025-10-01 04:33:08,678 - root - INFO - train roc_auc, 0.8007
2025-10-01 04:33:08,678 - root - INFO - validate loss: 0.6127
2025-10-01 04:33:08,678 - root - INFO - validate average_precision, 0.7139
2025-10-01 04:33:08,678 - root - INFO - validate roc_auc, 0.7179
2025-10-01 04:33:08,678 - root - INFO - new node validate loss: 0.6283
2025-10-01 04:33:08,678 - root - INFO - new node validate average_precision, 0.6900
2025-10-01 04:33:08,678 - root - INFO - new node validate roc_auc, 0.7084
2025-10-01 04:33:21,601 - root - INFO - test loss: 0.6123
2025-10-01 04:33:21,601 - root - INFO - test average_precision, 0.7204
2025-10-01 04:33:21,601 - root - INFO - best test average_precision: 0.7204
2025-10-01 04:33:21,601 - root - INFO - test roc_auc, 0.7149
2025-10-01 04:33:21,601 - root - INFO - new node test loss: 0.6433
2025-10-01 04:33:21,601 - root - INFO - new node test average_precision, 0.6824
2025-10-01 04:33:21,601 - root - INFO - new node test roc_auc, 0.6791
2025-10-01 04:34:28,321 - root - INFO - Epoch: 40, learning rate: 0.0001, train loss: 0.5187
2025-10-01 04:34:28,321 - root - INFO - train average_precision, 0.7989
2025-10-01 04:34:28,321 - root - INFO - train roc_auc, 0.8042
2025-10-01 04:34:28,321 - root - INFO - validate loss: 0.6189
2025-10-01 04:34:28,322 - root - INFO - validate average_precision, 0.7155
2025-10-01 04:34:28,322 - root - INFO - validate roc_auc, 0.7067
2025-10-01 04:34:28,322 - root - INFO - new node validate loss: 0.6494
2025-10-01 04:34:28,322 - root - INFO - new node validate average_precision, 0.6794
2025-10-01 04:34:28,322 - root - INFO - new node validate roc_auc, 0.6857
2025-10-01 04:34:41,219 - root - INFO - test loss: 0.6193
2025-10-01 04:34:41,220 - root - INFO - test average_precision, 0.7189
2025-10-01 04:34:41,220 - root - INFO - best test average_precision: 0.7204
2025-10-01 04:34:41,220 - root - INFO - test roc_auc, 0.7118
2025-10-01 04:34:41,220 - root - INFO - new node test loss: 0.6527
2025-10-01 04:34:41,220 - root - INFO - new node test average_precision, 0.6714
2025-10-01 04:34:41,220 - root - INFO - new node test roc_auc, 0.6647
2025-10-01 04:35:47,802 - root - INFO - Epoch: 41, learning rate: 0.0001, train loss: 0.5196
2025-10-01 04:35:47,803 - root - INFO - train average_precision, 0.7974
2025-10-01 04:35:47,803 - root - INFO - train roc_auc, 0.8024
2025-10-01 04:35:47,803 - root - INFO - validate loss: 0.6146
2025-10-01 04:35:47,803 - root - INFO - validate average_precision, 0.7243
2025-10-01 04:35:47,803 - root - INFO - validate roc_auc, 0.7201
2025-10-01 04:35:47,803 - root - INFO - new node validate loss: 0.6349
2025-10-01 04:35:47,803 - root - INFO - new node validate average_precision, 0.6883
2025-10-01 04:35:47,803 - root - INFO - new node validate roc_auc, 0.7008
2025-10-01 04:36:00,732 - root - INFO - test loss: 0.6178
2025-10-01 04:36:00,732 - root - INFO - test average_precision, 0.7216
2025-10-01 04:36:00,732 - root - INFO - best test average_precision: 0.7216
2025-10-01 04:36:00,732 - root - INFO - test roc_auc, 0.7153
2025-10-01 04:36:00,732 - root - INFO - new node test loss: 0.6529
2025-10-01 04:36:00,732 - root - INFO - new node test average_precision, 0.6795
2025-10-01 04:36:00,732 - root - INFO - new node test roc_auc, 0.6752
2025-10-01 04:37:07,280 - root - INFO - Epoch: 42, learning rate: 0.0001, train loss: 0.5211
2025-10-01 04:37:07,280 - root - INFO - train average_precision, 0.7947
2025-10-01 04:37:07,280 - root - INFO - train roc_auc, 0.7994
2025-10-01 04:37:07,280 - root - INFO - validate loss: 0.6101
2025-10-01 04:37:07,280 - root - INFO - validate average_precision, 0.7182
2025-10-01 04:37:07,281 - root - INFO - validate roc_auc, 0.7140
2025-10-01 04:37:07,281 - root - INFO - new node validate loss: 0.6222
2025-10-01 04:37:07,281 - root - INFO - new node validate average_precision, 0.6975
2025-10-01 04:37:07,281 - root - INFO - new node validate roc_auc, 0.7098
2025-10-01 04:37:20,216 - root - INFO - test loss: 0.6286
2025-10-01 04:37:20,216 - root - INFO - test average_precision, 0.7047
2025-10-01 04:37:20,216 - root - INFO - best test average_precision: 0.7216
2025-10-01 04:37:20,216 - root - INFO - test roc_auc, 0.6972
2025-10-01 04:37:20,217 - root - INFO - new node test loss: 0.6513
2025-10-01 04:37:20,217 - root - INFO - new node test average_precision, 0.6680
2025-10-01 04:37:20,217 - root - INFO - new node test roc_auc, 0.6703
2025-10-01 04:37:20,217 - root - INFO - load model ./saved_models/TGAT/enron/TGAT_seed1/TGAT_seed1.pkl
2025-10-01 04:37:20,235 - root - INFO - get final performance on dataset enron...
2025-10-01 04:37:46,665 - root - INFO - validate loss: 0.6037
2025-10-01 04:37:46,666 - root - INFO - validate average_precision, 0.7209
2025-10-01 04:37:46,666 - root - INFO - validate roc_auc, 0.7307
2025-10-01 04:37:46,666 - root - INFO - new node validate loss: 0.6307
2025-10-01 04:37:46,666 - root - INFO - new node validate average_precision, 0.6772
2025-10-01 04:37:46,666 - root - INFO - new node validate roc_auc, 0.6996
2025-10-01 04:37:46,666 - root - INFO - test loss: 0.6252
2025-10-01 04:37:46,666 - root - INFO - test average_precision, 0.7069
2025-10-01 04:37:46,666 - root - INFO - test roc_auc, 0.7047
2025-10-01 04:37:46,666 - root - INFO - new node test loss: 0.6795
2025-10-01 04:37:46,666 - root - INFO - new node test average_precision, 0.6527
2025-10-01 04:37:46,666 - root - INFO - new node test roc_auc, 0.6433
2025-10-01 04:37:46,666 - root - INFO - Run 2 cost 3372.96 seconds.
