2025-10-08 12:56:42,165 - root - INFO - ********** Run 1 starts. **********
2025-10-08 12:56:42,165 - root - INFO - configuration is Namespace(dataset_name='enron', batch_size=200, model_name='DyGMamba', gpu=0, num_neighbors=20, sample_neighbor_strategy='uniform', time_scaling_factor=1e-06, num_walk_heads=8, num_heads=2, num_layers=2, walk_length=1, time_gap=2000, time_feat_dim=100, position_feat_dim=172, time_window_mode='fixed_proportion', time_encoder_type='lete', expert_dim=128, num_mixtures=16, sort_neighbors_by_time=False, patch_size=8, channel_embedding_dim=50, max_input_sequence_length=256, learning_rate=0.0001, dropout=0.0, gamma=0.5, num_epochs=2, optimizer='Adam', weight_decay=0.0, patience=20, val_ratio=0.15, test_ratio=0.15, num_runs=2, test_interval_epochs=100, negative_sample_strategy='random', max_interaction_times=30, load_best_configs=True, data_ratio=0.05, seed=0, save_model_name_suffix='', ablation_dir='', mamba_d_state=256, mamba_d_conv=4, mamba_expand=2, mamba_headdim=64, resume_from_checkpoint=None, save_checkpoints=True, checkpoint_interval=5, start_from_seed=0, max_checkpoints_to_keep=3, checkpoint_strategy='minimal', validate_checkpoints=True, device='cuda:0', save_model_name='DyGMamba_lete_seed0')
2025-10-08 12:56:42,167 - root - INFO - Metrics will be saved to: ./saved_metrics/DyGMamba/enron/DyGMamba_lete_seed0
2025-10-08 12:56:42,169 - root - INFO - time encoder type: lete
2025-10-08 12:56:42,169 - root - INFO - Time encoder will be injected into DyGMamba model
2025-10-08 12:56:43,461 - root - INFO - model -> Sequential(
  (0): DyGMamba(
    (time_encoder): TimeEncoderWrapper(
      (encoder): LeTE(
        (w1_fourier): Linear(in_features=1, out_features=50, bias=True)
        (w2_fourier): FourierSeries()
        (w1_spline): Linear(in_features=1, out_features=50, bias=True)
        (w2_spline): Spline()
        (layernorm): LayerNorm((100,), eps=1e-05, elementwise_affine=True)
      )
    )
    (neighbor_co_occurrence_encoder): NIFEncoder(
      (nif_encode_layer): Sequential(
        (0): Linear(in_features=1, out_features=50, bias=True)
        (1): ReLU()
        (2): Linear(in_features=50, out_features=50, bias=True)
      )
    )
    (projection_layer): ModuleDict(
      (node): Linear(in_features=1376, out_features=50, bias=True)
      (edge): Linear(in_features=1376, out_features=50, bias=True)
      (time): Linear(in_features=800, out_features=50, bias=True)
      (neighbor_co_occurrence): Linear(in_features=400, out_features=50, bias=True)
    )
    (output_layer): Linear(in_features=100, out_features=172, bias=True)
    (output_layer_t_diff): Linear(in_features=25, out_features=172, bias=True)
    (mamba): ModuleList(
      (0-1): 2 x Mamba(
        (in_proj): Linear(in_features=100, out_features=200, bias=False)
        (conv1d): Conv1d(100, 100, kernel_size=(4,), stride=(1,), padding=(3,), groups=100)
        (act): SiLU()
        (x_proj): Linear(in_features=100, out_features=39, bias=False)
        (dt_proj): Linear(in_features=7, out_features=100, bias=True)
        (out_proj): Linear(in_features=100, out_features=100, bias=False)
      )
    )
    (mamba_t_diff): ModuleList(
      (0-1): 2 x Mamba(
        (in_proj): Linear(in_features=25, out_features=50, bias=False)
        (conv1d): Conv1d(25, 25, kernel_size=(4,), stride=(1,), padding=(3,), groups=25)
        (act): SiLU()
        (x_proj): Linear(in_features=25, out_features=34, bias=False)
        (dt_proj): Linear(in_features=2, out_features=25, bias=True)
        (out_proj): Linear(in_features=25, out_features=25, bias=False)
      )
    )
    (projection_layer_t_diff): Linear(in_features=100, out_features=25, bias=True)
    (projection_layer_t_diff_up): Linear(in_features=25, out_features=100, bias=True)
    (weightagg): Linear(in_features=100, out_features=1, bias=True)
    (reduce_layer): Linear(in_features=200, out_features=100, bias=True)
    (channel_norm): LayerNorm((100,), eps=1e-05, elementwise_affine=True)
    (channel_feedforward): FeedForwardNet(
      (ffn): Sequential(
        (0): Linear(in_features=100, out_features=400, bias=True)
        (1): GELU(approximate='none')
        (2): Dropout(p=0.0, inplace=False)
        (3): Linear(in_features=400, out_features=100, bias=True)
        (4): Dropout(p=0.0, inplace=False)
      )
    )
    (neighbor_selection_layer): Linear(in_features=100, out_features=100, bias=True)
  )
  (1): MergeLayerTD(
    (fc1): Linear(in_features=516, out_features=172, bias=True)
    (fc2): Linear(in_features=172, out_features=1, bias=True)
    (act): ReLU()
  )
)
2025-10-08 12:56:43,462 - root - INFO - model name: DyGMamba, #parameters: 2037740 B, 1989.98046875 KB, 1.9433403015136719 MB.
2025-10-08 12:56:50,141 - root - INFO - Epoch: 1, learning rate: 0.0001, train loss: 0.6714
2025-10-08 12:56:50,141 - root - INFO - train average_precision, 0.7324
2025-10-08 12:56:50,141 - root - INFO - train roc_auc, 0.6974
2025-10-08 12:56:50,141 - root - INFO - validate loss: 0.6472
2025-10-08 12:56:50,141 - root - INFO - validate average_precision, 0.7437
2025-10-08 12:56:50,141 - root - INFO - validate roc_auc, 0.7448
2025-10-08 12:56:50,141 - root - INFO - new node validate loss: 0.6926
2025-10-08 12:56:50,141 - root - INFO - new node validate average_precision, 0.5487
2025-10-08 12:56:50,141 - root - INFO - new node validate roc_auc, 0.5545
2025-10-08 12:56:50,152 - root - INFO - save model ./saved_models/DyGMamba/enron/DyGMamba_lete_seed0/DyGMamba_lete_seed0.pkl
2025-10-08 12:56:56,342 - root - INFO - Epoch: 2, learning rate: 0.0001, train loss: 0.6135
2025-10-08 12:56:56,342 - root - INFO - train average_precision, 0.7913
2025-10-08 12:56:56,342 - root - INFO - train roc_auc, 0.7820
2025-10-08 12:56:56,342 - root - INFO - validate loss: 0.5808
2025-10-08 12:56:56,342 - root - INFO - validate average_precision, 0.7746
2025-10-08 12:56:56,342 - root - INFO - validate roc_auc, 0.8036
2025-10-08 12:56:56,342 - root - INFO - new node validate loss: 0.7142
2025-10-08 12:56:56,342 - root - INFO - new node validate average_precision, 0.5501
2025-10-08 12:56:56,342 - root - INFO - new node validate roc_auc, 0.5526
2025-10-08 12:56:56,349 - root - INFO - save model ./saved_models/DyGMamba/enron/DyGMamba_lete_seed0/DyGMamba_lete_seed0.pkl
2025-10-08 12:56:56,380 - root - INFO - load model ./saved_models/DyGMamba/enron/DyGMamba_lete_seed0/DyGMamba_lete_seed0.pkl
2025-10-08 12:56:56,398 - root - INFO - get final performance on dataset enron...
2025-10-08 12:56:58,590 - root - INFO - validate loss: 0.5808
2025-10-08 12:56:58,590 - root - INFO - validate average_precision, 0.7746
2025-10-08 12:56:58,590 - root - INFO - validate roc_auc, 0.8036
2025-10-08 12:56:58,590 - root - INFO - new node validate loss: 0.7142
2025-10-08 12:56:58,590 - root - INFO - new node validate average_precision, 0.5501
2025-10-08 12:56:58,590 - root - INFO - new node validate roc_auc, 0.5526
2025-10-08 12:56:58,590 - root - INFO - test loss: 0.6179
2025-10-08 12:56:58,590 - root - INFO - test average_precision, 0.7198
2025-10-08 12:56:58,590 - root - INFO - test roc_auc, 0.7472
2025-10-08 12:56:58,590 - root - INFO - new node test loss: 0.6660
2025-10-08 12:56:58,590 - root - INFO - new node test average_precision, 0.7087
2025-10-08 12:56:58,590 - root - INFO - new node test roc_auc, 0.6864
2025-10-08 12:56:58,599 - root - INFO - ✅ Metrics saved to: ./saved_metrics/DyGMamba/enron/DyGMamba_lete_seed0
2025-10-08 12:56:58,599 - root - INFO - Run 1 cost 16.43 seconds.
