2025-10-08 11:09:41,828 - root - INFO - ********** Run 2 starts. **********
2025-10-08 11:09:41,828 - root - INFO - configuration is Namespace(dataset_name='lastfm', batch_size=200, model_name='TCL', gpu=0, num_neighbors=20, sample_neighbor_strategy='recent', time_scaling_factor=1e-06, num_walk_heads=8, num_heads=2, num_layers=2, walk_length=1, time_gap=2000, time_feat_dim=100, position_feat_dim=172, time_window_mode='fixed_proportion', time_encoder_type='time2vec', expert_dim=128, num_mixtures=16, sort_neighbors_by_time=False, patch_size=1, channel_embedding_dim=50, max_input_sequence_length=32, learning_rate=0.0001, dropout=0.1, gamma=0.5, num_epochs=2, optimizer='Adam', weight_decay=0.0, patience=20, val_ratio=0.15, test_ratio=0.15, num_runs=2, test_interval_epochs=100, negative_sample_strategy='random', max_interaction_times=10, load_best_configs=True, data_ratio=0.05, seed=1, save_model_name_suffix='', ablation_dir='', mamba_d_state=256, mamba_d_conv=4, mamba_expand=2, mamba_headdim=64, resume_from_checkpoint=None, save_checkpoints=True, checkpoint_interval=20, start_from_seed=0, max_checkpoints_to_keep=3, checkpoint_strategy='minimal', validate_checkpoints=True, device='cuda:0', save_model_name='TCL_time2vec_seed1')
2025-10-08 11:09:41,829 - root - INFO - Metrics will be saved to: ./saved_metrics/TCL/lastfm/TCL_time2vec_seed1
2025-10-08 11:09:41,830 - root - INFO - time encoder type: time2vec
2025-10-08 11:09:41,830 - root - INFO - Time encoder will be injected into TCL model
2025-10-08 11:09:42,228 - root - INFO - model -> Sequential(
  (0): TCL(
    (time_encoder): TimeEncoderWrapper(
      (encoder): Time2VecEncoder(
        (time2vec_layer): SineActivation()
      )
    )
    (depth_embedding): Embedding(21, 172)
    (projection_layer): ModuleDict(
      (node): Linear(in_features=172, out_features=172, bias=True)
      (edge): Linear(in_features=172, out_features=172, bias=True)
      (time): Linear(in_features=100, out_features=172, bias=True)
    )
    (transformers): ModuleList(
      (0-1): 2 x TransformerEncoder(
        (multi_head_attention): MultiheadAttention(
          (out_proj): NonDynamicallyQuantizableLinear(in_features=172, out_features=172, bias=True)
        )
        (dropout): Dropout(p=0.1, inplace=False)
        (linear_layers): ModuleList(
          (0): Linear(in_features=172, out_features=688, bias=True)
          (1): Linear(in_features=688, out_features=172, bias=True)
        )
        (norm_layers): ModuleList(
          (0-1): 2 x LayerNorm((172,), eps=1e-05, elementwise_affine=True)
        )
      )
    )
    (output_layer): Linear(in_features=172, out_features=172, bias=True)
  )
  (1): MergeLayer(
    (fc1): Linear(in_features=344, out_features=172, bias=True)
    (fc2): Linear(in_features=172, out_features=1, bias=True)
    (act): ReLU()
  )
)
2025-10-08 11:09:42,228 - root - INFO - model name: TCL, #parameters: 3537812 B, 3454.89453125 KB, 3.373920440673828 MB.
2025-10-08 11:09:51,345 - root - INFO - Epoch: 1, learning rate: 0.0001, train loss: 0.6357
2025-10-08 11:09:51,345 - root - INFO - train average_precision, 0.6683
2025-10-08 11:09:51,345 - root - INFO - train roc_auc, 0.6868
2025-10-08 11:09:51,345 - root - INFO - validate loss: 0.6697
2025-10-08 11:09:51,345 - root - INFO - validate average_precision, 0.6177
2025-10-08 11:09:51,346 - root - INFO - validate roc_auc, 0.6070
2025-10-08 11:09:51,346 - root - INFO - new node validate loss: 0.7000
2025-10-08 11:09:51,346 - root - INFO - new node validate average_precision, 0.5720
2025-10-08 11:09:51,346 - root - INFO - new node validate roc_auc, 0.5537
2025-10-08 11:09:51,355 - root - INFO - save model ./saved_models/TCL/lastfm/TCL_time2vec_seed1/TCL_time2vec_seed1.pkl
2025-10-08 11:10:00,477 - root - INFO - Epoch: 2, learning rate: 0.0001, train loss: 0.6363
2025-10-08 11:10:00,477 - root - INFO - train average_precision, 0.6806
2025-10-08 11:10:00,477 - root - INFO - train roc_auc, 0.6964
2025-10-08 11:10:00,477 - root - INFO - validate loss: 0.6738
2025-10-08 11:10:00,477 - root - INFO - validate average_precision, 0.6219
2025-10-08 11:10:00,477 - root - INFO - validate roc_auc, 0.6102
2025-10-08 11:10:00,477 - root - INFO - new node validate loss: 0.7099
2025-10-08 11:10:00,477 - root - INFO - new node validate average_precision, 0.5742
2025-10-08 11:10:00,477 - root - INFO - new node validate roc_auc, 0.5566
2025-10-08 11:10:00,482 - root - INFO - save model ./saved_models/TCL/lastfm/TCL_time2vec_seed1/TCL_time2vec_seed1.pkl
2025-10-08 11:10:00,519 - root - INFO - load model ./saved_models/TCL/lastfm/TCL_time2vec_seed1/TCL_time2vec_seed1.pkl
2025-10-08 11:10:00,535 - root - INFO - get final performance on dataset lastfm...
2025-10-08 11:10:03,133 - root - INFO - validate loss: 0.6738
2025-10-08 11:10:03,133 - root - INFO - validate average_precision, 0.6219
2025-10-08 11:10:03,133 - root - INFO - validate roc_auc, 0.6102
2025-10-08 11:10:03,133 - root - INFO - new node validate loss: 0.7099
2025-10-08 11:10:03,134 - root - INFO - new node validate average_precision, 0.5742
2025-10-08 11:10:03,134 - root - INFO - new node validate roc_auc, 0.5566
2025-10-08 11:10:03,134 - root - INFO - test loss: 0.6829
2025-10-08 11:10:03,134 - root - INFO - test average_precision, 0.6002
2025-10-08 11:10:03,134 - root - INFO - test roc_auc, 0.5922
2025-10-08 11:10:03,134 - root - INFO - new node test loss: 0.7000
2025-10-08 11:10:03,134 - root - INFO - new node test average_precision, 0.5789
2025-10-08 11:10:03,134 - root - INFO - new node test roc_auc, 0.5596
2025-10-08 11:10:03,143 - root - INFO - ✅ Metrics saved to: ./saved_metrics/TCL/lastfm/TCL_time2vec_seed1
2025-10-08 11:10:03,143 - root - INFO - Run 2 cost 21.31 seconds.
2025-10-08 11:10:03,146 - root - INFO - metrics over 2 runs:
2025-10-08 11:10:03,146 - root - INFO - validate average_precision, [np.float64(0.5635612798086712), np.float64(0.6219236374478856)]
2025-10-08 11:10:03,146 - root - INFO - average validate average_precision, 0.5927 ± 0.0413
2025-10-08 11:10:03,147 - root - INFO - validate roc_auc, [np.float64(0.5777407974143427), np.float64(0.6101817418762591)]
2025-10-08 11:10:03,147 - root - INFO - average validate roc_auc, 0.5940 ± 0.0229
2025-10-08 11:10:03,147 - root - INFO - new node validate average_precision, [np.float64(0.5225458315837067), np.float64(0.5741781158438205)]
2025-10-08 11:10:03,147 - root - INFO - average new node validate average_precision, 0.5484 ± 0.0365
2025-10-08 11:10:03,147 - root - INFO - new node validate roc_auc, [np.float64(0.5284765061586766), np.float64(0.5566070502757317)]
2025-10-08 11:10:03,147 - root - INFO - average new node validate roc_auc, 0.5425 ± 0.0199
2025-10-08 11:10:03,147 - root - INFO - test average_precision, [np.float64(0.5656957400128809), np.float64(0.6002200376333151)]
2025-10-08 11:10:03,147 - root - INFO - average test average_precision, 0.5830 ± 0.0244
2025-10-08 11:10:03,147 - root - INFO - test roc_auc, [np.float64(0.5701102930458991), np.float64(0.5922316708103504)]
2025-10-08 11:10:03,147 - root - INFO - average test roc_auc, 0.5812 ± 0.0156
2025-10-08 11:10:03,147 - root - INFO - new node test average_precision, [np.float64(0.531839753666218), np.float64(0.5789396991478626)]
2025-10-08 11:10:03,148 - root - INFO - average new node test average_precision, 0.5554 ± 0.0333
2025-10-08 11:10:03,148 - root - INFO - new node test roc_auc, [np.float64(0.5298976866729678), np.float64(0.5596403863421551)]
2025-10-08 11:10:03,148 - root - INFO - average new node test roc_auc, 0.5448 ± 0.0210
