2025-10-08 08:46:06,260 - root - INFO - ********** Run 1 starts. **********
2025-10-08 08:46:06,260 - root - INFO - configuration is Namespace(dataset_name='UNvote', batch_size=200, model_name='DyGFormer', gpu=0, num_neighbors=20, sample_neighbor_strategy='uniform', time_scaling_factor=1e-06, num_walk_heads=8, num_heads=2, num_layers=2, walk_length=1, time_gap=2000, time_feat_dim=100, position_feat_dim=172, time_window_mode='fixed_proportion', time_encoder_type='bochner', expert_dim=128, num_mixtures=16, sort_neighbors_by_time=False, patch_size=4, channel_embedding_dim=50, max_input_sequence_length=128, learning_rate=0.0001, dropout=0.2, gamma=0.5, num_epochs=2, optimizer='Adam', weight_decay=0.0, patience=20, val_ratio=0.15, test_ratio=0.15, num_runs=2, test_interval_epochs=100, negative_sample_strategy='random', max_interaction_times=10, load_best_configs=True, data_ratio=0.05, seed=0, save_model_name_suffix='', ablation_dir='', mamba_d_state=256, mamba_d_conv=4, mamba_expand=2, mamba_headdim=64, resume_from_checkpoint=None, save_checkpoints=True, checkpoint_interval=5, start_from_seed=0, max_checkpoints_to_keep=3, checkpoint_strategy='minimal', validate_checkpoints=True, device='cuda:0', save_model_name='DyGFormer_bochner_seed0')
2025-10-08 08:46:06,263 - root - INFO - Metrics will be saved to: ./saved_metrics/DyGFormer/UNvote/DyGFormer_bochner_seed0
2025-10-08 08:46:06,264 - root - INFO - time encoder type: bochner
2025-10-08 08:46:06,264 - root - INFO - Time encoder will be injected into DyGFormer model
2025-10-08 08:46:06,804 - root - INFO - model -> Sequential(
  (0): DyGFormer(
    (time_encoder): TimeEncoderWrapper(
      (encoder): BochnerTimeEncoder()
    )
    (neighbor_co_occurrence_encoder): NeighborCooccurrenceEncoder(
      (neighbor_co_occurrence_encode_layer): Sequential(
        (0): Linear(in_features=1, out_features=50, bias=True)
        (1): ReLU()
        (2): Linear(in_features=50, out_features=50, bias=True)
      )
    )
    (projection_layer): ModuleDict(
      (node): Linear(in_features=688, out_features=50, bias=True)
      (edge): Linear(in_features=688, out_features=50, bias=True)
      (time): Linear(in_features=400, out_features=50, bias=True)
      (neighbor_co_occurrence): Linear(in_features=200, out_features=50, bias=True)
    )
    (transformers): ModuleList(
      (0-1): 2 x TransformerEncoder(
        (multi_head_attention): MultiheadAttention(
          (out_proj): NonDynamicallyQuantizableLinear(in_features=200, out_features=200, bias=True)
        )
        (dropout): Dropout(p=0.2, inplace=False)
        (linear_layers): ModuleList(
          (0): Linear(in_features=200, out_features=800, bias=True)
          (1): Linear(in_features=800, out_features=200, bias=True)
        )
        (norm_layers): ModuleList(
          (0-1): 2 x LayerNorm((200,), eps=1e-05, elementwise_affine=True)
        )
      )
    )
    (output_layer): Linear(in_features=200, out_features=172, bias=True)
  )
  (1): MergeLayer(
    (fc1): Linear(in_features=344, out_features=172, bias=True)
    (fc2): Linear(in_features=172, out_features=1, bias=True)
    (act): ReLU()
  )
)
2025-10-08 08:46:06,804 - root - INFO - model name: DyGFormer, #parameters: 4644140 B, 4535.29296875 KB, 4.428997039794922 MB.
2025-10-08 08:46:41,610 - root - INFO - Epoch: 1, learning rate: 0.0001, train loss: 0.6792
2025-10-08 08:46:41,611 - root - INFO - train average_precision, 0.5485
2025-10-08 08:46:41,611 - root - INFO - train roc_auc, 0.5708
2025-10-08 08:46:41,611 - root - INFO - validate loss: 0.6938
2025-10-08 08:46:41,611 - root - INFO - validate average_precision, 0.5096
2025-10-08 08:46:41,611 - root - INFO - validate roc_auc, 0.5032
2025-10-08 08:46:41,611 - root - INFO - new node validate loss: 0.6960
2025-10-08 08:46:41,611 - root - INFO - new node validate average_precision, 0.4541
2025-10-08 08:46:41,611 - root - INFO - new node validate roc_auc, 0.4174
2025-10-08 08:46:41,621 - root - INFO - save model ./saved_models/DyGFormer/UNvote/DyGFormer_bochner_seed0/DyGFormer_bochner_seed0.pkl
2025-10-08 08:47:16,016 - root - INFO - Epoch: 2, learning rate: 0.0001, train loss: 0.6734
2025-10-08 08:47:16,017 - root - INFO - train average_precision, 0.5412
2025-10-08 08:47:16,017 - root - INFO - train roc_auc, 0.5625
2025-10-08 08:47:16,017 - root - INFO - validate loss: 0.6936
2025-10-08 08:47:16,017 - root - INFO - validate average_precision, 0.5239
2025-10-08 08:47:16,017 - root - INFO - validate roc_auc, 0.5208
2025-10-08 08:47:16,017 - root - INFO - new node validate loss: 0.6878
2025-10-08 08:47:16,017 - root - INFO - new node validate average_precision, 0.6666
2025-10-08 08:47:16,017 - root - INFO - new node validate roc_auc, 0.6623
2025-10-08 08:47:16,025 - root - INFO - save model ./saved_models/DyGFormer/UNvote/DyGFormer_bochner_seed0/DyGFormer_bochner_seed0.pkl
2025-10-08 08:47:16,078 - root - INFO - load model ./saved_models/DyGFormer/UNvote/DyGFormer_bochner_seed0/DyGFormer_bochner_seed0.pkl
2025-10-08 08:47:16,101 - root - INFO - get final performance on dataset UNvote...
2025-10-08 08:47:27,499 - root - INFO - validate loss: 0.6936
2025-10-08 08:47:27,499 - root - INFO - validate average_precision, 0.5239
2025-10-08 08:47:27,499 - root - INFO - validate roc_auc, 0.5208
2025-10-08 08:47:27,499 - root - INFO - new node validate loss: 0.6878
2025-10-08 08:47:27,499 - root - INFO - new node validate average_precision, 0.6666
2025-10-08 08:47:27,499 - root - INFO - new node validate roc_auc, 0.6623
2025-10-08 08:47:27,499 - root - INFO - test loss: 0.6959
2025-10-08 08:47:27,499 - root - INFO - test average_precision, 0.5024
2025-10-08 08:47:27,500 - root - INFO - test roc_auc, 0.5062
2025-10-08 08:47:27,500 - root - INFO - new node test loss: 0.6934
2025-10-08 08:47:27,500 - root - INFO - new node test average_precision, 0.5706
2025-10-08 08:47:27,500 - root - INFO - new node test roc_auc, 0.5760
2025-10-08 08:47:27,508 - root - INFO - ✅ Metrics saved to: ./saved_metrics/DyGFormer/UNvote/DyGFormer_bochner_seed0
2025-10-08 08:47:27,508 - root - INFO - Run 1 cost 81.25 seconds.
