2025-10-08 05:20:46,203 - root - INFO - ********** Run 2 starts. **********
2025-10-08 05:20:46,203 - root - INFO - configuration is Namespace(dataset_name='Contacts', batch_size=200, model_name='TGAT', gpu=0, num_neighbors=20, sample_neighbor_strategy='recent', time_scaling_factor=1e-06, num_walk_heads=8, num_heads=2, num_layers=2, walk_length=1, time_gap=2000, time_feat_dim=100, position_feat_dim=172, time_window_mode='fixed_proportion', time_encoder_type='mercer', expert_dim=128, num_mixtures=16, sort_neighbors_by_time=False, patch_size=1, channel_embedding_dim=50, max_input_sequence_length=32, learning_rate=0.0001, dropout=0.1, gamma=0.5, num_epochs=2, optimizer='Adam', weight_decay=0.0, patience=20, val_ratio=0.15, test_ratio=0.15, num_runs=2, test_interval_epochs=100, negative_sample_strategy='random', max_interaction_times=10, load_best_configs=True, data_ratio=0.05, seed=1, save_model_name_suffix='', ablation_dir='', mamba_d_state=256, mamba_d_conv=4, mamba_expand=2, mamba_headdim=64, resume_from_checkpoint=None, save_checkpoints=True, checkpoint_interval=20, start_from_seed=0, max_checkpoints_to_keep=3, checkpoint_strategy='minimal', validate_checkpoints=True, device='cuda:0', save_model_name='TGAT_mercer_seed1')
2025-10-08 05:20:46,205 - root - INFO - Metrics will be saved to: ./saved_metrics/TGAT/Contacts/TGAT_mercer_seed1
2025-10-08 05:20:46,205 - root - INFO - time encoder type: mercer
2025-10-08 05:20:46,205 - root - INFO - Time encoder will be injected into TGAT model
2025-10-08 05:20:46,942 - root - INFO - model -> Sequential(
  (0): TGAT(
    (time_encoder): TimeEncoderWrapper(
      (encoder): MercerTimeEncoder()
    )
    (temporal_conv_layers): ModuleList(
      (0-1): 2 x MultiHeadAttention(
        (query_projection): Linear(in_features=272, out_features=272, bias=False)
        (key_projection): Linear(in_features=444, out_features=272, bias=False)
        (value_projection): Linear(in_features=444, out_features=272, bias=False)
        (layer_norm): LayerNorm((272,), eps=1e-05, elementwise_affine=True)
        (residual_fc): Linear(in_features=272, out_features=272, bias=True)
        (dropout): Dropout(p=0.1, inplace=False)
      )
    )
    (merge_layers): ModuleList(
      (0-1): 2 x MergeLayer(
        (fc1): Linear(in_features=444, out_features=172, bias=True)
        (fc2): Linear(in_features=172, out_features=172, bias=True)
        (act): ReLU()
      )
    )
  )
  (1): MergeLayer(
    (fc1): Linear(in_features=344, out_features=172, bias=True)
    (fc2): Linear(in_features=172, out_features=1, bias=True)
    (act): ReLU()
  )
)
2025-10-08 05:20:46,942 - root - INFO - model name: TGAT, #parameters: 4218180 B, 4119.31640625 KB, 4.022769927978516 MB.
2025-10-08 05:22:05,099 - root - INFO - Epoch: 1, learning rate: 0.0001, train loss: 0.4757
2025-10-08 05:22:05,099 - root - INFO - train average_precision, 0.7780
2025-10-08 05:22:05,099 - root - INFO - train roc_auc, 0.8301
2025-10-08 05:22:05,099 - root - INFO - validate loss: 0.3746
2025-10-08 05:22:05,099 - root - INFO - validate average_precision, 0.8759
2025-10-08 05:22:05,100 - root - INFO - validate roc_auc, 0.9092
2025-10-08 05:22:05,100 - root - INFO - new node validate loss: 0.4981
2025-10-08 05:22:05,100 - root - INFO - new node validate average_precision, 0.7989
2025-10-08 05:22:05,100 - root - INFO - new node validate roc_auc, 0.8413
2025-10-08 05:22:05,109 - root - INFO - save model ./saved_models/TGAT/Contacts/TGAT_mercer_seed1/TGAT_mercer_seed1.pkl
2025-10-08 05:23:23,829 - root - INFO - Epoch: 2, learning rate: 0.0001, train loss: 0.3564
2025-10-08 05:23:23,830 - root - INFO - train average_precision, 0.8724
2025-10-08 05:23:23,830 - root - INFO - train roc_auc, 0.9072
2025-10-08 05:23:23,830 - root - INFO - validate loss: 0.3522
2025-10-08 05:23:23,830 - root - INFO - validate average_precision, 0.8881
2025-10-08 05:23:23,830 - root - INFO - validate roc_auc, 0.9204
2025-10-08 05:23:23,830 - root - INFO - new node validate loss: 0.4763
2025-10-08 05:23:23,830 - root - INFO - new node validate average_precision, 0.8128
2025-10-08 05:23:23,830 - root - INFO - new node validate roc_auc, 0.8556
2025-10-08 05:23:23,837 - root - INFO - save model ./saved_models/TGAT/Contacts/TGAT_mercer_seed1/TGAT_mercer_seed1.pkl
2025-10-08 05:23:23,879 - root - INFO - load model ./saved_models/TGAT/Contacts/TGAT_mercer_seed1/TGAT_mercer_seed1.pkl
2025-10-08 05:23:23,894 - root - INFO - get final performance on dataset Contacts...
2025-10-08 05:23:55,398 - root - INFO - validate loss: 0.3522
2025-10-08 05:23:55,398 - root - INFO - validate average_precision, 0.8881
2025-10-08 05:23:55,399 - root - INFO - validate roc_auc, 0.9204
2025-10-08 05:23:55,399 - root - INFO - new node validate loss: 0.4763
2025-10-08 05:23:55,399 - root - INFO - new node validate average_precision, 0.8128
2025-10-08 05:23:55,399 - root - INFO - new node validate roc_auc, 0.8556
2025-10-08 05:23:55,399 - root - INFO - test loss: 0.3769
2025-10-08 05:23:55,399 - root - INFO - test average_precision, 0.9023
2025-10-08 05:23:55,399 - root - INFO - test roc_auc, 0.9195
2025-10-08 05:23:55,399 - root - INFO - new node test loss: 0.4106
2025-10-08 05:23:55,399 - root - INFO - new node test average_precision, 0.8717
2025-10-08 05:23:55,399 - root - INFO - new node test roc_auc, 0.8978
2025-10-08 05:23:55,407 - root - INFO - ✅ Metrics saved to: ./saved_metrics/TGAT/Contacts/TGAT_mercer_seed1
2025-10-08 05:23:55,407 - root - INFO - Run 2 cost 189.20 seconds.
2025-10-08 05:23:55,411 - root - INFO - metrics over 2 runs:
2025-10-08 05:23:55,411 - root - INFO - validate average_precision, [np.float64(0.8876187784782889), np.float64(0.8880824347464888)]
2025-10-08 05:23:55,411 - root - INFO - average validate average_precision, 0.8879 ± 0.0003
2025-10-08 05:23:55,411 - root - INFO - validate roc_auc, [np.float64(0.9183862844133028), np.float64(0.9203836982064064)]
2025-10-08 05:23:55,411 - root - INFO - average validate roc_auc, 0.9194 ± 0.0014
2025-10-08 05:23:55,411 - root - INFO - new node validate average_precision, [np.float64(0.8096651929750668), np.float64(0.8128113542962171)]
2025-10-08 05:23:55,412 - root - INFO - average new node validate average_precision, 0.8112 ± 0.0022
2025-10-08 05:23:55,412 - root - INFO - new node validate roc_auc, [np.float64(0.8519457361516035), np.float64(0.8556142006802719)]
2025-10-08 05:23:55,412 - root - INFO - average new node validate roc_auc, 0.8538 ± 0.0026
2025-10-08 05:23:55,412 - root - INFO - test average_precision, [np.float64(0.903970784190533), np.float64(0.9023480136546376)]
2025-10-08 05:23:55,412 - root - INFO - average test average_precision, 0.9032 ± 0.0011
2025-10-08 05:23:55,412 - root - INFO - test roc_auc, [np.float64(0.9196362932227669), np.float64(0.9194656973693394)]
2025-10-08 05:23:55,412 - root - INFO - average test roc_auc, 0.9196 ± 0.0001
2025-10-08 05:23:55,412 - root - INFO - new node test average_precision, [np.float64(0.8717189745797653), np.float64(0.8716674814763434)]
2025-10-08 05:23:55,412 - root - INFO - average new node test average_precision, 0.8717 ± 0.0000
2025-10-08 05:23:55,412 - root - INFO - new node test roc_auc, [np.float64(0.8964518663875806), np.float64(0.8977761710952186)]
2025-10-08 05:23:55,412 - root - INFO - average new node test roc_auc, 0.8971 ± 0.0009
