2025-10-05 22:38:03,677 - root - INFO - ********** Run 1 starts. **********
2025-10-05 22:38:03,677 - root - INFO - configuration is Namespace(dataset_name='wikipedia', batch_size=200, model_name='TGAT', gpu=0, num_neighbors=20, sample_neighbor_strategy='recent', time_scaling_factor=1e-06, num_walk_heads=8, num_heads=2, num_layers=2, walk_length=1, time_gap=2000, time_feat_dim=100, position_feat_dim=172, time_window_mode='fixed_proportion', time_encoder_type='lete', expert_dim=128, num_mixtures=16, sort_neighbors_by_time=False, patch_size=1, channel_embedding_dim=50, max_input_sequence_length=32, learning_rate=0.0001, dropout=0.1, gamma=0.5, num_epochs=100, optimizer='Adam', weight_decay=0.0, patience=20, val_ratio=0.15, test_ratio=0.15, num_runs=1, test_interval_epochs=100, negative_sample_strategy='random', max_interaction_times=10, load_best_configs=True, data_ratio=1.0, save_model_name_suffix='', mamba_d_state=256, mamba_d_conv=4, mamba_expand=2, mamba_headdim=64, device='cuda:0', seed=0, save_model_name='TGAT_lete_seed0')
2025-10-05 22:38:03,683 - root - INFO - Metrics will be saved to: ./saved_metrics/TGAT/wikipedia/TGAT_lete_seed0
2025-10-05 22:38:03,701 - root - INFO - time encoder type: lete
2025-10-05 22:38:03,981 - root - INFO - model -> Sequential(
  (0): TGAT(
    (time_encoder): TimeEncoderWrapper(
      (encoder): LeTE(
        (w1_fourier): Linear(in_features=1, out_features=50, bias=True)
        (w2_fourier): FourierSeries()
        (w1_spline): Linear(in_features=1, out_features=50, bias=True)
        (w2_spline): Spline()
        (layernorm): LayerNorm((100,), eps=1e-05, elementwise_affine=True)
      )
    )
    (temporal_conv_layers): ModuleList(
      (0-1): 2 x MultiHeadAttention(
        (query_projection): Linear(in_features=272, out_features=272, bias=False)
        (key_projection): Linear(in_features=444, out_features=272, bias=False)
        (value_projection): Linear(in_features=444, out_features=272, bias=False)
        (layer_norm): LayerNorm((272,), eps=1e-05, elementwise_affine=True)
        (residual_fc): Linear(in_features=272, out_features=272, bias=True)
        (dropout): Dropout(p=0.1, inplace=False)
      )
    )
    (merge_layers): ModuleList(
      (0-1): 2 x MergeLayer(
        (fc1): Linear(in_features=444, out_features=172, bias=True)
        (fc2): Linear(in_features=172, out_features=172, bias=True)
        (act): ReLU()
      )
    )
  )
  (1): MergeLayer(
    (fc1): Linear(in_features=344, out_features=172, bias=True)
    (fc2): Linear(in_features=172, out_features=1, bias=True)
    (act): ReLU()
  )
)
2025-10-05 22:38:03,982 - root - INFO - model name: TGAT, #parameters: 4216652 B, 4117.82421875 KB, 4.021312713623047 MB.
2025-10-05 22:39:35,483 - root - INFO - Epoch: 1, learning rate: 0.0001, train loss: 0.3255
2025-10-05 22:39:35,483 - root - INFO - train average_precision, 0.9373
2025-10-05 22:39:35,484 - root - INFO - train roc_auc, 0.9412
2025-10-05 22:39:35,484 - root - INFO - validate loss: 0.2679
2025-10-05 22:39:35,484 - root - INFO - validate average_precision, 0.9567
2025-10-05 22:39:35,484 - root - INFO - validate roc_auc, 0.9567
2025-10-05 22:39:35,484 - root - INFO - new node validate loss: 0.2838
2025-10-05 22:39:35,484 - root - INFO - new node validate average_precision, 0.9518
2025-10-05 22:39:35,484 - root - INFO - new node validate roc_auc, 0.9531
2025-10-05 22:39:35,501 - root - INFO - save model ./saved_models/TGAT/wikipedia/TGAT_lete_seed0/TGAT_lete_seed0.pkl
2025-10-05 22:41:02,840 - root - INFO - Epoch: 2, learning rate: 0.0001, train loss: 0.2599
2025-10-05 22:41:02,840 - root - INFO - train average_precision, 0.9584
2025-10-05 22:41:02,840 - root - INFO - train roc_auc, 0.9586
2025-10-05 22:41:02,840 - root - INFO - validate loss: 0.2498
2025-10-05 22:41:02,841 - root - INFO - validate average_precision, 0.9631
2025-10-05 22:41:02,841 - root - INFO - validate roc_auc, 0.9628
2025-10-05 22:41:02,841 - root - INFO - new node validate loss: 0.2705
2025-10-05 22:41:02,841 - root - INFO - new node validate average_precision, 0.9567
2025-10-05 22:41:02,841 - root - INFO - new node validate roc_auc, 0.9577
2025-10-05 22:41:02,850 - root - INFO - save model ./saved_models/TGAT/wikipedia/TGAT_lete_seed0/TGAT_lete_seed0.pkl
2025-10-05 22:42:30,080 - root - INFO - Epoch: 3, learning rate: 0.0001, train loss: 0.2437
2025-10-05 22:42:30,081 - root - INFO - train average_precision, 0.9636
2025-10-05 22:42:30,081 - root - INFO - train roc_auc, 0.9638
2025-10-05 22:42:30,081 - root - INFO - validate loss: 0.2352
2025-10-05 22:42:30,081 - root - INFO - validate average_precision, 0.9679
2025-10-05 22:42:30,081 - root - INFO - validate roc_auc, 0.9673
2025-10-05 22:42:30,081 - root - INFO - new node validate loss: 0.2560
2025-10-05 22:42:30,081 - root - INFO - new node validate average_precision, 0.9638
2025-10-05 22:42:30,081 - root - INFO - new node validate roc_auc, 0.9632
2025-10-05 22:42:30,087 - root - INFO - save model ./saved_models/TGAT/wikipedia/TGAT_lete_seed0/TGAT_lete_seed0.pkl
2025-10-05 22:43:57,509 - root - INFO - Epoch: 4, learning rate: 0.0001, train loss: 0.2318
2025-10-05 22:43:57,509 - root - INFO - train average_precision, 0.9680
2025-10-05 22:43:57,510 - root - INFO - train roc_auc, 0.9672
2025-10-05 22:43:57,510 - root - INFO - validate loss: 0.2193
2025-10-05 22:43:57,510 - root - INFO - validate average_precision, 0.9725
2025-10-05 22:43:57,510 - root - INFO - validate roc_auc, 0.9711
2025-10-05 22:43:57,510 - root - INFO - new node validate loss: 0.2361
2025-10-05 22:43:57,510 - root - INFO - new node validate average_precision, 0.9688
2025-10-05 22:43:57,510 - root - INFO - new node validate roc_auc, 0.9678
2025-10-05 22:43:57,517 - root - INFO - save model ./saved_models/TGAT/wikipedia/TGAT_lete_seed0/TGAT_lete_seed0.pkl
2025-10-05 22:45:24,774 - root - INFO - Epoch: 5, learning rate: 0.0001, train loss: 0.2183
2025-10-05 22:45:24,774 - root - INFO - train average_precision, 0.9720
2025-10-05 22:45:24,774 - root - INFO - train roc_auc, 0.9709
2025-10-05 22:45:24,774 - root - INFO - validate loss: 0.2080
2025-10-05 22:45:24,774 - root - INFO - validate average_precision, 0.9748
2025-10-05 22:45:24,774 - root - INFO - validate roc_auc, 0.9736
2025-10-05 22:45:24,774 - root - INFO - new node validate loss: 0.2228
2025-10-05 22:45:24,774 - root - INFO - new node validate average_precision, 0.9712
2025-10-05 22:45:24,775 - root - INFO - new node validate roc_auc, 0.9707
2025-10-05 22:45:24,781 - root - INFO - save model ./saved_models/TGAT/wikipedia/TGAT_lete_seed0/TGAT_lete_seed0.pkl
2025-10-05 22:46:52,161 - root - INFO - Epoch: 6, learning rate: 0.0001, train loss: 0.2076
2025-10-05 22:46:52,161 - root - INFO - train average_precision, 0.9742
2025-10-05 22:46:52,161 - root - INFO - train roc_auc, 0.9735
2025-10-05 22:46:52,161 - root - INFO - validate loss: 0.2038
2025-10-05 22:46:52,162 - root - INFO - validate average_precision, 0.9765
2025-10-05 22:46:52,162 - root - INFO - validate roc_auc, 0.9756
2025-10-05 22:46:52,162 - root - INFO - new node validate loss: 0.2289
2025-10-05 22:46:52,162 - root - INFO - new node validate average_precision, 0.9722
2025-10-05 22:46:52,162 - root - INFO - new node validate roc_auc, 0.9715
2025-10-05 22:46:52,167 - root - INFO - save model ./saved_models/TGAT/wikipedia/TGAT_lete_seed0/TGAT_lete_seed0.pkl
2025-10-05 22:48:19,300 - root - INFO - Epoch: 7, learning rate: 0.0001, train loss: 0.2019
2025-10-05 22:48:19,300 - root - INFO - train average_precision, 0.9757
2025-10-05 22:48:19,300 - root - INFO - train roc_auc, 0.9749
2025-10-05 22:48:19,300 - root - INFO - validate loss: 0.1927
2025-10-05 22:48:19,300 - root - INFO - validate average_precision, 0.9782
2025-10-05 22:48:19,300 - root - INFO - validate roc_auc, 0.9773
2025-10-05 22:48:19,301 - root - INFO - new node validate loss: 0.2136
2025-10-05 22:48:19,301 - root - INFO - new node validate average_precision, 0.9749
2025-10-05 22:48:19,301 - root - INFO - new node validate roc_auc, 0.9734
2025-10-05 22:48:19,307 - root - INFO - save model ./saved_models/TGAT/wikipedia/TGAT_lete_seed0/TGAT_lete_seed0.pkl
2025-10-05 22:49:46,684 - root - INFO - Epoch: 8, learning rate: 0.0001, train loss: 0.1960
2025-10-05 22:49:46,685 - root - INFO - train average_precision, 0.9771
2025-10-05 22:49:46,685 - root - INFO - train roc_auc, 0.9764
2025-10-05 22:49:46,685 - root - INFO - validate loss: 0.1912
2025-10-05 22:49:46,685 - root - INFO - validate average_precision, 0.9788
2025-10-05 22:49:46,685 - root - INFO - validate roc_auc, 0.9777
2025-10-05 22:49:46,685 - root - INFO - new node validate loss: 0.2117
2025-10-05 22:49:46,685 - root - INFO - new node validate average_precision, 0.9754
2025-10-05 22:49:46,685 - root - INFO - new node validate roc_auc, 0.9741
2025-10-05 22:49:46,691 - root - INFO - save model ./saved_models/TGAT/wikipedia/TGAT_lete_seed0/TGAT_lete_seed0.pkl
2025-10-05 22:51:13,844 - root - INFO - Epoch: 9, learning rate: 0.0001, train loss: 0.1906
2025-10-05 22:51:13,845 - root - INFO - train average_precision, 0.9783
2025-10-05 22:51:13,845 - root - INFO - train roc_auc, 0.9776
2025-10-05 22:51:13,845 - root - INFO - validate loss: 0.1836
2025-10-05 22:51:13,845 - root - INFO - validate average_precision, 0.9805
2025-10-05 22:51:13,845 - root - INFO - validate roc_auc, 0.9793
2025-10-05 22:51:13,845 - root - INFO - new node validate loss: 0.2008
2025-10-05 22:51:13,845 - root - INFO - new node validate average_precision, 0.9775
2025-10-05 22:51:13,845 - root - INFO - new node validate roc_auc, 0.9761
2025-10-05 22:51:13,851 - root - INFO - save model ./saved_models/TGAT/wikipedia/TGAT_lete_seed0/TGAT_lete_seed0.pkl
2025-10-05 22:52:41,019 - root - INFO - Epoch: 10, learning rate: 0.0001, train loss: 0.1855
2025-10-05 22:52:41,019 - root - INFO - train average_precision, 0.9798
2025-10-05 22:52:41,019 - root - INFO - train roc_auc, 0.9787
2025-10-05 22:52:41,019 - root - INFO - validate loss: 0.1806
2025-10-05 22:52:41,019 - root - INFO - validate average_precision, 0.9809
2025-10-05 22:52:41,019 - root - INFO - validate roc_auc, 0.9802
2025-10-05 22:52:41,019 - root - INFO - new node validate loss: 0.1988
2025-10-05 22:52:41,019 - root - INFO - new node validate average_precision, 0.9790
2025-10-05 22:52:41,020 - root - INFO - new node validate roc_auc, 0.9775
2025-10-05 22:52:41,026 - root - INFO - save model ./saved_models/TGAT/wikipedia/TGAT_lete_seed0/TGAT_lete_seed0.pkl
2025-10-05 22:54:08,433 - root - INFO - Epoch: 11, learning rate: 0.0001, train loss: 0.1820
2025-10-05 22:54:08,433 - root - INFO - train average_precision, 0.9803
2025-10-05 22:54:08,434 - root - INFO - train roc_auc, 0.9794
2025-10-05 22:54:08,434 - root - INFO - validate loss: 0.1748
2025-10-05 22:54:08,434 - root - INFO - validate average_precision, 0.9821
2025-10-05 22:54:08,434 - root - INFO - validate roc_auc, 0.9811
2025-10-05 22:54:08,434 - root - INFO - new node validate loss: 0.1912
2025-10-05 22:54:08,434 - root - INFO - new node validate average_precision, 0.9795
2025-10-05 22:54:08,434 - root - INFO - new node validate roc_auc, 0.9784
2025-10-05 22:54:08,440 - root - INFO - save model ./saved_models/TGAT/wikipedia/TGAT_lete_seed0/TGAT_lete_seed0.pkl
2025-10-05 22:55:35,908 - root - INFO - Epoch: 12, learning rate: 0.0001, train loss: 0.1783
2025-10-05 22:55:35,908 - root - INFO - train average_precision, 0.9813
2025-10-05 22:55:35,908 - root - INFO - train roc_auc, 0.9803
2025-10-05 22:55:35,908 - root - INFO - validate loss: 0.1766
2025-10-05 22:55:35,908 - root - INFO - validate average_precision, 0.9822
2025-10-05 22:55:35,908 - root - INFO - validate roc_auc, 0.9811
2025-10-05 22:55:35,909 - root - INFO - new node validate loss: 0.1898
2025-10-05 22:55:35,909 - root - INFO - new node validate average_precision, 0.9799
2025-10-05 22:55:35,909 - root - INFO - new node validate roc_auc, 0.9787
2025-10-05 22:57:03,082 - root - INFO - Epoch: 13, learning rate: 0.0001, train loss: 0.1765
2025-10-05 22:57:03,083 - root - INFO - train average_precision, 0.9813
2025-10-05 22:57:03,083 - root - INFO - train roc_auc, 0.9806
2025-10-05 22:57:03,083 - root - INFO - validate loss: 0.1729
2025-10-05 22:57:03,083 - root - INFO - validate average_precision, 0.9826
2025-10-05 22:57:03,083 - root - INFO - validate roc_auc, 0.9816
2025-10-05 22:57:03,083 - root - INFO - new node validate loss: 0.1867
2025-10-05 22:57:03,083 - root - INFO - new node validate average_precision, 0.9805
2025-10-05 22:57:03,083 - root - INFO - new node validate roc_auc, 0.9794
2025-10-05 22:57:03,090 - root - INFO - save model ./saved_models/TGAT/wikipedia/TGAT_lete_seed0/TGAT_lete_seed0.pkl
2025-10-05 22:58:31,467 - root - INFO - Epoch: 14, learning rate: 0.0001, train loss: 0.1743
2025-10-05 22:58:31,467 - root - INFO - train average_precision, 0.9818
2025-10-05 22:58:31,468 - root - INFO - train roc_auc, 0.9811
2025-10-05 22:58:31,468 - root - INFO - validate loss: 0.1704
2025-10-05 22:58:31,468 - root - INFO - validate average_precision, 0.9832
2025-10-05 22:58:31,468 - root - INFO - validate roc_auc, 0.9821
2025-10-05 22:58:31,468 - root - INFO - new node validate loss: 0.1844
2025-10-05 22:58:31,468 - root - INFO - new node validate average_precision, 0.9805
2025-10-05 22:58:31,468 - root - INFO - new node validate roc_auc, 0.9793
2025-10-05 22:58:31,473 - root - INFO - save model ./saved_models/TGAT/wikipedia/TGAT_lete_seed0/TGAT_lete_seed0.pkl
2025-10-05 22:59:58,668 - root - INFO - Epoch: 15, learning rate: 0.0001, train loss: 0.1717
2025-10-05 22:59:58,669 - root - INFO - train average_precision, 0.9821
2025-10-05 22:59:58,669 - root - INFO - train roc_auc, 0.9816
2025-10-05 22:59:58,669 - root - INFO - validate loss: 0.1721
2025-10-05 22:59:58,669 - root - INFO - validate average_precision, 0.9827
2025-10-05 22:59:58,669 - root - INFO - validate roc_auc, 0.9820
2025-10-05 22:59:58,669 - root - INFO - new node validate loss: 0.1936
2025-10-05 22:59:58,669 - root - INFO - new node validate average_precision, 0.9803
2025-10-05 22:59:58,669 - root - INFO - new node validate roc_auc, 0.9789
2025-10-05 23:01:25,774 - root - INFO - Epoch: 16, learning rate: 0.0001, train loss: 0.1708
2025-10-05 23:01:25,774 - root - INFO - train average_precision, 0.9821
2025-10-05 23:01:25,774 - root - INFO - train roc_auc, 0.9818
2025-10-05 23:01:25,774 - root - INFO - validate loss: 0.1690
2025-10-05 23:01:25,774 - root - INFO - validate average_precision, 0.9833
2025-10-05 23:01:25,774 - root - INFO - validate roc_auc, 0.9824
2025-10-05 23:01:25,775 - root - INFO - new node validate loss: 0.1869
2025-10-05 23:01:25,775 - root - INFO - new node validate average_precision, 0.9808
2025-10-05 23:01:25,775 - root - INFO - new node validate roc_auc, 0.9796
2025-10-05 23:01:25,780 - root - INFO - save model ./saved_models/TGAT/wikipedia/TGAT_lete_seed0/TGAT_lete_seed0.pkl
2025-10-05 23:02:52,910 - root - INFO - Epoch: 17, learning rate: 0.0001, train loss: 0.1689
2025-10-05 23:02:52,911 - root - INFO - train average_precision, 0.9827
2025-10-05 23:02:52,911 - root - INFO - train roc_auc, 0.9822
2025-10-05 23:02:52,911 - root - INFO - validate loss: 0.1668
2025-10-05 23:02:52,911 - root - INFO - validate average_precision, 0.9836
2025-10-05 23:02:52,911 - root - INFO - validate roc_auc, 0.9828
2025-10-05 23:02:52,911 - root - INFO - new node validate loss: 0.1832
2025-10-05 23:02:52,911 - root - INFO - new node validate average_precision, 0.9812
2025-10-05 23:02:52,911 - root - INFO - new node validate roc_auc, 0.9801
2025-10-05 23:02:52,917 - root - INFO - save model ./saved_models/TGAT/wikipedia/TGAT_lete_seed0/TGAT_lete_seed0.pkl
2025-10-05 23:04:19,959 - root - INFO - Epoch: 18, learning rate: 0.0001, train loss: 0.1671
2025-10-05 23:04:19,959 - root - INFO - train average_precision, 0.9833
2025-10-05 23:04:19,960 - root - INFO - train roc_auc, 0.9826
2025-10-05 23:04:19,960 - root - INFO - validate loss: 0.1688
2025-10-05 23:04:19,960 - root - INFO - validate average_precision, 0.9834
2025-10-05 23:04:19,960 - root - INFO - validate roc_auc, 0.9824
2025-10-05 23:04:19,960 - root - INFO - new node validate loss: 0.1859
2025-10-05 23:04:19,960 - root - INFO - new node validate average_precision, 0.9803
2025-10-05 23:04:19,960 - root - INFO - new node validate roc_auc, 0.9795
2025-10-05 23:05:46,981 - root - INFO - Epoch: 19, learning rate: 0.0001, train loss: 0.1657
2025-10-05 23:05:46,982 - root - INFO - train average_precision, 0.9833
2025-10-05 23:05:46,982 - root - INFO - train roc_auc, 0.9829
2025-10-05 23:05:46,982 - root - INFO - validate loss: 0.1671
2025-10-05 23:05:46,982 - root - INFO - validate average_precision, 0.9839
2025-10-05 23:05:46,982 - root - INFO - validate roc_auc, 0.9829
2025-10-05 23:05:46,982 - root - INFO - new node validate loss: 0.1852
2025-10-05 23:05:46,982 - root - INFO - new node validate average_precision, 0.9808
2025-10-05 23:05:46,982 - root - INFO - new node validate roc_auc, 0.9801
2025-10-05 23:05:46,988 - root - INFO - save model ./saved_models/TGAT/wikipedia/TGAT_lete_seed0/TGAT_lete_seed0.pkl
2025-10-05 23:07:14,713 - root - INFO - Epoch: 20, learning rate: 0.0001, train loss: 0.1630
2025-10-05 23:07:14,713 - root - INFO - train average_precision, 0.9837
2025-10-05 23:07:14,714 - root - INFO - train roc_auc, 0.9833
2025-10-05 23:07:14,714 - root - INFO - validate loss: 0.1672
2025-10-05 23:07:14,714 - root - INFO - validate average_precision, 0.9836
2025-10-05 23:07:14,714 - root - INFO - validate roc_auc, 0.9828
2025-10-05 23:07:14,714 - root - INFO - new node validate loss: 0.1836
2025-10-05 23:07:14,714 - root - INFO - new node validate average_precision, 0.9815
2025-10-05 23:07:14,714 - root - INFO - new node validate roc_auc, 0.9803
2025-10-05 23:08:41,926 - root - INFO - Epoch: 21, learning rate: 0.0001, train loss: 0.1664
2025-10-05 23:08:41,926 - root - INFO - train average_precision, 0.9831
2025-10-05 23:08:41,926 - root - INFO - train roc_auc, 0.9826
2025-10-05 23:08:41,926 - root - INFO - validate loss: 0.1628
2025-10-05 23:08:41,926 - root - INFO - validate average_precision, 0.9843
2025-10-05 23:08:41,927 - root - INFO - validate roc_auc, 0.9835
2025-10-05 23:08:41,927 - root - INFO - new node validate loss: 0.1790
2025-10-05 23:08:41,927 - root - INFO - new node validate average_precision, 0.9815
2025-10-05 23:08:41,927 - root - INFO - new node validate roc_auc, 0.9806
2025-10-05 23:08:41,932 - root - INFO - save model ./saved_models/TGAT/wikipedia/TGAT_lete_seed0/TGAT_lete_seed0.pkl
2025-10-05 23:10:09,006 - root - INFO - Epoch: 22, learning rate: 0.0001, train loss: 0.1611
2025-10-05 23:10:09,007 - root - INFO - train average_precision, 0.9842
2025-10-05 23:10:09,008 - root - INFO - train roc_auc, 0.9837
2025-10-05 23:10:09,008 - root - INFO - validate loss: 0.1655
2025-10-05 23:10:09,008 - root - INFO - validate average_precision, 0.9838
2025-10-05 23:10:09,008 - root - INFO - validate roc_auc, 0.9829
2025-10-05 23:10:09,008 - root - INFO - new node validate loss: 0.1799
2025-10-05 23:10:09,008 - root - INFO - new node validate average_precision, 0.9815
2025-10-05 23:10:09,008 - root - INFO - new node validate roc_auc, 0.9802
2025-10-05 23:11:36,303 - root - INFO - Epoch: 23, learning rate: 0.0001, train loss: 0.1625
2025-10-05 23:11:36,304 - root - INFO - train average_precision, 0.9838
2025-10-05 23:11:36,304 - root - INFO - train roc_auc, 0.9835
2025-10-05 23:11:36,304 - root - INFO - validate loss: 0.1635
2025-10-05 23:11:36,304 - root - INFO - validate average_precision, 0.9843
2025-10-05 23:11:36,304 - root - INFO - validate roc_auc, 0.9833
2025-10-05 23:11:36,304 - root - INFO - new node validate loss: 0.1811
2025-10-05 23:11:36,304 - root - INFO - new node validate average_precision, 0.9816
2025-10-05 23:11:36,304 - root - INFO - new node validate roc_auc, 0.9803
2025-10-05 23:13:03,521 - root - INFO - Epoch: 24, learning rate: 0.0001, train loss: 0.1620
2025-10-05 23:13:03,522 - root - INFO - train average_precision, 0.9839
2025-10-05 23:13:03,522 - root - INFO - train roc_auc, 0.9836
2025-10-05 23:13:03,522 - root - INFO - validate loss: 0.1679
2025-10-05 23:13:03,522 - root - INFO - validate average_precision, 0.9838
2025-10-05 23:13:03,522 - root - INFO - validate roc_auc, 0.9828
2025-10-05 23:13:03,522 - root - INFO - new node validate loss: 0.1857
2025-10-05 23:13:03,522 - root - INFO - new node validate average_precision, 0.9811
2025-10-05 23:13:03,522 - root - INFO - new node validate roc_auc, 0.9799
2025-10-05 23:14:30,810 - root - INFO - Epoch: 25, learning rate: 0.0001, train loss: 0.1594
2025-10-05 23:14:30,810 - root - INFO - train average_precision, 0.9847
2025-10-05 23:14:30,811 - root - INFO - train roc_auc, 0.9841
2025-10-05 23:14:30,811 - root - INFO - validate loss: 0.1706
2025-10-05 23:14:30,811 - root - INFO - validate average_precision, 0.9831
2025-10-05 23:14:30,811 - root - INFO - validate roc_auc, 0.9823
2025-10-05 23:14:30,811 - root - INFO - new node validate loss: 0.1891
2025-10-05 23:14:30,811 - root - INFO - new node validate average_precision, 0.9805
2025-10-05 23:14:30,811 - root - INFO - new node validate roc_auc, 0.9790
2025-10-05 23:15:57,837 - root - INFO - Epoch: 26, learning rate: 0.0001, train loss: 0.1594
2025-10-05 23:15:57,837 - root - INFO - train average_precision, 0.9843
2025-10-05 23:15:57,838 - root - INFO - train roc_auc, 0.9840
2025-10-05 23:15:57,838 - root - INFO - validate loss: 0.1664
2025-10-05 23:15:57,838 - root - INFO - validate average_precision, 0.9840
2025-10-05 23:15:57,838 - root - INFO - validate roc_auc, 0.9831
2025-10-05 23:15:57,838 - root - INFO - new node validate loss: 0.1857
2025-10-05 23:15:57,838 - root - INFO - new node validate average_precision, 0.9815
2025-10-05 23:15:57,838 - root - INFO - new node validate roc_auc, 0.9800
2025-10-05 23:17:25,413 - root - INFO - Epoch: 27, learning rate: 0.0001, train loss: 0.1593
2025-10-05 23:17:25,414 - root - INFO - train average_precision, 0.9842
2025-10-05 23:17:25,414 - root - INFO - train roc_auc, 0.9840
2025-10-05 23:17:25,414 - root - INFO - validate loss: 0.1631
2025-10-05 23:17:25,414 - root - INFO - validate average_precision, 0.9845
2025-10-05 23:17:25,414 - root - INFO - validate roc_auc, 0.9836
2025-10-05 23:17:25,414 - root - INFO - new node validate loss: 0.1805
2025-10-05 23:17:25,414 - root - INFO - new node validate average_precision, 0.9824
2025-10-05 23:17:25,414 - root - INFO - new node validate roc_auc, 0.9810
2025-10-05 23:17:25,420 - root - INFO - save model ./saved_models/TGAT/wikipedia/TGAT_lete_seed0/TGAT_lete_seed0.pkl
2025-10-05 23:18:52,816 - root - INFO - Epoch: 28, learning rate: 0.0001, train loss: 0.1563
2025-10-05 23:18:52,817 - root - INFO - train average_precision, 0.9848
2025-10-05 23:18:52,817 - root - INFO - train roc_auc, 0.9845
2025-10-05 23:18:52,817 - root - INFO - validate loss: 0.1648
2025-10-05 23:18:52,817 - root - INFO - validate average_precision, 0.9842
2025-10-05 23:18:52,817 - root - INFO - validate roc_auc, 0.9833
2025-10-05 23:18:52,817 - root - INFO - new node validate loss: 0.1806
2025-10-05 23:18:52,817 - root - INFO - new node validate average_precision, 0.9815
2025-10-05 23:18:52,817 - root - INFO - new node validate roc_auc, 0.9801
2025-10-05 23:20:19,832 - root - INFO - Epoch: 29, learning rate: 0.0001, train loss: 0.1579
2025-10-05 23:20:19,832 - root - INFO - train average_precision, 0.9845
2025-10-05 23:20:19,833 - root - INFO - train roc_auc, 0.9844
2025-10-05 23:20:19,833 - root - INFO - validate loss: 0.1642
2025-10-05 23:20:19,833 - root - INFO - validate average_precision, 0.9843
2025-10-05 23:20:19,833 - root - INFO - validate roc_auc, 0.9834
2025-10-05 23:20:19,833 - root - INFO - new node validate loss: 0.1782
2025-10-05 23:20:19,833 - root - INFO - new node validate average_precision, 0.9821
2025-10-05 23:20:19,833 - root - INFO - new node validate roc_auc, 0.9810
2025-10-05 23:21:47,497 - root - INFO - Epoch: 30, learning rate: 0.0001, train loss: 0.1562
2025-10-05 23:21:47,498 - root - INFO - train average_precision, 0.9848
2025-10-05 23:21:47,498 - root - INFO - train roc_auc, 0.9846
2025-10-05 23:21:47,498 - root - INFO - validate loss: 0.1655
2025-10-05 23:21:47,498 - root - INFO - validate average_precision, 0.9842
2025-10-05 23:21:47,498 - root - INFO - validate roc_auc, 0.9832
2025-10-05 23:21:47,498 - root - INFO - new node validate loss: 0.1796
2025-10-05 23:21:47,498 - root - INFO - new node validate average_precision, 0.9816
2025-10-05 23:21:47,498 - root - INFO - new node validate roc_auc, 0.9802
2025-10-05 23:23:14,769 - root - INFO - Epoch: 31, learning rate: 0.0001, train loss: 0.1556
2025-10-05 23:23:14,769 - root - INFO - train average_precision, 0.9849
2025-10-05 23:23:14,770 - root - INFO - train roc_auc, 0.9848
2025-10-05 23:23:14,770 - root - INFO - validate loss: 0.1625
2025-10-05 23:23:14,770 - root - INFO - validate average_precision, 0.9846
2025-10-05 23:23:14,770 - root - INFO - validate roc_auc, 0.9838
2025-10-05 23:23:14,770 - root - INFO - new node validate loss: 0.1823
2025-10-05 23:23:14,770 - root - INFO - new node validate average_precision, 0.9816
2025-10-05 23:23:14,770 - root - INFO - new node validate roc_auc, 0.9805
2025-10-05 23:23:14,776 - root - INFO - save model ./saved_models/TGAT/wikipedia/TGAT_lete_seed0/TGAT_lete_seed0.pkl
2025-10-05 23:24:42,366 - root - INFO - Epoch: 32, learning rate: 0.0001, train loss: 0.1553
2025-10-05 23:24:42,366 - root - INFO - train average_precision, 0.9851
2025-10-05 23:24:42,366 - root - INFO - train roc_auc, 0.9848
2025-10-05 23:24:42,366 - root - INFO - validate loss: 0.1641
2025-10-05 23:24:42,366 - root - INFO - validate average_precision, 0.9842
2025-10-05 23:24:42,366 - root - INFO - validate roc_auc, 0.9832
2025-10-05 23:24:42,367 - root - INFO - new node validate loss: 0.1798
2025-10-05 23:24:42,367 - root - INFO - new node validate average_precision, 0.9814
2025-10-05 23:24:42,367 - root - INFO - new node validate roc_auc, 0.9802
2025-10-05 23:26:09,561 - root - INFO - Epoch: 33, learning rate: 0.0001, train loss: 0.1542
2025-10-05 23:26:09,562 - root - INFO - train average_precision, 0.9852
2025-10-05 23:26:09,562 - root - INFO - train roc_auc, 0.9850
2025-10-05 23:26:09,562 - root - INFO - validate loss: 0.1620
2025-10-05 23:26:09,562 - root - INFO - validate average_precision, 0.9848
2025-10-05 23:26:09,562 - root - INFO - validate roc_auc, 0.9838
2025-10-05 23:26:09,562 - root - INFO - new node validate loss: 0.1804
2025-10-05 23:26:09,562 - root - INFO - new node validate average_precision, 0.9809
2025-10-05 23:26:09,562 - root - INFO - new node validate roc_auc, 0.9803
2025-10-05 23:26:09,567 - root - INFO - save model ./saved_models/TGAT/wikipedia/TGAT_lete_seed0/TGAT_lete_seed0.pkl
2025-10-05 23:27:36,946 - root - INFO - Epoch: 34, learning rate: 0.0001, train loss: 0.1524
2025-10-05 23:27:36,946 - root - INFO - train average_precision, 0.9855
2025-10-05 23:27:36,946 - root - INFO - train roc_auc, 0.9853
2025-10-05 23:27:36,946 - root - INFO - validate loss: 0.1664
2025-10-05 23:27:36,946 - root - INFO - validate average_precision, 0.9840
2025-10-05 23:27:36,946 - root - INFO - validate roc_auc, 0.9832
2025-10-05 23:27:36,946 - root - INFO - new node validate loss: 0.1850
2025-10-05 23:27:36,946 - root - INFO - new node validate average_precision, 0.9816
2025-10-05 23:27:36,947 - root - INFO - new node validate roc_auc, 0.9801
2025-10-05 23:29:03,993 - root - INFO - Epoch: 35, learning rate: 0.0001, train loss: 0.1517
2025-10-05 23:29:03,993 - root - INFO - train average_precision, 0.9858
2025-10-05 23:29:03,993 - root - INFO - train roc_auc, 0.9855
2025-10-05 23:29:03,993 - root - INFO - validate loss: 0.1653
2025-10-05 23:29:03,994 - root - INFO - validate average_precision, 0.9842
2025-10-05 23:29:03,994 - root - INFO - validate roc_auc, 0.9834
2025-10-05 23:29:03,994 - root - INFO - new node validate loss: 0.1800
2025-10-05 23:29:03,994 - root - INFO - new node validate average_precision, 0.9819
2025-10-05 23:29:03,994 - root - INFO - new node validate roc_auc, 0.9805
2025-10-05 23:30:31,107 - root - INFO - Epoch: 36, learning rate: 0.0001, train loss: 0.1515
2025-10-05 23:30:31,107 - root - INFO - train average_precision, 0.9856
2025-10-05 23:30:31,107 - root - INFO - train roc_auc, 0.9855
2025-10-05 23:30:31,107 - root - INFO - validate loss: 0.1614
2025-10-05 23:30:31,107 - root - INFO - validate average_precision, 0.9847
2025-10-05 23:30:31,107 - root - INFO - validate roc_auc, 0.9840
2025-10-05 23:30:31,107 - root - INFO - new node validate loss: 0.1822
2025-10-05 23:30:31,107 - root - INFO - new node validate average_precision, 0.9816
2025-10-05 23:30:31,107 - root - INFO - new node validate roc_auc, 0.9803
2025-10-05 23:31:58,361 - root - INFO - Epoch: 37, learning rate: 0.0001, train loss: 0.1516
2025-10-05 23:31:58,362 - root - INFO - train average_precision, 0.9857
2025-10-05 23:31:58,362 - root - INFO - train roc_auc, 0.9855
2025-10-05 23:31:58,362 - root - INFO - validate loss: 0.1653
2025-10-05 23:31:58,362 - root - INFO - validate average_precision, 0.9843
2025-10-05 23:31:58,362 - root - INFO - validate roc_auc, 0.9834
2025-10-05 23:31:58,362 - root - INFO - new node validate loss: 0.1820
2025-10-05 23:31:58,362 - root - INFO - new node validate average_precision, 0.9818
2025-10-05 23:31:58,362 - root - INFO - new node validate roc_auc, 0.9803
2025-10-05 23:33:25,588 - root - INFO - Epoch: 38, learning rate: 0.0001, train loss: 0.1504
2025-10-05 23:33:25,588 - root - INFO - train average_precision, 0.9857
2025-10-05 23:33:25,588 - root - INFO - train roc_auc, 0.9857
2025-10-05 23:33:25,588 - root - INFO - validate loss: 0.1664
2025-10-05 23:33:25,588 - root - INFO - validate average_precision, 0.9843
2025-10-05 23:33:25,588 - root - INFO - validate roc_auc, 0.9834
2025-10-05 23:33:25,588 - root - INFO - new node validate loss: 0.1877
2025-10-05 23:33:25,588 - root - INFO - new node validate average_precision, 0.9815
2025-10-05 23:33:25,588 - root - INFO - new node validate roc_auc, 0.9800
2025-10-05 23:34:52,779 - root - INFO - Epoch: 39, learning rate: 0.0001, train loss: 0.1501
2025-10-05 23:34:52,780 - root - INFO - train average_precision, 0.9858
2025-10-05 23:34:52,780 - root - INFO - train roc_auc, 0.9858
2025-10-05 23:34:52,780 - root - INFO - validate loss: 0.1604
2025-10-05 23:34:52,780 - root - INFO - validate average_precision, 0.9851
2025-10-05 23:34:52,780 - root - INFO - validate roc_auc, 0.9842
2025-10-05 23:34:52,780 - root - INFO - new node validate loss: 0.1809
2025-10-05 23:34:52,780 - root - INFO - new node validate average_precision, 0.9821
2025-10-05 23:34:52,780 - root - INFO - new node validate roc_auc, 0.9809
2025-10-05 23:34:52,786 - root - INFO - save model ./saved_models/TGAT/wikipedia/TGAT_lete_seed0/TGAT_lete_seed0.pkl
2025-10-05 23:36:19,911 - root - INFO - Epoch: 40, learning rate: 0.0001, train loss: 0.1495
2025-10-05 23:36:19,911 - root - INFO - train average_precision, 0.9857
2025-10-05 23:36:19,911 - root - INFO - train roc_auc, 0.9858
2025-10-05 23:36:19,911 - root - INFO - validate loss: 0.1664
2025-10-05 23:36:19,911 - root - INFO - validate average_precision, 0.9843
2025-10-05 23:36:19,911 - root - INFO - validate roc_auc, 0.9835
2025-10-05 23:36:19,911 - root - INFO - new node validate loss: 0.1871
2025-10-05 23:36:19,911 - root - INFO - new node validate average_precision, 0.9816
2025-10-05 23:36:19,912 - root - INFO - new node validate roc_auc, 0.9802
2025-10-05 23:37:47,582 - root - INFO - Epoch: 41, learning rate: 0.0001, train loss: 0.1466
2025-10-05 23:37:47,582 - root - INFO - train average_precision, 0.9867
2025-10-05 23:37:47,582 - root - INFO - train roc_auc, 0.9864
2025-10-05 23:37:47,582 - root - INFO - validate loss: 0.1668
2025-10-05 23:37:47,582 - root - INFO - validate average_precision, 0.9843
2025-10-05 23:37:47,582 - root - INFO - validate roc_auc, 0.9834
2025-10-05 23:37:47,582 - root - INFO - new node validate loss: 0.1847
2025-10-05 23:37:47,582 - root - INFO - new node validate average_precision, 0.9813
2025-10-05 23:37:47,583 - root - INFO - new node validate roc_auc, 0.9802
2025-10-05 23:39:14,671 - root - INFO - Epoch: 42, learning rate: 0.0001, train loss: 0.1485
2025-10-05 23:39:14,671 - root - INFO - train average_precision, 0.9863
2025-10-05 23:39:14,671 - root - INFO - train roc_auc, 0.9861
2025-10-05 23:39:14,671 - root - INFO - validate loss: 0.1633
2025-10-05 23:39:14,671 - root - INFO - validate average_precision, 0.9846
2025-10-05 23:39:14,671 - root - INFO - validate roc_auc, 0.9837
2025-10-05 23:39:14,671 - root - INFO - new node validate loss: 0.1818
2025-10-05 23:39:14,671 - root - INFO - new node validate average_precision, 0.9819
2025-10-05 23:39:14,671 - root - INFO - new node validate roc_auc, 0.9807
2025-10-05 23:40:42,240 - root - INFO - Epoch: 43, learning rate: 0.0001, train loss: 0.1458
2025-10-05 23:40:42,240 - root - INFO - train average_precision, 0.9867
2025-10-05 23:40:42,240 - root - INFO - train roc_auc, 0.9865
2025-10-05 23:40:42,240 - root - INFO - validate loss: 0.1664
2025-10-05 23:40:42,241 - root - INFO - validate average_precision, 0.9845
2025-10-05 23:40:42,241 - root - INFO - validate roc_auc, 0.9836
2025-10-05 23:40:42,241 - root - INFO - new node validate loss: 0.1847
2025-10-05 23:40:42,241 - root - INFO - new node validate average_precision, 0.9820
2025-10-05 23:40:42,241 - root - INFO - new node validate roc_auc, 0.9807
2025-10-05 23:42:10,875 - root - INFO - Epoch: 44, learning rate: 0.0001, train loss: 0.1461
2025-10-05 23:42:10,875 - root - INFO - train average_precision, 0.9866
2025-10-05 23:42:10,875 - root - INFO - train roc_auc, 0.9865
2025-10-05 23:42:10,875 - root - INFO - validate loss: 0.1647
2025-10-05 23:42:10,875 - root - INFO - validate average_precision, 0.9848
2025-10-05 23:42:10,875 - root - INFO - validate roc_auc, 0.9839
2025-10-05 23:42:10,875 - root - INFO - new node validate loss: 0.1806
2025-10-05 23:42:10,875 - root - INFO - new node validate average_precision, 0.9821
2025-10-05 23:42:10,876 - root - INFO - new node validate roc_auc, 0.9808
2025-10-05 23:43:40,043 - root - INFO - Epoch: 45, learning rate: 0.0001, train loss: 0.1435
2025-10-05 23:43:40,043 - root - INFO - train average_precision, 0.9873
2025-10-05 23:43:40,043 - root - INFO - train roc_auc, 0.9870
2025-10-05 23:43:40,043 - root - INFO - validate loss: 0.1648
2025-10-05 23:43:40,043 - root - INFO - validate average_precision, 0.9846
2025-10-05 23:43:40,043 - root - INFO - validate roc_auc, 0.9838
2025-10-05 23:43:40,044 - root - INFO - new node validate loss: 0.1873
2025-10-05 23:43:40,044 - root - INFO - new node validate average_precision, 0.9819
2025-10-05 23:43:40,044 - root - INFO - new node validate roc_auc, 0.9806
2025-10-05 23:45:08,664 - root - INFO - Epoch: 46, learning rate: 0.0001, train loss: 0.1437
2025-10-05 23:45:08,664 - root - INFO - train average_precision, 0.9872
2025-10-05 23:45:08,664 - root - INFO - train roc_auc, 0.9869
2025-10-05 23:45:08,664 - root - INFO - validate loss: 0.1701
2025-10-05 23:45:08,664 - root - INFO - validate average_precision, 0.9845
2025-10-05 23:45:08,665 - root - INFO - validate roc_auc, 0.9835
2025-10-05 23:45:08,665 - root - INFO - new node validate loss: 0.1935
2025-10-05 23:45:08,665 - root - INFO - new node validate average_precision, 0.9818
2025-10-05 23:45:08,665 - root - INFO - new node validate roc_auc, 0.9806
2025-10-05 23:46:37,973 - root - INFO - Epoch: 47, learning rate: 0.0001, train loss: 0.1427
2025-10-05 23:46:37,974 - root - INFO - train average_precision, 0.9871
2025-10-05 23:46:37,974 - root - INFO - train roc_auc, 0.9871
2025-10-05 23:46:37,974 - root - INFO - validate loss: 0.1658
2025-10-05 23:46:37,974 - root - INFO - validate average_precision, 0.9846
2025-10-05 23:46:37,974 - root - INFO - validate roc_auc, 0.9836
2025-10-05 23:46:37,974 - root - INFO - new node validate loss: 0.1781
2025-10-05 23:46:37,974 - root - INFO - new node validate average_precision, 0.9825
2025-10-05 23:46:37,974 - root - INFO - new node validate roc_auc, 0.9811
2025-10-05 23:48:06,288 - root - INFO - Epoch: 48, learning rate: 0.0001, train loss: 0.1433
2025-10-05 23:48:06,289 - root - INFO - train average_precision, 0.9871
2025-10-05 23:48:06,289 - root - INFO - train roc_auc, 0.9870
2025-10-05 23:48:06,289 - root - INFO - validate loss: 0.1619
2025-10-05 23:48:06,289 - root - INFO - validate average_precision, 0.9848
2025-10-05 23:48:06,289 - root - INFO - validate roc_auc, 0.9841
2025-10-05 23:48:06,289 - root - INFO - new node validate loss: 0.1796
2025-10-05 23:48:06,289 - root - INFO - new node validate average_precision, 0.9819
2025-10-05 23:48:06,289 - root - INFO - new node validate roc_auc, 0.9808
2025-10-05 23:49:33,930 - root - INFO - Epoch: 49, learning rate: 0.0001, train loss: 0.1416
2025-10-05 23:49:33,931 - root - INFO - train average_precision, 0.9873
2025-10-05 23:49:33,931 - root - INFO - train roc_auc, 0.9873
2025-10-05 23:49:33,931 - root - INFO - validate loss: 0.1671
2025-10-05 23:49:33,931 - root - INFO - validate average_precision, 0.9842
2025-10-05 23:49:33,931 - root - INFO - validate roc_auc, 0.9833
2025-10-05 23:49:33,931 - root - INFO - new node validate loss: 0.1835
2025-10-05 23:49:33,932 - root - INFO - new node validate average_precision, 0.9817
2025-10-05 23:49:33,932 - root - INFO - new node validate roc_auc, 0.9804
2025-10-05 23:51:01,406 - root - INFO - Epoch: 50, learning rate: 0.0001, train loss: 0.1391
2025-10-05 23:51:01,407 - root - INFO - train average_precision, 0.9879
2025-10-05 23:51:01,407 - root - INFO - train roc_auc, 0.9877
2025-10-05 23:51:01,407 - root - INFO - validate loss: 0.1607
2025-10-05 23:51:01,407 - root - INFO - validate average_precision, 0.9854
2025-10-05 23:51:01,407 - root - INFO - validate roc_auc, 0.9845
2025-10-05 23:51:01,407 - root - INFO - new node validate loss: 0.1777
2025-10-05 23:51:01,407 - root - INFO - new node validate average_precision, 0.9828
2025-10-05 23:51:01,408 - root - INFO - new node validate roc_auc, 0.9816
2025-10-05 23:51:01,413 - root - INFO - save model ./saved_models/TGAT/wikipedia/TGAT_lete_seed0/TGAT_lete_seed0.pkl
2025-10-05 23:52:28,817 - root - INFO - Epoch: 51, learning rate: 0.0001, train loss: 0.1402
2025-10-05 23:52:28,817 - root - INFO - train average_precision, 0.9875
2025-10-05 23:52:28,818 - root - INFO - train roc_auc, 0.9875
2025-10-05 23:52:28,818 - root - INFO - validate loss: 0.1631
2025-10-05 23:52:28,818 - root - INFO - validate average_precision, 0.9850
2025-10-05 23:52:28,818 - root - INFO - validate roc_auc, 0.9842
2025-10-05 23:52:28,818 - root - INFO - new node validate loss: 0.1819
2025-10-05 23:52:28,818 - root - INFO - new node validate average_precision, 0.9826
2025-10-05 23:52:28,818 - root - INFO - new node validate roc_auc, 0.9814
2025-10-05 23:53:56,272 - root - INFO - Epoch: 52, learning rate: 0.0001, train loss: 0.1391
2025-10-05 23:53:56,272 - root - INFO - train average_precision, 0.9878
2025-10-05 23:53:56,272 - root - INFO - train roc_auc, 0.9877
2025-10-05 23:53:56,272 - root - INFO - validate loss: 0.1653
2025-10-05 23:53:56,273 - root - INFO - validate average_precision, 0.9844
2025-10-05 23:53:56,273 - root - INFO - validate roc_auc, 0.9837
2025-10-05 23:53:56,273 - root - INFO - new node validate loss: 0.1780
2025-10-05 23:53:56,273 - root - INFO - new node validate average_precision, 0.9828
2025-10-05 23:53:56,273 - root - INFO - new node validate roc_auc, 0.9812
2025-10-05 23:55:23,667 - root - INFO - Epoch: 53, learning rate: 0.0001, train loss: 0.1373
2025-10-05 23:55:23,668 - root - INFO - train average_precision, 0.9881
2025-10-05 23:55:23,668 - root - INFO - train roc_auc, 0.9880
2025-10-05 23:55:23,668 - root - INFO - validate loss: 0.1631
2025-10-05 23:55:23,668 - root - INFO - validate average_precision, 0.9847
2025-10-05 23:55:23,668 - root - INFO - validate roc_auc, 0.9840
2025-10-05 23:55:23,668 - root - INFO - new node validate loss: 0.1802
2025-10-05 23:55:23,668 - root - INFO - new node validate average_precision, 0.9825
2025-10-05 23:55:23,668 - root - INFO - new node validate roc_auc, 0.9810
2025-10-05 23:56:51,370 - root - INFO - Epoch: 54, learning rate: 0.0001, train loss: 0.1363
2025-10-05 23:56:51,371 - root - INFO - train average_precision, 0.9881
2025-10-05 23:56:51,371 - root - INFO - train roc_auc, 0.9881
2025-10-05 23:56:51,371 - root - INFO - validate loss: 0.1628
2025-10-05 23:56:51,371 - root - INFO - validate average_precision, 0.9847
2025-10-05 23:56:51,371 - root - INFO - validate roc_auc, 0.9840
2025-10-05 23:56:51,371 - root - INFO - new node validate loss: 0.1800
2025-10-05 23:56:51,371 - root - INFO - new node validate average_precision, 0.9826
2025-10-05 23:56:51,371 - root - INFO - new node validate roc_auc, 0.9810
2025-10-05 23:58:18,888 - root - INFO - Epoch: 55, learning rate: 0.0001, train loss: 0.1386
2025-10-05 23:58:18,889 - root - INFO - train average_precision, 0.9875
2025-10-05 23:58:18,889 - root - INFO - train roc_auc, 0.9878
2025-10-05 23:58:18,889 - root - INFO - validate loss: 0.1624
2025-10-05 23:58:18,889 - root - INFO - validate average_precision, 0.9853
2025-10-05 23:58:18,889 - root - INFO - validate roc_auc, 0.9842
2025-10-05 23:58:18,889 - root - INFO - new node validate loss: 0.1762
2025-10-05 23:58:18,889 - root - INFO - new node validate average_precision, 0.9826
2025-10-05 23:58:18,889 - root - INFO - new node validate roc_auc, 0.9812
2025-10-05 23:59:46,582 - root - INFO - Epoch: 56, learning rate: 0.0001, train loss: 0.1365
2025-10-05 23:59:46,583 - root - INFO - train average_precision, 0.9883
2025-10-05 23:59:46,583 - root - INFO - train roc_auc, 0.9882
2025-10-05 23:59:46,583 - root - INFO - validate loss: 0.1616
2025-10-05 23:59:46,583 - root - INFO - validate average_precision, 0.9852
2025-10-05 23:59:46,583 - root - INFO - validate roc_auc, 0.9842
2025-10-05 23:59:46,583 - root - INFO - new node validate loss: 0.1786
2025-10-05 23:59:46,583 - root - INFO - new node validate average_precision, 0.9825
2025-10-05 23:59:46,583 - root - INFO - new node validate roc_auc, 0.9811
2025-10-06 00:01:14,247 - root - INFO - Epoch: 57, learning rate: 0.0001, train loss: 0.1362
2025-10-06 00:01:14,247 - root - INFO - train average_precision, 0.9884
2025-10-06 00:01:14,247 - root - INFO - train roc_auc, 0.9882
2025-10-06 00:01:14,247 - root - INFO - validate loss: 0.1623
2025-10-06 00:01:14,247 - root - INFO - validate average_precision, 0.9853
2025-10-06 00:01:14,247 - root - INFO - validate roc_auc, 0.9843
2025-10-06 00:01:14,247 - root - INFO - new node validate loss: 0.1799
2025-10-06 00:01:14,248 - root - INFO - new node validate average_precision, 0.9823
2025-10-06 00:01:14,248 - root - INFO - new node validate roc_auc, 0.9809
2025-10-06 00:02:42,629 - root - INFO - Epoch: 58, learning rate: 0.0001, train loss: 0.1357
2025-10-06 00:02:42,630 - root - INFO - train average_precision, 0.9882
2025-10-06 00:02:42,630 - root - INFO - train roc_auc, 0.9883
2025-10-06 00:02:42,630 - root - INFO - validate loss: 0.1616
2025-10-06 00:02:42,630 - root - INFO - validate average_precision, 0.9854
2025-10-06 00:02:42,630 - root - INFO - validate roc_auc, 0.9844
2025-10-06 00:02:42,630 - root - INFO - new node validate loss: 0.1772
2025-10-06 00:02:42,630 - root - INFO - new node validate average_precision, 0.9824
2025-10-06 00:02:42,631 - root - INFO - new node validate roc_auc, 0.9813
2025-10-06 00:04:09,981 - root - INFO - Epoch: 59, learning rate: 0.0001, train loss: 0.1347
2025-10-06 00:04:09,982 - root - INFO - train average_precision, 0.9884
2025-10-06 00:04:09,983 - root - INFO - train roc_auc, 0.9885
2025-10-06 00:04:09,983 - root - INFO - validate loss: 0.1619
2025-10-06 00:04:09,983 - root - INFO - validate average_precision, 0.9855
2025-10-06 00:04:09,983 - root - INFO - validate roc_auc, 0.9846
2025-10-06 00:04:09,983 - root - INFO - new node validate loss: 0.1838
2025-10-06 00:04:09,983 - root - INFO - new node validate average_precision, 0.9823
2025-10-06 00:04:09,983 - root - INFO - new node validate roc_auc, 0.9812
2025-10-06 00:04:09,988 - root - INFO - save model ./saved_models/TGAT/wikipedia/TGAT_lete_seed0/TGAT_lete_seed0.pkl
2025-10-06 00:05:38,121 - root - INFO - Epoch: 60, learning rate: 0.0001, train loss: 0.1332
2025-10-06 00:05:38,122 - root - INFO - train average_precision, 0.9888
2025-10-06 00:05:38,122 - root - INFO - train roc_auc, 0.9888
2025-10-06 00:05:38,122 - root - INFO - validate loss: 0.1626
2025-10-06 00:05:38,122 - root - INFO - validate average_precision, 0.9854
2025-10-06 00:05:38,122 - root - INFO - validate roc_auc, 0.9843
2025-10-06 00:05:38,122 - root - INFO - new node validate loss: 0.1771
2025-10-06 00:05:38,122 - root - INFO - new node validate average_precision, 0.9823
2025-10-06 00:05:38,122 - root - INFO - new node validate roc_auc, 0.9813
2025-10-06 00:07:05,699 - root - INFO - Epoch: 61, learning rate: 0.0001, train loss: 0.1330
2025-10-06 00:07:05,700 - root - INFO - train average_precision, 0.9885
2025-10-06 00:07:05,700 - root - INFO - train roc_auc, 0.9886
2025-10-06 00:07:05,700 - root - INFO - validate loss: 0.1626
2025-10-06 00:07:05,700 - root - INFO - validate average_precision, 0.9855
2025-10-06 00:07:05,700 - root - INFO - validate roc_auc, 0.9845
2025-10-06 00:07:05,700 - root - INFO - new node validate loss: 0.1757
2025-10-06 00:07:05,700 - root - INFO - new node validate average_precision, 0.9827
2025-10-06 00:07:05,700 - root - INFO - new node validate roc_auc, 0.9814
2025-10-06 00:08:33,376 - root - INFO - Epoch: 62, learning rate: 0.0001, train loss: 0.1328
2025-10-06 00:08:33,376 - root - INFO - train average_precision, 0.9886
2025-10-06 00:08:33,376 - root - INFO - train roc_auc, 0.9887
2025-10-06 00:08:33,376 - root - INFO - validate loss: 0.1624
2025-10-06 00:08:33,377 - root - INFO - validate average_precision, 0.9852
2025-10-06 00:08:33,377 - root - INFO - validate roc_auc, 0.9842
2025-10-06 00:08:33,377 - root - INFO - new node validate loss: 0.1818
2025-10-06 00:08:33,377 - root - INFO - new node validate average_precision, 0.9822
2025-10-06 00:08:33,377 - root - INFO - new node validate roc_auc, 0.9809
2025-10-06 00:10:01,256 - root - INFO - Epoch: 63, learning rate: 0.0001, train loss: 0.1327
2025-10-06 00:10:01,256 - root - INFO - train average_precision, 0.9886
2025-10-06 00:10:01,257 - root - INFO - train roc_auc, 0.9888
2025-10-06 00:10:01,257 - root - INFO - validate loss: 0.1626
2025-10-06 00:10:01,257 - root - INFO - validate average_precision, 0.9855
2025-10-06 00:10:01,257 - root - INFO - validate roc_auc, 0.9844
2025-10-06 00:10:01,257 - root - INFO - new node validate loss: 0.1832
2025-10-06 00:10:01,257 - root - INFO - new node validate average_precision, 0.9821
2025-10-06 00:10:01,257 - root - INFO - new node validate roc_auc, 0.9809
2025-10-06 00:11:28,571 - root - INFO - Epoch: 64, learning rate: 0.0001, train loss: 0.1337
2025-10-06 00:11:28,571 - root - INFO - train average_precision, 0.9886
2025-10-06 00:11:28,571 - root - INFO - train roc_auc, 0.9886
2025-10-06 00:11:28,571 - root - INFO - validate loss: 0.1612
2025-10-06 00:11:28,571 - root - INFO - validate average_precision, 0.9855
2025-10-06 00:11:28,572 - root - INFO - validate roc_auc, 0.9845
2025-10-06 00:11:28,572 - root - INFO - new node validate loss: 0.1777
2025-10-06 00:11:28,572 - root - INFO - new node validate average_precision, 0.9824
2025-10-06 00:11:28,572 - root - INFO - new node validate roc_auc, 0.9813
2025-10-06 00:12:56,118 - root - INFO - Epoch: 65, learning rate: 0.0001, train loss: 0.1300
2025-10-06 00:12:56,118 - root - INFO - train average_precision, 0.9890
2025-10-06 00:12:56,119 - root - INFO - train roc_auc, 0.9892
2025-10-06 00:12:56,119 - root - INFO - validate loss: 0.1624
2025-10-06 00:12:56,119 - root - INFO - validate average_precision, 0.9854
2025-10-06 00:12:56,119 - root - INFO - validate roc_auc, 0.9843
2025-10-06 00:12:56,119 - root - INFO - new node validate loss: 0.1777
2025-10-06 00:12:56,119 - root - INFO - new node validate average_precision, 0.9827
2025-10-06 00:12:56,119 - root - INFO - new node validate roc_auc, 0.9813
2025-10-06 00:14:24,089 - root - INFO - Epoch: 66, learning rate: 0.0001, train loss: 0.1281
2025-10-06 00:14:24,090 - root - INFO - train average_precision, 0.9894
2025-10-06 00:14:24,090 - root - INFO - train roc_auc, 0.9894
2025-10-06 00:14:24,090 - root - INFO - validate loss: 0.1620
2025-10-06 00:14:24,090 - root - INFO - validate average_precision, 0.9853
2025-10-06 00:14:24,090 - root - INFO - validate roc_auc, 0.9845
2025-10-06 00:14:24,090 - root - INFO - new node validate loss: 0.1785
2025-10-06 00:14:24,090 - root - INFO - new node validate average_precision, 0.9826
2025-10-06 00:14:24,090 - root - INFO - new node validate roc_auc, 0.9815
2025-10-06 00:15:51,487 - root - INFO - Epoch: 67, learning rate: 0.0001, train loss: 0.1293
2025-10-06 00:15:51,487 - root - INFO - train average_precision, 0.9896
2025-10-06 00:15:51,488 - root - INFO - train roc_auc, 0.9894
2025-10-06 00:15:51,488 - root - INFO - validate loss: 0.1627
2025-10-06 00:15:51,488 - root - INFO - validate average_precision, 0.9855
2025-10-06 00:15:51,488 - root - INFO - validate roc_auc, 0.9846
2025-10-06 00:15:51,488 - root - INFO - new node validate loss: 0.1767
2025-10-06 00:15:51,488 - root - INFO - new node validate average_precision, 0.9826
2025-10-06 00:15:51,488 - root - INFO - new node validate roc_auc, 0.9817
2025-10-06 00:17:18,819 - root - INFO - Epoch: 68, learning rate: 0.0001, train loss: 0.1298
2025-10-06 00:17:18,820 - root - INFO - train average_precision, 0.9888
2025-10-06 00:17:18,820 - root - INFO - train roc_auc, 0.9892
2025-10-06 00:17:18,820 - root - INFO - validate loss: 0.1610
2025-10-06 00:17:18,820 - root - INFO - validate average_precision, 0.9855
2025-10-06 00:17:18,820 - root - INFO - validate roc_auc, 0.9846
2025-10-06 00:17:18,820 - root - INFO - new node validate loss: 0.1776
2025-10-06 00:17:18,820 - root - INFO - new node validate average_precision, 0.9829
2025-10-06 00:17:18,820 - root - INFO - new node validate roc_auc, 0.9817
2025-10-06 00:17:18,826 - root - INFO - save model ./saved_models/TGAT/wikipedia/TGAT_lete_seed0/TGAT_lete_seed0.pkl
2025-10-06 00:18:46,700 - root - INFO - Epoch: 69, learning rate: 0.0001, train loss: 0.1276
2025-10-06 00:18:46,701 - root - INFO - train average_precision, 0.9894
2025-10-06 00:18:46,701 - root - INFO - train roc_auc, 0.9895
2025-10-06 00:18:46,701 - root - INFO - validate loss: 0.1601
2025-10-06 00:18:46,701 - root - INFO - validate average_precision, 0.9858
2025-10-06 00:18:46,701 - root - INFO - validate roc_auc, 0.9849
2025-10-06 00:18:46,701 - root - INFO - new node validate loss: 0.1772
2025-10-06 00:18:46,701 - root - INFO - new node validate average_precision, 0.9829
2025-10-06 00:18:46,701 - root - INFO - new node validate roc_auc, 0.9818
2025-10-06 00:18:46,707 - root - INFO - save model ./saved_models/TGAT/wikipedia/TGAT_lete_seed0/TGAT_lete_seed0.pkl
2025-10-06 00:20:14,637 - root - INFO - Epoch: 70, learning rate: 0.0001, train loss: 0.1276
2025-10-06 00:20:14,638 - root - INFO - train average_precision, 0.9895
2025-10-06 00:20:14,638 - root - INFO - train roc_auc, 0.9896
2025-10-06 00:20:14,638 - root - INFO - validate loss: 0.1600
2025-10-06 00:20:14,638 - root - INFO - validate average_precision, 0.9859
2025-10-06 00:20:14,638 - root - INFO - validate roc_auc, 0.9850
2025-10-06 00:20:14,638 - root - INFO - new node validate loss: 0.1747
2025-10-06 00:20:14,638 - root - INFO - new node validate average_precision, 0.9830
2025-10-06 00:20:14,638 - root - INFO - new node validate roc_auc, 0.9821
2025-10-06 00:20:14,644 - root - INFO - save model ./saved_models/TGAT/wikipedia/TGAT_lete_seed0/TGAT_lete_seed0.pkl
2025-10-06 00:21:42,315 - root - INFO - Epoch: 71, learning rate: 0.0001, train loss: 0.1274
2025-10-06 00:21:42,315 - root - INFO - train average_precision, 0.9895
2025-10-06 00:21:42,315 - root - INFO - train roc_auc, 0.9896
2025-10-06 00:21:42,316 - root - INFO - validate loss: 0.1603
2025-10-06 00:21:42,316 - root - INFO - validate average_precision, 0.9856
2025-10-06 00:21:42,316 - root - INFO - validate roc_auc, 0.9848
2025-10-06 00:21:42,316 - root - INFO - new node validate loss: 0.1754
2025-10-06 00:21:42,316 - root - INFO - new node validate average_precision, 0.9828
2025-10-06 00:21:42,316 - root - INFO - new node validate roc_auc, 0.9818
2025-10-06 00:23:09,976 - root - INFO - Epoch: 72, learning rate: 0.0001, train loss: 0.1257
2025-10-06 00:23:09,977 - root - INFO - train average_precision, 0.9895
2025-10-06 00:23:09,977 - root - INFO - train roc_auc, 0.9897
2025-10-06 00:23:09,977 - root - INFO - validate loss: 0.1604
2025-10-06 00:23:09,977 - root - INFO - validate average_precision, 0.9857
2025-10-06 00:23:09,977 - root - INFO - validate roc_auc, 0.9848
2025-10-06 00:23:09,977 - root - INFO - new node validate loss: 0.1753
2025-10-06 00:23:09,977 - root - INFO - new node validate average_precision, 0.9834
2025-10-06 00:23:09,977 - root - INFO - new node validate roc_auc, 0.9823
2025-10-06 00:24:37,202 - root - INFO - Epoch: 73, learning rate: 0.0001, train loss: 0.1250
2025-10-06 00:24:37,203 - root - INFO - train average_precision, 0.9898
2025-10-06 00:24:37,203 - root - INFO - train roc_auc, 0.9899
2025-10-06 00:24:37,203 - root - INFO - validate loss: 0.1660
2025-10-06 00:24:37,203 - root - INFO - validate average_precision, 0.9852
2025-10-06 00:24:37,203 - root - INFO - validate roc_auc, 0.9843
2025-10-06 00:24:37,203 - root - INFO - new node validate loss: 0.1787
2025-10-06 00:24:37,203 - root - INFO - new node validate average_precision, 0.9831
2025-10-06 00:24:37,203 - root - INFO - new node validate roc_auc, 0.9816
2025-10-06 00:26:05,061 - root - INFO - Epoch: 74, learning rate: 0.0001, train loss: 0.1242
2025-10-06 00:26:05,062 - root - INFO - train average_precision, 0.9902
2025-10-06 00:26:05,062 - root - INFO - train roc_auc, 0.9901
2025-10-06 00:26:05,062 - root - INFO - validate loss: 0.1671
2025-10-06 00:26:05,062 - root - INFO - validate average_precision, 0.9851
2025-10-06 00:26:05,062 - root - INFO - validate roc_auc, 0.9843
2025-10-06 00:26:05,062 - root - INFO - new node validate loss: 0.1802
2025-10-06 00:26:05,062 - root - INFO - new node validate average_precision, 0.9824
2025-10-06 00:26:05,062 - root - INFO - new node validate roc_auc, 0.9814
2025-10-06 00:27:32,654 - root - INFO - Epoch: 75, learning rate: 0.0001, train loss: 0.1251
2025-10-06 00:27:32,655 - root - INFO - train average_precision, 0.9898
2025-10-06 00:27:32,655 - root - INFO - train roc_auc, 0.9899
2025-10-06 00:27:32,655 - root - INFO - validate loss: 0.1607
2025-10-06 00:27:32,655 - root - INFO - validate average_precision, 0.9861
2025-10-06 00:27:32,655 - root - INFO - validate roc_auc, 0.9850
2025-10-06 00:27:32,655 - root - INFO - new node validate loss: 0.1750
2025-10-06 00:27:32,655 - root - INFO - new node validate average_precision, 0.9829
2025-10-06 00:27:32,655 - root - INFO - new node validate roc_auc, 0.9821
2025-10-06 00:27:32,661 - root - INFO - save model ./saved_models/TGAT/wikipedia/TGAT_lete_seed0/TGAT_lete_seed0.pkl
2025-10-06 00:29:00,833 - root - INFO - Epoch: 76, learning rate: 0.0001, train loss: 0.1237
2025-10-06 00:29:00,834 - root - INFO - train average_precision, 0.9898
2025-10-06 00:29:00,834 - root - INFO - train roc_auc, 0.9901
2025-10-06 00:29:00,834 - root - INFO - validate loss: 0.1637
2025-10-06 00:29:00,834 - root - INFO - validate average_precision, 0.9855
2025-10-06 00:29:00,834 - root - INFO - validate roc_auc, 0.9844
2025-10-06 00:29:00,834 - root - INFO - new node validate loss: 0.1783
2025-10-06 00:29:00,834 - root - INFO - new node validate average_precision, 0.9825
2025-10-06 00:29:00,834 - root - INFO - new node validate roc_auc, 0.9816
2025-10-06 00:30:28,135 - root - INFO - Epoch: 77, learning rate: 0.0001, train loss: 0.1244
2025-10-06 00:30:28,136 - root - INFO - train average_precision, 0.9900
2025-10-06 00:30:28,136 - root - INFO - train roc_auc, 0.9901
2025-10-06 00:30:28,136 - root - INFO - validate loss: 0.1647
2025-10-06 00:30:28,136 - root - INFO - validate average_precision, 0.9859
2025-10-06 00:30:28,136 - root - INFO - validate roc_auc, 0.9849
2025-10-06 00:30:28,136 - root - INFO - new node validate loss: 0.1766
2025-10-06 00:30:28,136 - root - INFO - new node validate average_precision, 0.9833
2025-10-06 00:30:28,136 - root - INFO - new node validate roc_auc, 0.9821
2025-10-06 00:31:55,796 - root - INFO - Epoch: 78, learning rate: 0.0001, train loss: 0.1226
2025-10-06 00:31:55,797 - root - INFO - train average_precision, 0.9904
2025-10-06 00:31:55,797 - root - INFO - train roc_auc, 0.9904
2025-10-06 00:31:55,797 - root - INFO - validate loss: 0.1918
2025-10-06 00:31:55,797 - root - INFO - validate average_precision, 0.9814
2025-10-06 00:31:55,797 - root - INFO - validate roc_auc, 0.9800
2025-10-06 00:31:55,797 - root - INFO - new node validate loss: 0.1910
2025-10-06 00:31:55,797 - root - INFO - new node validate average_precision, 0.9812
2025-10-06 00:31:55,797 - root - INFO - new node validate roc_auc, 0.9795
2025-10-06 00:33:22,993 - root - INFO - Epoch: 79, learning rate: 0.0001, train loss: 0.1224
2025-10-06 00:33:22,994 - root - INFO - train average_precision, 0.9903
2025-10-06 00:33:22,994 - root - INFO - train roc_auc, 0.9904
2025-10-06 00:33:22,994 - root - INFO - validate loss: 0.1715
2025-10-06 00:33:22,994 - root - INFO - validate average_precision, 0.9851
2025-10-06 00:33:22,994 - root - INFO - validate roc_auc, 0.9842
2025-10-06 00:33:22,994 - root - INFO - new node validate loss: 0.1804
2025-10-06 00:33:22,994 - root - INFO - new node validate average_precision, 0.9830
2025-10-06 00:33:22,994 - root - INFO - new node validate roc_auc, 0.9816
2025-10-06 00:34:50,802 - root - INFO - Epoch: 80, learning rate: 0.0001, train loss: 0.1214
2025-10-06 00:34:50,803 - root - INFO - train average_precision, 0.9902
2025-10-06 00:34:50,803 - root - INFO - train roc_auc, 0.9904
2025-10-06 00:34:50,803 - root - INFO - validate loss: 0.1623
2025-10-06 00:34:50,803 - root - INFO - validate average_precision, 0.9862
2025-10-06 00:34:50,803 - root - INFO - validate roc_auc, 0.9853
2025-10-06 00:34:50,803 - root - INFO - new node validate loss: 0.1747
2025-10-06 00:34:50,803 - root - INFO - new node validate average_precision, 0.9834
2025-10-06 00:34:50,803 - root - INFO - new node validate roc_auc, 0.9825
2025-10-06 00:34:50,810 - root - INFO - save model ./saved_models/TGAT/wikipedia/TGAT_lete_seed0/TGAT_lete_seed0.pkl
2025-10-06 00:36:18,390 - root - INFO - Epoch: 81, learning rate: 0.0001, train loss: 0.1214
2025-10-06 00:36:18,391 - root - INFO - train average_precision, 0.9903
2025-10-06 00:36:18,391 - root - INFO - train roc_auc, 0.9905
2025-10-06 00:36:18,391 - root - INFO - validate loss: 0.1651
2025-10-06 00:36:18,391 - root - INFO - validate average_precision, 0.9859
2025-10-06 00:36:18,391 - root - INFO - validate roc_auc, 0.9850
2025-10-06 00:36:18,391 - root - INFO - new node validate loss: 0.1826
2025-10-06 00:36:18,391 - root - INFO - new node validate average_precision, 0.9828
2025-10-06 00:36:18,392 - root - INFO - new node validate roc_auc, 0.9819
2025-10-06 00:37:45,688 - root - INFO - Epoch: 82, learning rate: 0.0001, train loss: 0.1207
2025-10-06 00:37:45,688 - root - INFO - train average_precision, 0.9906
2025-10-06 00:37:45,688 - root - INFO - train roc_auc, 0.9906
2025-10-06 00:37:45,688 - root - INFO - validate loss: 0.1766
2025-10-06 00:37:45,688 - root - INFO - validate average_precision, 0.9853
2025-10-06 00:37:45,688 - root - INFO - validate roc_auc, 0.9844
2025-10-06 00:37:45,689 - root - INFO - new node validate loss: 0.1850
2025-10-06 00:37:45,689 - root - INFO - new node validate average_precision, 0.9828
2025-10-06 00:37:45,689 - root - INFO - new node validate roc_auc, 0.9819
2025-10-06 00:39:13,854 - root - INFO - Epoch: 83, learning rate: 0.0001, train loss: 0.1204
2025-10-06 00:39:13,854 - root - INFO - train average_precision, 0.9904
2025-10-06 00:39:13,854 - root - INFO - train roc_auc, 0.9905
2025-10-06 00:39:13,855 - root - INFO - validate loss: 0.1646
2025-10-06 00:39:13,855 - root - INFO - validate average_precision, 0.9856
2025-10-06 00:39:13,855 - root - INFO - validate roc_auc, 0.9848
2025-10-06 00:39:13,855 - root - INFO - new node validate loss: 0.1798
2025-10-06 00:39:13,855 - root - INFO - new node validate average_precision, 0.9827
2025-10-06 00:39:13,855 - root - INFO - new node validate roc_auc, 0.9821
2025-10-06 00:40:41,185 - root - INFO - Epoch: 84, learning rate: 0.0001, train loss: 0.1193
2025-10-06 00:40:41,185 - root - INFO - train average_precision, 0.9904
2025-10-06 00:40:41,185 - root - INFO - train roc_auc, 0.9907
2025-10-06 00:40:41,185 - root - INFO - validate loss: 0.1650
2025-10-06 00:40:41,186 - root - INFO - validate average_precision, 0.9859
2025-10-06 00:40:41,186 - root - INFO - validate roc_auc, 0.9852
2025-10-06 00:40:41,186 - root - INFO - new node validate loss: 0.1770
2025-10-06 00:40:41,186 - root - INFO - new node validate average_precision, 0.9837
2025-10-06 00:40:41,186 - root - INFO - new node validate roc_auc, 0.9827
2025-10-06 00:42:08,471 - root - INFO - Epoch: 85, learning rate: 0.0001, train loss: 0.1190
2025-10-06 00:42:08,472 - root - INFO - train average_precision, 0.9904
2025-10-06 00:42:08,472 - root - INFO - train roc_auc, 0.9908
2025-10-06 00:42:08,472 - root - INFO - validate loss: 0.1637
2025-10-06 00:42:08,472 - root - INFO - validate average_precision, 0.9857
2025-10-06 00:42:08,472 - root - INFO - validate roc_auc, 0.9847
2025-10-06 00:42:08,472 - root - INFO - new node validate loss: 0.1817
2025-10-06 00:42:08,472 - root - INFO - new node validate average_precision, 0.9828
2025-10-06 00:42:08,472 - root - INFO - new node validate roc_auc, 0.9815
2025-10-06 00:43:36,010 - root - INFO - Epoch: 86, learning rate: 0.0001, train loss: 0.1197
2025-10-06 00:43:36,010 - root - INFO - train average_precision, 0.9905
2025-10-06 00:43:36,010 - root - INFO - train roc_auc, 0.9907
2025-10-06 00:43:36,010 - root - INFO - validate loss: 0.1663
2025-10-06 00:43:36,010 - root - INFO - validate average_precision, 0.9855
2025-10-06 00:43:36,010 - root - INFO - validate roc_auc, 0.9847
2025-10-06 00:43:36,010 - root - INFO - new node validate loss: 0.1843
2025-10-06 00:43:36,011 - root - INFO - new node validate average_precision, 0.9828
2025-10-06 00:43:36,011 - root - INFO - new node validate roc_auc, 0.9819
2025-10-06 00:45:03,783 - root - INFO - Epoch: 87, learning rate: 0.0001, train loss: 0.1170
2025-10-06 00:45:03,784 - root - INFO - train average_precision, 0.9910
2025-10-06 00:45:03,784 - root - INFO - train roc_auc, 0.9911
2025-10-06 00:45:03,784 - root - INFO - validate loss: 0.1658
2025-10-06 00:45:03,784 - root - INFO - validate average_precision, 0.9857
2025-10-06 00:45:03,784 - root - INFO - validate roc_auc, 0.9848
2025-10-06 00:45:03,784 - root - INFO - new node validate loss: 0.1819
2025-10-06 00:45:03,784 - root - INFO - new node validate average_precision, 0.9827
2025-10-06 00:45:03,784 - root - INFO - new node validate roc_auc, 0.9815
2025-10-06 00:46:31,425 - root - INFO - Epoch: 88, learning rate: 0.0001, train loss: 0.1193
2025-10-06 00:46:31,425 - root - INFO - train average_precision, 0.9902
2025-10-06 00:46:31,425 - root - INFO - train roc_auc, 0.9907
2025-10-06 00:46:31,425 - root - INFO - validate loss: 0.1658
2025-10-06 00:46:31,426 - root - INFO - validate average_precision, 0.9858
2025-10-06 00:46:31,426 - root - INFO - validate roc_auc, 0.9851
2025-10-06 00:46:31,426 - root - INFO - new node validate loss: 0.1777
2025-10-06 00:46:31,426 - root - INFO - new node validate average_precision, 0.9835
2025-10-06 00:46:31,426 - root - INFO - new node validate roc_auc, 0.9824
2025-10-06 00:47:59,006 - root - INFO - Epoch: 89, learning rate: 0.0001, train loss: 0.1184
2025-10-06 00:47:59,007 - root - INFO - train average_precision, 0.9904
2025-10-06 00:47:59,007 - root - INFO - train roc_auc, 0.9908
2025-10-06 00:47:59,007 - root - INFO - validate loss: 0.1849
2025-10-06 00:47:59,007 - root - INFO - validate average_precision, 0.9848
2025-10-06 00:47:59,007 - root - INFO - validate roc_auc, 0.9839
2025-10-06 00:47:59,007 - root - INFO - new node validate loss: 0.1941
2025-10-06 00:47:59,007 - root - INFO - new node validate average_precision, 0.9826
2025-10-06 00:47:59,007 - root - INFO - new node validate roc_auc, 0.9809
2025-10-06 00:49:26,578 - root - INFO - Epoch: 90, learning rate: 0.0001, train loss: 0.1140
2025-10-06 00:49:26,579 - root - INFO - train average_precision, 0.9914
2025-10-06 00:49:26,579 - root - INFO - train roc_auc, 0.9915
2025-10-06 00:49:26,579 - root - INFO - validate loss: 0.1776
2025-10-06 00:49:26,579 - root - INFO - validate average_precision, 0.9853
2025-10-06 00:49:26,579 - root - INFO - validate roc_auc, 0.9841
2025-10-06 00:49:26,579 - root - INFO - new node validate loss: 0.1881
2025-10-06 00:49:26,579 - root - INFO - new node validate average_precision, 0.9826
2025-10-06 00:49:26,579 - root - INFO - new node validate roc_auc, 0.9814
2025-10-06 00:50:53,925 - root - INFO - Epoch: 91, learning rate: 0.0001, train loss: 0.1162
2025-10-06 00:50:53,926 - root - INFO - train average_precision, 0.9909
2025-10-06 00:50:53,926 - root - INFO - train roc_auc, 0.9912
2025-10-06 00:50:53,926 - root - INFO - validate loss: 0.1711
2025-10-06 00:50:53,926 - root - INFO - validate average_precision, 0.9856
2025-10-06 00:50:53,926 - root - INFO - validate roc_auc, 0.9846
2025-10-06 00:50:53,926 - root - INFO - new node validate loss: 0.1818
2025-10-06 00:50:53,926 - root - INFO - new node validate average_precision, 0.9832
2025-10-06 00:50:53,926 - root - INFO - new node validate roc_auc, 0.9817
2025-10-06 00:52:21,790 - root - INFO - Epoch: 92, learning rate: 0.0001, train loss: 0.1154
2025-10-06 00:52:21,791 - root - INFO - train average_precision, 0.9909
2025-10-06 00:52:21,791 - root - INFO - train roc_auc, 0.9912
2025-10-06 00:52:21,791 - root - INFO - validate loss: 0.1758
2025-10-06 00:52:21,791 - root - INFO - validate average_precision, 0.9852
2025-10-06 00:52:21,791 - root - INFO - validate roc_auc, 0.9845
2025-10-06 00:52:21,791 - root - INFO - new node validate loss: 0.1870
2025-10-06 00:52:21,792 - root - INFO - new node validate average_precision, 0.9831
2025-10-06 00:52:21,792 - root - INFO - new node validate roc_auc, 0.9817
2025-10-06 00:53:49,395 - root - INFO - Epoch: 93, learning rate: 0.0001, train loss: 0.1168
2025-10-06 00:53:49,395 - root - INFO - train average_precision, 0.9906
2025-10-06 00:53:49,395 - root - INFO - train roc_auc, 0.9910
2025-10-06 00:53:49,395 - root - INFO - validate loss: 0.1802
2025-10-06 00:53:49,396 - root - INFO - validate average_precision, 0.9854
2025-10-06 00:53:49,396 - root - INFO - validate roc_auc, 0.9846
2025-10-06 00:53:49,396 - root - INFO - new node validate loss: 0.1888
2025-10-06 00:53:49,396 - root - INFO - new node validate average_precision, 0.9822
2025-10-06 00:53:49,396 - root - INFO - new node validate roc_auc, 0.9815
2025-10-06 00:55:17,684 - root - INFO - Epoch: 94, learning rate: 0.0001, train loss: 0.1152
2025-10-06 00:55:17,684 - root - INFO - train average_precision, 0.9910
2025-10-06 00:55:17,684 - root - INFO - train roc_auc, 0.9913
2025-10-06 00:55:17,685 - root - INFO - validate loss: 0.1804
2025-10-06 00:55:17,685 - root - INFO - validate average_precision, 0.9857
2025-10-06 00:55:17,685 - root - INFO - validate roc_auc, 0.9846
2025-10-06 00:55:17,685 - root - INFO - new node validate loss: 0.1891
2025-10-06 00:55:17,685 - root - INFO - new node validate average_precision, 0.9827
2025-10-06 00:55:17,685 - root - INFO - new node validate roc_auc, 0.9817
2025-10-06 00:56:45,106 - root - INFO - Epoch: 95, learning rate: 0.0001, train loss: 0.1130
2025-10-06 00:56:45,107 - root - INFO - train average_precision, 0.9915
2025-10-06 00:56:45,107 - root - INFO - train roc_auc, 0.9916
2025-10-06 00:56:45,107 - root - INFO - validate loss: 0.1783
2025-10-06 00:56:45,107 - root - INFO - validate average_precision, 0.9853
2025-10-06 00:56:45,107 - root - INFO - validate roc_auc, 0.9844
2025-10-06 00:56:45,107 - root - INFO - new node validate loss: 0.1871
2025-10-06 00:56:45,107 - root - INFO - new node validate average_precision, 0.9825
2025-10-06 00:56:45,107 - root - INFO - new node validate roc_auc, 0.9818
2025-10-06 00:58:13,067 - root - INFO - Epoch: 96, learning rate: 0.0001, train loss: 0.1137
2025-10-06 00:58:13,068 - root - INFO - train average_precision, 0.9912
2025-10-06 00:58:13,068 - root - INFO - train roc_auc, 0.9915
2025-10-06 00:58:13,068 - root - INFO - validate loss: 0.1783
2025-10-06 00:58:13,068 - root - INFO - validate average_precision, 0.9857
2025-10-06 00:58:13,068 - root - INFO - validate roc_auc, 0.9847
2025-10-06 00:58:13,068 - root - INFO - new node validate loss: 0.1904
2025-10-06 00:58:13,068 - root - INFO - new node validate average_precision, 0.9827
2025-10-06 00:58:13,068 - root - INFO - new node validate roc_auc, 0.9814
2025-10-06 00:59:40,308 - root - INFO - Epoch: 97, learning rate: 0.0001, train loss: 0.1142
2025-10-06 00:59:40,309 - root - INFO - train average_precision, 0.9908
2025-10-06 00:59:40,309 - root - INFO - train roc_auc, 0.9914
2025-10-06 00:59:40,309 - root - INFO - validate loss: 0.1738
2025-10-06 00:59:40,309 - root - INFO - validate average_precision, 0.9855
2025-10-06 00:59:40,309 - root - INFO - validate roc_auc, 0.9845
2025-10-06 00:59:40,309 - root - INFO - new node validate loss: 0.1892
2025-10-06 00:59:40,309 - root - INFO - new node validate average_precision, 0.9822
2025-10-06 00:59:40,309 - root - INFO - new node validate roc_auc, 0.9812
2025-10-06 01:01:07,793 - root - INFO - Epoch: 98, learning rate: 0.0001, train loss: 0.1136
2025-10-06 01:01:07,793 - root - INFO - train average_precision, 0.9909
2025-10-06 01:01:07,793 - root - INFO - train roc_auc, 0.9914
2025-10-06 01:01:07,793 - root - INFO - validate loss: 0.1728
2025-10-06 01:01:07,793 - root - INFO - validate average_precision, 0.9854
2025-10-06 01:01:07,793 - root - INFO - validate roc_auc, 0.9844
2025-10-06 01:01:07,793 - root - INFO - new node validate loss: 0.1897
2025-10-06 01:01:07,794 - root - INFO - new node validate average_precision, 0.9821
2025-10-06 01:01:07,794 - root - INFO - new node validate roc_auc, 0.9808
2025-10-06 01:02:35,160 - root - INFO - Epoch: 99, learning rate: 0.0001, train loss: 0.1132
2025-10-06 01:02:35,161 - root - INFO - train average_precision, 0.9913
2025-10-06 01:02:35,161 - root - INFO - train roc_auc, 0.9916
2025-10-06 01:02:35,161 - root - INFO - validate loss: 0.1782
2025-10-06 01:02:35,161 - root - INFO - validate average_precision, 0.9847
2025-10-06 01:02:35,161 - root - INFO - validate roc_auc, 0.9837
2025-10-06 01:02:35,161 - root - INFO - new node validate loss: 0.1914
2025-10-06 01:02:35,161 - root - INFO - new node validate average_precision, 0.9817
2025-10-06 01:02:35,161 - root - INFO - new node validate roc_auc, 0.9802
2025-10-06 01:04:02,571 - root - INFO - Epoch: 100, learning rate: 0.0001, train loss: 0.1109
2025-10-06 01:04:02,571 - root - INFO - train average_precision, 0.9915
2025-10-06 01:04:02,571 - root - INFO - train roc_auc, 0.9919
2025-10-06 01:04:02,571 - root - INFO - validate loss: 0.1724
2025-10-06 01:04:02,571 - root - INFO - validate average_precision, 0.9856
2025-10-06 01:04:02,571 - root - INFO - validate roc_auc, 0.9846
2025-10-06 01:04:02,572 - root - INFO - new node validate loss: 0.1860
2025-10-06 01:04:02,572 - root - INFO - new node validate average_precision, 0.9826
2025-10-06 01:04:02,572 - root - INFO - new node validate roc_auc, 0.9815
2025-10-06 01:04:25,149 - root - INFO - test loss: 0.1926
2025-10-06 01:04:25,150 - root - INFO - test average_precision, 0.9822
2025-10-06 01:04:25,150 - root - INFO - best test average_precision: 0.9822
2025-10-06 01:04:25,150 - root - INFO - test roc_auc, 0.9806
2025-10-06 01:04:25,150 - root - INFO - new node test loss: 0.2205
2025-10-06 01:04:25,150 - root - INFO - new node test average_precision, 0.9765
2025-10-06 01:04:25,150 - root - INFO - new node test roc_auc, 0.9747
2025-10-06 01:04:25,158 - root - INFO - load model ./saved_models/TGAT/wikipedia/TGAT_lete_seed0/TGAT_lete_seed0.pkl
2025-10-06 01:04:25,183 - root - INFO - get final performance on dataset wikipedia...
2025-10-06 01:05:10,443 - root - INFO - validate loss: 0.1623
2025-10-06 01:05:10,443 - root - INFO - validate average_precision, 0.9862
2025-10-06 01:05:10,443 - root - INFO - validate roc_auc, 0.9853
2025-10-06 01:05:10,444 - root - INFO - new node validate loss: 0.1747
2025-10-06 01:05:10,444 - root - INFO - new node validate average_precision, 0.9834
2025-10-06 01:05:10,444 - root - INFO - new node validate roc_auc, 0.9825
2025-10-06 01:05:10,444 - root - INFO - test loss: 0.1847
2025-10-06 01:05:10,444 - root - INFO - test average_precision, 0.9827
2025-10-06 01:05:10,444 - root - INFO - test roc_auc, 0.9812
2025-10-06 01:05:10,444 - root - INFO - new node test loss: 0.2149
2025-10-06 01:05:10,444 - root - INFO - new node test average_precision, 0.9765
2025-10-06 01:05:10,444 - root - INFO - new node test roc_auc, 0.9746
2025-10-06 01:05:10,454 - root - INFO - ✅ Metrics saved to: ./saved_metrics/TGAT/wikipedia/TGAT_lete_seed0
2025-10-06 01:05:10,454 - root - INFO - Run 1 cost 8826.78 seconds.
2025-10-06 01:05:10,463 - root - INFO - metrics over 1 runs:
2025-10-06 01:05:10,463 - root - INFO - validate average_precision, [np.float64(0.9861676709363313)]
2025-10-06 01:05:10,463 - root - INFO - average validate average_precision, 0.9862 ± nan
2025-10-06 01:05:10,463 - root - INFO - validate roc_auc, [np.float64(0.9852916985841956)]
2025-10-06 01:05:10,463 - root - INFO - average validate roc_auc, 0.9853 ± nan
2025-10-06 01:05:10,463 - root - INFO - new node validate average_precision, [np.float64(0.9833503013909951)]
2025-10-06 01:05:10,463 - root - INFO - average new node validate average_precision, 0.9834 ± nan
2025-10-06 01:05:10,464 - root - INFO - new node validate roc_auc, [np.float64(0.9824795081967213)]
2025-10-06 01:05:10,464 - root - INFO - average new node validate roc_auc, 0.9825 ± nan
2025-10-06 01:05:10,464 - root - INFO - test average_precision, [np.float64(0.9827231698754165)]
2025-10-06 01:05:10,464 - root - INFO - average test average_precision, 0.9827 ± nan
2025-10-06 01:05:10,464 - root - INFO - test roc_auc, [np.float64(0.9811787815126048)]
2025-10-06 01:05:10,464 - root - INFO - average test roc_auc, 0.9812 ± nan
2025-10-06 01:05:10,464 - root - INFO - new node test average_precision, [np.float64(0.9764946840583884)]
2025-10-06 01:05:10,465 - root - INFO - average new node test average_precision, 0.9765 ± nan
2025-10-06 01:05:10,465 - root - INFO - new node test roc_auc, [np.float64(0.974570304540066)]
2025-10-06 01:05:10,465 - root - INFO - average new node test roc_auc, 0.9746 ± nan
