2025-10-08 10:09:49,435 - root - INFO - ********** Run 2 starts. **********
2025-10-08 10:09:49,436 - root - INFO - configuration is Namespace(dataset_name='enron', batch_size=200, model_name='JODIE', gpu=0, num_neighbors=10, sample_neighbor_strategy='uniform', time_scaling_factor=1e-06, num_walk_heads=8, num_heads=2, num_layers=1, walk_length=1, time_gap=2000, time_feat_dim=100, position_feat_dim=172, time_window_mode='fixed_proportion', time_encoder_type='time2vec', expert_dim=128, num_mixtures=16, sort_neighbors_by_time=False, patch_size=1, channel_embedding_dim=50, max_input_sequence_length=32, learning_rate=0.0001, dropout=0.1, gamma=0.5, num_epochs=2, optimizer='Adam', weight_decay=0.0, patience=20, val_ratio=0.15, test_ratio=0.15, num_runs=2, test_interval_epochs=100, negative_sample_strategy='random', max_interaction_times=10, load_best_configs=True, data_ratio=0.05, seed=1, save_model_name_suffix='', ablation_dir='', mamba_d_state=256, mamba_d_conv=4, mamba_expand=2, mamba_headdim=64, resume_from_checkpoint=None, save_checkpoints=True, checkpoint_interval=20, start_from_seed=0, max_checkpoints_to_keep=3, checkpoint_strategy='minimal', validate_checkpoints=True, device='cuda:0', save_model_name='JODIE_time2vec_seed1')
2025-10-08 10:09:49,437 - root - INFO - Metrics will be saved to: ./saved_metrics/JODIE/enron/JODIE_time2vec_seed1
2025-10-08 10:09:49,437 - root - INFO - time encoder type: time2vec
2025-10-08 10:09:49,437 - root - INFO - Time encoder will be injected into JODIE model
2025-10-08 10:09:49,483 - root - INFO - model -> Sequential(
  (0): MemoryModel(
    (time_encoder): TimeEncoder(
      (w): Linear(in_features=1, out_features=100, bias=True)
    )
    (message_aggregator): MessageAggregator()
    (memory_bank): MemoryBank(num_nodes=185, memory_dim=172)
    (memory_updater): RNNMemoryUpdater(
      (memory_bank): MemoryBank(num_nodes=185, memory_dim=172)
      (memory_updater): RNNCell(616, 172)
    )
    (embedding_module): TimeProjectionEmbedding(
      (dropout): Dropout(p=0.1, inplace=False)
      (linear_layer): Linear(in_features=1, out_features=172, bias=True)
    )
  )
  (1): MergeLayer(
    (fc1): Linear(in_features=344, out_features=172, bias=True)
    (fc2): Linear(in_features=172, out_features=1, bias=True)
    (act): ReLU()
  )
)
2025-10-08 10:09:49,483 - root - INFO - model name: JODIE, #parameters: 783748 B, 765.37890625 KB, 0.7474403381347656 MB.
2025-10-08 10:09:49,770 - root - INFO - Epoch: 1, learning rate: 0.0001, train loss: 0.6881
2025-10-08 10:09:49,770 - root - INFO - train average_precision, 0.5892
2025-10-08 10:09:49,771 - root - INFO - train roc_auc, 0.5879
2025-10-08 10:09:49,771 - root - INFO - validate loss: 0.6758
2025-10-08 10:09:49,771 - root - INFO - validate average_precision, 0.6723
2025-10-08 10:09:49,771 - root - INFO - validate roc_auc, 0.7196
2025-10-08 10:09:49,771 - root - INFO - new node validate loss: 0.7017
2025-10-08 10:09:49,771 - root - INFO - new node validate average_precision, 0.4730
2025-10-08 10:09:49,771 - root - INFO - new node validate roc_auc, 0.4356
2025-10-08 10:09:49,780 - root - INFO - save model ./saved_models/JODIE/enron/JODIE_time2vec_seed1/JODIE_time2vec_seed1.pkl
2025-10-08 10:09:50,137 - root - INFO - Epoch: 2, learning rate: 0.0001, train loss: 0.6514
2025-10-08 10:09:50,137 - root - INFO - train average_precision, 0.7434
2025-10-08 10:09:50,137 - root - INFO - train roc_auc, 0.7889
2025-10-08 10:09:50,137 - root - INFO - validate loss: 0.6400
2025-10-08 10:09:50,137 - root - INFO - validate average_precision, 0.7079
2025-10-08 10:09:50,137 - root - INFO - validate roc_auc, 0.7803
2025-10-08 10:09:50,137 - root - INFO - new node validate loss: 0.7194
2025-10-08 10:09:50,138 - root - INFO - new node validate average_precision, 0.4874
2025-10-08 10:09:50,138 - root - INFO - new node validate roc_auc, 0.4469
2025-10-08 10:09:50,142 - root - INFO - save model ./saved_models/JODIE/enron/JODIE_time2vec_seed1/JODIE_time2vec_seed1.pkl
2025-10-08 10:09:50,209 - root - INFO - load model ./saved_models/JODIE/enron/JODIE_time2vec_seed1/JODIE_time2vec_seed1.pkl
2025-10-08 10:09:50,269 - root - INFO - get final performance on dataset enron...
2025-10-08 10:09:50,323 - root - INFO - test loss: 0.6594
2025-10-08 10:09:50,323 - root - INFO - test average_precision, 0.6796
2025-10-08 10:09:50,323 - root - INFO - test roc_auc, 0.7298
2025-10-08 10:09:50,323 - root - INFO - new node test loss: 0.6652
2025-10-08 10:09:50,324 - root - INFO - new node test average_precision, 0.6491
2025-10-08 10:09:50,324 - root - INFO - new node test roc_auc, 0.6526
2025-10-08 10:09:50,333 - root - INFO - ✅ Metrics saved to: ./saved_metrics/JODIE/enron/JODIE_time2vec_seed1
2025-10-08 10:09:50,333 - root - INFO - Run 2 cost 0.90 seconds.
2025-10-08 10:09:50,336 - root - INFO - metrics over 2 runs:
2025-10-08 10:09:50,336 - root - INFO - test average_precision, [np.float64(0.6824188535146261), np.float64(0.6795980492367308)]
2025-10-08 10:09:50,337 - root - INFO - average test average_precision, 0.6810 ± 0.0020
2025-10-08 10:09:50,337 - root - INFO - test roc_auc, [np.float64(0.7380538774128744), np.float64(0.7298007684077212)]
2025-10-08 10:09:50,337 - root - INFO - average test roc_auc, 0.7339 ± 0.0058
2025-10-08 10:09:50,337 - root - INFO - new node test average_precision, [np.float64(0.6026659043666255), np.float64(0.6491337063888662)]
2025-10-08 10:09:50,337 - root - INFO - average new node test average_precision, 0.6259 ± 0.0329
2025-10-08 10:09:50,337 - root - INFO - new node test roc_auc, [np.float64(0.6487278106508875), np.float64(0.6525739644970414)]
2025-10-08 10:09:50,337 - root - INFO - average new node test roc_auc, 0.6507 ± 0.0027
