2025-10-08 10:28:19,833 - root - INFO - ********** Run 2 starts. **********
2025-10-08 10:28:19,833 - root - INFO - configuration is Namespace(dataset_name='Flights', batch_size=200, model_name='GraphMixer', gpu=0, num_neighbors=20, sample_neighbor_strategy='recent', time_scaling_factor=1e-06, num_walk_heads=8, num_heads=2, num_layers=2, walk_length=1, time_gap=2000, time_feat_dim=100, position_feat_dim=172, time_window_mode='fixed_proportion', time_encoder_type='time2vec', expert_dim=128, num_mixtures=16, sort_neighbors_by_time=False, patch_size=1, channel_embedding_dim=50, max_input_sequence_length=32, learning_rate=0.0001, dropout=0.2, gamma=0.5, num_epochs=2, optimizer='Adam', weight_decay=0.0, patience=20, val_ratio=0.15, test_ratio=0.15, num_runs=2, test_interval_epochs=100, negative_sample_strategy='random', max_interaction_times=10, load_best_configs=True, data_ratio=0.05, seed=1, save_model_name_suffix='', ablation_dir='', mamba_d_state=256, mamba_d_conv=4, mamba_expand=2, mamba_headdim=64, resume_from_checkpoint=None, save_checkpoints=True, checkpoint_interval=20, start_from_seed=0, max_checkpoints_to_keep=3, checkpoint_strategy='minimal', validate_checkpoints=True, device='cuda:0', save_model_name='GraphMixer_time2vec_seed1')
2025-10-08 10:28:19,834 - root - INFO - Metrics will be saved to: ./saved_metrics/GraphMixer/Flights/GraphMixer_time2vec_seed1
2025-10-08 10:28:19,835 - root - INFO - time encoder type: time2vec
2025-10-08 10:28:19,835 - root - INFO - Time encoder will be injected into GraphMixer model
2025-10-08 10:28:20,432 - root - INFO - model -> Sequential(
  (0): GraphMixer(
    (time_encoder): TimeEncoderWrapper(
      (encoder): Time2VecEncoder(
        (time2vec_layer): SineActivation()
      )
    )
    (projection_layer): Linear(in_features=272, out_features=172, bias=True)
    (mlp_mixers): ModuleList(
      (0-1): 2 x MLPMixer(
        (token_norm): LayerNorm((20,), eps=1e-05, elementwise_affine=True)
        (token_feedforward): FeedForwardNet(
          (ffn): Sequential(
            (0): Linear(in_features=20, out_features=10, bias=True)
            (1): GELU(approximate='none')
            (2): Dropout(p=0.2, inplace=False)
            (3): Linear(in_features=10, out_features=20, bias=True)
            (4): Dropout(p=0.2, inplace=False)
          )
        )
        (channel_norm): LayerNorm((172,), eps=1e-05, elementwise_affine=True)
        (channel_feedforward): FeedForwardNet(
          (ffn): Sequential(
            (0): Linear(in_features=172, out_features=688, bias=True)
            (1): GELU(approximate='none')
            (2): Dropout(p=0.2, inplace=False)
            (3): Linear(in_features=688, out_features=172, bias=True)
            (4): Dropout(p=0.2, inplace=False)
          )
        )
      )
    )
    (output_layer): Linear(in_features=344, out_features=172, bias=True)
  )
  (1): MergeLayer(
    (fc1): Linear(in_features=344, out_features=172, bias=True)
    (fc2): Linear(in_features=172, out_features=1, bias=True)
    (act): ReLU()
  )
)
2025-10-08 10:28:20,433 - root - INFO - model name: GraphMixer, #parameters: 2570804 B, 2510.55078125 KB, 2.451709747314453 MB.
2025-10-08 10:28:35,653 - root - INFO - Epoch: 1, learning rate: 0.0001, train loss: 0.5486
2025-10-08 10:28:35,654 - root - INFO - train average_precision, 0.7299
2025-10-08 10:28:35,654 - root - INFO - train roc_auc, 0.7286
2025-10-08 10:28:35,654 - root - INFO - validate loss: 0.4570
2025-10-08 10:28:35,654 - root - INFO - validate average_precision, 0.8650
2025-10-08 10:28:35,654 - root - INFO - validate roc_auc, 0.8701
2025-10-08 10:28:35,654 - root - INFO - new node validate loss: 0.7153
2025-10-08 10:28:35,654 - root - INFO - new node validate average_precision, 0.7095
2025-10-08 10:28:35,654 - root - INFO - new node validate roc_auc, 0.7338
2025-10-08 10:28:35,663 - root - INFO - save model ./saved_models/GraphMixer/Flights/GraphMixer_time2vec_seed1/GraphMixer_time2vec_seed1.pkl
2025-10-08 10:28:50,906 - root - INFO - Epoch: 2, learning rate: 0.0001, train loss: 0.5381
2025-10-08 10:28:50,907 - root - INFO - train average_precision, 0.7357
2025-10-08 10:28:50,907 - root - INFO - train roc_auc, 0.7358
2025-10-08 10:28:50,907 - root - INFO - validate loss: 0.4479
2025-10-08 10:28:50,907 - root - INFO - validate average_precision, 0.8677
2025-10-08 10:28:50,907 - root - INFO - validate roc_auc, 0.8735
2025-10-08 10:28:50,908 - root - INFO - new node validate loss: 0.6911
2025-10-08 10:28:50,908 - root - INFO - new node validate average_precision, 0.7114
2025-10-08 10:28:50,908 - root - INFO - new node validate roc_auc, 0.7337
2025-10-08 10:28:50,914 - root - INFO - save model ./saved_models/GraphMixer/Flights/GraphMixer_time2vec_seed1/GraphMixer_time2vec_seed1.pkl
2025-10-08 10:28:50,943 - root - INFO - load model ./saved_models/GraphMixer/Flights/GraphMixer_time2vec_seed1/GraphMixer_time2vec_seed1.pkl
2025-10-08 10:28:50,954 - root - INFO - get final performance on dataset Flights...
2025-10-08 10:28:55,665 - root - INFO - validate loss: 0.4479
2025-10-08 10:28:55,665 - root - INFO - validate average_precision, 0.8677
2025-10-08 10:28:55,665 - root - INFO - validate roc_auc, 0.8735
2025-10-08 10:28:55,665 - root - INFO - new node validate loss: 0.6911
2025-10-08 10:28:55,665 - root - INFO - new node validate average_precision, 0.7114
2025-10-08 10:28:55,666 - root - INFO - new node validate roc_auc, 0.7337
2025-10-08 10:28:55,666 - root - INFO - test loss: 0.4845
2025-10-08 10:28:55,666 - root - INFO - test average_precision, 0.8299
2025-10-08 10:28:55,666 - root - INFO - test roc_auc, 0.8355
2025-10-08 10:28:55,666 - root - INFO - new node test loss: 0.8084
2025-10-08 10:28:55,666 - root - INFO - new node test average_precision, 0.6188
2025-10-08 10:28:55,666 - root - INFO - new node test roc_auc, 0.6181
2025-10-08 10:28:55,674 - root - INFO - ✅ Metrics saved to: ./saved_metrics/GraphMixer/Flights/GraphMixer_time2vec_seed1
2025-10-08 10:28:55,674 - root - INFO - Run 2 cost 35.84 seconds.
2025-10-08 10:28:55,678 - root - INFO - metrics over 2 runs:
2025-10-08 10:28:55,678 - root - INFO - validate average_precision, [np.float64(0.8652760539517683), np.float64(0.867692824096551)]
2025-10-08 10:28:55,679 - root - INFO - average validate average_precision, 0.8665 ± 0.0017
2025-10-08 10:28:55,679 - root - INFO - validate roc_auc, [np.float64(0.870666164869105), np.float64(0.8734662096219088)]
2025-10-08 10:28:55,679 - root - INFO - average validate roc_auc, 0.8721 ± 0.0020
2025-10-08 10:28:55,679 - root - INFO - new node validate average_precision, [np.float64(0.7069627786302295), np.float64(0.7114035300999128)]
2025-10-08 10:28:55,679 - root - INFO - average new node validate average_precision, 0.7092 ± 0.0031
2025-10-08 10:28:55,679 - root - INFO - new node validate roc_auc, [np.float64(0.7314954596990311), np.float64(0.7336880574452003)]
2025-10-08 10:28:55,679 - root - INFO - average new node validate roc_auc, 0.7326 ± 0.0016
2025-10-08 10:28:55,679 - root - INFO - test average_precision, [np.float64(0.8302492770090965), np.float64(0.8298529883745465)]
2025-10-08 10:28:55,679 - root - INFO - average test average_precision, 0.8301 ± 0.0003
2025-10-08 10:28:55,680 - root - INFO - test roc_auc, [np.float64(0.835460625), np.float64(0.835543125)]
2025-10-08 10:28:55,680 - root - INFO - average test roc_auc, 0.8355 ± 0.0001
2025-10-08 10:28:55,680 - root - INFO - new node test average_precision, [np.float64(0.6136987828858474), np.float64(0.6187956252495793)]
2025-10-08 10:28:55,680 - root - INFO - average new node test average_precision, 0.6162 ± 0.0036
2025-10-08 10:28:55,680 - root - INFO - new node test roc_auc, [np.float64(0.6162631160627516), np.float64(0.6180992850201306)]
2025-10-08 10:28:55,680 - root - INFO - average new node test roc_auc, 0.6172 ± 0.0013
