2025-10-08 10:25:32,522 - root - INFO - ********** Run 1 starts. **********
2025-10-08 10:25:32,522 - root - INFO - configuration is Namespace(dataset_name='uci', batch_size=200, model_name='GraphMixer', gpu=0, num_neighbors=20, sample_neighbor_strategy='recent', time_scaling_factor=1e-06, num_walk_heads=8, num_heads=2, num_layers=2, walk_length=1, time_gap=2000, time_feat_dim=100, position_feat_dim=172, time_window_mode='fixed_proportion', time_encoder_type='time2vec', expert_dim=128, num_mixtures=16, sort_neighbors_by_time=False, patch_size=1, channel_embedding_dim=50, max_input_sequence_length=32, learning_rate=0.0001, dropout=0.4, gamma=0.5, num_epochs=2, optimizer='Adam', weight_decay=0.0, patience=20, val_ratio=0.15, test_ratio=0.15, num_runs=2, test_interval_epochs=100, negative_sample_strategy='random', max_interaction_times=10, load_best_configs=True, data_ratio=0.05, seed=0, save_model_name_suffix='', ablation_dir='', mamba_d_state=256, mamba_d_conv=4, mamba_expand=2, mamba_headdim=64, resume_from_checkpoint=None, save_checkpoints=True, checkpoint_interval=5, start_from_seed=0, max_checkpoints_to_keep=3, checkpoint_strategy='minimal', validate_checkpoints=True, device='cuda:0', save_model_name='GraphMixer_time2vec_seed0')
2025-10-08 10:25:32,525 - root - INFO - Metrics will be saved to: ./saved_metrics/GraphMixer/uci/GraphMixer_time2vec_seed0
2025-10-08 10:25:32,525 - root - INFO - time encoder type: time2vec
2025-10-08 10:25:32,525 - root - INFO - Time encoder will be injected into GraphMixer model
2025-10-08 10:25:32,735 - root - INFO - model -> Sequential(
  (0): GraphMixer(
    (time_encoder): TimeEncoderWrapper(
      (encoder): Time2VecEncoder(
        (time2vec_layer): SineActivation()
      )
    )
    (projection_layer): Linear(in_features=272, out_features=172, bias=True)
    (mlp_mixers): ModuleList(
      (0-1): 2 x MLPMixer(
        (token_norm): LayerNorm((20,), eps=1e-05, elementwise_affine=True)
        (token_feedforward): FeedForwardNet(
          (ffn): Sequential(
            (0): Linear(in_features=20, out_features=10, bias=True)
            (1): GELU(approximate='none')
            (2): Dropout(p=0.4, inplace=False)
            (3): Linear(in_features=10, out_features=20, bias=True)
            (4): Dropout(p=0.4, inplace=False)
          )
        )
        (channel_norm): LayerNorm((172,), eps=1e-05, elementwise_affine=True)
        (channel_feedforward): FeedForwardNet(
          (ffn): Sequential(
            (0): Linear(in_features=172, out_features=688, bias=True)
            (1): GELU(approximate='none')
            (2): Dropout(p=0.4, inplace=False)
            (3): Linear(in_features=688, out_features=172, bias=True)
            (4): Dropout(p=0.4, inplace=False)
          )
        )
      )
    )
    (output_layer): Linear(in_features=344, out_features=172, bias=True)
  )
  (1): MergeLayer(
    (fc1): Linear(in_features=344, out_features=172, bias=True)
    (fc2): Linear(in_features=172, out_features=1, bias=True)
    (act): ReLU()
  )
)
2025-10-08 10:25:32,735 - root - INFO - model name: GraphMixer, #parameters: 2570804 B, 2510.55078125 KB, 2.451709747314453 MB.
2025-10-08 10:25:34,233 - root - INFO - Epoch: 1, learning rate: 0.0001, train loss: 30.7723
2025-10-08 10:25:34,233 - root - INFO - train average_precision, 0.4803
2025-10-08 10:25:34,233 - root - INFO - train roc_auc, 0.4658
2025-10-08 10:25:34,233 - root - INFO - validate loss: 41.5312
2025-10-08 10:25:34,233 - root - INFO - validate average_precision, 0.4621
2025-10-08 10:25:34,233 - root - INFO - validate roc_auc, 0.4380
2025-10-08 10:25:34,233 - root - INFO - new node validate loss: 36.4257
2025-10-08 10:25:34,233 - root - INFO - new node validate average_precision, 0.4621
2025-10-08 10:25:34,234 - root - INFO - new node validate roc_auc, 0.4384
2025-10-08 10:25:34,242 - root - INFO - save model ./saved_models/GraphMixer/uci/GraphMixer_time2vec_seed0/GraphMixer_time2vec_seed0.pkl
2025-10-08 10:25:34,821 - root - INFO - Epoch: 2, learning rate: 0.0001, train loss: 37.4930
2025-10-08 10:25:34,821 - root - INFO - train average_precision, 0.5010
2025-10-08 10:25:34,821 - root - INFO - train roc_auc, 0.4924
2025-10-08 10:25:34,821 - root - INFO - validate loss: 46.6415
2025-10-08 10:25:34,821 - root - INFO - validate average_precision, 0.4915
2025-10-08 10:25:34,821 - root - INFO - validate roc_auc, 0.4845
2025-10-08 10:25:34,821 - root - INFO - new node validate loss: 45.3229
2025-10-08 10:25:34,821 - root - INFO - new node validate average_precision, 0.4884
2025-10-08 10:25:34,821 - root - INFO - new node validate roc_auc, 0.4790
2025-10-08 10:25:34,826 - root - INFO - save model ./saved_models/GraphMixer/uci/GraphMixer_time2vec_seed0/GraphMixer_time2vec_seed0.pkl
2025-10-08 10:25:34,854 - root - INFO - load model ./saved_models/GraphMixer/uci/GraphMixer_time2vec_seed0/GraphMixer_time2vec_seed0.pkl
2025-10-08 10:25:34,870 - root - INFO - get final performance on dataset uci...
2025-10-08 10:25:35,111 - root - INFO - validate loss: 46.6415
2025-10-08 10:25:35,111 - root - INFO - validate average_precision, 0.4915
2025-10-08 10:25:35,112 - root - INFO - validate roc_auc, 0.4845
2025-10-08 10:25:35,112 - root - INFO - new node validate loss: 45.3229
2025-10-08 10:25:35,112 - root - INFO - new node validate average_precision, 0.4884
2025-10-08 10:25:35,112 - root - INFO - new node validate roc_auc, 0.4790
2025-10-08 10:25:35,112 - root - INFO - test loss: 47.8573
2025-10-08 10:25:35,112 - root - INFO - test average_precision, 0.4888
2025-10-08 10:25:35,112 - root - INFO - test roc_auc, 0.4775
2025-10-08 10:25:35,112 - root - INFO - new node test loss: 43.0145
2025-10-08 10:25:35,112 - root - INFO - new node test average_precision, 0.5085
2025-10-08 10:25:35,112 - root - INFO - new node test roc_auc, 0.5161
2025-10-08 10:25:35,120 - root - INFO - ✅ Metrics saved to: ./saved_metrics/GraphMixer/uci/GraphMixer_time2vec_seed0
2025-10-08 10:25:35,120 - root - INFO - Run 1 cost 2.60 seconds.
