2025-10-08 12:03:22,157 - root - INFO - ********** Run 2 starts. **********
2025-10-08 12:03:22,157 - root - INFO - configuration is Namespace(dataset_name='mooc', batch_size=200, model_name='GraphMixer', gpu=0, num_neighbors=20, sample_neighbor_strategy='recent', time_scaling_factor=1e-06, num_walk_heads=8, num_heads=2, num_layers=2, walk_length=1, time_gap=2000, time_feat_dim=100, position_feat_dim=172, time_window_mode='fixed_proportion', time_encoder_type='lete', expert_dim=128, num_mixtures=16, sort_neighbors_by_time=False, patch_size=1, channel_embedding_dim=50, max_input_sequence_length=32, learning_rate=0.0001, dropout=0.4, gamma=0.5, num_epochs=2, optimizer='Adam', weight_decay=0.0, patience=20, val_ratio=0.15, test_ratio=0.15, num_runs=2, test_interval_epochs=100, negative_sample_strategy='random', max_interaction_times=10, load_best_configs=True, data_ratio=0.05, seed=1, save_model_name_suffix='', ablation_dir='', mamba_d_state=256, mamba_d_conv=4, mamba_expand=2, mamba_headdim=64, resume_from_checkpoint=None, save_checkpoints=True, checkpoint_interval=20, start_from_seed=0, max_checkpoints_to_keep=3, checkpoint_strategy='minimal', validate_checkpoints=True, device='cuda:0', save_model_name='GraphMixer_lete_seed1')
2025-10-08 12:03:22,159 - root - INFO - Metrics will be saved to: ./saved_metrics/GraphMixer/mooc/GraphMixer_lete_seed1
2025-10-08 12:03:22,172 - root - INFO - time encoder type: lete
2025-10-08 12:03:22,172 - root - INFO - Time encoder will be injected into GraphMixer model
2025-10-08 12:03:22,431 - root - INFO - model -> Sequential(
  (0): GraphMixer(
    (time_encoder): TimeEncoderWrapper(
      (encoder): LeTE(
        (w1_fourier): Linear(in_features=1, out_features=50, bias=True)
        (w2_fourier): FourierSeries()
        (w1_spline): Linear(in_features=1, out_features=50, bias=True)
        (w2_spline): Spline()
        (layernorm): LayerNorm((100,), eps=1e-05, elementwise_affine=True)
      )
    )
    (projection_layer): Linear(in_features=272, out_features=172, bias=True)
    (mlp_mixers): ModuleList(
      (0-1): 2 x MLPMixer(
        (token_norm): LayerNorm((20,), eps=1e-05, elementwise_affine=True)
        (token_feedforward): FeedForwardNet(
          (ffn): Sequential(
            (0): Linear(in_features=20, out_features=10, bias=True)
            (1): GELU(approximate='none')
            (2): Dropout(p=0.4, inplace=False)
            (3): Linear(in_features=10, out_features=20, bias=True)
            (4): Dropout(p=0.4, inplace=False)
          )
        )
        (channel_norm): LayerNorm((172,), eps=1e-05, elementwise_affine=True)
        (channel_feedforward): FeedForwardNet(
          (ffn): Sequential(
            (0): Linear(in_features=172, out_features=688, bias=True)
            (1): GELU(approximate='none')
            (2): Dropout(p=0.4, inplace=False)
            (3): Linear(in_features=688, out_features=172, bias=True)
            (4): Dropout(p=0.4, inplace=False)
          )
        )
      )
    )
    (output_layer): Linear(in_features=344, out_features=172, bias=True)
  )
  (1): MergeLayer(
    (fc1): Linear(in_features=344, out_features=172, bias=True)
    (fc2): Linear(in_features=172, out_features=1, bias=True)
    (act): ReLU()
  )
)
2025-10-08 12:03:22,431 - root - INFO - model name: GraphMixer, #parameters: 2575676 B, 2515.30859375 KB, 2.4563560485839844 MB.
2025-10-08 12:03:25,639 - root - INFO - Epoch: 1, learning rate: 0.0001, train loss: 0.6454
2025-10-08 12:03:25,639 - root - INFO - train average_precision, 0.6151
2025-10-08 12:03:25,639 - root - INFO - train roc_auc, 0.6710
2025-10-08 12:03:25,639 - root - INFO - validate loss: 0.6395
2025-10-08 12:03:25,640 - root - INFO - validate average_precision, 0.6228
2025-10-08 12:03:25,640 - root - INFO - validate roc_auc, 0.6643
2025-10-08 12:03:25,640 - root - INFO - new node validate loss: 0.7482
2025-10-08 12:03:25,640 - root - INFO - new node validate average_precision, 0.5421
2025-10-08 12:03:25,640 - root - INFO - new node validate roc_auc, 0.5509
2025-10-08 12:03:25,650 - root - INFO - save model ./saved_models/GraphMixer/mooc/GraphMixer_lete_seed1/GraphMixer_lete_seed1.pkl
2025-10-08 12:03:28,894 - root - INFO - Epoch: 2, learning rate: 0.0001, train loss: 0.6335
2025-10-08 12:03:28,894 - root - INFO - train average_precision, 0.6423
2025-10-08 12:03:28,894 - root - INFO - train roc_auc, 0.6948
2025-10-08 12:03:28,894 - root - INFO - validate loss: 0.6129
2025-10-08 12:03:28,894 - root - INFO - validate average_precision, 0.6388
2025-10-08 12:03:28,894 - root - INFO - validate roc_auc, 0.6761
2025-10-08 12:03:28,894 - root - INFO - new node validate loss: 0.6983
2025-10-08 12:03:28,894 - root - INFO - new node validate average_precision, 0.5576
2025-10-08 12:03:28,894 - root - INFO - new node validate roc_auc, 0.5662
2025-10-08 12:03:28,900 - root - INFO - save model ./saved_models/GraphMixer/mooc/GraphMixer_lete_seed1/GraphMixer_lete_seed1.pkl
2025-10-08 12:03:28,931 - root - INFO - load model ./saved_models/GraphMixer/mooc/GraphMixer_lete_seed1/GraphMixer_lete_seed1.pkl
2025-10-08 12:03:28,947 - root - INFO - get final performance on dataset mooc...
2025-10-08 12:03:30,448 - root - INFO - validate loss: 0.6129
2025-10-08 12:03:30,448 - root - INFO - validate average_precision, 0.6388
2025-10-08 12:03:30,448 - root - INFO - validate roc_auc, 0.6761
2025-10-08 12:03:30,448 - root - INFO - new node validate loss: 0.6983
2025-10-08 12:03:30,448 - root - INFO - new node validate average_precision, 0.5576
2025-10-08 12:03:30,448 - root - INFO - new node validate roc_auc, 0.5662
2025-10-08 12:03:30,448 - root - INFO - test loss: 0.6771
2025-10-08 12:03:30,449 - root - INFO - test average_precision, 0.6272
2025-10-08 12:03:30,449 - root - INFO - test roc_auc, 0.6666
2025-10-08 12:03:30,449 - root - INFO - new node test loss: 0.7324
2025-10-08 12:03:30,449 - root - INFO - new node test average_precision, 0.5599
2025-10-08 12:03:30,449 - root - INFO - new node test roc_auc, 0.5774
2025-10-08 12:03:30,458 - root - INFO - ✅ Metrics saved to: ./saved_metrics/GraphMixer/mooc/GraphMixer_lete_seed1
2025-10-08 12:03:30,458 - root - INFO - Run 2 cost 8.30 seconds.
2025-10-08 12:03:30,461 - root - INFO - metrics over 2 runs:
2025-10-08 12:03:30,461 - root - INFO - validate average_precision, [np.float64(0.6260598623469869), np.float64(0.6388209227373569)]
2025-10-08 12:03:30,462 - root - INFO - average validate average_precision, 0.6324 ± 0.0090
2025-10-08 12:03:30,462 - root - INFO - validate roc_auc, [np.float64(0.6606811337809917), np.float64(0.6760537642045454)]
2025-10-08 12:03:30,462 - root - INFO - average validate roc_auc, 0.6684 ± 0.0109
2025-10-08 12:03:30,462 - root - INFO - new node validate average_precision, [np.float64(0.563641142226905), np.float64(0.5575650815154797)]
2025-10-08 12:03:30,463 - root - INFO - average new node validate average_precision, 0.5606 ± 0.0043
2025-10-08 12:03:30,463 - root - INFO - new node validate roc_auc, [np.float64(0.5612800249727189), np.float64(0.5662054450320378)]
2025-10-08 12:03:30,463 - root - INFO - average new node validate roc_auc, 0.5637 ± 0.0035
2025-10-08 12:03:30,463 - root - INFO - test average_precision, [np.float64(0.6153761016380389), np.float64(0.6271800182413232)]
2025-10-08 12:03:30,464 - root - INFO - average test average_precision, 0.6213 ± 0.0083
2025-10-08 12:03:30,464 - root - INFO - test roc_auc, [np.float64(0.6597389139979338), np.float64(0.6665529119318182)]
2025-10-08 12:03:30,464 - root - INFO - average test roc_auc, 0.6631 ± 0.0048
2025-10-08 12:03:30,464 - root - INFO - new node test average_precision, [np.float64(0.5559157601990105), np.float64(0.5599355915829871)]
2025-10-08 12:03:30,465 - root - INFO - average new node test average_precision, 0.5579 ± 0.0028
2025-10-08 12:03:30,465 - root - INFO - new node test roc_auc, [np.float64(0.5670103117241089), np.float64(0.5773999226739047)]
2025-10-08 12:03:30,465 - root - INFO - average new node test roc_auc, 0.5722 ± 0.0073
