2025-10-05 17:42:37,873 - root - INFO - ********** Run 1 starts. **********
2025-10-05 17:42:37,874 - root - INFO - configuration is Namespace(dataset_name='wikipedia', batch_size=200, model_name='TGAT', gpu=0, num_neighbors=20, sample_neighbor_strategy='uniform', time_scaling_factor=1e-06, num_walk_heads=8, num_heads=2, num_layers=2, walk_length=1, time_gap=2000, time_feat_dim=128, position_feat_dim=172, time_window_mode='fixed_proportion', time_encoder_type='kmote_rel_only', expert_dim=64, num_mixtures=16, sort_neighbors_by_time=True, patch_size=1, channel_embedding_dim=50, max_input_sequence_length=32, learning_rate=0.0001, dropout=0.1, gamma=0.5, num_epochs=5, optimizer='Adam', weight_decay=0.0, patience=5, val_ratio=0.15, test_ratio=0.15, num_runs=1, test_interval_epochs=1, negative_sample_strategy='random', max_interaction_times=10, load_best_configs=False, data_ratio=1.0, save_model_name_suffix='kmote_rel_only', mamba_d_state=256, mamba_d_conv=4, mamba_expand=2, mamba_headdim=64, device='cuda:0', seed=0, save_model_name='TGAT_kmote_rel_only_seed0_kmote_rel_only')
2025-10-05 17:42:37,876 - root - INFO - Metrics will be saved to: ./saved_metrics/TGAT/wikipedia/TGAT_kmote_rel_only_seed0
2025-10-05 17:42:37,882 - root - INFO - time encoder type: kmote_rel_only
2025-10-05 17:42:38,134 - root - INFO - model -> Sequential(
  (0): TGAT(
    (time_encoder): KMOTERelOnly(
      (k_mote): KMOTE(
        (experts): ModuleList(
          (0): SplineKANLayer(
            (input_projection): Linear(in_features=1, out_features=1, bias=True)
            (global_branch): Sequential(
              (0): Linear(in_features=1, out_features=32, bias=True)
              (1): GELU(approximate='none')
              (2): Linear(in_features=32, out_features=128, bias=True)
            )
          )
          (1): FourierKANLayer()
          (2): WaveletKANLayer(
            (linear): Linear(in_features=16, out_features=128, bias=True)
          )
          (3): SplineKANLayer(
            (input_projection): Linear(in_features=1, out_features=1, bias=True)
            (global_branch): Sequential(
              (0): Linear(in_features=1, out_features=32, bias=True)
              (1): GELU(approximate='none')
              (2): Linear(in_features=32, out_features=128, bias=True)
            )
            (local_linear): Linear(in_features=8, out_features=128, bias=True)
          )
        )
        (gating_network): Sequential(
          (0): Linear(in_features=1, out_features=64, bias=True)
          (1): GELU(approximate='none')
          (2): Linear(in_features=64, out_features=4, bias=True)
        )
        (layer_norm): LayerNorm((128,), eps=1e-05, elementwise_affine=True)
      )
    )
    (temporal_conv_layers): ModuleList(
      (0-1): 2 x MultiHeadAttention(
        (query_projection): Linear(in_features=300, out_features=300, bias=False)
        (key_projection): Linear(in_features=472, out_features=300, bias=False)
        (value_projection): Linear(in_features=472, out_features=300, bias=False)
        (layer_norm): LayerNorm((300,), eps=1e-05, elementwise_affine=True)
        (residual_fc): Linear(in_features=300, out_features=300, bias=True)
        (dropout): Dropout(p=0.1, inplace=False)
      )
    )
    (merge_layers): ModuleList(
      (0-1): 2 x MergeLayer(
        (fc1): Linear(in_features=472, out_features=172, bias=True)
        (fc2): Linear(in_features=172, out_features=172, bias=True)
        (act): ReLU()
      )
    )
  )
  (1): MergeLayer(
    (fc1): Linear(in_features=344, out_features=172, bias=True)
    (fc2): Linear(in_features=172, out_features=1, bias=True)
    (act): ReLU()
  )
)
2025-10-05 17:42:38,134 - root - INFO - model name: TGAT, #parameters: 4920996 B, 4805.66015625 KB, 4.693027496337891 MB.
2025-10-05 17:47:33,802 - root - INFO - Epoch: 1, learning rate: 0.0001, train loss: 0.5533
2025-10-05 17:47:33,803 - root - INFO - train average_precision, 0.7374
2025-10-05 17:47:33,803 - root - INFO - train roc_auc, 0.7779
2025-10-05 17:47:33,803 - root - INFO - validate loss: 0.5182
2025-10-05 17:47:33,803 - root - INFO - validate average_precision, 0.7764
2025-10-05 17:47:33,803 - root - INFO - validate roc_auc, 0.8184
2025-10-05 17:47:33,804 - root - INFO - new node validate loss: 0.5304
2025-10-05 17:47:33,804 - root - INFO - new node validate average_precision, 0.7808
2025-10-05 17:47:33,804 - root - INFO - new node validate roc_auc, 0.8131
2025-10-05 17:48:53,004 - root - INFO - test loss: 0.5455
2025-10-05 17:48:53,005 - root - INFO - test average_precision, 0.7520
2025-10-05 17:48:53,005 - root - INFO - best test average_precision: 0.7520
2025-10-05 17:48:53,005 - root - INFO - test roc_auc, 0.7940
2025-10-05 17:48:53,005 - root - INFO - new node test loss: 0.5581
2025-10-05 17:48:53,006 - root - INFO - new node test average_precision, 0.7532
2025-10-05 17:48:53,006 - root - INFO - new node test roc_auc, 0.7854
2025-10-05 17:48:53,013 - root - INFO - save model ./saved_models/TGAT/wikipedia/TGAT_kmote_rel_only_seed0_kmote_rel_only/TGAT_kmote_rel_only_seed0_kmote_rel_only.pkl
2025-10-05 17:53:47,312 - root - INFO - Epoch: 2, learning rate: 0.0001, train loss: 0.4451
2025-10-05 17:53:47,312 - root - INFO - train average_precision, 0.8424
2025-10-05 17:53:47,312 - root - INFO - train roc_auc, 0.8682
2025-10-05 17:53:47,312 - root - INFO - validate loss: 0.4845
2025-10-05 17:53:47,313 - root - INFO - validate average_precision, 0.8156
2025-10-05 17:53:47,313 - root - INFO - validate roc_auc, 0.8397
2025-10-05 17:53:47,313 - root - INFO - new node validate loss: 0.5085
2025-10-05 17:53:47,313 - root - INFO - new node validate average_precision, 0.8045
2025-10-05 17:53:47,313 - root - INFO - new node validate roc_auc, 0.8227
2025-10-05 17:55:06,403 - root - INFO - test loss: 0.5153
2025-10-05 17:55:06,404 - root - INFO - test average_precision, 0.7946
2025-10-05 17:55:06,404 - root - INFO - best test average_precision: 0.7946
2025-10-05 17:55:06,404 - root - INFO - test roc_auc, 0.8175
2025-10-05 17:55:06,404 - root - INFO - new node test loss: 0.5401
2025-10-05 17:55:06,405 - root - INFO - new node test average_precision, 0.7727
2025-10-05 17:55:06,405 - root - INFO - new node test roc_auc, 0.7952
2025-10-05 17:55:06,410 - root - INFO - save model ./saved_models/TGAT/wikipedia/TGAT_kmote_rel_only_seed0_kmote_rel_only/TGAT_kmote_rel_only_seed0_kmote_rel_only.pkl
2025-10-05 18:00:01,178 - root - INFO - Epoch: 3, learning rate: 0.0001, train loss: 0.3849
2025-10-05 18:00:01,179 - root - INFO - train average_precision, 0.8943
2025-10-05 18:00:01,179 - root - INFO - train roc_auc, 0.9070
2025-10-05 18:00:01,179 - root - INFO - validate loss: 0.3601
2025-10-05 18:00:01,179 - root - INFO - validate average_precision, 0.9310
2025-10-05 18:00:01,179 - root - INFO - validate roc_auc, 0.9298
2025-10-05 18:00:01,179 - root - INFO - new node validate loss: 0.3782
2025-10-05 18:00:01,179 - root - INFO - new node validate average_precision, 0.9260
2025-10-05 18:00:01,179 - root - INFO - new node validate roc_auc, 0.9227
2025-10-05 18:01:20,218 - root - INFO - test loss: 0.3909
2025-10-05 18:01:20,219 - root - INFO - test average_precision, 0.9160
2025-10-05 18:01:20,219 - root - INFO - best test average_precision: 0.9160
2025-10-05 18:01:20,219 - root - INFO - test roc_auc, 0.9159
2025-10-05 18:01:20,219 - root - INFO - new node test loss: 0.4137
2025-10-05 18:01:20,219 - root - INFO - new node test average_precision, 0.9079
2025-10-05 18:01:20,219 - root - INFO - new node test roc_auc, 0.9052
2025-10-05 18:01:20,224 - root - INFO - save model ./saved_models/TGAT/wikipedia/TGAT_kmote_rel_only_seed0_kmote_rel_only/TGAT_kmote_rel_only_seed0_kmote_rel_only.pkl
2025-10-05 18:06:14,304 - root - INFO - Epoch: 4, learning rate: 0.0001, train loss: 0.2751
2025-10-05 18:06:14,304 - root - INFO - train average_precision, 0.9535
2025-10-05 18:06:14,304 - root - INFO - train roc_auc, 0.9540
2025-10-05 18:06:14,304 - root - INFO - validate loss: 0.3092
2025-10-05 18:06:14,305 - root - INFO - validate average_precision, 0.9446
2025-10-05 18:06:14,305 - root - INFO - validate roc_auc, 0.9436
2025-10-05 18:06:14,305 - root - INFO - new node validate loss: 0.3126
2025-10-05 18:06:14,305 - root - INFO - new node validate average_precision, 0.9436
2025-10-05 18:06:14,305 - root - INFO - new node validate roc_auc, 0.9417
2025-10-05 18:07:33,044 - root - INFO - test loss: 0.3455
2025-10-05 18:07:33,045 - root - INFO - test average_precision, 0.9289
2025-10-05 18:07:33,045 - root - INFO - best test average_precision: 0.9289
2025-10-05 18:07:33,046 - root - INFO - test roc_auc, 0.9290
2025-10-05 18:07:33,046 - root - INFO - new node test loss: 0.3569
2025-10-05 18:07:33,046 - root - INFO - new node test average_precision, 0.9266
2025-10-05 18:07:33,046 - root - INFO - new node test roc_auc, 0.9241
2025-10-05 18:07:33,050 - root - INFO - save model ./saved_models/TGAT/wikipedia/TGAT_kmote_rel_only_seed0_kmote_rel_only/TGAT_kmote_rel_only_seed0_kmote_rel_only.pkl
2025-10-05 18:12:27,273 - root - INFO - Epoch: 5, learning rate: 0.0001, train loss: 0.2622
2025-10-05 18:12:27,273 - root - INFO - train average_precision, 0.9581
2025-10-05 18:12:27,274 - root - INFO - train roc_auc, 0.9584
2025-10-05 18:12:27,274 - root - INFO - validate loss: 0.3026
2025-10-05 18:12:27,274 - root - INFO - validate average_precision, 0.9496
2025-10-05 18:12:27,274 - root - INFO - validate roc_auc, 0.9493
2025-10-05 18:12:27,274 - root - INFO - new node validate loss: 0.3153
2025-10-05 18:12:27,274 - root - INFO - new node validate average_precision, 0.9474
2025-10-05 18:12:27,274 - root - INFO - new node validate roc_auc, 0.9460
2025-10-05 18:13:46,024 - root - INFO - test loss: 0.3352
2025-10-05 18:13:46,024 - root - INFO - test average_precision, 0.9380
2025-10-05 18:13:46,024 - root - INFO - best test average_precision: 0.9380
2025-10-05 18:13:46,024 - root - INFO - test roc_auc, 0.9377
2025-10-05 18:13:46,024 - root - INFO - new node test loss: 0.3543
2025-10-05 18:13:46,025 - root - INFO - new node test average_precision, 0.9338
2025-10-05 18:13:46,025 - root - INFO - new node test roc_auc, 0.9316
2025-10-05 18:13:46,029 - root - INFO - save model ./saved_models/TGAT/wikipedia/TGAT_kmote_rel_only_seed0_kmote_rel_only/TGAT_kmote_rel_only_seed0_kmote_rel_only.pkl
2025-10-05 18:13:46,076 - root - INFO - load model ./saved_models/TGAT/wikipedia/TGAT_kmote_rel_only_seed0_kmote_rel_only/TGAT_kmote_rel_only_seed0_kmote_rel_only.pkl
2025-10-05 18:13:46,099 - root - INFO - get final performance on dataset wikipedia...
2025-10-05 18:16:24,331 - root - INFO - validate loss: 0.3026
2025-10-05 18:16:24,332 - root - INFO - validate average_precision, 0.9496
2025-10-05 18:16:24,332 - root - INFO - validate roc_auc, 0.9493
2025-10-05 18:16:24,332 - root - INFO - new node validate loss: 0.3153
2025-10-05 18:16:24,332 - root - INFO - new node validate average_precision, 0.9474
2025-10-05 18:16:24,332 - root - INFO - new node validate roc_auc, 0.9460
2025-10-05 18:16:24,332 - root - INFO - test loss: 0.3352
2025-10-05 18:16:24,332 - root - INFO - test average_precision, 0.9380
2025-10-05 18:16:24,332 - root - INFO - test roc_auc, 0.9377
2025-10-05 18:16:24,332 - root - INFO - new node test loss: 0.3543
2025-10-05 18:16:24,333 - root - INFO - new node test average_precision, 0.9338
2025-10-05 18:16:24,333 - root - INFO - new node test roc_auc, 0.9316
2025-10-05 18:16:24,346 - root - INFO - ✅ Metrics saved to: ./saved_metrics/TGAT/wikipedia/TGAT_kmote_rel_only_seed0
2025-10-05 18:16:24,346 - root - INFO - Run 1 cost 2026.47 seconds.
2025-10-05 18:16:24,351 - root - INFO - metrics over 1 runs:
2025-10-05 18:16:24,351 - root - INFO - validate average_precision, [np.float64(0.9496089696264214)]
2025-10-05 18:16:24,351 - root - INFO - average validate average_precision, 0.9496 ± nan
2025-10-05 18:16:24,351 - root - INFO - validate roc_auc, [np.float64(0.9493411381219155)]
2025-10-05 18:16:24,352 - root - INFO - average validate roc_auc, 0.9493 ± nan
2025-10-05 18:16:24,352 - root - INFO - new node validate average_precision, [np.float64(0.9473605512930006)]
2025-10-05 18:16:24,352 - root - INFO - average new node validate average_precision, 0.9474 ± nan
2025-10-05 18:16:24,352 - root - INFO - new node validate roc_auc, [np.float64(0.9460173155737703)]
2025-10-05 18:16:24,352 - root - INFO - average new node validate roc_auc, 0.9460 ± nan
2025-10-05 18:16:24,352 - root - INFO - test average_precision, [np.float64(0.9380218753892584)]
2025-10-05 18:16:24,352 - root - INFO - average test average_precision, 0.9380 ± nan
2025-10-05 18:16:24,352 - root - INFO - test roc_auc, [np.float64(0.9377465348043978)]
2025-10-05 18:16:24,353 - root - INFO - average test roc_auc, 0.9377 ± nan
2025-10-05 18:16:24,353 - root - INFO - new node test average_precision, [np.float64(0.9337582421004677)]
2025-10-05 18:16:24,353 - root - INFO - average new node test average_precision, 0.9338 ± nan
2025-10-05 18:16:24,353 - root - INFO - new node test roc_auc, [np.float64(0.9315530478036589)]
2025-10-05 18:16:24,353 - root - INFO - average new node test roc_auc, 0.9316 ± nan
