2025-10-08 12:56:58,612 - root - INFO - ********** Run 2 starts. **********
2025-10-08 12:56:58,612 - root - INFO - configuration is Namespace(dataset_name='enron', batch_size=200, model_name='DyGMamba', gpu=0, num_neighbors=20, sample_neighbor_strategy='uniform', time_scaling_factor=1e-06, num_walk_heads=8, num_heads=2, num_layers=2, walk_length=1, time_gap=2000, time_feat_dim=100, position_feat_dim=172, time_window_mode='fixed_proportion', time_encoder_type='lete', expert_dim=128, num_mixtures=16, sort_neighbors_by_time=False, patch_size=8, channel_embedding_dim=50, max_input_sequence_length=256, learning_rate=0.0001, dropout=0.0, gamma=0.5, num_epochs=2, optimizer='Adam', weight_decay=0.0, patience=20, val_ratio=0.15, test_ratio=0.15, num_runs=2, test_interval_epochs=100, negative_sample_strategy='random', max_interaction_times=30, load_best_configs=True, data_ratio=0.05, seed=1, save_model_name_suffix='', ablation_dir='', mamba_d_state=256, mamba_d_conv=4, mamba_expand=2, mamba_headdim=64, resume_from_checkpoint=None, save_checkpoints=True, checkpoint_interval=20, start_from_seed=0, max_checkpoints_to_keep=3, checkpoint_strategy='minimal', validate_checkpoints=True, device='cuda:0', save_model_name='DyGMamba_lete_seed1')
2025-10-08 12:56:58,613 - root - INFO - Metrics will be saved to: ./saved_metrics/DyGMamba/enron/DyGMamba_lete_seed1
2025-10-08 12:56:58,614 - root - INFO - time encoder type: lete
2025-10-08 12:56:58,614 - root - INFO - Time encoder will be injected into DyGMamba model
2025-10-08 12:56:58,662 - root - INFO - model -> Sequential(
  (0): DyGMamba(
    (time_encoder): TimeEncoderWrapper(
      (encoder): LeTE(
        (w1_fourier): Linear(in_features=1, out_features=50, bias=True)
        (w2_fourier): FourierSeries()
        (w1_spline): Linear(in_features=1, out_features=50, bias=True)
        (w2_spline): Spline()
        (layernorm): LayerNorm((100,), eps=1e-05, elementwise_affine=True)
      )
    )
    (neighbor_co_occurrence_encoder): NIFEncoder(
      (nif_encode_layer): Sequential(
        (0): Linear(in_features=1, out_features=50, bias=True)
        (1): ReLU()
        (2): Linear(in_features=50, out_features=50, bias=True)
      )
    )
    (projection_layer): ModuleDict(
      (node): Linear(in_features=1376, out_features=50, bias=True)
      (edge): Linear(in_features=1376, out_features=50, bias=True)
      (time): Linear(in_features=800, out_features=50, bias=True)
      (neighbor_co_occurrence): Linear(in_features=400, out_features=50, bias=True)
    )
    (output_layer): Linear(in_features=100, out_features=172, bias=True)
    (output_layer_t_diff): Linear(in_features=25, out_features=172, bias=True)
    (mamba): ModuleList(
      (0-1): 2 x Mamba(
        (in_proj): Linear(in_features=100, out_features=200, bias=False)
        (conv1d): Conv1d(100, 100, kernel_size=(4,), stride=(1,), padding=(3,), groups=100)
        (act): SiLU()
        (x_proj): Linear(in_features=100, out_features=39, bias=False)
        (dt_proj): Linear(in_features=7, out_features=100, bias=True)
        (out_proj): Linear(in_features=100, out_features=100, bias=False)
      )
    )
    (mamba_t_diff): ModuleList(
      (0-1): 2 x Mamba(
        (in_proj): Linear(in_features=25, out_features=50, bias=False)
        (conv1d): Conv1d(25, 25, kernel_size=(4,), stride=(1,), padding=(3,), groups=25)
        (act): SiLU()
        (x_proj): Linear(in_features=25, out_features=34, bias=False)
        (dt_proj): Linear(in_features=2, out_features=25, bias=True)
        (out_proj): Linear(in_features=25, out_features=25, bias=False)
      )
    )
    (projection_layer_t_diff): Linear(in_features=100, out_features=25, bias=True)
    (projection_layer_t_diff_up): Linear(in_features=25, out_features=100, bias=True)
    (weightagg): Linear(in_features=100, out_features=1, bias=True)
    (reduce_layer): Linear(in_features=200, out_features=100, bias=True)
    (channel_norm): LayerNorm((100,), eps=1e-05, elementwise_affine=True)
    (channel_feedforward): FeedForwardNet(
      (ffn): Sequential(
        (0): Linear(in_features=100, out_features=400, bias=True)
        (1): GELU(approximate='none')
        (2): Dropout(p=0.0, inplace=False)
        (3): Linear(in_features=400, out_features=100, bias=True)
        (4): Dropout(p=0.0, inplace=False)
      )
    )
    (neighbor_selection_layer): Linear(in_features=100, out_features=100, bias=True)
  )
  (1): MergeLayerTD(
    (fc1): Linear(in_features=516, out_features=172, bias=True)
    (fc2): Linear(in_features=172, out_features=1, bias=True)
    (act): ReLU()
  )
)
2025-10-08 12:56:58,662 - root - INFO - model name: DyGMamba, #parameters: 2037740 B, 1989.98046875 KB, 1.9433403015136719 MB.
2025-10-08 12:57:04,844 - root - INFO - Epoch: 1, learning rate: 0.0001, train loss: 0.6760
2025-10-08 12:57:04,844 - root - INFO - train average_precision, 0.6799
2025-10-08 12:57:04,844 - root - INFO - train roc_auc, 0.6629
2025-10-08 12:57:04,845 - root - INFO - validate loss: 0.6487
2025-10-08 12:57:04,845 - root - INFO - validate average_precision, 0.7460
2025-10-08 12:57:04,845 - root - INFO - validate roc_auc, 0.7220
2025-10-08 12:57:04,845 - root - INFO - new node validate loss: 0.6836
2025-10-08 12:57:04,845 - root - INFO - new node validate average_precision, 0.6339
2025-10-08 12:57:04,845 - root - INFO - new node validate roc_auc, 0.5775
2025-10-08 12:57:04,855 - root - INFO - save model ./saved_models/DyGMamba/enron/DyGMamba_lete_seed1/DyGMamba_lete_seed1.pkl
2025-10-08 12:57:10,972 - root - INFO - Epoch: 2, learning rate: 0.0001, train loss: 0.6198
2025-10-08 12:57:10,972 - root - INFO - train average_precision, 0.7952
2025-10-08 12:57:10,973 - root - INFO - train roc_auc, 0.7876
2025-10-08 12:57:10,973 - root - INFO - validate loss: 0.5918
2025-10-08 12:57:10,973 - root - INFO - validate average_precision, 0.7838
2025-10-08 12:57:10,973 - root - INFO - validate roc_auc, 0.7889
2025-10-08 12:57:10,973 - root - INFO - new node validate loss: 0.7088
2025-10-08 12:57:10,973 - root - INFO - new node validate average_precision, 0.6172
2025-10-08 12:57:10,973 - root - INFO - new node validate roc_auc, 0.5994
2025-10-08 12:57:10,978 - root - INFO - save model ./saved_models/DyGMamba/enron/DyGMamba_lete_seed1/DyGMamba_lete_seed1.pkl
2025-10-08 12:57:11,007 - root - INFO - load model ./saved_models/DyGMamba/enron/DyGMamba_lete_seed1/DyGMamba_lete_seed1.pkl
2025-10-08 12:57:11,023 - root - INFO - get final performance on dataset enron...
2025-10-08 12:57:13,199 - root - INFO - validate loss: 0.5918
2025-10-08 12:57:13,200 - root - INFO - validate average_precision, 0.7838
2025-10-08 12:57:13,200 - root - INFO - validate roc_auc, 0.7889
2025-10-08 12:57:13,200 - root - INFO - new node validate loss: 0.7088
2025-10-08 12:57:13,200 - root - INFO - new node validate average_precision, 0.6172
2025-10-08 12:57:13,200 - root - INFO - new node validate roc_auc, 0.5994
2025-10-08 12:57:13,200 - root - INFO - test loss: 0.6078
2025-10-08 12:57:13,200 - root - INFO - test average_precision, 0.7500
2025-10-08 12:57:13,200 - root - INFO - test roc_auc, 0.7643
2025-10-08 12:57:13,200 - root - INFO - new node test loss: 0.6602
2025-10-08 12:57:13,200 - root - INFO - new node test average_precision, 0.6825
2025-10-08 12:57:13,200 - root - INFO - new node test roc_auc, 0.6850
2025-10-08 12:57:13,209 - root - INFO - ✅ Metrics saved to: ./saved_metrics/DyGMamba/enron/DyGMamba_lete_seed1
2025-10-08 12:57:13,209 - root - INFO - Run 2 cost 14.60 seconds.
2025-10-08 12:57:13,213 - root - INFO - metrics over 2 runs:
2025-10-08 12:57:13,213 - root - INFO - validate average_precision, [np.float64(0.7745750394923542), np.float64(0.7838384245417094)]
2025-10-08 12:57:13,213 - root - INFO - average validate average_precision, 0.7792 ± 0.0066
2025-10-08 12:57:13,213 - root - INFO - validate roc_auc, [np.float64(0.8035559320477503), np.float64(0.7889419834710745)]
2025-10-08 12:57:13,213 - root - INFO - average validate roc_auc, 0.7962 ± 0.0103
2025-10-08 12:57:13,213 - root - INFO - new node validate average_precision, [np.float64(0.5501446462380429), np.float64(0.6172131034061038)]
2025-10-08 12:57:13,213 - root - INFO - average new node validate average_precision, 0.5837 ± 0.0474
2025-10-08 12:57:13,213 - root - INFO - new node validate roc_auc, [np.float64(0.5525910509885535), np.float64(0.599375650364204)]
2025-10-08 12:57:13,214 - root - INFO - average new node validate roc_auc, 0.5760 ± 0.0331
2025-10-08 12:57:13,214 - root - INFO - test average_precision, [np.float64(0.7198429359546253), np.float64(0.7499692778750251)]
2025-10-08 12:57:13,214 - root - INFO - average test average_precision, 0.7349 ± 0.0213
2025-10-08 12:57:13,214 - root - INFO - test roc_auc, [np.float64(0.747175497204996), np.float64(0.7643426694471133)]
2025-10-08 12:57:13,214 - root - INFO - average test roc_auc, 0.7558 ± 0.0121
2025-10-08 12:57:13,214 - root - INFO - new node test average_precision, [np.float64(0.7086807712044484), np.float64(0.6825432939955912)]
2025-10-08 12:57:13,214 - root - INFO - average new node test average_precision, 0.6956 ± 0.0185
2025-10-08 12:57:13,214 - root - INFO - new node test roc_auc, [np.float64(0.6863905325443787), np.float64(0.6850295857988166)]
2025-10-08 12:57:13,214 - root - INFO - average new node test roc_auc, 0.6857 ± 0.0010
