2025-10-08 10:22:42,549 - root - INFO - ********** Run 2 starts. **********
2025-10-08 10:22:42,550 - root - INFO - configuration is Namespace(dataset_name='mooc', batch_size=200, model_name='GraphMixer', gpu=0, num_neighbors=20, sample_neighbor_strategy='recent', time_scaling_factor=1e-06, num_walk_heads=8, num_heads=2, num_layers=2, walk_length=1, time_gap=2000, time_feat_dim=100, position_feat_dim=172, time_window_mode='fixed_proportion', time_encoder_type='time2vec', expert_dim=128, num_mixtures=16, sort_neighbors_by_time=False, patch_size=1, channel_embedding_dim=50, max_input_sequence_length=32, learning_rate=0.0001, dropout=0.4, gamma=0.5, num_epochs=2, optimizer='Adam', weight_decay=0.0, patience=20, val_ratio=0.15, test_ratio=0.15, num_runs=2, test_interval_epochs=100, negative_sample_strategy='random', max_interaction_times=10, load_best_configs=True, data_ratio=0.05, seed=1, save_model_name_suffix='', ablation_dir='', mamba_d_state=256, mamba_d_conv=4, mamba_expand=2, mamba_headdim=64, resume_from_checkpoint=None, save_checkpoints=True, checkpoint_interval=20, start_from_seed=0, max_checkpoints_to_keep=3, checkpoint_strategy='minimal', validate_checkpoints=True, device='cuda:0', save_model_name='GraphMixer_time2vec_seed1')
2025-10-08 10:22:42,553 - root - INFO - Metrics will be saved to: ./saved_metrics/GraphMixer/mooc/GraphMixer_time2vec_seed1
2025-10-08 10:22:42,553 - root - INFO - time encoder type: time2vec
2025-10-08 10:22:42,558 - root - INFO - Time encoder will be injected into GraphMixer model
2025-10-08 10:22:42,691 - root - INFO - model -> Sequential(
  (0): GraphMixer(
    (time_encoder): TimeEncoderWrapper(
      (encoder): Time2VecEncoder(
        (time2vec_layer): SineActivation()
      )
    )
    (projection_layer): Linear(in_features=272, out_features=172, bias=True)
    (mlp_mixers): ModuleList(
      (0-1): 2 x MLPMixer(
        (token_norm): LayerNorm((20,), eps=1e-05, elementwise_affine=True)
        (token_feedforward): FeedForwardNet(
          (ffn): Sequential(
            (0): Linear(in_features=20, out_features=10, bias=True)
            (1): GELU(approximate='none')
            (2): Dropout(p=0.4, inplace=False)
            (3): Linear(in_features=10, out_features=20, bias=True)
            (4): Dropout(p=0.4, inplace=False)
          )
        )
        (channel_norm): LayerNorm((172,), eps=1e-05, elementwise_affine=True)
        (channel_feedforward): FeedForwardNet(
          (ffn): Sequential(
            (0): Linear(in_features=172, out_features=688, bias=True)
            (1): GELU(approximate='none')
            (2): Dropout(p=0.4, inplace=False)
            (3): Linear(in_features=688, out_features=172, bias=True)
            (4): Dropout(p=0.4, inplace=False)
          )
        )
      )
    )
    (output_layer): Linear(in_features=344, out_features=172, bias=True)
  )
  (1): MergeLayer(
    (fc1): Linear(in_features=344, out_features=172, bias=True)
    (fc2): Linear(in_features=172, out_features=1, bias=True)
    (act): ReLU()
  )
)
2025-10-08 10:22:42,691 - root - INFO - model name: GraphMixer, #parameters: 2570804 B, 2510.55078125 KB, 2.451709747314453 MB.
2025-10-08 10:22:45,744 - root - INFO - Epoch: 1, learning rate: 0.0001, train loss: 1.4578
2025-10-08 10:22:45,744 - root - INFO - train average_precision, 0.6036
2025-10-08 10:22:45,744 - root - INFO - train roc_auc, 0.6476
2025-10-08 10:22:45,744 - root - INFO - validate loss: 0.6147
2025-10-08 10:22:45,744 - root - INFO - validate average_precision, 0.6305
2025-10-08 10:22:45,744 - root - INFO - validate roc_auc, 0.6610
2025-10-08 10:22:45,744 - root - INFO - new node validate loss: 0.6940
2025-10-08 10:22:45,745 - root - INFO - new node validate average_precision, 0.5894
2025-10-08 10:22:45,745 - root - INFO - new node validate roc_auc, 0.5802
2025-10-08 10:22:45,753 - root - INFO - save model ./saved_models/GraphMixer/mooc/GraphMixer_time2vec_seed1/GraphMixer_time2vec_seed1.pkl
2025-10-08 10:22:48,745 - root - INFO - Epoch: 2, learning rate: 0.0001, train loss: 0.9352
2025-10-08 10:22:48,746 - root - INFO - train average_precision, 0.5619
2025-10-08 10:22:48,746 - root - INFO - train roc_auc, 0.5867
2025-10-08 10:22:48,746 - root - INFO - validate loss: 0.6220
2025-10-08 10:22:48,746 - root - INFO - validate average_precision, 0.6343
2025-10-08 10:22:48,746 - root - INFO - validate roc_auc, 0.6735
2025-10-08 10:22:48,746 - root - INFO - new node validate loss: 0.7206
2025-10-08 10:22:48,746 - root - INFO - new node validate average_precision, 0.5920
2025-10-08 10:22:48,746 - root - INFO - new node validate roc_auc, 0.5892
2025-10-08 10:22:48,750 - root - INFO - save model ./saved_models/GraphMixer/mooc/GraphMixer_time2vec_seed1/GraphMixer_time2vec_seed1.pkl
2025-10-08 10:22:48,779 - root - INFO - load model ./saved_models/GraphMixer/mooc/GraphMixer_time2vec_seed1/GraphMixer_time2vec_seed1.pkl
2025-10-08 10:22:48,791 - root - INFO - get final performance on dataset mooc...
2025-10-08 10:22:50,201 - root - INFO - validate loss: 0.6220
2025-10-08 10:22:50,201 - root - INFO - validate average_precision, 0.6343
2025-10-08 10:22:50,201 - root - INFO - validate roc_auc, 0.6735
2025-10-08 10:22:50,201 - root - INFO - new node validate loss: 0.7206
2025-10-08 10:22:50,201 - root - INFO - new node validate average_precision, 0.5920
2025-10-08 10:22:50,201 - root - INFO - new node validate roc_auc, 0.5892
2025-10-08 10:22:50,201 - root - INFO - test loss: 1.5354
2025-10-08 10:22:50,202 - root - INFO - test average_precision, 0.6129
2025-10-08 10:22:50,202 - root - INFO - test roc_auc, 0.6583
2025-10-08 10:22:50,202 - root - INFO - new node test loss: 1.6699
2025-10-08 10:22:50,202 - root - INFO - new node test average_precision, 0.5653
2025-10-08 10:22:50,202 - root - INFO - new node test roc_auc, 0.5840
2025-10-08 10:22:50,209 - root - INFO - ✅ Metrics saved to: ./saved_metrics/GraphMixer/mooc/GraphMixer_time2vec_seed1
2025-10-08 10:22:50,209 - root - INFO - Run 2 cost 7.66 seconds.
2025-10-08 10:22:50,212 - root - INFO - metrics over 2 runs:
2025-10-08 10:22:50,212 - root - INFO - validate average_precision, [np.float64(0.6294318311269266), np.float64(0.6342834478666834)]
2025-10-08 10:22:50,212 - root - INFO - average validate average_precision, 0.6319 ± 0.0034
2025-10-08 10:22:50,213 - root - INFO - validate roc_auc, [np.float64(0.6616208419421488), np.float64(0.673455049070248)]
2025-10-08 10:22:50,213 - root - INFO - average validate roc_auc, 0.6675 ± 0.0084
2025-10-08 10:22:50,213 - root - INFO - new node validate average_precision, [np.float64(0.5871037238307676), np.float64(0.5919829357637779)]
2025-10-08 10:22:50,213 - root - INFO - average new node validate average_precision, 0.5895 ± 0.0035
2025-10-08 10:22:50,213 - root - INFO - new node validate roc_auc, [np.float64(0.5751895995970788), np.float64(0.5892163232043426)]
2025-10-08 10:22:50,213 - root - INFO - average new node validate roc_auc, 0.5822 ± 0.0099
2025-10-08 10:22:50,213 - root - INFO - test average_precision, [np.float64(0.6131881946276168), np.float64(0.6129217534833241)]
2025-10-08 10:22:50,213 - root - INFO - average test average_precision, 0.6131 ± 0.0002
2025-10-08 10:22:50,213 - root - INFO - test roc_auc, [np.float64(0.6532930204028926), np.float64(0.6582706159607439)]
2025-10-08 10:22:50,213 - root - INFO - average test roc_auc, 0.6558 ± 0.0035
2025-10-08 10:22:50,214 - root - INFO - new node test average_precision, [np.float64(0.5669284557243177), np.float64(0.5652934808768265)]
2025-10-08 10:22:50,214 - root - INFO - average new node test average_precision, 0.5661 ± 0.0012
2025-10-08 10:22:50,214 - root - INFO - new node test roc_auc, [np.float64(0.5773960676787443), np.float64(0.5839930603774776)]
2025-10-08 10:22:50,214 - root - INFO - average new node test roc_auc, 0.5807 ± 0.0047
