2025-10-03 15:32:46,131 - root - INFO - ********** Run 1 starts. **********
2025-10-03 15:32:46,131 - root - INFO - configuration is Namespace(dataset_name='wikipedia', batch_size=200, model_name='TGAT', gpu=0, num_neighbors=20, sample_neighbor_strategy='recent', time_scaling_factor=1e-06, num_walk_heads=8, num_heads=2, num_layers=2, walk_length=1, time_gap=2000, time_feat_dim=128, position_feat_dim=172, time_window_mode='fixed_proportion', time_encoder_type='kan_mammote', expert_dim=64, num_mixtures=16, patch_size=1, channel_embedding_dim=50, max_input_sequence_length=32, learning_rate=0.0001, dropout=0.1, gamma=0.5, num_epochs=10, optimizer='Adam', weight_decay=0.0, patience=20, val_ratio=0.15, test_ratio=0.15, num_runs=1, test_interval_epochs=1, negative_sample_strategy='random', max_interaction_times=10, load_best_configs=True, device='cuda:0', seed=0, save_model_name='TGAT_kan_mammote_seed0')
2025-10-03 15:32:46,137 - root - INFO - time encoder type: kan_mammote
2025-10-03 15:32:46,530 - root - INFO - model -> Sequential(
  (0): TGAT(
    (time_encoder): KAN_MAMMOTE(
      (k_mote): KMOTE(
        (experts): ModuleList(
          (0): SplineKANLayer(
            (input_projection): Linear(in_features=1, out_features=1, bias=True)
            (global_branch): Sequential(
              (0): Linear(in_features=1, out_features=32, bias=True)
              (1): GELU(approximate='none')
              (2): Linear(in_features=32, out_features=128, bias=True)
            )
          )
          (1): FourierKANLayer()
          (2): WaveletKANLayer(
            (linear): Linear(in_features=16, out_features=128, bias=True)
          )
          (3): SplineKANLayer(
            (input_projection): Linear(in_features=1, out_features=1, bias=True)
            (global_branch): Sequential(
              (0): Linear(in_features=1, out_features=32, bias=True)
              (1): GELU(approximate='none')
              (2): Linear(in_features=32, out_features=128, bias=True)
            )
            (local_linear): Linear(in_features=8, out_features=128, bias=True)
          )
        )
        (gating_network): Sequential(
          (0): Linear(in_features=1, out_features=64, bias=True)
          (1): GELU(approximate='none')
          (2): Linear(in_features=64, out_features=4, bias=True)
        )
        (layer_norm): LayerNorm((128,), eps=1e-05, elementwise_affine=True)
      )
      (sm_kernel): SMKernelLayer(
        (kernel): SpectralMixtureKernel(
          (raw_mixture_scales_constraint): Positive()
          (raw_mixture_means_constraint): Positive()
          (raw_mixture_weights_constraint): Positive()
        )
        (layer_norm): LayerNorm((16,), eps=1e-05, elementwise_affine=True)
      )
      (mamba2): ControllableMamba2(
        (in_proj): Linear(in_features=128, out_features=1032, bias=False)
        (conv1d): Conv1d(768, 768, kernel_size=(4,), stride=(1,), padding=(3,), groups=768)
        (act): SiLU()
        (norm): RMSNorm()
        (out_proj): Linear(in_features=256, out_features=128, bias=False)
      )
      (fusion_mlp): Sequential(
        (0): Linear(in_features=16, out_features=128, bias=True)
        (1): GELU(approximate='none')
        (2): Linear(in_features=128, out_features=16, bias=True)
      )
    )
    (temporal_conv_layers): ModuleList(
      (0-1): 2 x MultiHeadAttention(
        (query_projection): Linear(in_features=300, out_features=300, bias=False)
        (key_projection): Linear(in_features=472, out_features=300, bias=False)
        (value_projection): Linear(in_features=472, out_features=300, bias=False)
        (layer_norm): LayerNorm((300,), eps=1e-05, elementwise_affine=True)
        (residual_fc): Linear(in_features=300, out_features=300, bias=True)
        (dropout): Dropout(p=0.1, inplace=False)
      )
    )
    (merge_layers): ModuleList(
      (0-1): 2 x MergeLayer(
        (fc1): Linear(in_features=472, out_features=172, bias=True)
        (fc2): Linear(in_features=172, out_features=172, bias=True)
        (act): ReLU()
      )
    )
  )
  (1): MergeLayer(
    (fc1): Linear(in_features=344, out_features=172, bias=True)
    (fc2): Linear(in_features=172, out_features=1, bias=True)
    (act): ReLU()
  )
)
2025-10-03 15:32:46,531 - root - INFO - model name: TGAT, #parameters: 5614212 B, 5482.62890625 KB, 5.354129791259766 MB.
2025-10-03 15:40:09,925 - root - INFO - Epoch: 1, learning rate: 0.0001, train loss: 0.4821
2025-10-03 15:40:09,926 - root - INFO - train average_precision, 0.8175
2025-10-03 15:40:09,926 - root - INFO - train roc_auc, 0.8508
2025-10-03 15:40:09,926 - root - INFO - validate loss: 0.4858
2025-10-03 15:40:09,926 - root - INFO - validate average_precision, 0.8334
2025-10-03 15:40:09,926 - root - INFO - validate roc_auc, 0.8466
2025-10-03 15:40:09,926 - root - INFO - new node validate loss: 0.4676
2025-10-03 15:40:09,926 - root - INFO - new node validate average_precision, 0.8502
2025-10-03 15:40:09,926 - root - INFO - new node validate roc_auc, 0.8599
2025-10-03 15:41:00,419 - root - INFO - test loss: 0.5084
2025-10-03 15:41:00,420 - root - INFO - test average_precision, 0.8181
2025-10-03 15:41:00,420 - root - INFO - best test average_precision: 0.8181
2025-10-03 15:41:00,420 - root - INFO - test roc_auc, 0.8311
2025-10-03 15:41:00,420 - root - INFO - new node test loss: 0.5068
2025-10-03 15:41:00,421 - root - INFO - new node test average_precision, 0.8270
2025-10-03 15:41:00,421 - root - INFO - new node test roc_auc, 0.8335
2025-10-03 15:41:00,421 - root - INFO - save model ./saved_models/TGAT/wikipedia/TGAT_kan_mammote_seed0/TGAT_kan_mammote_seed0.pkl
2025-10-03 15:47:27,115 - root - INFO - Epoch: 2, learning rate: 0.0001, train loss: 0.3667
2025-10-03 15:47:27,116 - root - INFO - train average_precision, 0.9121
2025-10-03 15:47:27,116 - root - INFO - train roc_auc, 0.9190
2025-10-03 15:47:27,116 - root - INFO - validate loss: 0.3573
2025-10-03 15:47:27,116 - root - INFO - validate average_precision, 0.9276
2025-10-03 15:47:27,116 - root - INFO - validate roc_auc, 0.9253
2025-10-03 15:47:27,116 - root - INFO - new node validate loss: 0.3540
2025-10-03 15:47:27,116 - root - INFO - new node validate average_precision, 0.9257
2025-10-03 15:47:27,116 - root - INFO - new node validate roc_auc, 0.9251
2025-10-03 15:48:17,526 - root - INFO - test loss: 0.3903
2025-10-03 15:48:17,526 - root - INFO - test average_precision, 0.9110
2025-10-03 15:48:17,527 - root - INFO - best test average_precision: 0.9110
2025-10-03 15:48:17,527 - root - INFO - test roc_auc, 0.9095
2025-10-03 15:48:17,527 - root - INFO - new node test loss: 0.3932
2025-10-03 15:48:17,527 - root - INFO - new node test average_precision, 0.9109
2025-10-03 15:48:17,527 - root - INFO - new node test roc_auc, 0.9073
2025-10-03 15:48:17,527 - root - INFO - save model ./saved_models/TGAT/wikipedia/TGAT_kan_mammote_seed0/TGAT_kan_mammote_seed0.pkl
2025-10-03 15:54:42,397 - root - INFO - Epoch: 3, learning rate: 0.0001, train loss: 0.3062
2025-10-03 15:54:42,398 - root - INFO - train average_precision, 0.9434
2025-10-03 15:54:42,398 - root - INFO - train roc_auc, 0.9447
2025-10-03 15:54:42,398 - root - INFO - validate loss: 0.3383
2025-10-03 15:54:42,398 - root - INFO - validate average_precision, 0.9350
2025-10-03 15:54:42,398 - root - INFO - validate roc_auc, 0.9321
2025-10-03 15:54:42,398 - root - INFO - new node validate loss: 0.3370
2025-10-03 15:54:42,398 - root - INFO - new node validate average_precision, 0.9332
2025-10-03 15:54:42,398 - root - INFO - new node validate roc_auc, 0.9313
2025-10-03 15:55:33,054 - root - INFO - test loss: 0.3699
2025-10-03 15:55:33,054 - root - INFO - test average_precision, 0.9210
2025-10-03 15:55:33,054 - root - INFO - best test average_precision: 0.9210
2025-10-03 15:55:33,054 - root - INFO - test roc_auc, 0.9184
2025-10-03 15:55:33,054 - root - INFO - new node test loss: 0.3807
2025-10-03 15:55:33,054 - root - INFO - new node test average_precision, 0.9166
2025-10-03 15:55:33,054 - root - INFO - new node test roc_auc, 0.9128
2025-10-03 15:55:33,054 - root - INFO - save model ./saved_models/TGAT/wikipedia/TGAT_kan_mammote_seed0/TGAT_kan_mammote_seed0.pkl
2025-10-03 16:01:59,549 - root - INFO - Epoch: 4, learning rate: 0.0001, train loss: 0.2898
2025-10-03 16:01:59,550 - root - INFO - train average_precision, 0.9493
2025-10-03 16:01:59,551 - root - INFO - train roc_auc, 0.9502
2025-10-03 16:01:59,551 - root - INFO - validate loss: 0.3226
2025-10-03 16:01:59,551 - root - INFO - validate average_precision, 0.9387
2025-10-03 16:01:59,551 - root - INFO - validate roc_auc, 0.9376
2025-10-03 16:01:59,551 - root - INFO - new node validate loss: 0.3231
2025-10-03 16:01:59,551 - root - INFO - new node validate average_precision, 0.9360
2025-10-03 16:01:59,551 - root - INFO - new node validate roc_auc, 0.9365
2025-10-03 16:02:50,108 - root - INFO - test loss: 0.3549
2025-10-03 16:02:50,109 - root - INFO - test average_precision, 0.9257
2025-10-03 16:02:50,109 - root - INFO - best test average_precision: 0.9257
2025-10-03 16:02:50,109 - root - INFO - test roc_auc, 0.9245
2025-10-03 16:02:50,109 - root - INFO - new node test loss: 0.3706
2025-10-03 16:02:50,109 - root - INFO - new node test average_precision, 0.9198
2025-10-03 16:02:50,109 - root - INFO - new node test roc_auc, 0.9174
2025-10-03 16:02:50,109 - root - INFO - save model ./saved_models/TGAT/wikipedia/TGAT_kan_mammote_seed0/TGAT_kan_mammote_seed0.pkl
2025-10-03 16:09:15,126 - root - INFO - Epoch: 5, learning rate: 0.0001, train loss: 0.2811
2025-10-03 16:09:15,126 - root - INFO - train average_precision, 0.9517
2025-10-03 16:09:15,127 - root - INFO - train roc_auc, 0.9527
2025-10-03 16:09:15,127 - root - INFO - validate loss: 0.3214
2025-10-03 16:09:15,127 - root - INFO - validate average_precision, 0.9365
2025-10-03 16:09:15,127 - root - INFO - validate roc_auc, 0.9375
2025-10-03 16:09:15,127 - root - INFO - new node validate loss: 0.3234
2025-10-03 16:09:15,127 - root - INFO - new node validate average_precision, 0.9337
2025-10-03 16:09:15,127 - root - INFO - new node validate roc_auc, 0.9353
2025-10-03 16:10:05,609 - root - INFO - test loss: 0.3534
2025-10-03 16:10:05,609 - root - INFO - test average_precision, 0.9240
2025-10-03 16:10:05,609 - root - INFO - best test average_precision: 0.9257
2025-10-03 16:10:05,609 - root - INFO - test roc_auc, 0.9250
2025-10-03 16:10:05,609 - root - INFO - new node test loss: 0.3714
2025-10-03 16:10:05,609 - root - INFO - new node test average_precision, 0.9178
2025-10-03 16:10:05,609 - root - INFO - new node test roc_auc, 0.9165
2025-10-03 16:16:31,537 - root - INFO - Epoch: 6, learning rate: 0.0001, train loss: 0.2699
2025-10-03 16:16:31,538 - root - INFO - train average_precision, 0.9558
2025-10-03 16:16:31,538 - root - INFO - train roc_auc, 0.9563
2025-10-03 16:16:31,538 - root - INFO - validate loss: 0.3059
2025-10-03 16:16:31,538 - root - INFO - validate average_precision, 0.9433
2025-10-03 16:16:31,538 - root - INFO - validate roc_auc, 0.9436
2025-10-03 16:16:31,538 - root - INFO - new node validate loss: 0.3083
2025-10-03 16:16:31,538 - root - INFO - new node validate average_precision, 0.9417
2025-10-03 16:16:31,538 - root - INFO - new node validate roc_auc, 0.9422
2025-10-03 16:17:22,092 - root - INFO - test loss: 0.3394
2025-10-03 16:17:22,093 - root - INFO - test average_precision, 0.9313
2025-10-03 16:17:22,093 - root - INFO - best test average_precision: 0.9313
2025-10-03 16:17:22,093 - root - INFO - test roc_auc, 0.9313
2025-10-03 16:17:22,093 - root - INFO - new node test loss: 0.3571
2025-10-03 16:17:22,093 - root - INFO - new node test average_precision, 0.9252
2025-10-03 16:17:22,093 - root - INFO - new node test roc_auc, 0.9238
2025-10-03 16:17:22,093 - root - INFO - save model ./saved_models/TGAT/wikipedia/TGAT_kan_mammote_seed0/TGAT_kan_mammote_seed0.pkl
2025-10-03 16:23:46,252 - root - INFO - Epoch: 7, learning rate: 0.0001, train loss: 0.2595
2025-10-03 16:23:46,253 - root - INFO - train average_precision, 0.9606
2025-10-03 16:23:46,253 - root - INFO - train roc_auc, 0.9598
2025-10-03 16:23:46,253 - root - INFO - validate loss: 0.2900
2025-10-03 16:23:46,253 - root - INFO - validate average_precision, 0.9521
2025-10-03 16:23:46,253 - root - INFO - validate roc_auc, 0.9499
2025-10-03 16:23:46,253 - root - INFO - new node validate loss: 0.2924
2025-10-03 16:23:46,254 - root - INFO - new node validate average_precision, 0.9500
2025-10-03 16:23:46,254 - root - INFO - new node validate roc_auc, 0.9483
2025-10-03 16:24:36,818 - root - INFO - test loss: 0.3246
2025-10-03 16:24:36,819 - root - INFO - test average_precision, 0.9401
2025-10-03 16:24:36,819 - root - INFO - best test average_precision: 0.9401
2025-10-03 16:24:36,819 - root - INFO - test roc_auc, 0.9375
2025-10-03 16:24:36,819 - root - INFO - new node test loss: 0.3428
2025-10-03 16:24:36,819 - root - INFO - new node test average_precision, 0.9342
2025-10-03 16:24:36,819 - root - INFO - new node test roc_auc, 0.9303
2025-10-03 16:24:36,819 - root - INFO - save model ./saved_models/TGAT/wikipedia/TGAT_kan_mammote_seed0/TGAT_kan_mammote_seed0.pkl
2025-10-03 16:31:02,682 - root - INFO - Epoch: 8, learning rate: 0.0001, train loss: 0.2473
2025-10-03 16:31:02,683 - root - INFO - train average_precision, 0.9638
2025-10-03 16:31:02,683 - root - INFO - train roc_auc, 0.9630
2025-10-03 16:31:02,683 - root - INFO - validate loss: 0.2840
2025-10-03 16:31:02,683 - root - INFO - validate average_precision, 0.9550
2025-10-03 16:31:02,683 - root - INFO - validate roc_auc, 0.9519
2025-10-03 16:31:02,683 - root - INFO - new node validate loss: 0.2834
2025-10-03 16:31:02,683 - root - INFO - new node validate average_precision, 0.9539
2025-10-03 16:31:02,683 - root - INFO - new node validate roc_auc, 0.9513
2025-10-03 16:31:53,268 - root - INFO - test loss: 0.3158
2025-10-03 16:31:53,268 - root - INFO - test average_precision, 0.9444
2025-10-03 16:31:53,268 - root - INFO - best test average_precision: 0.9444
2025-10-03 16:31:53,269 - root - INFO - test roc_auc, 0.9405
2025-10-03 16:31:53,269 - root - INFO - new node test loss: 0.3319
2025-10-03 16:31:53,269 - root - INFO - new node test average_precision, 0.9382
2025-10-03 16:31:53,269 - root - INFO - new node test roc_auc, 0.9341
2025-10-03 16:31:53,269 - root - INFO - save model ./saved_models/TGAT/wikipedia/TGAT_kan_mammote_seed0/TGAT_kan_mammote_seed0.pkl
2025-10-03 16:38:17,994 - root - INFO - Epoch: 9, learning rate: 0.0001, train loss: 0.2384
2025-10-03 16:38:17,995 - root - INFO - train average_precision, 0.9667
2025-10-03 16:38:17,995 - root - INFO - train roc_auc, 0.9655
2025-10-03 16:38:17,995 - root - INFO - validate loss: 0.2785
2025-10-03 16:38:17,995 - root - INFO - validate average_precision, 0.9564
2025-10-03 16:38:17,995 - root - INFO - validate roc_auc, 0.9536
2025-10-03 16:38:17,995 - root - INFO - new node validate loss: 0.2792
2025-10-03 16:38:17,995 - root - INFO - new node validate average_precision, 0.9559
2025-10-03 16:38:17,995 - root - INFO - new node validate roc_auc, 0.9526
2025-10-03 16:39:08,521 - root - INFO - test loss: 0.3101
2025-10-03 16:39:08,521 - root - INFO - test average_precision, 0.9463
2025-10-03 16:39:08,522 - root - INFO - best test average_precision: 0.9463
2025-10-03 16:39:08,522 - root - INFO - test roc_auc, 0.9428
2025-10-03 16:39:08,522 - root - INFO - new node test loss: 0.3295
2025-10-03 16:39:08,522 - root - INFO - new node test average_precision, 0.9399
2025-10-03 16:39:08,522 - root - INFO - new node test roc_auc, 0.9359
2025-10-03 16:39:08,522 - root - INFO - save model ./saved_models/TGAT/wikipedia/TGAT_kan_mammote_seed0/TGAT_kan_mammote_seed0.pkl
2025-10-03 16:45:34,236 - root - INFO - Epoch: 10, learning rate: 0.0001, train loss: 0.2352
2025-10-03 16:45:34,237 - root - INFO - train average_precision, 0.9671
2025-10-03 16:45:34,237 - root - INFO - train roc_auc, 0.9662
2025-10-03 16:45:34,237 - root - INFO - validate loss: 0.2784
2025-10-03 16:45:34,237 - root - INFO - validate average_precision, 0.9556
2025-10-03 16:45:34,237 - root - INFO - validate roc_auc, 0.9539
2025-10-03 16:45:34,237 - root - INFO - new node validate loss: 0.2805
2025-10-03 16:45:34,238 - root - INFO - new node validate average_precision, 0.9551
2025-10-03 16:45:34,238 - root - INFO - new node validate roc_auc, 0.9526
2025-10-03 16:46:24,764 - root - INFO - test loss: 0.3103
2025-10-03 16:46:24,764 - root - INFO - test average_precision, 0.9452
2025-10-03 16:46:24,764 - root - INFO - best test average_precision: 0.9463
2025-10-03 16:46:24,764 - root - INFO - test roc_auc, 0.9430
2025-10-03 16:46:24,764 - root - INFO - new node test loss: 0.3314
2025-10-03 16:46:24,764 - root - INFO - new node test average_precision, 0.9376
2025-10-03 16:46:24,764 - root - INFO - new node test roc_auc, 0.9355
2025-10-03 16:46:24,764 - root - INFO - load model ./saved_models/TGAT/wikipedia/TGAT_kan_mammote_seed0/TGAT_kan_mammote_seed0.pkl
2025-10-03 16:46:24,792 - root - INFO - get final performance on dataset wikipedia...
2025-10-03 16:48:06,334 - root - INFO - validate loss: 0.2785
2025-10-03 16:48:06,335 - root - INFO - validate average_precision, 0.9564
2025-10-03 16:48:06,335 - root - INFO - validate roc_auc, 0.9536
2025-10-03 16:48:06,335 - root - INFO - new node validate loss: 0.2792
2025-10-03 16:48:06,335 - root - INFO - new node validate average_precision, 0.9559
2025-10-03 16:48:06,335 - root - INFO - new node validate roc_auc, 0.9526
2025-10-03 16:48:06,335 - root - INFO - test loss: 0.3101
2025-10-03 16:48:06,335 - root - INFO - test average_precision, 0.9463
2025-10-03 16:48:06,335 - root - INFO - test roc_auc, 0.9428
2025-10-03 16:48:06,335 - root - INFO - new node test loss: 0.3295
2025-10-03 16:48:06,335 - root - INFO - new node test average_precision, 0.9399
2025-10-03 16:48:06,335 - root - INFO - new node test roc_auc, 0.9359
2025-10-03 16:48:06,335 - root - INFO - Run 1 cost 4520.20 seconds.
2025-10-03 16:48:06,344 - root - INFO - metrics over 1 runs:
2025-10-03 16:48:06,344 - root - INFO - validate average_precision, [np.float64(0.9564121501136712)]
2025-10-03 16:48:06,344 - root - INFO - average validate average_precision, 0.9564 ± nan
2025-10-03 16:48:06,344 - root - INFO - validate roc_auc, [np.float64(0.9536042547971567)]
2025-10-03 16:48:06,344 - root - INFO - average validate roc_auc, 0.9536 ± nan
2025-10-03 16:48:06,344 - root - INFO - new node validate average_precision, [np.float64(0.955855674545267)]
2025-10-03 16:48:06,345 - root - INFO - average new node validate average_precision, 0.9559 ± nan
2025-10-03 16:48:06,345 - root - INFO - new node validate roc_auc, [np.float64(0.9526248975409836)]
2025-10-03 16:48:06,345 - root - INFO - average new node validate roc_auc, 0.9526 ± nan
2025-10-03 16:48:06,345 - root - INFO - test average_precision, [np.float64(0.9462747170281643)]
2025-10-03 16:48:06,345 - root - INFO - average test average_precision, 0.9463 ± nan
2025-10-03 16:48:06,345 - root - INFO - test roc_auc, [np.float64(0.9427566114541054)]
2025-10-03 16:48:06,345 - root - INFO - average test roc_auc, 0.9428 ± nan
2025-10-03 16:48:06,345 - root - INFO - new node test average_precision, [np.float64(0.9398957304592973)]
2025-10-03 16:48:06,345 - root - INFO - average new node test average_precision, 0.9399 ± nan
2025-10-03 16:48:06,346 - root - INFO - new node test roc_auc, [np.float64(0.9359408005190477)]
2025-10-03 16:48:06,346 - root - INFO - average new node test roc_auc, 0.9359 ± nan
