2025-10-06 04:10:17,226 - root - INFO - ********** Run 1 starts. **********
2025-10-06 04:10:17,226 - root - INFO - configuration is Namespace(dataset_name='wikipedia', batch_size=200, model_name='TGAT', gpu=0, num_neighbors=20, sample_neighbor_strategy='recent', time_scaling_factor=1e-06, num_walk_heads=8, num_heads=2, num_layers=2, walk_length=1, time_gap=2000, time_feat_dim=100, position_feat_dim=172, time_window_mode='fixed_proportion', time_encoder_type='kan_mammote', expert_dim=128, num_mixtures=16, sort_neighbors_by_time=False, patch_size=1, channel_embedding_dim=50, max_input_sequence_length=32, learning_rate=0.0001, dropout=0.1, gamma=0.5, num_epochs=1000, optimizer='Adam', weight_decay=0.0, patience=20, val_ratio=0.15, test_ratio=0.15, num_runs=1, test_interval_epochs=100, negative_sample_strategy='random', max_interaction_times=10, load_best_configs=True, data_ratio=1.0, save_model_name_suffix='', ablation_dir='', mamba_d_state=256, mamba_d_conv=4, mamba_expand=2, mamba_headdim=64, device='cuda:0', seed=0, save_model_name='TGAT_kan_mammote_seed0')
2025-10-06 04:10:17,229 - root - INFO - Metrics will be saved to: ./saved_metrics/TGAT/wikipedia/TGAT_kan_mammote_seed0
2025-10-06 04:10:17,238 - root - INFO - time encoder type: kan_mammote
2025-10-06 04:10:17,665 - root - INFO - model -> Sequential(
  (0): TGAT(
    (time_encoder): KAN_MAMMOTE(
      (k_mote): KMOTE(
        (experts): ModuleList(
          (0): SplineKANLayer(
            (input_projection): Linear(in_features=1, out_features=1, bias=True)
            (global_branch): Sequential(
              (0): Linear(in_features=1, out_features=32, bias=True)
              (1): GELU(approximate='none')
              (2): Linear(in_features=32, out_features=128, bias=True)
            )
          )
          (1): FourierKANLayer()
          (2): WaveletKANLayer(
            (linear): Linear(in_features=16, out_features=128, bias=True)
          )
          (3): SplineKANLayer(
            (input_projection): Linear(in_features=1, out_features=1, bias=True)
            (global_branch): Sequential(
              (0): Linear(in_features=1, out_features=32, bias=True)
              (1): GELU(approximate='none')
              (2): Linear(in_features=32, out_features=128, bias=True)
            )
            (local_linear): Linear(in_features=8, out_features=128, bias=True)
          )
        )
        (gating_network): Sequential(
          (0): Linear(in_features=1, out_features=64, bias=True)
          (1): GELU(approximate='none')
          (2): Linear(in_features=64, out_features=4, bias=True)
        )
        (layer_norm): LayerNorm((128,), eps=1e-05, elementwise_affine=True)
      )
      (sm_kernel): SMKernelLayer(
        (kernel): SpectralMixtureKernel(
          (raw_mixture_scales_constraint): Positive()
          (raw_mixture_means_constraint): Positive()
          (raw_mixture_weights_constraint): Positive()
        )
        (layer_norm): LayerNorm((16,), eps=1e-05, elementwise_affine=True)
      )
      (mamba2): ControllableMamba2(
        (in_proj): Linear(in_features=128, out_features=1040, bias=False)
        (conv1d): Conv1d(768, 768, kernel_size=(4,), stride=(1,), padding=(3,), groups=768)
        (act): SiLU()
        (norm): RMSNorm()
        (out_proj): Linear(in_features=256, out_features=128, bias=False)
      )
      (fusion_mlp): Sequential(
        (0): Linear(in_features=16, out_features=128, bias=True)
        (1): LayerNorm((128,), eps=1e-05, elementwise_affine=True)
        (2): GELU(approximate='none')
        (3): Linear(in_features=128, out_features=32, bias=True)
      )
      (output_projection): Sequential(
        (0): Linear(in_features=128, out_features=100, bias=True)
        (1): LayerNorm((100,), eps=1e-05, elementwise_affine=True)
      )
    )
    (temporal_conv_layers): ModuleList(
      (0-1): 2 x MultiHeadAttention(
        (query_projection): Linear(in_features=272, out_features=272, bias=False)
        (key_projection): Linear(in_features=444, out_features=272, bias=False)
        (value_projection): Linear(in_features=444, out_features=272, bias=False)
        (layer_norm): LayerNorm((272,), eps=1e-05, elementwise_affine=True)
        (residual_fc): Linear(in_features=272, out_features=272, bias=True)
        (dropout): Dropout(p=0.1, inplace=False)
      )
    )
    (merge_layers): ModuleList(
      (0-1): 2 x MergeLayer(
        (fc1): Linear(in_features=444, out_features=172, bias=True)
        (fc2): Linear(in_features=172, out_features=172, bias=True)
        (act): ReLU()
      )
    )
  )
  (1): MergeLayer(
    (fc1): Linear(in_features=344, out_features=172, bias=True)
    (fc2): Linear(in_features=172, out_features=1, bias=True)
    (act): ReLU()
  )
)
2025-10-06 04:10:17,666 - root - INFO - model name: TGAT, #parameters: 5051316 B, 4932.92578125 KB, 4.817310333251953 MB.
2025-10-06 04:18:43,003 - root - INFO - Epoch: 1, learning rate: 0.0001, train loss: 0.5152
2025-10-06 04:18:43,003 - root - INFO - train average_precision, 0.7845
2025-10-06 04:18:43,004 - root - INFO - train roc_auc, 0.8181
2025-10-06 04:18:43,004 - root - INFO - validate loss: 0.5032
2025-10-06 04:18:43,004 - root - INFO - validate average_precision, 0.8241
2025-10-06 04:18:43,004 - root - INFO - validate roc_auc, 0.8356
2025-10-06 04:18:43,004 - root - INFO - new node validate loss: 0.4899
2025-10-06 04:18:43,004 - root - INFO - new node validate average_precision, 0.8395
2025-10-06 04:18:43,004 - root - INFO - new node validate roc_auc, 0.8470
2025-10-06 04:18:43,014 - root - INFO - save model ./saved_models/TGAT/wikipedia/TGAT_kan_mammote_seed0/TGAT_kan_mammote_seed0.pkl
2025-10-06 04:26:51,000 - root - INFO - Epoch: 2, learning rate: 0.0001, train loss: 0.4264
2025-10-06 04:26:51,001 - root - INFO - train average_precision, 0.8688
2025-10-06 04:26:51,001 - root - INFO - train roc_auc, 0.8827
2025-10-06 04:26:51,001 - root - INFO - validate loss: 0.4783
2025-10-06 04:26:51,001 - root - INFO - validate average_precision, 0.8436
2025-10-06 04:26:51,001 - root - INFO - validate roc_auc, 0.8512
2025-10-06 04:26:51,001 - root - INFO - new node validate loss: 0.4602
2025-10-06 04:26:51,001 - root - INFO - new node validate average_precision, 0.8562
2025-10-06 04:26:51,001 - root - INFO - new node validate roc_auc, 0.8627
2025-10-06 04:26:51,009 - root - INFO - save model ./saved_models/TGAT/wikipedia/TGAT_kan_mammote_seed0/TGAT_kan_mammote_seed0.pkl
2025-10-06 04:34:59,831 - root - INFO - Epoch: 3, learning rate: 0.0001, train loss: 0.3721
2025-10-06 04:34:59,832 - root - INFO - train average_precision, 0.9100
2025-10-06 04:34:59,832 - root - INFO - train roc_auc, 0.9152
2025-10-06 04:34:59,832 - root - INFO - validate loss: 0.3868
2025-10-06 04:34:59,832 - root - INFO - validate average_precision, 0.9098
2025-10-06 04:34:59,832 - root - INFO - validate roc_auc, 0.9093
2025-10-06 04:34:59,832 - root - INFO - new node validate loss: 0.3824
2025-10-06 04:34:59,832 - root - INFO - new node validate average_precision, 0.9103
2025-10-06 04:34:59,832 - root - INFO - new node validate roc_auc, 0.9101
2025-10-06 04:34:59,840 - root - INFO - save model ./saved_models/TGAT/wikipedia/TGAT_kan_mammote_seed0/TGAT_kan_mammote_seed0.pkl
2025-10-06 04:43:08,827 - root - INFO - Epoch: 4, learning rate: 0.0001, train loss: 0.3271
2025-10-06 04:43:08,827 - root - INFO - train average_precision, 0.9342
2025-10-06 04:43:08,827 - root - INFO - train roc_auc, 0.9355
2025-10-06 04:43:08,827 - root - INFO - validate loss: 0.3701
2025-10-06 04:43:08,828 - root - INFO - validate average_precision, 0.9156
2025-10-06 04:43:08,828 - root - INFO - validate roc_auc, 0.9165
2025-10-06 04:43:08,828 - root - INFO - new node validate loss: 0.3668
2025-10-06 04:43:08,828 - root - INFO - new node validate average_precision, 0.9162
2025-10-06 04:43:08,828 - root - INFO - new node validate roc_auc, 0.9171
2025-10-06 04:43:08,834 - root - INFO - save model ./saved_models/TGAT/wikipedia/TGAT_kan_mammote_seed0/TGAT_kan_mammote_seed0.pkl
2025-10-06 04:51:18,011 - root - INFO - Epoch: 5, learning rate: 0.0001, train loss: 0.3132
2025-10-06 04:51:18,012 - root - INFO - train average_precision, 0.9381
2025-10-06 04:51:18,012 - root - INFO - train roc_auc, 0.9403
2025-10-06 04:51:18,012 - root - INFO - validate loss: 0.3613
2025-10-06 04:51:18,012 - root - INFO - validate average_precision, 0.9175
2025-10-06 04:51:18,012 - root - INFO - validate roc_auc, 0.9193
2025-10-06 04:51:18,012 - root - INFO - new node validate loss: 0.3556
2025-10-06 04:51:18,012 - root - INFO - new node validate average_precision, 0.9187
2025-10-06 04:51:18,012 - root - INFO - new node validate roc_auc, 0.9213
2025-10-06 04:51:18,018 - root - INFO - save model ./saved_models/TGAT/wikipedia/TGAT_kan_mammote_seed0/TGAT_kan_mammote_seed0.pkl
2025-10-06 04:59:27,516 - root - INFO - Epoch: 6, learning rate: 0.0001, train loss: 0.3038
2025-10-06 04:59:27,517 - root - INFO - train average_precision, 0.9424
2025-10-06 04:59:27,517 - root - INFO - train roc_auc, 0.9439
2025-10-06 04:59:27,517 - root - INFO - validate loss: 0.3531
2025-10-06 04:59:27,517 - root - INFO - validate average_precision, 0.9230
2025-10-06 04:59:27,517 - root - INFO - validate roc_auc, 0.9233
2025-10-06 04:59:27,517 - root - INFO - new node validate loss: 0.3457
2025-10-06 04:59:27,517 - root - INFO - new node validate average_precision, 0.9255
2025-10-06 04:59:27,517 - root - INFO - new node validate roc_auc, 0.9254
2025-10-06 04:59:27,523 - root - INFO - save model ./saved_models/TGAT/wikipedia/TGAT_kan_mammote_seed0/TGAT_kan_mammote_seed0.pkl
2025-10-06 05:07:35,962 - root - INFO - Epoch: 7, learning rate: 0.0001, train loss: 0.2978
2025-10-06 05:07:35,962 - root - INFO - train average_precision, 0.9443
2025-10-06 05:07:35,963 - root - INFO - train roc_auc, 0.9459
2025-10-06 05:07:35,963 - root - INFO - validate loss: 0.3472
2025-10-06 05:07:35,963 - root - INFO - validate average_precision, 0.9253
2025-10-06 05:07:35,963 - root - INFO - validate roc_auc, 0.9258
2025-10-06 05:07:35,963 - root - INFO - new node validate loss: 0.3439
2025-10-06 05:07:35,963 - root - INFO - new node validate average_precision, 0.9276
2025-10-06 05:07:35,963 - root - INFO - new node validate roc_auc, 0.9276
2025-10-06 05:07:35,968 - root - INFO - save model ./saved_models/TGAT/wikipedia/TGAT_kan_mammote_seed0/TGAT_kan_mammote_seed0.pkl
2025-10-06 05:15:45,133 - root - INFO - Epoch: 8, learning rate: 0.0001, train loss: 0.2900
2025-10-06 05:15:45,133 - root - INFO - train average_precision, 0.9467
2025-10-06 05:15:45,133 - root - INFO - train roc_auc, 0.9484
2025-10-06 05:15:45,134 - root - INFO - validate loss: 0.3436
2025-10-06 05:15:45,134 - root - INFO - validate average_precision, 0.9257
2025-10-06 05:15:45,134 - root - INFO - validate roc_auc, 0.9269
2025-10-06 05:15:45,134 - root - INFO - new node validate loss: 0.3428
2025-10-06 05:15:45,134 - root - INFO - new node validate average_precision, 0.9240
2025-10-06 05:15:45,134 - root - INFO - new node validate roc_auc, 0.9258
2025-10-06 05:15:45,137 - root - INFO - save model ./saved_models/TGAT/wikipedia/TGAT_kan_mammote_seed0/TGAT_kan_mammote_seed0.pkl
