2025-10-02 23:04:49,433 - root - INFO - ********** Run 1 starts. **********
2025-10-02 23:04:49,433 - root - INFO - configuration is Namespace(dataset_name='wikipedia', batch_size=200, model_name='TGAT', gpu=0, num_neighbors=20, sample_neighbor_strategy='recent', time_scaling_factor=1e-06, num_walk_heads=8, num_heads=2, num_layers=2, walk_length=1, time_gap=2000, time_feat_dim=128, position_feat_dim=172, time_window_mode='fixed_proportion', time_encoder_type='kan_mammote', expert_dim=64, num_mixtures=4, patch_size=1, channel_embedding_dim=50, max_input_sequence_length=32, learning_rate=0.0001, dropout=0.1, gamma=0.5, num_epochs=10, optimizer='Adam', weight_decay=0.0, patience=20, val_ratio=0.15, test_ratio=0.15, num_runs=1, test_interval_epochs=1, negative_sample_strategy='random', max_interaction_times=10, load_best_configs=True, device='cuda:0', seed=0, save_model_name='TGAT_kan_mammote_seed0')
2025-10-02 23:04:49,444 - root - INFO - time encoder type: kan_mammote
2025-10-02 23:04:49,809 - root - INFO - model -> Sequential(
  (0): TGAT(
    (time_encoder): KAN_MAMMOTE(
      (k_mote): KMOTE(
        (experts): ModuleList(
          (0): SplineKANLayer(
            (input_projection): Linear(in_features=1, out_features=1, bias=True)
            (global_branch): Sequential(
              (0): Linear(in_features=1, out_features=32, bias=True)
              (1): GELU(approximate='none')
              (2): Linear(in_features=32, out_features=128, bias=True)
            )
          )
          (1): FourierKANLayer()
          (2): WaveletKANLayer(
            (linear): Linear(in_features=16, out_features=128, bias=True)
          )
          (3): SplineKANLayer(
            (input_projection): Linear(in_features=1, out_features=1, bias=True)
            (global_branch): Sequential(
              (0): Linear(in_features=1, out_features=32, bias=True)
              (1): GELU(approximate='none')
              (2): Linear(in_features=32, out_features=128, bias=True)
            )
            (local_linear): Linear(in_features=8, out_features=128, bias=True)
          )
        )
        (gating_network): Sequential(
          (0): Linear(in_features=1, out_features=64, bias=True)
          (1): GELU(approximate='none')
          (2): Linear(in_features=64, out_features=4, bias=True)
        )
        (layer_norm): LayerNorm((128,), eps=1e-05, elementwise_affine=True)
      )
      (sm_kernel): SMKernelLayer(
        (kernel): SpectralMixtureKernel(
          (raw_mixture_scales_constraint): Positive()
          (raw_mixture_means_constraint): Positive()
          (raw_mixture_weights_constraint): Positive()
        )
        (layer_norm): LayerNorm((4,), eps=1e-05, elementwise_affine=True)
      )
      (mamba2): ControllableMamba2(
        (in_proj): Linear(in_features=128, out_features=592, bias=False)
        (conv1d): Conv1d(320, 320, kernel_size=(4,), stride=(1,), padding=(3,), groups=320)
        (act): SiLU()
        (norm): RMSNorm()
        (out_proj): Linear(in_features=256, out_features=128, bias=False)
      )
      (fusion_mlp): Sequential(
        (0): Linear(in_features=4, out_features=128, bias=True)
        (1): GELU(approximate='none')
        (2): Linear(in_features=128, out_features=32, bias=True)
      )
    )
    (temporal_conv_layers): ModuleList(
      (0-1): 2 x MultiHeadAttention(
        (query_projection): Linear(in_features=300, out_features=300, bias=False)
        (key_projection): Linear(in_features=472, out_features=300, bias=False)
        (value_projection): Linear(in_features=472, out_features=300, bias=False)
        (layer_norm): LayerNorm((300,), eps=1e-05, elementwise_affine=True)
        (residual_fc): Linear(in_features=300, out_features=300, bias=True)
        (dropout): Dropout(p=0.1, inplace=False)
      )
    )
    (merge_layers): ModuleList(
      (0-1): 2 x MergeLayer(
        (fc1): Linear(in_features=472, out_features=172, bias=True)
        (fc2): Linear(in_features=172, out_features=172, bias=True)
        (act): ReLU()
      )
    )
  )
  (1): MergeLayer(
    (fc1): Linear(in_features=344, out_features=172, bias=True)
    (fc2): Linear(in_features=172, out_features=1, bias=True)
    (act): ReLU()
  )
)
2025-10-02 23:04:49,810 - root - INFO - model name: TGAT, #parameters: 5381940 B, 5255.80078125 KB, 5.132617950439453 MB.
2025-10-02 23:10:21,553 - root - INFO - Epoch: 1, learning rate: 0.0001, train loss: 0.5003
2025-10-02 23:10:21,554 - root - INFO - train average_precision, 0.8063
2025-10-02 23:10:21,554 - root - INFO - train roc_auc, 0.8345
2025-10-02 23:10:21,554 - root - INFO - validate loss: 0.4928
2025-10-02 23:10:21,554 - root - INFO - validate average_precision, 0.8345
2025-10-02 23:10:21,554 - root - INFO - validate roc_auc, 0.8451
2025-10-02 23:10:21,555 - root - INFO - new node validate loss: 0.4792
2025-10-02 23:10:21,555 - root - INFO - new node validate average_precision, 0.8485
2025-10-02 23:10:21,555 - root - INFO - new node validate roc_auc, 0.8561
2025-10-02 23:11:05,928 - root - INFO - test loss: 0.5192
2025-10-02 23:11:05,928 - root - INFO - test average_precision, 0.8145
2025-10-02 23:11:05,928 - root - INFO - best test average_precision: 0.8145
2025-10-02 23:11:05,928 - root - INFO - test roc_auc, 0.8237
2025-10-02 23:11:05,928 - root - INFO - new node test loss: 0.5240
2025-10-02 23:11:05,928 - root - INFO - new node test average_precision, 0.8121
2025-10-02 23:11:05,929 - root - INFO - new node test roc_auc, 0.8192
2025-10-02 23:11:05,929 - root - INFO - save model ./saved_models/TGAT/wikipedia/TGAT_kan_mammote_seed0/TGAT_kan_mammote_seed0.pkl
2025-10-02 23:16:22,543 - root - INFO - Epoch: 2, learning rate: 0.0001, train loss: 0.3926
2025-10-02 23:16:22,543 - root - INFO - train average_precision, 0.8964
2025-10-02 23:16:22,544 - root - INFO - train roc_auc, 0.9043
2025-10-02 23:16:22,544 - root - INFO - validate loss: 0.3909
2025-10-02 23:16:22,544 - root - INFO - validate average_precision, 0.9105
2025-10-02 23:16:22,544 - root - INFO - validate roc_auc, 0.9089
2025-10-02 23:16:22,544 - root - INFO - new node validate loss: 0.3914
2025-10-02 23:16:22,544 - root - INFO - new node validate average_precision, 0.9070
2025-10-02 23:16:22,544 - root - INFO - new node validate roc_auc, 0.9072
2025-10-02 23:17:06,873 - root - INFO - test loss: 0.4221
2025-10-02 23:17:06,874 - root - INFO - test average_precision, 0.8909
2025-10-02 23:17:06,874 - root - INFO - best test average_precision: 0.8909
2025-10-02 23:17:06,874 - root - INFO - test roc_auc, 0.8912
2025-10-02 23:17:06,874 - root - INFO - new node test loss: 0.4272
2025-10-02 23:17:06,874 - root - INFO - new node test average_precision, 0.8888
2025-10-02 23:17:06,874 - root - INFO - new node test roc_auc, 0.8868
2025-10-02 23:17:06,874 - root - INFO - save model ./saved_models/TGAT/wikipedia/TGAT_kan_mammote_seed0/TGAT_kan_mammote_seed0.pkl
2025-10-02 23:22:23,075 - root - INFO - Epoch: 3, learning rate: 0.0001, train loss: 0.3295
2025-10-02 23:22:23,078 - root - INFO - train average_precision, 0.9331
2025-10-02 23:22:23,078 - root - INFO - train roc_auc, 0.9349
2025-10-02 23:22:23,078 - root - INFO - validate loss: 0.3632
2025-10-02 23:22:23,078 - root - INFO - validate average_precision, 0.9208
2025-10-02 23:22:23,078 - root - INFO - validate roc_auc, 0.9201
2025-10-02 23:22:23,078 - root - INFO - new node validate loss: 0.3593
2025-10-02 23:22:23,078 - root - INFO - new node validate average_precision, 0.9210
2025-10-02 23:22:23,078 - root - INFO - new node validate roc_auc, 0.9209
2025-10-02 23:23:07,281 - root - INFO - test loss: 0.3970
2025-10-02 23:23:07,281 - root - INFO - test average_precision, 0.9054
2025-10-02 23:23:07,281 - root - INFO - best test average_precision: 0.9054
2025-10-02 23:23:07,281 - root - INFO - test roc_auc, 0.9039
2025-10-02 23:23:07,281 - root - INFO - new node test loss: 0.4007
2025-10-02 23:23:07,281 - root - INFO - new node test average_precision, 0.9035
2025-10-02 23:23:07,281 - root - INFO - new node test roc_auc, 0.9012
2025-10-02 23:23:07,282 - root - INFO - save model ./saved_models/TGAT/wikipedia/TGAT_kan_mammote_seed0/TGAT_kan_mammote_seed0.pkl
2025-10-02 23:28:23,827 - root - INFO - Epoch: 4, learning rate: 0.0001, train loss: 0.3121
2025-10-02 23:28:23,828 - root - INFO - train average_precision, 0.9404
2025-10-02 23:28:23,828 - root - INFO - train roc_auc, 0.9415
2025-10-02 23:28:23,828 - root - INFO - validate loss: 0.3537
2025-10-02 23:28:23,828 - root - INFO - validate average_precision, 0.9241
2025-10-02 23:28:23,828 - root - INFO - validate roc_auc, 0.9235
2025-10-02 23:28:23,828 - root - INFO - new node validate loss: 0.3534
2025-10-02 23:28:23,828 - root - INFO - new node validate average_precision, 0.9216
2025-10-02 23:28:23,828 - root - INFO - new node validate roc_auc, 0.9221
2025-10-02 23:29:08,132 - root - INFO - test loss: 0.3882
2025-10-02 23:29:08,133 - root - INFO - test average_precision, 0.9072
2025-10-02 23:29:08,133 - root - INFO - best test average_precision: 0.9072
2025-10-02 23:29:08,133 - root - INFO - test roc_auc, 0.9073
2025-10-02 23:29:08,133 - root - INFO - new node test loss: 0.3934
2025-10-02 23:29:08,133 - root - INFO - new node test average_precision, 0.9059
2025-10-02 23:29:08,133 - root - INFO - new node test roc_auc, 0.9046
2025-10-02 23:29:08,133 - root - INFO - save model ./saved_models/TGAT/wikipedia/TGAT_kan_mammote_seed0/TGAT_kan_mammote_seed0.pkl
2025-10-02 23:34:24,570 - root - INFO - Epoch: 5, learning rate: 0.0001, train loss: 0.3086
2025-10-02 23:34:24,571 - root - INFO - train average_precision, 0.9409
2025-10-02 23:34:24,571 - root - INFO - train roc_auc, 0.9428
2025-10-02 23:34:24,571 - root - INFO - validate loss: 0.3520
2025-10-02 23:34:24,571 - root - INFO - validate average_precision, 0.9242
2025-10-02 23:34:24,572 - root - INFO - validate roc_auc, 0.9240
2025-10-02 23:34:24,572 - root - INFO - new node validate loss: 0.3500
2025-10-02 23:34:24,572 - root - INFO - new node validate average_precision, 0.9233
2025-10-02 23:34:24,572 - root - INFO - new node validate roc_auc, 0.9241
2025-10-02 23:35:08,934 - root - INFO - test loss: 0.3830
2025-10-02 23:35:08,935 - root - INFO - test average_precision, 0.9093
2025-10-02 23:35:08,935 - root - INFO - best test average_precision: 0.9093
2025-10-02 23:35:08,935 - root - INFO - test roc_auc, 0.9096
2025-10-02 23:35:08,935 - root - INFO - new node test loss: 0.3917
2025-10-02 23:35:08,935 - root - INFO - new node test average_precision, 0.9060
2025-10-02 23:35:08,935 - root - INFO - new node test roc_auc, 0.9046
2025-10-02 23:35:08,935 - root - INFO - save model ./saved_models/TGAT/wikipedia/TGAT_kan_mammote_seed0/TGAT_kan_mammote_seed0.pkl
2025-10-02 23:40:25,943 - root - INFO - Epoch: 6, learning rate: 0.0001, train loss: 0.2922
2025-10-02 23:40:25,944 - root - INFO - train average_precision, 0.9472
2025-10-02 23:40:25,944 - root - INFO - train roc_auc, 0.9484
2025-10-02 23:40:25,944 - root - INFO - validate loss: 0.3428
2025-10-02 23:40:25,944 - root - INFO - validate average_precision, 0.9279
2025-10-02 23:40:25,944 - root - INFO - validate roc_auc, 0.9282
2025-10-02 23:40:25,944 - root - INFO - new node validate loss: 0.3382
2025-10-02 23:40:25,944 - root - INFO - new node validate average_precision, 0.9282
2025-10-02 23:40:25,944 - root - INFO - new node validate roc_auc, 0.9292
2025-10-02 23:41:10,202 - root - INFO - test loss: 0.3740
2025-10-02 23:41:10,202 - root - INFO - test average_precision, 0.9138
2025-10-02 23:41:10,202 - root - INFO - best test average_precision: 0.9138
2025-10-02 23:41:10,202 - root - INFO - test roc_auc, 0.9144
2025-10-02 23:41:10,202 - root - INFO - new node test loss: 0.3861
2025-10-02 23:41:10,202 - root - INFO - new node test average_precision, 0.9090
2025-10-02 23:41:10,202 - root - INFO - new node test roc_auc, 0.9081
2025-10-02 23:41:10,203 - root - INFO - save model ./saved_models/TGAT/wikipedia/TGAT_kan_mammote_seed0/TGAT_kan_mammote_seed0.pkl
2025-10-02 23:46:26,104 - root - INFO - Epoch: 7, learning rate: 0.0001, train loss: 0.2812
2025-10-02 23:46:26,105 - root - INFO - train average_precision, 0.9510
2025-10-02 23:46:26,105 - root - INFO - train roc_auc, 0.9521
2025-10-02 23:46:26,105 - root - INFO - validate loss: 0.3247
2025-10-02 23:46:26,105 - root - INFO - validate average_precision, 0.9368
2025-10-02 23:46:26,105 - root - INFO - validate roc_auc, 0.9371
2025-10-02 23:46:26,106 - root - INFO - new node validate loss: 0.3249
2025-10-02 23:46:26,106 - root - INFO - new node validate average_precision, 0.9370
2025-10-02 23:46:26,106 - root - INFO - new node validate roc_auc, 0.9368
2025-10-02 23:47:10,346 - root - INFO - test loss: 0.3614
2025-10-02 23:47:10,347 - root - INFO - test average_precision, 0.9206
2025-10-02 23:47:10,347 - root - INFO - best test average_precision: 0.9206
2025-10-02 23:47:10,347 - root - INFO - test roc_auc, 0.9213
2025-10-02 23:47:10,347 - root - INFO - new node test loss: 0.3749
2025-10-02 23:47:10,347 - root - INFO - new node test average_precision, 0.9173
2025-10-02 23:47:10,347 - root - INFO - new node test roc_auc, 0.9152
2025-10-02 23:47:10,347 - root - INFO - save model ./saved_models/TGAT/wikipedia/TGAT_kan_mammote_seed0/TGAT_kan_mammote_seed0.pkl
2025-10-02 23:52:26,235 - root - INFO - Epoch: 8, learning rate: 0.0001, train loss: 0.2683
2025-10-02 23:52:26,235 - root - INFO - train average_precision, 0.9554
2025-10-02 23:52:26,236 - root - INFO - train roc_auc, 0.9563
2025-10-02 23:52:26,236 - root - INFO - validate loss: 0.3099
2025-10-02 23:52:26,236 - root - INFO - validate average_precision, 0.9425
2025-10-02 23:52:26,236 - root - INFO - validate roc_auc, 0.9416
2025-10-02 23:52:26,236 - root - INFO - new node validate loss: 0.3048
2025-10-02 23:52:26,236 - root - INFO - new node validate average_precision, 0.9445
2025-10-02 23:52:26,236 - root - INFO - new node validate roc_auc, 0.9430
2025-10-02 23:53:10,464 - root - INFO - test loss: 0.3440
2025-10-02 23:53:10,464 - root - INFO - test average_precision, 0.9296
2025-10-02 23:53:10,464 - root - INFO - best test average_precision: 0.9296
2025-10-02 23:53:10,464 - root - INFO - test roc_auc, 0.9282
2025-10-02 23:53:10,464 - root - INFO - new node test loss: 0.3548
2025-10-02 23:53:10,464 - root - INFO - new node test average_precision, 0.9266
2025-10-02 23:53:10,464 - root - INFO - new node test roc_auc, 0.9228
2025-10-02 23:53:10,465 - root - INFO - save model ./saved_models/TGAT/wikipedia/TGAT_kan_mammote_seed0/TGAT_kan_mammote_seed0.pkl
2025-10-02 23:58:26,538 - root - INFO - Epoch: 9, learning rate: 0.0001, train loss: 0.2549
2025-10-02 23:58:26,539 - root - INFO - train average_precision, 0.9613
2025-10-02 23:58:26,539 - root - INFO - train roc_auc, 0.9609
2025-10-02 23:58:26,539 - root - INFO - validate loss: 0.3062
2025-10-02 23:58:26,539 - root - INFO - validate average_precision, 0.9466
2025-10-02 23:58:26,539 - root - INFO - validate roc_auc, 0.9457
2025-10-02 23:58:26,539 - root - INFO - new node validate loss: 0.3052
2025-10-02 23:58:26,539 - root - INFO - new node validate average_precision, 0.9474
2025-10-02 23:58:26,539 - root - INFO - new node validate roc_auc, 0.9456
2025-10-02 23:59:10,742 - root - INFO - test loss: 0.3426
2025-10-02 23:59:10,742 - root - INFO - test average_precision, 0.9336
2025-10-02 23:59:10,742 - root - INFO - best test average_precision: 0.9336
2025-10-02 23:59:10,742 - root - INFO - test roc_auc, 0.9327
2025-10-02 23:59:10,742 - root - INFO - new node test loss: 0.3615
2025-10-02 23:59:10,742 - root - INFO - new node test average_precision, 0.9284
2025-10-02 23:59:10,742 - root - INFO - new node test roc_auc, 0.9255
2025-10-02 23:59:10,742 - root - INFO - save model ./saved_models/TGAT/wikipedia/TGAT_kan_mammote_seed0/TGAT_kan_mammote_seed0.pkl
2025-10-03 00:04:27,159 - root - INFO - Epoch: 10, learning rate: 0.0001, train loss: 0.2472
2025-10-03 00:04:27,160 - root - INFO - train average_precision, 0.9630
2025-10-03 00:04:27,160 - root - INFO - train roc_auc, 0.9629
2025-10-03 00:04:27,160 - root - INFO - validate loss: 0.2951
2025-10-03 00:04:27,160 - root - INFO - validate average_precision, 0.9491
2025-10-03 00:04:27,160 - root - INFO - validate roc_auc, 0.9480
2025-10-03 00:04:27,160 - root - INFO - new node validate loss: 0.2936
2025-10-03 00:04:27,160 - root - INFO - new node validate average_precision, 0.9494
2025-10-03 00:04:27,160 - root - INFO - new node validate roc_auc, 0.9482
2025-10-03 00:05:11,465 - root - INFO - test loss: 0.3318
2025-10-03 00:05:11,465 - root - INFO - test average_precision, 0.9360
2025-10-03 00:05:11,465 - root - INFO - best test average_precision: 0.9360
2025-10-03 00:05:11,465 - root - INFO - test roc_auc, 0.9346
2025-10-03 00:05:11,466 - root - INFO - new node test loss: 0.3505
2025-10-03 00:05:11,466 - root - INFO - new node test average_precision, 0.9299
2025-10-03 00:05:11,466 - root - INFO - new node test roc_auc, 0.9269
2025-10-03 00:05:11,466 - root - INFO - save model ./saved_models/TGAT/wikipedia/TGAT_kan_mammote_seed0/TGAT_kan_mammote_seed0.pkl
2025-10-03 00:05:11,523 - root - INFO - load model ./saved_models/TGAT/wikipedia/TGAT_kan_mammote_seed0/TGAT_kan_mammote_seed0.pkl
2025-10-03 00:05:11,547 - root - INFO - get final performance on dataset wikipedia...
2025-10-03 00:06:40,505 - root - INFO - validate loss: 0.2951
2025-10-03 00:06:40,505 - root - INFO - validate average_precision, 0.9491
2025-10-03 00:06:40,505 - root - INFO - validate roc_auc, 0.9480
2025-10-03 00:06:40,505 - root - INFO - new node validate loss: 0.2936
2025-10-03 00:06:40,505 - root - INFO - new node validate average_precision, 0.9494
2025-10-03 00:06:40,505 - root - INFO - new node validate roc_auc, 0.9482
2025-10-03 00:06:40,505 - root - INFO - test loss: 0.3318
2025-10-03 00:06:40,506 - root - INFO - test average_precision, 0.9360
2025-10-03 00:06:40,506 - root - INFO - test roc_auc, 0.9346
2025-10-03 00:06:40,506 - root - INFO - new node test loss: 0.3505
2025-10-03 00:06:40,506 - root - INFO - new node test average_precision, 0.9299
2025-10-03 00:06:40,506 - root - INFO - new node test roc_auc, 0.9269
2025-10-03 00:06:40,506 - root - INFO - Run 1 cost 3711.07 seconds.
2025-10-03 00:06:40,517 - root - INFO - metrics over 1 runs:
2025-10-03 00:06:40,517 - root - INFO - validate average_precision, [np.float64(0.9490802238877649)]
2025-10-03 00:06:40,517 - root - INFO - average validate average_precision, 0.9491 ± nan
2025-10-03 00:06:40,517 - root - INFO - validate roc_auc, [np.float64(0.9480021446673907)]
2025-10-03 00:06:40,517 - root - INFO - average validate roc_auc, 0.9480 ± nan
2025-10-03 00:06:40,517 - root - INFO - new node validate average_precision, [np.float64(0.9493922297143343)]
2025-10-03 00:06:40,518 - root - INFO - average new node validate average_precision, 0.9494 ± nan
2025-10-03 00:06:40,518 - root - INFO - new node validate roc_auc, [np.float64(0.9481675204918033)]
2025-10-03 00:06:40,518 - root - INFO - average new node validate roc_auc, 0.9482 ± nan
2025-10-03 00:06:40,518 - root - INFO - test average_precision, [np.float64(0.9360191500373549)]
2025-10-03 00:06:40,518 - root - INFO - average test average_precision, 0.9360 ± nan
2025-10-03 00:06:40,518 - root - INFO - test roc_auc, [np.float64(0.9345932877913069)]
2025-10-03 00:06:40,518 - root - INFO - average test roc_auc, 0.9346 ± nan
2025-10-03 00:06:40,519 - root - INFO - new node test average_precision, [np.float64(0.9298842471806362)]
2025-10-03 00:06:40,519 - root - INFO - average new node test average_precision, 0.9299 ± nan
2025-10-03 00:06:40,519 - root - INFO - new node test roc_auc, [np.float64(0.9269425202652911)]
2025-10-03 00:06:40,519 - root - INFO - average new node test roc_auc, 0.9269 ± nan
